[1;36mstep: [0mFinished lexing. Start parsing.
[1;36mdebug: [0mparser: after parse_type, vt.base=4, token.type=32
[1;36mdebug: [0mparser: after parse_type, vt.base=4, token.type=32
[1;36mdebug: [0mparser: after parse_type, vt.base=0, token.type=32
[1;36mdebug: [0mparser: after parse_type, vt.base=0, token.type=32
[1;36mdebug: [0mparser: after parse_type, vt.base=0, token.type=32
[1;36mdebug: [0mparser: after parse_type, vt.base=0, token.type=32
[1;36mdebug: [0mparser: after parse_type, vt.base=0, token.type=32
[1;36mdebug: [0mparser: after parse_type, vt.base=0, token.type=32
[1;36mdebug: [0mparser: after parse_type, vt.base=0, token.type=32
[1;36mdebug: [0mparser: after parse_type, vt.base=0, token.type=32
[1;36mdebug: [0mparser: after parse_type, vt.base=0, token.type=32
[1;36mdebug: [0mparser: after parse_type, vt.base=0, token.type=32
[1;36mdebug: [0mparser: after parse_type, vt.base=0, token.type=32
[1;36mdebug: [0mparser: after parse_type, vt.base=0, token.type=32
[1;36mdebug: [0mparser: after parse_type, vt.base=16, token.type=32
[1;36mdebug: [0mparser: after parse_type, vt.base=16, token.type=32
[1;36mdebug: [0mparser: after parse_type, vt.base=16, token.type=32
[1;36mdebug: [0mparser: after parse_type, vt.base=16, token.type=32
[1;36mdebug: [0mparser: after parse_type, vt.base=0, token.type=32
[1;36mdebug: [0mparser: after parse_type, vt.base=0, token.type=32
[1;36mdebug: [0mparser: after parse_type, vt.base=16, token.type=32
[1;36mdebug: [0mparser: parse_postfix: before parse_call, node->type=47
[1;36mdebug: [0mparser: Created Call name=(null) target_type=47 line=0 col=0 node=0x556167615a20 target=0x5561676159a0
at namespace [1mmain[0m:
in [1;35mproject/wmyl/wmyl.kyl[0m:
78:34: [1;31merror[0m: Unexpected token in expression: 'UNKNOWN'
  [0;90m|[0m     let out = ac.alloc[Output]();\n    untaint out residue e { return; }
  [0;90m|[0m                                  [1m^[0m
78:72: [1;31merror[0m: Unexpected token in expression: '}'
  [0;90m|[0m     let out = ac.alloc[Output]();\n    untaint out residue e { return; }
  [0;90m|[0m                                                                        [1m^[0m
[1;36mdebug: [0mparser: parse_postfix: before parse_call, node->type=13
[1;36mdebug: [0mparser: Created Call name=wlr_scene_output_create target_type=13 line=0 col=0 node=0x556167616350 target=0x556167616138
[1;36mdebug: [0mparser: parse_postfix: before parse_call, node->type=47
[1;36mdebug: [0mparser: Created Call name=(null) target_type=47 line=0 col=0 node=0x556167616b70 target=0x556167616af0
91:1: [1;31merror[0m: Unexpected token in expression: '}'
  [0;90m|[0m }
  [0;90m|[0m [1m^[0m
[1;36mdebug: [0mparser: parse_postfix: before parse_call, node->type=13
[1;36mdebug: [0mparser: Created Call name=wlr_scene_output_commit target_type=13 line=0 col=0 node=0x556167617eb0 target=0x556167617c78
[1;36mdebug: [0mparser: parse_postfix: before parse_call, node->type=13
[1;36mdebug: [0mparser: Created Call name=clock_gettime target_type=13 line=0 col=0 node=0x5561676182f0 target=0x5561676180a8
[1;36mdebug: [0mparser: parse_postfix: before parse_call, node->type=13
[1;36mdebug: [0mparser: Created Call name=wlr_scene_output_send_frame_done target_type=13 line=0 col=0 node=0x556167618648 target=0x556167618388
[1;36mdebug: [0mparser: parse_postfix: before parse_call, node->type=47
[1;36mdebug: [0mparser: Created Call name=(null) target_type=47 line=0 col=0 node=0x556167619bf0 target=0x556167619b70
[1;36mdebug: [0mparser: parse_postfix: before parse_call, node->type=13
[1;36mdebug: [0mparser: Created Call name=wlr_scene_create target_type=13 line=0 col=0 node=0x55616761dbf0 target=0x55616761db70
[1;36mdebug: [0mparser: parse_postfix: before parse_call, node->type=13
[1;36mdebug: [0mparser: Created Call name=wlr_scene_attach_output_layout target_type=13 line=0 col=0 node=0x55616761e2b8 target=0x55616761e138
[1;36mdebug: [0mparser: parse_postfix: before parse_call, node->type=47
[1;36mdebug: [0mparser: Created Call name=(null) target_type=47 line=0 col=0 node=0x55616761f660 target=0x55616761f5e0
[1;36mdebug: [0mparser: parse_postfix: before parse_call, node->type=47
[1;36mdebug: [0mparser: Created Call name=(null) target_type=47 line=0 col=0 node=0x556167620738 target=0x5561676206b8
[1;36mdebug: [0mparser: parse_postfix: before parse_call, node->type=47
[1;36mdebug: [0mparser: Created Call name=(null) target_type=47 line=0 col=0 node=0x556167621860 target=0x5561676217e0
[1;36mdebug: [0mparser: parse_postfix: before parse_call, node->type=13
[1;36mdebug: [0mparser: Created Call name=setenv target_type=13 line=0 col=0 node=0x556167622c60 target=0x556167622a20
[1;36mdebug: [0mparser: parse_postfix: before parse_call, node->type=13
[1;36mdebug: [0mparser: Created Call name=fork target_type=13 line=0 col=0 node=0x556167622d78 target=0x556167622cf8
[1;36mdebug: [0mparser: parse_postfix: before parse_call, node->type=13
[1;36mdebug: [0mparser: Created Call name=execl target_type=13 line=0 col=0 node=0x556167623438 target=0x556167623098
[1;36mdebug: [0mparser: parse_postfix: before parse_call, node->type=13
[1;36mdebug: [0mparser: Created Call name=_exit target_type=13 line=0 col=0 node=0x5561676235f0 target=0x5561676234d0
[1;36mdebug: [0mparser: parse_postfix: before parse_call, node->type=13
[1;36mdebug: [0mparser: Created Call name=print_int_array target_type=13 line=0 col=0 node=0x556167654a88 target=0x556167654720
[1;36mdebug: [0mparser: parse_postfix: before parse_call, node->type=13
[1;36mdebug: [0mparser: Created Call name=print_uint_array target_type=13 line=0 col=0 node=0x5561676550f0 target=0x556167654d88
[1;36mdebug: [0mparser: parse_postfix: before parse_call, node->type=13
[1;36mdebug: [0mparser: Created Call name=print_long_array target_type=13 line=0 col=0 node=0x556167655758 target=0x5561676553f0
[1;36mdebug: [0mparser: parse_postfix: before parse_call, node->type=13
[1;36mdebug: [0mparser: Created Call name=print_ulong_array target_type=13 line=0 col=0 node=0x556167655dc0 target=0x556167655a58
[1;36mdebug: [0mparser: parse_postfix: before parse_call, node->type=13
[1;36mdebug: [0mparser: Created Call name=print_single_array target_type=13 line=0 col=0 node=0x556167656428 target=0x5561676560c0
[1;36mdebug: [0mparser: parse_postfix: before parse_call, node->type=13
[1;36mdebug: [0mparser: Created Call name=print_double_array target_type=13 line=0 col=0 node=0x556167656a90 target=0x556167656728
[1;36mdebug: [0mparser: parse_postfix: before parse_call, node->type=13
[1;36mdebug: [0mparser: Created Call name=print target_type=13 line=0 col=0 node=0x556167658d58 target=0x556167658c58
[1;36mdebug: [0mparser: after parse_type, vt.base=0, token.type=32
[1;36mdebug: [0mparser: after parse_type, vt.base=0, token.type=32
[1;36mdebug: [0mparser: after parse_type, vt.base=16, token.type=32
[1;36mdebug: [0mparser: after parse_type, vt.base=16, token.type=8
[1;36mdebug: [0mparser: constructor check: vt.class_name='CAllocator', class_name='CAllocator'
[1;36mdebug: [0mparser: after parse_type, vt.base=0, token.type=32
[1;36mdebug: [0mparser: after parse_type, vt.base=16, token.type=32
[1;36mdebug: [0mparser: after parse_type, vt.base=0, token.type=32
[1;36mdebug: [0mparser: after parse_type, vt.base=0, token.type=32
[1;36mdebug: [0mparser: after parse_type, vt.base=4, token.type=32
[1;36mdebug: [0mparser: after parse_type, vt.base=4, token.type=32
[1;36mdebug: [0mparser: after parse_type, vt.base=16, token.type=32
[1;36mdebug: [0mparser: after parse_type, vt.base=16, token.type=32
[1;36mdebug: [0mparser: after parse_type, vt.base=4, token.type=32
[1;36mdebug: [0mparser: after parse_type, vt.base=0, token.type=32
[1;36mdebug: [0mparser: after parse_type, vt.base=0, token.type=32
[1;36mdebug: [0mparser: after parse_type, vt.base=0, token.type=32
[1;36mdebug: [0mparser: after parse_type, vt.base=16, token.type=32
[1;36mdebug: [0mparser: after parse_type, vt.base=0, token.type=32
[1;36mdebug: [0mparser: after parse_type, vt.base=0, token.type=32
[1;36mdebug: [0mparser: after parse_type, vt.base=16, token.type=32
[1;36mdebug: [0mparser: after parse_type, vt.base=16, token.type=32
[1;36mdebug: [0mparser: after parse_type, vt.base=16, token.type=32
[1;36mdebug: [0mparser: after parse_type, vt.base=16, token.type=32
[1;36mdebug: [0mparser: after parse_type, vt.base=0, token.type=32
[1;36mdebug: [0mparser: parse_postfix: before parse_call, node->type=13
[1;36mdebug: [0mparser: Created Call name=wl_list_insert target_type=13 line=0 col=0 node=0x5561676b0488 target=0x5561676b00b8
[1;36mdebug: [0mparser: parse_postfix: before parse_call, node->type=13
[1;36mdebug: [0mparser: Created Call name=wl_display_create target_type=13 line=0 col=0 node=0x5561676b1190 target=0x5561676b1110
[1;36mdebug: [0mparser: parse_postfix: before parse_call, node->type=13
[1;36mdebug: [0mparser: Created Call name=wl_display_add_socket_auto target_type=13 line=0 col=0 node=0x5561676b1b90 target=0x5561676b1a90
[1;36mdebug: [0mparser: parse_postfix: before parse_call, node->type=13
[1;36mdebug: [0mparser: Created Call name=wl_display_get_event_loop target_type=13 line=0 col=0 node=0x5561676b24e8 target=0x5561676b23e8
[1;36mdebug: [0mparser: parse_postfix: before parse_call, node->type=13
[1;36mdebug: [0mparser: Created Call name=wlr_backend_autocreate target_type=13 line=0 col=0 node=0x5561676b2888 target=0x5561676b2640
[1;36mdebug: [0mparser: parse_postfix: before parse_call, node->type=13
[1;36mdebug: [0mparser: Created Call name=wlr_backend_start target_type=13 line=0 col=0 node=0x5561676b3288 target=0x5561676b3188
[1;36mdebug: [0mparser: parse_postfix: before parse_call, node->type=13
[1;36mdebug: [0mparser: Created Call name=wlr_renderer_autocreate target_type=13 line=0 col=0 node=0x5561676b3950 target=0x5561676b3850
[1;36mdebug: [0mparser: parse_postfix: before parse_call, node->type=13
[1;36mdebug: [0mparser: Created Call name=wlr_renderer_init_wl_display target_type=13 line=0 col=0 node=0x5561676b4408 target=0x5561676b4288
[1;36mdebug: [0mparser: parse_postfix: before parse_call, node->type=13
[1;36mdebug: [0mparser: Created Call name=wlr_allocator_autocreate target_type=13 line=0 col=0 node=0x5561676b47c8 target=0x5561676b4648
[1;36mdebug: [0mparser: parse_postfix: before parse_call, node->type=13
[1;36mdebug: [0mparser: Created Call name=wlr_compositor_create target_type=13 line=0 col=0 node=0x5561676b5338 target=0x5561676b5118
[1;36mdebug: [0mparser: parse_postfix: before parse_call, node->type=13
[1;36mdebug: [0mparser: Created Call name=wlr_data_device_manager_create target_type=13 line=0 col=0 node=0x5561676b5d38 target=0x5561676b5c38
[1;36mdebug: [0mparser: parse_postfix: before parse_call, node->type=13
[1;36mdebug: [0mparser: Created Call name=wlr_output_layout_create target_type=13 line=0 col=0 node=0x5561676b6738 target=0x5561676b6638
[1;36mdebug: [0mparser: parse_postfix: before parse_call, node->type=13
[1;36mdebug: [0mparser: Created Call name=wlr_xdg_shell_create target_type=13 line=0 col=0 node=0x5561676b7208 target=0x5561676b7088
[1;36mdebug: [0mparser: parse_postfix: before parse_call, node->type=13
[1;36mdebug: [0mparser: Created Call name=wlr_seat_create target_type=13 line=0 col=0 node=0x5561676b7cd8 target=0x5561676b7b58
[1;36mdebug: [0mparser: parse_postfix: before parse_call, node->type=13
[1;36mdebug: [0mparser: Created Call name=wl_display_run target_type=13 line=0 col=0 node=0x5561676b8c60 target=0x5561676b8b60
[1;36mdebug: [0mparser: parse_postfix: before parse_call, node->type=13
[1;36mdebug: [0mparser: Created Call name=wl_display_destroy_clients target_type=13 line=0 col=0 node=0x5561676b8f38 target=0x5561676b8e38
[1;36mdebug: [0mparser: parse_postfix: before parse_call, node->type=13
[1;36mdebug: [0mparser: Created Call name=wl_display_destroy target_type=13 line=0 col=0 node=0x5561676b9210 target=0x5561676b9110
[1;36mdebug: [0mparser: parse_postfix: before parse_call, node->type=13
[1;36mdebug: [0mparser: Created Call name=wlr_backend_destroy target_type=13 line=0 col=0 node=0x5561676b94e8 target=0x5561676b93e8
[1;36mdebug: [0mparser: parse_postfix: before parse_call, node->type=13
[1;36mdebug: [0mparser: Created Call name=wl_signal_add target_type=13 line=0 col=0 node=0x5561676ba2a8 target=0x5561676ba128
[1;36mdebug: [0mparser: parse_postfix: before parse_call, node->type=13
[1;36mdebug: [0mparser: Created Call name=wl_signal_add target_type=13 line=0 col=0 node=0x5561676baca8 target=0x5561676bab28
[1;36mdebug: [0mparser: parse_postfix: before parse_call, node->type=13
[1;36mdebug: [0mparser: Created Call name=wl_signal_add target_type=13 line=0 col=0 node=0x5561676bb6a8 target=0x5561676bb528
[1;36mdebug: [0mparser: parse_postfix: before parse_call, node->type=13
[1;36mdebug: [0mparser: Created Call name=wlr_output_init_render target_type=13 line=0 col=0 node=0x5561676bbb20 target=0x5561676bb920
[1;36mdebug: [0mparser: parse_postfix: before parse_call, node->type=13
[1;36mdebug: [0mparser: Created Call name=malloc target_type=13 line=0 col=0 node=0x5561676bbcd8 target=0x5561676bbbb8
[1;36mdebug: [0mparser: parse_postfix: before parse_call, node->type=13
[1;36mdebug: [0mparser: Created Call name=wlr_output_state_init target_type=13 line=0 col=0 node=0x5561676bbfd8 target=0x5561676bbed8
[1;36mdebug: [0mparser: parse_postfix: before parse_call, node->type=13
[1;36mdebug: [0mparser: Created Call name=wlr_output_state_set_enabled target_type=13 line=0 col=0 node=0x5561676bc210 target=0x5561676bc070
[1;36mdebug: [0mparser: parse_postfix: before parse_call, node->type=13
[1;36mdebug: [0mparser: Created Call name=wlr_output_preferred_mode target_type=13 line=0 col=0 node=0x5561676bc3a8 target=0x5561676bc2a8
[1;36mdebug: [0mparser: parse_postfix: before parse_call, node->type=13
[1;36mdebug: [0mparser: Created Call name=wlr_output_state_set_mode target_type=13 line=0 col=0 node=0x5561676bc9b8 target=0x5561676bc838
[1;36mdebug: [0mparser: parse_postfix: before parse_call, node->type=13
[1;36mdebug: [0mparser: Created Call name=wlr_output_commit_state target_type=13 line=0 col=0 node=0x5561676bcc98 target=0x5561676bcad0
[1;36mdebug: [0mparser: parse_postfix: before parse_call, node->type=13
[1;36mdebug: [0mparser: Created Call name=wlr_output_state_finish target_type=13 line=0 col=0 node=0x5561676bce30 target=0x5561676bcd30
[1;36mdebug: [0mparser: parse_postfix: before parse_call, node->type=13
[1;36mdebug: [0mparser: Created Call name=free target_type=13 line=0 col=0 node=0x5561676bd070 target=0x5561676bcec8
[1;36mdebug: [0mparser: parse_postfix: before parse_call, node->type=13
[1;36mdebug: [0mparser: Created Call name=wl_signal_add target_type=13 line=0 col=0 node=0x5561676bda70 target=0x5561676bd8f0
[1;36mdebug: [0mparser: parse_postfix: before parse_call, node->type=13
[1;36mdebug: [0mparser: Created Call name=wlr_scene_xdg_surface_create target_type=13 line=0 col=0 node=0x5561676be578 target=0x5561676be350
[1;36mdebug: [0mc_header: LOOP START token=72
[1;36mdebug: [0mc_header: w_name=__bswap_16
[1;36mdebug: [0mc_header: parsed function __bswap_16 with 1 params (varargs=0) at line 330
[1;36mdebug: [0mc_header: w_name=__bswap_32
[1;36mdebug: [0mc_header: parsed function __bswap_32 with 1 params (varargs=0) at line 345
[1;36mdebug: [0mc_header: w_name=__bswap_64
[1;36mdebug: [0mc_header: parsed function __bswap_64 with 1 params (varargs=0) at line 355
[1;36mdebug: [0mc_header: w_name=__uint16_identity
[1;36mdebug: [0mc_header: parsed function __uint16_identity with 1 params (varargs=0) at line 367
[1;36mdebug: [0mc_header: w_name=__uint32_identity
[1;36mdebug: [0mc_header: parsed function __uint32_identity with 1 params (varargs=0) at line 373
[1;36mdebug: [0mc_header: w_name=__uint64_identity
[1;36mdebug: [0mc_header: parsed function __uint64_identity with 1 params (varargs=0) at line 379
[1;36mdebug: [0mc_header: LOOP START token=85
[1;36mdebug: [0mc_header: LOOP START token=1 line=427 text='__time_t'
[1;36mdebug: [0mc_header: LOOP START token=1 line=428 text='__suseconds_t'
[1;36mdebug: [0mc_header: LOOP START token=1 line=440 text='__time_t'
[1;36mdebug: [0mc_header: LOOP START token=1 line=445 text='__syscall_slong_t'
[1;36mdebug: [0mc_header: LOOP START token=1
[1;36mdebug: [0mc_header: w_name=select
[1;36mdebug: [0mc_header: parsed function select with 5 params (varargs=0) at line 485
[1;36mdebug: [0mc_header: w_name=pselect
[1;36mdebug: [0mc_header: parsed function pselect with 6 params (varargs=0) at line 491
[1;36mdebug: [0mc_header: LOOP START token=97
[1;36mdebug: [0mc_header: LOOP START token=81
[1;36mdebug: [0mc_header: LOOP START token=85
[1;36mdebug: [0mc_header: LOOP START token=85
[1;36mdebug: [0mc_header: LOOP START token=81
[1;36mdebug: [0mc_header: LOOP START token=81
[1;36mdebug: [0mc_header: LOOP START token=81
[1;36mdebug: [0mc_header: LOOP START token=72 line=558 text='int'
[1;36mdebug: [0mc_header: LOOP START token=85 line=559 text='unsigned'
[1;36mdebug: [0mc_header: LOOP START token=72 line=560 text='int'
[1;36mdebug: [0mc_header: LOOP START token=85 line=562 text='unsigned'
[1;36mdebug: [0mc_header: LOOP START token=72 line=566 text='int'
[1;36mdebug: [0mc_header: LOOP START token=77 line=568 text='short'
[1;36mdebug: [0mc_header: LOOP START token=77 line=569 text='short'
[1;36mdebug: [0mc_header: LOOP START token=1 line=570 text='__pthread_list_t'
[1;36mdebug: [0mc_header: LOOP START token=85 line=579 text='unsigned'
[1;36mdebug: [0mc_header: LOOP START token=85 line=580 text='unsigned'
[1;36mdebug: [0mc_header: LOOP START token=85 line=581 text='unsigned'
[1;36mdebug: [0mc_header: LOOP START token=85 line=582 text='unsigned'
[1;36mdebug: [0mc_header: LOOP START token=85 line=583 text='unsigned'
[1;36mdebug: [0mc_header: LOOP START token=85 line=584 text='unsigned'
[1;36mdebug: [0mc_header: LOOP START token=72 line=586 text='int'
[1;36mdebug: [0mc_header: LOOP START token=72 line=587 text='int'
[1;36mdebug: [0mc_header: LOOP START token=85 line=588 text='unsigned'
[1;36mdebug: [0mc_header: LOOP START token=85 line=589 text='unsigned'
[1;36mdebug: [0mc_header: LOOP START token=85 line=592 text='unsigned'
[1;36mdebug: [0mc_header: LOOP START token=1 line=602 text='__atomic_wide_counter'
[1;36mdebug: [0mc_header: LOOP START token=1 line=603 text='__atomic_wide_counter'
[1;36mdebug: [0mc_header: LOOP START token=85 line=604 text='unsigned'
[1;36mdebug: [0mc_header: LOOP START token=85 line=605 text='unsigned'
[1;36mdebug: [0mc_header: LOOP START token=85 line=606 text='unsigned'
[1;36mdebug: [0mc_header: LOOP START token=85 line=607 text='unsigned'
[1;36mdebug: [0mc_header: LOOP START token=85 line=608 text='unsigned'
[1;36mdebug: [0mc_header: LOOP START token=85 line=609 text='unsigned'
[1;36mdebug: [0mc_header: LOOP START token=72
[1;36mdebug: [0mc_header: LOOP START token=58
[1;36mdebug: [0mc_header: LOOP START token=72
[1;36mdebug: [0mc_header: LOOP START token=58
[1;36mdebug: [0mc_header: LOOP START token=72
[1;36mdebug: [0mc_header: LOOP START token=58 line=654 text='char'
[1;36mdebug: [0mc_header: LOOP START token=73 line=655 text='long'
[1;36mdebug: [0mc_header: LOOP START token=81
[1;36mdebug: [0mc_header: LOOP START token=58
[1;36mdebug: [0mc_header: LOOP START token=73
[1;36mdebug: [0mc_header: LOOP START token=81
[1;36mdebug: [0mc_header: LOOP START token=58
[1;36mdebug: [0mc_header: LOOP START token=97
[1;36mdebug: [0mc_header: LOOP START token=81
[1;36mdebug: [0mc_header: LOOP START token=58
[1;36mdebug: [0mc_header: LOOP START token=73
[1;36mdebug: [0mc_header: LOOP START token=58
[1;36mdebug: [0mc_header: LOOP START token=73
[1;36mdebug: [0mc_header: LOOP START token=58
[1;36mdebug: [0mc_header: LOOP START token=73
[1;36mdebug: [0mc_header: LOOP START token=58
[1;36mdebug: [0mc_header: LOOP START token=72
[1;36mdebug: [0mc_header: LOOP START token=1
[1;36mdebug: [0mc_header: LOOP START token=1
[1;36mdebug: [0mc_header: LOOP START token=1
[1;36mdebug: [0mc_header: LOOP START token=1
[1;36mdebug: [0mc_header: LOOP START token=1
[1;36mdebug: [0mc_header: w_name=__fpclassify
[1;36mdebug: [0mc_header: parsed function __fpclassify with 1 params (varargs=0) at line 862
[1;36mdebug: [0mc_header: w_name=__signbit
[1;36mdebug: [0mc_header: parsed function __signbit with 1 params (varargs=0) at line 866
[1;36mdebug: [0mc_header: w_name=__isinf
[1;36mdebug: [0mc_header: parsed function __isinf with 1 params (varargs=0) at line 871
[1;36mdebug: [0mc_header: w_name=__finite
[1;36mdebug: [0mc_header: parsed function __finite with 1 params (varargs=0) at line 875
[1;36mdebug: [0mc_header: w_name=__isnan
[1;36mdebug: [0mc_header: parsed function __isnan with 1 params (varargs=0) at line 879
[1;36mdebug: [0mc_header: w_name=__iseqsig
[1;36mdebug: [0mc_header: parsed function __iseqsig with 2 params (varargs=0) at line 883
[1;36mdebug: [0mc_header: w_name=__issignaling
[1;36mdebug: [0mc_header: parsed function __issignaling with 1 params (varargs=0) at line 886
[1;36mdebug: [0mc_header: w_name=acos
[1;36mdebug: [0mc_header: parsed function acos with 1 params (varargs=0) at line 891
[1;36mdebug: [0mc_header: w_name=__acos
[1;36mdebug: [0mc_header: parsed function __acos with 1 params (varargs=0) at line 891
[1;36mdebug: [0mc_header: w_name=asin
[1;36mdebug: [0mc_header: parsed function asin with 1 params (varargs=0) at line 893
[1;36mdebug: [0mc_header: w_name=__asin
[1;36mdebug: [0mc_header: parsed function __asin with 1 params (varargs=0) at line 893
[1;36mdebug: [0mc_header: w_name=atan
[1;36mdebug: [0mc_header: parsed function atan with 1 params (varargs=0) at line 895
[1;36mdebug: [0mc_header: w_name=__atan
[1;36mdebug: [0mc_header: parsed function __atan with 1 params (varargs=0) at line 895
[1;36mdebug: [0mc_header: w_name=atan2
[1;36mdebug: [0mc_header: parsed function atan2 with 2 params (varargs=0) at line 897
[1;36mdebug: [0mc_header: w_name=__atan2
[1;36mdebug: [0mc_header: parsed function __atan2 with 2 params (varargs=0) at line 897
[1;36mdebug: [0mc_header: w_name=cos
[1;36mdebug: [0mc_header: parsed function cos with 1 params (varargs=0) at line 900
[1;36mdebug: [0mc_header: w_name=__cos
[1;36mdebug: [0mc_header: parsed function __cos with 1 params (varargs=0) at line 900
[1;36mdebug: [0mc_header: w_name=sin
[1;36mdebug: [0mc_header: parsed function sin with 1 params (varargs=0) at line 902
[1;36mdebug: [0mc_header: w_name=__sin
[1;36mdebug: [0mc_header: parsed function __sin with 1 params (varargs=0) at line 902
[1;36mdebug: [0mc_header: w_name=tan
[1;36mdebug: [0mc_header: parsed function tan with 1 params (varargs=0) at line 904
[1;36mdebug: [0mc_header: w_name=__tan
[1;36mdebug: [0mc_header: parsed function __tan with 1 params (varargs=0) at line 904
[1;36mdebug: [0mc_header: w_name=acospi
[1;36mdebug: [0mc_header: parsed function acospi with 1 params (varargs=0) at line 908
[1;36mdebug: [0mc_header: w_name=__acospi
[1;36mdebug: [0mc_header: parsed function __acospi with 1 params (varargs=0) at line 908
[1;36mdebug: [0mc_header: w_name=acospi
[1;36mdebug: [0mc_header: parsed function acospi with 1 params (varargs=0) at line 909
[1;36mdebug: [0mc_header: w_name=__acospi
[1;36mdebug: [0mc_header: parsed function __acospi with 1 params (varargs=0) at line 909
[1;36mdebug: [0mc_header: w_name=asinpi
[1;36mdebug: [0mc_header: parsed function asinpi with 1 params (varargs=0) at line 911
[1;36mdebug: [0mc_header: w_name=__asinpi
[1;36mdebug: [0mc_header: parsed function __asinpi with 1 params (varargs=0) at line 911
[1;36mdebug: [0mc_header: w_name=asinpi
[1;36mdebug: [0mc_header: parsed function asinpi with 1 params (varargs=0) at line 912
[1;36mdebug: [0mc_header: w_name=__asinpi
[1;36mdebug: [0mc_header: parsed function __asinpi with 1 params (varargs=0) at line 912
[1;36mdebug: [0mc_header: w_name=atanpi
[1;36mdebug: [0mc_header: parsed function atanpi with 1 params (varargs=0) at line 914
[1;36mdebug: [0mc_header: w_name=__atanpi
[1;36mdebug: [0mc_header: parsed function __atanpi with 1 params (varargs=0) at line 914
[1;36mdebug: [0mc_header: w_name=atanpi
[1;36mdebug: [0mc_header: parsed function atanpi with 1 params (varargs=0) at line 915
[1;36mdebug: [0mc_header: w_name=__atanpi
[1;36mdebug: [0mc_header: parsed function __atanpi with 1 params (varargs=0) at line 915
[1;36mdebug: [0mc_header: w_name=atan2pi
[1;36mdebug: [0mc_header: parsed function atan2pi with 2 params (varargs=0) at line 917
[1;36mdebug: [0mc_header: w_name=__atan2pi
[1;36mdebug: [0mc_header: parsed function __atan2pi with 2 params (varargs=0) at line 917
[1;36mdebug: [0mc_header: w_name=atan2pi
[1;36mdebug: [0mc_header: parsed function atan2pi with 2 params (varargs=0) at line 918
[1;36mdebug: [0mc_header: w_name=__atan2pi
[1;36mdebug: [0mc_header: parsed function __atan2pi with 2 params (varargs=0) at line 918
[1;36mdebug: [0mc_header: w_name=cospi
[1;36mdebug: [0mc_header: parsed function cospi with 1 params (varargs=0) at line 921
[1;36mdebug: [0mc_header: w_name=__cospi
[1;36mdebug: [0mc_header: parsed function __cospi with 1 params (varargs=0) at line 921
[1;36mdebug: [0mc_header: w_name=sinpi
[1;36mdebug: [0mc_header: parsed function sinpi with 1 params (varargs=0) at line 923
[1;36mdebug: [0mc_header: w_name=__sinpi
[1;36mdebug: [0mc_header: parsed function __sinpi with 1 params (varargs=0) at line 923
[1;36mdebug: [0mc_header: w_name=tanpi
[1;36mdebug: [0mc_header: parsed function tanpi with 1 params (varargs=0) at line 925
[1;36mdebug: [0mc_header: w_name=__tanpi
[1;36mdebug: [0mc_header: parsed function __tanpi with 1 params (varargs=0) at line 925
[1;36mdebug: [0mc_header: w_name=cosh
[1;36mdebug: [0mc_header: parsed function cosh with 1 params (varargs=0) at line 931
[1;36mdebug: [0mc_header: w_name=__cosh
[1;36mdebug: [0mc_header: parsed function __cosh with 1 params (varargs=0) at line 931
[1;36mdebug: [0mc_header: w_name=sinh
[1;36mdebug: [0mc_header: parsed function sinh with 1 params (varargs=0) at line 933
[1;36mdebug: [0mc_header: w_name=__sinh
[1;36mdebug: [0mc_header: parsed function __sinh with 1 params (varargs=0) at line 933
[1;36mdebug: [0mc_header: w_name=tanh
[1;36mdebug: [0mc_header: parsed function tanh with 1 params (varargs=0) at line 935
[1;36mdebug: [0mc_header: w_name=__tanh
[1;36mdebug: [0mc_header: parsed function __tanh with 1 params (varargs=0) at line 935
[1;36mdebug: [0mc_header: w_name=acosh
[1;36mdebug: [0mc_header: parsed function acosh with 1 params (varargs=0) at line 937
[1;36mdebug: [0mc_header: w_name=__acosh
[1;36mdebug: [0mc_header: parsed function __acosh with 1 params (varargs=0) at line 937
[1;36mdebug: [0mc_header: w_name=asinh
[1;36mdebug: [0mc_header: parsed function asinh with 1 params (varargs=0) at line 939
[1;36mdebug: [0mc_header: w_name=__asinh
[1;36mdebug: [0mc_header: parsed function __asinh with 1 params (varargs=0) at line 939
[1;36mdebug: [0mc_header: w_name=atanh
[1;36mdebug: [0mc_header: parsed function atanh with 1 params (varargs=0) at line 941
[1;36mdebug: [0mc_header: w_name=__atanh
[1;36mdebug: [0mc_header: parsed function __atanh with 1 params (varargs=0) at line 941
[1;36mdebug: [0mc_header: w_name=exp
[1;36mdebug: [0mc_header: parsed function exp with 1 params (varargs=0) at line 947
[1;36mdebug: [0mc_header: w_name=__exp
[1;36mdebug: [0mc_header: parsed function __exp with 1 params (varargs=0) at line 947
[1;36mdebug: [0mc_header: w_name=frexp
[1;36mdebug: [0mc_header: parsed function frexp with 2 params (varargs=0) at line 950
[1;36mdebug: [0mc_header: w_name=__frexp
[1;36mdebug: [0mc_header: parsed function __frexp with 2 params (varargs=0) at line 950
[1;36mdebug: [0mc_header: w_name=ldexp
[1;36mdebug: [0mc_header: parsed function ldexp with 2 params (varargs=0) at line 953
[1;36mdebug: [0mc_header: w_name=__ldexp
[1;36mdebug: [0mc_header: parsed function __ldexp with 2 params (varargs=0) at line 953
[1;36mdebug: [0mc_header: w_name=log
[1;36mdebug: [0mc_header: parsed function log with 1 params (varargs=0) at line 956
[1;36mdebug: [0mc_header: w_name=__log
[1;36mdebug: [0mc_header: parsed function __log with 1 params (varargs=0) at line 956
[1;36mdebug: [0mc_header: w_name=log10
[1;36mdebug: [0mc_header: parsed function log10 with 1 params (varargs=0) at line 959
[1;36mdebug: [0mc_header: w_name=__log10
[1;36mdebug: [0mc_header: parsed function __log10 with 1 params (varargs=0) at line 959
[1;36mdebug: [0mc_header: w_name=modf
[1;36mdebug: [0mc_header: parsed function modf with 2 params (varargs=0) at line 962
[1;36mdebug: [0mc_header: w_name=__modf
[1;36mdebug: [0mc_header: parsed function __modf with 2 params (varargs=0) at line 962
[1;36mdebug: [0mc_header: w_name=exp10
[1;36mdebug: [0mc_header: parsed function exp10 with 1 params (varargs=0) at line 966
[1;36mdebug: [0mc_header: w_name=__exp10
[1;36mdebug: [0mc_header: parsed function __exp10 with 1 params (varargs=0) at line 966
[1;36mdebug: [0mc_header: w_name=exp2m1
[1;36mdebug: [0mc_header: parsed function exp2m1 with 1 params (varargs=0) at line 969
[1;36mdebug: [0mc_header: w_name=__exp2m1
[1;36mdebug: [0mc_header: parsed function __exp2m1 with 1 params (varargs=0) at line 969
[1;36mdebug: [0mc_header: w_name=exp10m1
[1;36mdebug: [0mc_header: parsed function exp10m1 with 1 params (varargs=0) at line 972
[1;36mdebug: [0mc_header: w_name=__exp10m1
[1;36mdebug: [0mc_header: parsed function __exp10m1 with 1 params (varargs=0) at line 972
[1;36mdebug: [0mc_header: w_name=log2p1
[1;36mdebug: [0mc_header: parsed function log2p1 with 1 params (varargs=0) at line 975
[1;36mdebug: [0mc_header: w_name=__log2p1
[1;36mdebug: [0mc_header: parsed function __log2p1 with 1 params (varargs=0) at line 975
[1;36mdebug: [0mc_header: w_name=log10p1
[1;36mdebug: [0mc_header: parsed function log10p1 with 1 params (varargs=0) at line 978
[1;36mdebug: [0mc_header: w_name=__log10p1
[1;36mdebug: [0mc_header: parsed function __log10p1 with 1 params (varargs=0) at line 978
[1;36mdebug: [0mc_header: w_name=logp1
[1;36mdebug: [0mc_header: parsed function logp1 with 1 params (varargs=0) at line 981
[1;36mdebug: [0mc_header: w_name=__logp1
[1;36mdebug: [0mc_header: parsed function __logp1 with 1 params (varargs=0) at line 981
[1;36mdebug: [0mc_header: w_name=expm1
[1;36mdebug: [0mc_header: parsed function expm1 with 1 params (varargs=0) at line 986
[1;36mdebug: [0mc_header: w_name=__expm1
[1;36mdebug: [0mc_header: parsed function __expm1 with 1 params (varargs=0) at line 986
[1;36mdebug: [0mc_header: w_name=log1p
[1;36mdebug: [0mc_header: parsed function log1p with 1 params (varargs=0) at line 989
[1;36mdebug: [0mc_header: w_name=__log1p
[1;36mdebug: [0mc_header: parsed function __log1p with 1 params (varargs=0) at line 989
[1;36mdebug: [0mc_header: w_name=logb
[1;36mdebug: [0mc_header: parsed function logb with 1 params (varargs=0) at line 992
[1;36mdebug: [0mc_header: w_name=__logb
[1;36mdebug: [0mc_header: parsed function __logb with 1 params (varargs=0) at line 992
[1;36mdebug: [0mc_header: w_name=exp2
[1;36mdebug: [0mc_header: parsed function exp2 with 1 params (varargs=0) at line 997
[1;36mdebug: [0mc_header: w_name=__exp2
[1;36mdebug: [0mc_header: parsed function __exp2 with 1 params (varargs=0) at line 997
[1;36mdebug: [0mc_header: w_name=log2
[1;36mdebug: [0mc_header: parsed function log2 with 1 params (varargs=0) at line 1000
[1;36mdebug: [0mc_header: w_name=__log2
[1;36mdebug: [0mc_header: parsed function __log2 with 1 params (varargs=0) at line 1000
[1;36mdebug: [0mc_header: w_name=pow
[1;36mdebug: [0mc_header: parsed function pow with 2 params (varargs=0) at line 1007
[1;36mdebug: [0mc_header: w_name=__pow
[1;36mdebug: [0mc_header: parsed function __pow with 2 params (varargs=0) at line 1007
[1;36mdebug: [0mc_header: w_name=sqrt
[1;36mdebug: [0mc_header: parsed function sqrt with 1 params (varargs=0) at line 1010
[1;36mdebug: [0mc_header: w_name=__sqrt
[1;36mdebug: [0mc_header: parsed function __sqrt with 1 params (varargs=0) at line 1010
[1;36mdebug: [0mc_header: w_name=hypot
[1;36mdebug: [0mc_header: parsed function hypot with 2 params (varargs=0) at line 1014
[1;36mdebug: [0mc_header: w_name=__hypot
[1;36mdebug: [0mc_header: parsed function __hypot with 2 params (varargs=0) at line 1014
[1;36mdebug: [0mc_header: w_name=cbrt
[1;36mdebug: [0mc_header: parsed function cbrt with 1 params (varargs=0) at line 1019
[1;36mdebug: [0mc_header: w_name=__cbrt
[1;36mdebug: [0mc_header: parsed function __cbrt with 1 params (varargs=0) at line 1019
[1;36mdebug: [0mc_header: w_name=compoundn
[1;36mdebug: [0mc_header: parsed function compoundn with 2 params (varargs=0) at line 1024
[1;36mdebug: [0mc_header: w_name=__compoundn
[1;36mdebug: [0mc_header: parsed function __compoundn with 2 params (varargs=0) at line 1024
[1;36mdebug: [0mc_header: w_name=pown
[1;36mdebug: [0mc_header: parsed function pown with 2 params (varargs=0) at line 1027
[1;36mdebug: [0mc_header: w_name=__pown
[1;36mdebug: [0mc_header: parsed function __pown with 2 params (varargs=0) at line 1027
[1;36mdebug: [0mc_header: w_name=powr
[1;36mdebug: [0mc_header: parsed function powr with 2 params (varargs=0) at line 1030
[1;36mdebug: [0mc_header: w_name=__powr
[1;36mdebug: [0mc_header: parsed function __powr with 2 params (varargs=0) at line 1030
[1;36mdebug: [0mc_header: w_name=powr
[1;36mdebug: [0mc_header: parsed function powr with 2 params (varargs=0) at line 1031
[1;36mdebug: [0mc_header: w_name=__powr
[1;36mdebug: [0mc_header: parsed function __powr with 2 params (varargs=0) at line 1031
[1;36mdebug: [0mc_header: w_name=rootn
[1;36mdebug: [0mc_header: parsed function rootn with 2 params (varargs=0) at line 1034
[1;36mdebug: [0mc_header: w_name=__rootn
[1;36mdebug: [0mc_header: parsed function __rootn with 2 params (varargs=0) at line 1034
[1;36mdebug: [0mc_header: w_name=rsqrt
[1;36mdebug: [0mc_header: parsed function rsqrt with 1 params (varargs=0) at line 1037
[1;36mdebug: [0mc_header: w_name=__rsqrt
[1;36mdebug: [0mc_header: parsed function __rsqrt with 1 params (varargs=0) at line 1037
[1;36mdebug: [0mc_header: w_name=ceil
[1;36mdebug: [0mc_header: parsed function ceil with 1 params (varargs=0) at line 1044
[1;36mdebug: [0mc_header: w_name=fabs
[1;36mdebug: [0mc_header: parsed function fabs with 1 params (varargs=0) at line 1047
[1;36mdebug: [0mc_header: w_name=floor
[1;36mdebug: [0mc_header: parsed function floor with 1 params (varargs=0) at line 1050
[1;36mdebug: [0mc_header: w_name=fmod
[1;36mdebug: [0mc_header: parsed function fmod with 2 params (varargs=0) at line 1053
[1;36mdebug: [0mc_header: w_name=__fmod
[1;36mdebug: [0mc_header: parsed function __fmod with 2 params (varargs=0) at line 1053
[1;36mdebug: [0mc_header: w_name=isinf
[1;36mdebug: [0mc_header: parsed function isinf with 1 params (varargs=0) at line 1055
[1;36mdebug: [0mc_header: w_name=finite
[1;36mdebug: [0mc_header: parsed function finite with 1 params (varargs=0) at line 1061
[1;36mdebug: [0mc_header: w_name=drem
[1;36mdebug: [0mc_header: parsed function drem with 2 params (varargs=0) at line 1065
[1;36mdebug: [0mc_header: w_name=__drem
[1;36mdebug: [0mc_header: parsed function __drem with 2 params (varargs=0) at line 1065
[1;36mdebug: [0mc_header: w_name=significand
[1;36mdebug: [0mc_header: parsed function significand with 1 params (varargs=0) at line 1069
[1;36mdebug: [0mc_header: w_name=__significand
[1;36mdebug: [0mc_header: parsed function __significand with 1 params (varargs=0) at line 1069
[1;36mdebug: [0mc_header: w_name=copysign
[1;36mdebug: [0mc_header: parsed function copysign with 2 params (varargs=0) at line 1076
[1;36mdebug: [0mc_header: w_name=nan
[1;36mdebug: [0mc_header: parsed function nan with 1 params (varargs=0) at line 1081
[1;36mdebug: [0mc_header: w_name=__nan
[1;36mdebug: [0mc_header: parsed function __nan with 1 params (varargs=0) at line 1081
[1;36mdebug: [0mc_header: w_name=isnan
[1;36mdebug: [0mc_header: parsed function isnan with 1 params (varargs=0) at line 1083
[1;36mdebug: [0mc_header: w_name=j0
[1;36mdebug: [0mc_header: parsed function j0 with 1 params (varargs=0) at line 1090
[1;36mdebug: [0mc_header: w_name=__j0
[1;36mdebug: [0mc_header: parsed function __j0 with 1 params (varargs=0) at line 1090
[1;36mdebug: [0mc_header: w_name=j1
[1;36mdebug: [0mc_header: parsed function j1 with 1 params (varargs=0) at line 1091
[1;36mdebug: [0mc_header: w_name=__j1
[1;36mdebug: [0mc_header: parsed function __j1 with 1 params (varargs=0) at line 1091
[1;36mdebug: [0mc_header: w_name=jn
[1;36mdebug: [0mc_header: parsed function jn with 2 params (varargs=0) at line 1092
[1;36mdebug: [0mc_header: w_name=__jn
[1;36mdebug: [0mc_header: parsed function __jn with 2 params (varargs=0) at line 1092
[1;36mdebug: [0mc_header: w_name=y0
[1;36mdebug: [0mc_header: parsed function y0 with 1 params (varargs=0) at line 1093
[1;36mdebug: [0mc_header: w_name=__y0
[1;36mdebug: [0mc_header: parsed function __y0 with 1 params (varargs=0) at line 1093
[1;36mdebug: [0mc_header: w_name=y1
[1;36mdebug: [0mc_header: parsed function y1 with 1 params (varargs=0) at line 1094
[1;36mdebug: [0mc_header: w_name=__y1
[1;36mdebug: [0mc_header: parsed function __y1 with 1 params (varargs=0) at line 1094
[1;36mdebug: [0mc_header: w_name=yn
[1;36mdebug: [0mc_header: parsed function yn with 2 params (varargs=0) at line 1095
[1;36mdebug: [0mc_header: w_name=__yn
[1;36mdebug: [0mc_header: parsed function __yn with 2 params (varargs=0) at line 1095
[1;36mdebug: [0mc_header: w_name=erf
[1;36mdebug: [0mc_header: parsed function erf with 1 params (varargs=0) at line 1101
[1;36mdebug: [0mc_header: w_name=__erf
[1;36mdebug: [0mc_header: parsed function __erf with 1 params (varargs=0) at line 1101
[1;36mdebug: [0mc_header: w_name=erfc
[1;36mdebug: [0mc_header: parsed function erfc with 1 params (varargs=0) at line 1102
[1;36mdebug: [0mc_header: w_name=__erfc
[1;36mdebug: [0mc_header: parsed function __erfc with 1 params (varargs=0) at line 1102
[1;36mdebug: [0mc_header: w_name=lgamma
[1;36mdebug: [0mc_header: parsed function lgamma with 1 params (varargs=0) at line 1103
[1;36mdebug: [0mc_header: w_name=__lgamma
[1;36mdebug: [0mc_header: parsed function __lgamma with 1 params (varargs=0) at line 1103
[1;36mdebug: [0mc_header: w_name=tgamma
[1;36mdebug: [0mc_header: parsed function tgamma with 1 params (varargs=0) at line 1108
[1;36mdebug: [0mc_header: w_name=__tgamma
[1;36mdebug: [0mc_header: parsed function __tgamma with 1 params (varargs=0) at line 1108
[1;36mdebug: [0mc_header: w_name=gamma
[1;36mdebug: [0mc_header: parsed function gamma with 1 params (varargs=0) at line 1114
[1;36mdebug: [0mc_header: w_name=__gamma
[1;36mdebug: [0mc_header: parsed function __gamma with 1 params (varargs=0) at line 1114
[1;36mdebug: [0mc_header: w_name=lgamma_r
[1;36mdebug: [0mc_header: parsed function lgamma_r with 2 params (varargs=0) at line 1122
[1;36mdebug: [0mc_header: w_name=__lgamma_r
[1;36mdebug: [0mc_header: parsed function __lgamma_r with 2 params (varargs=0) at line 1122
[1;36mdebug: [0mc_header: w_name=rint
[1;36mdebug: [0mc_header: parsed function rint with 1 params (varargs=0) at line 1129
[1;36mdebug: [0mc_header: w_name=__rint
[1;36mdebug: [0mc_header: parsed function __rint with 1 params (varargs=0) at line 1129
[1;36mdebug: [0mc_header: w_name=nextafter
[1;36mdebug: [0mc_header: parsed function nextafter with 2 params (varargs=0) at line 1132
[1;36mdebug: [0mc_header: w_name=__nextafter
[1;36mdebug: [0mc_header: parsed function __nextafter with 2 params (varargs=0) at line 1132
[1;36mdebug: [0mc_header: w_name=nexttoward
[1;36mdebug: [0mc_header: parsed function nexttoward with 2 params (varargs=0) at line 1134
[1;36mdebug: [0mc_header: w_name=__nexttoward
[1;36mdebug: [0mc_header: parsed function __nexttoward with 2 params (varargs=0) at line 1134
[1;36mdebug: [0mc_header: w_name=nextdown
[1;36mdebug: [0mc_header: parsed function nextdown with 1 params (varargs=0) at line 1139
[1;36mdebug: [0mc_header: w_name=__nextdown
[1;36mdebug: [0mc_header: parsed function __nextdown with 1 params (varargs=0) at line 1139
[1;36mdebug: [0mc_header: w_name=nextup
[1;36mdebug: [0mc_header: parsed function nextup with 1 params (varargs=0) at line 1141
[1;36mdebug: [0mc_header: w_name=__nextup
[1;36mdebug: [0mc_header: parsed function __nextup with 1 params (varargs=0) at line 1141
[1;36mdebug: [0mc_header: w_name=remainder
[1;36mdebug: [0mc_header: parsed function remainder with 2 params (varargs=0) at line 1145
[1;36mdebug: [0mc_header: w_name=__remainder
[1;36mdebug: [0mc_header: parsed function __remainder with 2 params (varargs=0) at line 1145
[1;36mdebug: [0mc_header: w_name=scalbn
[1;36mdebug: [0mc_header: parsed function scalbn with 2 params (varargs=0) at line 1149
[1;36mdebug: [0mc_header: w_name=__scalbn
[1;36mdebug: [0mc_header: parsed function __scalbn with 2 params (varargs=0) at line 1149
[1;36mdebug: [0mc_header: w_name=ilogb
[1;36mdebug: [0mc_header: parsed function ilogb with 1 params (varargs=0) at line 1153
[1;36mdebug: [0mc_header: w_name=__ilogb
[1;36mdebug: [0mc_header: parsed function __ilogb with 1 params (varargs=0) at line 1153
[1;36mdebug: [0mc_header: w_name=llogb
[1;36mdebug: [0mc_header: parsed function llogb with 1 params (varargs=0) at line 1158
[1;36mdebug: [0mc_header: w_name=__llogb
[1;36mdebug: [0mc_header: parsed function __llogb with 1 params (varargs=0) at line 1158
[1;36mdebug: [0mc_header: w_name=scalbln
[1;36mdebug: [0mc_header: parsed function scalbln with 2 params (varargs=0) at line 1163
[1;36mdebug: [0mc_header: w_name=__scalbln
[1;36mdebug: [0mc_header: parsed function __scalbln with 2 params (varargs=0) at line 1163
[1;36mdebug: [0mc_header: w_name=nearbyint
[1;36mdebug: [0mc_header: parsed function nearbyint with 1 params (varargs=0) at line 1167
[1;36mdebug: [0mc_header: w_name=__nearbyint
[1;36mdebug: [0mc_header: parsed function __nearbyint with 1 params (varargs=0) at line 1167
[1;36mdebug: [0mc_header: w_name=round
[1;36mdebug: [0mc_header: parsed function round with 1 params (varargs=0) at line 1171
[1;36mdebug: [0mc_header: w_name=trunc
[1;36mdebug: [0mc_header: parsed function trunc with 1 params (varargs=0) at line 1175
[1;36mdebug: [0mc_header: w_name=remquo
[1;36mdebug: [0mc_header: parsed function remquo with 3 params (varargs=0) at line 1180
[1;36mdebug: [0mc_header: w_name=__remquo
[1;36mdebug: [0mc_header: parsed function __remquo with 3 params (varargs=0) at line 1180
[1;36mdebug: [0mc_header: w_name=lrint
[1;36mdebug: [0mc_header: parsed function lrint with 1 params (varargs=0) at line 1187
[1;36mdebug: [0mc_header: w_name=__lrint
[1;36mdebug: [0mc_header: parsed function __lrint with 1 params (varargs=0) at line 1187
[1;36mdebug: [0mc_header: w_name=llrint
[1;36mdebug: [0mc_header: parsed function llrint with 1 params (varargs=0) at line 1189
[1;36mdebug: [0mc_header: w_name=__llrint
[1;36mdebug: [0mc_header: parsed function __llrint with 1 params (varargs=0) at line 1189
[1;36mdebug: [0mc_header: w_name=lround
[1;36mdebug: [0mc_header: parsed function lround with 1 params (varargs=0) at line 1193
[1;36mdebug: [0mc_header: w_name=__lround
[1;36mdebug: [0mc_header: parsed function __lround with 1 params (varargs=0) at line 1193
[1;36mdebug: [0mc_header: w_name=llround
[1;36mdebug: [0mc_header: parsed function llround with 1 params (varargs=0) at line 1195
[1;36mdebug: [0mc_header: w_name=__llround
[1;36mdebug: [0mc_header: parsed function __llround with 1 params (varargs=0) at line 1195
[1;36mdebug: [0mc_header: w_name=fdim
[1;36mdebug: [0mc_header: parsed function fdim with 2 params (varargs=0) at line 1199
[1;36mdebug: [0mc_header: w_name=__fdim
[1;36mdebug: [0mc_header: parsed function __fdim with 2 params (varargs=0) at line 1199
[1;36mdebug: [0mc_header: w_name=fmax
[1;36mdebug: [0mc_header: parsed function fmax with 2 params (varargs=0) at line 1203
[1;36mdebug: [0mc_header: w_name=fmin
[1;36mdebug: [0mc_header: parsed function fmin with 2 params (varargs=0) at line 1206
[1;36mdebug: [0mc_header: w_name=fma
[1;36mdebug: [0mc_header: parsed function fma with 3 params (varargs=0) at line 1210
[1;36mdebug: [0mc_header: w_name=__fma
[1;36mdebug: [0mc_header: parsed function __fma with 3 params (varargs=0) at line 1210
[1;36mdebug: [0mc_header: w_name=roundeven
[1;36mdebug: [0mc_header: parsed function roundeven with 1 params (varargs=0) at line 1215
[1;36mdebug: [0mc_header: w_name=fromfp
[1;36mdebug: [0mc_header: parsed function fromfp with 3 params (varargs=0) at line 1219
[1;36mdebug: [0mc_header: w_name=__fromfp
[1;36mdebug: [0mc_header: parsed function __fromfp with 3 params (varargs=0) at line 1219
[1;36mdebug: [0mc_header: w_name=ufromfp
[1;36mdebug: [0mc_header: parsed function ufromfp with 3 params (varargs=0) at line 1223
[1;36mdebug: [0mc_header: w_name=__ufromfp
[1;36mdebug: [0mc_header: parsed function __ufromfp with 3 params (varargs=0) at line 1223
[1;36mdebug: [0mc_header: w_name=fromfpx
[1;36mdebug: [0mc_header: parsed function fromfpx with 3 params (varargs=0) at line 1228
[1;36mdebug: [0mc_header: w_name=__fromfpx
[1;36mdebug: [0mc_header: parsed function __fromfpx with 3 params (varargs=0) at line 1228
[1;36mdebug: [0mc_header: w_name=ufromfpx
[1;36mdebug: [0mc_header: parsed function ufromfpx with 3 params (varargs=0) at line 1233
[1;36mdebug: [0mc_header: w_name=__ufromfpx
[1;36mdebug: [0mc_header: parsed function __ufromfpx with 3 params (varargs=0) at line 1233
[1;36mdebug: [0mc_header: w_name=canonicalize
[1;36mdebug: [0mc_header: parsed function canonicalize with 2 params (varargs=0) at line 1236
[1;36mdebug: [0mc_header: w_name=fmaximum
[1;36mdebug: [0mc_header: parsed function fmaximum with 2 params (varargs=0) at line 1238
[1;36mdebug: [0mc_header: w_name=fminimum
[1;36mdebug: [0mc_header: parsed function fminimum with 2 params (varargs=0) at line 1241
[1;36mdebug: [0mc_header: w_name=fmaximum_num
[1;36mdebug: [0mc_header: parsed function fmaximum_num with 2 params (varargs=0) at line 1244
[1;36mdebug: [0mc_header: w_name=fminimum_num
[1;36mdebug: [0mc_header: parsed function fminimum_num with 2 params (varargs=0) at line 1247
[1;36mdebug: [0mc_header: w_name=fmaximum_mag
[1;36mdebug: [0mc_header: parsed function fmaximum_mag with 2 params (varargs=0) at line 1250
[1;36mdebug: [0mc_header: w_name=fminimum_mag
[1;36mdebug: [0mc_header: parsed function fminimum_mag with 2 params (varargs=0) at line 1253
[1;36mdebug: [0mc_header: w_name=fmaximum_mag_num
[1;36mdebug: [0mc_header: parsed function fmaximum_mag_num with 2 params (varargs=0) at line 1256
[1;36mdebug: [0mc_header: w_name=fminimum_mag_num
[1;36mdebug: [0mc_header: parsed function fminimum_mag_num with 2 params (varargs=0) at line 1259
[1;36mdebug: [0mc_header: w_name=scalb
[1;36mdebug: [0mc_header: parsed function scalb with 2 params (varargs=0) at line 1261
[1;36mdebug: [0mc_header: w_name=__scalb
[1;36mdebug: [0mc_header: parsed function __scalb with 2 params (varargs=0) at line 1261
[1;36mdebug: [0mc_header: w_name=__fpclassifyf
[1;36mdebug: [0mc_header: parsed function __fpclassifyf with 1 params (varargs=0) at line 1266
[1;36mdebug: [0mc_header: w_name=__signbitf
[1;36mdebug: [0mc_header: parsed function __signbitf with 1 params (varargs=0) at line 1270
[1;36mdebug: [0mc_header: w_name=__isinff
[1;36mdebug: [0mc_header: parsed function __isinff with 1 params (varargs=0) at line 1275
[1;36mdebug: [0mc_header: w_name=__finitef
[1;36mdebug: [0mc_header: parsed function __finitef with 1 params (varargs=0) at line 1279
[1;36mdebug: [0mc_header: w_name=__isnanf
[1;36mdebug: [0mc_header: parsed function __isnanf with 1 params (varargs=0) at line 1283
[1;36mdebug: [0mc_header: w_name=__iseqsigf
[1;36mdebug: [0mc_header: parsed function __iseqsigf with 2 params (varargs=0) at line 1287
[1;36mdebug: [0mc_header: w_name=__issignalingf
[1;36mdebug: [0mc_header: parsed function __issignalingf with 1 params (varargs=0) at line 1290
[1;36mdebug: [0mc_header: w_name=acosf
[1;36mdebug: [0mc_header: parsed function acosf with 1 params (varargs=0) at line 1295
[1;36mdebug: [0mc_header: w_name=__acosf
[1;36mdebug: [0mc_header: parsed function __acosf with 1 params (varargs=0) at line 1295
[1;36mdebug: [0mc_header: w_name=asinf
[1;36mdebug: [0mc_header: parsed function asinf with 1 params (varargs=0) at line 1297
[1;36mdebug: [0mc_header: w_name=__asinf
[1;36mdebug: [0mc_header: parsed function __asinf with 1 params (varargs=0) at line 1297
[1;36mdebug: [0mc_header: w_name=atanf
[1;36mdebug: [0mc_header: parsed function atanf with 1 params (varargs=0) at line 1299
[1;36mdebug: [0mc_header: w_name=__atanf
[1;36mdebug: [0mc_header: parsed function __atanf with 1 params (varargs=0) at line 1299
[1;36mdebug: [0mc_header: w_name=atan2f
[1;36mdebug: [0mc_header: parsed function atan2f with 2 params (varargs=0) at line 1301
[1;36mdebug: [0mc_header: w_name=__atan2f
[1;36mdebug: [0mc_header: parsed function __atan2f with 2 params (varargs=0) at line 1301
[1;36mdebug: [0mc_header: w_name=cosf
[1;36mdebug: [0mc_header: parsed function cosf with 1 params (varargs=0) at line 1304
[1;36mdebug: [0mc_header: w_name=__cosf
[1;36mdebug: [0mc_header: parsed function __cosf with 1 params (varargs=0) at line 1304
[1;36mdebug: [0mc_header: w_name=sinf
[1;36mdebug: [0mc_header: parsed function sinf with 1 params (varargs=0) at line 1306
[1;36mdebug: [0mc_header: w_name=__sinf
[1;36mdebug: [0mc_header: parsed function __sinf with 1 params (varargs=0) at line 1306
[1;36mdebug: [0mc_header: w_name=tanf
[1;36mdebug: [0mc_header: parsed function tanf with 1 params (varargs=0) at line 1308
[1;36mdebug: [0mc_header: w_name=__tanf
[1;36mdebug: [0mc_header: parsed function __tanf with 1 params (varargs=0) at line 1308
[1;36mdebug: [0mc_header: w_name=acospif
[1;36mdebug: [0mc_header: parsed function acospif with 1 params (varargs=0) at line 1312
[1;36mdebug: [0mc_header: w_name=__acospif
[1;36mdebug: [0mc_header: parsed function __acospif with 1 params (varargs=0) at line 1312
[1;36mdebug: [0mc_header: w_name=acospif
[1;36mdebug: [0mc_header: parsed function acospif with 1 params (varargs=0) at line 1313
[1;36mdebug: [0mc_header: w_name=__acospif
[1;36mdebug: [0mc_header: parsed function __acospif with 1 params (varargs=0) at line 1313
[1;36mdebug: [0mc_header: w_name=asinpif
[1;36mdebug: [0mc_header: parsed function asinpif with 1 params (varargs=0) at line 1315
[1;36mdebug: [0mc_header: w_name=__asinpif
[1;36mdebug: [0mc_header: parsed function __asinpif with 1 params (varargs=0) at line 1315
[1;36mdebug: [0mc_header: w_name=asinpif
[1;36mdebug: [0mc_header: parsed function asinpif with 1 params (varargs=0) at line 1316
[1;36mdebug: [0mc_header: w_name=__asinpif
[1;36mdebug: [0mc_header: parsed function __asinpif with 1 params (varargs=0) at line 1316
[1;36mdebug: [0mc_header: w_name=atanpif
[1;36mdebug: [0mc_header: parsed function atanpif with 1 params (varargs=0) at line 1318
[1;36mdebug: [0mc_header: w_name=__atanpif
[1;36mdebug: [0mc_header: parsed function __atanpif with 1 params (varargs=0) at line 1318
[1;36mdebug: [0mc_header: w_name=atanpif
[1;36mdebug: [0mc_header: parsed function atanpif with 1 params (varargs=0) at line 1319
[1;36mdebug: [0mc_header: w_name=__atanpif
[1;36mdebug: [0mc_header: parsed function __atanpif with 1 params (varargs=0) at line 1319
[1;36mdebug: [0mc_header: w_name=atan2pif
[1;36mdebug: [0mc_header: parsed function atan2pif with 2 params (varargs=0) at line 1321
[1;36mdebug: [0mc_header: w_name=__atan2pif
[1;36mdebug: [0mc_header: parsed function __atan2pif with 2 params (varargs=0) at line 1321
[1;36mdebug: [0mc_header: w_name=atan2pif
[1;36mdebug: [0mc_header: parsed function atan2pif with 2 params (varargs=0) at line 1322
[1;36mdebug: [0mc_header: w_name=__atan2pif
[1;36mdebug: [0mc_header: parsed function __atan2pif with 2 params (varargs=0) at line 1322
[1;36mdebug: [0mc_header: w_name=cospif
[1;36mdebug: [0mc_header: parsed function cospif with 1 params (varargs=0) at line 1325
[1;36mdebug: [0mc_header: w_name=__cospif
[1;36mdebug: [0mc_header: parsed function __cospif with 1 params (varargs=0) at line 1325
[1;36mdebug: [0mc_header: w_name=sinpif
[1;36mdebug: [0mc_header: parsed function sinpif with 1 params (varargs=0) at line 1327
[1;36mdebug: [0mc_header: w_name=__sinpif
[1;36mdebug: [0mc_header: parsed function __sinpif with 1 params (varargs=0) at line 1327
[1;36mdebug: [0mc_header: w_name=tanpif
[1;36mdebug: [0mc_header: parsed function tanpif with 1 params (varargs=0) at line 1329
[1;36mdebug: [0mc_header: w_name=__tanpif
[1;36mdebug: [0mc_header: parsed function __tanpif with 1 params (varargs=0) at line 1329
[1;36mdebug: [0mc_header: w_name=coshf
[1;36mdebug: [0mc_header: parsed function coshf with 1 params (varargs=0) at line 1335
[1;36mdebug: [0mc_header: w_name=__coshf
[1;36mdebug: [0mc_header: parsed function __coshf with 1 params (varargs=0) at line 1335
[1;36mdebug: [0mc_header: w_name=sinhf
[1;36mdebug: [0mc_header: parsed function sinhf with 1 params (varargs=0) at line 1337
[1;36mdebug: [0mc_header: w_name=__sinhf
[1;36mdebug: [0mc_header: parsed function __sinhf with 1 params (varargs=0) at line 1337
[1;36mdebug: [0mc_header: w_name=tanhf
[1;36mdebug: [0mc_header: parsed function tanhf with 1 params (varargs=0) at line 1339
[1;36mdebug: [0mc_header: w_name=__tanhf
[1;36mdebug: [0mc_header: parsed function __tanhf with 1 params (varargs=0) at line 1339
[1;36mdebug: [0mc_header: w_name=acoshf
[1;36mdebug: [0mc_header: parsed function acoshf with 1 params (varargs=0) at line 1341
[1;36mdebug: [0mc_header: w_name=__acoshf
[1;36mdebug: [0mc_header: parsed function __acoshf with 1 params (varargs=0) at line 1341
[1;36mdebug: [0mc_header: w_name=asinhf
[1;36mdebug: [0mc_header: parsed function asinhf with 1 params (varargs=0) at line 1343
[1;36mdebug: [0mc_header: w_name=__asinhf
[1;36mdebug: [0mc_header: parsed function __asinhf with 1 params (varargs=0) at line 1343
[1;36mdebug: [0mc_header: w_name=atanhf
[1;36mdebug: [0mc_header: parsed function atanhf with 1 params (varargs=0) at line 1345
[1;36mdebug: [0mc_header: w_name=__atanhf
[1;36mdebug: [0mc_header: parsed function __atanhf with 1 params (varargs=0) at line 1345
[1;36mdebug: [0mc_header: w_name=expf
[1;36mdebug: [0mc_header: parsed function expf with 1 params (varargs=0) at line 1351
[1;36mdebug: [0mc_header: w_name=__expf
[1;36mdebug: [0mc_header: parsed function __expf with 1 params (varargs=0) at line 1351
[1;36mdebug: [0mc_header: w_name=frexpf
[1;36mdebug: [0mc_header: parsed function frexpf with 2 params (varargs=0) at line 1354
[1;36mdebug: [0mc_header: w_name=__frexpf
[1;36mdebug: [0mc_header: parsed function __frexpf with 2 params (varargs=0) at line 1354
[1;36mdebug: [0mc_header: w_name=ldexpf
[1;36mdebug: [0mc_header: parsed function ldexpf with 2 params (varargs=0) at line 1357
[1;36mdebug: [0mc_header: w_name=__ldexpf
[1;36mdebug: [0mc_header: parsed function __ldexpf with 2 params (varargs=0) at line 1357
[1;36mdebug: [0mc_header: w_name=logf
[1;36mdebug: [0mc_header: parsed function logf with 1 params (varargs=0) at line 1360
[1;36mdebug: [0mc_header: w_name=__logf
[1;36mdebug: [0mc_header: parsed function __logf with 1 params (varargs=0) at line 1360
[1;36mdebug: [0mc_header: w_name=log10f
[1;36mdebug: [0mc_header: parsed function log10f with 1 params (varargs=0) at line 1363
[1;36mdebug: [0mc_header: w_name=__log10f
[1;36mdebug: [0mc_header: parsed function __log10f with 1 params (varargs=0) at line 1363
[1;36mdebug: [0mc_header: w_name=modff
[1;36mdebug: [0mc_header: parsed function modff with 2 params (varargs=0) at line 1366
[1;36mdebug: [0mc_header: w_name=__modff
[1;36mdebug: [0mc_header: parsed function __modff with 2 params (varargs=0) at line 1366
[1;36mdebug: [0mc_header: w_name=exp10f
[1;36mdebug: [0mc_header: parsed function exp10f with 1 params (varargs=0) at line 1370
[1;36mdebug: [0mc_header: w_name=__exp10f
[1;36mdebug: [0mc_header: parsed function __exp10f with 1 params (varargs=0) at line 1370
[1;36mdebug: [0mc_header: w_name=exp2m1f
[1;36mdebug: [0mc_header: parsed function exp2m1f with 1 params (varargs=0) at line 1373
[1;36mdebug: [0mc_header: w_name=__exp2m1f
[1;36mdebug: [0mc_header: parsed function __exp2m1f with 1 params (varargs=0) at line 1373
[1;36mdebug: [0mc_header: w_name=exp10m1f
[1;36mdebug: [0mc_header: parsed function exp10m1f with 1 params (varargs=0) at line 1376
[1;36mdebug: [0mc_header: w_name=__exp10m1f
[1;36mdebug: [0mc_header: parsed function __exp10m1f with 1 params (varargs=0) at line 1376
[1;36mdebug: [0mc_header: w_name=log2p1f
[1;36mdebug: [0mc_header: parsed function log2p1f with 1 params (varargs=0) at line 1379
[1;36mdebug: [0mc_header: w_name=__log2p1f
[1;36mdebug: [0mc_header: parsed function __log2p1f with 1 params (varargs=0) at line 1379
[1;36mdebug: [0mc_header: w_name=log10p1f
[1;36mdebug: [0mc_header: parsed function log10p1f with 1 params (varargs=0) at line 1382
[1;36mdebug: [0mc_header: w_name=__log10p1f
[1;36mdebug: [0mc_header: parsed function __log10p1f with 1 params (varargs=0) at line 1382
[1;36mdebug: [0mc_header: w_name=logp1f
[1;36mdebug: [0mc_header: parsed function logp1f with 1 params (varargs=0) at line 1385
[1;36mdebug: [0mc_header: w_name=__logp1f
[1;36mdebug: [0mc_header: parsed function __logp1f with 1 params (varargs=0) at line 1385
[1;36mdebug: [0mc_header: w_name=expm1f
[1;36mdebug: [0mc_header: parsed function expm1f with 1 params (varargs=0) at line 1390
[1;36mdebug: [0mc_header: w_name=__expm1f
[1;36mdebug: [0mc_header: parsed function __expm1f with 1 params (varargs=0) at line 1390
[1;36mdebug: [0mc_header: w_name=log1pf
[1;36mdebug: [0mc_header: parsed function log1pf with 1 params (varargs=0) at line 1393
[1;36mdebug: [0mc_header: w_name=__log1pf
[1;36mdebug: [0mc_header: parsed function __log1pf with 1 params (varargs=0) at line 1393
[1;36mdebug: [0mc_header: w_name=logbf
[1;36mdebug: [0mc_header: parsed function logbf with 1 params (varargs=0) at line 1396
[1;36mdebug: [0mc_header: w_name=__logbf
[1;36mdebug: [0mc_header: parsed function __logbf with 1 params (varargs=0) at line 1396
[1;36mdebug: [0mc_header: w_name=exp2f
[1;36mdebug: [0mc_header: parsed function exp2f with 1 params (varargs=0) at line 1401
[1;36mdebug: [0mc_header: w_name=__exp2f
[1;36mdebug: [0mc_header: parsed function __exp2f with 1 params (varargs=0) at line 1401
[1;36mdebug: [0mc_header: w_name=log2f
[1;36mdebug: [0mc_header: parsed function log2f with 1 params (varargs=0) at line 1404
[1;36mdebug: [0mc_header: w_name=__log2f
[1;36mdebug: [0mc_header: parsed function __log2f with 1 params (varargs=0) at line 1404
[1;36mdebug: [0mc_header: w_name=powf
[1;36mdebug: [0mc_header: parsed function powf with 2 params (varargs=0) at line 1411
[1;36mdebug: [0mc_header: w_name=__powf
[1;36mdebug: [0mc_header: parsed function __powf with 2 params (varargs=0) at line 1411
[1;36mdebug: [0mc_header: w_name=sqrtf
[1;36mdebug: [0mc_header: parsed function sqrtf with 1 params (varargs=0) at line 1414
[1;36mdebug: [0mc_header: w_name=__sqrtf
[1;36mdebug: [0mc_header: parsed function __sqrtf with 1 params (varargs=0) at line 1414
[1;36mdebug: [0mc_header: w_name=hypotf
[1;36mdebug: [0mc_header: parsed function hypotf with 2 params (varargs=0) at line 1418
[1;36mdebug: [0mc_header: w_name=__hypotf
[1;36mdebug: [0mc_header: parsed function __hypotf with 2 params (varargs=0) at line 1418
[1;36mdebug: [0mc_header: w_name=cbrtf
[1;36mdebug: [0mc_header: parsed function cbrtf with 1 params (varargs=0) at line 1423
[1;36mdebug: [0mc_header: w_name=__cbrtf
[1;36mdebug: [0mc_header: parsed function __cbrtf with 1 params (varargs=0) at line 1423
[1;36mdebug: [0mc_header: w_name=compoundnf
[1;36mdebug: [0mc_header: parsed function compoundnf with 2 params (varargs=0) at line 1428
[1;36mdebug: [0mc_header: w_name=__compoundnf
[1;36mdebug: [0mc_header: parsed function __compoundnf with 2 params (varargs=0) at line 1428
[1;36mdebug: [0mc_header: w_name=pownf
[1;36mdebug: [0mc_header: parsed function pownf with 2 params (varargs=0) at line 1431
[1;36mdebug: [0mc_header: w_name=__pownf
[1;36mdebug: [0mc_header: parsed function __pownf with 2 params (varargs=0) at line 1431
[1;36mdebug: [0mc_header: w_name=powrf
[1;36mdebug: [0mc_header: parsed function powrf with 2 params (varargs=0) at line 1434
[1;36mdebug: [0mc_header: w_name=__powrf
[1;36mdebug: [0mc_header: parsed function __powrf with 2 params (varargs=0) at line 1434
[1;36mdebug: [0mc_header: w_name=powrf
[1;36mdebug: [0mc_header: parsed function powrf with 2 params (varargs=0) at line 1435
[1;36mdebug: [0mc_header: w_name=__powrf
[1;36mdebug: [0mc_header: parsed function __powrf with 2 params (varargs=0) at line 1435
[1;36mdebug: [0mc_header: w_name=rootnf
[1;36mdebug: [0mc_header: parsed function rootnf with 2 params (varargs=0) at line 1438
[1;36mdebug: [0mc_header: w_name=__rootnf
[1;36mdebug: [0mc_header: parsed function __rootnf with 2 params (varargs=0) at line 1438
[1;36mdebug: [0mc_header: w_name=rsqrtf
[1;36mdebug: [0mc_header: parsed function rsqrtf with 1 params (varargs=0) at line 1441
[1;36mdebug: [0mc_header: w_name=__rsqrtf
[1;36mdebug: [0mc_header: parsed function __rsqrtf with 1 params (varargs=0) at line 1441
[1;36mdebug: [0mc_header: w_name=ceilf
[1;36mdebug: [0mc_header: parsed function ceilf with 1 params (varargs=0) at line 1448
[1;36mdebug: [0mc_header: w_name=fabsf
[1;36mdebug: [0mc_header: parsed function fabsf with 1 params (varargs=0) at line 1451
[1;36mdebug: [0mc_header: w_name=floorf
[1;36mdebug: [0mc_header: parsed function floorf with 1 params (varargs=0) at line 1454
[1;36mdebug: [0mc_header: w_name=fmodf
[1;36mdebug: [0mc_header: parsed function fmodf with 2 params (varargs=0) at line 1457
[1;36mdebug: [0mc_header: w_name=__fmodf
[1;36mdebug: [0mc_header: parsed function __fmodf with 2 params (varargs=0) at line 1457
[1;36mdebug: [0mc_header: w_name=isinff
[1;36mdebug: [0mc_header: parsed function isinff with 1 params (varargs=0) at line 1459
[1;36mdebug: [0mc_header: w_name=finitef
[1;36mdebug: [0mc_header: parsed function finitef with 1 params (varargs=0) at line 1465
[1;36mdebug: [0mc_header: w_name=dremf
[1;36mdebug: [0mc_header: parsed function dremf with 2 params (varargs=0) at line 1469
[1;36mdebug: [0mc_header: w_name=__dremf
[1;36mdebug: [0mc_header: parsed function __dremf with 2 params (varargs=0) at line 1469
[1;36mdebug: [0mc_header: w_name=significandf
[1;36mdebug: [0mc_header: parsed function significandf with 1 params (varargs=0) at line 1473
[1;36mdebug: [0mc_header: w_name=__significandf
[1;36mdebug: [0mc_header: parsed function __significandf with 1 params (varargs=0) at line 1473
[1;36mdebug: [0mc_header: w_name=copysignf
[1;36mdebug: [0mc_header: parsed function copysignf with 2 params (varargs=0) at line 1480
[1;36mdebug: [0mc_header: w_name=nanf
[1;36mdebug: [0mc_header: parsed function nanf with 1 params (varargs=0) at line 1485
[1;36mdebug: [0mc_header: w_name=__nanf
[1;36mdebug: [0mc_header: parsed function __nanf with 1 params (varargs=0) at line 1485
[1;36mdebug: [0mc_header: w_name=isnanf
[1;36mdebug: [0mc_header: parsed function isnanf with 1 params (varargs=0) at line 1487
[1;36mdebug: [0mc_header: w_name=j0f
[1;36mdebug: [0mc_header: parsed function j0f with 1 params (varargs=0) at line 1494
[1;36mdebug: [0mc_header: w_name=__j0f
[1;36mdebug: [0mc_header: parsed function __j0f with 1 params (varargs=0) at line 1494
[1;36mdebug: [0mc_header: w_name=j1f
[1;36mdebug: [0mc_header: parsed function j1f with 1 params (varargs=0) at line 1495
[1;36mdebug: [0mc_header: w_name=__j1f
[1;36mdebug: [0mc_header: parsed function __j1f with 1 params (varargs=0) at line 1495
[1;36mdebug: [0mc_header: w_name=jnf
[1;36mdebug: [0mc_header: parsed function jnf with 2 params (varargs=0) at line 1496
[1;36mdebug: [0mc_header: w_name=__jnf
[1;36mdebug: [0mc_header: parsed function __jnf with 2 params (varargs=0) at line 1496
[1;36mdebug: [0mc_header: w_name=y0f
[1;36mdebug: [0mc_header: parsed function y0f with 1 params (varargs=0) at line 1497
[1;36mdebug: [0mc_header: w_name=__y0f
[1;36mdebug: [0mc_header: parsed function __y0f with 1 params (varargs=0) at line 1497
[1;36mdebug: [0mc_header: w_name=y1f
[1;36mdebug: [0mc_header: parsed function y1f with 1 params (varargs=0) at line 1498
[1;36mdebug: [0mc_header: w_name=__y1f
[1;36mdebug: [0mc_header: parsed function __y1f with 1 params (varargs=0) at line 1498
[1;36mdebug: [0mc_header: w_name=ynf
[1;36mdebug: [0mc_header: parsed function ynf with 2 params (varargs=0) at line 1499
[1;36mdebug: [0mc_header: w_name=__ynf
[1;36mdebug: [0mc_header: parsed function __ynf with 2 params (varargs=0) at line 1499
[1;36mdebug: [0mc_header: w_name=erff
[1;36mdebug: [0mc_header: parsed function erff with 1 params (varargs=0) at line 1505
[1;36mdebug: [0mc_header: w_name=__erff
[1;36mdebug: [0mc_header: parsed function __erff with 1 params (varargs=0) at line 1505
[1;36mdebug: [0mc_header: w_name=erfcf
[1;36mdebug: [0mc_header: parsed function erfcf with 1 params (varargs=0) at line 1506
[1;36mdebug: [0mc_header: w_name=__erfcf
[1;36mdebug: [0mc_header: parsed function __erfcf with 1 params (varargs=0) at line 1506
[1;36mdebug: [0mc_header: w_name=lgammaf
[1;36mdebug: [0mc_header: parsed function lgammaf with 1 params (varargs=0) at line 1507
[1;36mdebug: [0mc_header: w_name=__lgammaf
[1;36mdebug: [0mc_header: parsed function __lgammaf with 1 params (varargs=0) at line 1507
[1;36mdebug: [0mc_header: w_name=tgammaf
[1;36mdebug: [0mc_header: parsed function tgammaf with 1 params (varargs=0) at line 1512
[1;36mdebug: [0mc_header: w_name=__tgammaf
[1;36mdebug: [0mc_header: parsed function __tgammaf with 1 params (varargs=0) at line 1512
[1;36mdebug: [0mc_header: w_name=gammaf
[1;36mdebug: [0mc_header: parsed function gammaf with 1 params (varargs=0) at line 1518
[1;36mdebug: [0mc_header: w_name=__gammaf
[1;36mdebug: [0mc_header: parsed function __gammaf with 1 params (varargs=0) at line 1518
[1;36mdebug: [0mc_header: w_name=lgammaf_r
[1;36mdebug: [0mc_header: parsed function lgammaf_r with 2 params (varargs=0) at line 1526
[1;36mdebug: [0mc_header: w_name=__lgammaf_r
[1;36mdebug: [0mc_header: parsed function __lgammaf_r with 2 params (varargs=0) at line 1526
[1;36mdebug: [0mc_header: w_name=rintf
[1;36mdebug: [0mc_header: parsed function rintf with 1 params (varargs=0) at line 1533
[1;36mdebug: [0mc_header: w_name=__rintf
[1;36mdebug: [0mc_header: parsed function __rintf with 1 params (varargs=0) at line 1533
[1;36mdebug: [0mc_header: w_name=nextafterf
[1;36mdebug: [0mc_header: parsed function nextafterf with 2 params (varargs=0) at line 1536
[1;36mdebug: [0mc_header: w_name=__nextafterf
[1;36mdebug: [0mc_header: parsed function __nextafterf with 2 params (varargs=0) at line 1536
[1;36mdebug: [0mc_header: w_name=nexttowardf
[1;36mdebug: [0mc_header: parsed function nexttowardf with 2 params (varargs=0) at line 1538
[1;36mdebug: [0mc_header: w_name=__nexttowardf
[1;36mdebug: [0mc_header: parsed function __nexttowardf with 2 params (varargs=0) at line 1538
[1;36mdebug: [0mc_header: w_name=nextdownf
[1;36mdebug: [0mc_header: parsed function nextdownf with 1 params (varargs=0) at line 1543
[1;36mdebug: [0mc_header: w_name=__nextdownf
[1;36mdebug: [0mc_header: parsed function __nextdownf with 1 params (varargs=0) at line 1543
[1;36mdebug: [0mc_header: w_name=nextupf
[1;36mdebug: [0mc_header: parsed function nextupf with 1 params (varargs=0) at line 1545
[1;36mdebug: [0mc_header: w_name=__nextupf
[1;36mdebug: [0mc_header: parsed function __nextupf with 1 params (varargs=0) at line 1545
[1;36mdebug: [0mc_header: w_name=remainderf
[1;36mdebug: [0mc_header: parsed function remainderf with 2 params (varargs=0) at line 1549
[1;36mdebug: [0mc_header: w_name=__remainderf
[1;36mdebug: [0mc_header: parsed function __remainderf with 2 params (varargs=0) at line 1549
[1;36mdebug: [0mc_header: w_name=scalbnf
[1;36mdebug: [0mc_header: parsed function scalbnf with 2 params (varargs=0) at line 1553
[1;36mdebug: [0mc_header: w_name=__scalbnf
[1;36mdebug: [0mc_header: parsed function __scalbnf with 2 params (varargs=0) at line 1553
[1;36mdebug: [0mc_header: w_name=ilogbf
[1;36mdebug: [0mc_header: parsed function ilogbf with 1 params (varargs=0) at line 1557
[1;36mdebug: [0mc_header: w_name=__ilogbf
[1;36mdebug: [0mc_header: parsed function __ilogbf with 1 params (varargs=0) at line 1557
[1;36mdebug: [0mc_header: w_name=llogbf
[1;36mdebug: [0mc_header: parsed function llogbf with 1 params (varargs=0) at line 1562
[1;36mdebug: [0mc_header: w_name=__llogbf
[1;36mdebug: [0mc_header: parsed function __llogbf with 1 params (varargs=0) at line 1562
[1;36mdebug: [0mc_header: w_name=scalblnf
[1;36mdebug: [0mc_header: parsed function scalblnf with 2 params (varargs=0) at line 1567
[1;36mdebug: [0mc_header: w_name=__scalblnf
[1;36mdebug: [0mc_header: parsed function __scalblnf with 2 params (varargs=0) at line 1567
[1;36mdebug: [0mc_header: w_name=nearbyintf
[1;36mdebug: [0mc_header: parsed function nearbyintf with 1 params (varargs=0) at line 1571
[1;36mdebug: [0mc_header: w_name=__nearbyintf
[1;36mdebug: [0mc_header: parsed function __nearbyintf with 1 params (varargs=0) at line 1571
[1;36mdebug: [0mc_header: w_name=roundf
[1;36mdebug: [0mc_header: parsed function roundf with 1 params (varargs=0) at line 1575
[1;36mdebug: [0mc_header: w_name=truncf
[1;36mdebug: [0mc_header: parsed function truncf with 1 params (varargs=0) at line 1579
[1;36mdebug: [0mc_header: w_name=remquof
[1;36mdebug: [0mc_header: parsed function remquof with 3 params (varargs=0) at line 1584
[1;36mdebug: [0mc_header: w_name=__remquof
[1;36mdebug: [0mc_header: parsed function __remquof with 3 params (varargs=0) at line 1584
[1;36mdebug: [0mc_header: w_name=lrintf
[1;36mdebug: [0mc_header: parsed function lrintf with 1 params (varargs=0) at line 1591
[1;36mdebug: [0mc_header: w_name=__lrintf
[1;36mdebug: [0mc_header: parsed function __lrintf with 1 params (varargs=0) at line 1591
[1;36mdebug: [0mc_header: w_name=llrintf
[1;36mdebug: [0mc_header: parsed function llrintf with 1 params (varargs=0) at line 1593
[1;36mdebug: [0mc_header: w_name=__llrintf
[1;36mdebug: [0mc_header: parsed function __llrintf with 1 params (varargs=0) at line 1593
[1;36mdebug: [0mc_header: w_name=lroundf
[1;36mdebug: [0mc_header: parsed function lroundf with 1 params (varargs=0) at line 1597
[1;36mdebug: [0mc_header: w_name=__lroundf
[1;36mdebug: [0mc_header: parsed function __lroundf with 1 params (varargs=0) at line 1597
[1;36mdebug: [0mc_header: w_name=llroundf
[1;36mdebug: [0mc_header: parsed function llroundf with 1 params (varargs=0) at line 1599
[1;36mdebug: [0mc_header: w_name=__llroundf
[1;36mdebug: [0mc_header: parsed function __llroundf with 1 params (varargs=0) at line 1599
[1;36mdebug: [0mc_header: w_name=fdimf
[1;36mdebug: [0mc_header: parsed function fdimf with 2 params (varargs=0) at line 1603
[1;36mdebug: [0mc_header: w_name=__fdimf
[1;36mdebug: [0mc_header: parsed function __fdimf with 2 params (varargs=0) at line 1603
[1;36mdebug: [0mc_header: w_name=fmaxf
[1;36mdebug: [0mc_header: parsed function fmaxf with 2 params (varargs=0) at line 1607
[1;36mdebug: [0mc_header: w_name=fminf
[1;36mdebug: [0mc_header: parsed function fminf with 2 params (varargs=0) at line 1610
[1;36mdebug: [0mc_header: w_name=fmaf
[1;36mdebug: [0mc_header: parsed function fmaf with 3 params (varargs=0) at line 1614
[1;36mdebug: [0mc_header: w_name=__fmaf
[1;36mdebug: [0mc_header: parsed function __fmaf with 3 params (varargs=0) at line 1614
[1;36mdebug: [0mc_header: w_name=roundevenf
[1;36mdebug: [0mc_header: parsed function roundevenf with 1 params (varargs=0) at line 1619
[1;36mdebug: [0mc_header: w_name=fromfpf
[1;36mdebug: [0mc_header: parsed function fromfpf with 3 params (varargs=0) at line 1623
[1;36mdebug: [0mc_header: w_name=__fromfpf
[1;36mdebug: [0mc_header: parsed function __fromfpf with 3 params (varargs=0) at line 1623
[1;36mdebug: [0mc_header: w_name=ufromfpf
[1;36mdebug: [0mc_header: parsed function ufromfpf with 3 params (varargs=0) at line 1627
[1;36mdebug: [0mc_header: w_name=__ufromfpf
[1;36mdebug: [0mc_header: parsed function __ufromfpf with 3 params (varargs=0) at line 1627
[1;36mdebug: [0mc_header: w_name=fromfpxf
[1;36mdebug: [0mc_header: parsed function fromfpxf with 3 params (varargs=0) at line 1632
[1;36mdebug: [0mc_header: w_name=__fromfpxf
[1;36mdebug: [0mc_header: parsed function __fromfpxf with 3 params (varargs=0) at line 1632
[1;36mdebug: [0mc_header: w_name=ufromfpxf
[1;36mdebug: [0mc_header: parsed function ufromfpxf with 3 params (varargs=0) at line 1637
[1;36mdebug: [0mc_header: w_name=__ufromfpxf
[1;36mdebug: [0mc_header: parsed function __ufromfpxf with 3 params (varargs=0) at line 1637
[1;36mdebug: [0mc_header: w_name=canonicalizef
[1;36mdebug: [0mc_header: parsed function canonicalizef with 2 params (varargs=0) at line 1640
[1;36mdebug: [0mc_header: w_name=fmaximumf
[1;36mdebug: [0mc_header: parsed function fmaximumf with 2 params (varargs=0) at line 1642
[1;36mdebug: [0mc_header: w_name=fminimumf
[1;36mdebug: [0mc_header: parsed function fminimumf with 2 params (varargs=0) at line 1645
[1;36mdebug: [0mc_header: w_name=fmaximum_numf
[1;36mdebug: [0mc_header: parsed function fmaximum_numf with 2 params (varargs=0) at line 1648
[1;36mdebug: [0mc_header: w_name=fminimum_numf
[1;36mdebug: [0mc_header: parsed function fminimum_numf with 2 params (varargs=0) at line 1651
[1;36mdebug: [0mc_header: w_name=fmaximum_magf
[1;36mdebug: [0mc_header: parsed function fmaximum_magf with 2 params (varargs=0) at line 1654
[1;36mdebug: [0mc_header: w_name=fminimum_magf
[1;36mdebug: [0mc_header: parsed function fminimum_magf with 2 params (varargs=0) at line 1657
[1;36mdebug: [0mc_header: w_name=fmaximum_mag_numf
[1;36mdebug: [0mc_header: parsed function fmaximum_mag_numf with 2 params (varargs=0) at line 1660
[1;36mdebug: [0mc_header: w_name=fminimum_mag_numf
[1;36mdebug: [0mc_header: parsed function fminimum_mag_numf with 2 params (varargs=0) at line 1663
[1;36mdebug: [0mc_header: w_name=scalbf
[1;36mdebug: [0mc_header: parsed function scalbf with 2 params (varargs=0) at line 1665
[1;36mdebug: [0mc_header: w_name=__scalbf
[1;36mdebug: [0mc_header: parsed function __scalbf with 2 params (varargs=0) at line 1665
[1;36mdebug: [0mc_header: w_name=__fpclassifyl
[1;36mdebug: [0mc_header: parsed function __fpclassifyl with 1 params (varargs=0) at line 1670
[1;36mdebug: [0mc_header: w_name=__signbitl
[1;36mdebug: [0mc_header: parsed function __signbitl with 1 params (varargs=0) at line 1674
[1;36mdebug: [0mc_header: w_name=__isinfl
[1;36mdebug: [0mc_header: parsed function __isinfl with 1 params (varargs=0) at line 1679
[1;36mdebug: [0mc_header: w_name=__finitel
[1;36mdebug: [0mc_header: parsed function __finitel with 1 params (varargs=0) at line 1683
[1;36mdebug: [0mc_header: w_name=__isnanl
[1;36mdebug: [0mc_header: parsed function __isnanl with 1 params (varargs=0) at line 1687
[1;36mdebug: [0mc_header: w_name=__iseqsigl
[1;36mdebug: [0mc_header: parsed function __iseqsigl with 2 params (varargs=0) at line 1691
[1;36mdebug: [0mc_header: w_name=__issignalingl
[1;36mdebug: [0mc_header: parsed function __issignalingl with 1 params (varargs=0) at line 1694
[1;36mdebug: [0mc_header: w_name=acosl
[1;36mdebug: [0mc_header: parsed function acosl with 1 params (varargs=0) at line 1699
[1;36mdebug: [0mc_header: w_name=__acosl
[1;36mdebug: [0mc_header: parsed function __acosl with 1 params (varargs=0) at line 1699
[1;36mdebug: [0mc_header: w_name=asinl
[1;36mdebug: [0mc_header: parsed function asinl with 1 params (varargs=0) at line 1701
[1;36mdebug: [0mc_header: w_name=__asinl
[1;36mdebug: [0mc_header: parsed function __asinl with 1 params (varargs=0) at line 1701
[1;36mdebug: [0mc_header: w_name=atanl
[1;36mdebug: [0mc_header: parsed function atanl with 1 params (varargs=0) at line 1703
[1;36mdebug: [0mc_header: w_name=__atanl
[1;36mdebug: [0mc_header: parsed function __atanl with 1 params (varargs=0) at line 1703
[1;36mdebug: [0mc_header: w_name=atan2l
[1;36mdebug: [0mc_header: parsed function atan2l with 2 params (varargs=0) at line 1705
[1;36mdebug: [0mc_header: w_name=__atan2l
[1;36mdebug: [0mc_header: parsed function __atan2l with 2 params (varargs=0) at line 1705
[1;36mdebug: [0mc_header: w_name=cosl
[1;36mdebug: [0mc_header: parsed function cosl with 1 params (varargs=0) at line 1708
[1;36mdebug: [0mc_header: w_name=__cosl
[1;36mdebug: [0mc_header: parsed function __cosl with 1 params (varargs=0) at line 1708
[1;36mdebug: [0mc_header: w_name=sinl
[1;36mdebug: [0mc_header: parsed function sinl with 1 params (varargs=0) at line 1710
[1;36mdebug: [0mc_header: w_name=__sinl
[1;36mdebug: [0mc_header: parsed function __sinl with 1 params (varargs=0) at line 1710
[1;36mdebug: [0mc_header: w_name=tanl
[1;36mdebug: [0mc_header: parsed function tanl with 1 params (varargs=0) at line 1712
[1;36mdebug: [0mc_header: w_name=__tanl
[1;36mdebug: [0mc_header: parsed function __tanl with 1 params (varargs=0) at line 1712
[1;36mdebug: [0mc_header: w_name=acospil
[1;36mdebug: [0mc_header: parsed function acospil with 1 params (varargs=0) at line 1716
[1;36mdebug: [0mc_header: w_name=__acospil
[1;36mdebug: [0mc_header: parsed function __acospil with 1 params (varargs=0) at line 1716
[1;36mdebug: [0mc_header: w_name=acospil
[1;36mdebug: [0mc_header: parsed function acospil with 1 params (varargs=0) at line 1717
[1;36mdebug: [0mc_header: w_name=__acospil
[1;36mdebug: [0mc_header: parsed function __acospil with 1 params (varargs=0) at line 1717
[1;36mdebug: [0mc_header: w_name=asinpil
[1;36mdebug: [0mc_header: parsed function asinpil with 1 params (varargs=0) at line 1719
[1;36mdebug: [0mc_header: w_name=__asinpil
[1;36mdebug: [0mc_header: parsed function __asinpil with 1 params (varargs=0) at line 1719
[1;36mdebug: [0mc_header: w_name=asinpil
[1;36mdebug: [0mc_header: parsed function asinpil with 1 params (varargs=0) at line 1720
[1;36mdebug: [0mc_header: w_name=__asinpil
[1;36mdebug: [0mc_header: parsed function __asinpil with 1 params (varargs=0) at line 1720
[1;36mdebug: [0mc_header: w_name=atanpil
[1;36mdebug: [0mc_header: parsed function atanpil with 1 params (varargs=0) at line 1722
[1;36mdebug: [0mc_header: w_name=__atanpil
[1;36mdebug: [0mc_header: parsed function __atanpil with 1 params (varargs=0) at line 1722
[1;36mdebug: [0mc_header: w_name=atanpil
[1;36mdebug: [0mc_header: parsed function atanpil with 1 params (varargs=0) at line 1723
[1;36mdebug: [0mc_header: w_name=__atanpil
[1;36mdebug: [0mc_header: parsed function __atanpil with 1 params (varargs=0) at line 1723
[1;36mdebug: [0mc_header: w_name=atan2pil
[1;36mdebug: [0mc_header: parsed function atan2pil with 2 params (varargs=0) at line 1725
[1;36mdebug: [0mc_header: w_name=__atan2pil
[1;36mdebug: [0mc_header: parsed function __atan2pil with 2 params (varargs=0) at line 1725
[1;36mdebug: [0mc_header: w_name=atan2pil
[1;36mdebug: [0mc_header: parsed function atan2pil with 2 params (varargs=0) at line 1726
[1;36mdebug: [0mc_header: w_name=__atan2pil
[1;36mdebug: [0mc_header: parsed function __atan2pil with 2 params (varargs=0) at line 1726
[1;36mdebug: [0mc_header: w_name=cospil
[1;36mdebug: [0mc_header: parsed function cospil with 1 params (varargs=0) at line 1729
[1;36mdebug: [0mc_header: w_name=__cospil
[1;36mdebug: [0mc_header: parsed function __cospil with 1 params (varargs=0) at line 1729
[1;36mdebug: [0mc_header: w_name=sinpil
[1;36mdebug: [0mc_header: parsed function sinpil with 1 params (varargs=0) at line 1731
[1;36mdebug: [0mc_header: w_name=__sinpil
[1;36mdebug: [0mc_header: parsed function __sinpil with 1 params (varargs=0) at line 1731
[1;36mdebug: [0mc_header: w_name=tanpil
[1;36mdebug: [0mc_header: parsed function tanpil with 1 params (varargs=0) at line 1733
[1;36mdebug: [0mc_header: w_name=__tanpil
[1;36mdebug: [0mc_header: parsed function __tanpil with 1 params (varargs=0) at line 1733
[1;36mdebug: [0mc_header: w_name=coshl
[1;36mdebug: [0mc_header: parsed function coshl with 1 params (varargs=0) at line 1739
[1;36mdebug: [0mc_header: w_name=__coshl
[1;36mdebug: [0mc_header: parsed function __coshl with 1 params (varargs=0) at line 1739
[1;36mdebug: [0mc_header: w_name=sinhl
[1;36mdebug: [0mc_header: parsed function sinhl with 1 params (varargs=0) at line 1741
[1;36mdebug: [0mc_header: w_name=__sinhl
[1;36mdebug: [0mc_header: parsed function __sinhl with 1 params (varargs=0) at line 1741
[1;36mdebug: [0mc_header: w_name=tanhl
[1;36mdebug: [0mc_header: parsed function tanhl with 1 params (varargs=0) at line 1743
[1;36mdebug: [0mc_header: w_name=__tanhl
[1;36mdebug: [0mc_header: parsed function __tanhl with 1 params (varargs=0) at line 1743
[1;36mdebug: [0mc_header: w_name=acoshl
[1;36mdebug: [0mc_header: parsed function acoshl with 1 params (varargs=0) at line 1745
[1;36mdebug: [0mc_header: w_name=__acoshl
[1;36mdebug: [0mc_header: parsed function __acoshl with 1 params (varargs=0) at line 1745
[1;36mdebug: [0mc_header: w_name=asinhl
[1;36mdebug: [0mc_header: parsed function asinhl with 1 params (varargs=0) at line 1747
[1;36mdebug: [0mc_header: w_name=__asinhl
[1;36mdebug: [0mc_header: parsed function __asinhl with 1 params (varargs=0) at line 1747
[1;36mdebug: [0mc_header: w_name=atanhl
[1;36mdebug: [0mc_header: parsed function atanhl with 1 params (varargs=0) at line 1749
[1;36mdebug: [0mc_header: w_name=__atanhl
[1;36mdebug: [0mc_header: parsed function __atanhl with 1 params (varargs=0) at line 1749
[1;36mdebug: [0mc_header: w_name=expl
[1;36mdebug: [0mc_header: parsed function expl with 1 params (varargs=0) at line 1755
[1;36mdebug: [0mc_header: w_name=__expl
[1;36mdebug: [0mc_header: parsed function __expl with 1 params (varargs=0) at line 1755
[1;36mdebug: [0mc_header: w_name=frexpl
[1;36mdebug: [0mc_header: parsed function frexpl with 2 params (varargs=0) at line 1758
[1;36mdebug: [0mc_header: w_name=__frexpl
[1;36mdebug: [0mc_header: parsed function __frexpl with 2 params (varargs=0) at line 1758
[1;36mdebug: [0mc_header: w_name=ldexpl
[1;36mdebug: [0mc_header: parsed function ldexpl with 2 params (varargs=0) at line 1761
[1;36mdebug: [0mc_header: w_name=__ldexpl
[1;36mdebug: [0mc_header: parsed function __ldexpl with 2 params (varargs=0) at line 1761
[1;36mdebug: [0mc_header: w_name=logl
[1;36mdebug: [0mc_header: parsed function logl with 1 params (varargs=0) at line 1764
[1;36mdebug: [0mc_header: w_name=__logl
[1;36mdebug: [0mc_header: parsed function __logl with 1 params (varargs=0) at line 1764
[1;36mdebug: [0mc_header: w_name=log10l
[1;36mdebug: [0mc_header: parsed function log10l with 1 params (varargs=0) at line 1767
[1;36mdebug: [0mc_header: w_name=__log10l
[1;36mdebug: [0mc_header: parsed function __log10l with 1 params (varargs=0) at line 1767
[1;36mdebug: [0mc_header: w_name=modfl
[1;36mdebug: [0mc_header: parsed function modfl with 2 params (varargs=0) at line 1770
[1;36mdebug: [0mc_header: w_name=__modfl
[1;36mdebug: [0mc_header: parsed function __modfl with 2 params (varargs=0) at line 1770
[1;36mdebug: [0mc_header: w_name=exp10l
[1;36mdebug: [0mc_header: parsed function exp10l with 1 params (varargs=0) at line 1774
[1;36mdebug: [0mc_header: w_name=__exp10l
[1;36mdebug: [0mc_header: parsed function __exp10l with 1 params (varargs=0) at line 1774
[1;36mdebug: [0mc_header: w_name=exp2m1l
[1;36mdebug: [0mc_header: parsed function exp2m1l with 1 params (varargs=0) at line 1777
[1;36mdebug: [0mc_header: w_name=__exp2m1l
[1;36mdebug: [0mc_header: parsed function __exp2m1l with 1 params (varargs=0) at line 1777
[1;36mdebug: [0mc_header: w_name=exp10m1l
[1;36mdebug: [0mc_header: parsed function exp10m1l with 1 params (varargs=0) at line 1780
[1;36mdebug: [0mc_header: w_name=__exp10m1l
[1;36mdebug: [0mc_header: parsed function __exp10m1l with 1 params (varargs=0) at line 1780
[1;36mdebug: [0mc_header: w_name=log2p1l
[1;36mdebug: [0mc_header: parsed function log2p1l with 1 params (varargs=0) at line 1783
[1;36mdebug: [0mc_header: w_name=__log2p1l
[1;36mdebug: [0mc_header: parsed function __log2p1l with 1 params (varargs=0) at line 1783
[1;36mdebug: [0mc_header: w_name=log10p1l
[1;36mdebug: [0mc_header: parsed function log10p1l with 1 params (varargs=0) at line 1786
[1;36mdebug: [0mc_header: w_name=__log10p1l
[1;36mdebug: [0mc_header: parsed function __log10p1l with 1 params (varargs=0) at line 1786
[1;36mdebug: [0mc_header: w_name=logp1l
[1;36mdebug: [0mc_header: parsed function logp1l with 1 params (varargs=0) at line 1789
[1;36mdebug: [0mc_header: w_name=__logp1l
[1;36mdebug: [0mc_header: parsed function __logp1l with 1 params (varargs=0) at line 1789
[1;36mdebug: [0mc_header: w_name=expm1l
[1;36mdebug: [0mc_header: parsed function expm1l with 1 params (varargs=0) at line 1794
[1;36mdebug: [0mc_header: w_name=__expm1l
[1;36mdebug: [0mc_header: parsed function __expm1l with 1 params (varargs=0) at line 1794
[1;36mdebug: [0mc_header: w_name=log1pl
[1;36mdebug: [0mc_header: parsed function log1pl with 1 params (varargs=0) at line 1797
[1;36mdebug: [0mc_header: w_name=__log1pl
[1;36mdebug: [0mc_header: parsed function __log1pl with 1 params (varargs=0) at line 1797
[1;36mdebug: [0mc_header: w_name=logbl
[1;36mdebug: [0mc_header: parsed function logbl with 1 params (varargs=0) at line 1800
[1;36mdebug: [0mc_header: w_name=__logbl
[1;36mdebug: [0mc_header: parsed function __logbl with 1 params (varargs=0) at line 1800
[1;36mdebug: [0mc_header: w_name=exp2l
[1;36mdebug: [0mc_header: parsed function exp2l with 1 params (varargs=0) at line 1805
[1;36mdebug: [0mc_header: w_name=__exp2l
[1;36mdebug: [0mc_header: parsed function __exp2l with 1 params (varargs=0) at line 1805
[1;36mdebug: [0mc_header: w_name=log2l
[1;36mdebug: [0mc_header: parsed function log2l with 1 params (varargs=0) at line 1808
[1;36mdebug: [0mc_header: w_name=__log2l
[1;36mdebug: [0mc_header: parsed function __log2l with 1 params (varargs=0) at line 1808
[1;36mdebug: [0mc_header: w_name=powl
[1;36mdebug: [0mc_header: parsed function powl with 2 params (varargs=0) at line 1815
[1;36mdebug: [0mc_header: w_name=__powl
[1;36mdebug: [0mc_header: parsed function __powl with 2 params (varargs=0) at line 1815
[1;36mdebug: [0mc_header: w_name=sqrtl
[1;36mdebug: [0mc_header: parsed function sqrtl with 1 params (varargs=0) at line 1818
[1;36mdebug: [0mc_header: w_name=__sqrtl
[1;36mdebug: [0mc_header: parsed function __sqrtl with 1 params (varargs=0) at line 1818
[1;36mdebug: [0mc_header: w_name=hypotl
[1;36mdebug: [0mc_header: parsed function hypotl with 2 params (varargs=0) at line 1822
[1;36mdebug: [0mc_header: w_name=__hypotl
[1;36mdebug: [0mc_header: parsed function __hypotl with 2 params (varargs=0) at line 1822
[1;36mdebug: [0mc_header: w_name=cbrtl
[1;36mdebug: [0mc_header: parsed function cbrtl with 1 params (varargs=0) at line 1827
[1;36mdebug: [0mc_header: w_name=__cbrtl
[1;36mdebug: [0mc_header: parsed function __cbrtl with 1 params (varargs=0) at line 1827
[1;36mdebug: [0mc_header: w_name=compoundnl
[1;36mdebug: [0mc_header: parsed function compoundnl with 2 params (varargs=0) at line 1832
[1;36mdebug: [0mc_header: w_name=__compoundnl
[1;36mdebug: [0mc_header: parsed function __compoundnl with 2 params (varargs=0) at line 1832
[1;36mdebug: [0mc_header: w_name=pownl
[1;36mdebug: [0mc_header: parsed function pownl with 2 params (varargs=0) at line 1835
[1;36mdebug: [0mc_header: w_name=__pownl
[1;36mdebug: [0mc_header: parsed function __pownl with 2 params (varargs=0) at line 1835
[1;36mdebug: [0mc_header: w_name=powrl
[1;36mdebug: [0mc_header: parsed function powrl with 2 params (varargs=0) at line 1838
[1;36mdebug: [0mc_header: w_name=__powrl
[1;36mdebug: [0mc_header: parsed function __powrl with 2 params (varargs=0) at line 1838
[1;36mdebug: [0mc_header: w_name=powrl
[1;36mdebug: [0mc_header: parsed function powrl with 2 params (varargs=0) at line 1839
[1;36mdebug: [0mc_header: w_name=__powrl
[1;36mdebug: [0mc_header: parsed function __powrl with 2 params (varargs=0) at line 1839
[1;36mdebug: [0mc_header: w_name=rootnl
[1;36mdebug: [0mc_header: parsed function rootnl with 2 params (varargs=0) at line 1842
[1;36mdebug: [0mc_header: w_name=__rootnl
[1;36mdebug: [0mc_header: parsed function __rootnl with 2 params (varargs=0) at line 1842
[1;36mdebug: [0mc_header: w_name=rsqrtl
[1;36mdebug: [0mc_header: parsed function rsqrtl with 1 params (varargs=0) at line 1845
[1;36mdebug: [0mc_header: w_name=__rsqrtl
[1;36mdebug: [0mc_header: parsed function __rsqrtl with 1 params (varargs=0) at line 1845
[1;36mdebug: [0mc_header: w_name=ceill
[1;36mdebug: [0mc_header: parsed function ceill with 1 params (varargs=0) at line 1852
[1;36mdebug: [0mc_header: w_name=fabsl
[1;36mdebug: [0mc_header: parsed function fabsl with 1 params (varargs=0) at line 1855
[1;36mdebug: [0mc_header: w_name=floorl
[1;36mdebug: [0mc_header: parsed function floorl with 1 params (varargs=0) at line 1858
[1;36mdebug: [0mc_header: w_name=fmodl
[1;36mdebug: [0mc_header: parsed function fmodl with 2 params (varargs=0) at line 1861
[1;36mdebug: [0mc_header: w_name=__fmodl
[1;36mdebug: [0mc_header: parsed function __fmodl with 2 params (varargs=0) at line 1861
[1;36mdebug: [0mc_header: w_name=isinfl
[1;36mdebug: [0mc_header: parsed function isinfl with 1 params (varargs=0) at line 1863
[1;36mdebug: [0mc_header: w_name=finitel
[1;36mdebug: [0mc_header: parsed function finitel with 1 params (varargs=0) at line 1869
[1;36mdebug: [0mc_header: w_name=dreml
[1;36mdebug: [0mc_header: parsed function dreml with 2 params (varargs=0) at line 1873
[1;36mdebug: [0mc_header: w_name=__dreml
[1;36mdebug: [0mc_header: parsed function __dreml with 2 params (varargs=0) at line 1873
[1;36mdebug: [0mc_header: w_name=significandl
[1;36mdebug: [0mc_header: parsed function significandl with 1 params (varargs=0) at line 1877
[1;36mdebug: [0mc_header: w_name=__significandl
[1;36mdebug: [0mc_header: parsed function __significandl with 1 params (varargs=0) at line 1877
[1;36mdebug: [0mc_header: w_name=copysignl
[1;36mdebug: [0mc_header: parsed function copysignl with 2 params (varargs=0) at line 1884
[1;36mdebug: [0mc_header: w_name=nanl
[1;36mdebug: [0mc_header: parsed function nanl with 1 params (varargs=0) at line 1889
[1;36mdebug: [0mc_header: w_name=__nanl
[1;36mdebug: [0mc_header: parsed function __nanl with 1 params (varargs=0) at line 1889
[1;36mdebug: [0mc_header: w_name=isnanl
[1;36mdebug: [0mc_header: parsed function isnanl with 1 params (varargs=0) at line 1891
[1;36mdebug: [0mc_header: w_name=j0l
[1;36mdebug: [0mc_header: parsed function j0l with 1 params (varargs=0) at line 1898
[1;36mdebug: [0mc_header: w_name=__j0l
[1;36mdebug: [0mc_header: parsed function __j0l with 1 params (varargs=0) at line 1898
[1;36mdebug: [0mc_header: w_name=j1l
[1;36mdebug: [0mc_header: parsed function j1l with 1 params (varargs=0) at line 1899
[1;36mdebug: [0mc_header: w_name=__j1l
[1;36mdebug: [0mc_header: parsed function __j1l with 1 params (varargs=0) at line 1899
[1;36mdebug: [0mc_header: w_name=jnl
[1;36mdebug: [0mc_header: parsed function jnl with 2 params (varargs=0) at line 1900
[1;36mdebug: [0mc_header: w_name=__jnl
[1;36mdebug: [0mc_header: parsed function __jnl with 2 params (varargs=0) at line 1900
[1;36mdebug: [0mc_header: w_name=y0l
[1;36mdebug: [0mc_header: parsed function y0l with 1 params (varargs=0) at line 1901
[1;36mdebug: [0mc_header: w_name=__y0l
[1;36mdebug: [0mc_header: parsed function __y0l with 1 params (varargs=0) at line 1901
[1;36mdebug: [0mc_header: w_name=y1l
[1;36mdebug: [0mc_header: parsed function y1l with 1 params (varargs=0) at line 1902
[1;36mdebug: [0mc_header: w_name=__y1l
[1;36mdebug: [0mc_header: parsed function __y1l with 1 params (varargs=0) at line 1902
[1;36mdebug: [0mc_header: w_name=ynl
[1;36mdebug: [0mc_header: parsed function ynl with 2 params (varargs=0) at line 1903
[1;36mdebug: [0mc_header: w_name=__ynl
[1;36mdebug: [0mc_header: parsed function __ynl with 2 params (varargs=0) at line 1903
[1;36mdebug: [0mc_header: w_name=erfl
[1;36mdebug: [0mc_header: parsed function erfl with 1 params (varargs=0) at line 1909
[1;36mdebug: [0mc_header: w_name=__erfl
[1;36mdebug: [0mc_header: parsed function __erfl with 1 params (varargs=0) at line 1909
[1;36mdebug: [0mc_header: w_name=erfcl
[1;36mdebug: [0mc_header: parsed function erfcl with 1 params (varargs=0) at line 1910
[1;36mdebug: [0mc_header: w_name=__erfcl
[1;36mdebug: [0mc_header: parsed function __erfcl with 1 params (varargs=0) at line 1910
[1;36mdebug: [0mc_header: w_name=lgammal
[1;36mdebug: [0mc_header: parsed function lgammal with 1 params (varargs=0) at line 1911
[1;36mdebug: [0mc_header: w_name=__lgammal
[1;36mdebug: [0mc_header: parsed function __lgammal with 1 params (varargs=0) at line 1911
[1;36mdebug: [0mc_header: w_name=tgammal
[1;36mdebug: [0mc_header: parsed function tgammal with 1 params (varargs=0) at line 1916
[1;36mdebug: [0mc_header: w_name=__tgammal
[1;36mdebug: [0mc_header: parsed function __tgammal with 1 params (varargs=0) at line 1916
[1;36mdebug: [0mc_header: w_name=gammal
[1;36mdebug: [0mc_header: parsed function gammal with 1 params (varargs=0) at line 1922
[1;36mdebug: [0mc_header: w_name=__gammal
[1;36mdebug: [0mc_header: parsed function __gammal with 1 params (varargs=0) at line 1922
[1;36mdebug: [0mc_header: w_name=lgammal_r
[1;36mdebug: [0mc_header: parsed function lgammal_r with 2 params (varargs=0) at line 1930
[1;36mdebug: [0mc_header: w_name=__lgammal_r
[1;36mdebug: [0mc_header: parsed function __lgammal_r with 2 params (varargs=0) at line 1930
[1;36mdebug: [0mc_header: w_name=rintl
[1;36mdebug: [0mc_header: parsed function rintl with 1 params (varargs=0) at line 1937
[1;36mdebug: [0mc_header: w_name=__rintl
[1;36mdebug: [0mc_header: parsed function __rintl with 1 params (varargs=0) at line 1937
[1;36mdebug: [0mc_header: w_name=nextafterl
[1;36mdebug: [0mc_header: parsed function nextafterl with 2 params (varargs=0) at line 1940
[1;36mdebug: [0mc_header: w_name=__nextafterl
[1;36mdebug: [0mc_header: parsed function __nextafterl with 2 params (varargs=0) at line 1940
[1;36mdebug: [0mc_header: w_name=nexttowardl
[1;36mdebug: [0mc_header: parsed function nexttowardl with 2 params (varargs=0) at line 1942
[1;36mdebug: [0mc_header: w_name=__nexttowardl
[1;36mdebug: [0mc_header: parsed function __nexttowardl with 2 params (varargs=0) at line 1942
[1;36mdebug: [0mc_header: w_name=nextdownl
[1;36mdebug: [0mc_header: parsed function nextdownl with 1 params (varargs=0) at line 1947
[1;36mdebug: [0mc_header: w_name=__nextdownl
[1;36mdebug: [0mc_header: parsed function __nextdownl with 1 params (varargs=0) at line 1947
[1;36mdebug: [0mc_header: w_name=nextupl
[1;36mdebug: [0mc_header: parsed function nextupl with 1 params (varargs=0) at line 1949
[1;36mdebug: [0mc_header: w_name=__nextupl
[1;36mdebug: [0mc_header: parsed function __nextupl with 1 params (varargs=0) at line 1949
[1;36mdebug: [0mc_header: w_name=remainderl
[1;36mdebug: [0mc_header: parsed function remainderl with 2 params (varargs=0) at line 1953
[1;36mdebug: [0mc_header: w_name=__remainderl
[1;36mdebug: [0mc_header: parsed function __remainderl with 2 params (varargs=0) at line 1953
[1;36mdebug: [0mc_header: w_name=scalbnl
[1;36mdebug: [0mc_header: parsed function scalbnl with 2 params (varargs=0) at line 1957
[1;36mdebug: [0mc_header: w_name=__scalbnl
[1;36mdebug: [0mc_header: parsed function __scalbnl with 2 params (varargs=0) at line 1957
[1;36mdebug: [0mc_header: w_name=ilogbl
[1;36mdebug: [0mc_header: parsed function ilogbl with 1 params (varargs=0) at line 1961
[1;36mdebug: [0mc_header: w_name=__ilogbl
[1;36mdebug: [0mc_header: parsed function __ilogbl with 1 params (varargs=0) at line 1961
[1;36mdebug: [0mc_header: w_name=llogbl
[1;36mdebug: [0mc_header: parsed function llogbl with 1 params (varargs=0) at line 1966
[1;36mdebug: [0mc_header: w_name=__llogbl
[1;36mdebug: [0mc_header: parsed function __llogbl with 1 params (varargs=0) at line 1966
[1;36mdebug: [0mc_header: w_name=scalblnl
[1;36mdebug: [0mc_header: parsed function scalblnl with 2 params (varargs=0) at line 1971
[1;36mdebug: [0mc_header: w_name=__scalblnl
[1;36mdebug: [0mc_header: parsed function __scalblnl with 2 params (varargs=0) at line 1971
[1;36mdebug: [0mc_header: w_name=nearbyintl
[1;36mdebug: [0mc_header: parsed function nearbyintl with 1 params (varargs=0) at line 1975
[1;36mdebug: [0mc_header: w_name=__nearbyintl
[1;36mdebug: [0mc_header: parsed function __nearbyintl with 1 params (varargs=0) at line 1975
[1;36mdebug: [0mc_header: w_name=roundl
[1;36mdebug: [0mc_header: parsed function roundl with 1 params (varargs=0) at line 1979
[1;36mdebug: [0mc_header: w_name=truncl
[1;36mdebug: [0mc_header: parsed function truncl with 1 params (varargs=0) at line 1983
[1;36mdebug: [0mc_header: w_name=remquol
[1;36mdebug: [0mc_header: parsed function remquol with 3 params (varargs=0) at line 1988
[1;36mdebug: [0mc_header: w_name=__remquol
[1;36mdebug: [0mc_header: parsed function __remquol with 3 params (varargs=0) at line 1988
[1;36mdebug: [0mc_header: w_name=lrintl
[1;36mdebug: [0mc_header: parsed function lrintl with 1 params (varargs=0) at line 1995
[1;36mdebug: [0mc_header: w_name=__lrintl
[1;36mdebug: [0mc_header: parsed function __lrintl with 1 params (varargs=0) at line 1995
[1;36mdebug: [0mc_header: w_name=llrintl
[1;36mdebug: [0mc_header: parsed function llrintl with 1 params (varargs=0) at line 1997
[1;36mdebug: [0mc_header: w_name=__llrintl
[1;36mdebug: [0mc_header: parsed function __llrintl with 1 params (varargs=0) at line 1997
[1;36mdebug: [0mc_header: w_name=lroundl
[1;36mdebug: [0mc_header: parsed function lroundl with 1 params (varargs=0) at line 2001
[1;36mdebug: [0mc_header: w_name=__lroundl
[1;36mdebug: [0mc_header: parsed function __lroundl with 1 params (varargs=0) at line 2001
[1;36mdebug: [0mc_header: w_name=llroundl
[1;36mdebug: [0mc_header: parsed function llroundl with 1 params (varargs=0) at line 2003
[1;36mdebug: [0mc_header: w_name=__llroundl
[1;36mdebug: [0mc_header: parsed function __llroundl with 1 params (varargs=0) at line 2003
[1;36mdebug: [0mc_header: w_name=fdiml
[1;36mdebug: [0mc_header: parsed function fdiml with 2 params (varargs=0) at line 2007
[1;36mdebug: [0mc_header: w_name=__fdiml
[1;36mdebug: [0mc_header: parsed function __fdiml with 2 params (varargs=0) at line 2007
[1;36mdebug: [0mc_header: w_name=fmaxl
[1;36mdebug: [0mc_header: parsed function fmaxl with 2 params (varargs=0) at line 2011
[1;36mdebug: [0mc_header: w_name=fminl
[1;36mdebug: [0mc_header: parsed function fminl with 2 params (varargs=0) at line 2014
[1;36mdebug: [0mc_header: w_name=fmal
[1;36mdebug: [0mc_header: parsed function fmal with 3 params (varargs=0) at line 2018
[1;36mdebug: [0mc_header: w_name=__fmal
[1;36mdebug: [0mc_header: parsed function __fmal with 3 params (varargs=0) at line 2018
[1;36mdebug: [0mc_header: w_name=roundevenl
[1;36mdebug: [0mc_header: parsed function roundevenl with 1 params (varargs=0) at line 2023
[1;36mdebug: [0mc_header: w_name=fromfpl
[1;36mdebug: [0mc_header: parsed function fromfpl with 3 params (varargs=0) at line 2027
[1;36mdebug: [0mc_header: w_name=__fromfpl
[1;36mdebug: [0mc_header: parsed function __fromfpl with 3 params (varargs=0) at line 2027
[1;36mdebug: [0mc_header: w_name=ufromfpl
[1;36mdebug: [0mc_header: parsed function ufromfpl with 3 params (varargs=0) at line 2031
[1;36mdebug: [0mc_header: w_name=__ufromfpl
[1;36mdebug: [0mc_header: parsed function __ufromfpl with 3 params (varargs=0) at line 2031
[1;36mdebug: [0mc_header: w_name=fromfpxl
[1;36mdebug: [0mc_header: parsed function fromfpxl with 3 params (varargs=0) at line 2036
[1;36mdebug: [0mc_header: w_name=__fromfpxl
[1;36mdebug: [0mc_header: parsed function __fromfpxl with 3 params (varargs=0) at line 2036
[1;36mdebug: [0mc_header: w_name=ufromfpxl
[1;36mdebug: [0mc_header: parsed function ufromfpxl with 3 params (varargs=0) at line 2041
[1;36mdebug: [0mc_header: w_name=__ufromfpxl
[1;36mdebug: [0mc_header: parsed function __ufromfpxl with 3 params (varargs=0) at line 2041
[1;36mdebug: [0mc_header: w_name=canonicalizel
[1;36mdebug: [0mc_header: parsed function canonicalizel with 2 params (varargs=0) at line 2044
[1;36mdebug: [0mc_header: w_name=fmaximuml
[1;36mdebug: [0mc_header: parsed function fmaximuml with 2 params (varargs=0) at line 2046
[1;36mdebug: [0mc_header: w_name=fminimuml
[1;36mdebug: [0mc_header: parsed function fminimuml with 2 params (varargs=0) at line 2049
[1;36mdebug: [0mc_header: w_name=fmaximum_numl
[1;36mdebug: [0mc_header: parsed function fmaximum_numl with 2 params (varargs=0) at line 2052
[1;36mdebug: [0mc_header: w_name=fminimum_numl
[1;36mdebug: [0mc_header: parsed function fminimum_numl with 2 params (varargs=0) at line 2055
[1;36mdebug: [0mc_header: w_name=fmaximum_magl
[1;36mdebug: [0mc_header: parsed function fmaximum_magl with 2 params (varargs=0) at line 2058
[1;36mdebug: [0mc_header: w_name=fminimum_magl
[1;36mdebug: [0mc_header: parsed function fminimum_magl with 2 params (varargs=0) at line 2061
[1;36mdebug: [0mc_header: w_name=fmaximum_mag_numl
[1;36mdebug: [0mc_header: parsed function fmaximum_mag_numl with 2 params (varargs=0) at line 2064
[1;36mdebug: [0mc_header: w_name=fminimum_mag_numl
[1;36mdebug: [0mc_header: parsed function fminimum_mag_numl with 2 params (varargs=0) at line 2067
[1;36mdebug: [0mc_header: w_name=scalbl
[1;36mdebug: [0mc_header: parsed function scalbl with 2 params (varargs=0) at line 2069
[1;36mdebug: [0mc_header: w_name=__scalbl
[1;36mdebug: [0mc_header: parsed function __scalbl with 2 params (varargs=0) at line 2069
[1;36mdebug: [0mc_header: w_name=__fpclassifyf128
[1;36mdebug: [0mc_header: parsed function __fpclassifyf128 with 1 params (varargs=0) at line 2074
[1;36mdebug: [0mc_header: w_name=__signbitf128
[1;36mdebug: [0mc_header: parsed function __signbitf128 with 1 params (varargs=0) at line 2078
[1;36mdebug: [0mc_header: w_name=__isinff128
[1;36mdebug: [0mc_header: parsed function __isinff128 with 1 params (varargs=0) at line 2083
[1;36mdebug: [0mc_header: w_name=__finitef128
[1;36mdebug: [0mc_header: parsed function __finitef128 with 1 params (varargs=0) at line 2087
[1;36mdebug: [0mc_header: w_name=__isnanf128
[1;36mdebug: [0mc_header: parsed function __isnanf128 with 1 params (varargs=0) at line 2091
[1;36mdebug: [0mc_header: w_name=__iseqsigf128
[1;36mdebug: [0mc_header: parsed function __iseqsigf128 with 2 params (varargs=0) at line 2095
[1;36mdebug: [0mc_header: w_name=__issignalingf128
[1;36mdebug: [0mc_header: parsed function __issignalingf128 with 1 params (varargs=0) at line 2098
[1;36mdebug: [0mc_header: w_name=fadd
[1;36mdebug: [0mc_header: parsed function fadd with 2 params (varargs=0) at line 2104
[1;36mdebug: [0mc_header: w_name=fdiv
[1;36mdebug: [0mc_header: parsed function fdiv with 2 params (varargs=0) at line 2107
[1;36mdebug: [0mc_header: w_name=ffma
[1;36mdebug: [0mc_header: parsed function ffma with 3 params (varargs=0) at line 2110
[1;36mdebug: [0mc_header: w_name=fmul
[1;36mdebug: [0mc_header: parsed function fmul with 2 params (varargs=0) at line 2113
[1;36mdebug: [0mc_header: w_name=fsqrt
[1;36mdebug: [0mc_header: parsed function fsqrt with 1 params (varargs=0) at line 2116
[1;36mdebug: [0mc_header: w_name=fsub
[1;36mdebug: [0mc_header: parsed function fsub with 2 params (varargs=0) at line 2119
[1;36mdebug: [0mc_header: w_name=faddl
[1;36mdebug: [0mc_header: parsed function faddl with 2 params (varargs=0) at line 2124
[1;36mdebug: [0mc_header: w_name=fdivl
[1;36mdebug: [0mc_header: parsed function fdivl with 2 params (varargs=0) at line 2127
[1;36mdebug: [0mc_header: w_name=ffmal
[1;36mdebug: [0mc_header: parsed function ffmal with 3 params (varargs=0) at line 2130
[1;36mdebug: [0mc_header: w_name=fmull
[1;36mdebug: [0mc_header: parsed function fmull with 2 params (varargs=0) at line 2133
[1;36mdebug: [0mc_header: w_name=fsqrtl
[1;36mdebug: [0mc_header: parsed function fsqrtl with 1 params (varargs=0) at line 2136
[1;36mdebug: [0mc_header: w_name=fsubl
[1;36mdebug: [0mc_header: parsed function fsubl with 2 params (varargs=0) at line 2139
[1;36mdebug: [0mc_header: w_name=daddl
[1;36mdebug: [0mc_header: parsed function daddl with 2 params (varargs=0) at line 2144
[1;36mdebug: [0mc_header: w_name=ddivl
[1;36mdebug: [0mc_header: parsed function ddivl with 2 params (varargs=0) at line 2147
[1;36mdebug: [0mc_header: w_name=dfmal
[1;36mdebug: [0mc_header: parsed function dfmal with 3 params (varargs=0) at line 2150
[1;36mdebug: [0mc_header: w_name=dmull
[1;36mdebug: [0mc_header: parsed function dmull with 2 params (varargs=0) at line 2153
[1;36mdebug: [0mc_header: w_name=dsqrtl
[1;36mdebug: [0mc_header: parsed function dsqrtl with 1 params (varargs=0) at line 2156
[1;36mdebug: [0mc_header: w_name=dsubl
[1;36mdebug: [0mc_header: parsed function dsubl with 2 params (varargs=0) at line 2159
[1;36mdebug: [0mc_header: LOOP START token=1
[1;36mdebug: [0mc_header: LOOP START token=1
[1;36mdebug: [0mc_header: LOOP START token=1
[1;36mdebug: [0mc_header: LOOP START token=1
[1;36mdebug: [0mc_header: LOOP START token=1
[1;36mdebug: [0mc_header: w_name=__iscanonicall
[1;36mdebug: [0mc_header: parsed function __iscanonicall with 1 params (varargs=0) at line 2186
[1;36mdebug: [0mc_header: LOOP START token=73
[1;36mdebug: [0mc_header: LOOP START token=73
[1;36mdebug: [0mc_header: LOOP START token=73
[1;36mdebug: [0mc_header: LOOP START token=73
[1;36mdebug: [0mc_header: w_name=imaxabs
[1;36mdebug: [0mc_header: parsed function imaxabs with 1 params (varargs=0) at line 2220
[1;36mdebug: [0mc_header: w_name=imaxdiv
[1;36mdebug: [0mc_header: parsed function imaxdiv with 2 params (varargs=0) at line 2229
[1;36mdebug: [0mc_header: w_name=strtoimax
[1;36mdebug: [0mc_header: parsed function strtoimax with 3 params (varargs=0) at line 2233
[1;36mdebug: [0mc_header: w_name=strtoumax
[1;36mdebug: [0mc_header: parsed function strtoumax with 3 params (varargs=0) at line 2237
[1;36mdebug: [0mc_header: w_name=wcstoimax
[1;36mdebug: [0mc_header: parsed function wcstoimax with 3 params (varargs=0) at line 2242
[1;36mdebug: [0mc_header: w_name=wcstoumax
[1;36mdebug: [0mc_header: parsed function wcstoumax with 3 params (varargs=0) at line 2247
[1;36mdebug: [0mc_header: w_name=strtoimax
[1;36mdebug: [0mc_header: parsed function strtoimax with 3 params (varargs=0) at line 2253
[1;36mdebug: [0mc_header: w_name=strtoumax
[1;36mdebug: [0mc_header: parsed function strtoumax with 3 params (varargs=0) at line 2256
[1;36mdebug: [0mc_header: w_name=wcstoimax
[1;36mdebug: [0mc_header: parsed function wcstoimax with 3 params (varargs=0) at line 2259
[1;36mdebug: [0mc_header: w_name=wcstoumax
[1;36mdebug: [0mc_header: parsed function wcstoumax with 3 params (varargs=0) at line 2263
[1;36mdebug: [0mc_header: LOOP START token=59 line=2281 text='const'
[1;36mdebug: [0mc_header: LOOP START token=59 line=2283 text='const'
[1;36mdebug: [0mc_header: LOOP START token=59 line=2285 text='const'
[1;36mdebug: [0mc_header: LOOP START token=59 line=2290 text='const'
[1;36mdebug: [0mc_header: LOOP START token=72 line=2292 text='int'
[1;36mdebug: [0mc_header: LOOP START token=72 line=2294 text='int'
[1;36mdebug: [0mc_header: LOOP START token=59 line=2296 text='const'
[1;36mdebug: [0mc_header: LOOP START token=72 line=2298 text='int'
[1;36mdebug: [0mc_header: LOOP START token=59 line=2300 text='const'
[1;36mdebug: [0mc_header: LOOP START token=81 line=2305 text='struct'
[1;36mdebug: [0mc_header: LOOP START token=81 line=2307 text='struct'
[1;36mdebug: [0mc_header: w_name=wl_list_init
[1;36mdebug: [0mc_header: parsed function wl_list_init with 1 params (varargs=0) at line 2311
[1;36mdebug: [0mc_header: w_name=wl_list_insert
[1;36mdebug: [0mc_header: parsed function wl_list_insert with 2 params (varargs=0) at line 2314
[1;36mdebug: [0mc_header: w_name=wl_list_remove
[1;36mdebug: [0mc_header: parsed function wl_list_remove with 1 params (varargs=0) at line 2317
[1;36mdebug: [0mc_header: w_name=wl_list_length
[1;36mdebug: [0mc_header: parsed function wl_list_length with 1 params (varargs=0) at line 2320
[1;36mdebug: [0mc_header: w_name=wl_list_empty
[1;36mdebug: [0mc_header: parsed function wl_list_empty with 1 params (varargs=0) at line 2323
[1;36mdebug: [0mc_header: w_name=wl_list_insert_list
[1;36mdebug: [0mc_header: parsed function wl_list_insert_list with 2 params (varargs=0) at line 2326
[1;36mdebug: [0mc_header: LOOP START token=1 line=2330 text='size_t'
[1;36mdebug: [0mc_header: LOOP START token=1 line=2332 text='size_t'
[1;36mdebug: [0mc_header: LOOP START token=86 line=2334 text='void'
[1;36mdebug: [0mc_header: w_name=wl_array_init
[1;36mdebug: [0mc_header: parsed function wl_array_init with 1 params (varargs=0) at line 2338
[1;36mdebug: [0mc_header: w_name=wl_array_release
[1;36mdebug: [0mc_header: parsed function wl_array_release with 1 params (varargs=0) at line 2341
[1;36mdebug: [0mc_header: w_name=wl_array_add
[1;36mdebug: [0mc_header: parsed function wl_array_add with 2 params (varargs=0) at line 2344
[1;36mdebug: [0mc_header: w_name=wl_array_copy
[1;36mdebug: [0mc_header: parsed function wl_array_copy with 2 params (varargs=0) at line 2347
[1;36mdebug: [0mc_header: w_name=wl_fixed_to_double
[1;36mdebug: [0mc_header: parsed function wl_fixed_to_double with 1 params (varargs=0) at line 2353
[1;36mdebug: [0mc_header: w_name=wl_fixed_from_double
[1;36mdebug: [0mc_header: parsed function wl_fixed_from_double with 1 params (varargs=0) at line 2359
[1;36mdebug: [0mc_header: w_name=wl_fixed_to_int
[1;36mdebug: [0mc_header: parsed function wl_fixed_to_int with 1 params (varargs=0) at line 2365
[1;36mdebug: [0mc_header: w_name=wl_fixed_from_int
[1;36mdebug: [0mc_header: parsed function wl_fixed_from_int with 1 params (varargs=0) at line 2371
[1;36mdebug: [0mc_header: LOOP START token=1 line=2376 text='int32_t'
[1;36mdebug: [0mc_header: LOOP START token=1 line=2377 text='uint32_t'
[1;36mdebug: [0mc_header: LOOP START token=1 line=2378 text='wl_fixed_t'
[1;36mdebug: [0mc_header: LOOP START token=59 line=2379 text='const'
[1;36mdebug: [0mc_header: LOOP START token=81 line=2380 text='struct'
[1;36mdebug: [0mc_header: LOOP START token=1 line=2381 text='uint32_t'
[1;36mdebug: [0mc_header: LOOP START token=81 line=2382 text='struct'
[1;36mdebug: [0mc_header: LOOP START token=1 line=2383 text='int32_t'
[1;36mdebug: [0mc_header: LOOP START token=1
[1;36mdebug: [0mc_header: LOOP START token=1
[1;36mdebug: [0mc_header: LOOP START token=1
[1;36mdebug: [0mc_header: LOOP START token=1
[1;36mdebug: [0mc_header: LOOP START token=1
[1;36mdebug: [0mc_header: LOOP START token=1
[1;36mdebug: [0mc_header: w_name=wl_event_loop_create
[1;36mdebug: [0mc_header: parsed function wl_event_loop_create with 0 params (varargs=0) at line 2428
[1;36mdebug: [0mc_header: w_name=wl_event_loop_destroy
[1;36mdebug: [0mc_header: parsed function wl_event_loop_destroy with 1 params (varargs=0) at line 2431
[1;36mdebug: [0mc_header: w_name=wl_event_loop_add_fd
[1;36mdebug: [0mc_header: parsed function wl_event_loop_add_fd with 5 params (varargs=0) at line 2437
[1;36mdebug: [0mc_header: w_name=wl_event_source_fd_update
[1;36mdebug: [0mc_header: parsed function wl_event_source_fd_update with 2 params (varargs=0) at line 2440
[1;36mdebug: [0mc_header: w_name=wl_event_loop_add_timer
[1;36mdebug: [0mc_header: parsed function wl_event_loop_add_timer with 3 params (varargs=0) at line 2445
[1;36mdebug: [0mc_header: w_name=wl_event_loop_add_signal
[1;36mdebug: [0mc_header: parsed function wl_event_loop_add_signal with 4 params (varargs=0) at line 2451
[1;36mdebug: [0mc_header: w_name=wl_event_source_timer_update
[1;36mdebug: [0mc_header: parsed function wl_event_source_timer_update with 2 params (varargs=0) at line 2455
[1;36mdebug: [0mc_header: w_name=wl_event_source_remove
[1;36mdebug: [0mc_header: parsed function wl_event_source_remove with 1 params (varargs=0) at line 2458
[1;36mdebug: [0mc_header: w_name=wl_event_source_check
[1;36mdebug: [0mc_header: parsed function wl_event_source_check with 1 params (varargs=0) at line 2461
[1;36mdebug: [0mc_header: w_name=wl_event_loop_dispatch
[1;36mdebug: [0mc_header: parsed function wl_event_loop_dispatch with 2 params (varargs=0) at line 2464
[1;36mdebug: [0mc_header: w_name=wl_event_loop_dispatch_idle
[1;36mdebug: [0mc_header: parsed function wl_event_loop_dispatch_idle with 1 params (varargs=0) at line 2467
[1;36mdebug: [0mc_header: w_name=wl_event_loop_add_idle
[1;36mdebug: [0mc_header: parsed function wl_event_loop_add_idle with 3 params (varargs=0) at line 2472
[1;36mdebug: [0mc_header: w_name=wl_event_loop_get_fd
[1;36mdebug: [0mc_header: parsed function wl_event_loop_get_fd with 1 params (varargs=0) at line 2475
[1;36mdebug: [0mc_header: w_name=wl_event_loop_add_destroy_listener
[1;36mdebug: [0mc_header: parsed function wl_event_loop_add_destroy_listener with 2 params (varargs=0) at line 2483
[1;36mdebug: [0mc_header: w_name=wl_event_loop_get_destroy_listener
[1;36mdebug: [0mc_header: parsed function wl_event_loop_get_destroy_listener with 2 params (varargs=0) at line 2487
[1;36mdebug: [0mc_header: w_name=wl_display_create
[1;36mdebug: [0mc_header: parsed function wl_display_create with 0 params (varargs=0) at line 2490
[1;36mdebug: [0mc_header: w_name=wl_display_destroy
[1;36mdebug: [0mc_header: parsed function wl_display_destroy with 1 params (varargs=0) at line 2493
[1;36mdebug: [0mc_header: w_name=wl_display_get_event_loop
[1;36mdebug: [0mc_header: parsed function wl_display_get_event_loop with 1 params (varargs=0) at line 2496
[1;36mdebug: [0mc_header: w_name=wl_display_add_socket
[1;36mdebug: [0mc_header: parsed function wl_display_add_socket with 2 params (varargs=0) at line 2499
[1;36mdebug: [0mc_header: w_name=wl_display_add_socket_auto
[1;36mdebug: [0mc_header: parsed function wl_display_add_socket_auto with 1 params (varargs=0) at line 2502
[1;36mdebug: [0mc_header: w_name=wl_display_add_socket_fd
[1;36mdebug: [0mc_header: parsed function wl_display_add_socket_fd with 2 params (varargs=0) at line 2505
[1;36mdebug: [0mc_header: w_name=wl_display_remove_socket_fd
[1;36mdebug: [0mc_header: parsed function wl_display_remove_socket_fd with 2 params (varargs=0) at line 2508
[1;36mdebug: [0mc_header: w_name=wl_display_terminate
[1;36mdebug: [0mc_header: parsed function wl_display_terminate with 1 params (varargs=0) at line 2511
[1;36mdebug: [0mc_header: w_name=wl_display_run
[1;36mdebug: [0mc_header: parsed function wl_display_run with 1 params (varargs=0) at line 2514
[1;36mdebug: [0mc_header: w_name=wl_display_flush_clients
[1;36mdebug: [0mc_header: parsed function wl_display_flush_clients with 1 params (varargs=0) at line 2517
[1;36mdebug: [0mc_header: w_name=wl_display_destroy_clients
[1;36mdebug: [0mc_header: parsed function wl_display_destroy_clients with 1 params (varargs=0) at line 2520
[1;36mdebug: [0mc_header: w_name=wl_display_set_default_max_buffer_size
[1;36mdebug: [0mc_header: parsed function wl_display_set_default_max_buffer_size with 2 params (varargs=0) at line 2524
[1;36mdebug: [0mc_header: w_name=wl_display_get_serial
[1;36mdebug: [0mc_header: parsed function wl_display_get_serial with 1 params (varargs=0) at line 2535
[1;36mdebug: [0mc_header: w_name=wl_display_next_serial
[1;36mdebug: [0mc_header: parsed function wl_display_next_serial with 1 params (varargs=0) at line 2538
[1;36mdebug: [0mc_header: w_name=wl_display_add_destroy_listener
[1;36mdebug: [0mc_header: parsed function wl_display_add_destroy_listener with 2 params (varargs=0) at line 2542
[1;36mdebug: [0mc_header: w_name=wl_display_add_client_created_listener
[1;36mdebug: [0mc_header: parsed function wl_display_add_client_created_listener with 2 params (varargs=0) at line 2546
[1;36mdebug: [0mc_header: w_name=wl_display_get_destroy_listener
[1;36mdebug: [0mc_header: parsed function wl_display_get_destroy_listener with 2 params (varargs=0) at line 2550
[1;36mdebug: [0mc_header: w_name=wl_global_create
[1;36mdebug: [0mc_header: parsed function wl_global_create with 5 params (varargs=0) at line 2556
[1;36mdebug: [0mc_header: w_name=wl_global_remove
[1;36mdebug: [0mc_header: parsed function wl_global_remove with 1 params (varargs=0) at line 2559
[1;36mdebug: [0mc_header: w_name=wl_global_set_withdrawn_listener
[1;36mdebug: [0mc_header: parsed function wl_global_set_withdrawn_listener with 2 params (varargs=0) at line 2563
[1;36mdebug: [0mc_header: w_name=wl_global_destroy
[1;36mdebug: [0mc_header: parsed function wl_global_destroy with 1 params (varargs=0) at line 2566
[1;36mdebug: [0mc_header: w_name=wl_display_set_global_filter
[1;36mdebug: [0mc_header: parsed function wl_display_set_global_filter with 3 params (varargs=0) at line 2575
[1;36mdebug: [0mc_header: w_name=wl_global_get_interface
[1;36mdebug: [0mc_header: parsed function wl_global_get_interface with 1 params (varargs=0) at line 2578
[1;36mdebug: [0mc_header: w_name=wl_global_get_name
[1;36mdebug: [0mc_header: parsed function wl_global_get_name with 2 params (varargs=0) at line 2582
[1;36mdebug: [0mc_header: w_name=wl_global_get_version
[1;36mdebug: [0mc_header: parsed function wl_global_get_version with 1 params (varargs=0) at line 2585
[1;36mdebug: [0mc_header: w_name=wl_global_get_display
[1;36mdebug: [0mc_header: parsed function wl_global_get_display with 1 params (varargs=0) at line 2588
[1;36mdebug: [0mc_header: w_name=wl_global_get_user_data
[1;36mdebug: [0mc_header: parsed function wl_global_get_user_data with 1 params (varargs=0) at line 2591
[1;36mdebug: [0mc_header: w_name=wl_global_set_user_data
[1;36mdebug: [0mc_header: parsed function wl_global_set_user_data with 2 params (varargs=0) at line 2594
[1;36mdebug: [0mc_header: w_name=wl_client_create
[1;36mdebug: [0mc_header: parsed function wl_client_create with 2 params (varargs=0) at line 2597
[1;36mdebug: [0mc_header: w_name=wl_display_get_client_list
[1;36mdebug: [0mc_header: parsed function wl_display_get_client_list with 1 params (varargs=0) at line 2600
[1;36mdebug: [0mc_header: w_name=wl_client_get_link
[1;36mdebug: [0mc_header: parsed function wl_client_get_link with 1 params (varargs=0) at line 2603
[1;36mdebug: [0mc_header: w_name=wl_client_from_link
[1;36mdebug: [0mc_header: parsed function wl_client_from_link with 1 params (varargs=0) at line 2606
[1;36mdebug: [0mc_header: w_name=wl_client_destroy
[1;36mdebug: [0mc_header: parsed function wl_client_destroy with 1 params (varargs=0) at line 2615
[1;36mdebug: [0mc_header: w_name=wl_client_flush
[1;36mdebug: [0mc_header: parsed function wl_client_flush with 1 params (varargs=0) at line 2618
[1;36mdebug: [0mc_header: w_name=wl_client_get_credentials
[1;36mdebug: [0mc_header: parsed function wl_client_get_credentials with 4 params (varargs=0) at line 2622
[1;36mdebug: [0mc_header: w_name=wl_client_get_fd
[1;36mdebug: [0mc_header: parsed function wl_client_get_fd with 1 params (varargs=0) at line 2625
[1;36mdebug: [0mc_header: w_name=wl_client_add_destroy_listener
[1;36mdebug: [0mc_header: parsed function wl_client_add_destroy_listener with 2 params (varargs=0) at line 2629
[1;36mdebug: [0mc_header: w_name=wl_client_get_destroy_listener
[1;36mdebug: [0mc_header: parsed function wl_client_get_destroy_listener with 2 params (varargs=0) at line 2633
[1;36mdebug: [0mc_header: w_name=wl_client_add_destroy_late_listener
[1;36mdebug: [0mc_header: parsed function wl_client_add_destroy_late_listener with 2 params (varargs=0) at line 2637
[1;36mdebug: [0mc_header: w_name=wl_client_get_destroy_late_listener
[1;36mdebug: [0mc_header: parsed function wl_client_get_destroy_late_listener with 2 params (varargs=0) at line 2641
[1;36mdebug: [0mc_header: w_name=wl_client_get_object
[1;36mdebug: [0mc_header: parsed function wl_client_get_object with 2 params (varargs=0) at line 2644
[1;36mdebug: [0mc_header: w_name=wl_client_post_no_memory
[1;36mdebug: [0mc_header: parsed function wl_client_post_no_memory with 1 params (varargs=0) at line 2647
[1;36mdebug: [0mc_header: w_name=wl_client_post_implementation_error
[1;36mdebug: [0mc_header: parsed function wl_client_post_implementation_error with 2 params (varargs=1) at line 2651
[1;36mdebug: [0mc_header: w_name=wl_client_add_resource_created_listener
[1;36mdebug: [0mc_header: parsed function wl_client_add_resource_created_listener with 2 params (varargs=0) at line 2655
[1;36mdebug: [0mc_header: w_name=wl_client_for_each_resource
[1;36mdebug: [0mc_header: parsed function wl_client_for_each_resource with 3 params (varargs=0) at line 2665
[1;36mdebug: [0mc_header: w_name=wl_client_set_user_data
[1;36mdebug: [0mc_header: parsed function wl_client_set_user_data with 3 params (varargs=0) at line 2672
[1;36mdebug: [0mc_header: w_name=wl_client_get_user_data
[1;36mdebug: [0mc_header: parsed function wl_client_get_user_data with 1 params (varargs=0) at line 2675
[1;36mdebug: [0mc_header: w_name=wl_client_set_max_buffer_size
[1;36mdebug: [0mc_header: parsed function wl_client_set_max_buffer_size with 2 params (varargs=0) at line 2678
[1;36mdebug: [0mc_header: LOOP START token=81 line=2682 text='struct'
[1;36mdebug: [0mc_header: LOOP START token=1 line=2685 text='wl_notify_func_t'
[1;36mdebug: [0mc_header: LOOP START token=81 line=2689 text='struct'
[1;36mdebug: [0mc_header: w_name=wl_signal_init
[1;36mdebug: [0mc_header: parsed function wl_signal_init with 1 params (varargs=0) at line 2700
[1;36mdebug: [0mc_header: w_name=wl_signal_add
[1;36mdebug: [0mc_header: parsed function wl_signal_add with 2 params (varargs=0) at line 2706
[1;36mdebug: [0mc_header: w_name=wl_signal_get
[1;36mdebug: [0mc_header: parsed function wl_signal_get with 2 params (varargs=0) at line 2712
[1;36mdebug: [0mc_header: w_name=wl_signal_emit
[1;36mdebug: [0mc_header: parsed function wl_signal_emit with 2 params (varargs=0) at line 2724
[1;36mdebug: [0mc_header: w_name=wl_signal_emit_mutable
[1;36mdebug: [0mc_header: parsed function wl_signal_emit_mutable with 2 params (varargs=0) at line 2732
[1;36mdebug: [0mc_header: w_name=wl_resource_post_event
[1;36mdebug: [0mc_header: parsed function wl_resource_post_event with 2 params (varargs=1) at line 2738
[1;36mdebug: [0mc_header: w_name=wl_resource_post_event_array
[1;36mdebug: [0mc_header: parsed function wl_resource_post_event_array with 3 params (varargs=0) at line 2742
[1;36mdebug: [0mc_header: w_name=wl_resource_queue_event
[1;36mdebug: [0mc_header: parsed function wl_resource_queue_event with 2 params (varargs=1) at line 2746
[1;36mdebug: [0mc_header: w_name=wl_resource_queue_event_array
[1;36mdebug: [0mc_header: parsed function wl_resource_queue_event_array with 3 params (varargs=0) at line 2750
[1;36mdebug: [0mc_header: w_name=wl_resource_post_error_vargs
[1;36mdebug: [0mc_header: parsed function wl_resource_post_error_vargs with 4 params (varargs=0) at line 2754
[1;36mdebug: [0mc_header: w_name=wl_resource_post_error
[1;36mdebug: [0mc_header: parsed function wl_resource_post_error with 3 params (varargs=1) at line 2758
[1;36mdebug: [0mc_header: w_name=wl_resource_post_no_memory
[1;36mdebug: [0mc_header: parsed function wl_resource_post_no_memory with 1 params (varargs=0) at line 2761
[1;36mdebug: [0mc_header: w_name=wl_client_get_display
[1;36mdebug: [0mc_header: parsed function wl_client_get_display with 1 params (varargs=0) at line 2764
[1;36mdebug: [0mc_header: w_name=wl_resource_create
[1;36mdebug: [0mc_header: parsed function wl_resource_create with 4 params (varargs=0) at line 2769
[1;36mdebug: [0mc_header: w_name=wl_resource_set_implementation
[1;36mdebug: [0mc_header: parsed function wl_resource_set_implementation with 4 params (varargs=0) at line 2775
[1;36mdebug: [0mc_header: w_name=wl_resource_set_dispatcher
[1;36mdebug: [0mc_header: parsed function wl_resource_set_dispatcher with 5 params (varargs=0) at line 2782
[1;36mdebug: [0mc_header: w_name=wl_resource_destroy
[1;36mdebug: [0mc_header: parsed function wl_resource_destroy with 1 params (varargs=0) at line 2785
[1;36mdebug: [0mc_header: w_name=wl_resource_get_id
[1;36mdebug: [0mc_header: parsed function wl_resource_get_id with 1 params (varargs=0) at line 2788
[1;36mdebug: [0mc_header: w_name=wl_resource_get_link
[1;36mdebug: [0mc_header: parsed function wl_resource_get_link with 1 params (varargs=0) at line 2791
[1;36mdebug: [0mc_header: w_name=wl_resource_from_link
[1;36mdebug: [0mc_header: parsed function wl_resource_from_link with 1 params (varargs=0) at line 2794
[1;36mdebug: [0mc_header: w_name=wl_resource_find_for_client
[1;36mdebug: [0mc_header: parsed function wl_resource_find_for_client with 2 params (varargs=0) at line 2797
[1;36mdebug: [0mc_header: w_name=wl_resource_get_client
[1;36mdebug: [0mc_header: parsed function wl_resource_get_client with 1 params (varargs=0) at line 2800
[1;36mdebug: [0mc_header: w_name=wl_resource_set_user_data
[1;36mdebug: [0mc_header: parsed function wl_resource_set_user_data with 2 params (varargs=0) at line 2803
[1;36mdebug: [0mc_header: w_name=wl_resource_get_user_data
[1;36mdebug: [0mc_header: parsed function wl_resource_get_user_data with 1 params (varargs=0) at line 2806
[1;36mdebug: [0mc_header: w_name=wl_resource_get_version
[1;36mdebug: [0mc_header: parsed function wl_resource_get_version with 1 params (varargs=0) at line 2809
[1;36mdebug: [0mc_header: w_name=wl_resource_set_destructor
[1;36mdebug: [0mc_header: parsed function wl_resource_set_destructor with 2 params (varargs=0) at line 2813
[1;36mdebug: [0mc_header: w_name=wl_resource_instance_of
[1;36mdebug: [0mc_header: parsed function wl_resource_instance_of with 3 params (varargs=0) at line 2818
[1;36mdebug: [0mc_header: w_name=wl_resource_get_class
[1;36mdebug: [0mc_header: parsed function wl_resource_get_class with 1 params (varargs=0) at line 2821
[1;36mdebug: [0mc_header: w_name=wl_resource_get_interface
[1;36mdebug: [0mc_header: parsed function wl_resource_get_interface with 1 params (varargs=0) at line 2824
[1;36mdebug: [0mc_header: w_name=wl_resource_add_destroy_listener
[1;36mdebug: [0mc_header: parsed function wl_resource_add_destroy_listener with 2 params (varargs=0) at line 2828
[1;36mdebug: [0mc_header: w_name=wl_resource_get_destroy_listener
[1;36mdebug: [0mc_header: parsed function wl_resource_get_destroy_listener with 2 params (varargs=0) at line 2832
[1;36mdebug: [0mc_header: w_name=wl_shm_buffer_get
[1;36mdebug: [0mc_header: parsed function wl_shm_buffer_get with 1 params (varargs=0) at line 2835
[1;36mdebug: [0mc_header: w_name=wl_shm_buffer_begin_access
[1;36mdebug: [0mc_header: parsed function wl_shm_buffer_begin_access with 1 params (varargs=0) at line 2838
[1;36mdebug: [0mc_header: w_name=wl_shm_buffer_end_access
[1;36mdebug: [0mc_header: parsed function wl_shm_buffer_end_access with 1 params (varargs=0) at line 2841
[1;36mdebug: [0mc_header: w_name=wl_shm_buffer_get_data
[1;36mdebug: [0mc_header: parsed function wl_shm_buffer_get_data with 1 params (varargs=0) at line 2844
[1;36mdebug: [0mc_header: w_name=wl_shm_buffer_get_stride
[1;36mdebug: [0mc_header: parsed function wl_shm_buffer_get_stride with 1 params (varargs=0) at line 2847
[1;36mdebug: [0mc_header: w_name=wl_shm_buffer_get_format
[1;36mdebug: [0mc_header: parsed function wl_shm_buffer_get_format with 1 params (varargs=0) at line 2850
[1;36mdebug: [0mc_header: w_name=wl_shm_buffer_get_width
[1;36mdebug: [0mc_header: parsed function wl_shm_buffer_get_width with 1 params (varargs=0) at line 2853
[1;36mdebug: [0mc_header: w_name=wl_shm_buffer_get_height
[1;36mdebug: [0mc_header: parsed function wl_shm_buffer_get_height with 1 params (varargs=0) at line 2856
[1;36mdebug: [0mc_header: w_name=wl_shm_buffer_ref
[1;36mdebug: [0mc_header: parsed function wl_shm_buffer_ref with 1 params (varargs=0) at line 2859
[1;36mdebug: [0mc_header: w_name=wl_shm_buffer_unref
[1;36mdebug: [0mc_header: parsed function wl_shm_buffer_unref with 1 params (varargs=0) at line 2862
[1;36mdebug: [0mc_header: w_name=wl_shm_buffer_ref_pool
[1;36mdebug: [0mc_header: parsed function wl_shm_buffer_ref_pool with 1 params (varargs=0) at line 2865
[1;36mdebug: [0mc_header: w_name=wl_shm_pool_unref
[1;36mdebug: [0mc_header: parsed function wl_shm_pool_unref with 1 params (varargs=0) at line 2868
[1;36mdebug: [0mc_header: w_name=wl_display_init_shm
[1;36mdebug: [0mc_header: parsed function wl_display_init_shm with 1 params (varargs=0) at line 2871
[1;36mdebug: [0mc_header: w_name=wl_display_add_shm_format
[1;36mdebug: [0mc_header: parsed function wl_display_add_shm_format with 2 params (varargs=0) at line 2874
[1;36mdebug: [0mc_header: w_name=wl_log_set_handler_server
[1;36mdebug: [0mc_header: parsed function wl_log_set_handler_server with 1 params (varargs=0) at line 2883
[1;36mdebug: [0mc_header: LOOP START token=1
[1;36mdebug: [0mc_header: LOOP START token=1
[1;36mdebug: [0mc_header: LOOP START token=81 line=2891 text='struct'
[1;36mdebug: [0mc_header: LOOP START token=72 line=2892 text='int'
[1;36mdebug: [0mc_header: LOOP START token=59 line=2893 text='const'
[1;36mdebug: [0mc_header: LOOP START token=72 line=2894 text='int'
[1;36mdebug: [0mc_header: LOOP START token=59 line=2895 text='const'
[1;36mdebug: [0mc_header: w_name=wl_display_add_protocol_logger
[1;36mdebug: [0mc_header: parsed function wl_display_add_protocol_logger with 3 params (varargs=0) at line 2905
[1;36mdebug: [0mc_header: w_name=wl_protocol_logger_destroy
[1;36mdebug: [0mc_header: parsed function wl_protocol_logger_destroy with 1 params (varargs=0) at line 2908
[1;36mdebug: [0mc_header: w_name=wl_fixes_handle_ack_global_remove
[1;36mdebug: [0mc_header: parsed function wl_fixes_handle_ack_global_remove with 3 params (varargs=0) at line 2913
[1;36mdebug: [0mc_header: LOOP START token=1 line=2946 text='uint16_t'
[1;36mdebug: [0mc_header: LOOP START token=1 line=2947 text='uint16_t'
[1;36mdebug: [0mc_header: LOOP START token=1 line=2948 text='uint16_t'
[1;36mdebug: [0mc_header: LOOP START token=1 line=2949 text='uint16_t'
[1;36mdebug: [0mc_header: LOOP START token=1 line=2954 text='pixman_fixed_t'
[1;36mdebug: [0mc_header: LOOP START token=1 line=2955 text='pixman_fixed_t'
[1;36mdebug: [0mc_header: LOOP START token=1 line=2960 text='pixman_point_fixed_t'
[1;36mdebug: [0mc_header: LOOP START token=1 line=2969 text='pixman_fixed_t'
[1;36mdebug: [0mc_header: LOOP START token=1 line=2974 text='pixman_fixed_t'
[1;36mdebug: [0mc_header: w_name=pixman_transform_init_identity
[1;36mdebug: [0mc_header: parsed function pixman_transform_init_identity with 1 params (varargs=0) at line 2982
[1;36mdebug: [0mc_header: w_name=pixman_transform_point_3d
[1;36mdebug: [0mc_header: parsed function pixman_transform_point_3d with 2 params (varargs=0) at line 2986
[1;36mdebug: [0mc_header: w_name=pixman_transform_point
[1;36mdebug: [0mc_header: parsed function pixman_transform_point with 2 params (varargs=0) at line 2990
[1;36mdebug: [0mc_header: w_name=pixman_transform_multiply
[1;36mdebug: [0mc_header: parsed function pixman_transform_multiply with 3 params (varargs=0) at line 2995
[1;36mdebug: [0mc_header: w_name=pixman_transform_init_scale
[1;36mdebug: [0mc_header: parsed function pixman_transform_init_scale with 3 params (varargs=0) at line 3000
[1;36mdebug: [0mc_header: w_name=pixman_transform_scale
[1;36mdebug: [0mc_header: parsed function pixman_transform_scale with 4 params (varargs=0) at line 3006
[1;36mdebug: [0mc_header: w_name=pixman_transform_init_rotate
[1;36mdebug: [0mc_header: parsed function pixman_transform_init_rotate with 3 params (varargs=0) at line 3011
[1;36mdebug: [0mc_header: w_name=pixman_transform_rotate
[1;36mdebug: [0mc_header: parsed function pixman_transform_rotate with 4 params (varargs=0) at line 3017
[1;36mdebug: [0mc_header: w_name=pixman_transform_init_translate
[1;36mdebug: [0mc_header: parsed function pixman_transform_init_translate with 3 params (varargs=0) at line 3022
[1;36mdebug: [0mc_header: w_name=pixman_transform_translate
[1;36mdebug: [0mc_header: parsed function pixman_transform_translate with 4 params (varargs=0) at line 3028
[1;36mdebug: [0mc_header: w_name=pixman_transform_bounds
[1;36mdebug: [0mc_header: parsed function pixman_transform_bounds with 2 params (varargs=0) at line 3032
[1;36mdebug: [0mc_header: w_name=pixman_transform_invert
[1;36mdebug: [0mc_header: parsed function pixman_transform_invert with 2 params (varargs=0) at line 3036
[1;36mdebug: [0mc_header: w_name=pixman_transform_is_identity
[1;36mdebug: [0mc_header: parsed function pixman_transform_is_identity with 1 params (varargs=0) at line 3039
[1;36mdebug: [0mc_header: w_name=pixman_transform_is_scale
[1;36mdebug: [0mc_header: parsed function pixman_transform_is_scale with 1 params (varargs=0) at line 3042
[1;36mdebug: [0mc_header: w_name=pixman_transform_is_int_translate
[1;36mdebug: [0mc_header: parsed function pixman_transform_is_int_translate with 1 params (varargs=0) at line 3045
[1;36mdebug: [0mc_header: w_name=pixman_transform_is_inverse
[1;36mdebug: [0mc_header: parsed function pixman_transform_is_inverse with 2 params (varargs=0) at line 3049
[1;36mdebug: [0mc_header: LOOP START token=63 line=3059 text='double'
[1;36mdebug: [0mc_header: LOOP START token=63 line=3064 text='double'
[1;36mdebug: [0mc_header: w_name=pixman_transform_from_pixman_f_transform
[1;36mdebug: [0mc_header: parsed function pixman_transform_from_pixman_f_transform with 2 params (varargs=0) at line 3070
[1;36mdebug: [0mc_header: w_name=pixman_f_transform_from_pixman_transform
[1;36mdebug: [0mc_header: parsed function pixman_f_transform_from_pixman_transform with 2 params (varargs=0) at line 3074
[1;36mdebug: [0mc_header: w_name=pixman_f_transform_invert
[1;36mdebug: [0mc_header: parsed function pixman_f_transform_invert with 2 params (varargs=0) at line 3078
[1;36mdebug: [0mc_header: w_name=pixman_f_transform_point
[1;36mdebug: [0mc_header: parsed function pixman_f_transform_point with 2 params (varargs=0) at line 3082
[1;36mdebug: [0mc_header: w_name=pixman_f_transform_point_3d
[1;36mdebug: [0mc_header: parsed function pixman_f_transform_point_3d with 2 params (varargs=0) at line 3086
[1;36mdebug: [0mc_header: w_name=pixman_f_transform_multiply
[1;36mdebug: [0mc_header: parsed function pixman_f_transform_multiply with 3 params (varargs=0) at line 3091
[1;36mdebug: [0mc_header: w_name=pixman_f_transform_init_scale
[1;36mdebug: [0mc_header: parsed function pixman_f_transform_init_scale with 3 params (varargs=0) at line 3096
[1;36mdebug: [0mc_header: w_name=pixman_f_transform_scale
[1;36mdebug: [0mc_header: parsed function pixman_f_transform_scale with 4 params (varargs=0) at line 3102
[1;36mdebug: [0mc_header: w_name=pixman_f_transform_init_rotate
[1;36mdebug: [0mc_header: parsed function pixman_f_transform_init_rotate with 3 params (varargs=0) at line 3107
[1;36mdebug: [0mc_header: w_name=pixman_f_transform_rotate
[1;36mdebug: [0mc_header: parsed function pixman_f_transform_rotate with 4 params (varargs=0) at line 3113
[1;36mdebug: [0mc_header: w_name=pixman_f_transform_init_translate
[1;36mdebug: [0mc_header: parsed function pixman_f_transform_init_translate with 3 params (varargs=0) at line 3118
[1;36mdebug: [0mc_header: w_name=pixman_f_transform_translate
[1;36mdebug: [0mc_header: parsed function pixman_f_transform_translate with 4 params (varargs=0) at line 3124
[1;36mdebug: [0mc_header: w_name=pixman_f_transform_bounds
[1;36mdebug: [0mc_header: parsed function pixman_f_transform_bounds with 2 params (varargs=0) at line 3128
[1;36mdebug: [0mc_header: w_name=pixman_f_transform_init_identity
[1;36mdebug: [0mc_header: parsed function pixman_f_transform_init_identity with 1 params (varargs=0) at line 3131
[1;36mdebug: [0mc_header: LOOP START token=1
[1;36mdebug: [0mc_header: LOOP START token=1
[1;36mdebug: [0mc_header: LOOP START token=1
[1;36mdebug: [0mc_header: LOOP START token=1
[1;36mdebug: [0mc_header: LOOP START token=1
[1;36mdebug: [0mc_header: LOOP START token=1
[1;36mdebug: [0mc_header: LOOP START token=1
[1;36mdebug: [0mc_header: LOOP START token=1
[1;36mdebug: [0mc_header: LOOP START token=1
[1;36mdebug: [0mc_header: LOOP START token=1
[1;36mdebug: [0mc_header: LOOP START token=1
[1;36mdebug: [0mc_header: LOOP START token=1
[1;36mdebug: [0mc_header: LOOP START token=1
[1;36mdebug: [0mc_header: LOOP START token=1
[1;36mdebug: [0mc_header: LOOP START token=1
[1;36mdebug: [0mc_header: LOOP START token=1
[1;36mdebug: [0mc_header: LOOP START token=1
[1;36mdebug: [0mc_header: LOOP START token=1
[1;36mdebug: [0mc_header: LOOP START token=1
[1;36mdebug: [0mc_header: LOOP START token=1
[1;36mdebug: [0mc_header: LOOP START token=1
[1;36mdebug: [0mc_header: LOOP START token=1
[1;36mdebug: [0mc_header: LOOP START token=1
[1;36mdebug: [0mc_header: LOOP START token=1
[1;36mdebug: [0mc_header: LOOP START token=1
[1;36mdebug: [0mc_header: LOOP START token=1
[1;36mdebug: [0mc_header: LOOP START token=1
[1;36mdebug: [0mc_header: LOOP START token=1
[1;36mdebug: [0mc_header: LOOP START token=1
[1;36mdebug: [0mc_header: LOOP START token=1
[1;36mdebug: [0mc_header: LOOP START token=1
[1;36mdebug: [0mc_header: LOOP START token=1
[1;36mdebug: [0mc_header: LOOP START token=1
[1;36mdebug: [0mc_header: LOOP START token=1
[1;36mdebug: [0mc_header: LOOP START token=1
[1;36mdebug: [0mc_header: LOOP START token=1
[1;36mdebug: [0mc_header: LOOP START token=1
[1;36mdebug: [0mc_header: LOOP START token=1
[1;36mdebug: [0mc_header: LOOP START token=1
[1;36mdebug: [0mc_header: LOOP START token=1
[1;36mdebug: [0mc_header: LOOP START token=1
[1;36mdebug: [0mc_header: LOOP START token=1
[1;36mdebug: [0mc_header: LOOP START token=1
[1;36mdebug: [0mc_header: LOOP START token=1
[1;36mdebug: [0mc_header: LOOP START token=1
[1;36mdebug: [0mc_header: LOOP START token=1
[1;36mdebug: [0mc_header: LOOP START token=1
[1;36mdebug: [0mc_header: LOOP START token=1
[1;36mdebug: [0mc_header: LOOP START token=1
[1;36mdebug: [0mc_header: LOOP START token=1
[1;36mdebug: [0mc_header: LOOP START token=1
[1;36mdebug: [0mc_header: LOOP START token=1
[1;36mdebug: [0mc_header: LOOP START token=1
[1;36mdebug: [0mc_header: LOOP START token=1
[1;36mdebug: [0mc_header: LOOP START token=1
[1;36mdebug: [0mc_header: LOOP START token=1
[1;36mdebug: [0mc_header: LOOP START token=1
[1;36mdebug: [0mc_header: LOOP START token=1
[1;36mdebug: [0mc_header: LOOP START token=1
[1;36mdebug: [0mc_header: LOOP START token=1
[1;36mdebug: [0mc_header: LOOP START token=1
[1;36mdebug: [0mc_header: LOOP START token=1
[1;36mdebug: [0mc_header: LOOP START token=1
[1;36mdebug: [0mc_header: LOOP START token=1
[1;36mdebug: [0mc_header: LOOP START token=1
[1;36mdebug: [0mc_header: LOOP START token=1
[1;36mdebug: [0mc_header: LOOP START token=1
[1;36mdebug: [0mc_header: LOOP START token=1
[1;36mdebug: [0mc_header: LOOP START token=1
[1;36mdebug: [0mc_header: LOOP START token=1
[1;36mdebug: [0mc_header: LOOP START token=73 line=3238 text='long'
[1;36mdebug: [0mc_header: LOOP START token=73 line=3239 text='long'
[1;36mdebug: [0mc_header: LOOP START token=1 line=3245 text='int16_t'
[1;36mdebug: [0mc_header: LOOP START token=1 line=3246 text='uint16_t'
[1;36mdebug: [0mc_header: LOOP START token=1 line=3251 text='int16_t'
[1;36mdebug: [0mc_header: LOOP START token=1 line=3256 text='pixman_box16_t'
[1;36mdebug: [0mc_header: LOOP START token=1 line=3257 text='pixman_region16_data_t'
[1;36mdebug: [0mc_header: LOOP START token=1
[1;36mdebug: [0mc_header: LOOP START token=1
[1;36mdebug: [0mc_header: LOOP START token=1
[1;36mdebug: [0mc_header: w_name=pixman_region_set_static_pointers
[1;36mdebug: [0mc_header: parsed function pixman_region_set_static_pointers with 3 params (varargs=0) at line 3273
[1;36mdebug: [0mc_header: w_name=pixman_region_init
[1;36mdebug: [0mc_header: parsed function pixman_region_init with 1 params (varargs=0) at line 3277
[1;36mdebug: [0mc_header: w_name=pixman_region_init_rect
[1;36mdebug: [0mc_header: parsed function pixman_region_init_rect with 5 params (varargs=0) at line 3284
[1;36mdebug: [0mc_header: w_name=pixman_region_init_rects
[1;36mdebug: [0mc_header: parsed function pixman_region_init_rects with 3 params (varargs=0) at line 3289
[1;36mdebug: [0mc_header: w_name=pixman_region_init_with_extents
[1;36mdebug: [0mc_header: parsed function pixman_region_init_with_extents with 2 params (varargs=0) at line 3293
[1;36mdebug: [0mc_header: w_name=pixman_region_init_from_image
[1;36mdebug: [0mc_header: parsed function pixman_region_init_from_image with 2 params (varargs=0) at line 3297
[1;36mdebug: [0mc_header: w_name=pixman_region_fini
[1;36mdebug: [0mc_header: parsed function pixman_region_fini with 1 params (varargs=0) at line 3300
[1;36mdebug: [0mc_header: w_name=pixman_region_translate
[1;36mdebug: [0mc_header: parsed function pixman_region_translate with 3 params (varargs=0) at line 3307
[1;36mdebug: [0mc_header: w_name=pixman_region_copy
[1;36mdebug: [0mc_header: parsed function pixman_region_copy with 2 params (varargs=0) at line 3311
[1;36mdebug: [0mc_header: w_name=pixman_region_intersect
[1;36mdebug: [0mc_header: parsed function pixman_region_intersect with 3 params (varargs=0) at line 3316
[1;36mdebug: [0mc_header: w_name=pixman_region_union
[1;36mdebug: [0mc_header: parsed function pixman_region_union with 3 params (varargs=0) at line 3321
[1;36mdebug: [0mc_header: w_name=pixman_region_union_rect
[1;36mdebug: [0mc_header: parsed function pixman_region_union_rect with 6 params (varargs=0) at line 3329
[1;36mdebug: [0mc_header: w_name=pixman_region_intersect_rect
[1;36mdebug: [0mc_header: parsed function pixman_region_intersect_rect with 6 params (varargs=0) at line 3337
[1;36mdebug: [0mc_header: w_name=pixman_region_subtract
[1;36mdebug: [0mc_header: parsed function pixman_region_subtract with 3 params (varargs=0) at line 3342
[1;36mdebug: [0mc_header: w_name=pixman_region_inverse
[1;36mdebug: [0mc_header: parsed function pixman_region_inverse with 3 params (varargs=0) at line 3347
[1;36mdebug: [0mc_header: w_name=pixman_region_contains_point
[1;36mdebug: [0mc_header: parsed function pixman_region_contains_point with 4 params (varargs=0) at line 3353
[1;36mdebug: [0mc_header: w_name=pixman_region_contains_rectangle
[1;36mdebug: [0mc_header: parsed function pixman_region_contains_rectangle with 2 params (varargs=0) at line 3357
[1;36mdebug: [0mc_header: w_name=pixman_region_empty
[1;36mdebug: [0mc_header: parsed function pixman_region_empty with 1 params (varargs=0) at line 3360
[1;36mdebug: [0mc_header: w_name=pixman_region_not_empty
[1;36mdebug: [0mc_header: parsed function pixman_region_not_empty with 1 params (varargs=0) at line 3363
[1;36mdebug: [0mc_header: w_name=pixman_region_extents
[1;36mdebug: [0mc_header: parsed function pixman_region_extents with 1 params (varargs=0) at line 3366
[1;36mdebug: [0mc_header: w_name=pixman_region_n_rects
[1;36mdebug: [0mc_header: parsed function pixman_region_n_rects with 1 params (varargs=0) at line 3369
[1;36mdebug: [0mc_header: w_name=pixman_region_rectangles
[1;36mdebug: [0mc_header: parsed function pixman_region_rectangles with 2 params (varargs=0) at line 3373
[1;36mdebug: [0mc_header: w_name=pixman_region_equal
[1;36mdebug: [0mc_header: parsed function pixman_region_equal with 2 params (varargs=0) at line 3377
[1;36mdebug: [0mc_header: w_name=pixman_region_selfcheck
[1;36mdebug: [0mc_header: parsed function pixman_region_selfcheck with 1 params (varargs=0) at line 3380
[1;36mdebug: [0mc_header: w_name=pixman_region_reset
[1;36mdebug: [0mc_header: parsed function pixman_region_reset with 2 params (varargs=0) at line 3384
[1;36mdebug: [0mc_header: w_name=pixman_region_clear
[1;36mdebug: [0mc_header: parsed function pixman_region_clear with 1 params (varargs=0) at line 3387
[1;36mdebug: [0mc_header: LOOP START token=73 line=3397 text='long'
[1;36mdebug: [0mc_header: LOOP START token=73 line=3398 text='long'
[1;36mdebug: [0mc_header: LOOP START token=1 line=3404 text='int32_t'
[1;36mdebug: [0mc_header: LOOP START token=1 line=3405 text='uint32_t'
[1;36mdebug: [0mc_header: LOOP START token=1 line=3410 text='int32_t'
[1;36mdebug: [0mc_header: LOOP START token=1 line=3415 text='pixman_box32_t'
[1;36mdebug: [0mc_header: LOOP START token=1 line=3416 text='pixman_region32_data_t'
[1;36mdebug: [0mc_header: w_name=pixman_region32_init
[1;36mdebug: [0mc_header: parsed function pixman_region32_init with 1 params (varargs=0) at line 3421
[1;36mdebug: [0mc_header: w_name=pixman_region32_init_rect
[1;36mdebug: [0mc_header: parsed function pixman_region32_init_rect with 5 params (varargs=0) at line 3428
[1;36mdebug: [0mc_header: w_name=pixman_region32_init_rects
[1;36mdebug: [0mc_header: parsed function pixman_region32_init_rects with 3 params (varargs=0) at line 3433
[1;36mdebug: [0mc_header: w_name=pixman_region32_init_with_extents
[1;36mdebug: [0mc_header: parsed function pixman_region32_init_with_extents with 2 params (varargs=0) at line 3437
[1;36mdebug: [0mc_header: w_name=pixman_region32_init_from_image
[1;36mdebug: [0mc_header: parsed function pixman_region32_init_from_image with 2 params (varargs=0) at line 3441
[1;36mdebug: [0mc_header: w_name=pixman_region32_fini
[1;36mdebug: [0mc_header: parsed function pixman_region32_fini with 1 params (varargs=0) at line 3444
[1;36mdebug: [0mc_header: w_name=pixman_region32_translate
[1;36mdebug: [0mc_header: parsed function pixman_region32_translate with 3 params (varargs=0) at line 3451
[1;36mdebug: [0mc_header: w_name=pixman_region32_copy
[1;36mdebug: [0mc_header: parsed function pixman_region32_copy with 2 params (varargs=0) at line 3455
[1;36mdebug: [0mc_header: w_name=pixman_region32_intersect
[1;36mdebug: [0mc_header: parsed function pixman_region32_intersect with 3 params (varargs=0) at line 3460
[1;36mdebug: [0mc_header: w_name=pixman_region32_union
[1;36mdebug: [0mc_header: parsed function pixman_region32_union with 3 params (varargs=0) at line 3465
[1;36mdebug: [0mc_header: w_name=pixman_region32_intersect_rect
[1;36mdebug: [0mc_header: parsed function pixman_region32_intersect_rect with 6 params (varargs=0) at line 3473
[1;36mdebug: [0mc_header: w_name=pixman_region32_union_rect
[1;36mdebug: [0mc_header: parsed function pixman_region32_union_rect with 6 params (varargs=0) at line 3481
[1;36mdebug: [0mc_header: w_name=pixman_region32_subtract
[1;36mdebug: [0mc_header: parsed function pixman_region32_subtract with 3 params (varargs=0) at line 3486
[1;36mdebug: [0mc_header: w_name=pixman_region32_inverse
[1;36mdebug: [0mc_header: parsed function pixman_region32_inverse with 3 params (varargs=0) at line 3491
[1;36mdebug: [0mc_header: w_name=pixman_region32_contains_point
[1;36mdebug: [0mc_header: parsed function pixman_region32_contains_point with 4 params (varargs=0) at line 3497
[1;36mdebug: [0mc_header: w_name=pixman_region32_contains_rectangle
[1;36mdebug: [0mc_header: parsed function pixman_region32_contains_rectangle with 2 params (varargs=0) at line 3501
[1;36mdebug: [0mc_header: w_name=pixman_region32_empty
[1;36mdebug: [0mc_header: parsed function pixman_region32_empty with 1 params (varargs=0) at line 3504
[1;36mdebug: [0mc_header: w_name=pixman_region32_not_empty
[1;36mdebug: [0mc_header: parsed function pixman_region32_not_empty with 1 params (varargs=0) at line 3507
[1;36mdebug: [0mc_header: w_name=pixman_region32_extents
[1;36mdebug: [0mc_header: parsed function pixman_region32_extents with 1 params (varargs=0) at line 3510
[1;36mdebug: [0mc_header: w_name=pixman_region32_n_rects
[1;36mdebug: [0mc_header: parsed function pixman_region32_n_rects with 1 params (varargs=0) at line 3513
[1;36mdebug: [0mc_header: w_name=pixman_region32_rectangles
[1;36mdebug: [0mc_header: parsed function pixman_region32_rectangles with 2 params (varargs=0) at line 3517
[1;36mdebug: [0mc_header: w_name=pixman_region32_equal
[1;36mdebug: [0mc_header: parsed function pixman_region32_equal with 2 params (varargs=0) at line 3521
[1;36mdebug: [0mc_header: w_name=pixman_region32_selfcheck
[1;36mdebug: [0mc_header: parsed function pixman_region32_selfcheck with 1 params (varargs=0) at line 3524
[1;36mdebug: [0mc_header: w_name=pixman_region32_reset
[1;36mdebug: [0mc_header: parsed function pixman_region32_reset with 2 params (varargs=0) at line 3528
[1;36mdebug: [0mc_header: w_name=pixman_region32_clear
[1;36mdebug: [0mc_header: parsed function pixman_region32_clear with 1 params (varargs=0) at line 3531
[1;36mdebug: [0mc_header: LOOP START token=73 line=3541 text='long'
[1;36mdebug: [0mc_header: LOOP START token=73 line=3542 text='long'
[1;36mdebug: [0mc_header: LOOP START token=63 line=3548 text='double'
[1;36mdebug: [0mc_header: LOOP START token=63 line=3549 text='double'
[1;36mdebug: [0mc_header: LOOP START token=63 line=3554 text='double'
[1;36mdebug: [0mc_header: LOOP START token=1 line=3559 text='pixman_box64f_t'
[1;36mdebug: [0mc_header: LOOP START token=1 line=3560 text='pixman_region64f_data_t'
[1;36mdebug: [0mc_header: w_name=pixman_region64f_init
[1;36mdebug: [0mc_header: parsed function pixman_region64f_init with 1 params (varargs=0) at line 3565
[1;36mdebug: [0mc_header: w_name=pixman_region64f_init_rect
[1;36mdebug: [0mc_header: parsed function pixman_region64f_init_rect with 5 params (varargs=0) at line 3572
[1;36mdebug: [0mc_header: w_name=pixman_region64f_init_rectf
[1;36mdebug: [0mc_header: parsed function pixman_region64f_init_rectf with 5 params (varargs=0) at line 3579
[1;36mdebug: [0mc_header: w_name=pixman_region64f_init_rects
[1;36mdebug: [0mc_header: parsed function pixman_region64f_init_rects with 3 params (varargs=0) at line 3584
[1;36mdebug: [0mc_header: w_name=pixman_region64f_init_with_extents
[1;36mdebug: [0mc_header: parsed function pixman_region64f_init_with_extents with 2 params (varargs=0) at line 3588
[1;36mdebug: [0mc_header: w_name=pixman_region64f_init_from_image
[1;36mdebug: [0mc_header: parsed function pixman_region64f_init_from_image with 2 params (varargs=0) at line 3592
[1;36mdebug: [0mc_header: w_name=pixman_region64f_fini
[1;36mdebug: [0mc_header: parsed function pixman_region64f_fini with 1 params (varargs=0) at line 3595
[1;36mdebug: [0mc_header: w_name=pixman_region64f_translate
[1;36mdebug: [0mc_header: parsed function pixman_region64f_translate with 3 params (varargs=0) at line 3602
[1;36mdebug: [0mc_header: w_name=pixman_region64f_translatef
[1;36mdebug: [0mc_header: parsed function pixman_region64f_translatef with 3 params (varargs=0) at line 3607
[1;36mdebug: [0mc_header: w_name=pixman_region64f_copy
[1;36mdebug: [0mc_header: parsed function pixman_region64f_copy with 2 params (varargs=0) at line 3611
[1;36mdebug: [0mc_header: w_name=pixman_region64f_intersect
[1;36mdebug: [0mc_header: parsed function pixman_region64f_intersect with 3 params (varargs=0) at line 3616
[1;36mdebug: [0mc_header: w_name=pixman_region64f_union
[1;36mdebug: [0mc_header: parsed function pixman_region64f_union with 3 params (varargs=0) at line 3621
[1;36mdebug: [0mc_header: w_name=pixman_region64f_intersect_rect
[1;36mdebug: [0mc_header: parsed function pixman_region64f_intersect_rect with 6 params (varargs=0) at line 3629
[1;36mdebug: [0mc_header: w_name=pixman_region64f_intersect_rectf
[1;36mdebug: [0mc_header: parsed function pixman_region64f_intersect_rectf with 6 params (varargs=0) at line 3637
[1;36mdebug: [0mc_header: w_name=pixman_region64f_union_rect
[1;36mdebug: [0mc_header: parsed function pixman_region64f_union_rect with 6 params (varargs=0) at line 3645
[1;36mdebug: [0mc_header: w_name=pixman_region64f_union_rectf
[1;36mdebug: [0mc_header: parsed function pixman_region64f_union_rectf with 6 params (varargs=0) at line 3653
[1;36mdebug: [0mc_header: w_name=pixman_region64f_subtract
[1;36mdebug: [0mc_header: parsed function pixman_region64f_subtract with 3 params (varargs=0) at line 3658
[1;36mdebug: [0mc_header: w_name=pixman_region64f_inverse
[1;36mdebug: [0mc_header: parsed function pixman_region64f_inverse with 3 params (varargs=0) at line 3663
[1;36mdebug: [0mc_header: w_name=pixman_region64f_contains_point
[1;36mdebug: [0mc_header: parsed function pixman_region64f_contains_point with 4 params (varargs=0) at line 3669
[1;36mdebug: [0mc_header: w_name=pixman_region64f_contains_pointf
[1;36mdebug: [0mc_header: parsed function pixman_region64f_contains_pointf with 4 params (varargs=0) at line 3675
[1;36mdebug: [0mc_header: w_name=pixman_region64f_contains_rectangle
[1;36mdebug: [0mc_header: parsed function pixman_region64f_contains_rectangle with 2 params (varargs=0) at line 3679
[1;36mdebug: [0mc_header: w_name=pixman_region64f_empty
[1;36mdebug: [0mc_header: parsed function pixman_region64f_empty with 1 params (varargs=0) at line 3682
[1;36mdebug: [0mc_header: w_name=pixman_region64f_not_empty
[1;36mdebug: [0mc_header: parsed function pixman_region64f_not_empty with 1 params (varargs=0) at line 3685
[1;36mdebug: [0mc_header: w_name=pixman_region64f_extents
[1;36mdebug: [0mc_header: parsed function pixman_region64f_extents with 1 params (varargs=0) at line 3688
[1;36mdebug: [0mc_header: w_name=pixman_region64f_n_rects
[1;36mdebug: [0mc_header: parsed function pixman_region64f_n_rects with 1 params (varargs=0) at line 3691
[1;36mdebug: [0mc_header: w_name=pixman_region64f_rectangles
[1;36mdebug: [0mc_header: parsed function pixman_region64f_rectangles with 2 params (varargs=0) at line 3695
[1;36mdebug: [0mc_header: w_name=pixman_region64f_equal
[1;36mdebug: [0mc_header: parsed function pixman_region64f_equal with 2 params (varargs=0) at line 3699
[1;36mdebug: [0mc_header: w_name=pixman_region64f_selfcheck
[1;36mdebug: [0mc_header: parsed function pixman_region64f_selfcheck with 1 params (varargs=0) at line 3702
[1;36mdebug: [0mc_header: w_name=pixman_region64f_reset
[1;36mdebug: [0mc_header: parsed function pixman_region64f_reset with 2 params (varargs=0) at line 3706
[1;36mdebug: [0mc_header: w_name=pixman_region64f_clear
[1;36mdebug: [0mc_header: parsed function pixman_region64f_clear with 1 params (varargs=0) at line 3709
[1;36mdebug: [0mc_header: w_name=pixman_blt
[1;36mdebug: [0mc_header: parsed function pixman_blt with 12 params (varargs=0) at line 3725
[1;36mdebug: [0mc_header: w_name=pixman_fill
[1;36mdebug: [0mc_header: parsed function pixman_fill with 8 params (varargs=0) at line 3735
[1;36mdebug: [0mc_header: w_name=pixman_version
[1;36mdebug: [0mc_header: parsed function pixman_version with 0 params (varargs=0) at line 3739
[1;36mdebug: [0mc_header: w_name=pixman_version_string
[1;36mdebug: [0mc_header: parsed function pixman_version_string with 0 params (varargs=0) at line 3742
[1;36mdebug: [0mc_header: LOOP START token=1 line=3756 text='pixman_fixed_t'
[1;36mdebug: [0mc_header: LOOP START token=1 line=3757 text='pixman_color_t'
[1;36mdebug: [0mc_header: LOOP START token=1 line=3768 text='pixman_bool_t'
[1;36mdebug: [0mc_header: LOOP START token=1 line=3769 text='uint32_t'
[1;36mdebug: [0mc_header: LOOP START token=1 line=3770 text='pixman_index_type'
[1;36mdebug: [0mc_header: LOOP START token=1
[1;36mdebug: [0mc_header: LOOP START token=1
[1;36mdebug: [0mc_header: LOOP START token=1
[1;36mdebug: [0mc_header: LOOP START token=1
[1;36mdebug: [0mc_header: LOOP START token=1
[1;36mdebug: [0mc_header: LOOP START token=1
[1;36mdebug: [0mc_header: LOOP START token=1
[1;36mdebug: [0mc_header: LOOP START token=1
[1;36mdebug: [0mc_header: LOOP START token=1
[1;36mdebug: [0mc_header: LOOP START token=1
[1;36mdebug: [0mc_header: LOOP START token=1
[1;36mdebug: [0mc_header: LOOP START token=1
[1;36mdebug: [0mc_header: LOOP START token=1
[1;36mdebug: [0mc_header: LOOP START token=1
[1;36mdebug: [0mc_header: LOOP START token=1
[1;36mdebug: [0mc_header: LOOP START token=1
[1;36mdebug: [0mc_header: LOOP START token=1
[1;36mdebug: [0mc_header: LOOP START token=1
[1;36mdebug: [0mc_header: LOOP START token=1
[1;36mdebug: [0mc_header: LOOP START token=1
[1;36mdebug: [0mc_header: LOOP START token=1
[1;36mdebug: [0mc_header: LOOP START token=1
[1;36mdebug: [0mc_header: LOOP START token=1
[1;36mdebug: [0mc_header: LOOP START token=1
[1;36mdebug: [0mc_header: LOOP START token=1
[1;36mdebug: [0mc_header: LOOP START token=1
[1;36mdebug: [0mc_header: LOOP START token=1
[1;36mdebug: [0mc_header: LOOP START token=1
[1;36mdebug: [0mc_header: LOOP START token=1
[1;36mdebug: [0mc_header: LOOP START token=1
[1;36mdebug: [0mc_header: LOOP START token=1
[1;36mdebug: [0mc_header: LOOP START token=1
[1;36mdebug: [0mc_header: LOOP START token=1
[1;36mdebug: [0mc_header: LOOP START token=1
[1;36mdebug: [0mc_header: LOOP START token=1
[1;36mdebug: [0mc_header: LOOP START token=1
[1;36mdebug: [0mc_header: LOOP START token=1
[1;36mdebug: [0mc_header: LOOP START token=1
[1;36mdebug: [0mc_header: LOOP START token=1
[1;36mdebug: [0mc_header: LOOP START token=1
[1;36mdebug: [0mc_header: LOOP START token=1
[1;36mdebug: [0mc_header: LOOP START token=1
[1;36mdebug: [0mc_header: LOOP START token=1
[1;36mdebug: [0mc_header: LOOP START token=1
[1;36mdebug: [0mc_header: LOOP START token=1
[1;36mdebug: [0mc_header: LOOP START token=1
[1;36mdebug: [0mc_header: LOOP START token=1
[1;36mdebug: [0mc_header: LOOP START token=1
[1;36mdebug: [0mc_header: LOOP START token=1
[1;36mdebug: [0mc_header: LOOP START token=1
[1;36mdebug: [0mc_header: LOOP START token=1
[1;36mdebug: [0mc_header: w_name=pixman_format_supported_destination
[1;36mdebug: [0mc_header: parsed function pixman_format_supported_destination with 1 params (varargs=0) at line 3856
[1;36mdebug: [0mc_header: w_name=pixman_format_supported_source
[1;36mdebug: [0mc_header: parsed function pixman_format_supported_source with 1 params (varargs=0) at line 3859
[1;36mdebug: [0mc_header: w_name=pixman_image_create_solid_fill
[1;36mdebug: [0mc_header: parsed function pixman_image_create_solid_fill with 1 params (varargs=0) at line 3863
[1;36mdebug: [0mc_header: w_name=pixman_image_create_linear_gradient
[1;36mdebug: [0mc_header: parsed function pixman_image_create_linear_gradient with 4 params (varargs=0) at line 3869
[1;36mdebug: [0mc_header: w_name=pixman_image_create_radial_gradient
[1;36mdebug: [0mc_header: parsed function pixman_image_create_radial_gradient with 6 params (varargs=0) at line 3877
[1;36mdebug: [0mc_header: w_name=pixman_image_create_conical_gradient
[1;36mdebug: [0mc_header: parsed function pixman_image_create_conical_gradient with 4 params (varargs=0) at line 3883
[1;36mdebug: [0mc_header: w_name=pixman_image_create_bits
[1;36mdebug: [0mc_header: parsed function pixman_image_create_bits with 5 params (varargs=0) at line 3890
[1;36mdebug: [0mc_header: w_name=pixman_image_create_bits_no_clear
[1;36mdebug: [0mc_header: parsed function pixman_image_create_bits_no_clear with 5 params (varargs=0) at line 3897
[1;36mdebug: [0mc_header: w_name=pixman_image_ref
[1;36mdebug: [0mc_header: parsed function pixman_image_ref with 1 params (varargs=0) at line 3901
[1;36mdebug: [0mc_header: w_name=pixman_image_unref
[1;36mdebug: [0mc_header: parsed function pixman_image_unref with 1 params (varargs=0) at line 3904
[1;36mdebug: [0mc_header: w_name=pixman_image_set_destroy_function
[1;36mdebug: [0mc_header: parsed function pixman_image_set_destroy_function with 3 params (varargs=0) at line 3910
[1;36mdebug: [0mc_header: w_name=pixman_image_get_destroy_data
[1;36mdebug: [0mc_header: parsed function pixman_image_get_destroy_data with 1 params (varargs=0) at line 3913
[1;36mdebug: [0mc_header: w_name=pixman_image_set_clip_region
[1;36mdebug: [0mc_header: parsed function pixman_image_set_clip_region with 2 params (varargs=0) at line 3918
[1;36mdebug: [0mc_header: w_name=pixman_image_set_clip_region32
[1;36mdebug: [0mc_header: parsed function pixman_image_set_clip_region32 with 2 params (varargs=0) at line 3922
[1;36mdebug: [0mc_header: w_name=pixman_image_set_clip_region64f
[1;36mdebug: [0mc_header: parsed function pixman_image_set_clip_region64f with 2 params (varargs=0) at line 3926
[1;36mdebug: [0mc_header: w_name=pixman_image_set_has_client_clip
[1;36mdebug: [0mc_header: parsed function pixman_image_set_has_client_clip with 2 params (varargs=0) at line 3930
[1;36mdebug: [0mc_header: w_name=pixman_image_set_transform
[1;36mdebug: [0mc_header: parsed function pixman_image_set_transform with 2 params (varargs=0) at line 3934
[1;36mdebug: [0mc_header: w_name=pixman_image_set_repeat
[1;36mdebug: [0mc_header: parsed function pixman_image_set_repeat with 2 params (varargs=0) at line 3938
[1;36mdebug: [0mc_header: w_name=pixman_image_set_dither
[1;36mdebug: [0mc_header: parsed function pixman_image_set_dither with 2 params (varargs=0) at line 3942
[1;36mdebug: [0mc_header: w_name=pixman_image_set_dither_offset
[1;36mdebug: [0mc_header: parsed function pixman_image_set_dither_offset with 3 params (varargs=0) at line 3947
[1;36mdebug: [0mc_header: w_name=pixman_image_set_filter
[1;36mdebug: [0mc_header: parsed function pixman_image_set_filter with 4 params (varargs=0) at line 3953
[1;36mdebug: [0mc_header: w_name=pixman_image_set_source_clipping
[1;36mdebug: [0mc_header: parsed function pixman_image_set_source_clipping with 2 params (varargs=0) at line 3957
[1;36mdebug: [0mc_header: w_name=pixman_image_set_alpha_map
[1;36mdebug: [0mc_header: parsed function pixman_image_set_alpha_map with 4 params (varargs=0) at line 3963
[1;36mdebug: [0mc_header: w_name=pixman_image_set_component_alpha
[1;36mdebug: [0mc_header: parsed function pixman_image_set_component_alpha with 2 params (varargs=0) at line 3967
[1;36mdebug: [0mc_header: w_name=pixman_image_get_component_alpha
[1;36mdebug: [0mc_header: parsed function pixman_image_get_component_alpha with 1 params (varargs=0) at line 3970
[1;36mdebug: [0mc_header: w_name=pixman_image_set_accessors
[1;36mdebug: [0mc_header: parsed function pixman_image_set_accessors with 3 params (varargs=0) at line 3975
[1;36mdebug: [0mc_header: w_name=pixman_image_set_indexed
[1;36mdebug: [0mc_header: parsed function pixman_image_set_indexed with 2 params (varargs=0) at line 3979
[1;36mdebug: [0mc_header: w_name=pixman_image_get_data
[1;36mdebug: [0mc_header: parsed function pixman_image_get_data with 1 params (varargs=0) at line 3982
[1;36mdebug: [0mc_header: w_name=pixman_image_get_width
[1;36mdebug: [0mc_header: parsed function pixman_image_get_width with 1 params (varargs=0) at line 3985
[1;36mdebug: [0mc_header: w_name=pixman_image_get_height
[1;36mdebug: [0mc_header: parsed function pixman_image_get_height with 1 params (varargs=0) at line 3988
[1;36mdebug: [0mc_header: w_name=pixman_image_get_stride
[1;36mdebug: [0mc_header: parsed function pixman_image_get_stride with 1 params (varargs=0) at line 3991
[1;36mdebug: [0mc_header: w_name=pixman_image_get_depth
[1;36mdebug: [0mc_header: parsed function pixman_image_get_depth with 1 params (varargs=0) at line 3994
[1;36mdebug: [0mc_header: w_name=pixman_image_get_format
[1;36mdebug: [0mc_header: parsed function pixman_image_get_format with 1 params (varargs=0) at line 3997
[1;36mdebug: [0mc_header: LOOP START token=1
[1;36mdebug: [0mc_header: LOOP START token=1
[1;36mdebug: [0mc_header: LOOP START token=1
[1;36mdebug: [0mc_header: LOOP START token=1
[1;36mdebug: [0mc_header: LOOP START token=1
[1;36mdebug: [0mc_header: LOOP START token=1
[1;36mdebug: [0mc_header: LOOP START token=1
[1;36mdebug: [0mc_header: LOOP START token=1
[1;36mdebug: [0mc_header: w_name=pixman_filter_create_separable_convolution
[1;36mdebug: [0mc_header: parsed function pixman_filter_create_separable_convolution with 9 params (varargs=0) at line 4024
[1;36mdebug: [0mc_header: w_name=pixman_image_fill_rectangles
[1;36mdebug: [0mc_header: parsed function pixman_image_fill_rectangles with 5 params (varargs=0) at line 4032
[1;36mdebug: [0mc_header: w_name=pixman_image_fill_boxes
[1;36mdebug: [0mc_header: parsed function pixman_image_fill_boxes with 5 params (varargs=0) at line 4039
[1;36mdebug: [0mc_header: w_name=pixman_compute_composite_region
[1;36mdebug: [0mc_header: parsed function pixman_compute_composite_region with 12 params (varargs=0) at line 4054
[1;36mdebug: [0mc_header: w_name=pixman_image_composite
[1;36mdebug: [0mc_header: parsed function pixman_image_composite with 12 params (varargs=0) at line 4068
[1;36mdebug: [0mc_header: w_name=pixman_image_composite32
[1;36mdebug: [0mc_header: parsed function pixman_image_composite32 with 12 params (varargs=0) at line 4082
[1;36mdebug: [0mc_header: w_name=pixman_image_composite64f
[1;36mdebug: [0mc_header: parsed function pixman_image_composite64f with 12 params (varargs=0) at line 4096
[1;36mdebug: [0mc_header: w_name=pixman_disable_out_of_bounds_workaround
[1;36mdebug: [0mc_header: parsed function pixman_disable_out_of_bounds_workaround with 0 params (varargs=0) at line 4099
[1;36mdebug: [0mc_header: LOOP START token=72
[1;36mdebug: [0mc_header: LOOP START token=1
[1;36mdebug: [0mc_header: LOOP START token=59
[1;36mdebug: [0mc_header: w_name=pixman_glyph_cache_create
[1;36mdebug: [0mc_header: parsed function pixman_glyph_cache_create with 0 params (varargs=0) at line 4112
[1;36mdebug: [0mc_header: w_name=pixman_glyph_cache_destroy
[1;36mdebug: [0mc_header: parsed function pixman_glyph_cache_destroy with 1 params (varargs=0) at line 4115
[1;36mdebug: [0mc_header: w_name=pixman_glyph_cache_freeze
[1;36mdebug: [0mc_header: parsed function pixman_glyph_cache_freeze with 1 params (varargs=0) at line 4118
[1;36mdebug: [0mc_header: w_name=pixman_glyph_cache_thaw
[1;36mdebug: [0mc_header: parsed function pixman_glyph_cache_thaw with 1 params (varargs=0) at line 4121
[1;36mdebug: [0mc_header: w_name=pixman_glyph_cache_lookup
[1;36mdebug: [0mc_header: parsed function pixman_glyph_cache_lookup with 3 params (varargs=0) at line 4126
[1;36mdebug: [0mc_header: w_name=pixman_glyph_cache_insert
[1;36mdebug: [0mc_header: parsed function pixman_glyph_cache_insert with 6 params (varargs=0) at line 4134
[1;36mdebug: [0mc_header: w_name=pixman_glyph_cache_remove
[1;36mdebug: [0mc_header: parsed function pixman_glyph_cache_remove with 3 params (varargs=0) at line 4139
[1;36mdebug: [0mc_header: w_name=pixman_glyph_get_extents
[1;36mdebug: [0mc_header: parsed function pixman_glyph_get_extents with 4 params (varargs=0) at line 4145
[1;36mdebug: [0mc_header: w_name=pixman_glyph_get_mask_format
[1;36mdebug: [0mc_header: parsed function pixman_glyph_get_mask_format with 3 params (varargs=0) at line 4150
[1;36mdebug: [0mc_header: w_name=pixman_composite_glyphs
[1;36mdebug: [0mc_header: parsed function pixman_composite_glyphs with 15 params (varargs=0) at line 4167
[1;36mdebug: [0mc_header: w_name=pixman_composite_glyphs_no_mask
[1;36mdebug: [0mc_header: parsed function pixman_composite_glyphs_no_mask with 10 params (varargs=0) at line 4179
[1;36mdebug: [0mc_header: LOOP START token=1 line=4197 text='pixman_fixed_t'
[1;36mdebug: [0mc_header: LOOP START token=1 line=4198 text='pixman_fixed_t'
[1;36mdebug: [0mc_header: LOOP START token=1 line=4199 text='pixman_fixed_t'
[1;36mdebug: [0mc_header: LOOP START token=1 line=4200 text='pixman_fixed_t'
[1;36mdebug: [0mc_header: LOOP START token=1 line=4201 text='pixman_fixed_t'
[1;36mdebug: [0mc_header: LOOP START token=1 line=4202 text='pixman_fixed_t'
[1;36mdebug: [0mc_header: LOOP START token=1 line=4204 text='pixman_fixed_t'
[1;36mdebug: [0mc_header: LOOP START token=1 line=4205 text='pixman_fixed_t'
[1;36mdebug: [0mc_header: LOOP START token=1 line=4206 text='pixman_fixed_t'
[1;36mdebug: [0mc_header: LOOP START token=1 line=4207 text='pixman_fixed_t'
[1;36mdebug: [0mc_header: LOOP START token=1 line=4212 text='pixman_fixed_t'
[1;36mdebug: [0mc_header: LOOP START token=1 line=4213 text='pixman_line_fixed_t'
[1;36mdebug: [0mc_header: LOOP START token=1 line=4218 text='pixman_point_fixed_t'
[1;36mdebug: [0mc_header: LOOP START token=1 line=4229 text='pixman_fixed_t'
[1;36mdebug: [0mc_header: LOOP START token=1 line=4234 text='pixman_span_fix_t'
[1;36mdebug: [0mc_header: w_name=pixman_sample_ceil_y
[1;36mdebug: [0mc_header: parsed function pixman_sample_ceil_y with 2 params (varargs=0) at line 4239
[1;36mdebug: [0mc_header: w_name=pixman_sample_floor_y
[1;36mdebug: [0mc_header: parsed function pixman_sample_floor_y with 2 params (varargs=0) at line 4243
[1;36mdebug: [0mc_header: w_name=pixman_edge_step
[1;36mdebug: [0mc_header: parsed function pixman_edge_step with 2 params (varargs=0) at line 4247
[1;36mdebug: [0mc_header: w_name=pixman_edge_init
[1;36mdebug: [0mc_header: parsed function pixman_edge_init with 7 params (varargs=0) at line 4256
[1;36mdebug: [0mc_header: w_name=pixman_line_fixed_edge_init
[1;36mdebug: [0mc_header: parsed function pixman_line_fixed_edge_init with 6 params (varargs=0) at line 4264
[1;36mdebug: [0mc_header: w_name=pixman_rasterize_edges
[1;36mdebug: [0mc_header: parsed function pixman_rasterize_edges with 5 params (varargs=0) at line 4271
[1;36mdebug: [0mc_header: w_name=pixman_add_traps
[1;36mdebug: [0mc_header: parsed function pixman_add_traps with 5 params (varargs=0) at line 4278
[1;36mdebug: [0mc_header: w_name=pixman_add_trapezoids
[1;36mdebug: [0mc_header: parsed function pixman_add_trapezoids with 5 params (varargs=0) at line 4285
[1;36mdebug: [0mc_header: w_name=pixman_rasterize_trapezoid
[1;36mdebug: [0mc_header: parsed function pixman_rasterize_trapezoid with 4 params (varargs=0) at line 4291
[1;36mdebug: [0mc_header: w_name=pixman_composite_trapezoids
[1;36mdebug: [0mc_header: parsed function pixman_composite_trapezoids with 10 params (varargs=0) at line 4303
[1;36mdebug: [0mc_header: w_name=pixman_composite_triangles
[1;36mdebug: [0mc_header: parsed function pixman_composite_triangles with 10 params (varargs=0) at line 4315
[1;36mdebug: [0mc_header: w_name=pixman_add_triangles
[1;36mdebug: [0mc_header: parsed function pixman_add_triangles with 5 params (varargs=0) at line 4322
[1;36mdebug: [0mc_header: LOOP START token=72 line=4356 text='int'
[1;36mdebug: [0mc_header: LOOP START token=72 line=4357 text='int'
[1;36mdebug: [0mc_header: LOOP START token=72 line=4358 text='int'
[1;36mdebug: [0mc_header: LOOP START token=72 line=4359 text='int'
[1;36mdebug: [0mc_header: LOOP START token=72 line=4360 text='int'
[1;36mdebug: [0mc_header: LOOP START token=72 line=4361 text='int'
[1;36mdebug: [0mc_header: LOOP START token=72 line=4362 text='int'
[1;36mdebug: [0mc_header: LOOP START token=72 line=4363 text='int'
[1;36mdebug: [0mc_header: LOOP START token=72 line=4364 text='int'
[1;36mdebug: [0mc_header: LOOP START token=73 line=4367 text='long'
[1;36mdebug: [0mc_header: LOOP START token=59 line=4368 text='const'
[1;36mdebug: [0mc_header: LOOP START token=81 line=4386 text='struct'
[1;36mdebug: [0mc_header: LOOP START token=81 line=4387 text='struct'
[1;36mdebug: [0mc_header: LOOP START token=81 line=4399 text='struct'
[1;36mdebug: [0mc_header: LOOP START token=59 line=4402 text='const'
[1;36mdebug: [0mc_header: LOOP START token=59 line=4403 text='const'
[1;36mdebug: [0mc_header: LOOP START token=59 line=4404 text='const'
[1;36mdebug: [0mc_header: LOOP START token=59 line=4407 text='const'
[1;36mdebug: [0mc_header: w_name=clock
[1;36mdebug: [0mc_header: parsed function clock with 0 params (varargs=0) at line 4420
[1;36mdebug: [0mc_header: w_name=time
[1;36mdebug: [0mc_header: parsed function time with 1 params (varargs=0) at line 4424
[1;36mdebug: [0mc_header: w_name=difftime
[1;36mdebug: [0mc_header: parsed function difftime with 2 params (varargs=0) at line 4427
[1;36mdebug: [0mc_header: w_name=mktime
[1;36mdebug: [0mc_header: parsed function mktime with 1 params (varargs=0) at line 4430
[1;36mdebug: [0mc_header: w_name=strftime
[1;36mdebug: [0mc_header: parsed function strftime with 4 params (varargs=0) at line 4435
[1;36mdebug: [0mc_header: w_name=strftime_l
[1;36mdebug: [0mc_header: parsed function strftime_l with 5 params (varargs=0) at line 4440
[1;36mdebug: [0mc_header: w_name=gmtime
[1;36mdebug: [0mc_header: parsed function gmtime with 1 params (varargs=0) at line 4442
[1;36mdebug: [0mc_header: w_name=localtime
[1;36mdebug: [0mc_header: parsed function localtime with 1 params (varargs=0) at line 4446
[1;36mdebug: [0mc_header: w_name=gmtime_r
[1;36mdebug: [0mc_header: parsed function gmtime_r with 2 params (varargs=0) at line 4449
[1;36mdebug: [0mc_header: w_name=localtime_r
[1;36mdebug: [0mc_header: parsed function localtime_r with 2 params (varargs=0) at line 4454
[1;36mdebug: [0mc_header: w_name=asctime
[1;36mdebug: [0mc_header: parsed function asctime with 1 params (varargs=0) at line 4456
[1;36mdebug: [0mc_header: w_name=ctime
[1;36mdebug: [0mc_header: parsed function ctime with 1 params (varargs=0) at line 4460
[1;36mdebug: [0mc_header: w_name=asctime_r
[1;36mdebug: [0mc_header: parsed function asctime_r with 2 params (varargs=0) at line 4463
[1;36mdebug: [0mc_header: w_name=ctime_r
[1;36mdebug: [0mc_header: parsed function ctime_r with 2 params (varargs=0) at line 4468
[1;36mdebug: [0mc_header: w_name=tzset
[1;36mdebug: [0mc_header: parsed function tzset with 0 params (varargs=0) at line 4481
[1;36mdebug: [0mc_header: w_name=timegm
[1;36mdebug: [0mc_header: parsed function timegm with 1 params (varargs=0) at line 4488
[1;36mdebug: [0mc_header: w_name=timelocal
[1;36mdebug: [0mc_header: parsed function timelocal with 1 params (varargs=0) at line 4490
[1;36mdebug: [0mc_header: w_name=dysize
[1;36mdebug: [0mc_header: parsed function dysize with 1 params (varargs=0) at line 4498
[1;36mdebug: [0mc_header: w_name=nanosleep
[1;36mdebug: [0mc_header: parsed function nanosleep with 2 params (varargs=0) at line 4501
[1;36mdebug: [0mc_header: w_name=clock_getres
[1;36mdebug: [0mc_header: parsed function clock_getres with 2 params (varargs=0) at line 4504
[1;36mdebug: [0mc_header: w_name=clock_gettime
[1;36mdebug: [0mc_header: parsed function clock_gettime with 2 params (varargs=0) at line 4508
[1;36mdebug: [0mc_header: w_name=clock_settime
[1;36mdebug: [0mc_header: parsed function clock_settime with 2 params (varargs=0) at line 4512
[1;36mdebug: [0mc_header: w_name=clock_nanosleep
[1;36mdebug: [0mc_header: parsed function clock_nanosleep with 4 params (varargs=0) at line 4516
[1;36mdebug: [0mc_header: w_name=clock_getcpuclockid
[1;36mdebug: [0mc_header: parsed function clock_getcpuclockid with 2 params (varargs=0) at line 4518
[1;36mdebug: [0mc_header: w_name=timer_create
[1;36mdebug: [0mc_header: parsed function timer_create with 3 params (varargs=0) at line 4525
[1;36mdebug: [0mc_header: w_name=timer_delete
[1;36mdebug: [0mc_header: parsed function timer_delete with 0 params (varargs=0) at line 4528
[1;36mdebug: [0mc_header: w_name=timer_settime
[1;36mdebug: [0mc_header: parsed function timer_settime with 4 params (varargs=0) at line 4534
[1;36mdebug: [0mc_header: w_name=timer_gettime
[1;36mdebug: [0mc_header: parsed function timer_gettime with 2 params (varargs=0) at line 4538
[1;36mdebug: [0mc_header: w_name=timer_getoverrun
[1;36mdebug: [0mc_header: parsed function timer_getoverrun with 0 params (varargs=0) at line 4540
[1;36mdebug: [0mc_header: w_name=timespec_get
[1;36mdebug: [0mc_header: parsed function timespec_get with 2 params (varargs=0) at line 4548
[1;36mdebug: [0mc_header: w_name=timespec_getres
[1;36mdebug: [0mc_header: parsed function timespec_getres with 2 params (varargs=0) at line 4551
[1;36mdebug: [0mc_header: LOOP START token=59 line=4570 text='const'
[1;36mdebug: [0mc_header: LOOP START token=59 line=4571 text='const'
[1;36mdebug: [0mc_header: LOOP START token=1 line=4572 text='uint32_t'
[1;36mdebug: [0mc_header: LOOP START token=81 line=4576 text='struct'
[1;36mdebug: [0mc_header: LOOP START token=1 line=4577 text='wl_resource_destroy_func_t'
[1;36mdebug: [0mc_header: LOOP START token=81 line=4578 text='struct'
[1;36mdebug: [0mc_header: LOOP START token=81 line=4579 text='struct'
[1;36mdebug: [0mc_header: LOOP START token=81 line=4580 text='struct'
[1;36mdebug: [0mc_header: LOOP START token=86 line=4581 text='void'
[1;36mdebug: [0mc_header: LOOP START token=1
[1;36mdebug: [0mc_header: LOOP START token=1
[1;36mdebug: [0mc_header: LOOP START token=1
[1;36mdebug: [0mc_header: LOOP START token=1
[1;36mdebug: [0mc_header: w_name=wl_display_error_is_valid
[1;36mdebug: [0mc_header: parsed function wl_display_error_is_valid with 2 params (varargs=0) at line 4721
[1;36mdebug: [0mc_header: LOOP START token=86 line=4743 text='void'
[1;36mdebug: [0mc_header: LOOP START token=86 line=4747 text='void'
[1;36mdebug: [0mc_header: LOOP START token=86 line=4754 text='void'
[1;36mdebug: [0mc_header: w_name=wl_registry_send_global
[1;36mdebug: [0mc_header: parsed function wl_registry_send_global with 4 params (varargs=0) at line 4762
[1;36mdebug: [0mc_header: w_name=wl_registry_send_global_remove
[1;36mdebug: [0mc_header: parsed function wl_registry_send_global_remove with 2 params (varargs=0) at line 4774
[1;36mdebug: [0mc_header: w_name=wl_callback_send_done
[1;36mdebug: [0mc_header: parsed function wl_callback_send_done with 2 params (varargs=0) at line 4780
[1;36mdebug: [0mc_header: LOOP START token=86 line=4795 text='void'
[1;36mdebug: [0mc_header: LOOP START token=86 line=4804 text='void'
[1;36mdebug: [0mc_header: LOOP START token=86 line=4814 text='void'
[1;36mdebug: [0mc_header: LOOP START token=1
[1;36mdebug: [0mc_header: LOOP START token=1
[1;36mdebug: [0mc_header: w_name=wl_shm_pool_error_is_valid
[1;36mdebug: [0mc_header: parsed function wl_shm_pool_error_is_valid with 2 params (varargs=0) at line 4830
[1;36mdebug: [0mc_header: LOOP START token=86 line=4848 text='void'
[1;36mdebug: [0mc_header: LOOP START token=86 line=4857 text='void'
[1;36mdebug: [0mc_header: LOOP START token=86 line=4860 text='void'
[1;36mdebug: [0mc_header: LOOP START token=1
[1;36mdebug: [0mc_header: LOOP START token=1
[1;36mdebug: [0mc_header: LOOP START token=1
[1;36mdebug: [0mc_header: w_name=wl_shm_error_is_valid
[1;36mdebug: [0mc_header: parsed function wl_shm_error_is_valid with 2 params (varargs=0) at line 4882
[1;36mdebug: [0mc_header: LOOP START token=1
[1;36mdebug: [0mc_header: LOOP START token=1
[1;36mdebug: [0mc_header: LOOP START token=1
[1;36mdebug: [0mc_header: LOOP START token=1
[1;36mdebug: [0mc_header: LOOP START token=1
[1;36mdebug: [0mc_header: LOOP START token=1
[1;36mdebug: [0mc_header: LOOP START token=1
[1;36mdebug: [0mc_header: LOOP START token=1
[1;36mdebug: [0mc_header: LOOP START token=1
[1;36mdebug: [0mc_header: LOOP START token=1
[1;36mdebug: [0mc_header: LOOP START token=1
[1;36mdebug: [0mc_header: LOOP START token=1
[1;36mdebug: [0mc_header: LOOP START token=1
[1;36mdebug: [0mc_header: LOOP START token=1
[1;36mdebug: [0mc_header: LOOP START token=1
[1;36mdebug: [0mc_header: LOOP START token=1
[1;36mdebug: [0mc_header: LOOP START token=1
[1;36mdebug: [0mc_header: LOOP START token=1
[1;36mdebug: [0mc_header: LOOP START token=1
[1;36mdebug: [0mc_header: LOOP START token=1
[1;36mdebug: [0mc_header: LOOP START token=1
[1;36mdebug: [0mc_header: LOOP START token=1
[1;36mdebug: [0mc_header: LOOP START token=1
[1;36mdebug: [0mc_header: LOOP START token=1
[1;36mdebug: [0mc_header: LOOP START token=1
[1;36mdebug: [0mc_header: LOOP START token=1
[1;36mdebug: [0mc_header: LOOP START token=1
[1;36mdebug: [0mc_header: LOOP START token=1
[1;36mdebug: [0mc_header: LOOP START token=1
[1;36mdebug: [0mc_header: LOOP START token=1
[1;36mdebug: [0mc_header: LOOP START token=1
[1;36mdebug: [0mc_header: LOOP START token=1
[1;36mdebug: [0mc_header: LOOP START token=1
[1;36mdebug: [0mc_header: LOOP START token=1
[1;36mdebug: [0mc_header: LOOP START token=1
[1;36mdebug: [0mc_header: LOOP START token=1
[1;36mdebug: [0mc_header: LOOP START token=1
[1;36mdebug: [0mc_header: LOOP START token=1
[1;36mdebug: [0mc_header: LOOP START token=1
[1;36mdebug: [0mc_header: LOOP START token=1
[1;36mdebug: [0mc_header: LOOP START token=1
[1;36mdebug: [0mc_header: LOOP START token=1
[1;36mdebug: [0mc_header: LOOP START token=1
[1;36mdebug: [0mc_header: LOOP START token=1
[1;36mdebug: [0mc_header: LOOP START token=1
[1;36mdebug: [0mc_header: LOOP START token=1
[1;36mdebug: [0mc_header: LOOP START token=1
[1;36mdebug: [0mc_header: LOOP START token=1
[1;36mdebug: [0mc_header: LOOP START token=1
[1;36mdebug: [0mc_header: LOOP START token=1
[1;36mdebug: [0mc_header: LOOP START token=1
[1;36mdebug: [0mc_header: LOOP START token=1
[1;36mdebug: [0mc_header: LOOP START token=1
[1;36mdebug: [0mc_header: LOOP START token=1
[1;36mdebug: [0mc_header: LOOP START token=1
[1;36mdebug: [0mc_header: LOOP START token=1
[1;36mdebug: [0mc_header: LOOP START token=1
[1;36mdebug: [0mc_header: LOOP START token=1
[1;36mdebug: [0mc_header: LOOP START token=1
[1;36mdebug: [0mc_header: LOOP START token=1
[1;36mdebug: [0mc_header: LOOP START token=1
[1;36mdebug: [0mc_header: LOOP START token=1
[1;36mdebug: [0mc_header: LOOP START token=1
[1;36mdebug: [0mc_header: LOOP START token=1
[1;36mdebug: [0mc_header: LOOP START token=1
[1;36mdebug: [0mc_header: LOOP START token=1
[1;36mdebug: [0mc_header: LOOP START token=1
[1;36mdebug: [0mc_header: LOOP START token=1
[1;36mdebug: [0mc_header: LOOP START token=1
[1;36mdebug: [0mc_header: LOOP START token=1
[1;36mdebug: [0mc_header: LOOP START token=1
[1;36mdebug: [0mc_header: LOOP START token=1
[1;36mdebug: [0mc_header: LOOP START token=1
[1;36mdebug: [0mc_header: LOOP START token=1
[1;36mdebug: [0mc_header: LOOP START token=1
[1;36mdebug: [0mc_header: LOOP START token=1
[1;36mdebug: [0mc_header: LOOP START token=1
[1;36mdebug: [0mc_header: LOOP START token=1
[1;36mdebug: [0mc_header: LOOP START token=1
[1;36mdebug: [0mc_header: LOOP START token=1
[1;36mdebug: [0mc_header: LOOP START token=1
[1;36mdebug: [0mc_header: LOOP START token=1
[1;36mdebug: [0mc_header: LOOP START token=1
[1;36mdebug: [0mc_header: LOOP START token=1
[1;36mdebug: [0mc_header: LOOP START token=1
[1;36mdebug: [0mc_header: LOOP START token=1
[1;36mdebug: [0mc_header: LOOP START token=1
[1;36mdebug: [0mc_header: LOOP START token=1
[1;36mdebug: [0mc_header: LOOP START token=1
[1;36mdebug: [0mc_header: LOOP START token=1
[1;36mdebug: [0mc_header: LOOP START token=1
[1;36mdebug: [0mc_header: LOOP START token=1
[1;36mdebug: [0mc_header: LOOP START token=1
[1;36mdebug: [0mc_header: LOOP START token=1
[1;36mdebug: [0mc_header: LOOP START token=1
[1;36mdebug: [0mc_header: LOOP START token=1
[1;36mdebug: [0mc_header: LOOP START token=1
[1;36mdebug: [0mc_header: LOOP START token=1
[1;36mdebug: [0mc_header: LOOP START token=1
[1;36mdebug: [0mc_header: LOOP START token=1
[1;36mdebug: [0mc_header: LOOP START token=1
[1;36mdebug: [0mc_header: LOOP START token=1
[1;36mdebug: [0mc_header: LOOP START token=1
[1;36mdebug: [0mc_header: LOOP START token=1
[1;36mdebug: [0mc_header: LOOP START token=1
[1;36mdebug: [0mc_header: LOOP START token=1
[1;36mdebug: [0mc_header: LOOP START token=1
[1;36mdebug: [0mc_header: LOOP START token=1
[1;36mdebug: [0mc_header: LOOP START token=1
[1;36mdebug: [0mc_header: LOOP START token=1
[1;36mdebug: [0mc_header: LOOP START token=1
[1;36mdebug: [0mc_header: LOOP START token=1
[1;36mdebug: [0mc_header: LOOP START token=1
[1;36mdebug: [0mc_header: LOOP START token=1
[1;36mdebug: [0mc_header: LOOP START token=1
[1;36mdebug: [0mc_header: LOOP START token=1
[1;36mdebug: [0mc_header: LOOP START token=1
[1;36mdebug: [0mc_header: LOOP START token=1
[1;36mdebug: [0mc_header: LOOP START token=1
[1;36mdebug: [0mc_header: LOOP START token=1
[1;36mdebug: [0mc_header: LOOP START token=1
[1;36mdebug: [0mc_header: LOOP START token=1
[1;36mdebug: [0mc_header: LOOP START token=1
[1;36mdebug: [0mc_header: LOOP START token=1
[1;36mdebug: [0mc_header: LOOP START token=1
[1;36mdebug: [0mc_header: LOOP START token=1
[1;36mdebug: [0mc_header: LOOP START token=1
[1;36mdebug: [0mc_header: LOOP START token=1
[1;36mdebug: [0mc_header: LOOP START token=1
[1;36mdebug: [0mc_header: LOOP START token=1
[1;36mdebug: [0mc_header: LOOP START token=1
[1;36mdebug: [0mc_header: LOOP START token=1
[1;36mdebug: [0mc_header: LOOP START token=1
[1;36mdebug: [0mc_header: LOOP START token=1
[1;36mdebug: [0mc_header: LOOP START token=1
[1;36mdebug: [0mc_header: LOOP START token=1
[1;36mdebug: [0mc_header: LOOP START token=1
[1;36mdebug: [0mc_header: LOOP START token=1
[1;36mdebug: [0mc_header: LOOP START token=1
[1;36mdebug: [0mc_header: LOOP START token=1
[1;36mdebug: [0mc_header: LOOP START token=1
[1;36mdebug: [0mc_header: LOOP START token=1
[1;36mdebug: [0mc_header: LOOP START token=1
[1;36mdebug: [0mc_header: LOOP START token=1
[1;36mdebug: [0mc_header: LOOP START token=1
[1;36mdebug: [0mc_header: LOOP START token=1
[1;36mdebug: [0mc_header: LOOP START token=1
[1;36mdebug: [0mc_header: LOOP START token=1
[1;36mdebug: [0mc_header: w_name=wl_shm_format_is_valid
[1;36mdebug: [0mc_header: parsed function wl_shm_format_is_valid with 2 params (varargs=0) at line 5452
[1;36mdebug: [0mc_header: LOOP START token=86 line=5762 text='void'
[1;36mdebug: [0mc_header: LOOP START token=86 line=5768 text='void'
[1;36mdebug: [0mc_header: w_name=wl_shm_send_format
[1;36mdebug: [0mc_header: parsed function wl_shm_send_format with 2 params (varargs=0) at line 5774
[1;36mdebug: [0mc_header: LOOP START token=86 line=5784 text='void'
[1;36mdebug: [0mc_header: w_name=wl_buffer_send_release
[1;36mdebug: [0mc_header: parsed function wl_buffer_send_release with 1 params (varargs=0) at line 5790
[1;36mdebug: [0mc_header: LOOP START token=1
[1;36mdebug: [0mc_header: LOOP START token=1
[1;36mdebug: [0mc_header: LOOP START token=1
[1;36mdebug: [0mc_header: LOOP START token=1
[1;36mdebug: [0mc_header: w_name=wl_data_offer_error_is_valid
[1;36mdebug: [0mc_header: parsed function wl_data_offer_error_is_valid with 2 params (varargs=0) at line 5816
[1;36mdebug: [0mc_header: LOOP START token=86 line=5838 text='void'
[1;36mdebug: [0mc_header: LOOP START token=86 line=5843 text='void'
[1;36mdebug: [0mc_header: LOOP START token=86 line=5852 text='void'
[1;36mdebug: [0mc_header: LOOP START token=86 line=5855 text='void'
[1;36mdebug: [0mc_header: LOOP START token=86 line=5858 text='void'
[1;36mdebug: [0mc_header: w_name=wl_data_offer_send_offer
[1;36mdebug: [0mc_header: parsed function wl_data_offer_send_offer with 2 params (varargs=0) at line 5866
[1;36mdebug: [0mc_header: w_name=wl_data_offer_send_source_actions
[1;36mdebug: [0mc_header: parsed function wl_data_offer_send_source_actions with 2 params (varargs=0) at line 5878
[1;36mdebug: [0mc_header: w_name=wl_data_offer_send_action
[1;36mdebug: [0mc_header: parsed function wl_data_offer_send_action with 2 params (varargs=0) at line 5890
[1;36mdebug: [0mc_header: LOOP START token=1
[1;36mdebug: [0mc_header: LOOP START token=1
[1;36mdebug: [0mc_header: w_name=wl_data_source_error_is_valid
[1;36mdebug: [0mc_header: parsed function wl_data_source_error_is_valid with 2 params (varargs=0) at line 5908
[1;36mdebug: [0mc_header: LOOP START token=86 line=5926 text='void'
[1;36mdebug: [0mc_header: LOOP START token=86 line=5934 text='void'
[1;36mdebug: [0mc_header: LOOP START token=86 line=5937 text='void'
[1;36mdebug: [0mc_header: w_name=wl_data_source_send_target
[1;36mdebug: [0mc_header: parsed function wl_data_source_send_target with 2 params (varargs=0) at line 5944
[1;36mdebug: [0mc_header: w_name=wl_data_source_send_send
[1;36mdebug: [0mc_header: parsed function wl_data_source_send_send with 3 params (varargs=0) at line 5950
[1;36mdebug: [0mc_header: w_name=wl_data_source_send_cancelled
[1;36mdebug: [0mc_header: parsed function wl_data_source_send_cancelled with 1 params (varargs=0) at line 5961
[1;36mdebug: [0mc_header: w_name=wl_data_source_send_dnd_drop_performed
[1;36mdebug: [0mc_header: parsed function wl_data_source_send_dnd_drop_performed with 1 params (varargs=0) at line 5972
[1;36mdebug: [0mc_header: w_name=wl_data_source_send_dnd_finished
[1;36mdebug: [0mc_header: parsed function wl_data_source_send_dnd_finished with 1 params (varargs=0) at line 5983
[1;36mdebug: [0mc_header: w_name=wl_data_source_send_action
[1;36mdebug: [0mc_header: parsed function wl_data_source_send_action with 2 params (varargs=0) at line 5995
[1;36mdebug: [0mc_header: LOOP START token=1
[1;36mdebug: [0mc_header: LOOP START token=1
[1;36mdebug: [0mc_header: w_name=wl_data_device_error_is_valid
[1;36mdebug: [0mc_header: parsed function wl_data_device_error_is_valid with 2 params (varargs=0) at line 6013
[1;36mdebug: [0mc_header: LOOP START token=86 line=6031 text='void'
[1;36mdebug: [0mc_header: LOOP START token=86 line=6038 text='void'
[1;36mdebug: [0mc_header: LOOP START token=86 line=6048 text='void'
[1;36mdebug: [0mc_header: w_name=wl_data_device_send_data_offer
[1;36mdebug: [0mc_header: parsed function wl_data_device_send_data_offer with 2 params (varargs=0) at line 6054
[1;36mdebug: [0mc_header: w_name=wl_data_device_send_enter
[1;36mdebug: [0mc_header: parsed function wl_data_device_send_enter with 6 params (varargs=0) at line 6060
[1;36mdebug: [0mc_header: w_name=wl_data_device_send_leave
[1;36mdebug: [0mc_header: parsed function wl_data_device_send_leave with 1 params (varargs=0) at line 6071
[1;36mdebug: [0mc_header: w_name=wl_data_device_send_motion
[1;36mdebug: [0mc_header: parsed function wl_data_device_send_motion with 4 params (varargs=0) at line 6077
[1;36mdebug: [0mc_header: w_name=wl_data_device_send_drop
[1;36mdebug: [0mc_header: parsed function wl_data_device_send_drop with 1 params (varargs=0) at line 6088
[1;36mdebug: [0mc_header: w_name=wl_data_device_send_selection
[1;36mdebug: [0mc_header: parsed function wl_data_device_send_selection with 2 params (varargs=0) at line 6100
[1;36mdebug: [0mc_header: LOOP START token=1
[1;36mdebug: [0mc_header: LOOP START token=1
[1;36mdebug: [0mc_header: LOOP START token=1
[1;36mdebug: [0mc_header: LOOP START token=1
[1;36mdebug: [0mc_header: w_name=wl_data_device_manager_dnd_action_is_valid
[1;36mdebug: [0mc_header: parsed function wl_data_device_manager_dnd_action_is_valid with 2 params (varargs=0) at line 6124
[1;36mdebug: [0mc_header: LOOP START token=86 line=6149 text='void'
[1;36mdebug: [0mc_header: LOOP START token=86 line=6159 text='void'
[1;36mdebug: [0mc_header: LOOP START token=86 line=6170 text='void'
[1;36mdebug: [0mc_header: LOOP START token=1
[1;36mdebug: [0mc_header: w_name=wl_shell_error_is_valid
[1;36mdebug: [0mc_header: parsed function wl_shell_error_is_valid with 2 params (varargs=0) at line 6182
[1;36mdebug: [0mc_header: LOOP START token=86 line=6198 text='void'
[1;36mdebug: [0mc_header: LOOP START token=1
[1;36mdebug: [0mc_header: LOOP START token=1
[1;36mdebug: [0mc_header: LOOP START token=1
[1;36mdebug: [0mc_header: LOOP START token=1
[1;36mdebug: [0mc_header: LOOP START token=1
[1;36mdebug: [0mc_header: LOOP START token=1
[1;36mdebug: [0mc_header: LOOP START token=1
[1;36mdebug: [0mc_header: LOOP START token=1
[1;36mdebug: [0mc_header: LOOP START token=1
[1;36mdebug: [0mc_header: w_name=wl_shell_surface_resize_is_valid
[1;36mdebug: [0mc_header: parsed function wl_shell_surface_resize_is_valid with 2 params (varargs=0) at line 6244
[1;36mdebug: [0mc_header: LOOP START token=1
[1;36mdebug: [0mc_header: w_name=wl_shell_surface_transient_is_valid
[1;36mdebug: [0mc_header: parsed function wl_shell_surface_transient_is_valid with 2 params (varargs=0) at line 6275
[1;36mdebug: [0mc_header: LOOP START token=1
[1;36mdebug: [0mc_header: LOOP START token=1
[1;36mdebug: [0mc_header: LOOP START token=1
[1;36mdebug: [0mc_header: LOOP START token=1
[1;36mdebug: [0mc_header: w_name=wl_shell_surface_fullscreen_method_is_valid
[1;36mdebug: [0mc_header: parsed function wl_shell_surface_fullscreen_method_is_valid with 2 params (varargs=0) at line 6302
[1;36mdebug: [0mc_header: LOOP START token=86 line=6330 text='void'
[1;36mdebug: [0mc_header: LOOP START token=86 line=6334 text='void'
[1;36mdebug: [0mc_header: LOOP START token=86 line=6339 text='void'
[1;36mdebug: [0mc_header: LOOP START token=86 line=6351 text='void'
[1;36mdebug: [0mc_header: LOOP START token=86 line=6354 text='void'
[1;36mdebug: [0mc_header: LOOP START token=86 line=6361 text='void'
[1;36mdebug: [0mc_header: LOOP START token=86 line=6367 text='void'
[1;36mdebug: [0mc_header: LOOP START token=86 line=6376 text='void'
[1;36mdebug: [0mc_header: LOOP START token=86 line=6380 text='void'
[1;36mdebug: [0mc_header: LOOP START token=86 line=6384 text='void'
[1;36mdebug: [0mc_header: w_name=wl_shell_surface_send_ping
[1;36mdebug: [0mc_header: parsed function wl_shell_surface_send_ping with 2 params (varargs=0) at line 6391
[1;36mdebug: [0mc_header: w_name=wl_shell_surface_send_configure
[1;36mdebug: [0mc_header: parsed function wl_shell_surface_send_configure with 4 params (varargs=0) at line 6397
[1;36mdebug: [0mc_header: w_name=wl_shell_surface_send_popup_done
[1;36mdebug: [0mc_header: parsed function wl_shell_surface_send_popup_done with 1 params (varargs=0) at line 6408
[1;36mdebug: [0mc_header: LOOP START token=1
[1;36mdebug: [0mc_header: LOOP START token=1
[1;36mdebug: [0mc_header: LOOP START token=1
[1;36mdebug: [0mc_header: LOOP START token=1
[1;36mdebug: [0mc_header: LOOP START token=1
[1;36mdebug: [0mc_header: LOOP START token=1
[1;36mdebug: [0mc_header: w_name=wl_surface_error_is_valid
[1;36mdebug: [0mc_header: parsed function wl_surface_error_is_valid with 2 params (varargs=0) at line 6440
[1;36mdebug: [0mc_header: LOOP START token=86 line=6470 text='void'
[1;36mdebug: [0mc_header: LOOP START token=86 line=6473 text='void'
[1;36mdebug: [0mc_header: LOOP START token=86 line=6479 text='void'
[1;36mdebug: [0mc_header: LOOP START token=86 line=6486 text='void'
[1;36mdebug: [0mc_header: LOOP START token=86 line=6490 text='void'
[1;36mdebug: [0mc_header: LOOP START token=86 line=6494 text='void'
[1;36mdebug: [0mc_header: LOOP START token=86 line=6498 text='void'
[1;36mdebug: [0mc_header: LOOP START token=86 line=6501 text='void'
[1;36mdebug: [0mc_header: LOOP START token=86 line=6505 text='void'
[1;36mdebug: [0mc_header: LOOP START token=86 line=6509 text='void'
[1;36mdebug: [0mc_header: LOOP START token=86 line=6516 text='void'
[1;36mdebug: [0mc_header: LOOP START token=86 line=6521 text='void'
[1;36mdebug: [0mc_header: w_name=wl_surface_send_enter
[1;36mdebug: [0mc_header: parsed function wl_surface_send_enter with 2 params (varargs=0) at line 6528
[1;36mdebug: [0mc_header: w_name=wl_surface_send_leave
[1;36mdebug: [0mc_header: parsed function wl_surface_send_leave with 2 params (varargs=0) at line 6540
[1;36mdebug: [0mc_header: w_name=wl_surface_send_preferred_buffer_scale
[1;36mdebug: [0mc_header: parsed function wl_surface_send_preferred_buffer_scale with 2 params (varargs=0) at line 6552
[1;36mdebug: [0mc_header: w_name=wl_surface_send_preferred_buffer_transform
[1;36mdebug: [0mc_header: parsed function wl_surface_send_preferred_buffer_transform with 2 params (varargs=0) at line 6564
[1;36mdebug: [0mc_header: LOOP START token=1
[1;36mdebug: [0mc_header: LOOP START token=1
[1;36mdebug: [0mc_header: LOOP START token=1
[1;36mdebug: [0mc_header: w_name=wl_seat_capability_is_valid
[1;36mdebug: [0mc_header: parsed function wl_seat_capability_is_valid with 2 params (varargs=0) at line 6584
[1;36mdebug: [0mc_header: LOOP START token=1
[1;36mdebug: [0mc_header: w_name=wl_seat_error_is_valid
[1;36mdebug: [0mc_header: parsed function wl_seat_error_is_valid with 2 params (varargs=0) at line 6603
[1;36mdebug: [0mc_header: LOOP START token=86 line=6619 text='void'
[1;36mdebug: [0mc_header: LOOP START token=86 line=6623 text='void'
[1;36mdebug: [0mc_header: LOOP START token=86 line=6627 text='void'
[1;36mdebug: [0mc_header: LOOP START token=86 line=6637 text='void'
[1;36mdebug: [0mc_header: w_name=wl_seat_send_capabilities
[1;36mdebug: [0mc_header: parsed function wl_seat_send_capabilities with 2 params (varargs=0) at line 6643
[1;36mdebug: [0mc_header: w_name=wl_seat_send_name
[1;36mdebug: [0mc_header: parsed function wl_seat_send_name with 2 params (varargs=0) at line 6655
[1;36mdebug: [0mc_header: LOOP START token=1
[1;36mdebug: [0mc_header: w_name=wl_pointer_error_is_valid
[1;36mdebug: [0mc_header: parsed function wl_pointer_error_is_valid with 2 params (varargs=0) at line 6669
[1;36mdebug: [0mc_header: LOOP START token=1
[1;36mdebug: [0mc_header: LOOP START token=1
[1;36mdebug: [0mc_header: w_name=wl_pointer_button_state_is_valid
[1;36mdebug: [0mc_header: parsed function wl_pointer_button_state_is_valid with 2 params (varargs=0) at line 6690
[1;36mdebug: [0mc_header: LOOP START token=1
[1;36mdebug: [0mc_header: LOOP START token=1
[1;36mdebug: [0mc_header: w_name=wl_pointer_axis_is_valid
[1;36mdebug: [0mc_header: parsed function wl_pointer_axis_is_valid with 2 params (varargs=0) at line 6713
[1;36mdebug: [0mc_header: LOOP START token=1
[1;36mdebug: [0mc_header: LOOP START token=1
[1;36mdebug: [0mc_header: LOOP START token=1
[1;36mdebug: [0mc_header: LOOP START token=1
[1;36mdebug: [0mc_header: w_name=wl_pointer_axis_source_is_valid
[1;36mdebug: [0mc_header: parsed function wl_pointer_axis_source_is_valid with 2 params (varargs=0) at line 6745
[1;36mdebug: [0mc_header: LOOP START token=1
[1;36mdebug: [0mc_header: LOOP START token=1
[1;36mdebug: [0mc_header: w_name=wl_pointer_axis_relative_direction_is_valid
[1;36mdebug: [0mc_header: parsed function wl_pointer_axis_relative_direction_is_valid with 2 params (varargs=0) at line 6772
[1;36mdebug: [0mc_header: LOOP START token=86 line=6790 text='void'
[1;36mdebug: [0mc_header: LOOP START token=86 line=6797 text='void'
[1;36mdebug: [0mc_header: w_name=wl_pointer_send_enter
[1;36mdebug: [0mc_header: parsed function wl_pointer_send_enter with 5 params (varargs=0) at line 6803
[1;36mdebug: [0mc_header: w_name=wl_pointer_send_leave
[1;36mdebug: [0mc_header: parsed function wl_pointer_send_leave with 3 params (varargs=0) at line 6809
[1;36mdebug: [0mc_header: w_name=wl_pointer_send_motion
[1;36mdebug: [0mc_header: parsed function wl_pointer_send_motion with 4 params (varargs=0) at line 6815
[1;36mdebug: [0mc_header: w_name=wl_pointer_send_button
[1;36mdebug: [0mc_header: parsed function wl_pointer_send_button with 5 params (varargs=0) at line 6821
[1;36mdebug: [0mc_header: w_name=wl_pointer_send_axis
[1;36mdebug: [0mc_header: parsed function wl_pointer_send_axis with 4 params (varargs=0) at line 6827
[1;36mdebug: [0mc_header: w_name=wl_pointer_send_frame
[1;36mdebug: [0mc_header: parsed function wl_pointer_send_frame with 1 params (varargs=0) at line 6838
[1;36mdebug: [0mc_header: w_name=wl_pointer_send_axis_source
[1;36mdebug: [0mc_header: parsed function wl_pointer_send_axis_source with 2 params (varargs=0) at line 6850
[1;36mdebug: [0mc_header: w_name=wl_pointer_send_axis_stop
[1;36mdebug: [0mc_header: parsed function wl_pointer_send_axis_stop with 3 params (varargs=0) at line 6856
[1;36mdebug: [0mc_header: w_name=wl_pointer_send_axis_discrete
[1;36mdebug: [0mc_header: parsed function wl_pointer_send_axis_discrete with 3 params (varargs=0) at line 6862
[1;36mdebug: [0mc_header: w_name=wl_pointer_send_axis_value120
[1;36mdebug: [0mc_header: parsed function wl_pointer_send_axis_value120 with 3 params (varargs=0) at line 6868
[1;36mdebug: [0mc_header: w_name=wl_pointer_send_axis_relative_direction
[1;36mdebug: [0mc_header: parsed function wl_pointer_send_axis_relative_direction with 3 params (varargs=0) at line 6874
[1;36mdebug: [0mc_header: w_name=wl_pointer_send_warp
[1;36mdebug: [0mc_header: parsed function wl_pointer_send_warp with 3 params (varargs=0) at line 6880
[1;36mdebug: [0mc_header: LOOP START token=1
[1;36mdebug: [0mc_header: LOOP START token=1
[1;36mdebug: [0mc_header: w_name=wl_keyboard_keymap_format_is_valid
[1;36mdebug: [0mc_header: parsed function wl_keyboard_keymap_format_is_valid with 2 params (varargs=0) at line 6896
[1;36mdebug: [0mc_header: LOOP START token=1
[1;36mdebug: [0mc_header: LOOP START token=1
[1;36mdebug: [0mc_header: LOOP START token=1
[1;36mdebug: [0mc_header: w_name=wl_keyboard_key_state_is_valid
[1;36mdebug: [0mc_header: parsed function wl_keyboard_key_state_is_valid with 2 params (varargs=0) at line 6924
[1;36mdebug: [0mc_header: LOOP START token=86 line=6949 text='void'
[1;36mdebug: [0mc_header: w_name=wl_keyboard_send_keymap
[1;36mdebug: [0mc_header: parsed function wl_keyboard_send_keymap with 4 params (varargs=0) at line 6955
[1;36mdebug: [0mc_header: w_name=wl_keyboard_send_enter
[1;36mdebug: [0mc_header: parsed function wl_keyboard_send_enter with 4 params (varargs=0) at line 6961
[1;36mdebug: [0mc_header: w_name=wl_keyboard_send_leave
[1;36mdebug: [0mc_header: parsed function wl_keyboard_send_leave with 3 params (varargs=0) at line 6967
[1;36mdebug: [0mc_header: w_name=wl_keyboard_send_key
[1;36mdebug: [0mc_header: parsed function wl_keyboard_send_key with 5 params (varargs=0) at line 6973
[1;36mdebug: [0mc_header: w_name=wl_keyboard_send_modifiers
[1;36mdebug: [0mc_header: parsed function wl_keyboard_send_modifiers with 6 params (varargs=0) at line 6979
[1;36mdebug: [0mc_header: w_name=wl_keyboard_send_repeat_info
[1;36mdebug: [0mc_header: parsed function wl_keyboard_send_repeat_info with 3 params (varargs=0) at line 6985
[1;36mdebug: [0mc_header: LOOP START token=86 line=7000 text='void'
[1;36mdebug: [0mc_header: w_name=wl_touch_send_down
[1;36mdebug: [0mc_header: parsed function wl_touch_send_down with 7 params (varargs=0) at line 7006
[1;36mdebug: [0mc_header: w_name=wl_touch_send_up
[1;36mdebug: [0mc_header: parsed function wl_touch_send_up with 4 params (varargs=0) at line 7012
[1;36mdebug: [0mc_header: w_name=wl_touch_send_motion
[1;36mdebug: [0mc_header: parsed function wl_touch_send_motion with 5 params (varargs=0) at line 7018
[1;36mdebug: [0mc_header: w_name=wl_touch_send_frame
[1;36mdebug: [0mc_header: parsed function wl_touch_send_frame with 1 params (varargs=0) at line 7029
[1;36mdebug: [0mc_header: w_name=wl_touch_send_cancel
[1;36mdebug: [0mc_header: parsed function wl_touch_send_cancel with 1 params (varargs=0) at line 7040
[1;36mdebug: [0mc_header: w_name=wl_touch_send_shape
[1;36mdebug: [0mc_header: parsed function wl_touch_send_shape with 4 params (varargs=0) at line 7046
[1;36mdebug: [0mc_header: w_name=wl_touch_send_orientation
[1;36mdebug: [0mc_header: parsed function wl_touch_send_orientation with 3 params (varargs=0) at line 7052
[1;36mdebug: [0mc_header: LOOP START token=1
[1;36mdebug: [0mc_header: LOOP START token=1
[1;36mdebug: [0mc_header: LOOP START token=1
[1;36mdebug: [0mc_header: LOOP START token=1
[1;36mdebug: [0mc_header: LOOP START token=1
[1;36mdebug: [0mc_header: LOOP START token=1
[1;36mdebug: [0mc_header: w_name=wl_output_subpixel_is_valid
[1;36mdebug: [0mc_header: parsed function wl_output_subpixel_is_valid with 2 params (varargs=0) at line 7084
[1;36mdebug: [0mc_header: LOOP START token=1
[1;36mdebug: [0mc_header: LOOP START token=1
[1;36mdebug: [0mc_header: LOOP START token=1
[1;36mdebug: [0mc_header: LOOP START token=1
[1;36mdebug: [0mc_header: LOOP START token=1
[1;36mdebug: [0mc_header: LOOP START token=1
[1;36mdebug: [0mc_header: LOOP START token=1
[1;36mdebug: [0mc_header: LOOP START token=1
[1;36mdebug: [0mc_header: w_name=wl_output_transform_is_valid
[1;36mdebug: [0mc_header: parsed function wl_output_transform_is_valid with 2 params (varargs=0) at line 7139
[1;36mdebug: [0mc_header: LOOP START token=1
[1;36mdebug: [0mc_header: LOOP START token=1
[1;36mdebug: [0mc_header: w_name=wl_output_mode_is_valid
[1;36mdebug: [0mc_header: parsed function wl_output_mode_is_valid with 2 params (varargs=0) at line 7174
[1;36mdebug: [0mc_header: LOOP START token=86 line=7196 text='void'
[1;36mdebug: [0mc_header: w_name=wl_output_send_geometry
[1;36mdebug: [0mc_header: parsed function wl_output_send_geometry with 9 params (varargs=0) at line 7202
[1;36mdebug: [0mc_header: w_name=wl_output_send_mode
[1;36mdebug: [0mc_header: parsed function wl_output_send_mode with 5 params (varargs=0) at line 7208
[1;36mdebug: [0mc_header: w_name=wl_output_send_done
[1;36mdebug: [0mc_header: parsed function wl_output_send_done with 1 params (varargs=0) at line 7219
[1;36mdebug: [0mc_header: w_name=wl_output_send_scale
[1;36mdebug: [0mc_header: parsed function wl_output_send_scale with 2 params (varargs=0) at line 7231
[1;36mdebug: [0mc_header: w_name=wl_output_send_name
[1;36mdebug: [0mc_header: parsed function wl_output_send_name with 2 params (varargs=0) at line 7243
[1;36mdebug: [0mc_header: w_name=wl_output_send_description
[1;36mdebug: [0mc_header: parsed function wl_output_send_description with 2 params (varargs=0) at line 7255
[1;36mdebug: [0mc_header: LOOP START token=86 line=7269 text='void'
[1;36mdebug: [0mc_header: LOOP START token=86 line=7272 text='void'
[1;36mdebug: [0mc_header: LOOP START token=86 line=7279 text='void'
[1;36mdebug: [0mc_header: LOOP START token=1
[1;36mdebug: [0mc_header: LOOP START token=1
[1;36mdebug: [0mc_header: w_name=wl_subcompositor_error_is_valid
[1;36mdebug: [0mc_header: parsed function wl_subcompositor_error_is_valid with 2 params (varargs=0) at line 7299
[1;36mdebug: [0mc_header: LOOP START token=86 line=7323 text='void'
[1;36mdebug: [0mc_header: LOOP START token=86 line=7326 text='void'
[1;36mdebug: [0mc_header: LOOP START token=1
[1;36mdebug: [0mc_header: w_name=wl_subsurface_error_is_valid
[1;36mdebug: [0mc_header: parsed function wl_subsurface_error_is_valid with 2 params (varargs=0) at line 7341
[1;36mdebug: [0mc_header: LOOP START token=86 line=7357 text='void'
[1;36mdebug: [0mc_header: LOOP START token=86 line=7360 text='void'
[1;36mdebug: [0mc_header: LOOP START token=86 line=7365 text='void'
[1;36mdebug: [0mc_header: LOOP START token=86 line=7369 text='void'
[1;36mdebug: [0mc_header: LOOP START token=86 line=7373 text='void'
[1;36mdebug: [0mc_header: LOOP START token=86 line=7376 text='void'
[1;36mdebug: [0mc_header: LOOP START token=1
[1;36mdebug: [0mc_header: w_name=wl_fixes_error_is_valid
[1;36mdebug: [0mc_header: parsed function wl_fixes_error_is_valid with 2 params (varargs=0) at line 7388
[1;36mdebug: [0mc_header: LOOP START token=86 line=7408 text='void'
[1;36mdebug: [0mc_header: LOOP START token=86 line=7411 text='void'
[1;36mdebug: [0mc_header: LOOP START token=86 line=7415 text='void'
[1;36mdebug: [0mc_header: LOOP START token=72 line=7432 text='int'
[1;36mdebug: [0mc_header: LOOP START token=72 line=7433 text='int'
[1;36mdebug: [0mc_header: LOOP START token=63 line=7442 text='double'
[1;36mdebug: [0mc_header: LOOP START token=63 line=7443 text='double'
[1;36mdebug: [0mc_header: w_name=wlr_box_closest_point
[1;36mdebug: [0mc_header: parsed function wlr_box_closest_point with 5 params (varargs=0) at line 7447
[1;36mdebug: [0mc_header: w_name=wlr_box_intersection
[1;36mdebug: [0mc_header: parsed function wlr_box_intersection with 3 params (varargs=0) at line 7455
[1;36mdebug: [0mc_header: w_name=wlr_box_contains_point
[1;36mdebug: [0mc_header: parsed function wlr_box_contains_point with 3 params (varargs=0) at line 7457
[1;36mdebug: [0mc_header: w_name=wlr_box_empty
[1;36mdebug: [0mc_header: parsed function wlr_box_empty with 1 params (varargs=0) at line 7464
[1;36mdebug: [0mc_header: w_name=wlr_box_transform
[1;36mdebug: [0mc_header: parsed function wlr_box_transform with 5 params (varargs=0) at line 7470
[1;36mdebug: [0mc_header: w_name=wlr_fbox_empty
[1;36mdebug: [0mc_header: parsed function wlr_fbox_empty with 1 params (varargs=0) at line 7477
[1;36mdebug: [0mc_header: w_name=wlr_fbox_transform
[1;36mdebug: [0mc_header: parsed function wlr_fbox_transform with 5 params (varargs=0) at line 7483
[1;36mdebug: [0mc_header: w_name=wlr_box_equal
[1;36mdebug: [0mc_header: parsed function wlr_box_equal with 2 params (varargs=0) at line 7490
[1;36mdebug: [0mc_header: w_name=wlr_fbox_equal
[1;36mdebug: [0mc_header: parsed function wlr_fbox_equal with 2 params (varargs=0) at line 7495
[1;36mdebug: [0mc_header: LOOP START token=81 line=7513 text='struct'
[1;36mdebug: [0mc_header: LOOP START token=81 line=7516 text='struct'
[1;36mdebug: [0mc_header: w_name=wlr_renderer_begin_buffer_pass
[1;36mdebug: [0mc_header: parsed function wlr_renderer_begin_buffer_pass with 3 params (varargs=0) at line 7526
[1;36mdebug: [0mc_header: w_name=wlr_render_pass_submit
[1;36mdebug: [0mc_header: parsed function wlr_render_pass_submit with 1 params (varargs=0) at line 7533
[1;36mdebug: [0mc_header: LOOP START token=1
[1;36mdebug: [0mc_header: LOOP START token=1
[1;36mdebug: [0mc_header: LOOP START token=1
[1;36mdebug: [0mc_header: LOOP START token=1
[1;36mdebug: [0mc_header: LOOP START token=81 line=7557 text='struct'
[1;36mdebug: [0mc_header: LOOP START token=81 line=7559 text='struct'
[1;36mdebug: [0mc_header: LOOP START token=81 line=7561 text='struct'
[1;36mdebug: [0mc_header: LOOP START token=59 line=7563 text='const'
[1;36mdebug: [0mc_header: LOOP START token=59 line=7565 text='const'
[1;36mdebug: [0mc_header: LOOP START token=65 line=7567 text='enum'
[1;36mdebug: [0mc_header: LOOP START token=65 line=7569 text='enum'
[1;36mdebug: [0mc_header: LOOP START token=65 line=7571 text='enum'
[1;36mdebug: [0mc_header: w_name=wlr_render_pass_add_texture
[1;36mdebug: [0mc_header: parsed function wlr_render_pass_add_texture with 2 params (varargs=0) at line 7578
[1;36mdebug: [0mc_header: LOOP START token=67 line=7587 text='float'
[1;36mdebug: [0mc_header: LOOP START token=81 line=7592 text='struct'
[1;36mdebug: [0mc_header: LOOP START token=81 line=7594 text='struct'
[1;36mdebug: [0mc_header: LOOP START token=59 line=7596 text='const'
[1;36mdebug: [0mc_header: LOOP START token=65 line=7598 text='enum'
[1;36mdebug: [0mc_header: w_name=wlr_render_pass_add_rect
[1;36mdebug: [0mc_header: parsed function wlr_render_pass_add_rect with 2 params (varargs=0) at line 7605
[1;36mdebug: [0mc_header: LOOP START token=1 line=7612 text='int32_t'
[1;36mdebug: [0mc_header: LOOP START token=1 line=7613 text='uint32_t'
[1;36mdebug: [0mc_header: LOOP START token=1 line=7614 text='uint64_t'
[1;36mdebug: [0mc_header: LOOP START token=72 line=7616 text='int'
[1;36mdebug: [0mc_header: LOOP START token=1 line=7617 text='uint32_t'
[1;36mdebug: [0mc_header: LOOP START token=1 line=7618 text='uint32_t'
[1;36mdebug: [0mc_header: LOOP START token=72 line=7619 text='int'
[1;36mdebug: [0mc_header: w_name=wlr_dmabuf_attributes_finish
[1;36mdebug: [0mc_header: parsed function wlr_dmabuf_attributes_finish with 1 params (varargs=0) at line 7625
[1;36mdebug: [0mc_header: w_name=wlr_dmabuf_attributes_copy
[1;36mdebug: [0mc_header: parsed function wlr_dmabuf_attributes_copy with 2 params (varargs=0) at line 7630
[1;36mdebug: [0mc_header: LOOP START token=59 line=7639 text='const'
[1;36mdebug: [0mc_header: LOOP START token=1 line=7640 text='uint32_t'
[1;36mdebug: [0mc_header: LOOP START token=81 line=7642 text='struct'
[1;36mdebug: [0mc_header: LOOP START token=86 line=7647 text='void'
[1;36mdebug: [0mc_header: LOOP START token=1 line=7649 text='uint32_t'
[1;36mdebug: [0mc_header: LOOP START token=1 line=7651 text='uint32_t'
[1;36mdebug: [0mc_header: LOOP START token=1 line=7653 text='uint32_t'
[1;36mdebug: [0mc_header: LOOP START token=59 line=7655 text='const'
[1;36mdebug: [0mc_header: w_name=wlr_texture_read_pixels
[1;36mdebug: [0mc_header: parsed function wlr_texture_read_pixels with 2 params (varargs=0) at line 7659
[1;36mdebug: [0mc_header: w_name=wlr_texture_preferred_read_format
[1;36mdebug: [0mc_header: parsed function wlr_texture_preferred_read_format with 1 params (varargs=0) at line 7661
[1;36mdebug: [0mc_header: w_name=wlr_texture_from_pixels
[1;36mdebug: [0mc_header: parsed function wlr_texture_from_pixels with 6 params (varargs=0) at line 7669
[1;36mdebug: [0mc_header: w_name=wlr_texture_from_dmabuf
[1;36mdebug: [0mc_header: parsed function wlr_texture_from_dmabuf with 2 params (varargs=0) at line 7675
[1;36mdebug: [0mc_header: w_name=wlr_texture_update_from_buffer
[1;36mdebug: [0mc_header: parsed function wlr_texture_update_from_buffer with 3 params (varargs=0) at line 7678
[1;36mdebug: [0mc_header: w_name=wlr_texture_destroy
[1;36mdebug: [0mc_header: parsed function wlr_texture_destroy with 1 params (varargs=0) at line 7683
[1;36mdebug: [0mc_header: w_name=wlr_texture_from_buffer
[1;36mdebug: [0mc_header: parsed function wlr_texture_from_buffer with 2 params (varargs=0) at line 7689
[1;36mdebug: [0mc_header: LOOP START token=1 line=7706 text='uint32_t'
[1;36mdebug: [0mc_header: LOOP START token=81 line=7708 text='struct'
[1;36mdebug: [0mc_header: LOOP START token=81 line=7709 text='struct'
[1;36mdebug: [0mc_header: LOOP START token=81 line=7715 text='struct'
[1;36mdebug: [0mc_header: LOOP START token=81 line=7718 text='struct'
[1;36mdebug: [0mc_header: LOOP START token=89 line=7722 text='bool'
[1;36mdebug: [0mc_header: LOOP START token=59 line=7727 text='const'
[1;36mdebug: [0mc_header: w_name=wlr_renderer_autocreate
[1;36mdebug: [0mc_header: parsed function wlr_renderer_autocreate with 1 params (varargs=0) at line 7736
[1;36mdebug: [0mc_header: w_name=wlr_renderer_get_texture_formats
[1;36mdebug: [0mc_header: parsed function wlr_renderer_get_texture_formats with 2 params (varargs=0) at line 7739
[1;36mdebug: [0mc_header: w_name=wlr_renderer_init_wl_display
[1;36mdebug: [0mc_header: parsed function wlr_renderer_init_wl_display with 2 params (varargs=0) at line 7747
[1;36mdebug: [0mc_header: w_name=wlr_renderer_init_wl_shm
[1;36mdebug: [0mc_header: parsed function wlr_renderer_init_wl_shm with 2 params (varargs=0) at line 7753
[1;36mdebug: [0mc_header: w_name=wlr_renderer_get_drm_fd
[1;36mdebug: [0mc_header: parsed function wlr_renderer_get_drm_fd with 1 params (varargs=0) at line 7760
[1;36mdebug: [0mc_header: w_name=wlr_renderer_destroy
[1;36mdebug: [0mc_header: parsed function wlr_renderer_destroy with 1 params (varargs=0) at line 7767
[1;36mdebug: [0mc_header: w_name=wlr_render_timer_create
[1;36mdebug: [0mc_header: parsed function wlr_render_timer_create with 1 params (varargs=0) at line 7772
[1;36mdebug: [0mc_header: w_name=wlr_render_timer_get_duration_ns
[1;36mdebug: [0mc_header: parsed function wlr_render_timer_get_duration_ns with 1 params (varargs=0) at line 7779
[1;36mdebug: [0mc_header: w_name=wlr_render_timer_destroy
[1;36mdebug: [0mc_header: parsed function wlr_render_timer_destroy with 1 params (varargs=0) at line 7784
[1;36mdebug: [0mc_header: LOOP START token=81 line=7794 text='struct'
[1;36mdebug: [0mc_header: LOOP START token=59 line=7800 text='const'
[1;36mdebug: [0mc_header: LOOP START token=86 line=7802 text='void'
[1;36mdebug: [0mc_header: LOOP START token=59 line=7806 text='const'
[1;36mdebug: [0mc_header: LOOP START token=59 line=7808 text='const'
[1;36mdebug: [0mc_header: LOOP START token=81 line=7809 text='struct'
[1;36mdebug: [0mc_header: w_name=wlr_addon_set_init
[1;36mdebug: [0mc_header: parsed function wlr_addon_set_init with 1 params (varargs=0) at line 7812
[1;36mdebug: [0mc_header: w_name=wlr_addon_set_finish
[1;36mdebug: [0mc_header: parsed function wlr_addon_set_finish with 1 params (varargs=0) at line 7813
[1;36mdebug: [0mc_header: w_name=wlr_addon_init
[1;36mdebug: [0mc_header: parsed function wlr_addon_init with 4 params (varargs=0) at line 7816
[1;36mdebug: [0mc_header: w_name=wlr_addon_finish
[1;36mdebug: [0mc_header: parsed function wlr_addon_finish with 1 params (varargs=0) at line 7817
[1;36mdebug: [0mc_header: w_name=wlr_addon_find
[1;36mdebug: [0mc_header: parsed function wlr_addon_find with 3 params (varargs=0) at line 7820
[1;36mdebug: [0mc_header: LOOP START token=72 line=7827 text='int'
[1;36mdebug: [0mc_header: LOOP START token=1 line=7828 text='uint32_t'
[1;36mdebug: [0mc_header: LOOP START token=72 line=7829 text='int'
[1;36mdebug: [0mc_header: LOOP START token=1 line=7830 text='off_t'
[1;36mdebug: [0mc_header: LOOP START token=1
[1;36mdebug: [0mc_header: LOOP START token=1
[1;36mdebug: [0mc_header: LOOP START token=1
[1;36mdebug: [0mc_header: LOOP START token=59 line=7846 text='const'
[1;36mdebug: [0mc_header: LOOP START token=72 line=7848 text='int'
[1;36mdebug: [0mc_header: LOOP START token=89 line=7850 text='bool'
[1;36mdebug: [0mc_header: LOOP START token=1 line=7851 text='size_t'
[1;36mdebug: [0mc_header: LOOP START token=89 line=7852 text='bool'
[1;36mdebug: [0mc_header: LOOP START token=81 line=7854 text='struct'
[1;36mdebug: [0mc_header: LOOP START token=81 line=7855 text='struct'
[1;36mdebug: [0mc_header: LOOP START token=81 line=7856 text='struct'
[1;36mdebug: [0mc_header: LOOP START token=81 line=7859 text='struct'
[1;36mdebug: [0mc_header: w_name=wlr_buffer_drop
[1;36mdebug: [0mc_header: parsed function wlr_buffer_drop with 1 params (varargs=0) at line 7866
[1;36mdebug: [0mc_header: w_name=wlr_buffer_lock
[1;36mdebug: [0mc_header: parsed function wlr_buffer_lock with 1 params (varargs=0) at line 7872
[1;36mdebug: [0mc_header: w_name=wlr_buffer_unlock
[1;36mdebug: [0mc_header: parsed function wlr_buffer_unlock with 1 params (varargs=0) at line 7877
[1;36mdebug: [0mc_header: w_name=wlr_buffer_get_dmabuf
[1;36mdebug: [0mc_header: parsed function wlr_buffer_get_dmabuf with 2 params (varargs=0) at line 7880
[1;36mdebug: [0mc_header: w_name=wlr_buffer_get_shm
[1;36mdebug: [0mc_header: parsed function wlr_buffer_get_shm with 2 params (varargs=0) at line 7883
[1;36mdebug: [0mc_header: w_name=wlr_buffer_try_from_resource
[1;36mdebug: [0mc_header: parsed function wlr_buffer_try_from_resource with 1 params (varargs=0) at line 7890
[1;36mdebug: [0mc_header: LOOP START token=1
[1;36mdebug: [0mc_header: LOOP START token=1
[1;36mdebug: [0mc_header: w_name=wlr_buffer_begin_data_ptr_access
[1;36mdebug: [0mc_header: parsed function wlr_buffer_begin_data_ptr_access with 5 params (varargs=0) at line 7907
[1;36mdebug: [0mc_header: w_name=wlr_buffer_end_data_ptr_access
[1;36mdebug: [0mc_header: parsed function wlr_buffer_end_data_ptr_access with 1 params (varargs=0) at line 7908
[1;36mdebug: [0mc_header: LOOP START token=81 line=7914 text='struct'
[1;36mdebug: [0mc_header: LOOP START token=81 line=7920 text='struct'
[1;36mdebug: [0mc_header: LOOP START token=81 line=7924 text='struct'
[1;36mdebug: [0mc_header: LOOP START token=81 line=7928 text='struct'
[1;36mdebug: [0mc_header: LOOP START token=81 line=7929 text='struct'
[1;36mdebug: [0mc_header: LOOP START token=1 line=7931 text='size_t'
[1;36mdebug: [0mc_header: w_name=wlr_client_buffer_get
[1;36mdebug: [0mc_header: parsed function wlr_client_buffer_get with 1 params (varargs=0) at line 7938
[1;36mdebug: [0mc_header: LOOP START token=1
[1;36mdebug: [0mc_header: LOOP START token=1
[1;36mdebug: [0mc_header: LOOP START token=1
[1;36mdebug: [0mc_header: LOOP START token=1
[1;36mdebug: [0mc_header: LOOP START token=1
[1;36mdebug: [0mc_header: LOOP START token=1 line=7952 text='int32_t'
[1;36mdebug: [0mc_header: LOOP START token=1 line=7953 text='int32_t'
[1;36mdebug: [0mc_header: LOOP START token=89 line=7954 text='bool'
[1;36mdebug: [0mc_header: LOOP START token=65 line=7955 text='enum'
[1;36mdebug: [0mc_header: LOOP START token=81 line=7956 text='struct'
[1;36mdebug: [0mc_header: LOOP START token=81 line=7960 text='struct'
[1;36mdebug: [0mc_header: LOOP START token=63 line=7961 text='double'
[1;36mdebug: [0mc_header: LOOP START token=89 line=7962 text='bool'
[1;36mdebug: [0mc_header: LOOP START token=89 line=7963 text='bool'
[1;36mdebug: [0mc_header: LOOP START token=1 line=7964 text='uint32_t'
[1;36mdebug: [0mc_header: LOOP START token=81 line=7965 text='struct'
[1;36mdebug: [0mc_header: LOOP START token=65 line=7966 text='enum'
[1;36mdebug: [0mc_header: LOOP START token=1 line=7967 text='int32_t'
[1;36mdebug: [0mc_header: LOOP START token=81 line=7968 text='struct'
[1;36mdebug: [0mc_header: LOOP START token=89 line=7969 text='bool'
[1;36mdebug: [0mc_header: LOOP START token=81 line=7970 text='struct'
[1;36mdebug: [0mc_header: LOOP START token=81 line=7971 text='struct'
[1;36mdebug: [0mc_header: LOOP START token=1
[1;36mdebug: [0mc_header: LOOP START token=1
[1;36mdebug: [0mc_header: LOOP START token=1
[1;36mdebug: [0mc_header: LOOP START token=1
[1;36mdebug: [0mc_header: LOOP START token=1
[1;36mdebug: [0mc_header: LOOP START token=1
[1;36mdebug: [0mc_header: LOOP START token=1
[1;36mdebug: [0mc_header: LOOP START token=1
[1;36mdebug: [0mc_header: LOOP START token=1
[1;36mdebug: [0mc_header: LOOP START token=1
[1;36mdebug: [0mc_header: LOOP START token=1
[1;36mdebug: [0mc_header: LOOP START token=1
[1;36mdebug: [0mc_header: LOOP START token=1
[1;36mdebug: [0mc_header: LOOP START token=1
[1;36mdebug: [0mc_header: LOOP START token=1
[1;36mdebug: [0mc_header: LOOP START token=1 line=8002 text='uint32_t'
[1;36mdebug: [0mc_header: LOOP START token=89 line=8005 text='bool'
[1;36mdebug: [0mc_header: LOOP START token=1 line=8006 text='pixman_region32_t'
[1;36mdebug: [0mc_header: LOOP START token=89 line=8007 text='bool'
[1;36mdebug: [0mc_header: LOOP START token=67 line=8008 text='float'
[1;36mdebug: [0mc_header: LOOP START token=65 line=8009 text='enum'
[1;36mdebug: [0mc_header: LOOP START token=89 line=8010 text='bool'
[1;36mdebug: [0mc_header: LOOP START token=1 line=8011 text='uint32_t'
[1;36mdebug: [0mc_header: LOOP START token=65 line=8012 text='enum'
[1;36mdebug: [0mc_header: LOOP START token=81 line=8014 text='struct'
[1;36mdebug: [0mc_header: LOOP START token=89 line=8020 text='bool'
[1;36mdebug: [0mc_header: LOOP START token=65 line=8022 text='enum'
[1;36mdebug: [0mc_header: LOOP START token=81 line=8023 text='struct'
[1;36mdebug: [0mc_header: LOOP START token=81 line=8024 text='struct'
[1;36mdebug: [0mc_header: LOOP START token=1 line=8025 text='int32_t'
[1;36mdebug: [0mc_header: LOOP START token=1 line=8026 text='int32_t'
[1;36mdebug: [0mc_header: LOOP START token=1 line=8029 text='uint16_t'
[1;36mdebug: [0mc_header: LOOP START token=1 line=8030 text='size_t'
[1;36mdebug: [0mc_header: LOOP START token=81 line=8032 text='struct'
[1;36mdebug: [0mc_header: LOOP START token=1 line=8033 text='size_t'
[1;36mdebug: [0mc_header: LOOP START token=59 line=8040 text='const'
[1;36mdebug: [0mc_header: LOOP START token=81 line=8041 text='struct'
[1;36mdebug: [0mc_header: LOOP START token=81 line=8042 text='struct'
[1;36mdebug: [0mc_header: LOOP START token=81 line=8044 text='struct'
[1;36mdebug: [0mc_header: LOOP START token=81 line=8045 text='struct'
[1;36mdebug: [0mc_header: LOOP START token=58 line=8047 text='char'
[1;36mdebug: [0mc_header: LOOP START token=58 line=8048 text='char'
[1;36mdebug: [0mc_header: LOOP START token=58 line=8049 text='char'
[1;36mdebug: [0mc_header: LOOP START token=1 line=8050 text='int32_t'
[1;36mdebug: [0mc_header: LOOP START token=81 line=8053 text='struct'
[1;36mdebug: [0mc_header: LOOP START token=81 line=8054 text='struct'
[1;36mdebug: [0mc_header: LOOP START token=1 line=8055 text='int32_t'
[1;36mdebug: [0mc_header: LOOP START token=1 line=8056 text='int32_t'
[1;36mdebug: [0mc_header: LOOP START token=89 line=8058 text='bool'
[1;36mdebug: [0mc_header: LOOP START token=67 line=8059 text='float'
[1;36mdebug: [0mc_header: LOOP START token=65 line=8060 text='enum'
[1;36mdebug: [0mc_header: LOOP START token=65 line=8061 text='enum'
[1;36mdebug: [0mc_header: LOOP START token=65 line=8062 text='enum'
[1;36mdebug: [0mc_header: LOOP START token=1 line=8063 text='uint32_t'
[1;36mdebug: [0mc_header: LOOP START token=89 line=8068 text='bool'
[1;36mdebug: [0mc_header: LOOP START token=89 line=8070 text='bool'
[1;36mdebug: [0mc_header: LOOP START token=89 line=8072 text='bool'
[1;36mdebug: [0mc_header: LOOP START token=89 line=8075 text='bool'
[1;36mdebug: [0mc_header: LOOP START token=1 line=8078 text='uint32_t'
[1;36mdebug: [0mc_header: LOOP START token=81 line=8080 text='struct'
[1;36mdebug: [0mc_header: LOOP START token=81 line=8082 text='struct'
[1;36mdebug: [0mc_header: LOOP START token=81 line=8085 text='struct'
[1;36mdebug: [0mc_header: LOOP START token=81 line=8088 text='struct'
[1;36mdebug: [0mc_header: LOOP START token=81 line=8090 text='struct'
[1;36mdebug: [0mc_header: LOOP START token=81 line=8092 text='struct'
[1;36mdebug: [0mc_header: LOOP START token=81 line=8095 text='struct'
[1;36mdebug: [0mc_header: LOOP START token=81 line=8097 text='struct'
[1;36mdebug: [0mc_header: LOOP START token=81 line=8098 text='struct'
[1;36mdebug: [0mc_header: LOOP START token=81 line=8099 text='struct'
[1;36mdebug: [0mc_header: LOOP START token=81 line=8100 text='struct'
[1;36mdebug: [0mc_header: LOOP START token=81 line=8103 text='struct'
[1;36mdebug: [0mc_header: LOOP START token=81 line=8104 text='struct'
[1;36mdebug: [0mc_header: LOOP START token=72 line=8106 text='int'
[1;36mdebug: [0mc_header: LOOP START token=81 line=8108 text='struct'
[1;36mdebug: [0mc_header: LOOP START token=81 line=8109 text='struct'
[1;36mdebug: [0mc_header: LOOP START token=81 line=8110 text='struct'
[1;36mdebug: [0mc_header: LOOP START token=81 line=8111 text='struct'
[1;36mdebug: [0mc_header: LOOP START token=72 line=8112 text='int'
[1;36mdebug: [0mc_header: LOOP START token=81 line=8114 text='struct'
[1;36mdebug: [0mc_header: LOOP START token=81 line=8116 text='struct'
[1;36mdebug: [0mc_header: LOOP START token=81 line=8117 text='struct'
[1;36mdebug: [0mc_header: LOOP START token=81 line=8118 text='struct'
[1;36mdebug: [0mc_header: LOOP START token=81 line=8120 text='struct'
[1;36mdebug: [0mc_header: LOOP START token=81 line=8122 text='struct'
[1;36mdebug: [0mc_header: LOOP START token=86 line=8124 text='void'
[1;36mdebug: [0mc_header: LOOP START token=81 line=8128 text='struct'
[1;36mdebug: [0mc_header: LOOP START token=59 line=8129 text='const'
[1;36mdebug: [0mc_header: LOOP START token=81 line=8133 text='struct'
[1;36mdebug: [0mc_header: LOOP START token=81 line=8134 text='struct'
[1;36mdebug: [0mc_header: LOOP START token=59 line=8135 text='const'
[1;36mdebug: [0mc_header: LOOP START token=81 line=8139 text='struct'
[1;36mdebug: [0mc_header: LOOP START token=81 line=8140 text='struct'
[1;36mdebug: [0mc_header: LOOP START token=59 line=8141 text='const'
[1;36mdebug: [0mc_header: LOOP START token=1
[1;36mdebug: [0mc_header: LOOP START token=1
[1;36mdebug: [0mc_header: LOOP START token=1
[1;36mdebug: [0mc_header: LOOP START token=1
[1;36mdebug: [0mc_header: LOOP START token=81 line=8159 text='struct'
[1;36mdebug: [0mc_header: LOOP START token=1 line=8162 text='uint32_t'
[1;36mdebug: [0mc_header: LOOP START token=89 line=8164 text='bool'
[1;36mdebug: [0mc_header: LOOP START token=81 line=8166 text='struct'
[1;36mdebug: [0mc_header: LOOP START token=85 line=8168 text='unsigned'
[1;36mdebug: [0mc_header: LOOP START token=72 line=8171 text='int'
[1;36mdebug: [0mc_header: LOOP START token=1 line=8172 text='uint32_t'
[1;36mdebug: [0mc_header: LOOP START token=81 line=8176 text='struct'
[1;36mdebug: [0mc_header: LOOP START token=81 line=8177 text='struct'
[1;36mdebug: [0mc_header: LOOP START token=81 line=8181 text='struct'
[1;36mdebug: [0mc_header: LOOP START token=59 line=8182 text='const'
[1;36mdebug: [0mc_header: w_name=wlr_output_create_global
[1;36mdebug: [0mc_header: parsed function wlr_output_create_global with 2 params (varargs=0) at line 8187
[1;36mdebug: [0mc_header: w_name=wlr_output_destroy_global
[1;36mdebug: [0mc_header: parsed function wlr_output_destroy_global with 1 params (varargs=0) at line 8188
[1;36mdebug: [0mc_header: w_name=wlr_output_init_render
[1;36mdebug: [0mc_header: parsed function wlr_output_init_render with 3 params (varargs=0) at line 8191
[1;36mdebug: [0mc_header: w_name=wlr_output_preferred_mode
[1;36mdebug: [0mc_header: parsed function wlr_output_preferred_mode with 1 params (varargs=0) at line 8196
[1;36mdebug: [0mc_header: w_name=wlr_output_set_name
[1;36mdebug: [0mc_header: parsed function wlr_output_set_name with 2 params (varargs=0) at line 8198
[1;36mdebug: [0mc_header: w_name=wlr_output_set_description
[1;36mdebug: [0mc_header: parsed function wlr_output_set_description with 2 params (varargs=0) at line 8199
[1;36mdebug: [0mc_header: w_name=wlr_output_schedule_done
[1;36mdebug: [0mc_header: parsed function wlr_output_schedule_done with 1 params (varargs=0) at line 8205
[1;36mdebug: [0mc_header: w_name=wlr_output_destroy
[1;36mdebug: [0mc_header: parsed function wlr_output_destroy with 1 params (varargs=0) at line 8206
[1;36mdebug: [0mc_header: w_name=wlr_output_transformed_resolution
[1;36mdebug: [0mc_header: parsed function wlr_output_transformed_resolution with 3 params (varargs=0) at line 8211
[1;36mdebug: [0mc_header: w_name=wlr_output_effective_resolution
[1;36mdebug: [0mc_header: parsed function wlr_output_effective_resolution with 3 params (varargs=0) at line 8216
[1;36mdebug: [0mc_header: w_name=wlr_output_test_state
[1;36mdebug: [0mc_header: parsed function wlr_output_test_state with 2 params (varargs=0) at line 8224
[1;36mdebug: [0mc_header: w_name=wlr_output_commit_state
[1;36mdebug: [0mc_header: parsed function wlr_output_commit_state with 2 params (varargs=0) at line 8227
[1;36mdebug: [0mc_header: w_name=wlr_output_schedule_frame
[1;36mdebug: [0mc_header: parsed function wlr_output_schedule_frame with 1 params (varargs=0) at line 8232
[1;36mdebug: [0mc_header: w_name=wlr_output_get_gamma_size
[1;36mdebug: [0mc_header: parsed function wlr_output_get_gamma_size with 1 params (varargs=0) at line 8236
[1;36mdebug: [0mc_header: w_name=wlr_output_from_resource
[1;36mdebug: [0mc_header: parsed function wlr_output_from_resource with 1 params (varargs=0) at line 8242
[1;36mdebug: [0mc_header: w_name=wlr_output_lock_attach_render
[1;36mdebug: [0mc_header: parsed function wlr_output_lock_attach_render with 2 params (varargs=0) at line 8249
[1;36mdebug: [0mc_header: w_name=wlr_output_lock_software_cursors
[1;36mdebug: [0mc_header: parsed function wlr_output_lock_software_cursors with 2 params (varargs=0) at line 8257
[1;36mdebug: [0mc_header: w_name=wlr_output_add_software_cursors_to_render_pass
[1;36mdebug: [0mc_header: parsed function wlr_output_add_software_cursors_to_render_pass with 3 params (varargs=0) at line 8264
[1;36mdebug: [0mc_header: w_name=wlr_output_get_primary_formats
[1;36mdebug: [0mc_header: parsed function wlr_output_get_primary_formats with 2 params (varargs=0) at line 8267
[1;36mdebug: [0mc_header: w_name=wlr_output_is_direct_scanout_allowed
[1;36mdebug: [0mc_header: parsed function wlr_output_is_direct_scanout_allowed with 1 params (varargs=0) at line 8274
[1;36mdebug: [0mc_header: w_name=wlr_output_cursor_create
[1;36mdebug: [0mc_header: parsed function wlr_output_cursor_create with 1 params (varargs=0) at line 8277
[1;36mdebug: [0mc_header: w_name=wlr_output_cursor_set_buffer
[1;36mdebug: [0mc_header: parsed function wlr_output_cursor_set_buffer with 4 params (varargs=0) at line 8279
[1;36mdebug: [0mc_header: w_name=wlr_output_cursor_move
[1;36mdebug: [0mc_header: parsed function wlr_output_cursor_move with 3 params (varargs=0) at line 8281
[1;36mdebug: [0mc_header: w_name=wlr_output_cursor_destroy
[1;36mdebug: [0mc_header: parsed function wlr_output_cursor_destroy with 1 params (varargs=0) at line 8282
[1;36mdebug: [0mc_header: w_name=wlr_output_state_init
[1;36mdebug: [0mc_header: parsed function wlr_output_state_init with 1 params (varargs=0) at line 8287
[1;36mdebug: [0mc_header: w_name=wlr_output_state_finish
[1;36mdebug: [0mc_header: parsed function wlr_output_state_finish with 1 params (varargs=0) at line 8291
[1;36mdebug: [0mc_header: w_name=wlr_output_state_set_enabled
[1;36mdebug: [0mc_header: parsed function wlr_output_state_set_enabled with 2 params (varargs=0) at line 8299
[1;36mdebug: [0mc_header: w_name=wlr_output_state_set_mode
[1;36mdebug: [0mc_header: parsed function wlr_output_state_set_mode with 2 params (varargs=0) at line 8307
[1;36mdebug: [0mc_header: w_name=wlr_output_state_set_custom_mode
[1;36mdebug: [0mc_header: parsed function wlr_output_state_set_custom_mode with 4 params (varargs=0) at line 8310
[1;36mdebug: [0mc_header: w_name=wlr_output_state_set_scale
[1;36mdebug: [0mc_header: parsed function wlr_output_state_set_scale with 2 params (varargs=0) at line 8317
[1;36mdebug: [0mc_header: w_name=wlr_output_state_set_transform
[1;36mdebug: [0mc_header: parsed function wlr_output_state_set_transform with 2 params (varargs=0) at line 8325
[1;36mdebug: [0mc_header: w_name=wlr_output_state_set_adaptive_sync_enabled
[1;36mdebug: [0mc_header: parsed function wlr_output_state_set_adaptive_sync_enabled with 2 params (varargs=0) at line 8328
[1;36mdebug: [0mc_header: w_name=wlr_output_state_set_render_format
[1;36mdebug: [0mc_header: parsed function wlr_output_state_set_render_format with 2 params (varargs=0) at line 8331
[1;36mdebug: [0mc_header: w_name=wlr_output_state_set_subpixel
[1;36mdebug: [0mc_header: parsed function wlr_output_state_set_subpixel with 2 params (varargs=0) at line 8339
[1;36mdebug: [0mc_header: w_name=wlr_output_state_set_buffer
[1;36mdebug: [0mc_header: parsed function wlr_output_state_set_buffer with 2 params (varargs=0) at line 8348
[1;36mdebug: [0mc_header: w_name=wlr_output_state_set_gamma_lut
[1;36mdebug: [0mc_header: parsed function wlr_output_state_set_gamma_lut with 5 params (varargs=0) at line 8351
[1;36mdebug: [0mc_header: w_name=wlr_output_state_set_damage
[1;36mdebug: [0mc_header: parsed function wlr_output_state_set_damage with 2 params (varargs=0) at line 8354
[1;36mdebug: [0mc_header: w_name=wlr_output_state_set_layers
[1;36mdebug: [0mc_header: parsed function wlr_output_state_set_layers with 3 params (varargs=0) at line 8357
[1;36mdebug: [0mc_header: w_name=wlr_output_state_copy
[1;36mdebug: [0mc_header: parsed function wlr_output_state_copy with 2 params (varargs=0) at line 8360
[1;36mdebug: [0mc_header: w_name=wlr_output_configure_primary_swapchain
[1;36mdebug: [0mc_header: parsed function wlr_output_configure_primary_swapchain with 3 params (varargs=0) at line 8363
[1;36mdebug: [0mc_header: w_name=wlr_output_begin_render_pass
[1;36mdebug: [0mc_header: parsed function wlr_output_begin_render_pass with 4 params (varargs=0) at line 8367
[1;36mdebug: [0mc_header: LOOP START token=81 line=8377 text='struct'
[1;36mdebug: [0mc_header: LOOP START token=81 line=8378 text='struct'
[1;36mdebug: [0mc_header: LOOP START token=59 line=8385 text='const'
[1;36mdebug: [0mc_header: LOOP START token=81 line=8387 text='struct'
[1;36mdebug: [0mc_header: LOOP START token=81 line=8389 text='struct'
[1;36mdebug: [0mc_header: LOOP START token=81 line=8391 text='struct'
[1;36mdebug: [0mc_header: LOOP START token=81 line=8393 text='struct'
[1;36mdebug: [0mc_header: w_name=wlr_backend_autocreate
[1;36mdebug: [0mc_header: parsed function wlr_backend_autocreate with 2 params (varargs=0) at line 8398
[1;36mdebug: [0mc_header: w_name=wlr_backend_start
[1;36mdebug: [0mc_header: parsed function wlr_backend_start with 1 params (varargs=0) at line 8404
[1;36mdebug: [0mc_header: w_name=wlr_backend_destroy
[1;36mdebug: [0mc_header: parsed function wlr_backend_destroy with 1 params (varargs=0) at line 8409
[1;36mdebug: [0mc_header: w_name=wlr_backend_get_drm_fd
[1;36mdebug: [0mc_header: parsed function wlr_backend_get_drm_fd with 1 params (varargs=0) at line 8416
[1;36mdebug: [0mc_header: w_name=wlr_backend_test
[1;36mdebug: [0mc_header: parsed function wlr_backend_test with 3 params (varargs=0) at line 8419
[1;36mdebug: [0mc_header: w_name=wlr_backend_commit
[1;36mdebug: [0mc_header: parsed function wlr_backend_commit with 3 params (varargs=0) at line 8428
[1;36mdebug: [0mc_header: LOOP START token=72
[1;36mdebug: [0mc_header: w_name=__bswap_16
[1;36mdebug: [0mc_header: parsed function __bswap_16 with 1 params (varargs=0) at line 330
[1;36mdebug: [0mc_header: w_name=__bswap_32
[1;36mdebug: [0mc_header: parsed function __bswap_32 with 1 params (varargs=0) at line 345
[1;36mdebug: [0mc_header: w_name=__bswap_64
[1;36mdebug: [0mc_header: parsed function __bswap_64 with 1 params (varargs=0) at line 355
[1;36mdebug: [0mc_header: w_name=__uint16_identity
[1;36mdebug: [0mc_header: parsed function __uint16_identity with 1 params (varargs=0) at line 367
[1;36mdebug: [0mc_header: w_name=__uint32_identity
[1;36mdebug: [0mc_header: parsed function __uint32_identity with 1 params (varargs=0) at line 373
[1;36mdebug: [0mc_header: w_name=__uint64_identity
[1;36mdebug: [0mc_header: parsed function __uint64_identity with 1 params (varargs=0) at line 379
[1;36mdebug: [0mc_header: LOOP START token=85
[1;36mdebug: [0mc_header: LOOP START token=1 line=427 text='__time_t'
[1;36mdebug: [0mc_header: LOOP START token=1 line=428 text='__suseconds_t'
[1;36mdebug: [0mc_header: LOOP START token=1 line=440 text='__time_t'
[1;36mdebug: [0mc_header: LOOP START token=1 line=445 text='__syscall_slong_t'
[1;36mdebug: [0mc_header: LOOP START token=1
[1;36mdebug: [0mc_header: w_name=select
[1;36mdebug: [0mc_header: parsed function select with 5 params (varargs=0) at line 485
[1;36mdebug: [0mc_header: w_name=pselect
[1;36mdebug: [0mc_header: parsed function pselect with 6 params (varargs=0) at line 491
[1;36mdebug: [0mc_header: LOOP START token=97
[1;36mdebug: [0mc_header: LOOP START token=81
[1;36mdebug: [0mc_header: LOOP START token=85
[1;36mdebug: [0mc_header: LOOP START token=85
[1;36mdebug: [0mc_header: LOOP START token=81
[1;36mdebug: [0mc_header: LOOP START token=81
[1;36mdebug: [0mc_header: LOOP START token=81
[1;36mdebug: [0mc_header: LOOP START token=72 line=558 text='int'
[1;36mdebug: [0mc_header: LOOP START token=85 line=559 text='unsigned'
[1;36mdebug: [0mc_header: LOOP START token=72 line=560 text='int'
[1;36mdebug: [0mc_header: LOOP START token=85 line=562 text='unsigned'
[1;36mdebug: [0mc_header: LOOP START token=72 line=566 text='int'
[1;36mdebug: [0mc_header: LOOP START token=77 line=568 text='short'
[1;36mdebug: [0mc_header: LOOP START token=77 line=569 text='short'
[1;36mdebug: [0mc_header: LOOP START token=1 line=570 text='__pthread_list_t'
[1;36mdebug: [0mc_header: LOOP START token=85 line=579 text='unsigned'
[1;36mdebug: [0mc_header: LOOP START token=85 line=580 text='unsigned'
[1;36mdebug: [0mc_header: LOOP START token=85 line=581 text='unsigned'
[1;36mdebug: [0mc_header: LOOP START token=85 line=582 text='unsigned'
[1;36mdebug: [0mc_header: LOOP START token=85 line=583 text='unsigned'
[1;36mdebug: [0mc_header: LOOP START token=85 line=584 text='unsigned'
[1;36mdebug: [0mc_header: LOOP START token=72 line=586 text='int'
[1;36mdebug: [0mc_header: LOOP START token=72 line=587 text='int'
[1;36mdebug: [0mc_header: LOOP START token=85 line=588 text='unsigned'
[1;36mdebug: [0mc_header: LOOP START token=85 line=589 text='unsigned'
[1;36mdebug: [0mc_header: LOOP START token=85 line=592 text='unsigned'
[1;36mdebug: [0mc_header: LOOP START token=1 line=602 text='__atomic_wide_counter'
[1;36mdebug: [0mc_header: LOOP START token=1 line=603 text='__atomic_wide_counter'
[1;36mdebug: [0mc_header: LOOP START token=85 line=604 text='unsigned'
[1;36mdebug: [0mc_header: LOOP START token=85 line=605 text='unsigned'
[1;36mdebug: [0mc_header: LOOP START token=85 line=606 text='unsigned'
[1;36mdebug: [0mc_header: LOOP START token=85 line=607 text='unsigned'
[1;36mdebug: [0mc_header: LOOP START token=85 line=608 text='unsigned'
[1;36mdebug: [0mc_header: LOOP START token=85 line=609 text='unsigned'
[1;36mdebug: [0mc_header: LOOP START token=72
[1;36mdebug: [0mc_header: LOOP START token=58
[1;36mdebug: [0mc_header: LOOP START token=72
[1;36mdebug: [0mc_header: LOOP START token=58
[1;36mdebug: [0mc_header: LOOP START token=72
[1;36mdebug: [0mc_header: LOOP START token=58 line=654 text='char'
[1;36mdebug: [0mc_header: LOOP START token=73 line=655 text='long'
[1;36mdebug: [0mc_header: LOOP START token=81
[1;36mdebug: [0mc_header: LOOP START token=58
[1;36mdebug: [0mc_header: LOOP START token=73
[1;36mdebug: [0mc_header: LOOP START token=81
[1;36mdebug: [0mc_header: LOOP START token=58
[1;36mdebug: [0mc_header: LOOP START token=97
[1;36mdebug: [0mc_header: LOOP START token=81
[1;36mdebug: [0mc_header: LOOP START token=58
[1;36mdebug: [0mc_header: LOOP START token=73
[1;36mdebug: [0mc_header: LOOP START token=58
[1;36mdebug: [0mc_header: LOOP START token=73
[1;36mdebug: [0mc_header: LOOP START token=58
[1;36mdebug: [0mc_header: LOOP START token=73
[1;36mdebug: [0mc_header: LOOP START token=58
[1;36mdebug: [0mc_header: LOOP START token=72
[1;36mdebug: [0mc_header: LOOP START token=1
[1;36mdebug: [0mc_header: LOOP START token=1
[1;36mdebug: [0mc_header: LOOP START token=1
[1;36mdebug: [0mc_header: LOOP START token=1
[1;36mdebug: [0mc_header: LOOP START token=1
[1;36mdebug: [0mc_header: w_name=__fpclassify
[1;36mdebug: [0mc_header: parsed function __fpclassify with 1 params (varargs=0) at line 862
[1;36mdebug: [0mc_header: w_name=__signbit
[1;36mdebug: [0mc_header: parsed function __signbit with 1 params (varargs=0) at line 866
[1;36mdebug: [0mc_header: w_name=__isinf
[1;36mdebug: [0mc_header: parsed function __isinf with 1 params (varargs=0) at line 871
[1;36mdebug: [0mc_header: w_name=__finite
[1;36mdebug: [0mc_header: parsed function __finite with 1 params (varargs=0) at line 875
[1;36mdebug: [0mc_header: w_name=__isnan
[1;36mdebug: [0mc_header: parsed function __isnan with 1 params (varargs=0) at line 879
[1;36mdebug: [0mc_header: w_name=__iseqsig
[1;36mdebug: [0mc_header: parsed function __iseqsig with 2 params (varargs=0) at line 883
[1;36mdebug: [0mc_header: w_name=__issignaling
[1;36mdebug: [0mc_header: parsed function __issignaling with 1 params (varargs=0) at line 886
[1;36mdebug: [0mc_header: w_name=acos
[1;36mdebug: [0mc_header: parsed function acos with 1 params (varargs=0) at line 891
[1;36mdebug: [0mc_header: w_name=__acos
[1;36mdebug: [0mc_header: parsed function __acos with 1 params (varargs=0) at line 891
[1;36mdebug: [0mc_header: w_name=asin
[1;36mdebug: [0mc_header: parsed function asin with 1 params (varargs=0) at line 893
[1;36mdebug: [0mc_header: w_name=__asin
[1;36mdebug: [0mc_header: parsed function __asin with 1 params (varargs=0) at line 893
[1;36mdebug: [0mc_header: w_name=atan
[1;36mdebug: [0mc_header: parsed function atan with 1 params (varargs=0) at line 895
[1;36mdebug: [0mc_header: w_name=__atan
[1;36mdebug: [0mc_header: parsed function __atan with 1 params (varargs=0) at line 895
[1;36mdebug: [0mc_header: w_name=atan2
[1;36mdebug: [0mc_header: parsed function atan2 with 2 params (varargs=0) at line 897
[1;36mdebug: [0mc_header: w_name=__atan2
[1;36mdebug: [0mc_header: parsed function __atan2 with 2 params (varargs=0) at line 897
[1;36mdebug: [0mc_header: w_name=cos
[1;36mdebug: [0mc_header: parsed function cos with 1 params (varargs=0) at line 900
[1;36mdebug: [0mc_header: w_name=__cos
[1;36mdebug: [0mc_header: parsed function __cos with 1 params (varargs=0) at line 900
[1;36mdebug: [0mc_header: w_name=sin
[1;36mdebug: [0mc_header: parsed function sin with 1 params (varargs=0) at line 902
[1;36mdebug: [0mc_header: w_name=__sin
[1;36mdebug: [0mc_header: parsed function __sin with 1 params (varargs=0) at line 902
[1;36mdebug: [0mc_header: w_name=tan
[1;36mdebug: [0mc_header: parsed function tan with 1 params (varargs=0) at line 904
[1;36mdebug: [0mc_header: w_name=__tan
[1;36mdebug: [0mc_header: parsed function __tan with 1 params (varargs=0) at line 904
[1;36mdebug: [0mc_header: w_name=acospi
[1;36mdebug: [0mc_header: parsed function acospi with 1 params (varargs=0) at line 908
[1;36mdebug: [0mc_header: w_name=__acospi
[1;36mdebug: [0mc_header: parsed function __acospi with 1 params (varargs=0) at line 908
[1;36mdebug: [0mc_header: w_name=acospi
[1;36mdebug: [0mc_header: parsed function acospi with 1 params (varargs=0) at line 909
[1;36mdebug: [0mc_header: w_name=__acospi
[1;36mdebug: [0mc_header: parsed function __acospi with 1 params (varargs=0) at line 909
[1;36mdebug: [0mc_header: w_name=asinpi
[1;36mdebug: [0mc_header: parsed function asinpi with 1 params (varargs=0) at line 911
[1;36mdebug: [0mc_header: w_name=__asinpi
[1;36mdebug: [0mc_header: parsed function __asinpi with 1 params (varargs=0) at line 911
[1;36mdebug: [0mc_header: w_name=asinpi
[1;36mdebug: [0mc_header: parsed function asinpi with 1 params (varargs=0) at line 912
[1;36mdebug: [0mc_header: w_name=__asinpi
[1;36mdebug: [0mc_header: parsed function __asinpi with 1 params (varargs=0) at line 912
[1;36mdebug: [0mc_header: w_name=atanpi
[1;36mdebug: [0mc_header: parsed function atanpi with 1 params (varargs=0) at line 914
[1;36mdebug: [0mc_header: w_name=__atanpi
[1;36mdebug: [0mc_header: parsed function __atanpi with 1 params (varargs=0) at line 914
[1;36mdebug: [0mc_header: w_name=atanpi
[1;36mdebug: [0mc_header: parsed function atanpi with 1 params (varargs=0) at line 915
[1;36mdebug: [0mc_header: w_name=__atanpi
[1;36mdebug: [0mc_header: parsed function __atanpi with 1 params (varargs=0) at line 915
[1;36mdebug: [0mc_header: w_name=atan2pi
[1;36mdebug: [0mc_header: parsed function atan2pi with 2 params (varargs=0) at line 917
[1;36mdebug: [0mc_header: w_name=__atan2pi
[1;36mdebug: [0mc_header: parsed function __atan2pi with 2 params (varargs=0) at line 917
[1;36mdebug: [0mc_header: w_name=atan2pi
[1;36mdebug: [0mc_header: parsed function atan2pi with 2 params (varargs=0) at line 918
[1;36mdebug: [0mc_header: w_name=__atan2pi
[1;36mdebug: [0mc_header: parsed function __atan2pi with 2 params (varargs=0) at line 918
[1;36mdebug: [0mc_header: w_name=cospi
[1;36mdebug: [0mc_header: parsed function cospi with 1 params (varargs=0) at line 921
[1;36mdebug: [0mc_header: w_name=__cospi
[1;36mdebug: [0mc_header: parsed function __cospi with 1 params (varargs=0) at line 921
[1;36mdebug: [0mc_header: w_name=sinpi
[1;36mdebug: [0mc_header: parsed function sinpi with 1 params (varargs=0) at line 923
[1;36mdebug: [0mc_header: w_name=__sinpi
[1;36mdebug: [0mc_header: parsed function __sinpi with 1 params (varargs=0) at line 923
[1;36mdebug: [0mc_header: w_name=tanpi
[1;36mdebug: [0mc_header: parsed function tanpi with 1 params (varargs=0) at line 925
[1;36mdebug: [0mc_header: w_name=__tanpi
[1;36mdebug: [0mc_header: parsed function __tanpi with 1 params (varargs=0) at line 925
[1;36mdebug: [0mc_header: w_name=cosh
[1;36mdebug: [0mc_header: parsed function cosh with 1 params (varargs=0) at line 931
[1;36mdebug: [0mc_header: w_name=__cosh
[1;36mdebug: [0mc_header: parsed function __cosh with 1 params (varargs=0) at line 931
[1;36mdebug: [0mc_header: w_name=sinh
[1;36mdebug: [0mc_header: parsed function sinh with 1 params (varargs=0) at line 933
[1;36mdebug: [0mc_header: w_name=__sinh
[1;36mdebug: [0mc_header: parsed function __sinh with 1 params (varargs=0) at line 933
[1;36mdebug: [0mc_header: w_name=tanh
[1;36mdebug: [0mc_header: parsed function tanh with 1 params (varargs=0) at line 935
[1;36mdebug: [0mc_header: w_name=__tanh
[1;36mdebug: [0mc_header: parsed function __tanh with 1 params (varargs=0) at line 935
[1;36mdebug: [0mc_header: w_name=acosh
[1;36mdebug: [0mc_header: parsed function acosh with 1 params (varargs=0) at line 937
[1;36mdebug: [0mc_header: w_name=__acosh
[1;36mdebug: [0mc_header: parsed function __acosh with 1 params (varargs=0) at line 937
[1;36mdebug: [0mc_header: w_name=asinh
[1;36mdebug: [0mc_header: parsed function asinh with 1 params (varargs=0) at line 939
[1;36mdebug: [0mc_header: w_name=__asinh
[1;36mdebug: [0mc_header: parsed function __asinh with 1 params (varargs=0) at line 939
[1;36mdebug: [0mc_header: w_name=atanh
[1;36mdebug: [0mc_header: parsed function atanh with 1 params (varargs=0) at line 941
[1;36mdebug: [0mc_header: w_name=__atanh
[1;36mdebug: [0mc_header: parsed function __atanh with 1 params (varargs=0) at line 941
[1;36mdebug: [0mc_header: w_name=exp
[1;36mdebug: [0mc_header: parsed function exp with 1 params (varargs=0) at line 947
[1;36mdebug: [0mc_header: w_name=__exp
[1;36mdebug: [0mc_header: parsed function __exp with 1 params (varargs=0) at line 947
[1;36mdebug: [0mc_header: w_name=frexp
[1;36mdebug: [0mc_header: parsed function frexp with 2 params (varargs=0) at line 950
[1;36mdebug: [0mc_header: w_name=__frexp
[1;36mdebug: [0mc_header: parsed function __frexp with 2 params (varargs=0) at line 950
[1;36mdebug: [0mc_header: w_name=ldexp
[1;36mdebug: [0mc_header: parsed function ldexp with 2 params (varargs=0) at line 953
[1;36mdebug: [0mc_header: w_name=__ldexp
[1;36mdebug: [0mc_header: parsed function __ldexp with 2 params (varargs=0) at line 953
[1;36mdebug: [0mc_header: w_name=log
[1;36mdebug: [0mc_header: parsed function log with 1 params (varargs=0) at line 956
[1;36mdebug: [0mc_header: w_name=__log
[1;36mdebug: [0mc_header: parsed function __log with 1 params (varargs=0) at line 956
[1;36mdebug: [0mc_header: w_name=log10
[1;36mdebug: [0mc_header: parsed function log10 with 1 params (varargs=0) at line 959
[1;36mdebug: [0mc_header: w_name=__log10
[1;36mdebug: [0mc_header: parsed function __log10 with 1 params (varargs=0) at line 959
[1;36mdebug: [0mc_header: w_name=modf
[1;36mdebug: [0mc_header: parsed function modf with 2 params (varargs=0) at line 962
[1;36mdebug: [0mc_header: w_name=__modf
[1;36mdebug: [0mc_header: parsed function __modf with 2 params (varargs=0) at line 962
[1;36mdebug: [0mc_header: w_name=exp10
[1;36mdebug: [0mc_header: parsed function exp10 with 1 params (varargs=0) at line 966
[1;36mdebug: [0mc_header: w_name=__exp10
[1;36mdebug: [0mc_header: parsed function __exp10 with 1 params (varargs=0) at line 966
[1;36mdebug: [0mc_header: w_name=exp2m1
[1;36mdebug: [0mc_header: parsed function exp2m1 with 1 params (varargs=0) at line 969
[1;36mdebug: [0mc_header: w_name=__exp2m1
[1;36mdebug: [0mc_header: parsed function __exp2m1 with 1 params (varargs=0) at line 969
[1;36mdebug: [0mc_header: w_name=exp10m1
[1;36mdebug: [0mc_header: parsed function exp10m1 with 1 params (varargs=0) at line 972
[1;36mdebug: [0mc_header: w_name=__exp10m1
[1;36mdebug: [0mc_header: parsed function __exp10m1 with 1 params (varargs=0) at line 972
[1;36mdebug: [0mc_header: w_name=log2p1
[1;36mdebug: [0mc_header: parsed function log2p1 with 1 params (varargs=0) at line 975
[1;36mdebug: [0mc_header: w_name=__log2p1
[1;36mdebug: [0mc_header: parsed function __log2p1 with 1 params (varargs=0) at line 975
[1;36mdebug: [0mc_header: w_name=log10p1
[1;36mdebug: [0mc_header: parsed function log10p1 with 1 params (varargs=0) at line 978
[1;36mdebug: [0mc_header: w_name=__log10p1
[1;36mdebug: [0mc_header: parsed function __log10p1 with 1 params (varargs=0) at line 978
[1;36mdebug: [0mc_header: w_name=logp1
[1;36mdebug: [0mc_header: parsed function logp1 with 1 params (varargs=0) at line 981
[1;36mdebug: [0mc_header: w_name=__logp1
[1;36mdebug: [0mc_header: parsed function __logp1 with 1 params (varargs=0) at line 981
[1;36mdebug: [0mc_header: w_name=expm1
[1;36mdebug: [0mc_header: parsed function expm1 with 1 params (varargs=0) at line 986
[1;36mdebug: [0mc_header: w_name=__expm1
[1;36mdebug: [0mc_header: parsed function __expm1 with 1 params (varargs=0) at line 986
[1;36mdebug: [0mc_header: w_name=log1p
[1;36mdebug: [0mc_header: parsed function log1p with 1 params (varargs=0) at line 989
[1;36mdebug: [0mc_header: w_name=__log1p
[1;36mdebug: [0mc_header: parsed function __log1p with 1 params (varargs=0) at line 989
[1;36mdebug: [0mc_header: w_name=logb
[1;36mdebug: [0mc_header: parsed function logb with 1 params (varargs=0) at line 992
[1;36mdebug: [0mc_header: w_name=__logb
[1;36mdebug: [0mc_header: parsed function __logb with 1 params (varargs=0) at line 992
[1;36mdebug: [0mc_header: w_name=exp2
[1;36mdebug: [0mc_header: parsed function exp2 with 1 params (varargs=0) at line 997
[1;36mdebug: [0mc_header: w_name=__exp2
[1;36mdebug: [0mc_header: parsed function __exp2 with 1 params (varargs=0) at line 997
[1;36mdebug: [0mc_header: w_name=log2
[1;36mdebug: [0mc_header: parsed function log2 with 1 params (varargs=0) at line 1000
[1;36mdebug: [0mc_header: w_name=__log2
[1;36mdebug: [0mc_header: parsed function __log2 with 1 params (varargs=0) at line 1000
[1;36mdebug: [0mc_header: w_name=pow
[1;36mdebug: [0mc_header: parsed function pow with 2 params (varargs=0) at line 1007
[1;36mdebug: [0mc_header: w_name=__pow
[1;36mdebug: [0mc_header: parsed function __pow with 2 params (varargs=0) at line 1007
[1;36mdebug: [0mc_header: w_name=sqrt
[1;36mdebug: [0mc_header: parsed function sqrt with 1 params (varargs=0) at line 1010
[1;36mdebug: [0mc_header: w_name=__sqrt
[1;36mdebug: [0mc_header: parsed function __sqrt with 1 params (varargs=0) at line 1010
[1;36mdebug: [0mc_header: w_name=hypot
[1;36mdebug: [0mc_header: parsed function hypot with 2 params (varargs=0) at line 1014
[1;36mdebug: [0mc_header: w_name=__hypot
[1;36mdebug: [0mc_header: parsed function __hypot with 2 params (varargs=0) at line 1014
[1;36mdebug: [0mc_header: w_name=cbrt
[1;36mdebug: [0mc_header: parsed function cbrt with 1 params (varargs=0) at line 1019
[1;36mdebug: [0mc_header: w_name=__cbrt
[1;36mdebug: [0mc_header: parsed function __cbrt with 1 params (varargs=0) at line 1019
[1;36mdebug: [0mc_header: w_name=compoundn
[1;36mdebug: [0mc_header: parsed function compoundn with 2 params (varargs=0) at line 1024
[1;36mdebug: [0mc_header: w_name=__compoundn
[1;36mdebug: [0mc_header: parsed function __compoundn with 2 params (varargs=0) at line 1024
[1;36mdebug: [0mc_header: w_name=pown
[1;36mdebug: [0mc_header: parsed function pown with 2 params (varargs=0) at line 1027
[1;36mdebug: [0mc_header: w_name=__pown
[1;36mdebug: [0mc_header: parsed function __pown with 2 params (varargs=0) at line 1027
[1;36mdebug: [0mc_header: w_name=powr
[1;36mdebug: [0mc_header: parsed function powr with 2 params (varargs=0) at line 1030
[1;36mdebug: [0mc_header: w_name=__powr
[1;36mdebug: [0mc_header: parsed function __powr with 2 params (varargs=0) at line 1030
[1;36mdebug: [0mc_header: w_name=powr
[1;36mdebug: [0mc_header: parsed function powr with 2 params (varargs=0) at line 1031
[1;36mdebug: [0mc_header: w_name=__powr
[1;36mdebug: [0mc_header: parsed function __powr with 2 params (varargs=0) at line 1031
[1;36mdebug: [0mc_header: w_name=rootn
[1;36mdebug: [0mc_header: parsed function rootn with 2 params (varargs=0) at line 1034
[1;36mdebug: [0mc_header: w_name=__rootn
[1;36mdebug: [0mc_header: parsed function __rootn with 2 params (varargs=0) at line 1034
[1;36mdebug: [0mc_header: w_name=rsqrt
[1;36mdebug: [0mc_header: parsed function rsqrt with 1 params (varargs=0) at line 1037
[1;36mdebug: [0mc_header: w_name=__rsqrt
[1;36mdebug: [0mc_header: parsed function __rsqrt with 1 params (varargs=0) at line 1037
[1;36mdebug: [0mc_header: w_name=ceil
[1;36mdebug: [0mc_header: parsed function ceil with 1 params (varargs=0) at line 1044
[1;36mdebug: [0mc_header: w_name=fabs
[1;36mdebug: [0mc_header: parsed function fabs with 1 params (varargs=0) at line 1047
[1;36mdebug: [0mc_header: w_name=floor
[1;36mdebug: [0mc_header: parsed function floor with 1 params (varargs=0) at line 1050
[1;36mdebug: [0mc_header: w_name=fmod
[1;36mdebug: [0mc_header: parsed function fmod with 2 params (varargs=0) at line 1053
[1;36mdebug: [0mc_header: w_name=__fmod
[1;36mdebug: [0mc_header: parsed function __fmod with 2 params (varargs=0) at line 1053
[1;36mdebug: [0mc_header: w_name=isinf
[1;36mdebug: [0mc_header: parsed function isinf with 1 params (varargs=0) at line 1055
[1;36mdebug: [0mc_header: w_name=finite
[1;36mdebug: [0mc_header: parsed function finite with 1 params (varargs=0) at line 1061
[1;36mdebug: [0mc_header: w_name=drem
[1;36mdebug: [0mc_header: parsed function drem with 2 params (varargs=0) at line 1065
[1;36mdebug: [0mc_header: w_name=__drem
[1;36mdebug: [0mc_header: parsed function __drem with 2 params (varargs=0) at line 1065
[1;36mdebug: [0mc_header: w_name=significand
[1;36mdebug: [0mc_header: parsed function significand with 1 params (varargs=0) at line 1069
[1;36mdebug: [0mc_header: w_name=__significand
[1;36mdebug: [0mc_header: parsed function __significand with 1 params (varargs=0) at line 1069
[1;36mdebug: [0mc_header: w_name=copysign
[1;36mdebug: [0mc_header: parsed function copysign with 2 params (varargs=0) at line 1076
[1;36mdebug: [0mc_header: w_name=nan
[1;36mdebug: [0mc_header: parsed function nan with 1 params (varargs=0) at line 1081
[1;36mdebug: [0mc_header: w_name=__nan
[1;36mdebug: [0mc_header: parsed function __nan with 1 params (varargs=0) at line 1081
[1;36mdebug: [0mc_header: w_name=isnan
[1;36mdebug: [0mc_header: parsed function isnan with 1 params (varargs=0) at line 1083
[1;36mdebug: [0mc_header: w_name=j0
[1;36mdebug: [0mc_header: parsed function j0 with 1 params (varargs=0) at line 1090
[1;36mdebug: [0mc_header: w_name=__j0
[1;36mdebug: [0mc_header: parsed function __j0 with 1 params (varargs=0) at line 1090
[1;36mdebug: [0mc_header: w_name=j1
[1;36mdebug: [0mc_header: parsed function j1 with 1 params (varargs=0) at line 1091
[1;36mdebug: [0mc_header: w_name=__j1
[1;36mdebug: [0mc_header: parsed function __j1 with 1 params (varargs=0) at line 1091
[1;36mdebug: [0mc_header: w_name=jn
[1;36mdebug: [0mc_header: parsed function jn with 2 params (varargs=0) at line 1092
[1;36mdebug: [0mc_header: w_name=__jn
[1;36mdebug: [0mc_header: parsed function __jn with 2 params (varargs=0) at line 1092
[1;36mdebug: [0mc_header: w_name=y0
[1;36mdebug: [0mc_header: parsed function y0 with 1 params (varargs=0) at line 1093
[1;36mdebug: [0mc_header: w_name=__y0
[1;36mdebug: [0mc_header: parsed function __y0 with 1 params (varargs=0) at line 1093
[1;36mdebug: [0mc_header: w_name=y1
[1;36mdebug: [0mc_header: parsed function y1 with 1 params (varargs=0) at line 1094
[1;36mdebug: [0mc_header: w_name=__y1
[1;36mdebug: [0mc_header: parsed function __y1 with 1 params (varargs=0) at line 1094
[1;36mdebug: [0mc_header: w_name=yn
[1;36mdebug: [0mc_header: parsed function yn with 2 params (varargs=0) at line 1095
[1;36mdebug: [0mc_header: w_name=__yn
[1;36mdebug: [0mc_header: parsed function __yn with 2 params (varargs=0) at line 1095
[1;36mdebug: [0mc_header: w_name=erf
[1;36mdebug: [0mc_header: parsed function erf with 1 params (varargs=0) at line 1101
[1;36mdebug: [0mc_header: w_name=__erf
[1;36mdebug: [0mc_header: parsed function __erf with 1 params (varargs=0) at line 1101
[1;36mdebug: [0mc_header: w_name=erfc
[1;36mdebug: [0mc_header: parsed function erfc with 1 params (varargs=0) at line 1102
[1;36mdebug: [0mc_header: w_name=__erfc
[1;36mdebug: [0mc_header: parsed function __erfc with 1 params (varargs=0) at line 1102
[1;36mdebug: [0mc_header: w_name=lgamma
[1;36mdebug: [0mc_header: parsed function lgamma with 1 params (varargs=0) at line 1103
[1;36mdebug: [0mc_header: w_name=__lgamma
[1;36mdebug: [0mc_header: parsed function __lgamma with 1 params (varargs=0) at line 1103
[1;36mdebug: [0mc_header: w_name=tgamma
[1;36mdebug: [0mc_header: parsed function tgamma with 1 params (varargs=0) at line 1108
[1;36mdebug: [0mc_header: w_name=__tgamma
[1;36mdebug: [0mc_header: parsed function __tgamma with 1 params (varargs=0) at line 1108
[1;36mdebug: [0mc_header: w_name=gamma
[1;36mdebug: [0mc_header: parsed function gamma with 1 params (varargs=0) at line 1114
[1;36mdebug: [0mc_header: w_name=__gamma
[1;36mdebug: [0mc_header: parsed function __gamma with 1 params (varargs=0) at line 1114
[1;36mdebug: [0mc_header: w_name=lgamma_r
[1;36mdebug: [0mc_header: parsed function lgamma_r with 2 params (varargs=0) at line 1122
[1;36mdebug: [0mc_header: w_name=__lgamma_r
[1;36mdebug: [0mc_header: parsed function __lgamma_r with 2 params (varargs=0) at line 1122
[1;36mdebug: [0mc_header: w_name=rint
[1;36mdebug: [0mc_header: parsed function rint with 1 params (varargs=0) at line 1129
[1;36mdebug: [0mc_header: w_name=__rint
[1;36mdebug: [0mc_header: parsed function __rint with 1 params (varargs=0) at line 1129
[1;36mdebug: [0mc_header: w_name=nextafter
[1;36mdebug: [0mc_header: parsed function nextafter with 2 params (varargs=0) at line 1132
[1;36mdebug: [0mc_header: w_name=__nextafter
[1;36mdebug: [0mc_header: parsed function __nextafter with 2 params (varargs=0) at line 1132
[1;36mdebug: [0mc_header: w_name=nexttoward
[1;36mdebug: [0mc_header: parsed function nexttoward with 2 params (varargs=0) at line 1134
[1;36mdebug: [0mc_header: w_name=__nexttoward
[1;36mdebug: [0mc_header: parsed function __nexttoward with 2 params (varargs=0) at line 1134
[1;36mdebug: [0mc_header: w_name=nextdown
[1;36mdebug: [0mc_header: parsed function nextdown with 1 params (varargs=0) at line 1139
[1;36mdebug: [0mc_header: w_name=__nextdown
[1;36mdebug: [0mc_header: parsed function __nextdown with 1 params (varargs=0) at line 1139
[1;36mdebug: [0mc_header: w_name=nextup
[1;36mdebug: [0mc_header: parsed function nextup with 1 params (varargs=0) at line 1141
[1;36mdebug: [0mc_header: w_name=__nextup
[1;36mdebug: [0mc_header: parsed function __nextup with 1 params (varargs=0) at line 1141
[1;36mdebug: [0mc_header: w_name=remainder
[1;36mdebug: [0mc_header: parsed function remainder with 2 params (varargs=0) at line 1145
[1;36mdebug: [0mc_header: w_name=__remainder
[1;36mdebug: [0mc_header: parsed function __remainder with 2 params (varargs=0) at line 1145
[1;36mdebug: [0mc_header: w_name=scalbn
[1;36mdebug: [0mc_header: parsed function scalbn with 2 params (varargs=0) at line 1149
[1;36mdebug: [0mc_header: w_name=__scalbn
[1;36mdebug: [0mc_header: parsed function __scalbn with 2 params (varargs=0) at line 1149
[1;36mdebug: [0mc_header: w_name=ilogb
[1;36mdebug: [0mc_header: parsed function ilogb with 1 params (varargs=0) at line 1153
[1;36mdebug: [0mc_header: w_name=__ilogb
[1;36mdebug: [0mc_header: parsed function __ilogb with 1 params (varargs=0) at line 1153
[1;36mdebug: [0mc_header: w_name=llogb
[1;36mdebug: [0mc_header: parsed function llogb with 1 params (varargs=0) at line 1158
[1;36mdebug: [0mc_header: w_name=__llogb
[1;36mdebug: [0mc_header: parsed function __llogb with 1 params (varargs=0) at line 1158
[1;36mdebug: [0mc_header: w_name=scalbln
[1;36mdebug: [0mc_header: parsed function scalbln with 2 params (varargs=0) at line 1163
[1;36mdebug: [0mc_header: w_name=__scalbln
[1;36mdebug: [0mc_header: parsed function __scalbln with 2 params (varargs=0) at line 1163
[1;36mdebug: [0mc_header: w_name=nearbyint
[1;36mdebug: [0mc_header: parsed function nearbyint with 1 params (varargs=0) at line 1167
[1;36mdebug: [0mc_header: w_name=__nearbyint
[1;36mdebug: [0mc_header: parsed function __nearbyint with 1 params (varargs=0) at line 1167
[1;36mdebug: [0mc_header: w_name=round
[1;36mdebug: [0mc_header: parsed function round with 1 params (varargs=0) at line 1171
[1;36mdebug: [0mc_header: w_name=trunc
[1;36mdebug: [0mc_header: parsed function trunc with 1 params (varargs=0) at line 1175
[1;36mdebug: [0mc_header: w_name=remquo
[1;36mdebug: [0mc_header: parsed function remquo with 3 params (varargs=0) at line 1180
[1;36mdebug: [0mc_header: w_name=__remquo
[1;36mdebug: [0mc_header: parsed function __remquo with 3 params (varargs=0) at line 1180
[1;36mdebug: [0mc_header: w_name=lrint
[1;36mdebug: [0mc_header: parsed function lrint with 1 params (varargs=0) at line 1187
[1;36mdebug: [0mc_header: w_name=__lrint
[1;36mdebug: [0mc_header: parsed function __lrint with 1 params (varargs=0) at line 1187
[1;36mdebug: [0mc_header: w_name=llrint
[1;36mdebug: [0mc_header: parsed function llrint with 1 params (varargs=0) at line 1189
[1;36mdebug: [0mc_header: w_name=__llrint
[1;36mdebug: [0mc_header: parsed function __llrint with 1 params (varargs=0) at line 1189
[1;36mdebug: [0mc_header: w_name=lround
[1;36mdebug: [0mc_header: parsed function lround with 1 params (varargs=0) at line 1193
[1;36mdebug: [0mc_header: w_name=__lround
[1;36mdebug: [0mc_header: parsed function __lround with 1 params (varargs=0) at line 1193
[1;36mdebug: [0mc_header: w_name=llround
[1;36mdebug: [0mc_header: parsed function llround with 1 params (varargs=0) at line 1195
[1;36mdebug: [0mc_header: w_name=__llround
[1;36mdebug: [0mc_header: parsed function __llround with 1 params (varargs=0) at line 1195
[1;36mdebug: [0mc_header: w_name=fdim
[1;36mdebug: [0mc_header: parsed function fdim with 2 params (varargs=0) at line 1199
[1;36mdebug: [0mc_header: w_name=__fdim
[1;36mdebug: [0mc_header: parsed function __fdim with 2 params (varargs=0) at line 1199
[1;36mdebug: [0mc_header: w_name=fmax
[1;36mdebug: [0mc_header: parsed function fmax with 2 params (varargs=0) at line 1203
[1;36mdebug: [0mc_header: w_name=fmin
[1;36mdebug: [0mc_header: parsed function fmin with 2 params (varargs=0) at line 1206
[1;36mdebug: [0mc_header: w_name=fma
[1;36mdebug: [0mc_header: parsed function fma with 3 params (varargs=0) at line 1210
[1;36mdebug: [0mc_header: w_name=__fma
[1;36mdebug: [0mc_header: parsed function __fma with 3 params (varargs=0) at line 1210
[1;36mdebug: [0mc_header: w_name=roundeven
[1;36mdebug: [0mc_header: parsed function roundeven with 1 params (varargs=0) at line 1215
[1;36mdebug: [0mc_header: w_name=fromfp
[1;36mdebug: [0mc_header: parsed function fromfp with 3 params (varargs=0) at line 1219
[1;36mdebug: [0mc_header: w_name=__fromfp
[1;36mdebug: [0mc_header: parsed function __fromfp with 3 params (varargs=0) at line 1219
[1;36mdebug: [0mc_header: w_name=ufromfp
[1;36mdebug: [0mc_header: parsed function ufromfp with 3 params (varargs=0) at line 1223
[1;36mdebug: [0mc_header: w_name=__ufromfp
[1;36mdebug: [0mc_header: parsed function __ufromfp with 3 params (varargs=0) at line 1223
[1;36mdebug: [0mc_header: w_name=fromfpx
[1;36mdebug: [0mc_header: parsed function fromfpx with 3 params (varargs=0) at line 1228
[1;36mdebug: [0mc_header: w_name=__fromfpx
[1;36mdebug: [0mc_header: parsed function __fromfpx with 3 params (varargs=0) at line 1228
[1;36mdebug: [0mc_header: w_name=ufromfpx
[1;36mdebug: [0mc_header: parsed function ufromfpx with 3 params (varargs=0) at line 1233
[1;36mdebug: [0mc_header: w_name=__ufromfpx
[1;36mdebug: [0mc_header: parsed function __ufromfpx with 3 params (varargs=0) at line 1233
[1;36mdebug: [0mc_header: w_name=canonicalize
[1;36mdebug: [0mc_header: parsed function canonicalize with 2 params (varargs=0) at line 1236
[1;36mdebug: [0mc_header: w_name=fmaximum
[1;36mdebug: [0mc_header: parsed function fmaximum with 2 params (varargs=0) at line 1238
[1;36mdebug: [0mc_header: w_name=fminimum
[1;36mdebug: [0mc_header: parsed function fminimum with 2 params (varargs=0) at line 1241
[1;36mdebug: [0mc_header: w_name=fmaximum_num
[1;36mdebug: [0mc_header: parsed function fmaximum_num with 2 params (varargs=0) at line 1244
[1;36mdebug: [0mc_header: w_name=fminimum_num
[1;36mdebug: [0mc_header: parsed function fminimum_num with 2 params (varargs=0) at line 1247
[1;36mdebug: [0mc_header: w_name=fmaximum_mag
[1;36mdebug: [0mc_header: parsed function fmaximum_mag with 2 params (varargs=0) at line 1250
[1;36mdebug: [0mc_header: w_name=fminimum_mag
[1;36mdebug: [0mc_header: parsed function fminimum_mag with 2 params (varargs=0) at line 1253
[1;36mdebug: [0mc_header: w_name=fmaximum_mag_num
[1;36mdebug: [0mc_header: parsed function fmaximum_mag_num with 2 params (varargs=0) at line 1256
[1;36mdebug: [0mc_header: w_name=fminimum_mag_num
[1;36mdebug: [0mc_header: parsed function fminimum_mag_num with 2 params (varargs=0) at line 1259
[1;36mdebug: [0mc_header: w_name=scalb
[1;36mdebug: [0mc_header: parsed function scalb with 2 params (varargs=0) at line 1261
[1;36mdebug: [0mc_header: w_name=__scalb
[1;36mdebug: [0mc_header: parsed function __scalb with 2 params (varargs=0) at line 1261
[1;36mdebug: [0mc_header: w_name=__fpclassifyf
[1;36mdebug: [0mc_header: parsed function __fpclassifyf with 1 params (varargs=0) at line 1266
[1;36mdebug: [0mc_header: w_name=__signbitf
[1;36mdebug: [0mc_header: parsed function __signbitf with 1 params (varargs=0) at line 1270
[1;36mdebug: [0mc_header: w_name=__isinff
[1;36mdebug: [0mc_header: parsed function __isinff with 1 params (varargs=0) at line 1275
[1;36mdebug: [0mc_header: w_name=__finitef
[1;36mdebug: [0mc_header: parsed function __finitef with 1 params (varargs=0) at line 1279
[1;36mdebug: [0mc_header: w_name=__isnanf
[1;36mdebug: [0mc_header: parsed function __isnanf with 1 params (varargs=0) at line 1283
[1;36mdebug: [0mc_header: w_name=__iseqsigf
[1;36mdebug: [0mc_header: parsed function __iseqsigf with 2 params (varargs=0) at line 1287
[1;36mdebug: [0mc_header: w_name=__issignalingf
[1;36mdebug: [0mc_header: parsed function __issignalingf with 1 params (varargs=0) at line 1290
[1;36mdebug: [0mc_header: w_name=acosf
[1;36mdebug: [0mc_header: parsed function acosf with 1 params (varargs=0) at line 1295
[1;36mdebug: [0mc_header: w_name=__acosf
[1;36mdebug: [0mc_header: parsed function __acosf with 1 params (varargs=0) at line 1295
[1;36mdebug: [0mc_header: w_name=asinf
[1;36mdebug: [0mc_header: parsed function asinf with 1 params (varargs=0) at line 1297
[1;36mdebug: [0mc_header: w_name=__asinf
[1;36mdebug: [0mc_header: parsed function __asinf with 1 params (varargs=0) at line 1297
[1;36mdebug: [0mc_header: w_name=atanf
[1;36mdebug: [0mc_header: parsed function atanf with 1 params (varargs=0) at line 1299
[1;36mdebug: [0mc_header: w_name=__atanf
[1;36mdebug: [0mc_header: parsed function __atanf with 1 params (varargs=0) at line 1299
[1;36mdebug: [0mc_header: w_name=atan2f
[1;36mdebug: [0mc_header: parsed function atan2f with 2 params (varargs=0) at line 1301
[1;36mdebug: [0mc_header: w_name=__atan2f
[1;36mdebug: [0mc_header: parsed function __atan2f with 2 params (varargs=0) at line 1301
[1;36mdebug: [0mc_header: w_name=cosf
[1;36mdebug: [0mc_header: parsed function cosf with 1 params (varargs=0) at line 1304
[1;36mdebug: [0mc_header: w_name=__cosf
[1;36mdebug: [0mc_header: parsed function __cosf with 1 params (varargs=0) at line 1304
[1;36mdebug: [0mc_header: w_name=sinf
[1;36mdebug: [0mc_header: parsed function sinf with 1 params (varargs=0) at line 1306
[1;36mdebug: [0mc_header: w_name=__sinf
[1;36mdebug: [0mc_header: parsed function __sinf with 1 params (varargs=0) at line 1306
[1;36mdebug: [0mc_header: w_name=tanf
[1;36mdebug: [0mc_header: parsed function tanf with 1 params (varargs=0) at line 1308
[1;36mdebug: [0mc_header: w_name=__tanf
[1;36mdebug: [0mc_header: parsed function __tanf with 1 params (varargs=0) at line 1308
[1;36mdebug: [0mc_header: w_name=acospif
[1;36mdebug: [0mc_header: parsed function acospif with 1 params (varargs=0) at line 1312
[1;36mdebug: [0mc_header: w_name=__acospif
[1;36mdebug: [0mc_header: parsed function __acospif with 1 params (varargs=0) at line 1312
[1;36mdebug: [0mc_header: w_name=acospif
[1;36mdebug: [0mc_header: parsed function acospif with 1 params (varargs=0) at line 1313
[1;36mdebug: [0mc_header: w_name=__acospif
[1;36mdebug: [0mc_header: parsed function __acospif with 1 params (varargs=0) at line 1313
[1;36mdebug: [0mc_header: w_name=asinpif
[1;36mdebug: [0mc_header: parsed function asinpif with 1 params (varargs=0) at line 1315
[1;36mdebug: [0mc_header: w_name=__asinpif
[1;36mdebug: [0mc_header: parsed function __asinpif with 1 params (varargs=0) at line 1315
[1;36mdebug: [0mc_header: w_name=asinpif
[1;36mdebug: [0mc_header: parsed function asinpif with 1 params (varargs=0) at line 1316
[1;36mdebug: [0mc_header: w_name=__asinpif
[1;36mdebug: [0mc_header: parsed function __asinpif with 1 params (varargs=0) at line 1316
[1;36mdebug: [0mc_header: w_name=atanpif
[1;36mdebug: [0mc_header: parsed function atanpif with 1 params (varargs=0) at line 1318
[1;36mdebug: [0mc_header: w_name=__atanpif
[1;36mdebug: [0mc_header: parsed function __atanpif with 1 params (varargs=0) at line 1318
[1;36mdebug: [0mc_header: w_name=atanpif
[1;36mdebug: [0mc_header: parsed function atanpif with 1 params (varargs=0) at line 1319
[1;36mdebug: [0mc_header: w_name=__atanpif
[1;36mdebug: [0mc_header: parsed function __atanpif with 1 params (varargs=0) at line 1319
[1;36mdebug: [0mc_header: w_name=atan2pif
[1;36mdebug: [0mc_header: parsed function atan2pif with 2 params (varargs=0) at line 1321
[1;36mdebug: [0mc_header: w_name=__atan2pif
[1;36mdebug: [0mc_header: parsed function __atan2pif with 2 params (varargs=0) at line 1321
[1;36mdebug: [0mc_header: w_name=atan2pif
[1;36mdebug: [0mc_header: parsed function atan2pif with 2 params (varargs=0) at line 1322
[1;36mdebug: [0mc_header: w_name=__atan2pif
[1;36mdebug: [0mc_header: parsed function __atan2pif with 2 params (varargs=0) at line 1322
[1;36mdebug: [0mc_header: w_name=cospif
[1;36mdebug: [0mc_header: parsed function cospif with 1 params (varargs=0) at line 1325
[1;36mdebug: [0mc_header: w_name=__cospif
[1;36mdebug: [0mc_header: parsed function __cospif with 1 params (varargs=0) at line 1325
[1;36mdebug: [0mc_header: w_name=sinpif
[1;36mdebug: [0mc_header: parsed function sinpif with 1 params (varargs=0) at line 1327
[1;36mdebug: [0mc_header: w_name=__sinpif
[1;36mdebug: [0mc_header: parsed function __sinpif with 1 params (varargs=0) at line 1327
[1;36mdebug: [0mc_header: w_name=tanpif
[1;36mdebug: [0mc_header: parsed function tanpif with 1 params (varargs=0) at line 1329
[1;36mdebug: [0mc_header: w_name=__tanpif
[1;36mdebug: [0mc_header: parsed function __tanpif with 1 params (varargs=0) at line 1329
[1;36mdebug: [0mc_header: w_name=coshf
[1;36mdebug: [0mc_header: parsed function coshf with 1 params (varargs=0) at line 1335
[1;36mdebug: [0mc_header: w_name=__coshf
[1;36mdebug: [0mc_header: parsed function __coshf with 1 params (varargs=0) at line 1335
[1;36mdebug: [0mc_header: w_name=sinhf
[1;36mdebug: [0mc_header: parsed function sinhf with 1 params (varargs=0) at line 1337
[1;36mdebug: [0mc_header: w_name=__sinhf
[1;36mdebug: [0mc_header: parsed function __sinhf with 1 params (varargs=0) at line 1337
[1;36mdebug: [0mc_header: w_name=tanhf
[1;36mdebug: [0mc_header: parsed function tanhf with 1 params (varargs=0) at line 1339
[1;36mdebug: [0mc_header: w_name=__tanhf
[1;36mdebug: [0mc_header: parsed function __tanhf with 1 params (varargs=0) at line 1339
[1;36mdebug: [0mc_header: w_name=acoshf
[1;36mdebug: [0mc_header: parsed function acoshf with 1 params (varargs=0) at line 1341
[1;36mdebug: [0mc_header: w_name=__acoshf
[1;36mdebug: [0mc_header: parsed function __acoshf with 1 params (varargs=0) at line 1341
[1;36mdebug: [0mc_header: w_name=asinhf
[1;36mdebug: [0mc_header: parsed function asinhf with 1 params (varargs=0) at line 1343
[1;36mdebug: [0mc_header: w_name=__asinhf
[1;36mdebug: [0mc_header: parsed function __asinhf with 1 params (varargs=0) at line 1343
[1;36mdebug: [0mc_header: w_name=atanhf
[1;36mdebug: [0mc_header: parsed function atanhf with 1 params (varargs=0) at line 1345
[1;36mdebug: [0mc_header: w_name=__atanhf
[1;36mdebug: [0mc_header: parsed function __atanhf with 1 params (varargs=0) at line 1345
[1;36mdebug: [0mc_header: w_name=expf
[1;36mdebug: [0mc_header: parsed function expf with 1 params (varargs=0) at line 1351
[1;36mdebug: [0mc_header: w_name=__expf
[1;36mdebug: [0mc_header: parsed function __expf with 1 params (varargs=0) at line 1351
[1;36mdebug: [0mc_header: w_name=frexpf
[1;36mdebug: [0mc_header: parsed function frexpf with 2 params (varargs=0) at line 1354
[1;36mdebug: [0mc_header: w_name=__frexpf
[1;36mdebug: [0mc_header: parsed function __frexpf with 2 params (varargs=0) at line 1354
[1;36mdebug: [0mc_header: w_name=ldexpf
[1;36mdebug: [0mc_header: parsed function ldexpf with 2 params (varargs=0) at line 1357
[1;36mdebug: [0mc_header: w_name=__ldexpf
[1;36mdebug: [0mc_header: parsed function __ldexpf with 2 params (varargs=0) at line 1357
[1;36mdebug: [0mc_header: w_name=logf
[1;36mdebug: [0mc_header: parsed function logf with 1 params (varargs=0) at line 1360
[1;36mdebug: [0mc_header: w_name=__logf
[1;36mdebug: [0mc_header: parsed function __logf with 1 params (varargs=0) at line 1360
[1;36mdebug: [0mc_header: w_name=log10f
[1;36mdebug: [0mc_header: parsed function log10f with 1 params (varargs=0) at line 1363
[1;36mdebug: [0mc_header: w_name=__log10f
[1;36mdebug: [0mc_header: parsed function __log10f with 1 params (varargs=0) at line 1363
[1;36mdebug: [0mc_header: w_name=modff
[1;36mdebug: [0mc_header: parsed function modff with 2 params (varargs=0) at line 1366
[1;36mdebug: [0mc_header: w_name=__modff
[1;36mdebug: [0mc_header: parsed function __modff with 2 params (varargs=0) at line 1366
[1;36mdebug: [0mc_header: w_name=exp10f
[1;36mdebug: [0mc_header: parsed function exp10f with 1 params (varargs=0) at line 1370
[1;36mdebug: [0mc_header: w_name=__exp10f
[1;36mdebug: [0mc_header: parsed function __exp10f with 1 params (varargs=0) at line 1370
[1;36mdebug: [0mc_header: w_name=exp2m1f
[1;36mdebug: [0mc_header: parsed function exp2m1f with 1 params (varargs=0) at line 1373
[1;36mdebug: [0mc_header: w_name=__exp2m1f
[1;36mdebug: [0mc_header: parsed function __exp2m1f with 1 params (varargs=0) at line 1373
[1;36mdebug: [0mc_header: w_name=exp10m1f
[1;36mdebug: [0mc_header: parsed function exp10m1f with 1 params (varargs=0) at line 1376
[1;36mdebug: [0mc_header: w_name=__exp10m1f
[1;36mdebug: [0mc_header: parsed function __exp10m1f with 1 params (varargs=0) at line 1376
[1;36mdebug: [0mc_header: w_name=log2p1f
[1;36mdebug: [0mc_header: parsed function log2p1f with 1 params (varargs=0) at line 1379
[1;36mdebug: [0mc_header: w_name=__log2p1f
[1;36mdebug: [0mc_header: parsed function __log2p1f with 1 params (varargs=0) at line 1379
[1;36mdebug: [0mc_header: w_name=log10p1f
[1;36mdebug: [0mc_header: parsed function log10p1f with 1 params (varargs=0) at line 1382
[1;36mdebug: [0mc_header: w_name=__log10p1f
[1;36mdebug: [0mc_header: parsed function __log10p1f with 1 params (varargs=0) at line 1382
[1;36mdebug: [0mc_header: w_name=logp1f
[1;36mdebug: [0mc_header: parsed function logp1f with 1 params (varargs=0) at line 1385
[1;36mdebug: [0mc_header: w_name=__logp1f
[1;36mdebug: [0mc_header: parsed function __logp1f with 1 params (varargs=0) at line 1385
[1;36mdebug: [0mc_header: w_name=expm1f
[1;36mdebug: [0mc_header: parsed function expm1f with 1 params (varargs=0) at line 1390
[1;36mdebug: [0mc_header: w_name=__expm1f
[1;36mdebug: [0mc_header: parsed function __expm1f with 1 params (varargs=0) at line 1390
[1;36mdebug: [0mc_header: w_name=log1pf
[1;36mdebug: [0mc_header: parsed function log1pf with 1 params (varargs=0) at line 1393
[1;36mdebug: [0mc_header: w_name=__log1pf
[1;36mdebug: [0mc_header: parsed function __log1pf with 1 params (varargs=0) at line 1393
[1;36mdebug: [0mc_header: w_name=logbf
[1;36mdebug: [0mc_header: parsed function logbf with 1 params (varargs=0) at line 1396
[1;36mdebug: [0mc_header: w_name=__logbf
[1;36mdebug: [0mc_header: parsed function __logbf with 1 params (varargs=0) at line 1396
[1;36mdebug: [0mc_header: w_name=exp2f
[1;36mdebug: [0mc_header: parsed function exp2f with 1 params (varargs=0) at line 1401
[1;36mdebug: [0mc_header: w_name=__exp2f
[1;36mdebug: [0mc_header: parsed function __exp2f with 1 params (varargs=0) at line 1401
[1;36mdebug: [0mc_header: w_name=log2f
[1;36mdebug: [0mc_header: parsed function log2f with 1 params (varargs=0) at line 1404
[1;36mdebug: [0mc_header: w_name=__log2f
[1;36mdebug: [0mc_header: parsed function __log2f with 1 params (varargs=0) at line 1404
[1;36mdebug: [0mc_header: w_name=powf
[1;36mdebug: [0mc_header: parsed function powf with 2 params (varargs=0) at line 1411
[1;36mdebug: [0mc_header: w_name=__powf
[1;36mdebug: [0mc_header: parsed function __powf with 2 params (varargs=0) at line 1411
[1;36mdebug: [0mc_header: w_name=sqrtf
[1;36mdebug: [0mc_header: parsed function sqrtf with 1 params (varargs=0) at line 1414
[1;36mdebug: [0mc_header: w_name=__sqrtf
[1;36mdebug: [0mc_header: parsed function __sqrtf with 1 params (varargs=0) at line 1414
[1;36mdebug: [0mc_header: w_name=hypotf
[1;36mdebug: [0mc_header: parsed function hypotf with 2 params (varargs=0) at line 1418
[1;36mdebug: [0mc_header: w_name=__hypotf
[1;36mdebug: [0mc_header: parsed function __hypotf with 2 params (varargs=0) at line 1418
[1;36mdebug: [0mc_header: w_name=cbrtf
[1;36mdebug: [0mc_header: parsed function cbrtf with 1 params (varargs=0) at line 1423
[1;36mdebug: [0mc_header: w_name=__cbrtf
[1;36mdebug: [0mc_header: parsed function __cbrtf with 1 params (varargs=0) at line 1423
[1;36mdebug: [0mc_header: w_name=compoundnf
[1;36mdebug: [0mc_header: parsed function compoundnf with 2 params (varargs=0) at line 1428
[1;36mdebug: [0mc_header: w_name=__compoundnf
[1;36mdebug: [0mc_header: parsed function __compoundnf with 2 params (varargs=0) at line 1428
[1;36mdebug: [0mc_header: w_name=pownf
[1;36mdebug: [0mc_header: parsed function pownf with 2 params (varargs=0) at line 1431
[1;36mdebug: [0mc_header: w_name=__pownf
[1;36mdebug: [0mc_header: parsed function __pownf with 2 params (varargs=0) at line 1431
[1;36mdebug: [0mc_header: w_name=powrf
[1;36mdebug: [0mc_header: parsed function powrf with 2 params (varargs=0) at line 1434
[1;36mdebug: [0mc_header: w_name=__powrf
[1;36mdebug: [0mc_header: parsed function __powrf with 2 params (varargs=0) at line 1434
[1;36mdebug: [0mc_header: w_name=powrf
[1;36mdebug: [0mc_header: parsed function powrf with 2 params (varargs=0) at line 1435
[1;36mdebug: [0mc_header: w_name=__powrf
[1;36mdebug: [0mc_header: parsed function __powrf with 2 params (varargs=0) at line 1435
[1;36mdebug: [0mc_header: w_name=rootnf
[1;36mdebug: [0mc_header: parsed function rootnf with 2 params (varargs=0) at line 1438
[1;36mdebug: [0mc_header: w_name=__rootnf
[1;36mdebug: [0mc_header: parsed function __rootnf with 2 params (varargs=0) at line 1438
[1;36mdebug: [0mc_header: w_name=rsqrtf
[1;36mdebug: [0mc_header: parsed function rsqrtf with 1 params (varargs=0) at line 1441
[1;36mdebug: [0mc_header: w_name=__rsqrtf
[1;36mdebug: [0mc_header: parsed function __rsqrtf with 1 params (varargs=0) at line 1441
[1;36mdebug: [0mc_header: w_name=ceilf
[1;36mdebug: [0mc_header: parsed function ceilf with 1 params (varargs=0) at line 1448
[1;36mdebug: [0mc_header: w_name=fabsf
[1;36mdebug: [0mc_header: parsed function fabsf with 1 params (varargs=0) at line 1451
[1;36mdebug: [0mc_header: w_name=floorf
[1;36mdebug: [0mc_header: parsed function floorf with 1 params (varargs=0) at line 1454
[1;36mdebug: [0mc_header: w_name=fmodf
[1;36mdebug: [0mc_header: parsed function fmodf with 2 params (varargs=0) at line 1457
[1;36mdebug: [0mc_header: w_name=__fmodf
[1;36mdebug: [0mc_header: parsed function __fmodf with 2 params (varargs=0) at line 1457
[1;36mdebug: [0mc_header: w_name=isinff
[1;36mdebug: [0mc_header: parsed function isinff with 1 params (varargs=0) at line 1459
[1;36mdebug: [0mc_header: w_name=finitef
[1;36mdebug: [0mc_header: parsed function finitef with 1 params (varargs=0) at line 1465
[1;36mdebug: [0mc_header: w_name=dremf
[1;36mdebug: [0mc_header: parsed function dremf with 2 params (varargs=0) at line 1469
[1;36mdebug: [0mc_header: w_name=__dremf
[1;36mdebug: [0mc_header: parsed function __dremf with 2 params (varargs=0) at line 1469
[1;36mdebug: [0mc_header: w_name=significandf
[1;36mdebug: [0mc_header: parsed function significandf with 1 params (varargs=0) at line 1473
[1;36mdebug: [0mc_header: w_name=__significandf
[1;36mdebug: [0mc_header: parsed function __significandf with 1 params (varargs=0) at line 1473
[1;36mdebug: [0mc_header: w_name=copysignf
[1;36mdebug: [0mc_header: parsed function copysignf with 2 params (varargs=0) at line 1480
[1;36mdebug: [0mc_header: w_name=nanf
[1;36mdebug: [0mc_header: parsed function nanf with 1 params (varargs=0) at line 1485
[1;36mdebug: [0mc_header: w_name=__nanf
[1;36mdebug: [0mc_header: parsed function __nanf with 1 params (varargs=0) at line 1485
[1;36mdebug: [0mc_header: w_name=isnanf
[1;36mdebug: [0mc_header: parsed function isnanf with 1 params (varargs=0) at line 1487
[1;36mdebug: [0mc_header: w_name=j0f
[1;36mdebug: [0mc_header: parsed function j0f with 1 params (varargs=0) at line 1494
[1;36mdebug: [0mc_header: w_name=__j0f
[1;36mdebug: [0mc_header: parsed function __j0f with 1 params (varargs=0) at line 1494
[1;36mdebug: [0mc_header: w_name=j1f
[1;36mdebug: [0mc_header: parsed function j1f with 1 params (varargs=0) at line 1495
[1;36mdebug: [0mc_header: w_name=__j1f
[1;36mdebug: [0mc_header: parsed function __j1f with 1 params (varargs=0) at line 1495
[1;36mdebug: [0mc_header: w_name=jnf
[1;36mdebug: [0mc_header: parsed function jnf with 2 params (varargs=0) at line 1496
[1;36mdebug: [0mc_header: w_name=__jnf
[1;36mdebug: [0mc_header: parsed function __jnf with 2 params (varargs=0) at line 1496
[1;36mdebug: [0mc_header: w_name=y0f
[1;36mdebug: [0mc_header: parsed function y0f with 1 params (varargs=0) at line 1497
[1;36mdebug: [0mc_header: w_name=__y0f
[1;36mdebug: [0mc_header: parsed function __y0f with 1 params (varargs=0) at line 1497
[1;36mdebug: [0mc_header: w_name=y1f
[1;36mdebug: [0mc_header: parsed function y1f with 1 params (varargs=0) at line 1498
[1;36mdebug: [0mc_header: w_name=__y1f
[1;36mdebug: [0mc_header: parsed function __y1f with 1 params (varargs=0) at line 1498
[1;36mdebug: [0mc_header: w_name=ynf
[1;36mdebug: [0mc_header: parsed function ynf with 2 params (varargs=0) at line 1499
[1;36mdebug: [0mc_header: w_name=__ynf
[1;36mdebug: [0mc_header: parsed function __ynf with 2 params (varargs=0) at line 1499
[1;36mdebug: [0mc_header: w_name=erff
[1;36mdebug: [0mc_header: parsed function erff with 1 params (varargs=0) at line 1505
[1;36mdebug: [0mc_header: w_name=__erff
[1;36mdebug: [0mc_header: parsed function __erff with 1 params (varargs=0) at line 1505
[1;36mdebug: [0mc_header: w_name=erfcf
[1;36mdebug: [0mc_header: parsed function erfcf with 1 params (varargs=0) at line 1506
[1;36mdebug: [0mc_header: w_name=__erfcf
[1;36mdebug: [0mc_header: parsed function __erfcf with 1 params (varargs=0) at line 1506
[1;36mdebug: [0mc_header: w_name=lgammaf
[1;36mdebug: [0mc_header: parsed function lgammaf with 1 params (varargs=0) at line 1507
[1;36mdebug: [0mc_header: w_name=__lgammaf
[1;36mdebug: [0mc_header: parsed function __lgammaf with 1 params (varargs=0) at line 1507
[1;36mdebug: [0mc_header: w_name=tgammaf
[1;36mdebug: [0mc_header: parsed function tgammaf with 1 params (varargs=0) at line 1512
[1;36mdebug: [0mc_header: w_name=__tgammaf
[1;36mdebug: [0mc_header: parsed function __tgammaf with 1 params (varargs=0) at line 1512
[1;36mdebug: [0mc_header: w_name=gammaf
[1;36mdebug: [0mc_header: parsed function gammaf with 1 params (varargs=0) at line 1518
[1;36mdebug: [0mc_header: w_name=__gammaf
[1;36mdebug: [0mc_header: parsed function __gammaf with 1 params (varargs=0) at line 1518
[1;36mdebug: [0mc_header: w_name=lgammaf_r
[1;36mdebug: [0mc_header: parsed function lgammaf_r with 2 params (varargs=0) at line 1526
[1;36mdebug: [0mc_header: w_name=__lgammaf_r
[1;36mdebug: [0mc_header: parsed function __lgammaf_r with 2 params (varargs=0) at line 1526
[1;36mdebug: [0mc_header: w_name=rintf
[1;36mdebug: [0mc_header: parsed function rintf with 1 params (varargs=0) at line 1533
[1;36mdebug: [0mc_header: w_name=__rintf
[1;36mdebug: [0mc_header: parsed function __rintf with 1 params (varargs=0) at line 1533
[1;36mdebug: [0mc_header: w_name=nextafterf
[1;36mdebug: [0mc_header: parsed function nextafterf with 2 params (varargs=0) at line 1536
[1;36mdebug: [0mc_header: w_name=__nextafterf
[1;36mdebug: [0mc_header: parsed function __nextafterf with 2 params (varargs=0) at line 1536
[1;36mdebug: [0mc_header: w_name=nexttowardf
[1;36mdebug: [0mc_header: parsed function nexttowardf with 2 params (varargs=0) at line 1538
[1;36mdebug: [0mc_header: w_name=__nexttowardf
[1;36mdebug: [0mc_header: parsed function __nexttowardf with 2 params (varargs=0) at line 1538
[1;36mdebug: [0mc_header: w_name=nextdownf
[1;36mdebug: [0mc_header: parsed function nextdownf with 1 params (varargs=0) at line 1543
[1;36mdebug: [0mc_header: w_name=__nextdownf
[1;36mdebug: [0mc_header: parsed function __nextdownf with 1 params (varargs=0) at line 1543
[1;36mdebug: [0mc_header: w_name=nextupf
[1;36mdebug: [0mc_header: parsed function nextupf with 1 params (varargs=0) at line 1545
[1;36mdebug: [0mc_header: w_name=__nextupf
[1;36mdebug: [0mc_header: parsed function __nextupf with 1 params (varargs=0) at line 1545
[1;36mdebug: [0mc_header: w_name=remainderf
[1;36mdebug: [0mc_header: parsed function remainderf with 2 params (varargs=0) at line 1549
[1;36mdebug: [0mc_header: w_name=__remainderf
[1;36mdebug: [0mc_header: parsed function __remainderf with 2 params (varargs=0) at line 1549
[1;36mdebug: [0mc_header: w_name=scalbnf
[1;36mdebug: [0mc_header: parsed function scalbnf with 2 params (varargs=0) at line 1553
[1;36mdebug: [0mc_header: w_name=__scalbnf
[1;36mdebug: [0mc_header: parsed function __scalbnf with 2 params (varargs=0) at line 1553
[1;36mdebug: [0mc_header: w_name=ilogbf
[1;36mdebug: [0mc_header: parsed function ilogbf with 1 params (varargs=0) at line 1557
[1;36mdebug: [0mc_header: w_name=__ilogbf
[1;36mdebug: [0mc_header: parsed function __ilogbf with 1 params (varargs=0) at line 1557
[1;36mdebug: [0mc_header: w_name=llogbf
[1;36mdebug: [0mc_header: parsed function llogbf with 1 params (varargs=0) at line 1562
[1;36mdebug: [0mc_header: w_name=__llogbf
[1;36mdebug: [0mc_header: parsed function __llogbf with 1 params (varargs=0) at line 1562
[1;36mdebug: [0mc_header: w_name=scalblnf
[1;36mdebug: [0mc_header: parsed function scalblnf with 2 params (varargs=0) at line 1567
[1;36mdebug: [0mc_header: w_name=__scalblnf
[1;36mdebug: [0mc_header: parsed function __scalblnf with 2 params (varargs=0) at line 1567
[1;36mdebug: [0mc_header: w_name=nearbyintf
[1;36mdebug: [0mc_header: parsed function nearbyintf with 1 params (varargs=0) at line 1571
[1;36mdebug: [0mc_header: w_name=__nearbyintf
[1;36mdebug: [0mc_header: parsed function __nearbyintf with 1 params (varargs=0) at line 1571
[1;36mdebug: [0mc_header: w_name=roundf
[1;36mdebug: [0mc_header: parsed function roundf with 1 params (varargs=0) at line 1575
[1;36mdebug: [0mc_header: w_name=truncf
[1;36mdebug: [0mc_header: parsed function truncf with 1 params (varargs=0) at line 1579
[1;36mdebug: [0mc_header: w_name=remquof
[1;36mdebug: [0mc_header: parsed function remquof with 3 params (varargs=0) at line 1584
[1;36mdebug: [0mc_header: w_name=__remquof
[1;36mdebug: [0mc_header: parsed function __remquof with 3 params (varargs=0) at line 1584
[1;36mdebug: [0mc_header: w_name=lrintf
[1;36mdebug: [0mc_header: parsed function lrintf with 1 params (varargs=0) at line 1591
[1;36mdebug: [0mc_header: w_name=__lrintf
[1;36mdebug: [0mc_header: parsed function __lrintf with 1 params (varargs=0) at line 1591
[1;36mdebug: [0mc_header: w_name=llrintf
[1;36mdebug: [0mc_header: parsed function llrintf with 1 params (varargs=0) at line 1593
[1;36mdebug: [0mc_header: w_name=__llrintf
[1;36mdebug: [0mc_header: parsed function __llrintf with 1 params (varargs=0) at line 1593
[1;36mdebug: [0mc_header: w_name=lroundf
[1;36mdebug: [0mc_header: parsed function lroundf with 1 params (varargs=0) at line 1597
[1;36mdebug: [0mc_header: w_name=__lroundf
[1;36mdebug: [0mc_header: parsed function __lroundf with 1 params (varargs=0) at line 1597
[1;36mdebug: [0mc_header: w_name=llroundf
[1;36mdebug: [0mc_header: parsed function llroundf with 1 params (varargs=0) at line 1599
[1;36mdebug: [0mc_header: w_name=__llroundf
[1;36mdebug: [0mc_header: parsed function __llroundf with 1 params (varargs=0) at line 1599
[1;36mdebug: [0mc_header: w_name=fdimf
[1;36mdebug: [0mc_header: parsed function fdimf with 2 params (varargs=0) at line 1603
[1;36mdebug: [0mc_header: w_name=__fdimf
[1;36mdebug: [0mc_header: parsed function __fdimf with 2 params (varargs=0) at line 1603
[1;36mdebug: [0mc_header: w_name=fmaxf
[1;36mdebug: [0mc_header: parsed function fmaxf with 2 params (varargs=0) at line 1607
[1;36mdebug: [0mc_header: w_name=fminf
[1;36mdebug: [0mc_header: parsed function fminf with 2 params (varargs=0) at line 1610
[1;36mdebug: [0mc_header: w_name=fmaf
[1;36mdebug: [0mc_header: parsed function fmaf with 3 params (varargs=0) at line 1614
[1;36mdebug: [0mc_header: w_name=__fmaf
[1;36mdebug: [0mc_header: parsed function __fmaf with 3 params (varargs=0) at line 1614
[1;36mdebug: [0mc_header: w_name=roundevenf
[1;36mdebug: [0mc_header: parsed function roundevenf with 1 params (varargs=0) at line 1619
[1;36mdebug: [0mc_header: w_name=fromfpf
[1;36mdebug: [0mc_header: parsed function fromfpf with 3 params (varargs=0) at line 1623
[1;36mdebug: [0mc_header: w_name=__fromfpf
[1;36mdebug: [0mc_header: parsed function __fromfpf with 3 params (varargs=0) at line 1623
[1;36mdebug: [0mc_header: w_name=ufromfpf
[1;36mdebug: [0mc_header: parsed function ufromfpf with 3 params (varargs=0) at line 1627
[1;36mdebug: [0mc_header: w_name=__ufromfpf
[1;36mdebug: [0mc_header: parsed function __ufromfpf with 3 params (varargs=0) at line 1627
[1;36mdebug: [0mc_header: w_name=fromfpxf
[1;36mdebug: [0mc_header: parsed function fromfpxf with 3 params (varargs=0) at line 1632
[1;36mdebug: [0mc_header: w_name=__fromfpxf
[1;36mdebug: [0mc_header: parsed function __fromfpxf with 3 params (varargs=0) at line 1632
[1;36mdebug: [0mc_header: w_name=ufromfpxf
[1;36mdebug: [0mc_header: parsed function ufromfpxf with 3 params (varargs=0) at line 1637
[1;36mdebug: [0mc_header: w_name=__ufromfpxf
[1;36mdebug: [0mc_header: parsed function __ufromfpxf with 3 params (varargs=0) at line 1637
[1;36mdebug: [0mc_header: w_name=canonicalizef
[1;36mdebug: [0mc_header: parsed function canonicalizef with 2 params (varargs=0) at line 1640
[1;36mdebug: [0mc_header: w_name=fmaximumf
[1;36mdebug: [0mc_header: parsed function fmaximumf with 2 params (varargs=0) at line 1642
[1;36mdebug: [0mc_header: w_name=fminimumf
[1;36mdebug: [0mc_header: parsed function fminimumf with 2 params (varargs=0) at line 1645
[1;36mdebug: [0mc_header: w_name=fmaximum_numf
[1;36mdebug: [0mc_header: parsed function fmaximum_numf with 2 params (varargs=0) at line 1648
[1;36mdebug: [0mc_header: w_name=fminimum_numf
[1;36mdebug: [0mc_header: parsed function fminimum_numf with 2 params (varargs=0) at line 1651
[1;36mdebug: [0mc_header: w_name=fmaximum_magf
[1;36mdebug: [0mc_header: parsed function fmaximum_magf with 2 params (varargs=0) at line 1654
[1;36mdebug: [0mc_header: w_name=fminimum_magf
[1;36mdebug: [0mc_header: parsed function fminimum_magf with 2 params (varargs=0) at line 1657
[1;36mdebug: [0mc_header: w_name=fmaximum_mag_numf
[1;36mdebug: [0mc_header: parsed function fmaximum_mag_numf with 2 params (varargs=0) at line 1660
[1;36mdebug: [0mc_header: w_name=fminimum_mag_numf
[1;36mdebug: [0mc_header: parsed function fminimum_mag_numf with 2 params (varargs=0) at line 1663
[1;36mdebug: [0mc_header: w_name=scalbf
[1;36mdebug: [0mc_header: parsed function scalbf with 2 params (varargs=0) at line 1665
[1;36mdebug: [0mc_header: w_name=__scalbf
[1;36mdebug: [0mc_header: parsed function __scalbf with 2 params (varargs=0) at line 1665
[1;36mdebug: [0mc_header: w_name=__fpclassifyl
[1;36mdebug: [0mc_header: parsed function __fpclassifyl with 1 params (varargs=0) at line 1670
[1;36mdebug: [0mc_header: w_name=__signbitl
[1;36mdebug: [0mc_header: parsed function __signbitl with 1 params (varargs=0) at line 1674
[1;36mdebug: [0mc_header: w_name=__isinfl
[1;36mdebug: [0mc_header: parsed function __isinfl with 1 params (varargs=0) at line 1679
[1;36mdebug: [0mc_header: w_name=__finitel
[1;36mdebug: [0mc_header: parsed function __finitel with 1 params (varargs=0) at line 1683
[1;36mdebug: [0mc_header: w_name=__isnanl
[1;36mdebug: [0mc_header: parsed function __isnanl with 1 params (varargs=0) at line 1687
[1;36mdebug: [0mc_header: w_name=__iseqsigl
[1;36mdebug: [0mc_header: parsed function __iseqsigl with 2 params (varargs=0) at line 1691
[1;36mdebug: [0mc_header: w_name=__issignalingl
[1;36mdebug: [0mc_header: parsed function __issignalingl with 1 params (varargs=0) at line 1694
[1;36mdebug: [0mc_header: w_name=acosl
[1;36mdebug: [0mc_header: parsed function acosl with 1 params (varargs=0) at line 1699
[1;36mdebug: [0mc_header: w_name=__acosl
[1;36mdebug: [0mc_header: parsed function __acosl with 1 params (varargs=0) at line 1699
[1;36mdebug: [0mc_header: w_name=asinl
[1;36mdebug: [0mc_header: parsed function asinl with 1 params (varargs=0) at line 1701
[1;36mdebug: [0mc_header: w_name=__asinl
[1;36mdebug: [0mc_header: parsed function __asinl with 1 params (varargs=0) at line 1701
[1;36mdebug: [0mc_header: w_name=atanl
[1;36mdebug: [0mc_header: parsed function atanl with 1 params (varargs=0) at line 1703
[1;36mdebug: [0mc_header: w_name=__atanl
[1;36mdebug: [0mc_header: parsed function __atanl with 1 params (varargs=0) at line 1703
[1;36mdebug: [0mc_header: w_name=atan2l
[1;36mdebug: [0mc_header: parsed function atan2l with 2 params (varargs=0) at line 1705
[1;36mdebug: [0mc_header: w_name=__atan2l
[1;36mdebug: [0mc_header: parsed function __atan2l with 2 params (varargs=0) at line 1705
[1;36mdebug: [0mc_header: w_name=cosl
[1;36mdebug: [0mc_header: parsed function cosl with 1 params (varargs=0) at line 1708
[1;36mdebug: [0mc_header: w_name=__cosl
[1;36mdebug: [0mc_header: parsed function __cosl with 1 params (varargs=0) at line 1708
[1;36mdebug: [0mc_header: w_name=sinl
[1;36mdebug: [0mc_header: parsed function sinl with 1 params (varargs=0) at line 1710
[1;36mdebug: [0mc_header: w_name=__sinl
[1;36mdebug: [0mc_header: parsed function __sinl with 1 params (varargs=0) at line 1710
[1;36mdebug: [0mc_header: w_name=tanl
[1;36mdebug: [0mc_header: parsed function tanl with 1 params (varargs=0) at line 1712
[1;36mdebug: [0mc_header: w_name=__tanl
[1;36mdebug: [0mc_header: parsed function __tanl with 1 params (varargs=0) at line 1712
[1;36mdebug: [0mc_header: w_name=acospil
[1;36mdebug: [0mc_header: parsed function acospil with 1 params (varargs=0) at line 1716
[1;36mdebug: [0mc_header: w_name=__acospil
[1;36mdebug: [0mc_header: parsed function __acospil with 1 params (varargs=0) at line 1716
[1;36mdebug: [0mc_header: w_name=acospil
[1;36mdebug: [0mc_header: parsed function acospil with 1 params (varargs=0) at line 1717
[1;36mdebug: [0mc_header: w_name=__acospil
[1;36mdebug: [0mc_header: parsed function __acospil with 1 params (varargs=0) at line 1717
[1;36mdebug: [0mc_header: w_name=asinpil
[1;36mdebug: [0mc_header: parsed function asinpil with 1 params (varargs=0) at line 1719
[1;36mdebug: [0mc_header: w_name=__asinpil
[1;36mdebug: [0mc_header: parsed function __asinpil with 1 params (varargs=0) at line 1719
[1;36mdebug: [0mc_header: w_name=asinpil
[1;36mdebug: [0mc_header: parsed function asinpil with 1 params (varargs=0) at line 1720
[1;36mdebug: [0mc_header: w_name=__asinpil
[1;36mdebug: [0mc_header: parsed function __asinpil with 1 params (varargs=0) at line 1720
[1;36mdebug: [0mc_header: w_name=atanpil
[1;36mdebug: [0mc_header: parsed function atanpil with 1 params (varargs=0) at line 1722
[1;36mdebug: [0mc_header: w_name=__atanpil
[1;36mdebug: [0mc_header: parsed function __atanpil with 1 params (varargs=0) at line 1722
[1;36mdebug: [0mc_header: w_name=atanpil
[1;36mdebug: [0mc_header: parsed function atanpil with 1 params (varargs=0) at line 1723
[1;36mdebug: [0mc_header: w_name=__atanpil
[1;36mdebug: [0mc_header: parsed function __atanpil with 1 params (varargs=0) at line 1723
[1;36mdebug: [0mc_header: w_name=atan2pil
[1;36mdebug: [0mc_header: parsed function atan2pil with 2 params (varargs=0) at line 1725
[1;36mdebug: [0mc_header: w_name=__atan2pil
[1;36mdebug: [0mc_header: parsed function __atan2pil with 2 params (varargs=0) at line 1725
[1;36mdebug: [0mc_header: w_name=atan2pil
[1;36mdebug: [0mc_header: parsed function atan2pil with 2 params (varargs=0) at line 1726
[1;36mdebug: [0mc_header: w_name=__atan2pil
[1;36mdebug: [0mc_header: parsed function __atan2pil with 2 params (varargs=0) at line 1726
[1;36mdebug: [0mc_header: w_name=cospil
[1;36mdebug: [0mc_header: parsed function cospil with 1 params (varargs=0) at line 1729
[1;36mdebug: [0mc_header: w_name=__cospil
[1;36mdebug: [0mc_header: parsed function __cospil with 1 params (varargs=0) at line 1729
[1;36mdebug: [0mc_header: w_name=sinpil
[1;36mdebug: [0mc_header: parsed function sinpil with 1 params (varargs=0) at line 1731
[1;36mdebug: [0mc_header: w_name=__sinpil
[1;36mdebug: [0mc_header: parsed function __sinpil with 1 params (varargs=0) at line 1731
[1;36mdebug: [0mc_header: w_name=tanpil
[1;36mdebug: [0mc_header: parsed function tanpil with 1 params (varargs=0) at line 1733
[1;36mdebug: [0mc_header: w_name=__tanpil
[1;36mdebug: [0mc_header: parsed function __tanpil with 1 params (varargs=0) at line 1733
[1;36mdebug: [0mc_header: w_name=coshl
[1;36mdebug: [0mc_header: parsed function coshl with 1 params (varargs=0) at line 1739
[1;36mdebug: [0mc_header: w_name=__coshl
[1;36mdebug: [0mc_header: parsed function __coshl with 1 params (varargs=0) at line 1739
[1;36mdebug: [0mc_header: w_name=sinhl
[1;36mdebug: [0mc_header: parsed function sinhl with 1 params (varargs=0) at line 1741
[1;36mdebug: [0mc_header: w_name=__sinhl
[1;36mdebug: [0mc_header: parsed function __sinhl with 1 params (varargs=0) at line 1741
[1;36mdebug: [0mc_header: w_name=tanhl
[1;36mdebug: [0mc_header: parsed function tanhl with 1 params (varargs=0) at line 1743
[1;36mdebug: [0mc_header: w_name=__tanhl
[1;36mdebug: [0mc_header: parsed function __tanhl with 1 params (varargs=0) at line 1743
[1;36mdebug: [0mc_header: w_name=acoshl
[1;36mdebug: [0mc_header: parsed function acoshl with 1 params (varargs=0) at line 1745
[1;36mdebug: [0mc_header: w_name=__acoshl
[1;36mdebug: [0mc_header: parsed function __acoshl with 1 params (varargs=0) at line 1745
[1;36mdebug: [0mc_header: w_name=asinhl
[1;36mdebug: [0mc_header: parsed function asinhl with 1 params (varargs=0) at line 1747
[1;36mdebug: [0mc_header: w_name=__asinhl
[1;36mdebug: [0mc_header: parsed function __asinhl with 1 params (varargs=0) at line 1747
[1;36mdebug: [0mc_header: w_name=atanhl
[1;36mdebug: [0mc_header: parsed function atanhl with 1 params (varargs=0) at line 1749
[1;36mdebug: [0mc_header: w_name=__atanhl
[1;36mdebug: [0mc_header: parsed function __atanhl with 1 params (varargs=0) at line 1749
[1;36mdebug: [0mc_header: w_name=expl
[1;36mdebug: [0mc_header: parsed function expl with 1 params (varargs=0) at line 1755
[1;36mdebug: [0mc_header: w_name=__expl
[1;36mdebug: [0mc_header: parsed function __expl with 1 params (varargs=0) at line 1755
[1;36mdebug: [0mc_header: w_name=frexpl
[1;36mdebug: [0mc_header: parsed function frexpl with 2 params (varargs=0) at line 1758
[1;36mdebug: [0mc_header: w_name=__frexpl
[1;36mdebug: [0mc_header: parsed function __frexpl with 2 params (varargs=0) at line 1758
[1;36mdebug: [0mc_header: w_name=ldexpl
[1;36mdebug: [0mc_header: parsed function ldexpl with 2 params (varargs=0) at line 1761
[1;36mdebug: [0mc_header: w_name=__ldexpl
[1;36mdebug: [0mc_header: parsed function __ldexpl with 2 params (varargs=0) at line 1761
[1;36mdebug: [0mc_header: w_name=logl
[1;36mdebug: [0mc_header: parsed function logl with 1 params (varargs=0) at line 1764
[1;36mdebug: [0mc_header: w_name=__logl
[1;36mdebug: [0mc_header: parsed function __logl with 1 params (varargs=0) at line 1764
[1;36mdebug: [0mc_header: w_name=log10l
[1;36mdebug: [0mc_header: parsed function log10l with 1 params (varargs=0) at line 1767
[1;36mdebug: [0mc_header: w_name=__log10l
[1;36mdebug: [0mc_header: parsed function __log10l with 1 params (varargs=0) at line 1767
[1;36mdebug: [0mc_header: w_name=modfl
[1;36mdebug: [0mc_header: parsed function modfl with 2 params (varargs=0) at line 1770
[1;36mdebug: [0mc_header: w_name=__modfl
[1;36mdebug: [0mc_header: parsed function __modfl with 2 params (varargs=0) at line 1770
[1;36mdebug: [0mc_header: w_name=exp10l
[1;36mdebug: [0mc_header: parsed function exp10l with 1 params (varargs=0) at line 1774
[1;36mdebug: [0mc_header: w_name=__exp10l
[1;36mdebug: [0mc_header: parsed function __exp10l with 1 params (varargs=0) at line 1774
[1;36mdebug: [0mc_header: w_name=exp2m1l
[1;36mdebug: [0mc_header: parsed function exp2m1l with 1 params (varargs=0) at line 1777
[1;36mdebug: [0mc_header: w_name=__exp2m1l
[1;36mdebug: [0mc_header: parsed function __exp2m1l with 1 params (varargs=0) at line 1777
[1;36mdebug: [0mc_header: w_name=exp10m1l
[1;36mdebug: [0mc_header: parsed function exp10m1l with 1 params (varargs=0) at line 1780
[1;36mdebug: [0mc_header: w_name=__exp10m1l
[1;36mdebug: [0mc_header: parsed function __exp10m1l with 1 params (varargs=0) at line 1780
[1;36mdebug: [0mc_header: w_name=log2p1l
[1;36mdebug: [0mc_header: parsed function log2p1l with 1 params (varargs=0) at line 1783
[1;36mdebug: [0mc_header: w_name=__log2p1l
[1;36mdebug: [0mc_header: parsed function __log2p1l with 1 params (varargs=0) at line 1783
[1;36mdebug: [0mc_header: w_name=log10p1l
[1;36mdebug: [0mc_header: parsed function log10p1l with 1 params (varargs=0) at line 1786
[1;36mdebug: [0mc_header: w_name=__log10p1l
[1;36mdebug: [0mc_header: parsed function __log10p1l with 1 params (varargs=0) at line 1786
[1;36mdebug: [0mc_header: w_name=logp1l
[1;36mdebug: [0mc_header: parsed function logp1l with 1 params (varargs=0) at line 1789
[1;36mdebug: [0mc_header: w_name=__logp1l
[1;36mdebug: [0mc_header: parsed function __logp1l with 1 params (varargs=0) at line 1789
[1;36mdebug: [0mc_header: w_name=expm1l
[1;36mdebug: [0mc_header: parsed function expm1l with 1 params (varargs=0) at line 1794
[1;36mdebug: [0mc_header: w_name=__expm1l
[1;36mdebug: [0mc_header: parsed function __expm1l with 1 params (varargs=0) at line 1794
[1;36mdebug: [0mc_header: w_name=log1pl
[1;36mdebug: [0mc_header: parsed function log1pl with 1 params (varargs=0) at line 1797
[1;36mdebug: [0mc_header: w_name=__log1pl
[1;36mdebug: [0mc_header: parsed function __log1pl with 1 params (varargs=0) at line 1797
[1;36mdebug: [0mc_header: w_name=logbl
[1;36mdebug: [0mc_header: parsed function logbl with 1 params (varargs=0) at line 1800
[1;36mdebug: [0mc_header: w_name=__logbl
[1;36mdebug: [0mc_header: parsed function __logbl with 1 params (varargs=0) at line 1800
[1;36mdebug: [0mc_header: w_name=exp2l
[1;36mdebug: [0mc_header: parsed function exp2l with 1 params (varargs=0) at line 1805
[1;36mdebug: [0mc_header: w_name=__exp2l
[1;36mdebug: [0mc_header: parsed function __exp2l with 1 params (varargs=0) at line 1805
[1;36mdebug: [0mc_header: w_name=log2l
[1;36mdebug: [0mc_header: parsed function log2l with 1 params (varargs=0) at line 1808
[1;36mdebug: [0mc_header: w_name=__log2l
[1;36mdebug: [0mc_header: parsed function __log2l with 1 params (varargs=0) at line 1808
[1;36mdebug: [0mc_header: w_name=powl
[1;36mdebug: [0mc_header: parsed function powl with 2 params (varargs=0) at line 1815
[1;36mdebug: [0mc_header: w_name=__powl
[1;36mdebug: [0mc_header: parsed function __powl with 2 params (varargs=0) at line 1815
[1;36mdebug: [0mc_header: w_name=sqrtl
[1;36mdebug: [0mc_header: parsed function sqrtl with 1 params (varargs=0) at line 1818
[1;36mdebug: [0mc_header: w_name=__sqrtl
[1;36mdebug: [0mc_header: parsed function __sqrtl with 1 params (varargs=0) at line 1818
[1;36mdebug: [0mc_header: w_name=hypotl
[1;36mdebug: [0mc_header: parsed function hypotl with 2 params (varargs=0) at line 1822
[1;36mdebug: [0mc_header: w_name=__hypotl
[1;36mdebug: [0mc_header: parsed function __hypotl with 2 params (varargs=0) at line 1822
[1;36mdebug: [0mc_header: w_name=cbrtl
[1;36mdebug: [0mc_header: parsed function cbrtl with 1 params (varargs=0) at line 1827
[1;36mdebug: [0mc_header: w_name=__cbrtl
[1;36mdebug: [0mc_header: parsed function __cbrtl with 1 params (varargs=0) at line 1827
[1;36mdebug: [0mc_header: w_name=compoundnl
[1;36mdebug: [0mc_header: parsed function compoundnl with 2 params (varargs=0) at line 1832
[1;36mdebug: [0mc_header: w_name=__compoundnl
[1;36mdebug: [0mc_header: parsed function __compoundnl with 2 params (varargs=0) at line 1832
[1;36mdebug: [0mc_header: w_name=pownl
[1;36mdebug: [0mc_header: parsed function pownl with 2 params (varargs=0) at line 1835
[1;36mdebug: [0mc_header: w_name=__pownl
[1;36mdebug: [0mc_header: parsed function __pownl with 2 params (varargs=0) at line 1835
[1;36mdebug: [0mc_header: w_name=powrl
[1;36mdebug: [0mc_header: parsed function powrl with 2 params (varargs=0) at line 1838
[1;36mdebug: [0mc_header: w_name=__powrl
[1;36mdebug: [0mc_header: parsed function __powrl with 2 params (varargs=0) at line 1838
[1;36mdebug: [0mc_header: w_name=powrl
[1;36mdebug: [0mc_header: parsed function powrl with 2 params (varargs=0) at line 1839
[1;36mdebug: [0mc_header: w_name=__powrl
[1;36mdebug: [0mc_header: parsed function __powrl with 2 params (varargs=0) at line 1839
[1;36mdebug: [0mc_header: w_name=rootnl
[1;36mdebug: [0mc_header: parsed function rootnl with 2 params (varargs=0) at line 1842
[1;36mdebug: [0mc_header: w_name=__rootnl
[1;36mdebug: [0mc_header: parsed function __rootnl with 2 params (varargs=0) at line 1842
[1;36mdebug: [0mc_header: w_name=rsqrtl
[1;36mdebug: [0mc_header: parsed function rsqrtl with 1 params (varargs=0) at line 1845
[1;36mdebug: [0mc_header: w_name=__rsqrtl
[1;36mdebug: [0mc_header: parsed function __rsqrtl with 1 params (varargs=0) at line 1845
[1;36mdebug: [0mc_header: w_name=ceill
[1;36mdebug: [0mc_header: parsed function ceill with 1 params (varargs=0) at line 1852
[1;36mdebug: [0mc_header: w_name=fabsl
[1;36mdebug: [0mc_header: parsed function fabsl with 1 params (varargs=0) at line 1855
[1;36mdebug: [0mc_header: w_name=floorl
[1;36mdebug: [0mc_header: parsed function floorl with 1 params (varargs=0) at line 1858
[1;36mdebug: [0mc_header: w_name=fmodl
[1;36mdebug: [0mc_header: parsed function fmodl with 2 params (varargs=0) at line 1861
[1;36mdebug: [0mc_header: w_name=__fmodl
[1;36mdebug: [0mc_header: parsed function __fmodl with 2 params (varargs=0) at line 1861
[1;36mdebug: [0mc_header: w_name=isinfl
[1;36mdebug: [0mc_header: parsed function isinfl with 1 params (varargs=0) at line 1863
[1;36mdebug: [0mc_header: w_name=finitel
[1;36mdebug: [0mc_header: parsed function finitel with 1 params (varargs=0) at line 1869
[1;36mdebug: [0mc_header: w_name=dreml
[1;36mdebug: [0mc_header: parsed function dreml with 2 params (varargs=0) at line 1873
[1;36mdebug: [0mc_header: w_name=__dreml
[1;36mdebug: [0mc_header: parsed function __dreml with 2 params (varargs=0) at line 1873
[1;36mdebug: [0mc_header: w_name=significandl
[1;36mdebug: [0mc_header: parsed function significandl with 1 params (varargs=0) at line 1877
[1;36mdebug: [0mc_header: w_name=__significandl
[1;36mdebug: [0mc_header: parsed function __significandl with 1 params (varargs=0) at line 1877
[1;36mdebug: [0mc_header: w_name=copysignl
[1;36mdebug: [0mc_header: parsed function copysignl with 2 params (varargs=0) at line 1884
[1;36mdebug: [0mc_header: w_name=nanl
[1;36mdebug: [0mc_header: parsed function nanl with 1 params (varargs=0) at line 1889
[1;36mdebug: [0mc_header: w_name=__nanl
[1;36mdebug: [0mc_header: parsed function __nanl with 1 params (varargs=0) at line 1889
[1;36mdebug: [0mc_header: w_name=isnanl
[1;36mdebug: [0mc_header: parsed function isnanl with 1 params (varargs=0) at line 1891
[1;36mdebug: [0mc_header: w_name=j0l
[1;36mdebug: [0mc_header: parsed function j0l with 1 params (varargs=0) at line 1898
[1;36mdebug: [0mc_header: w_name=__j0l
[1;36mdebug: [0mc_header: parsed function __j0l with 1 params (varargs=0) at line 1898
[1;36mdebug: [0mc_header: w_name=j1l
[1;36mdebug: [0mc_header: parsed function j1l with 1 params (varargs=0) at line 1899
[1;36mdebug: [0mc_header: w_name=__j1l
[1;36mdebug: [0mc_header: parsed function __j1l with 1 params (varargs=0) at line 1899
[1;36mdebug: [0mc_header: w_name=jnl
[1;36mdebug: [0mc_header: parsed function jnl with 2 params (varargs=0) at line 1900
[1;36mdebug: [0mc_header: w_name=__jnl
[1;36mdebug: [0mc_header: parsed function __jnl with 2 params (varargs=0) at line 1900
[1;36mdebug: [0mc_header: w_name=y0l
[1;36mdebug: [0mc_header: parsed function y0l with 1 params (varargs=0) at line 1901
[1;36mdebug: [0mc_header: w_name=__y0l
[1;36mdebug: [0mc_header: parsed function __y0l with 1 params (varargs=0) at line 1901
[1;36mdebug: [0mc_header: w_name=y1l
[1;36mdebug: [0mc_header: parsed function y1l with 1 params (varargs=0) at line 1902
[1;36mdebug: [0mc_header: w_name=__y1l
[1;36mdebug: [0mc_header: parsed function __y1l with 1 params (varargs=0) at line 1902
[1;36mdebug: [0mc_header: w_name=ynl
[1;36mdebug: [0mc_header: parsed function ynl with 2 params (varargs=0) at line 1903
[1;36mdebug: [0mc_header: w_name=__ynl
[1;36mdebug: [0mc_header: parsed function __ynl with 2 params (varargs=0) at line 1903
[1;36mdebug: [0mc_header: w_name=erfl
[1;36mdebug: [0mc_header: parsed function erfl with 1 params (varargs=0) at line 1909
[1;36mdebug: [0mc_header: w_name=__erfl
[1;36mdebug: [0mc_header: parsed function __erfl with 1 params (varargs=0) at line 1909
[1;36mdebug: [0mc_header: w_name=erfcl
[1;36mdebug: [0mc_header: parsed function erfcl with 1 params (varargs=0) at line 1910
[1;36mdebug: [0mc_header: w_name=__erfcl
[1;36mdebug: [0mc_header: parsed function __erfcl with 1 params (varargs=0) at line 1910
[1;36mdebug: [0mc_header: w_name=lgammal
[1;36mdebug: [0mc_header: parsed function lgammal with 1 params (varargs=0) at line 1911
[1;36mdebug: [0mc_header: w_name=__lgammal
[1;36mdebug: [0mc_header: parsed function __lgammal with 1 params (varargs=0) at line 1911
[1;36mdebug: [0mc_header: w_name=tgammal
[1;36mdebug: [0mc_header: parsed function tgammal with 1 params (varargs=0) at line 1916
[1;36mdebug: [0mc_header: w_name=__tgammal
[1;36mdebug: [0mc_header: parsed function __tgammal with 1 params (varargs=0) at line 1916
[1;36mdebug: [0mc_header: w_name=gammal
[1;36mdebug: [0mc_header: parsed function gammal with 1 params (varargs=0) at line 1922
[1;36mdebug: [0mc_header: w_name=__gammal
[1;36mdebug: [0mc_header: parsed function __gammal with 1 params (varargs=0) at line 1922
[1;36mdebug: [0mc_header: w_name=lgammal_r
[1;36mdebug: [0mc_header: parsed function lgammal_r with 2 params (varargs=0) at line 1930
[1;36mdebug: [0mc_header: w_name=__lgammal_r
[1;36mdebug: [0mc_header: parsed function __lgammal_r with 2 params (varargs=0) at line 1930
[1;36mdebug: [0mc_header: w_name=rintl
[1;36mdebug: [0mc_header: parsed function rintl with 1 params (varargs=0) at line 1937
[1;36mdebug: [0mc_header: w_name=__rintl
[1;36mdebug: [0mc_header: parsed function __rintl with 1 params (varargs=0) at line 1937
[1;36mdebug: [0mc_header: w_name=nextafterl
[1;36mdebug: [0mc_header: parsed function nextafterl with 2 params (varargs=0) at line 1940
[1;36mdebug: [0mc_header: w_name=__nextafterl
[1;36mdebug: [0mc_header: parsed function __nextafterl with 2 params (varargs=0) at line 1940
[1;36mdebug: [0mc_header: w_name=nexttowardl
[1;36mdebug: [0mc_header: parsed function nexttowardl with 2 params (varargs=0) at line 1942
[1;36mdebug: [0mc_header: w_name=__nexttowardl
[1;36mdebug: [0mc_header: parsed function __nexttowardl with 2 params (varargs=0) at line 1942
[1;36mdebug: [0mc_header: w_name=nextdownl
[1;36mdebug: [0mc_header: parsed function nextdownl with 1 params (varargs=0) at line 1947
[1;36mdebug: [0mc_header: w_name=__nextdownl
[1;36mdebug: [0mc_header: parsed function __nextdownl with 1 params (varargs=0) at line 1947
[1;36mdebug: [0mc_header: w_name=nextupl
[1;36mdebug: [0mc_header: parsed function nextupl with 1 params (varargs=0) at line 1949
[1;36mdebug: [0mc_header: w_name=__nextupl
[1;36mdebug: [0mc_header: parsed function __nextupl with 1 params (varargs=0) at line 1949
[1;36mdebug: [0mc_header: w_name=remainderl
[1;36mdebug: [0mc_header: parsed function remainderl with 2 params (varargs=0) at line 1953
[1;36mdebug: [0mc_header: w_name=__remainderl
[1;36mdebug: [0mc_header: parsed function __remainderl with 2 params (varargs=0) at line 1953
[1;36mdebug: [0mc_header: w_name=scalbnl
[1;36mdebug: [0mc_header: parsed function scalbnl with 2 params (varargs=0) at line 1957
[1;36mdebug: [0mc_header: w_name=__scalbnl
[1;36mdebug: [0mc_header: parsed function __scalbnl with 2 params (varargs=0) at line 1957
[1;36mdebug: [0mc_header: w_name=ilogbl
[1;36mdebug: [0mc_header: parsed function ilogbl with 1 params (varargs=0) at line 1961
[1;36mdebug: [0mc_header: w_name=__ilogbl
[1;36mdebug: [0mc_header: parsed function __ilogbl with 1 params (varargs=0) at line 1961
[1;36mdebug: [0mc_header: w_name=llogbl
[1;36mdebug: [0mc_header: parsed function llogbl with 1 params (varargs=0) at line 1966
[1;36mdebug: [0mc_header: w_name=__llogbl
[1;36mdebug: [0mc_header: parsed function __llogbl with 1 params (varargs=0) at line 1966
[1;36mdebug: [0mc_header: w_name=scalblnl
[1;36mdebug: [0mc_header: parsed function scalblnl with 2 params (varargs=0) at line 1971
[1;36mdebug: [0mc_header: w_name=__scalblnl
[1;36mdebug: [0mc_header: parsed function __scalblnl with 2 params (varargs=0) at line 1971
[1;36mdebug: [0mc_header: w_name=nearbyintl
[1;36mdebug: [0mc_header: parsed function nearbyintl with 1 params (varargs=0) at line 1975
[1;36mdebug: [0mc_header: w_name=__nearbyintl
[1;36mdebug: [0mc_header: parsed function __nearbyintl with 1 params (varargs=0) at line 1975
[1;36mdebug: [0mc_header: w_name=roundl
[1;36mdebug: [0mc_header: parsed function roundl with 1 params (varargs=0) at line 1979
[1;36mdebug: [0mc_header: w_name=truncl
[1;36mdebug: [0mc_header: parsed function truncl with 1 params (varargs=0) at line 1983
[1;36mdebug: [0mc_header: w_name=remquol
[1;36mdebug: [0mc_header: parsed function remquol with 3 params (varargs=0) at line 1988
[1;36mdebug: [0mc_header: w_name=__remquol
[1;36mdebug: [0mc_header: parsed function __remquol with 3 params (varargs=0) at line 1988
[1;36mdebug: [0mc_header: w_name=lrintl
[1;36mdebug: [0mc_header: parsed function lrintl with 1 params (varargs=0) at line 1995
[1;36mdebug: [0mc_header: w_name=__lrintl
[1;36mdebug: [0mc_header: parsed function __lrintl with 1 params (varargs=0) at line 1995
[1;36mdebug: [0mc_header: w_name=llrintl
[1;36mdebug: [0mc_header: parsed function llrintl with 1 params (varargs=0) at line 1997
[1;36mdebug: [0mc_header: w_name=__llrintl
[1;36mdebug: [0mc_header: parsed function __llrintl with 1 params (varargs=0) at line 1997
[1;36mdebug: [0mc_header: w_name=lroundl
[1;36mdebug: [0mc_header: parsed function lroundl with 1 params (varargs=0) at line 2001
[1;36mdebug: [0mc_header: w_name=__lroundl
[1;36mdebug: [0mc_header: parsed function __lroundl with 1 params (varargs=0) at line 2001
[1;36mdebug: [0mc_header: w_name=llroundl
[1;36mdebug: [0mc_header: parsed function llroundl with 1 params (varargs=0) at line 2003
[1;36mdebug: [0mc_header: w_name=__llroundl
[1;36mdebug: [0mc_header: parsed function __llroundl with 1 params (varargs=0) at line 2003
[1;36mdebug: [0mc_header: w_name=fdiml
[1;36mdebug: [0mc_header: parsed function fdiml with 2 params (varargs=0) at line 2007
[1;36mdebug: [0mc_header: w_name=__fdiml
[1;36mdebug: [0mc_header: parsed function __fdiml with 2 params (varargs=0) at line 2007
[1;36mdebug: [0mc_header: w_name=fmaxl
[1;36mdebug: [0mc_header: parsed function fmaxl with 2 params (varargs=0) at line 2011
[1;36mdebug: [0mc_header: w_name=fminl
[1;36mdebug: [0mc_header: parsed function fminl with 2 params (varargs=0) at line 2014
[1;36mdebug: [0mc_header: w_name=fmal
[1;36mdebug: [0mc_header: parsed function fmal with 3 params (varargs=0) at line 2018
[1;36mdebug: [0mc_header: w_name=__fmal
[1;36mdebug: [0mc_header: parsed function __fmal with 3 params (varargs=0) at line 2018
[1;36mdebug: [0mc_header: w_name=roundevenl
[1;36mdebug: [0mc_header: parsed function roundevenl with 1 params (varargs=0) at line 2023
[1;36mdebug: [0mc_header: w_name=fromfpl
[1;36mdebug: [0mc_header: parsed function fromfpl with 3 params (varargs=0) at line 2027
[1;36mdebug: [0mc_header: w_name=__fromfpl
[1;36mdebug: [0mc_header: parsed function __fromfpl with 3 params (varargs=0) at line 2027
[1;36mdebug: [0mc_header: w_name=ufromfpl
[1;36mdebug: [0mc_header: parsed function ufromfpl with 3 params (varargs=0) at line 2031
[1;36mdebug: [0mc_header: w_name=__ufromfpl
[1;36mdebug: [0mc_header: parsed function __ufromfpl with 3 params (varargs=0) at line 2031
[1;36mdebug: [0mc_header: w_name=fromfpxl
[1;36mdebug: [0mc_header: parsed function fromfpxl with 3 params (varargs=0) at line 2036
[1;36mdebug: [0mc_header: w_name=__fromfpxl
[1;36mdebug: [0mc_header: parsed function __fromfpxl with 3 params (varargs=0) at line 2036
[1;36mdebug: [0mc_header: w_name=ufromfpxl
[1;36mdebug: [0mc_header: parsed function ufromfpxl with 3 params (varargs=0) at line 2041
[1;36mdebug: [0mc_header: w_name=__ufromfpxl
[1;36mdebug: [0mc_header: parsed function __ufromfpxl with 3 params (varargs=0) at line 2041
[1;36mdebug: [0mc_header: w_name=canonicalizel
[1;36mdebug: [0mc_header: parsed function canonicalizel with 2 params (varargs=0) at line 2044
[1;36mdebug: [0mc_header: w_name=fmaximuml
[1;36mdebug: [0mc_header: parsed function fmaximuml with 2 params (varargs=0) at line 2046
[1;36mdebug: [0mc_header: w_name=fminimuml
[1;36mdebug: [0mc_header: parsed function fminimuml with 2 params (varargs=0) at line 2049
[1;36mdebug: [0mc_header: w_name=fmaximum_numl
[1;36mdebug: [0mc_header: parsed function fmaximum_numl with 2 params (varargs=0) at line 2052
[1;36mdebug: [0mc_header: w_name=fminimum_numl
[1;36mdebug: [0mc_header: parsed function fminimum_numl with 2 params (varargs=0) at line 2055
[1;36mdebug: [0mc_header: w_name=fmaximum_magl
[1;36mdebug: [0mc_header: parsed function fmaximum_magl with 2 params (varargs=0) at line 2058
[1;36mdebug: [0mc_header: w_name=fminimum_magl
[1;36mdebug: [0mc_header: parsed function fminimum_magl with 2 params (varargs=0) at line 2061
[1;36mdebug: [0mc_header: w_name=fmaximum_mag_numl
[1;36mdebug: [0mc_header: parsed function fmaximum_mag_numl with 2 params (varargs=0) at line 2064
[1;36mdebug: [0mc_header: w_name=fminimum_mag_numl
[1;36mdebug: [0mc_header: parsed function fminimum_mag_numl with 2 params (varargs=0) at line 2067
[1;36mdebug: [0mc_header: w_name=scalbl
[1;36mdebug: [0mc_header: parsed function scalbl with 2 params (varargs=0) at line 2069
[1;36mdebug: [0mc_header: w_name=__scalbl
[1;36mdebug: [0mc_header: parsed function __scalbl with 2 params (varargs=0) at line 2069
[1;36mdebug: [0mc_header: w_name=__fpclassifyf128
[1;36mdebug: [0mc_header: parsed function __fpclassifyf128 with 1 params (varargs=0) at line 2074
[1;36mdebug: [0mc_header: w_name=__signbitf128
[1;36mdebug: [0mc_header: parsed function __signbitf128 with 1 params (varargs=0) at line 2078
[1;36mdebug: [0mc_header: w_name=__isinff128
[1;36mdebug: [0mc_header: parsed function __isinff128 with 1 params (varargs=0) at line 2083
[1;36mdebug: [0mc_header: w_name=__finitef128
[1;36mdebug: [0mc_header: parsed function __finitef128 with 1 params (varargs=0) at line 2087
[1;36mdebug: [0mc_header: w_name=__isnanf128
[1;36mdebug: [0mc_header: parsed function __isnanf128 with 1 params (varargs=0) at line 2091
[1;36mdebug: [0mc_header: w_name=__iseqsigf128
[1;36mdebug: [0mc_header: parsed function __iseqsigf128 with 2 params (varargs=0) at line 2095
[1;36mdebug: [0mc_header: w_name=__issignalingf128
[1;36mdebug: [0mc_header: parsed function __issignalingf128 with 1 params (varargs=0) at line 2098
[1;36mdebug: [0mc_header: w_name=fadd
[1;36mdebug: [0mc_header: parsed function fadd with 2 params (varargs=0) at line 2104
[1;36mdebug: [0mc_header: w_name=fdiv
[1;36mdebug: [0mc_header: parsed function fdiv with 2 params (varargs=0) at line 2107
[1;36mdebug: [0mc_header: w_name=ffma
[1;36mdebug: [0mc_header: parsed function ffma with 3 params (varargs=0) at line 2110
[1;36mdebug: [0mc_header: w_name=fmul
[1;36mdebug: [0mc_header: parsed function fmul with 2 params (varargs=0) at line 2113
[1;36mdebug: [0mc_header: w_name=fsqrt
[1;36mdebug: [0mc_header: parsed function fsqrt with 1 params (varargs=0) at line 2116
[1;36mdebug: [0mc_header: w_name=fsub
[1;36mdebug: [0mc_header: parsed function fsub with 2 params (varargs=0) at line 2119
[1;36mdebug: [0mc_header: w_name=faddl
[1;36mdebug: [0mc_header: parsed function faddl with 2 params (varargs=0) at line 2124
[1;36mdebug: [0mc_header: w_name=fdivl
[1;36mdebug: [0mc_header: parsed function fdivl with 2 params (varargs=0) at line 2127
[1;36mdebug: [0mc_header: w_name=ffmal
[1;36mdebug: [0mc_header: parsed function ffmal with 3 params (varargs=0) at line 2130
[1;36mdebug: [0mc_header: w_name=fmull
[1;36mdebug: [0mc_header: parsed function fmull with 2 params (varargs=0) at line 2133
[1;36mdebug: [0mc_header: w_name=fsqrtl
[1;36mdebug: [0mc_header: parsed function fsqrtl with 1 params (varargs=0) at line 2136
[1;36mdebug: [0mc_header: w_name=fsubl
[1;36mdebug: [0mc_header: parsed function fsubl with 2 params (varargs=0) at line 2139
[1;36mdebug: [0mc_header: w_name=daddl
[1;36mdebug: [0mc_header: parsed function daddl with 2 params (varargs=0) at line 2144
[1;36mdebug: [0mc_header: w_name=ddivl
[1;36mdebug: [0mc_header: parsed function ddivl with 2 params (varargs=0) at line 2147
[1;36mdebug: [0mc_header: w_name=dfmal
[1;36mdebug: [0mc_header: parsed function dfmal with 3 params (varargs=0) at line 2150
[1;36mdebug: [0mc_header: w_name=dmull
[1;36mdebug: [0mc_header: parsed function dmull with 2 params (varargs=0) at line 2153
[1;36mdebug: [0mc_header: w_name=dsqrtl
[1;36mdebug: [0mc_header: parsed function dsqrtl with 1 params (varargs=0) at line 2156
[1;36mdebug: [0mc_header: w_name=dsubl
[1;36mdebug: [0mc_header: parsed function dsubl with 2 params (varargs=0) at line 2159
[1;36mdebug: [0mc_header: LOOP START token=1
[1;36mdebug: [0mc_header: LOOP START token=1
[1;36mdebug: [0mc_header: LOOP START token=1
[1;36mdebug: [0mc_header: LOOP START token=1
[1;36mdebug: [0mc_header: LOOP START token=1
[1;36mdebug: [0mc_header: w_name=__iscanonicall
[1;36mdebug: [0mc_header: parsed function __iscanonicall with 1 params (varargs=0) at line 2186
[1;36mdebug: [0mc_header: LOOP START token=73
[1;36mdebug: [0mc_header: LOOP START token=73
[1;36mdebug: [0mc_header: LOOP START token=73
[1;36mdebug: [0mc_header: LOOP START token=73
[1;36mdebug: [0mc_header: w_name=imaxabs
[1;36mdebug: [0mc_header: parsed function imaxabs with 1 params (varargs=0) at line 2220
[1;36mdebug: [0mc_header: w_name=imaxdiv
[1;36mdebug: [0mc_header: parsed function imaxdiv with 2 params (varargs=0) at line 2229
[1;36mdebug: [0mc_header: w_name=strtoimax
[1;36mdebug: [0mc_header: parsed function strtoimax with 3 params (varargs=0) at line 2233
[1;36mdebug: [0mc_header: w_name=strtoumax
[1;36mdebug: [0mc_header: parsed function strtoumax with 3 params (varargs=0) at line 2237
[1;36mdebug: [0mc_header: w_name=wcstoimax
[1;36mdebug: [0mc_header: parsed function wcstoimax with 3 params (varargs=0) at line 2242
[1;36mdebug: [0mc_header: w_name=wcstoumax
[1;36mdebug: [0mc_header: parsed function wcstoumax with 3 params (varargs=0) at line 2247
[1;36mdebug: [0mc_header: w_name=strtoimax
[1;36mdebug: [0mc_header: parsed function strtoimax with 3 params (varargs=0) at line 2253
[1;36mdebug: [0mc_header: w_name=strtoumax
[1;36mdebug: [0mc_header: parsed function strtoumax with 3 params (varargs=0) at line 2256
[1;36mdebug: [0mc_header: w_name=wcstoimax
[1;36mdebug: [0mc_header: parsed function wcstoimax with 3 params (varargs=0) at line 2259
[1;36mdebug: [0mc_header: w_name=wcstoumax
[1;36mdebug: [0mc_header: parsed function wcstoumax with 3 params (varargs=0) at line 2263
[1;36mdebug: [0mc_header: LOOP START token=59 line=2281 text='const'
[1;36mdebug: [0mc_header: LOOP START token=59 line=2283 text='const'
[1;36mdebug: [0mc_header: LOOP START token=59 line=2285 text='const'
[1;36mdebug: [0mc_header: LOOP START token=59 line=2290 text='const'
[1;36mdebug: [0mc_header: LOOP START token=72 line=2292 text='int'
[1;36mdebug: [0mc_header: LOOP START token=72 line=2294 text='int'
[1;36mdebug: [0mc_header: LOOP START token=59 line=2296 text='const'
[1;36mdebug: [0mc_header: LOOP START token=72 line=2298 text='int'
[1;36mdebug: [0mc_header: LOOP START token=59 line=2300 text='const'
[1;36mdebug: [0mc_header: LOOP START token=81 line=2305 text='struct'
[1;36mdebug: [0mc_header: LOOP START token=81 line=2307 text='struct'
[1;36mdebug: [0mc_header: w_name=wl_list_init
[1;36mdebug: [0mc_header: parsed function wl_list_init with 1 params (varargs=0) at line 2311
[1;36mdebug: [0mc_header: w_name=wl_list_insert
[1;36mdebug: [0mc_header: parsed function wl_list_insert with 2 params (varargs=0) at line 2314
[1;36mdebug: [0mc_header: w_name=wl_list_remove
[1;36mdebug: [0mc_header: parsed function wl_list_remove with 1 params (varargs=0) at line 2317
[1;36mdebug: [0mc_header: w_name=wl_list_length
[1;36mdebug: [0mc_header: parsed function wl_list_length with 1 params (varargs=0) at line 2320
[1;36mdebug: [0mc_header: w_name=wl_list_empty
[1;36mdebug: [0mc_header: parsed function wl_list_empty with 1 params (varargs=0) at line 2323
[1;36mdebug: [0mc_header: w_name=wl_list_insert_list
[1;36mdebug: [0mc_header: parsed function wl_list_insert_list with 2 params (varargs=0) at line 2326
[1;36mdebug: [0mc_header: LOOP START token=1 line=2330 text='size_t'
[1;36mdebug: [0mc_header: LOOP START token=1 line=2332 text='size_t'
[1;36mdebug: [0mc_header: LOOP START token=86 line=2334 text='void'
[1;36mdebug: [0mc_header: w_name=wl_array_init
[1;36mdebug: [0mc_header: parsed function wl_array_init with 1 params (varargs=0) at line 2338
[1;36mdebug: [0mc_header: w_name=wl_array_release
[1;36mdebug: [0mc_header: parsed function wl_array_release with 1 params (varargs=0) at line 2341
[1;36mdebug: [0mc_header: w_name=wl_array_add
[1;36mdebug: [0mc_header: parsed function wl_array_add with 2 params (varargs=0) at line 2344
[1;36mdebug: [0mc_header: w_name=wl_array_copy
[1;36mdebug: [0mc_header: parsed function wl_array_copy with 2 params (varargs=0) at line 2347
[1;36mdebug: [0mc_header: w_name=wl_fixed_to_double
[1;36mdebug: [0mc_header: parsed function wl_fixed_to_double with 1 params (varargs=0) at line 2353
[1;36mdebug: [0mc_header: w_name=wl_fixed_from_double
[1;36mdebug: [0mc_header: parsed function wl_fixed_from_double with 1 params (varargs=0) at line 2359
[1;36mdebug: [0mc_header: w_name=wl_fixed_to_int
[1;36mdebug: [0mc_header: parsed function wl_fixed_to_int with 1 params (varargs=0) at line 2365
[1;36mdebug: [0mc_header: w_name=wl_fixed_from_int
[1;36mdebug: [0mc_header: parsed function wl_fixed_from_int with 1 params (varargs=0) at line 2371
[1;36mdebug: [0mc_header: LOOP START token=1 line=2376 text='int32_t'
[1;36mdebug: [0mc_header: LOOP START token=1 line=2377 text='uint32_t'
[1;36mdebug: [0mc_header: LOOP START token=1 line=2378 text='wl_fixed_t'
[1;36mdebug: [0mc_header: LOOP START token=59 line=2379 text='const'
[1;36mdebug: [0mc_header: LOOP START token=81 line=2380 text='struct'
[1;36mdebug: [0mc_header: LOOP START token=1 line=2381 text='uint32_t'
[1;36mdebug: [0mc_header: LOOP START token=81 line=2382 text='struct'
[1;36mdebug: [0mc_header: LOOP START token=1 line=2383 text='int32_t'
[1;36mdebug: [0mc_header: LOOP START token=1
[1;36mdebug: [0mc_header: LOOP START token=1
[1;36mdebug: [0mc_header: LOOP START token=1
[1;36mdebug: [0mc_header: LOOP START token=1
[1;36mdebug: [0mc_header: LOOP START token=1
[1;36mdebug: [0mc_header: LOOP START token=1
[1;36mdebug: [0mc_header: w_name=wl_event_loop_create
[1;36mdebug: [0mc_header: parsed function wl_event_loop_create with 0 params (varargs=0) at line 2428
[1;36mdebug: [0mc_header: w_name=wl_event_loop_destroy
[1;36mdebug: [0mc_header: parsed function wl_event_loop_destroy with 1 params (varargs=0) at line 2431
[1;36mdebug: [0mc_header: w_name=wl_event_loop_add_fd
[1;36mdebug: [0mc_header: parsed function wl_event_loop_add_fd with 5 params (varargs=0) at line 2437
[1;36mdebug: [0mc_header: w_name=wl_event_source_fd_update
[1;36mdebug: [0mc_header: parsed function wl_event_source_fd_update with 2 params (varargs=0) at line 2440
[1;36mdebug: [0mc_header: w_name=wl_event_loop_add_timer
[1;36mdebug: [0mc_header: parsed function wl_event_loop_add_timer with 3 params (varargs=0) at line 2445
[1;36mdebug: [0mc_header: w_name=wl_event_loop_add_signal
[1;36mdebug: [0mc_header: parsed function wl_event_loop_add_signal with 4 params (varargs=0) at line 2451
[1;36mdebug: [0mc_header: w_name=wl_event_source_timer_update
[1;36mdebug: [0mc_header: parsed function wl_event_source_timer_update with 2 params (varargs=0) at line 2455
[1;36mdebug: [0mc_header: w_name=wl_event_source_remove
[1;36mdebug: [0mc_header: parsed function wl_event_source_remove with 1 params (varargs=0) at line 2458
[1;36mdebug: [0mc_header: w_name=wl_event_source_check
[1;36mdebug: [0mc_header: parsed function wl_event_source_check with 1 params (varargs=0) at line 2461
[1;36mdebug: [0mc_header: w_name=wl_event_loop_dispatch
[1;36mdebug: [0mc_header: parsed function wl_event_loop_dispatch with 2 params (varargs=0) at line 2464
[1;36mdebug: [0mc_header: w_name=wl_event_loop_dispatch_idle
[1;36mdebug: [0mc_header: parsed function wl_event_loop_dispatch_idle with 1 params (varargs=0) at line 2467
[1;36mdebug: [0mc_header: w_name=wl_event_loop_add_idle
[1;36mdebug: [0mc_header: parsed function wl_event_loop_add_idle with 3 params (varargs=0) at line 2472
[1;36mdebug: [0mc_header: w_name=wl_event_loop_get_fd
[1;36mdebug: [0mc_header: parsed function wl_event_loop_get_fd with 1 params (varargs=0) at line 2475
[1;36mdebug: [0mc_header: w_name=wl_event_loop_add_destroy_listener
[1;36mdebug: [0mc_header: parsed function wl_event_loop_add_destroy_listener with 2 params (varargs=0) at line 2483
[1;36mdebug: [0mc_header: w_name=wl_event_loop_get_destroy_listener
[1;36mdebug: [0mc_header: parsed function wl_event_loop_get_destroy_listener with 2 params (varargs=0) at line 2487
[1;36mdebug: [0mc_header: w_name=wl_display_create
[1;36mdebug: [0mc_header: parsed function wl_display_create with 0 params (varargs=0) at line 2490
[1;36mdebug: [0mc_header: w_name=wl_display_destroy
[1;36mdebug: [0mc_header: parsed function wl_display_destroy with 1 params (varargs=0) at line 2493
[1;36mdebug: [0mc_header: w_name=wl_display_get_event_loop
[1;36mdebug: [0mc_header: parsed function wl_display_get_event_loop with 1 params (varargs=0) at line 2496
[1;36mdebug: [0mc_header: w_name=wl_display_add_socket
[1;36mdebug: [0mc_header: parsed function wl_display_add_socket with 2 params (varargs=0) at line 2499
[1;36mdebug: [0mc_header: w_name=wl_display_add_socket_auto
[1;36mdebug: [0mc_header: parsed function wl_display_add_socket_auto with 1 params (varargs=0) at line 2502
[1;36mdebug: [0mc_header: w_name=wl_display_add_socket_fd
[1;36mdebug: [0mc_header: parsed function wl_display_add_socket_fd with 2 params (varargs=0) at line 2505
[1;36mdebug: [0mc_header: w_name=wl_display_remove_socket_fd
[1;36mdebug: [0mc_header: parsed function wl_display_remove_socket_fd with 2 params (varargs=0) at line 2508
[1;36mdebug: [0mc_header: w_name=wl_display_terminate
[1;36mdebug: [0mc_header: parsed function wl_display_terminate with 1 params (varargs=0) at line 2511
[1;36mdebug: [0mc_header: w_name=wl_display_run
[1;36mdebug: [0mc_header: parsed function wl_display_run with 1 params (varargs=0) at line 2514
[1;36mdebug: [0mc_header: w_name=wl_display_flush_clients
[1;36mdebug: [0mc_header: parsed function wl_display_flush_clients with 1 params (varargs=0) at line 2517
[1;36mdebug: [0mc_header: w_name=wl_display_destroy_clients
[1;36mdebug: [0mc_header: parsed function wl_display_destroy_clients with 1 params (varargs=0) at line 2520
[1;36mdebug: [0mc_header: w_name=wl_display_set_default_max_buffer_size
[1;36mdebug: [0mc_header: parsed function wl_display_set_default_max_buffer_size with 2 params (varargs=0) at line 2524
[1;36mdebug: [0mc_header: w_name=wl_display_get_serial
[1;36mdebug: [0mc_header: parsed function wl_display_get_serial with 1 params (varargs=0) at line 2535
[1;36mdebug: [0mc_header: w_name=wl_display_next_serial
[1;36mdebug: [0mc_header: parsed function wl_display_next_serial with 1 params (varargs=0) at line 2538
[1;36mdebug: [0mc_header: w_name=wl_display_add_destroy_listener
[1;36mdebug: [0mc_header: parsed function wl_display_add_destroy_listener with 2 params (varargs=0) at line 2542
[1;36mdebug: [0mc_header: w_name=wl_display_add_client_created_listener
[1;36mdebug: [0mc_header: parsed function wl_display_add_client_created_listener with 2 params (varargs=0) at line 2546
[1;36mdebug: [0mc_header: w_name=wl_display_get_destroy_listener
[1;36mdebug: [0mc_header: parsed function wl_display_get_destroy_listener with 2 params (varargs=0) at line 2550
[1;36mdebug: [0mc_header: w_name=wl_global_create
[1;36mdebug: [0mc_header: parsed function wl_global_create with 5 params (varargs=0) at line 2556
[1;36mdebug: [0mc_header: w_name=wl_global_remove
[1;36mdebug: [0mc_header: parsed function wl_global_remove with 1 params (varargs=0) at line 2559
[1;36mdebug: [0mc_header: w_name=wl_global_set_withdrawn_listener
[1;36mdebug: [0mc_header: parsed function wl_global_set_withdrawn_listener with 2 params (varargs=0) at line 2563
[1;36mdebug: [0mc_header: w_name=wl_global_destroy
[1;36mdebug: [0mc_header: parsed function wl_global_destroy with 1 params (varargs=0) at line 2566
[1;36mdebug: [0mc_header: w_name=wl_display_set_global_filter
[1;36mdebug: [0mc_header: parsed function wl_display_set_global_filter with 3 params (varargs=0) at line 2575
[1;36mdebug: [0mc_header: w_name=wl_global_get_interface
[1;36mdebug: [0mc_header: parsed function wl_global_get_interface with 1 params (varargs=0) at line 2578
[1;36mdebug: [0mc_header: w_name=wl_global_get_name
[1;36mdebug: [0mc_header: parsed function wl_global_get_name with 2 params (varargs=0) at line 2582
[1;36mdebug: [0mc_header: w_name=wl_global_get_version
[1;36mdebug: [0mc_header: parsed function wl_global_get_version with 1 params (varargs=0) at line 2585
[1;36mdebug: [0mc_header: w_name=wl_global_get_display
[1;36mdebug: [0mc_header: parsed function wl_global_get_display with 1 params (varargs=0) at line 2588
[1;36mdebug: [0mc_header: w_name=wl_global_get_user_data
[1;36mdebug: [0mc_header: parsed function wl_global_get_user_data with 1 params (varargs=0) at line 2591
[1;36mdebug: [0mc_header: w_name=wl_global_set_user_data
[1;36mdebug: [0mc_header: parsed function wl_global_set_user_data with 2 params (varargs=0) at line 2594
[1;36mdebug: [0mc_header: w_name=wl_client_create
[1;36mdebug: [0mc_header: parsed function wl_client_create with 2 params (varargs=0) at line 2597
[1;36mdebug: [0mc_header: w_name=wl_display_get_client_list
[1;36mdebug: [0mc_header: parsed function wl_display_get_client_list with 1 params (varargs=0) at line 2600
[1;36mdebug: [0mc_header: w_name=wl_client_get_link
[1;36mdebug: [0mc_header: parsed function wl_client_get_link with 1 params (varargs=0) at line 2603
[1;36mdebug: [0mc_header: w_name=wl_client_from_link
[1;36mdebug: [0mc_header: parsed function wl_client_from_link with 1 params (varargs=0) at line 2606
[1;36mdebug: [0mc_header: w_name=wl_client_destroy
[1;36mdebug: [0mc_header: parsed function wl_client_destroy with 1 params (varargs=0) at line 2615
[1;36mdebug: [0mc_header: w_name=wl_client_flush
[1;36mdebug: [0mc_header: parsed function wl_client_flush with 1 params (varargs=0) at line 2618
[1;36mdebug: [0mc_header: w_name=wl_client_get_credentials
[1;36mdebug: [0mc_header: parsed function wl_client_get_credentials with 4 params (varargs=0) at line 2622
[1;36mdebug: [0mc_header: w_name=wl_client_get_fd
[1;36mdebug: [0mc_header: parsed function wl_client_get_fd with 1 params (varargs=0) at line 2625
[1;36mdebug: [0mc_header: w_name=wl_client_add_destroy_listener
[1;36mdebug: [0mc_header: parsed function wl_client_add_destroy_listener with 2 params (varargs=0) at line 2629
[1;36mdebug: [0mc_header: w_name=wl_client_get_destroy_listener
[1;36mdebug: [0mc_header: parsed function wl_client_get_destroy_listener with 2 params (varargs=0) at line 2633
[1;36mdebug: [0mc_header: w_name=wl_client_add_destroy_late_listener
[1;36mdebug: [0mc_header: parsed function wl_client_add_destroy_late_listener with 2 params (varargs=0) at line 2637
[1;36mdebug: [0mc_header: w_name=wl_client_get_destroy_late_listener
[1;36mdebug: [0mc_header: parsed function wl_client_get_destroy_late_listener with 2 params (varargs=0) at line 2641
[1;36mdebug: [0mc_header: w_name=wl_client_get_object
[1;36mdebug: [0mc_header: parsed function wl_client_get_object with 2 params (varargs=0) at line 2644
[1;36mdebug: [0mc_header: w_name=wl_client_post_no_memory
[1;36mdebug: [0mc_header: parsed function wl_client_post_no_memory with 1 params (varargs=0) at line 2647
[1;36mdebug: [0mc_header: w_name=wl_client_post_implementation_error
[1;36mdebug: [0mc_header: parsed function wl_client_post_implementation_error with 2 params (varargs=1) at line 2651
[1;36mdebug: [0mc_header: w_name=wl_client_add_resource_created_listener
[1;36mdebug: [0mc_header: parsed function wl_client_add_resource_created_listener with 2 params (varargs=0) at line 2655
[1;36mdebug: [0mc_header: w_name=wl_client_for_each_resource
[1;36mdebug: [0mc_header: parsed function wl_client_for_each_resource with 3 params (varargs=0) at line 2665
[1;36mdebug: [0mc_header: w_name=wl_client_set_user_data
[1;36mdebug: [0mc_header: parsed function wl_client_set_user_data with 3 params (varargs=0) at line 2672
[1;36mdebug: [0mc_header: w_name=wl_client_get_user_data
[1;36mdebug: [0mc_header: parsed function wl_client_get_user_data with 1 params (varargs=0) at line 2675
[1;36mdebug: [0mc_header: w_name=wl_client_set_max_buffer_size
[1;36mdebug: [0mc_header: parsed function wl_client_set_max_buffer_size with 2 params (varargs=0) at line 2678
[1;36mdebug: [0mc_header: LOOP START token=81 line=2682 text='struct'
[1;36mdebug: [0mc_header: LOOP START token=1 line=2685 text='wl_notify_func_t'
[1;36mdebug: [0mc_header: LOOP START token=81 line=2689 text='struct'
[1;36mdebug: [0mc_header: w_name=wl_signal_init
[1;36mdebug: [0mc_header: parsed function wl_signal_init with 1 params (varargs=0) at line 2700
[1;36mdebug: [0mc_header: w_name=wl_signal_add
[1;36mdebug: [0mc_header: parsed function wl_signal_add with 2 params (varargs=0) at line 2706
[1;36mdebug: [0mc_header: w_name=wl_signal_get
[1;36mdebug: [0mc_header: parsed function wl_signal_get with 2 params (varargs=0) at line 2712
[1;36mdebug: [0mc_header: w_name=wl_signal_emit
[1;36mdebug: [0mc_header: parsed function wl_signal_emit with 2 params (varargs=0) at line 2724
[1;36mdebug: [0mc_header: w_name=wl_signal_emit_mutable
[1;36mdebug: [0mc_header: parsed function wl_signal_emit_mutable with 2 params (varargs=0) at line 2732
[1;36mdebug: [0mc_header: w_name=wl_resource_post_event
[1;36mdebug: [0mc_header: parsed function wl_resource_post_event with 2 params (varargs=1) at line 2738
[1;36mdebug: [0mc_header: w_name=wl_resource_post_event_array
[1;36mdebug: [0mc_header: parsed function wl_resource_post_event_array with 3 params (varargs=0) at line 2742
[1;36mdebug: [0mc_header: w_name=wl_resource_queue_event
[1;36mdebug: [0mc_header: parsed function wl_resource_queue_event with 2 params (varargs=1) at line 2746
[1;36mdebug: [0mc_header: w_name=wl_resource_queue_event_array
[1;36mdebug: [0mc_header: parsed function wl_resource_queue_event_array with 3 params (varargs=0) at line 2750
[1;36mdebug: [0mc_header: w_name=wl_resource_post_error_vargs
[1;36mdebug: [0mc_header: parsed function wl_resource_post_error_vargs with 4 params (varargs=0) at line 2754
[1;36mdebug: [0mc_header: w_name=wl_resource_post_error
[1;36mdebug: [0mc_header: parsed function wl_resource_post_error with 3 params (varargs=1) at line 2758
[1;36mdebug: [0mc_header: w_name=wl_resource_post_no_memory
[1;36mdebug: [0mc_header: parsed function wl_resource_post_no_memory with 1 params (varargs=0) at line 2761
[1;36mdebug: [0mc_header: w_name=wl_client_get_display
[1;36mdebug: [0mc_header: parsed function wl_client_get_display with 1 params (varargs=0) at line 2764
[1;36mdebug: [0mc_header: w_name=wl_resource_create
[1;36mdebug: [0mc_header: parsed function wl_resource_create with 4 params (varargs=0) at line 2769
[1;36mdebug: [0mc_header: w_name=wl_resource_set_implementation
[1;36mdebug: [0mc_header: parsed function wl_resource_set_implementation with 4 params (varargs=0) at line 2775
[1;36mdebug: [0mc_header: w_name=wl_resource_set_dispatcher
[1;36mdebug: [0mc_header: parsed function wl_resource_set_dispatcher with 5 params (varargs=0) at line 2782
[1;36mdebug: [0mc_header: w_name=wl_resource_destroy
[1;36mdebug: [0mc_header: parsed function wl_resource_destroy with 1 params (varargs=0) at line 2785
[1;36mdebug: [0mc_header: w_name=wl_resource_get_id
[1;36mdebug: [0mc_header: parsed function wl_resource_get_id with 1 params (varargs=0) at line 2788
[1;36mdebug: [0mc_header: w_name=wl_resource_get_link
[1;36mdebug: [0mc_header: parsed function wl_resource_get_link with 1 params (varargs=0) at line 2791
[1;36mdebug: [0mc_header: w_name=wl_resource_from_link
[1;36mdebug: [0mc_header: parsed function wl_resource_from_link with 1 params (varargs=0) at line 2794
[1;36mdebug: [0mc_header: w_name=wl_resource_find_for_client
[1;36mdebug: [0mc_header: parsed function wl_resource_find_for_client with 2 params (varargs=0) at line 2797
[1;36mdebug: [0mc_header: w_name=wl_resource_get_client
[1;36mdebug: [0mc_header: parsed function wl_resource_get_client with 1 params (varargs=0) at line 2800
[1;36mdebug: [0mc_header: w_name=wl_resource_set_user_data
[1;36mdebug: [0mc_header: parsed function wl_resource_set_user_data with 2 params (varargs=0) at line 2803
[1;36mdebug: [0mc_header: w_name=wl_resource_get_user_data
[1;36mdebug: [0mc_header: parsed function wl_resource_get_user_data with 1 params (varargs=0) at line 2806
[1;36mdebug: [0mc_header: w_name=wl_resource_get_version
[1;36mdebug: [0mc_header: parsed function wl_resource_get_version with 1 params (varargs=0) at line 2809
[1;36mdebug: [0mc_header: w_name=wl_resource_set_destructor
[1;36mdebug: [0mc_header: parsed function wl_resource_set_destructor with 2 params (varargs=0) at line 2813
[1;36mdebug: [0mc_header: w_name=wl_resource_instance_of
[1;36mdebug: [0mc_header: parsed function wl_resource_instance_of with 3 params (varargs=0) at line 2818
[1;36mdebug: [0mc_header: w_name=wl_resource_get_class
[1;36mdebug: [0mc_header: parsed function wl_resource_get_class with 1 params (varargs=0) at line 2821
[1;36mdebug: [0mc_header: w_name=wl_resource_get_interface
[1;36mdebug: [0mc_header: parsed function wl_resource_get_interface with 1 params (varargs=0) at line 2824
[1;36mdebug: [0mc_header: w_name=wl_resource_add_destroy_listener
[1;36mdebug: [0mc_header: parsed function wl_resource_add_destroy_listener with 2 params (varargs=0) at line 2828
[1;36mdebug: [0mc_header: w_name=wl_resource_get_destroy_listener
[1;36mdebug: [0mc_header: parsed function wl_resource_get_destroy_listener with 2 params (varargs=0) at line 2832
[1;36mdebug: [0mc_header: w_name=wl_shm_buffer_get
[1;36mdebug: [0mc_header: parsed function wl_shm_buffer_get with 1 params (varargs=0) at line 2835
[1;36mdebug: [0mc_header: w_name=wl_shm_buffer_begin_access
[1;36mdebug: [0mc_header: parsed function wl_shm_buffer_begin_access with 1 params (varargs=0) at line 2838
[1;36mdebug: [0mc_header: w_name=wl_shm_buffer_end_access
[1;36mdebug: [0mc_header: parsed function wl_shm_buffer_end_access with 1 params (varargs=0) at line 2841
[1;36mdebug: [0mc_header: w_name=wl_shm_buffer_get_data
[1;36mdebug: [0mc_header: parsed function wl_shm_buffer_get_data with 1 params (varargs=0) at line 2844
[1;36mdebug: [0mc_header: w_name=wl_shm_buffer_get_stride
[1;36mdebug: [0mc_header: parsed function wl_shm_buffer_get_stride with 1 params (varargs=0) at line 2847
[1;36mdebug: [0mc_header: w_name=wl_shm_buffer_get_format
[1;36mdebug: [0mc_header: parsed function wl_shm_buffer_get_format with 1 params (varargs=0) at line 2850
[1;36mdebug: [0mc_header: w_name=wl_shm_buffer_get_width
[1;36mdebug: [0mc_header: parsed function wl_shm_buffer_get_width with 1 params (varargs=0) at line 2853
[1;36mdebug: [0mc_header: w_name=wl_shm_buffer_get_height
[1;36mdebug: [0mc_header: parsed function wl_shm_buffer_get_height with 1 params (varargs=0) at line 2856
[1;36mdebug: [0mc_header: w_name=wl_shm_buffer_ref
[1;36mdebug: [0mc_header: parsed function wl_shm_buffer_ref with 1 params (varargs=0) at line 2859
[1;36mdebug: [0mc_header: w_name=wl_shm_buffer_unref
[1;36mdebug: [0mc_header: parsed function wl_shm_buffer_unref with 1 params (varargs=0) at line 2862
[1;36mdebug: [0mc_header: w_name=wl_shm_buffer_ref_pool
[1;36mdebug: [0mc_header: parsed function wl_shm_buffer_ref_pool with 1 params (varargs=0) at line 2865
[1;36mdebug: [0mc_header: w_name=wl_shm_pool_unref
[1;36mdebug: [0mc_header: parsed function wl_shm_pool_unref with 1 params (varargs=0) at line 2868
[1;36mdebug: [0mc_header: w_name=wl_display_init_shm
[1;36mdebug: [0mc_header: parsed function wl_display_init_shm with 1 params (varargs=0) at line 2871
[1;36mdebug: [0mc_header: w_name=wl_display_add_shm_format
[1;36mdebug: [0mc_header: parsed function wl_display_add_shm_format with 2 params (varargs=0) at line 2874
[1;36mdebug: [0mc_header: w_name=wl_log_set_handler_server
[1;36mdebug: [0mc_header: parsed function wl_log_set_handler_server with 1 params (varargs=0) at line 2883
[1;36mdebug: [0mc_header: LOOP START token=1
[1;36mdebug: [0mc_header: LOOP START token=1
[1;36mdebug: [0mc_header: LOOP START token=81 line=2891 text='struct'
[1;36mdebug: [0mc_header: LOOP START token=72 line=2892 text='int'
[1;36mdebug: [0mc_header: LOOP START token=59 line=2893 text='const'
[1;36mdebug: [0mc_header: LOOP START token=72 line=2894 text='int'
[1;36mdebug: [0mc_header: LOOP START token=59 line=2895 text='const'
[1;36mdebug: [0mc_header: w_name=wl_display_add_protocol_logger
[1;36mdebug: [0mc_header: parsed function wl_display_add_protocol_logger with 3 params (varargs=0) at line 2905
[1;36mdebug: [0mc_header: w_name=wl_protocol_logger_destroy
[1;36mdebug: [0mc_header: parsed function wl_protocol_logger_destroy with 1 params (varargs=0) at line 2908
[1;36mdebug: [0mc_header: w_name=wl_fixes_handle_ack_global_remove
[1;36mdebug: [0mc_header: parsed function wl_fixes_handle_ack_global_remove with 3 params (varargs=0) at line 2913
[1;36mdebug: [0mc_header: LOOP START token=81 line=2924 text='struct'
[1;36mdebug: [0mc_header: LOOP START token=86 line=2926 text='void'
[1;36mdebug: [0mc_header: w_name=wlr_allocator_init
[1;36mdebug: [0mc_header: parsed function wlr_allocator_init with 3 params (varargs=0) at line 2930
[1;36mdebug: [0mc_header: LOOP START token=59 line=2933 text='const'
[1;36mdebug: [0mc_header: LOOP START token=1 line=2936 text='uint32_t'
[1;36mdebug: [0mc_header: LOOP START token=81 line=2938 text='struct'
[1;36mdebug: [0mc_header: LOOP START token=81 line=2939 text='struct'
[1;36mdebug: [0mc_header: w_name=wlr_allocator_autocreate
[1;36mdebug: [0mc_header: parsed function wlr_allocator_autocreate with 2 params (varargs=0) at line 2947
[1;36mdebug: [0mc_header: w_name=wlr_allocator_destroy
[1;36mdebug: [0mc_header: parsed function wlr_allocator_destroy with 1 params (varargs=0) at line 2951
[1;36mdebug: [0mc_header: w_name=wlr_allocator_create_buffer
[1;36mdebug: [0mc_header: parsed function wlr_allocator_create_buffer with 4 params (varargs=0) at line 2954
[1;36mdebug: [0mc_header: LOOP START token=72
[1;36mdebug: [0mc_header: w_name=__bswap_16
[1;36mdebug: [0mc_header: parsed function __bswap_16 with 1 params (varargs=0) at line 395
[1;36mdebug: [0mc_header: w_name=__bswap_32
[1;36mdebug: [0mc_header: parsed function __bswap_32 with 1 params (varargs=0) at line 410
[1;36mdebug: [0mc_header: w_name=__bswap_64
[1;36mdebug: [0mc_header: parsed function __bswap_64 with 1 params (varargs=0) at line 420
[1;36mdebug: [0mc_header: w_name=__uint16_identity
[1;36mdebug: [0mc_header: parsed function __uint16_identity with 1 params (varargs=0) at line 432
[1;36mdebug: [0mc_header: w_name=__uint32_identity
[1;36mdebug: [0mc_header: parsed function __uint32_identity with 1 params (varargs=0) at line 438
[1;36mdebug: [0mc_header: w_name=__uint64_identity
[1;36mdebug: [0mc_header: parsed function __uint64_identity with 1 params (varargs=0) at line 444
[1;36mdebug: [0mc_header: LOOP START token=85
[1;36mdebug: [0mc_header: LOOP START token=1 line=492 text='__time_t'
[1;36mdebug: [0mc_header: LOOP START token=1 line=493 text='__suseconds_t'
[1;36mdebug: [0mc_header: LOOP START token=1 line=505 text='__time_t'
[1;36mdebug: [0mc_header: LOOP START token=1 line=510 text='__syscall_slong_t'
[1;36mdebug: [0mc_header: LOOP START token=1
[1;36mdebug: [0mc_header: w_name=select
[1;36mdebug: [0mc_header: parsed function select with 5 params (varargs=0) at line 550
[1;36mdebug: [0mc_header: w_name=pselect
[1;36mdebug: [0mc_header: parsed function pselect with 6 params (varargs=0) at line 556
[1;36mdebug: [0mc_header: LOOP START token=97
[1;36mdebug: [0mc_header: LOOP START token=81
[1;36mdebug: [0mc_header: LOOP START token=85
[1;36mdebug: [0mc_header: LOOP START token=85
[1;36mdebug: [0mc_header: LOOP START token=81
[1;36mdebug: [0mc_header: LOOP START token=81
[1;36mdebug: [0mc_header: LOOP START token=81
[1;36mdebug: [0mc_header: LOOP START token=72 line=623 text='int'
[1;36mdebug: [0mc_header: LOOP START token=85 line=624 text='unsigned'
[1;36mdebug: [0mc_header: LOOP START token=72 line=625 text='int'
[1;36mdebug: [0mc_header: LOOP START token=85 line=627 text='unsigned'
[1;36mdebug: [0mc_header: LOOP START token=72 line=631 text='int'
[1;36mdebug: [0mc_header: LOOP START token=77 line=633 text='short'
[1;36mdebug: [0mc_header: LOOP START token=77 line=634 text='short'
[1;36mdebug: [0mc_header: LOOP START token=1 line=635 text='__pthread_list_t'
[1;36mdebug: [0mc_header: LOOP START token=85 line=644 text='unsigned'
[1;36mdebug: [0mc_header: LOOP START token=85 line=645 text='unsigned'
[1;36mdebug: [0mc_header: LOOP START token=85 line=646 text='unsigned'
[1;36mdebug: [0mc_header: LOOP START token=85 line=647 text='unsigned'
[1;36mdebug: [0mc_header: LOOP START token=85 line=648 text='unsigned'
[1;36mdebug: [0mc_header: LOOP START token=85 line=649 text='unsigned'
[1;36mdebug: [0mc_header: LOOP START token=72 line=651 text='int'
[1;36mdebug: [0mc_header: LOOP START token=72 line=652 text='int'
[1;36mdebug: [0mc_header: LOOP START token=85 line=653 text='unsigned'
[1;36mdebug: [0mc_header: LOOP START token=85 line=654 text='unsigned'
[1;36mdebug: [0mc_header: LOOP START token=85 line=657 text='unsigned'
[1;36mdebug: [0mc_header: LOOP START token=1 line=667 text='__atomic_wide_counter'
[1;36mdebug: [0mc_header: LOOP START token=1 line=668 text='__atomic_wide_counter'
[1;36mdebug: [0mc_header: LOOP START token=85 line=669 text='unsigned'
[1;36mdebug: [0mc_header: LOOP START token=85 line=670 text='unsigned'
[1;36mdebug: [0mc_header: LOOP START token=85 line=671 text='unsigned'
[1;36mdebug: [0mc_header: LOOP START token=85 line=672 text='unsigned'
[1;36mdebug: [0mc_header: LOOP START token=85 line=673 text='unsigned'
[1;36mdebug: [0mc_header: LOOP START token=85 line=674 text='unsigned'
[1;36mdebug: [0mc_header: LOOP START token=72
[1;36mdebug: [0mc_header: LOOP START token=58
[1;36mdebug: [0mc_header: LOOP START token=72
[1;36mdebug: [0mc_header: LOOP START token=58
[1;36mdebug: [0mc_header: LOOP START token=72
[1;36mdebug: [0mc_header: LOOP START token=58 line=719 text='char'
[1;36mdebug: [0mc_header: LOOP START token=73 line=720 text='long'
[1;36mdebug: [0mc_header: LOOP START token=81
[1;36mdebug: [0mc_header: LOOP START token=58
[1;36mdebug: [0mc_header: LOOP START token=73
[1;36mdebug: [0mc_header: LOOP START token=81
[1;36mdebug: [0mc_header: LOOP START token=58
[1;36mdebug: [0mc_header: LOOP START token=97
[1;36mdebug: [0mc_header: LOOP START token=81
[1;36mdebug: [0mc_header: LOOP START token=58
[1;36mdebug: [0mc_header: LOOP START token=73
[1;36mdebug: [0mc_header: LOOP START token=58
[1;36mdebug: [0mc_header: LOOP START token=73
[1;36mdebug: [0mc_header: LOOP START token=58
[1;36mdebug: [0mc_header: LOOP START token=73
[1;36mdebug: [0mc_header: LOOP START token=58
[1;36mdebug: [0mc_header: LOOP START token=72
[1;36mdebug: [0mc_header: LOOP START token=1
[1;36mdebug: [0mc_header: LOOP START token=1
[1;36mdebug: [0mc_header: LOOP START token=1
[1;36mdebug: [0mc_header: LOOP START token=1
[1;36mdebug: [0mc_header: LOOP START token=1
[1;36mdebug: [0mc_header: w_name=__fpclassify
[1;36mdebug: [0mc_header: parsed function __fpclassify with 1 params (varargs=0) at line 862
[1;36mdebug: [0mc_header: w_name=__signbit
[1;36mdebug: [0mc_header: parsed function __signbit with 1 params (varargs=0) at line 866
[1;36mdebug: [0mc_header: w_name=__isinf
[1;36mdebug: [0mc_header: parsed function __isinf with 1 params (varargs=0) at line 871
[1;36mdebug: [0mc_header: w_name=__finite
[1;36mdebug: [0mc_header: parsed function __finite with 1 params (varargs=0) at line 875
[1;36mdebug: [0mc_header: w_name=__isnan
[1;36mdebug: [0mc_header: parsed function __isnan with 1 params (varargs=0) at line 879
[1;36mdebug: [0mc_header: w_name=__iseqsig
[1;36mdebug: [0mc_header: parsed function __iseqsig with 2 params (varargs=0) at line 883
[1;36mdebug: [0mc_header: w_name=__issignaling
[1;36mdebug: [0mc_header: parsed function __issignaling with 1 params (varargs=0) at line 886
[1;36mdebug: [0mc_header: w_name=acos
[1;36mdebug: [0mc_header: parsed function acos with 1 params (varargs=0) at line 891
[1;36mdebug: [0mc_header: w_name=__acos
[1;36mdebug: [0mc_header: parsed function __acos with 1 params (varargs=0) at line 891
[1;36mdebug: [0mc_header: w_name=asin
[1;36mdebug: [0mc_header: parsed function asin with 1 params (varargs=0) at line 893
[1;36mdebug: [0mc_header: w_name=__asin
[1;36mdebug: [0mc_header: parsed function __asin with 1 params (varargs=0) at line 893
[1;36mdebug: [0mc_header: w_name=atan
[1;36mdebug: [0mc_header: parsed function atan with 1 params (varargs=0) at line 895
[1;36mdebug: [0mc_header: w_name=__atan
[1;36mdebug: [0mc_header: parsed function __atan with 1 params (varargs=0) at line 895
[1;36mdebug: [0mc_header: w_name=atan2
[1;36mdebug: [0mc_header: parsed function atan2 with 2 params (varargs=0) at line 897
[1;36mdebug: [0mc_header: w_name=__atan2
[1;36mdebug: [0mc_header: parsed function __atan2 with 2 params (varargs=0) at line 897
[1;36mdebug: [0mc_header: w_name=cos
[1;36mdebug: [0mc_header: parsed function cos with 1 params (varargs=0) at line 900
[1;36mdebug: [0mc_header: w_name=__cos
[1;36mdebug: [0mc_header: parsed function __cos with 1 params (varargs=0) at line 900
[1;36mdebug: [0mc_header: w_name=sin
[1;36mdebug: [0mc_header: parsed function sin with 1 params (varargs=0) at line 902
[1;36mdebug: [0mc_header: w_name=__sin
[1;36mdebug: [0mc_header: parsed function __sin with 1 params (varargs=0) at line 902
[1;36mdebug: [0mc_header: w_name=tan
[1;36mdebug: [0mc_header: parsed function tan with 1 params (varargs=0) at line 904
[1;36mdebug: [0mc_header: w_name=__tan
[1;36mdebug: [0mc_header: parsed function __tan with 1 params (varargs=0) at line 904
[1;36mdebug: [0mc_header: w_name=acospi
[1;36mdebug: [0mc_header: parsed function acospi with 1 params (varargs=0) at line 908
[1;36mdebug: [0mc_header: w_name=__acospi
[1;36mdebug: [0mc_header: parsed function __acospi with 1 params (varargs=0) at line 908
[1;36mdebug: [0mc_header: w_name=acospi
[1;36mdebug: [0mc_header: parsed function acospi with 1 params (varargs=0) at line 909
[1;36mdebug: [0mc_header: w_name=__acospi
[1;36mdebug: [0mc_header: parsed function __acospi with 1 params (varargs=0) at line 909
[1;36mdebug: [0mc_header: w_name=asinpi
[1;36mdebug: [0mc_header: parsed function asinpi with 1 params (varargs=0) at line 911
[1;36mdebug: [0mc_header: w_name=__asinpi
[1;36mdebug: [0mc_header: parsed function __asinpi with 1 params (varargs=0) at line 911
[1;36mdebug: [0mc_header: w_name=asinpi
[1;36mdebug: [0mc_header: parsed function asinpi with 1 params (varargs=0) at line 912
[1;36mdebug: [0mc_header: w_name=__asinpi
[1;36mdebug: [0mc_header: parsed function __asinpi with 1 params (varargs=0) at line 912
[1;36mdebug: [0mc_header: w_name=atanpi
[1;36mdebug: [0mc_header: parsed function atanpi with 1 params (varargs=0) at line 914
[1;36mdebug: [0mc_header: w_name=__atanpi
[1;36mdebug: [0mc_header: parsed function __atanpi with 1 params (varargs=0) at line 914
[1;36mdebug: [0mc_header: w_name=atanpi
[1;36mdebug: [0mc_header: parsed function atanpi with 1 params (varargs=0) at line 915
[1;36mdebug: [0mc_header: w_name=__atanpi
[1;36mdebug: [0mc_header: parsed function __atanpi with 1 params (varargs=0) at line 915
[1;36mdebug: [0mc_header: w_name=atan2pi
[1;36mdebug: [0mc_header: parsed function atan2pi with 2 params (varargs=0) at line 917
[1;36mdebug: [0mc_header: w_name=__atan2pi
[1;36mdebug: [0mc_header: parsed function __atan2pi with 2 params (varargs=0) at line 917
[1;36mdebug: [0mc_header: w_name=atan2pi
[1;36mdebug: [0mc_header: parsed function atan2pi with 2 params (varargs=0) at line 918
[1;36mdebug: [0mc_header: w_name=__atan2pi
[1;36mdebug: [0mc_header: parsed function __atan2pi with 2 params (varargs=0) at line 918
[1;36mdebug: [0mc_header: w_name=cospi
[1;36mdebug: [0mc_header: parsed function cospi with 1 params (varargs=0) at line 921
[1;36mdebug: [0mc_header: w_name=__cospi
[1;36mdebug: [0mc_header: parsed function __cospi with 1 params (varargs=0) at line 921
[1;36mdebug: [0mc_header: w_name=sinpi
[1;36mdebug: [0mc_header: parsed function sinpi with 1 params (varargs=0) at line 923
[1;36mdebug: [0mc_header: w_name=__sinpi
[1;36mdebug: [0mc_header: parsed function __sinpi with 1 params (varargs=0) at line 923
[1;36mdebug: [0mc_header: w_name=tanpi
[1;36mdebug: [0mc_header: parsed function tanpi with 1 params (varargs=0) at line 925
[1;36mdebug: [0mc_header: w_name=__tanpi
[1;36mdebug: [0mc_header: parsed function __tanpi with 1 params (varargs=0) at line 925
[1;36mdebug: [0mc_header: w_name=cosh
[1;36mdebug: [0mc_header: parsed function cosh with 1 params (varargs=0) at line 931
[1;36mdebug: [0mc_header: w_name=__cosh
[1;36mdebug: [0mc_header: parsed function __cosh with 1 params (varargs=0) at line 931
[1;36mdebug: [0mc_header: w_name=sinh
[1;36mdebug: [0mc_header: parsed function sinh with 1 params (varargs=0) at line 933
[1;36mdebug: [0mc_header: w_name=__sinh
[1;36mdebug: [0mc_header: parsed function __sinh with 1 params (varargs=0) at line 933
[1;36mdebug: [0mc_header: w_name=tanh
[1;36mdebug: [0mc_header: parsed function tanh with 1 params (varargs=0) at line 935
[1;36mdebug: [0mc_header: w_name=__tanh
[1;36mdebug: [0mc_header: parsed function __tanh with 1 params (varargs=0) at line 935
[1;36mdebug: [0mc_header: w_name=acosh
[1;36mdebug: [0mc_header: parsed function acosh with 1 params (varargs=0) at line 937
[1;36mdebug: [0mc_header: w_name=__acosh
[1;36mdebug: [0mc_header: parsed function __acosh with 1 params (varargs=0) at line 937
[1;36mdebug: [0mc_header: w_name=asinh
[1;36mdebug: [0mc_header: parsed function asinh with 1 params (varargs=0) at line 939
[1;36mdebug: [0mc_header: w_name=__asinh
[1;36mdebug: [0mc_header: parsed function __asinh with 1 params (varargs=0) at line 939
[1;36mdebug: [0mc_header: w_name=atanh
[1;36mdebug: [0mc_header: parsed function atanh with 1 params (varargs=0) at line 941
[1;36mdebug: [0mc_header: w_name=__atanh
[1;36mdebug: [0mc_header: parsed function __atanh with 1 params (varargs=0) at line 941
[1;36mdebug: [0mc_header: w_name=exp
[1;36mdebug: [0mc_header: parsed function exp with 1 params (varargs=0) at line 947
[1;36mdebug: [0mc_header: w_name=__exp
[1;36mdebug: [0mc_header: parsed function __exp with 1 params (varargs=0) at line 947
[1;36mdebug: [0mc_header: w_name=frexp
[1;36mdebug: [0mc_header: parsed function frexp with 2 params (varargs=0) at line 950
[1;36mdebug: [0mc_header: w_name=__frexp
[1;36mdebug: [0mc_header: parsed function __frexp with 2 params (varargs=0) at line 950
[1;36mdebug: [0mc_header: w_name=ldexp
[1;36mdebug: [0mc_header: parsed function ldexp with 2 params (varargs=0) at line 953
[1;36mdebug: [0mc_header: w_name=__ldexp
[1;36mdebug: [0mc_header: parsed function __ldexp with 2 params (varargs=0) at line 953
[1;36mdebug: [0mc_header: w_name=log
[1;36mdebug: [0mc_header: parsed function log with 1 params (varargs=0) at line 956
[1;36mdebug: [0mc_header: w_name=__log
[1;36mdebug: [0mc_header: parsed function __log with 1 params (varargs=0) at line 956
[1;36mdebug: [0mc_header: w_name=log10
[1;36mdebug: [0mc_header: parsed function log10 with 1 params (varargs=0) at line 959
[1;36mdebug: [0mc_header: w_name=__log10
[1;36mdebug: [0mc_header: parsed function __log10 with 1 params (varargs=0) at line 959
[1;36mdebug: [0mc_header: w_name=modf
[1;36mdebug: [0mc_header: parsed function modf with 2 params (varargs=0) at line 962
[1;36mdebug: [0mc_header: w_name=__modf
[1;36mdebug: [0mc_header: parsed function __modf with 2 params (varargs=0) at line 962
[1;36mdebug: [0mc_header: w_name=exp10
[1;36mdebug: [0mc_header: parsed function exp10 with 1 params (varargs=0) at line 966
[1;36mdebug: [0mc_header: w_name=__exp10
[1;36mdebug: [0mc_header: parsed function __exp10 with 1 params (varargs=0) at line 966
[1;36mdebug: [0mc_header: w_name=exp2m1
[1;36mdebug: [0mc_header: parsed function exp2m1 with 1 params (varargs=0) at line 969
[1;36mdebug: [0mc_header: w_name=__exp2m1
[1;36mdebug: [0mc_header: parsed function __exp2m1 with 1 params (varargs=0) at line 969
[1;36mdebug: [0mc_header: w_name=exp10m1
[1;36mdebug: [0mc_header: parsed function exp10m1 with 1 params (varargs=0) at line 972
[1;36mdebug: [0mc_header: w_name=__exp10m1
[1;36mdebug: [0mc_header: parsed function __exp10m1 with 1 params (varargs=0) at line 972
[1;36mdebug: [0mc_header: w_name=log2p1
[1;36mdebug: [0mc_header: parsed function log2p1 with 1 params (varargs=0) at line 975
[1;36mdebug: [0mc_header: w_name=__log2p1
[1;36mdebug: [0mc_header: parsed function __log2p1 with 1 params (varargs=0) at line 975
[1;36mdebug: [0mc_header: w_name=log10p1
[1;36mdebug: [0mc_header: parsed function log10p1 with 1 params (varargs=0) at line 978
[1;36mdebug: [0mc_header: w_name=__log10p1
[1;36mdebug: [0mc_header: parsed function __log10p1 with 1 params (varargs=0) at line 978
[1;36mdebug: [0mc_header: w_name=logp1
[1;36mdebug: [0mc_header: parsed function logp1 with 1 params (varargs=0) at line 981
[1;36mdebug: [0mc_header: w_name=__logp1
[1;36mdebug: [0mc_header: parsed function __logp1 with 1 params (varargs=0) at line 981
[1;36mdebug: [0mc_header: w_name=expm1
[1;36mdebug: [0mc_header: parsed function expm1 with 1 params (varargs=0) at line 986
[1;36mdebug: [0mc_header: w_name=__expm1
[1;36mdebug: [0mc_header: parsed function __expm1 with 1 params (varargs=0) at line 986
[1;36mdebug: [0mc_header: w_name=log1p
[1;36mdebug: [0mc_header: parsed function log1p with 1 params (varargs=0) at line 989
[1;36mdebug: [0mc_header: w_name=__log1p
[1;36mdebug: [0mc_header: parsed function __log1p with 1 params (varargs=0) at line 989
[1;36mdebug: [0mc_header: w_name=logb
[1;36mdebug: [0mc_header: parsed function logb with 1 params (varargs=0) at line 992
[1;36mdebug: [0mc_header: w_name=__logb
[1;36mdebug: [0mc_header: parsed function __logb with 1 params (varargs=0) at line 992
[1;36mdebug: [0mc_header: w_name=exp2
[1;36mdebug: [0mc_header: parsed function exp2 with 1 params (varargs=0) at line 997
[1;36mdebug: [0mc_header: w_name=__exp2
[1;36mdebug: [0mc_header: parsed function __exp2 with 1 params (varargs=0) at line 997
[1;36mdebug: [0mc_header: w_name=log2
[1;36mdebug: [0mc_header: parsed function log2 with 1 params (varargs=0) at line 1000
[1;36mdebug: [0mc_header: w_name=__log2
[1;36mdebug: [0mc_header: parsed function __log2 with 1 params (varargs=0) at line 1000
[1;36mdebug: [0mc_header: w_name=pow
[1;36mdebug: [0mc_header: parsed function pow with 2 params (varargs=0) at line 1007
[1;36mdebug: [0mc_header: w_name=__pow
[1;36mdebug: [0mc_header: parsed function __pow with 2 params (varargs=0) at line 1007
[1;36mdebug: [0mc_header: w_name=sqrt
[1;36mdebug: [0mc_header: parsed function sqrt with 1 params (varargs=0) at line 1010
[1;36mdebug: [0mc_header: w_name=__sqrt
[1;36mdebug: [0mc_header: parsed function __sqrt with 1 params (varargs=0) at line 1010
[1;36mdebug: [0mc_header: w_name=hypot
[1;36mdebug: [0mc_header: parsed function hypot with 2 params (varargs=0) at line 1014
[1;36mdebug: [0mc_header: w_name=__hypot
[1;36mdebug: [0mc_header: parsed function __hypot with 2 params (varargs=0) at line 1014
[1;36mdebug: [0mc_header: w_name=cbrt
[1;36mdebug: [0mc_header: parsed function cbrt with 1 params (varargs=0) at line 1019
[1;36mdebug: [0mc_header: w_name=__cbrt
[1;36mdebug: [0mc_header: parsed function __cbrt with 1 params (varargs=0) at line 1019
[1;36mdebug: [0mc_header: w_name=compoundn
[1;36mdebug: [0mc_header: parsed function compoundn with 2 params (varargs=0) at line 1024
[1;36mdebug: [0mc_header: w_name=__compoundn
[1;36mdebug: [0mc_header: parsed function __compoundn with 2 params (varargs=0) at line 1024
[1;36mdebug: [0mc_header: w_name=pown
[1;36mdebug: [0mc_header: parsed function pown with 2 params (varargs=0) at line 1027
[1;36mdebug: [0mc_header: w_name=__pown
[1;36mdebug: [0mc_header: parsed function __pown with 2 params (varargs=0) at line 1027
[1;36mdebug: [0mc_header: w_name=powr
[1;36mdebug: [0mc_header: parsed function powr with 2 params (varargs=0) at line 1030
[1;36mdebug: [0mc_header: w_name=__powr
[1;36mdebug: [0mc_header: parsed function __powr with 2 params (varargs=0) at line 1030
[1;36mdebug: [0mc_header: w_name=powr
[1;36mdebug: [0mc_header: parsed function powr with 2 params (varargs=0) at line 1031
[1;36mdebug: [0mc_header: w_name=__powr
[1;36mdebug: [0mc_header: parsed function __powr with 2 params (varargs=0) at line 1031
[1;36mdebug: [0mc_header: w_name=rootn
[1;36mdebug: [0mc_header: parsed function rootn with 2 params (varargs=0) at line 1034
[1;36mdebug: [0mc_header: w_name=__rootn
[1;36mdebug: [0mc_header: parsed function __rootn with 2 params (varargs=0) at line 1034
[1;36mdebug: [0mc_header: w_name=rsqrt
[1;36mdebug: [0mc_header: parsed function rsqrt with 1 params (varargs=0) at line 1037
[1;36mdebug: [0mc_header: w_name=__rsqrt
[1;36mdebug: [0mc_header: parsed function __rsqrt with 1 params (varargs=0) at line 1037
[1;36mdebug: [0mc_header: w_name=ceil
[1;36mdebug: [0mc_header: parsed function ceil with 1 params (varargs=0) at line 1044
[1;36mdebug: [0mc_header: w_name=fabs
[1;36mdebug: [0mc_header: parsed function fabs with 1 params (varargs=0) at line 1047
[1;36mdebug: [0mc_header: w_name=floor
[1;36mdebug: [0mc_header: parsed function floor with 1 params (varargs=0) at line 1050
[1;36mdebug: [0mc_header: w_name=fmod
[1;36mdebug: [0mc_header: parsed function fmod with 2 params (varargs=0) at line 1053
[1;36mdebug: [0mc_header: w_name=__fmod
[1;36mdebug: [0mc_header: parsed function __fmod with 2 params (varargs=0) at line 1053
[1;36mdebug: [0mc_header: w_name=isinf
[1;36mdebug: [0mc_header: parsed function isinf with 1 params (varargs=0) at line 1055
[1;36mdebug: [0mc_header: w_name=finite
[1;36mdebug: [0mc_header: parsed function finite with 1 params (varargs=0) at line 1061
[1;36mdebug: [0mc_header: w_name=drem
[1;36mdebug: [0mc_header: parsed function drem with 2 params (varargs=0) at line 1065
[1;36mdebug: [0mc_header: w_name=__drem
[1;36mdebug: [0mc_header: parsed function __drem with 2 params (varargs=0) at line 1065
[1;36mdebug: [0mc_header: w_name=significand
[1;36mdebug: [0mc_header: parsed function significand with 1 params (varargs=0) at line 1069
[1;36mdebug: [0mc_header: w_name=__significand
[1;36mdebug: [0mc_header: parsed function __significand with 1 params (varargs=0) at line 1069
[1;36mdebug: [0mc_header: w_name=copysign
[1;36mdebug: [0mc_header: parsed function copysign with 2 params (varargs=0) at line 1076
[1;36mdebug: [0mc_header: w_name=nan
[1;36mdebug: [0mc_header: parsed function nan with 1 params (varargs=0) at line 1081
[1;36mdebug: [0mc_header: w_name=__nan
[1;36mdebug: [0mc_header: parsed function __nan with 1 params (varargs=0) at line 1081
[1;36mdebug: [0mc_header: w_name=isnan
[1;36mdebug: [0mc_header: parsed function isnan with 1 params (varargs=0) at line 1083
[1;36mdebug: [0mc_header: w_name=j0
[1;36mdebug: [0mc_header: parsed function j0 with 1 params (varargs=0) at line 1090
[1;36mdebug: [0mc_header: w_name=__j0
[1;36mdebug: [0mc_header: parsed function __j0 with 1 params (varargs=0) at line 1090
[1;36mdebug: [0mc_header: w_name=j1
[1;36mdebug: [0mc_header: parsed function j1 with 1 params (varargs=0) at line 1091
[1;36mdebug: [0mc_header: w_name=__j1
[1;36mdebug: [0mc_header: parsed function __j1 with 1 params (varargs=0) at line 1091
[1;36mdebug: [0mc_header: w_name=jn
[1;36mdebug: [0mc_header: parsed function jn with 2 params (varargs=0) at line 1092
[1;36mdebug: [0mc_header: w_name=__jn
[1;36mdebug: [0mc_header: parsed function __jn with 2 params (varargs=0) at line 1092
[1;36mdebug: [0mc_header: w_name=y0
[1;36mdebug: [0mc_header: parsed function y0 with 1 params (varargs=0) at line 1093
[1;36mdebug: [0mc_header: w_name=__y0
[1;36mdebug: [0mc_header: parsed function __y0 with 1 params (varargs=0) at line 1093
[1;36mdebug: [0mc_header: w_name=y1
[1;36mdebug: [0mc_header: parsed function y1 with 1 params (varargs=0) at line 1094
[1;36mdebug: [0mc_header: w_name=__y1
[1;36mdebug: [0mc_header: parsed function __y1 with 1 params (varargs=0) at line 1094
[1;36mdebug: [0mc_header: w_name=yn
[1;36mdebug: [0mc_header: parsed function yn with 2 params (varargs=0) at line 1095
[1;36mdebug: [0mc_header: w_name=__yn
[1;36mdebug: [0mc_header: parsed function __yn with 2 params (varargs=0) at line 1095
[1;36mdebug: [0mc_header: w_name=erf
[1;36mdebug: [0mc_header: parsed function erf with 1 params (varargs=0) at line 1101
[1;36mdebug: [0mc_header: w_name=__erf
[1;36mdebug: [0mc_header: parsed function __erf with 1 params (varargs=0) at line 1101
[1;36mdebug: [0mc_header: w_name=erfc
[1;36mdebug: [0mc_header: parsed function erfc with 1 params (varargs=0) at line 1102
[1;36mdebug: [0mc_header: w_name=__erfc
[1;36mdebug: [0mc_header: parsed function __erfc with 1 params (varargs=0) at line 1102
[1;36mdebug: [0mc_header: w_name=lgamma
[1;36mdebug: [0mc_header: parsed function lgamma with 1 params (varargs=0) at line 1103
[1;36mdebug: [0mc_header: w_name=__lgamma
[1;36mdebug: [0mc_header: parsed function __lgamma with 1 params (varargs=0) at line 1103
[1;36mdebug: [0mc_header: w_name=tgamma
[1;36mdebug: [0mc_header: parsed function tgamma with 1 params (varargs=0) at line 1108
[1;36mdebug: [0mc_header: w_name=__tgamma
[1;36mdebug: [0mc_header: parsed function __tgamma with 1 params (varargs=0) at line 1108
[1;36mdebug: [0mc_header: w_name=gamma
[1;36mdebug: [0mc_header: parsed function gamma with 1 params (varargs=0) at line 1114
[1;36mdebug: [0mc_header: w_name=__gamma
[1;36mdebug: [0mc_header: parsed function __gamma with 1 params (varargs=0) at line 1114
[1;36mdebug: [0mc_header: w_name=lgamma_r
[1;36mdebug: [0mc_header: parsed function lgamma_r with 2 params (varargs=0) at line 1122
[1;36mdebug: [0mc_header: w_name=__lgamma_r
[1;36mdebug: [0mc_header: parsed function __lgamma_r with 2 params (varargs=0) at line 1122
[1;36mdebug: [0mc_header: w_name=rint
[1;36mdebug: [0mc_header: parsed function rint with 1 params (varargs=0) at line 1129
[1;36mdebug: [0mc_header: w_name=__rint
[1;36mdebug: [0mc_header: parsed function __rint with 1 params (varargs=0) at line 1129
[1;36mdebug: [0mc_header: w_name=nextafter
[1;36mdebug: [0mc_header: parsed function nextafter with 2 params (varargs=0) at line 1132
[1;36mdebug: [0mc_header: w_name=__nextafter
[1;36mdebug: [0mc_header: parsed function __nextafter with 2 params (varargs=0) at line 1132
[1;36mdebug: [0mc_header: w_name=nexttoward
[1;36mdebug: [0mc_header: parsed function nexttoward with 2 params (varargs=0) at line 1134
[1;36mdebug: [0mc_header: w_name=__nexttoward
[1;36mdebug: [0mc_header: parsed function __nexttoward with 2 params (varargs=0) at line 1134
[1;36mdebug: [0mc_header: w_name=nextdown
[1;36mdebug: [0mc_header: parsed function nextdown with 1 params (varargs=0) at line 1139
[1;36mdebug: [0mc_header: w_name=__nextdown
[1;36mdebug: [0mc_header: parsed function __nextdown with 1 params (varargs=0) at line 1139
[1;36mdebug: [0mc_header: w_name=nextup
[1;36mdebug: [0mc_header: parsed function nextup with 1 params (varargs=0) at line 1141
[1;36mdebug: [0mc_header: w_name=__nextup
[1;36mdebug: [0mc_header: parsed function __nextup with 1 params (varargs=0) at line 1141
[1;36mdebug: [0mc_header: w_name=remainder
[1;36mdebug: [0mc_header: parsed function remainder with 2 params (varargs=0) at line 1145
[1;36mdebug: [0mc_header: w_name=__remainder
[1;36mdebug: [0mc_header: parsed function __remainder with 2 params (varargs=0) at line 1145
[1;36mdebug: [0mc_header: w_name=scalbn
[1;36mdebug: [0mc_header: parsed function scalbn with 2 params (varargs=0) at line 1149
[1;36mdebug: [0mc_header: w_name=__scalbn
[1;36mdebug: [0mc_header: parsed function __scalbn with 2 params (varargs=0) at line 1149
[1;36mdebug: [0mc_header: w_name=ilogb
[1;36mdebug: [0mc_header: parsed function ilogb with 1 params (varargs=0) at line 1153
[1;36mdebug: [0mc_header: w_name=__ilogb
[1;36mdebug: [0mc_header: parsed function __ilogb with 1 params (varargs=0) at line 1153
[1;36mdebug: [0mc_header: w_name=llogb
[1;36mdebug: [0mc_header: parsed function llogb with 1 params (varargs=0) at line 1158
[1;36mdebug: [0mc_header: w_name=__llogb
[1;36mdebug: [0mc_header: parsed function __llogb with 1 params (varargs=0) at line 1158
[1;36mdebug: [0mc_header: w_name=scalbln
[1;36mdebug: [0mc_header: parsed function scalbln with 2 params (varargs=0) at line 1163
[1;36mdebug: [0mc_header: w_name=__scalbln
[1;36mdebug: [0mc_header: parsed function __scalbln with 2 params (varargs=0) at line 1163
[1;36mdebug: [0mc_header: w_name=nearbyint
[1;36mdebug: [0mc_header: parsed function nearbyint with 1 params (varargs=0) at line 1167
[1;36mdebug: [0mc_header: w_name=__nearbyint
[1;36mdebug: [0mc_header: parsed function __nearbyint with 1 params (varargs=0) at line 1167
[1;36mdebug: [0mc_header: w_name=round
[1;36mdebug: [0mc_header: parsed function round with 1 params (varargs=0) at line 1171
[1;36mdebug: [0mc_header: w_name=trunc
[1;36mdebug: [0mc_header: parsed function trunc with 1 params (varargs=0) at line 1175
[1;36mdebug: [0mc_header: w_name=remquo
[1;36mdebug: [0mc_header: parsed function remquo with 3 params (varargs=0) at line 1180
[1;36mdebug: [0mc_header: w_name=__remquo
[1;36mdebug: [0mc_header: parsed function __remquo with 3 params (varargs=0) at line 1180
[1;36mdebug: [0mc_header: w_name=lrint
[1;36mdebug: [0mc_header: parsed function lrint with 1 params (varargs=0) at line 1187
[1;36mdebug: [0mc_header: w_name=__lrint
[1;36mdebug: [0mc_header: parsed function __lrint with 1 params (varargs=0) at line 1187
[1;36mdebug: [0mc_header: w_name=llrint
[1;36mdebug: [0mc_header: parsed function llrint with 1 params (varargs=0) at line 1189
[1;36mdebug: [0mc_header: w_name=__llrint
[1;36mdebug: [0mc_header: parsed function __llrint with 1 params (varargs=0) at line 1189
[1;36mdebug: [0mc_header: w_name=lround
[1;36mdebug: [0mc_header: parsed function lround with 1 params (varargs=0) at line 1193
[1;36mdebug: [0mc_header: w_name=__lround
[1;36mdebug: [0mc_header: parsed function __lround with 1 params (varargs=0) at line 1193
[1;36mdebug: [0mc_header: w_name=llround
[1;36mdebug: [0mc_header: parsed function llround with 1 params (varargs=0) at line 1195
[1;36mdebug: [0mc_header: w_name=__llround
[1;36mdebug: [0mc_header: parsed function __llround with 1 params (varargs=0) at line 1195
[1;36mdebug: [0mc_header: w_name=fdim
[1;36mdebug: [0mc_header: parsed function fdim with 2 params (varargs=0) at line 1199
[1;36mdebug: [0mc_header: w_name=__fdim
[1;36mdebug: [0mc_header: parsed function __fdim with 2 params (varargs=0) at line 1199
[1;36mdebug: [0mc_header: w_name=fmax
[1;36mdebug: [0mc_header: parsed function fmax with 2 params (varargs=0) at line 1203
[1;36mdebug: [0mc_header: w_name=fmin
[1;36mdebug: [0mc_header: parsed function fmin with 2 params (varargs=0) at line 1206
[1;36mdebug: [0mc_header: w_name=fma
[1;36mdebug: [0mc_header: parsed function fma with 3 params (varargs=0) at line 1210
[1;36mdebug: [0mc_header: w_name=__fma
[1;36mdebug: [0mc_header: parsed function __fma with 3 params (varargs=0) at line 1210
[1;36mdebug: [0mc_header: w_name=roundeven
[1;36mdebug: [0mc_header: parsed function roundeven with 1 params (varargs=0) at line 1215
[1;36mdebug: [0mc_header: w_name=fromfp
[1;36mdebug: [0mc_header: parsed function fromfp with 3 params (varargs=0) at line 1219
[1;36mdebug: [0mc_header: w_name=__fromfp
[1;36mdebug: [0mc_header: parsed function __fromfp with 3 params (varargs=0) at line 1219
[1;36mdebug: [0mc_header: w_name=ufromfp
[1;36mdebug: [0mc_header: parsed function ufromfp with 3 params (varargs=0) at line 1223
[1;36mdebug: [0mc_header: w_name=__ufromfp
[1;36mdebug: [0mc_header: parsed function __ufromfp with 3 params (varargs=0) at line 1223
[1;36mdebug: [0mc_header: w_name=fromfpx
[1;36mdebug: [0mc_header: parsed function fromfpx with 3 params (varargs=0) at line 1228
[1;36mdebug: [0mc_header: w_name=__fromfpx
[1;36mdebug: [0mc_header: parsed function __fromfpx with 3 params (varargs=0) at line 1228
[1;36mdebug: [0mc_header: w_name=ufromfpx
[1;36mdebug: [0mc_header: parsed function ufromfpx with 3 params (varargs=0) at line 1233
[1;36mdebug: [0mc_header: w_name=__ufromfpx
[1;36mdebug: [0mc_header: parsed function __ufromfpx with 3 params (varargs=0) at line 1233
[1;36mdebug: [0mc_header: w_name=canonicalize
[1;36mdebug: [0mc_header: parsed function canonicalize with 2 params (varargs=0) at line 1236
[1;36mdebug: [0mc_header: w_name=fmaximum
[1;36mdebug: [0mc_header: parsed function fmaximum with 2 params (varargs=0) at line 1238
[1;36mdebug: [0mc_header: w_name=fminimum
[1;36mdebug: [0mc_header: parsed function fminimum with 2 params (varargs=0) at line 1241
[1;36mdebug: [0mc_header: w_name=fmaximum_num
[1;36mdebug: [0mc_header: parsed function fmaximum_num with 2 params (varargs=0) at line 1244
[1;36mdebug: [0mc_header: w_name=fminimum_num
[1;36mdebug: [0mc_header: parsed function fminimum_num with 2 params (varargs=0) at line 1247
[1;36mdebug: [0mc_header: w_name=fmaximum_mag
[1;36mdebug: [0mc_header: parsed function fmaximum_mag with 2 params (varargs=0) at line 1250
[1;36mdebug: [0mc_header: w_name=fminimum_mag
[1;36mdebug: [0mc_header: parsed function fminimum_mag with 2 params (varargs=0) at line 1253
[1;36mdebug: [0mc_header: w_name=fmaximum_mag_num
[1;36mdebug: [0mc_header: parsed function fmaximum_mag_num with 2 params (varargs=0) at line 1256
[1;36mdebug: [0mc_header: w_name=fminimum_mag_num
[1;36mdebug: [0mc_header: parsed function fminimum_mag_num with 2 params (varargs=0) at line 1259
[1;36mdebug: [0mc_header: w_name=scalb
[1;36mdebug: [0mc_header: parsed function scalb with 2 params (varargs=0) at line 1261
[1;36mdebug: [0mc_header: w_name=__scalb
[1;36mdebug: [0mc_header: parsed function __scalb with 2 params (varargs=0) at line 1261
[1;36mdebug: [0mc_header: w_name=__fpclassifyf
[1;36mdebug: [0mc_header: parsed function __fpclassifyf with 1 params (varargs=0) at line 1266
[1;36mdebug: [0mc_header: w_name=__signbitf
[1;36mdebug: [0mc_header: parsed function __signbitf with 1 params (varargs=0) at line 1270
[1;36mdebug: [0mc_header: w_name=__isinff
[1;36mdebug: [0mc_header: parsed function __isinff with 1 params (varargs=0) at line 1275
[1;36mdebug: [0mc_header: w_name=__finitef
[1;36mdebug: [0mc_header: parsed function __finitef with 1 params (varargs=0) at line 1279
[1;36mdebug: [0mc_header: w_name=__isnanf
[1;36mdebug: [0mc_header: parsed function __isnanf with 1 params (varargs=0) at line 1283
[1;36mdebug: [0mc_header: w_name=__iseqsigf
[1;36mdebug: [0mc_header: parsed function __iseqsigf with 2 params (varargs=0) at line 1287
[1;36mdebug: [0mc_header: w_name=__issignalingf
[1;36mdebug: [0mc_header: parsed function __issignalingf with 1 params (varargs=0) at line 1290
[1;36mdebug: [0mc_header: w_name=acosf
[1;36mdebug: [0mc_header: parsed function acosf with 1 params (varargs=0) at line 1295
[1;36mdebug: [0mc_header: w_name=__acosf
[1;36mdebug: [0mc_header: parsed function __acosf with 1 params (varargs=0) at line 1295
[1;36mdebug: [0mc_header: w_name=asinf
[1;36mdebug: [0mc_header: parsed function asinf with 1 params (varargs=0) at line 1297
[1;36mdebug: [0mc_header: w_name=__asinf
[1;36mdebug: [0mc_header: parsed function __asinf with 1 params (varargs=0) at line 1297
[1;36mdebug: [0mc_header: w_name=atanf
[1;36mdebug: [0mc_header: parsed function atanf with 1 params (varargs=0) at line 1299
[1;36mdebug: [0mc_header: w_name=__atanf
[1;36mdebug: [0mc_header: parsed function __atanf with 1 params (varargs=0) at line 1299
[1;36mdebug: [0mc_header: w_name=atan2f
[1;36mdebug: [0mc_header: parsed function atan2f with 2 params (varargs=0) at line 1301
[1;36mdebug: [0mc_header: w_name=__atan2f
[1;36mdebug: [0mc_header: parsed function __atan2f with 2 params (varargs=0) at line 1301
[1;36mdebug: [0mc_header: w_name=cosf
[1;36mdebug: [0mc_header: parsed function cosf with 1 params (varargs=0) at line 1304
[1;36mdebug: [0mc_header: w_name=__cosf
[1;36mdebug: [0mc_header: parsed function __cosf with 1 params (varargs=0) at line 1304
[1;36mdebug: [0mc_header: w_name=sinf
[1;36mdebug: [0mc_header: parsed function sinf with 1 params (varargs=0) at line 1306
[1;36mdebug: [0mc_header: w_name=__sinf
[1;36mdebug: [0mc_header: parsed function __sinf with 1 params (varargs=0) at line 1306
[1;36mdebug: [0mc_header: w_name=tanf
[1;36mdebug: [0mc_header: parsed function tanf with 1 params (varargs=0) at line 1308
[1;36mdebug: [0mc_header: w_name=__tanf
[1;36mdebug: [0mc_header: parsed function __tanf with 1 params (varargs=0) at line 1308
[1;36mdebug: [0mc_header: w_name=acospif
[1;36mdebug: [0mc_header: parsed function acospif with 1 params (varargs=0) at line 1312
[1;36mdebug: [0mc_header: w_name=__acospif
[1;36mdebug: [0mc_header: parsed function __acospif with 1 params (varargs=0) at line 1312
[1;36mdebug: [0mc_header: w_name=acospif
[1;36mdebug: [0mc_header: parsed function acospif with 1 params (varargs=0) at line 1313
[1;36mdebug: [0mc_header: w_name=__acospif
[1;36mdebug: [0mc_header: parsed function __acospif with 1 params (varargs=0) at line 1313
[1;36mdebug: [0mc_header: w_name=asinpif
[1;36mdebug: [0mc_header: parsed function asinpif with 1 params (varargs=0) at line 1315
[1;36mdebug: [0mc_header: w_name=__asinpif
[1;36mdebug: [0mc_header: parsed function __asinpif with 1 params (varargs=0) at line 1315
[1;36mdebug: [0mc_header: w_name=asinpif
[1;36mdebug: [0mc_header: parsed function asinpif with 1 params (varargs=0) at line 1316
[1;36mdebug: [0mc_header: w_name=__asinpif
[1;36mdebug: [0mc_header: parsed function __asinpif with 1 params (varargs=0) at line 1316
[1;36mdebug: [0mc_header: w_name=atanpif
[1;36mdebug: [0mc_header: parsed function atanpif with 1 params (varargs=0) at line 1318
[1;36mdebug: [0mc_header: w_name=__atanpif
[1;36mdebug: [0mc_header: parsed function __atanpif with 1 params (varargs=0) at line 1318
[1;36mdebug: [0mc_header: w_name=atanpif
[1;36mdebug: [0mc_header: parsed function atanpif with 1 params (varargs=0) at line 1319
[1;36mdebug: [0mc_header: w_name=__atanpif
[1;36mdebug: [0mc_header: parsed function __atanpif with 1 params (varargs=0) at line 1319
[1;36mdebug: [0mc_header: w_name=atan2pif
[1;36mdebug: [0mc_header: parsed function atan2pif with 2 params (varargs=0) at line 1321
[1;36mdebug: [0mc_header: w_name=__atan2pif
[1;36mdebug: [0mc_header: parsed function __atan2pif with 2 params (varargs=0) at line 1321
[1;36mdebug: [0mc_header: w_name=atan2pif
[1;36mdebug: [0mc_header: parsed function atan2pif with 2 params (varargs=0) at line 1322
[1;36mdebug: [0mc_header: w_name=__atan2pif
[1;36mdebug: [0mc_header: parsed function __atan2pif with 2 params (varargs=0) at line 1322
[1;36mdebug: [0mc_header: w_name=cospif
[1;36mdebug: [0mc_header: parsed function cospif with 1 params (varargs=0) at line 1325
[1;36mdebug: [0mc_header: w_name=__cospif
[1;36mdebug: [0mc_header: parsed function __cospif with 1 params (varargs=0) at line 1325
[1;36mdebug: [0mc_header: w_name=sinpif
[1;36mdebug: [0mc_header: parsed function sinpif with 1 params (varargs=0) at line 1327
[1;36mdebug: [0mc_header: w_name=__sinpif
[1;36mdebug: [0mc_header: parsed function __sinpif with 1 params (varargs=0) at line 1327
[1;36mdebug: [0mc_header: w_name=tanpif
[1;36mdebug: [0mc_header: parsed function tanpif with 1 params (varargs=0) at line 1329
[1;36mdebug: [0mc_header: w_name=__tanpif
[1;36mdebug: [0mc_header: parsed function __tanpif with 1 params (varargs=0) at line 1329
[1;36mdebug: [0mc_header: w_name=coshf
[1;36mdebug: [0mc_header: parsed function coshf with 1 params (varargs=0) at line 1335
[1;36mdebug: [0mc_header: w_name=__coshf
[1;36mdebug: [0mc_header: parsed function __coshf with 1 params (varargs=0) at line 1335
[1;36mdebug: [0mc_header: w_name=sinhf
[1;36mdebug: [0mc_header: parsed function sinhf with 1 params (varargs=0) at line 1337
[1;36mdebug: [0mc_header: w_name=__sinhf
[1;36mdebug: [0mc_header: parsed function __sinhf with 1 params (varargs=0) at line 1337
[1;36mdebug: [0mc_header: w_name=tanhf
[1;36mdebug: [0mc_header: parsed function tanhf with 1 params (varargs=0) at line 1339
[1;36mdebug: [0mc_header: w_name=__tanhf
[1;36mdebug: [0mc_header: parsed function __tanhf with 1 params (varargs=0) at line 1339
[1;36mdebug: [0mc_header: w_name=acoshf
[1;36mdebug: [0mc_header: parsed function acoshf with 1 params (varargs=0) at line 1341
[1;36mdebug: [0mc_header: w_name=__acoshf
[1;36mdebug: [0mc_header: parsed function __acoshf with 1 params (varargs=0) at line 1341
[1;36mdebug: [0mc_header: w_name=asinhf
[1;36mdebug: [0mc_header: parsed function asinhf with 1 params (varargs=0) at line 1343
[1;36mdebug: [0mc_header: w_name=__asinhf
[1;36mdebug: [0mc_header: parsed function __asinhf with 1 params (varargs=0) at line 1343
[1;36mdebug: [0mc_header: w_name=atanhf
[1;36mdebug: [0mc_header: parsed function atanhf with 1 params (varargs=0) at line 1345
[1;36mdebug: [0mc_header: w_name=__atanhf
[1;36mdebug: [0mc_header: parsed function __atanhf with 1 params (varargs=0) at line 1345
[1;36mdebug: [0mc_header: w_name=expf
[1;36mdebug: [0mc_header: parsed function expf with 1 params (varargs=0) at line 1351
[1;36mdebug: [0mc_header: w_name=__expf
[1;36mdebug: [0mc_header: parsed function __expf with 1 params (varargs=0) at line 1351
[1;36mdebug: [0mc_header: w_name=frexpf
[1;36mdebug: [0mc_header: parsed function frexpf with 2 params (varargs=0) at line 1354
[1;36mdebug: [0mc_header: w_name=__frexpf
[1;36mdebug: [0mc_header: parsed function __frexpf with 2 params (varargs=0) at line 1354
[1;36mdebug: [0mc_header: w_name=ldexpf
[1;36mdebug: [0mc_header: parsed function ldexpf with 2 params (varargs=0) at line 1357
[1;36mdebug: [0mc_header: w_name=__ldexpf
[1;36mdebug: [0mc_header: parsed function __ldexpf with 2 params (varargs=0) at line 1357
[1;36mdebug: [0mc_header: w_name=logf
[1;36mdebug: [0mc_header: parsed function logf with 1 params (varargs=0) at line 1360
[1;36mdebug: [0mc_header: w_name=__logf
[1;36mdebug: [0mc_header: parsed function __logf with 1 params (varargs=0) at line 1360
[1;36mdebug: [0mc_header: w_name=log10f
[1;36mdebug: [0mc_header: parsed function log10f with 1 params (varargs=0) at line 1363
[1;36mdebug: [0mc_header: w_name=__log10f
[1;36mdebug: [0mc_header: parsed function __log10f with 1 params (varargs=0) at line 1363
[1;36mdebug: [0mc_header: w_name=modff
[1;36mdebug: [0mc_header: parsed function modff with 2 params (varargs=0) at line 1366
[1;36mdebug: [0mc_header: w_name=__modff
[1;36mdebug: [0mc_header: parsed function __modff with 2 params (varargs=0) at line 1366
[1;36mdebug: [0mc_header: w_name=exp10f
[1;36mdebug: [0mc_header: parsed function exp10f with 1 params (varargs=0) at line 1370
[1;36mdebug: [0mc_header: w_name=__exp10f
[1;36mdebug: [0mc_header: parsed function __exp10f with 1 params (varargs=0) at line 1370
[1;36mdebug: [0mc_header: w_name=exp2m1f
[1;36mdebug: [0mc_header: parsed function exp2m1f with 1 params (varargs=0) at line 1373
[1;36mdebug: [0mc_header: w_name=__exp2m1f
[1;36mdebug: [0mc_header: parsed function __exp2m1f with 1 params (varargs=0) at line 1373
[1;36mdebug: [0mc_header: w_name=exp10m1f
[1;36mdebug: [0mc_header: parsed function exp10m1f with 1 params (varargs=0) at line 1376
[1;36mdebug: [0mc_header: w_name=__exp10m1f
[1;36mdebug: [0mc_header: parsed function __exp10m1f with 1 params (varargs=0) at line 1376
[1;36mdebug: [0mc_header: w_name=log2p1f
[1;36mdebug: [0mc_header: parsed function log2p1f with 1 params (varargs=0) at line 1379
[1;36mdebug: [0mc_header: w_name=__log2p1f
[1;36mdebug: [0mc_header: parsed function __log2p1f with 1 params (varargs=0) at line 1379
[1;36mdebug: [0mc_header: w_name=log10p1f
[1;36mdebug: [0mc_header: parsed function log10p1f with 1 params (varargs=0) at line 1382
[1;36mdebug: [0mc_header: w_name=__log10p1f
[1;36mdebug: [0mc_header: parsed function __log10p1f with 1 params (varargs=0) at line 1382
[1;36mdebug: [0mc_header: w_name=logp1f
[1;36mdebug: [0mc_header: parsed function logp1f with 1 params (varargs=0) at line 1385
[1;36mdebug: [0mc_header: w_name=__logp1f
[1;36mdebug: [0mc_header: parsed function __logp1f with 1 params (varargs=0) at line 1385
[1;36mdebug: [0mc_header: w_name=expm1f
[1;36mdebug: [0mc_header: parsed function expm1f with 1 params (varargs=0) at line 1390
[1;36mdebug: [0mc_header: w_name=__expm1f
[1;36mdebug: [0mc_header: parsed function __expm1f with 1 params (varargs=0) at line 1390
[1;36mdebug: [0mc_header: w_name=log1pf
[1;36mdebug: [0mc_header: parsed function log1pf with 1 params (varargs=0) at line 1393
[1;36mdebug: [0mc_header: w_name=__log1pf
[1;36mdebug: [0mc_header: parsed function __log1pf with 1 params (varargs=0) at line 1393
[1;36mdebug: [0mc_header: w_name=logbf
[1;36mdebug: [0mc_header: parsed function logbf with 1 params (varargs=0) at line 1396
[1;36mdebug: [0mc_header: w_name=__logbf
[1;36mdebug: [0mc_header: parsed function __logbf with 1 params (varargs=0) at line 1396
[1;36mdebug: [0mc_header: w_name=exp2f
[1;36mdebug: [0mc_header: parsed function exp2f with 1 params (varargs=0) at line 1401
[1;36mdebug: [0mc_header: w_name=__exp2f
[1;36mdebug: [0mc_header: parsed function __exp2f with 1 params (varargs=0) at line 1401
[1;36mdebug: [0mc_header: w_name=log2f
[1;36mdebug: [0mc_header: parsed function log2f with 1 params (varargs=0) at line 1404
[1;36mdebug: [0mc_header: w_name=__log2f
[1;36mdebug: [0mc_header: parsed function __log2f with 1 params (varargs=0) at line 1404
[1;36mdebug: [0mc_header: w_name=powf
[1;36mdebug: [0mc_header: parsed function powf with 2 params (varargs=0) at line 1411
[1;36mdebug: [0mc_header: w_name=__powf
[1;36mdebug: [0mc_header: parsed function __powf with 2 params (varargs=0) at line 1411
[1;36mdebug: [0mc_header: w_name=sqrtf
[1;36mdebug: [0mc_header: parsed function sqrtf with 1 params (varargs=0) at line 1414
[1;36mdebug: [0mc_header: w_name=__sqrtf
[1;36mdebug: [0mc_header: parsed function __sqrtf with 1 params (varargs=0) at line 1414
[1;36mdebug: [0mc_header: w_name=hypotf
[1;36mdebug: [0mc_header: parsed function hypotf with 2 params (varargs=0) at line 1418
[1;36mdebug: [0mc_header: w_name=__hypotf
[1;36mdebug: [0mc_header: parsed function __hypotf with 2 params (varargs=0) at line 1418
[1;36mdebug: [0mc_header: w_name=cbrtf
[1;36mdebug: [0mc_header: parsed function cbrtf with 1 params (varargs=0) at line 1423
[1;36mdebug: [0mc_header: w_name=__cbrtf
[1;36mdebug: [0mc_header: parsed function __cbrtf with 1 params (varargs=0) at line 1423
[1;36mdebug: [0mc_header: w_name=compoundnf
[1;36mdebug: [0mc_header: parsed function compoundnf with 2 params (varargs=0) at line 1428
[1;36mdebug: [0mc_header: w_name=__compoundnf
[1;36mdebug: [0mc_header: parsed function __compoundnf with 2 params (varargs=0) at line 1428
[1;36mdebug: [0mc_header: w_name=pownf
[1;36mdebug: [0mc_header: parsed function pownf with 2 params (varargs=0) at line 1431
[1;36mdebug: [0mc_header: w_name=__pownf
[1;36mdebug: [0mc_header: parsed function __pownf with 2 params (varargs=0) at line 1431
[1;36mdebug: [0mc_header: w_name=powrf
[1;36mdebug: [0mc_header: parsed function powrf with 2 params (varargs=0) at line 1434
[1;36mdebug: [0mc_header: w_name=__powrf
[1;36mdebug: [0mc_header: parsed function __powrf with 2 params (varargs=0) at line 1434
[1;36mdebug: [0mc_header: w_name=powrf
[1;36mdebug: [0mc_header: parsed function powrf with 2 params (varargs=0) at line 1435
[1;36mdebug: [0mc_header: w_name=__powrf
[1;36mdebug: [0mc_header: parsed function __powrf with 2 params (varargs=0) at line 1435
[1;36mdebug: [0mc_header: w_name=rootnf
[1;36mdebug: [0mc_header: parsed function rootnf with 2 params (varargs=0) at line 1438
[1;36mdebug: [0mc_header: w_name=__rootnf
[1;36mdebug: [0mc_header: parsed function __rootnf with 2 params (varargs=0) at line 1438
[1;36mdebug: [0mc_header: w_name=rsqrtf
[1;36mdebug: [0mc_header: parsed function rsqrtf with 1 params (varargs=0) at line 1441
[1;36mdebug: [0mc_header: w_name=__rsqrtf
[1;36mdebug: [0mc_header: parsed function __rsqrtf with 1 params (varargs=0) at line 1441
[1;36mdebug: [0mc_header: w_name=ceilf
[1;36mdebug: [0mc_header: parsed function ceilf with 1 params (varargs=0) at line 1448
[1;36mdebug: [0mc_header: w_name=fabsf
[1;36mdebug: [0mc_header: parsed function fabsf with 1 params (varargs=0) at line 1451
[1;36mdebug: [0mc_header: w_name=floorf
[1;36mdebug: [0mc_header: parsed function floorf with 1 params (varargs=0) at line 1454
[1;36mdebug: [0mc_header: w_name=fmodf
[1;36mdebug: [0mc_header: parsed function fmodf with 2 params (varargs=0) at line 1457
[1;36mdebug: [0mc_header: w_name=__fmodf
[1;36mdebug: [0mc_header: parsed function __fmodf with 2 params (varargs=0) at line 1457
[1;36mdebug: [0mc_header: w_name=isinff
[1;36mdebug: [0mc_header: parsed function isinff with 1 params (varargs=0) at line 1459
[1;36mdebug: [0mc_header: w_name=finitef
[1;36mdebug: [0mc_header: parsed function finitef with 1 params (varargs=0) at line 1465
[1;36mdebug: [0mc_header: w_name=dremf
[1;36mdebug: [0mc_header: parsed function dremf with 2 params (varargs=0) at line 1469
[1;36mdebug: [0mc_header: w_name=__dremf
[1;36mdebug: [0mc_header: parsed function __dremf with 2 params (varargs=0) at line 1469
[1;36mdebug: [0mc_header: w_name=significandf
[1;36mdebug: [0mc_header: parsed function significandf with 1 params (varargs=0) at line 1473
[1;36mdebug: [0mc_header: w_name=__significandf
[1;36mdebug: [0mc_header: parsed function __significandf with 1 params (varargs=0) at line 1473
[1;36mdebug: [0mc_header: w_name=copysignf
[1;36mdebug: [0mc_header: parsed function copysignf with 2 params (varargs=0) at line 1480
[1;36mdebug: [0mc_header: w_name=nanf
[1;36mdebug: [0mc_header: parsed function nanf with 1 params (varargs=0) at line 1485
[1;36mdebug: [0mc_header: w_name=__nanf
[1;36mdebug: [0mc_header: parsed function __nanf with 1 params (varargs=0) at line 1485
[1;36mdebug: [0mc_header: w_name=isnanf
[1;36mdebug: [0mc_header: parsed function isnanf with 1 params (varargs=0) at line 1487
[1;36mdebug: [0mc_header: w_name=j0f
[1;36mdebug: [0mc_header: parsed function j0f with 1 params (varargs=0) at line 1494
[1;36mdebug: [0mc_header: w_name=__j0f
[1;36mdebug: [0mc_header: parsed function __j0f with 1 params (varargs=0) at line 1494
[1;36mdebug: [0mc_header: w_name=j1f
[1;36mdebug: [0mc_header: parsed function j1f with 1 params (varargs=0) at line 1495
[1;36mdebug: [0mc_header: w_name=__j1f
[1;36mdebug: [0mc_header: parsed function __j1f with 1 params (varargs=0) at line 1495
[1;36mdebug: [0mc_header: w_name=jnf
[1;36mdebug: [0mc_header: parsed function jnf with 2 params (varargs=0) at line 1496
[1;36mdebug: [0mc_header: w_name=__jnf
[1;36mdebug: [0mc_header: parsed function __jnf with 2 params (varargs=0) at line 1496
[1;36mdebug: [0mc_header: w_name=y0f
[1;36mdebug: [0mc_header: parsed function y0f with 1 params (varargs=0) at line 1497
[1;36mdebug: [0mc_header: w_name=__y0f
[1;36mdebug: [0mc_header: parsed function __y0f with 1 params (varargs=0) at line 1497
[1;36mdebug: [0mc_header: w_name=y1f
[1;36mdebug: [0mc_header: parsed function y1f with 1 params (varargs=0) at line 1498
[1;36mdebug: [0mc_header: w_name=__y1f
[1;36mdebug: [0mc_header: parsed function __y1f with 1 params (varargs=0) at line 1498
[1;36mdebug: [0mc_header: w_name=ynf
[1;36mdebug: [0mc_header: parsed function ynf with 2 params (varargs=0) at line 1499
[1;36mdebug: [0mc_header: w_name=__ynf
[1;36mdebug: [0mc_header: parsed function __ynf with 2 params (varargs=0) at line 1499
[1;36mdebug: [0mc_header: w_name=erff
[1;36mdebug: [0mc_header: parsed function erff with 1 params (varargs=0) at line 1505
[1;36mdebug: [0mc_header: w_name=__erff
[1;36mdebug: [0mc_header: parsed function __erff with 1 params (varargs=0) at line 1505
[1;36mdebug: [0mc_header: w_name=erfcf
[1;36mdebug: [0mc_header: parsed function erfcf with 1 params (varargs=0) at line 1506
[1;36mdebug: [0mc_header: w_name=__erfcf
[1;36mdebug: [0mc_header: parsed function __erfcf with 1 params (varargs=0) at line 1506
[1;36mdebug: [0mc_header: w_name=lgammaf
[1;36mdebug: [0mc_header: parsed function lgammaf with 1 params (varargs=0) at line 1507
[1;36mdebug: [0mc_header: w_name=__lgammaf
[1;36mdebug: [0mc_header: parsed function __lgammaf with 1 params (varargs=0) at line 1507
[1;36mdebug: [0mc_header: w_name=tgammaf
[1;36mdebug: [0mc_header: parsed function tgammaf with 1 params (varargs=0) at line 1512
[1;36mdebug: [0mc_header: w_name=__tgammaf
[1;36mdebug: [0mc_header: parsed function __tgammaf with 1 params (varargs=0) at line 1512
[1;36mdebug: [0mc_header: w_name=gammaf
[1;36mdebug: [0mc_header: parsed function gammaf with 1 params (varargs=0) at line 1518
[1;36mdebug: [0mc_header: w_name=__gammaf
[1;36mdebug: [0mc_header: parsed function __gammaf with 1 params (varargs=0) at line 1518
[1;36mdebug: [0mc_header: w_name=lgammaf_r
[1;36mdebug: [0mc_header: parsed function lgammaf_r with 2 params (varargs=0) at line 1526
[1;36mdebug: [0mc_header: w_name=__lgammaf_r
[1;36mdebug: [0mc_header: parsed function __lgammaf_r with 2 params (varargs=0) at line 1526
[1;36mdebug: [0mc_header: w_name=rintf
[1;36mdebug: [0mc_header: parsed function rintf with 1 params (varargs=0) at line 1533
[1;36mdebug: [0mc_header: w_name=__rintf
[1;36mdebug: [0mc_header: parsed function __rintf with 1 params (varargs=0) at line 1533
[1;36mdebug: [0mc_header: w_name=nextafterf
[1;36mdebug: [0mc_header: parsed function nextafterf with 2 params (varargs=0) at line 1536
[1;36mdebug: [0mc_header: w_name=__nextafterf
[1;36mdebug: [0mc_header: parsed function __nextafterf with 2 params (varargs=0) at line 1536
[1;36mdebug: [0mc_header: w_name=nexttowardf
[1;36mdebug: [0mc_header: parsed function nexttowardf with 2 params (varargs=0) at line 1538
[1;36mdebug: [0mc_header: w_name=__nexttowardf
[1;36mdebug: [0mc_header: parsed function __nexttowardf with 2 params (varargs=0) at line 1538
[1;36mdebug: [0mc_header: w_name=nextdownf
[1;36mdebug: [0mc_header: parsed function nextdownf with 1 params (varargs=0) at line 1543
[1;36mdebug: [0mc_header: w_name=__nextdownf
[1;36mdebug: [0mc_header: parsed function __nextdownf with 1 params (varargs=0) at line 1543
[1;36mdebug: [0mc_header: w_name=nextupf
[1;36mdebug: [0mc_header: parsed function nextupf with 1 params (varargs=0) at line 1545
[1;36mdebug: [0mc_header: w_name=__nextupf
[1;36mdebug: [0mc_header: parsed function __nextupf with 1 params (varargs=0) at line 1545
[1;36mdebug: [0mc_header: w_name=remainderf
[1;36mdebug: [0mc_header: parsed function remainderf with 2 params (varargs=0) at line 1549
[1;36mdebug: [0mc_header: w_name=__remainderf
[1;36mdebug: [0mc_header: parsed function __remainderf with 2 params (varargs=0) at line 1549
[1;36mdebug: [0mc_header: w_name=scalbnf
[1;36mdebug: [0mc_header: parsed function scalbnf with 2 params (varargs=0) at line 1553
[1;36mdebug: [0mc_header: w_name=__scalbnf
[1;36mdebug: [0mc_header: parsed function __scalbnf with 2 params (varargs=0) at line 1553
[1;36mdebug: [0mc_header: w_name=ilogbf
[1;36mdebug: [0mc_header: parsed function ilogbf with 1 params (varargs=0) at line 1557
[1;36mdebug: [0mc_header: w_name=__ilogbf
[1;36mdebug: [0mc_header: parsed function __ilogbf with 1 params (varargs=0) at line 1557
[1;36mdebug: [0mc_header: w_name=llogbf
[1;36mdebug: [0mc_header: parsed function llogbf with 1 params (varargs=0) at line 1562
[1;36mdebug: [0mc_header: w_name=__llogbf
[1;36mdebug: [0mc_header: parsed function __llogbf with 1 params (varargs=0) at line 1562
[1;36mdebug: [0mc_header: w_name=scalblnf
[1;36mdebug: [0mc_header: parsed function scalblnf with 2 params (varargs=0) at line 1567
[1;36mdebug: [0mc_header: w_name=__scalblnf
[1;36mdebug: [0mc_header: parsed function __scalblnf with 2 params (varargs=0) at line 1567
[1;36mdebug: [0mc_header: w_name=nearbyintf
[1;36mdebug: [0mc_header: parsed function nearbyintf with 1 params (varargs=0) at line 1571
[1;36mdebug: [0mc_header: w_name=__nearbyintf
[1;36mdebug: [0mc_header: parsed function __nearbyintf with 1 params (varargs=0) at line 1571
[1;36mdebug: [0mc_header: w_name=roundf
[1;36mdebug: [0mc_header: parsed function roundf with 1 params (varargs=0) at line 1575
[1;36mdebug: [0mc_header: w_name=truncf
[1;36mdebug: [0mc_header: parsed function truncf with 1 params (varargs=0) at line 1579
[1;36mdebug: [0mc_header: w_name=remquof
[1;36mdebug: [0mc_header: parsed function remquof with 3 params (varargs=0) at line 1584
[1;36mdebug: [0mc_header: w_name=__remquof
[1;36mdebug: [0mc_header: parsed function __remquof with 3 params (varargs=0) at line 1584
[1;36mdebug: [0mc_header: w_name=lrintf
[1;36mdebug: [0mc_header: parsed function lrintf with 1 params (varargs=0) at line 1591
[1;36mdebug: [0mc_header: w_name=__lrintf
[1;36mdebug: [0mc_header: parsed function __lrintf with 1 params (varargs=0) at line 1591
[1;36mdebug: [0mc_header: w_name=llrintf
[1;36mdebug: [0mc_header: parsed function llrintf with 1 params (varargs=0) at line 1593
[1;36mdebug: [0mc_header: w_name=__llrintf
[1;36mdebug: [0mc_header: parsed function __llrintf with 1 params (varargs=0) at line 1593
[1;36mdebug: [0mc_header: w_name=lroundf
[1;36mdebug: [0mc_header: parsed function lroundf with 1 params (varargs=0) at line 1597
[1;36mdebug: [0mc_header: w_name=__lroundf
[1;36mdebug: [0mc_header: parsed function __lroundf with 1 params (varargs=0) at line 1597
[1;36mdebug: [0mc_header: w_name=llroundf
[1;36mdebug: [0mc_header: parsed function llroundf with 1 params (varargs=0) at line 1599
[1;36mdebug: [0mc_header: w_name=__llroundf
[1;36mdebug: [0mc_header: parsed function __llroundf with 1 params (varargs=0) at line 1599
[1;36mdebug: [0mc_header: w_name=fdimf
[1;36mdebug: [0mc_header: parsed function fdimf with 2 params (varargs=0) at line 1603
[1;36mdebug: [0mc_header: w_name=__fdimf
[1;36mdebug: [0mc_header: parsed function __fdimf with 2 params (varargs=0) at line 1603
[1;36mdebug: [0mc_header: w_name=fmaxf
[1;36mdebug: [0mc_header: parsed function fmaxf with 2 params (varargs=0) at line 1607
[1;36mdebug: [0mc_header: w_name=fminf
[1;36mdebug: [0mc_header: parsed function fminf with 2 params (varargs=0) at line 1610
[1;36mdebug: [0mc_header: w_name=fmaf
[1;36mdebug: [0mc_header: parsed function fmaf with 3 params (varargs=0) at line 1614
[1;36mdebug: [0mc_header: w_name=__fmaf
[1;36mdebug: [0mc_header: parsed function __fmaf with 3 params (varargs=0) at line 1614
[1;36mdebug: [0mc_header: w_name=roundevenf
[1;36mdebug: [0mc_header: parsed function roundevenf with 1 params (varargs=0) at line 1619
[1;36mdebug: [0mc_header: w_name=fromfpf
[1;36mdebug: [0mc_header: parsed function fromfpf with 3 params (varargs=0) at line 1623
[1;36mdebug: [0mc_header: w_name=__fromfpf
[1;36mdebug: [0mc_header: parsed function __fromfpf with 3 params (varargs=0) at line 1623
[1;36mdebug: [0mc_header: w_name=ufromfpf
[1;36mdebug: [0mc_header: parsed function ufromfpf with 3 params (varargs=0) at line 1627
[1;36mdebug: [0mc_header: w_name=__ufromfpf
[1;36mdebug: [0mc_header: parsed function __ufromfpf with 3 params (varargs=0) at line 1627
[1;36mdebug: [0mc_header: w_name=fromfpxf
[1;36mdebug: [0mc_header: parsed function fromfpxf with 3 params (varargs=0) at line 1632
[1;36mdebug: [0mc_header: w_name=__fromfpxf
[1;36mdebug: [0mc_header: parsed function __fromfpxf with 3 params (varargs=0) at line 1632
[1;36mdebug: [0mc_header: w_name=ufromfpxf
[1;36mdebug: [0mc_header: parsed function ufromfpxf with 3 params (varargs=0) at line 1637
[1;36mdebug: [0mc_header: w_name=__ufromfpxf
[1;36mdebug: [0mc_header: parsed function __ufromfpxf with 3 params (varargs=0) at line 1637
[1;36mdebug: [0mc_header: w_name=canonicalizef
[1;36mdebug: [0mc_header: parsed function canonicalizef with 2 params (varargs=0) at line 1640
[1;36mdebug: [0mc_header: w_name=fmaximumf
[1;36mdebug: [0mc_header: parsed function fmaximumf with 2 params (varargs=0) at line 1642
[1;36mdebug: [0mc_header: w_name=fminimumf
[1;36mdebug: [0mc_header: parsed function fminimumf with 2 params (varargs=0) at line 1645
[1;36mdebug: [0mc_header: w_name=fmaximum_numf
[1;36mdebug: [0mc_header: parsed function fmaximum_numf with 2 params (varargs=0) at line 1648
[1;36mdebug: [0mc_header: w_name=fminimum_numf
[1;36mdebug: [0mc_header: parsed function fminimum_numf with 2 params (varargs=0) at line 1651
[1;36mdebug: [0mc_header: w_name=fmaximum_magf
[1;36mdebug: [0mc_header: parsed function fmaximum_magf with 2 params (varargs=0) at line 1654
[1;36mdebug: [0mc_header: w_name=fminimum_magf
[1;36mdebug: [0mc_header: parsed function fminimum_magf with 2 params (varargs=0) at line 1657
[1;36mdebug: [0mc_header: w_name=fmaximum_mag_numf
[1;36mdebug: [0mc_header: parsed function fmaximum_mag_numf with 2 params (varargs=0) at line 1660
[1;36mdebug: [0mc_header: w_name=fminimum_mag_numf
[1;36mdebug: [0mc_header: parsed function fminimum_mag_numf with 2 params (varargs=0) at line 1663
[1;36mdebug: [0mc_header: w_name=scalbf
[1;36mdebug: [0mc_header: parsed function scalbf with 2 params (varargs=0) at line 1665
[1;36mdebug: [0mc_header: w_name=__scalbf
[1;36mdebug: [0mc_header: parsed function __scalbf with 2 params (varargs=0) at line 1665
[1;36mdebug: [0mc_header: w_name=__fpclassifyl
[1;36mdebug: [0mc_header: parsed function __fpclassifyl with 1 params (varargs=0) at line 1670
[1;36mdebug: [0mc_header: w_name=__signbitl
[1;36mdebug: [0mc_header: parsed function __signbitl with 1 params (varargs=0) at line 1674
[1;36mdebug: [0mc_header: w_name=__isinfl
[1;36mdebug: [0mc_header: parsed function __isinfl with 1 params (varargs=0) at line 1679
[1;36mdebug: [0mc_header: w_name=__finitel
[1;36mdebug: [0mc_header: parsed function __finitel with 1 params (varargs=0) at line 1683
[1;36mdebug: [0mc_header: w_name=__isnanl
[1;36mdebug: [0mc_header: parsed function __isnanl with 1 params (varargs=0) at line 1687
[1;36mdebug: [0mc_header: w_name=__iseqsigl
[1;36mdebug: [0mc_header: parsed function __iseqsigl with 2 params (varargs=0) at line 1691
[1;36mdebug: [0mc_header: w_name=__issignalingl
[1;36mdebug: [0mc_header: parsed function __issignalingl with 1 params (varargs=0) at line 1694
[1;36mdebug: [0mc_header: w_name=acosl
[1;36mdebug: [0mc_header: parsed function acosl with 1 params (varargs=0) at line 1699
[1;36mdebug: [0mc_header: w_name=__acosl
[1;36mdebug: [0mc_header: parsed function __acosl with 1 params (varargs=0) at line 1699
[1;36mdebug: [0mc_header: w_name=asinl
[1;36mdebug: [0mc_header: parsed function asinl with 1 params (varargs=0) at line 1701
[1;36mdebug: [0mc_header: w_name=__asinl
[1;36mdebug: [0mc_header: parsed function __asinl with 1 params (varargs=0) at line 1701
[1;36mdebug: [0mc_header: w_name=atanl
[1;36mdebug: [0mc_header: parsed function atanl with 1 params (varargs=0) at line 1703
[1;36mdebug: [0mc_header: w_name=__atanl
[1;36mdebug: [0mc_header: parsed function __atanl with 1 params (varargs=0) at line 1703
[1;36mdebug: [0mc_header: w_name=atan2l
[1;36mdebug: [0mc_header: parsed function atan2l with 2 params (varargs=0) at line 1705
[1;36mdebug: [0mc_header: w_name=__atan2l
[1;36mdebug: [0mc_header: parsed function __atan2l with 2 params (varargs=0) at line 1705
[1;36mdebug: [0mc_header: w_name=cosl
[1;36mdebug: [0mc_header: parsed function cosl with 1 params (varargs=0) at line 1708
[1;36mdebug: [0mc_header: w_name=__cosl
[1;36mdebug: [0mc_header: parsed function __cosl with 1 params (varargs=0) at line 1708
[1;36mdebug: [0mc_header: w_name=sinl
[1;36mdebug: [0mc_header: parsed function sinl with 1 params (varargs=0) at line 1710
[1;36mdebug: [0mc_header: w_name=__sinl
[1;36mdebug: [0mc_header: parsed function __sinl with 1 params (varargs=0) at line 1710
[1;36mdebug: [0mc_header: w_name=tanl
[1;36mdebug: [0mc_header: parsed function tanl with 1 params (varargs=0) at line 1712
[1;36mdebug: [0mc_header: w_name=__tanl
[1;36mdebug: [0mc_header: parsed function __tanl with 1 params (varargs=0) at line 1712
[1;36mdebug: [0mc_header: w_name=acospil
[1;36mdebug: [0mc_header: parsed function acospil with 1 params (varargs=0) at line 1716
[1;36mdebug: [0mc_header: w_name=__acospil
[1;36mdebug: [0mc_header: parsed function __acospil with 1 params (varargs=0) at line 1716
[1;36mdebug: [0mc_header: w_name=acospil
[1;36mdebug: [0mc_header: parsed function acospil with 1 params (varargs=0) at line 1717
[1;36mdebug: [0mc_header: w_name=__acospil
[1;36mdebug: [0mc_header: parsed function __acospil with 1 params (varargs=0) at line 1717
[1;36mdebug: [0mc_header: w_name=asinpil
[1;36mdebug: [0mc_header: parsed function asinpil with 1 params (varargs=0) at line 1719
[1;36mdebug: [0mc_header: w_name=__asinpil
[1;36mdebug: [0mc_header: parsed function __asinpil with 1 params (varargs=0) at line 1719
[1;36mdebug: [0mc_header: w_name=asinpil
[1;36mdebug: [0mc_header: parsed function asinpil with 1 params (varargs=0) at line 1720
[1;36mdebug: [0mc_header: w_name=__asinpil
[1;36mdebug: [0mc_header: parsed function __asinpil with 1 params (varargs=0) at line 1720
[1;36mdebug: [0mc_header: w_name=atanpil
[1;36mdebug: [0mc_header: parsed function atanpil with 1 params (varargs=0) at line 1722
[1;36mdebug: [0mc_header: w_name=__atanpil
[1;36mdebug: [0mc_header: parsed function __atanpil with 1 params (varargs=0) at line 1722
[1;36mdebug: [0mc_header: w_name=atanpil
[1;36mdebug: [0mc_header: parsed function atanpil with 1 params (varargs=0) at line 1723
[1;36mdebug: [0mc_header: w_name=__atanpil
[1;36mdebug: [0mc_header: parsed function __atanpil with 1 params (varargs=0) at line 1723
[1;36mdebug: [0mc_header: w_name=atan2pil
[1;36mdebug: [0mc_header: parsed function atan2pil with 2 params (varargs=0) at line 1725
[1;36mdebug: [0mc_header: w_name=__atan2pil
[1;36mdebug: [0mc_header: parsed function __atan2pil with 2 params (varargs=0) at line 1725
[1;36mdebug: [0mc_header: w_name=atan2pil
[1;36mdebug: [0mc_header: parsed function atan2pil with 2 params (varargs=0) at line 1726
[1;36mdebug: [0mc_header: w_name=__atan2pil
[1;36mdebug: [0mc_header: parsed function __atan2pil with 2 params (varargs=0) at line 1726
[1;36mdebug: [0mc_header: w_name=cospil
[1;36mdebug: [0mc_header: parsed function cospil with 1 params (varargs=0) at line 1729
[1;36mdebug: [0mc_header: w_name=__cospil
[1;36mdebug: [0mc_header: parsed function __cospil with 1 params (varargs=0) at line 1729
[1;36mdebug: [0mc_header: w_name=sinpil
[1;36mdebug: [0mc_header: parsed function sinpil with 1 params (varargs=0) at line 1731
[1;36mdebug: [0mc_header: w_name=__sinpil
[1;36mdebug: [0mc_header: parsed function __sinpil with 1 params (varargs=0) at line 1731
[1;36mdebug: [0mc_header: w_name=tanpil
[1;36mdebug: [0mc_header: parsed function tanpil with 1 params (varargs=0) at line 1733
[1;36mdebug: [0mc_header: w_name=__tanpil
[1;36mdebug: [0mc_header: parsed function __tanpil with 1 params (varargs=0) at line 1733
[1;36mdebug: [0mc_header: w_name=coshl
[1;36mdebug: [0mc_header: parsed function coshl with 1 params (varargs=0) at line 1739
[1;36mdebug: [0mc_header: w_name=__coshl
[1;36mdebug: [0mc_header: parsed function __coshl with 1 params (varargs=0) at line 1739
[1;36mdebug: [0mc_header: w_name=sinhl
[1;36mdebug: [0mc_header: parsed function sinhl with 1 params (varargs=0) at line 1741
[1;36mdebug: [0mc_header: w_name=__sinhl
[1;36mdebug: [0mc_header: parsed function __sinhl with 1 params (varargs=0) at line 1741
[1;36mdebug: [0mc_header: w_name=tanhl
[1;36mdebug: [0mc_header: parsed function tanhl with 1 params (varargs=0) at line 1743
[1;36mdebug: [0mc_header: w_name=__tanhl
[1;36mdebug: [0mc_header: parsed function __tanhl with 1 params (varargs=0) at line 1743
[1;36mdebug: [0mc_header: w_name=acoshl
[1;36mdebug: [0mc_header: parsed function acoshl with 1 params (varargs=0) at line 1745
[1;36mdebug: [0mc_header: w_name=__acoshl
[1;36mdebug: [0mc_header: parsed function __acoshl with 1 params (varargs=0) at line 1745
[1;36mdebug: [0mc_header: w_name=asinhl
[1;36mdebug: [0mc_header: parsed function asinhl with 1 params (varargs=0) at line 1747
[1;36mdebug: [0mc_header: w_name=__asinhl
[1;36mdebug: [0mc_header: parsed function __asinhl with 1 params (varargs=0) at line 1747
[1;36mdebug: [0mc_header: w_name=atanhl
[1;36mdebug: [0mc_header: parsed function atanhl with 1 params (varargs=0) at line 1749
[1;36mdebug: [0mc_header: w_name=__atanhl
[1;36mdebug: [0mc_header: parsed function __atanhl with 1 params (varargs=0) at line 1749
[1;36mdebug: [0mc_header: w_name=expl
[1;36mdebug: [0mc_header: parsed function expl with 1 params (varargs=0) at line 1755
[1;36mdebug: [0mc_header: w_name=__expl
[1;36mdebug: [0mc_header: parsed function __expl with 1 params (varargs=0) at line 1755
[1;36mdebug: [0mc_header: w_name=frexpl
[1;36mdebug: [0mc_header: parsed function frexpl with 2 params (varargs=0) at line 1758
[1;36mdebug: [0mc_header: w_name=__frexpl
[1;36mdebug: [0mc_header: parsed function __frexpl with 2 params (varargs=0) at line 1758
[1;36mdebug: [0mc_header: w_name=ldexpl
[1;36mdebug: [0mc_header: parsed function ldexpl with 2 params (varargs=0) at line 1761
[1;36mdebug: [0mc_header: w_name=__ldexpl
[1;36mdebug: [0mc_header: parsed function __ldexpl with 2 params (varargs=0) at line 1761
[1;36mdebug: [0mc_header: w_name=logl
[1;36mdebug: [0mc_header: parsed function logl with 1 params (varargs=0) at line 1764
[1;36mdebug: [0mc_header: w_name=__logl
[1;36mdebug: [0mc_header: parsed function __logl with 1 params (varargs=0) at line 1764
[1;36mdebug: [0mc_header: w_name=log10l
[1;36mdebug: [0mc_header: parsed function log10l with 1 params (varargs=0) at line 1767
[1;36mdebug: [0mc_header: w_name=__log10l
[1;36mdebug: [0mc_header: parsed function __log10l with 1 params (varargs=0) at line 1767
[1;36mdebug: [0mc_header: w_name=modfl
[1;36mdebug: [0mc_header: parsed function modfl with 2 params (varargs=0) at line 1770
[1;36mdebug: [0mc_header: w_name=__modfl
[1;36mdebug: [0mc_header: parsed function __modfl with 2 params (varargs=0) at line 1770
[1;36mdebug: [0mc_header: w_name=exp10l
[1;36mdebug: [0mc_header: parsed function exp10l with 1 params (varargs=0) at line 1774
[1;36mdebug: [0mc_header: w_name=__exp10l
[1;36mdebug: [0mc_header: parsed function __exp10l with 1 params (varargs=0) at line 1774
[1;36mdebug: [0mc_header: w_name=exp2m1l
[1;36mdebug: [0mc_header: parsed function exp2m1l with 1 params (varargs=0) at line 1777
[1;36mdebug: [0mc_header: w_name=__exp2m1l
[1;36mdebug: [0mc_header: parsed function __exp2m1l with 1 params (varargs=0) at line 1777
[1;36mdebug: [0mc_header: w_name=exp10m1l
[1;36mdebug: [0mc_header: parsed function exp10m1l with 1 params (varargs=0) at line 1780
[1;36mdebug: [0mc_header: w_name=__exp10m1l
[1;36mdebug: [0mc_header: parsed function __exp10m1l with 1 params (varargs=0) at line 1780
[1;36mdebug: [0mc_header: w_name=log2p1l
[1;36mdebug: [0mc_header: parsed function log2p1l with 1 params (varargs=0) at line 1783
[1;36mdebug: [0mc_header: w_name=__log2p1l
[1;36mdebug: [0mc_header: parsed function __log2p1l with 1 params (varargs=0) at line 1783
[1;36mdebug: [0mc_header: w_name=log10p1l
[1;36mdebug: [0mc_header: parsed function log10p1l with 1 params (varargs=0) at line 1786
[1;36mdebug: [0mc_header: w_name=__log10p1l
[1;36mdebug: [0mc_header: parsed function __log10p1l with 1 params (varargs=0) at line 1786
[1;36mdebug: [0mc_header: w_name=logp1l
[1;36mdebug: [0mc_header: parsed function logp1l with 1 params (varargs=0) at line 1789
[1;36mdebug: [0mc_header: w_name=__logp1l
[1;36mdebug: [0mc_header: parsed function __logp1l with 1 params (varargs=0) at line 1789
[1;36mdebug: [0mc_header: w_name=expm1l
[1;36mdebug: [0mc_header: parsed function expm1l with 1 params (varargs=0) at line 1794
[1;36mdebug: [0mc_header: w_name=__expm1l
[1;36mdebug: [0mc_header: parsed function __expm1l with 1 params (varargs=0) at line 1794
[1;36mdebug: [0mc_header: w_name=log1pl
[1;36mdebug: [0mc_header: parsed function log1pl with 1 params (varargs=0) at line 1797
[1;36mdebug: [0mc_header: w_name=__log1pl
[1;36mdebug: [0mc_header: parsed function __log1pl with 1 params (varargs=0) at line 1797
[1;36mdebug: [0mc_header: w_name=logbl
[1;36mdebug: [0mc_header: parsed function logbl with 1 params (varargs=0) at line 1800
[1;36mdebug: [0mc_header: w_name=__logbl
[1;36mdebug: [0mc_header: parsed function __logbl with 1 params (varargs=0) at line 1800
[1;36mdebug: [0mc_header: w_name=exp2l
[1;36mdebug: [0mc_header: parsed function exp2l with 1 params (varargs=0) at line 1805
[1;36mdebug: [0mc_header: w_name=__exp2l
[1;36mdebug: [0mc_header: parsed function __exp2l with 1 params (varargs=0) at line 1805
[1;36mdebug: [0mc_header: w_name=log2l
[1;36mdebug: [0mc_header: parsed function log2l with 1 params (varargs=0) at line 1808
[1;36mdebug: [0mc_header: w_name=__log2l
[1;36mdebug: [0mc_header: parsed function __log2l with 1 params (varargs=0) at line 1808
[1;36mdebug: [0mc_header: w_name=powl
[1;36mdebug: [0mc_header: parsed function powl with 2 params (varargs=0) at line 1815
[1;36mdebug: [0mc_header: w_name=__powl
[1;36mdebug: [0mc_header: parsed function __powl with 2 params (varargs=0) at line 1815
[1;36mdebug: [0mc_header: w_name=sqrtl
[1;36mdebug: [0mc_header: parsed function sqrtl with 1 params (varargs=0) at line 1818
[1;36mdebug: [0mc_header: w_name=__sqrtl
[1;36mdebug: [0mc_header: parsed function __sqrtl with 1 params (varargs=0) at line 1818
[1;36mdebug: [0mc_header: w_name=hypotl
[1;36mdebug: [0mc_header: parsed function hypotl with 2 params (varargs=0) at line 1822
[1;36mdebug: [0mc_header: w_name=__hypotl
[1;36mdebug: [0mc_header: parsed function __hypotl with 2 params (varargs=0) at line 1822
[1;36mdebug: [0mc_header: w_name=cbrtl
[1;36mdebug: [0mc_header: parsed function cbrtl with 1 params (varargs=0) at line 1827
[1;36mdebug: [0mc_header: w_name=__cbrtl
[1;36mdebug: [0mc_header: parsed function __cbrtl with 1 params (varargs=0) at line 1827
[1;36mdebug: [0mc_header: w_name=compoundnl
[1;36mdebug: [0mc_header: parsed function compoundnl with 2 params (varargs=0) at line 1832
[1;36mdebug: [0mc_header: w_name=__compoundnl
[1;36mdebug: [0mc_header: parsed function __compoundnl with 2 params (varargs=0) at line 1832
[1;36mdebug: [0mc_header: w_name=pownl
[1;36mdebug: [0mc_header: parsed function pownl with 2 params (varargs=0) at line 1835
[1;36mdebug: [0mc_header: w_name=__pownl
[1;36mdebug: [0mc_header: parsed function __pownl with 2 params (varargs=0) at line 1835
[1;36mdebug: [0mc_header: w_name=powrl
[1;36mdebug: [0mc_header: parsed function powrl with 2 params (varargs=0) at line 1838
[1;36mdebug: [0mc_header: w_name=__powrl
[1;36mdebug: [0mc_header: parsed function __powrl with 2 params (varargs=0) at line 1838
[1;36mdebug: [0mc_header: w_name=powrl
[1;36mdebug: [0mc_header: parsed function powrl with 2 params (varargs=0) at line 1839
[1;36mdebug: [0mc_header: w_name=__powrl
[1;36mdebug: [0mc_header: parsed function __powrl with 2 params (varargs=0) at line 1839
[1;36mdebug: [0mc_header: w_name=rootnl
[1;36mdebug: [0mc_header: parsed function rootnl with 2 params (varargs=0) at line 1842
[1;36mdebug: [0mc_header: w_name=__rootnl
[1;36mdebug: [0mc_header: parsed function __rootnl with 2 params (varargs=0) at line 1842
[1;36mdebug: [0mc_header: w_name=rsqrtl
[1;36mdebug: [0mc_header: parsed function rsqrtl with 1 params (varargs=0) at line 1845
[1;36mdebug: [0mc_header: w_name=__rsqrtl
[1;36mdebug: [0mc_header: parsed function __rsqrtl with 1 params (varargs=0) at line 1845
[1;36mdebug: [0mc_header: w_name=ceill
[1;36mdebug: [0mc_header: parsed function ceill with 1 params (varargs=0) at line 1852
[1;36mdebug: [0mc_header: w_name=fabsl
[1;36mdebug: [0mc_header: parsed function fabsl with 1 params (varargs=0) at line 1855
[1;36mdebug: [0mc_header: w_name=floorl
[1;36mdebug: [0mc_header: parsed function floorl with 1 params (varargs=0) at line 1858
[1;36mdebug: [0mc_header: w_name=fmodl
[1;36mdebug: [0mc_header: parsed function fmodl with 2 params (varargs=0) at line 1861
[1;36mdebug: [0mc_header: w_name=__fmodl
[1;36mdebug: [0mc_header: parsed function __fmodl with 2 params (varargs=0) at line 1861
[1;36mdebug: [0mc_header: w_name=isinfl
[1;36mdebug: [0mc_header: parsed function isinfl with 1 params (varargs=0) at line 1863
[1;36mdebug: [0mc_header: w_name=finitel
[1;36mdebug: [0mc_header: parsed function finitel with 1 params (varargs=0) at line 1869
[1;36mdebug: [0mc_header: w_name=dreml
[1;36mdebug: [0mc_header: parsed function dreml with 2 params (varargs=0) at line 1873
[1;36mdebug: [0mc_header: w_name=__dreml
[1;36mdebug: [0mc_header: parsed function __dreml with 2 params (varargs=0) at line 1873
[1;36mdebug: [0mc_header: w_name=significandl
[1;36mdebug: [0mc_header: parsed function significandl with 1 params (varargs=0) at line 1877
[1;36mdebug: [0mc_header: w_name=__significandl
[1;36mdebug: [0mc_header: parsed function __significandl with 1 params (varargs=0) at line 1877
[1;36mdebug: [0mc_header: w_name=copysignl
[1;36mdebug: [0mc_header: parsed function copysignl with 2 params (varargs=0) at line 1884
[1;36mdebug: [0mc_header: w_name=nanl
[1;36mdebug: [0mc_header: parsed function nanl with 1 params (varargs=0) at line 1889
[1;36mdebug: [0mc_header: w_name=__nanl
[1;36mdebug: [0mc_header: parsed function __nanl with 1 params (varargs=0) at line 1889
[1;36mdebug: [0mc_header: w_name=isnanl
[1;36mdebug: [0mc_header: parsed function isnanl with 1 params (varargs=0) at line 1891
[1;36mdebug: [0mc_header: w_name=j0l
[1;36mdebug: [0mc_header: parsed function j0l with 1 params (varargs=0) at line 1898
[1;36mdebug: [0mc_header: w_name=__j0l
[1;36mdebug: [0mc_header: parsed function __j0l with 1 params (varargs=0) at line 1898
[1;36mdebug: [0mc_header: w_name=j1l
[1;36mdebug: [0mc_header: parsed function j1l with 1 params (varargs=0) at line 1899
[1;36mdebug: [0mc_header: w_name=__j1l
[1;36mdebug: [0mc_header: parsed function __j1l with 1 params (varargs=0) at line 1899
[1;36mdebug: [0mc_header: w_name=jnl
[1;36mdebug: [0mc_header: parsed function jnl with 2 params (varargs=0) at line 1900
[1;36mdebug: [0mc_header: w_name=__jnl
[1;36mdebug: [0mc_header: parsed function __jnl with 2 params (varargs=0) at line 1900
[1;36mdebug: [0mc_header: w_name=y0l
[1;36mdebug: [0mc_header: parsed function y0l with 1 params (varargs=0) at line 1901
[1;36mdebug: [0mc_header: w_name=__y0l
[1;36mdebug: [0mc_header: parsed function __y0l with 1 params (varargs=0) at line 1901
[1;36mdebug: [0mc_header: w_name=y1l
[1;36mdebug: [0mc_header: parsed function y1l with 1 params (varargs=0) at line 1902
[1;36mdebug: [0mc_header: w_name=__y1l
[1;36mdebug: [0mc_header: parsed function __y1l with 1 params (varargs=0) at line 1902
[1;36mdebug: [0mc_header: w_name=ynl
[1;36mdebug: [0mc_header: parsed function ynl with 2 params (varargs=0) at line 1903
[1;36mdebug: [0mc_header: w_name=__ynl
[1;36mdebug: [0mc_header: parsed function __ynl with 2 params (varargs=0) at line 1903
[1;36mdebug: [0mc_header: w_name=erfl
[1;36mdebug: [0mc_header: parsed function erfl with 1 params (varargs=0) at line 1909
[1;36mdebug: [0mc_header: w_name=__erfl
[1;36mdebug: [0mc_header: parsed function __erfl with 1 params (varargs=0) at line 1909
[1;36mdebug: [0mc_header: w_name=erfcl
[1;36mdebug: [0mc_header: parsed function erfcl with 1 params (varargs=0) at line 1910
[1;36mdebug: [0mc_header: w_name=__erfcl
[1;36mdebug: [0mc_header: parsed function __erfcl with 1 params (varargs=0) at line 1910
[1;36mdebug: [0mc_header: w_name=lgammal
[1;36mdebug: [0mc_header: parsed function lgammal with 1 params (varargs=0) at line 1911
[1;36mdebug: [0mc_header: w_name=__lgammal
[1;36mdebug: [0mc_header: parsed function __lgammal with 1 params (varargs=0) at line 1911
[1;36mdebug: [0mc_header: w_name=tgammal
[1;36mdebug: [0mc_header: parsed function tgammal with 1 params (varargs=0) at line 1916
[1;36mdebug: [0mc_header: w_name=__tgammal
[1;36mdebug: [0mc_header: parsed function __tgammal with 1 params (varargs=0) at line 1916
[1;36mdebug: [0mc_header: w_name=gammal
[1;36mdebug: [0mc_header: parsed function gammal with 1 params (varargs=0) at line 1922
[1;36mdebug: [0mc_header: w_name=__gammal
[1;36mdebug: [0mc_header: parsed function __gammal with 1 params (varargs=0) at line 1922
[1;36mdebug: [0mc_header: w_name=lgammal_r
[1;36mdebug: [0mc_header: parsed function lgammal_r with 2 params (varargs=0) at line 1930
[1;36mdebug: [0mc_header: w_name=__lgammal_r
[1;36mdebug: [0mc_header: parsed function __lgammal_r with 2 params (varargs=0) at line 1930
[1;36mdebug: [0mc_header: w_name=rintl
[1;36mdebug: [0mc_header: parsed function rintl with 1 params (varargs=0) at line 1937
[1;36mdebug: [0mc_header: w_name=__rintl
[1;36mdebug: [0mc_header: parsed function __rintl with 1 params (varargs=0) at line 1937
[1;36mdebug: [0mc_header: w_name=nextafterl
[1;36mdebug: [0mc_header: parsed function nextafterl with 2 params (varargs=0) at line 1940
[1;36mdebug: [0mc_header: w_name=__nextafterl
[1;36mdebug: [0mc_header: parsed function __nextafterl with 2 params (varargs=0) at line 1940
[1;36mdebug: [0mc_header: w_name=nexttowardl
[1;36mdebug: [0mc_header: parsed function nexttowardl with 2 params (varargs=0) at line 1942
[1;36mdebug: [0mc_header: w_name=__nexttowardl
[1;36mdebug: [0mc_header: parsed function __nexttowardl with 2 params (varargs=0) at line 1942
[1;36mdebug: [0mc_header: w_name=nextdownl
[1;36mdebug: [0mc_header: parsed function nextdownl with 1 params (varargs=0) at line 1947
[1;36mdebug: [0mc_header: w_name=__nextdownl
[1;36mdebug: [0mc_header: parsed function __nextdownl with 1 params (varargs=0) at line 1947
[1;36mdebug: [0mc_header: w_name=nextupl
[1;36mdebug: [0mc_header: parsed function nextupl with 1 params (varargs=0) at line 1949
[1;36mdebug: [0mc_header: w_name=__nextupl
[1;36mdebug: [0mc_header: parsed function __nextupl with 1 params (varargs=0) at line 1949
[1;36mdebug: [0mc_header: w_name=remainderl
[1;36mdebug: [0mc_header: parsed function remainderl with 2 params (varargs=0) at line 1953
[1;36mdebug: [0mc_header: w_name=__remainderl
[1;36mdebug: [0mc_header: parsed function __remainderl with 2 params (varargs=0) at line 1953
[1;36mdebug: [0mc_header: w_name=scalbnl
[1;36mdebug: [0mc_header: parsed function scalbnl with 2 params (varargs=0) at line 1957
[1;36mdebug: [0mc_header: w_name=__scalbnl
[1;36mdebug: [0mc_header: parsed function __scalbnl with 2 params (varargs=0) at line 1957
[1;36mdebug: [0mc_header: w_name=ilogbl
[1;36mdebug: [0mc_header: parsed function ilogbl with 1 params (varargs=0) at line 1961
[1;36mdebug: [0mc_header: w_name=__ilogbl
[1;36mdebug: [0mc_header: parsed function __ilogbl with 1 params (varargs=0) at line 1961
[1;36mdebug: [0mc_header: w_name=llogbl
[1;36mdebug: [0mc_header: parsed function llogbl with 1 params (varargs=0) at line 1966
[1;36mdebug: [0mc_header: w_name=__llogbl
[1;36mdebug: [0mc_header: parsed function __llogbl with 1 params (varargs=0) at line 1966
[1;36mdebug: [0mc_header: w_name=scalblnl
[1;36mdebug: [0mc_header: parsed function scalblnl with 2 params (varargs=0) at line 1971
[1;36mdebug: [0mc_header: w_name=__scalblnl
[1;36mdebug: [0mc_header: parsed function __scalblnl with 2 params (varargs=0) at line 1971
[1;36mdebug: [0mc_header: w_name=nearbyintl
[1;36mdebug: [0mc_header: parsed function nearbyintl with 1 params (varargs=0) at line 1975
[1;36mdebug: [0mc_header: w_name=__nearbyintl
[1;36mdebug: [0mc_header: parsed function __nearbyintl with 1 params (varargs=0) at line 1975
[1;36mdebug: [0mc_header: w_name=roundl
[1;36mdebug: [0mc_header: parsed function roundl with 1 params (varargs=0) at line 1979
[1;36mdebug: [0mc_header: w_name=truncl
[1;36mdebug: [0mc_header: parsed function truncl with 1 params (varargs=0) at line 1983
[1;36mdebug: [0mc_header: w_name=remquol
[1;36mdebug: [0mc_header: parsed function remquol with 3 params (varargs=0) at line 1988
[1;36mdebug: [0mc_header: w_name=__remquol
[1;36mdebug: [0mc_header: parsed function __remquol with 3 params (varargs=0) at line 1988
[1;36mdebug: [0mc_header: w_name=lrintl
[1;36mdebug: [0mc_header: parsed function lrintl with 1 params (varargs=0) at line 1995
[1;36mdebug: [0mc_header: w_name=__lrintl
[1;36mdebug: [0mc_header: parsed function __lrintl with 1 params (varargs=0) at line 1995
[1;36mdebug: [0mc_header: w_name=llrintl
[1;36mdebug: [0mc_header: parsed function llrintl with 1 params (varargs=0) at line 1997
[1;36mdebug: [0mc_header: w_name=__llrintl
[1;36mdebug: [0mc_header: parsed function __llrintl with 1 params (varargs=0) at line 1997
[1;36mdebug: [0mc_header: w_name=lroundl
[1;36mdebug: [0mc_header: parsed function lroundl with 1 params (varargs=0) at line 2001
[1;36mdebug: [0mc_header: w_name=__lroundl
[1;36mdebug: [0mc_header: parsed function __lroundl with 1 params (varargs=0) at line 2001
[1;36mdebug: [0mc_header: w_name=llroundl
[1;36mdebug: [0mc_header: parsed function llroundl with 1 params (varargs=0) at line 2003
[1;36mdebug: [0mc_header: w_name=__llroundl
[1;36mdebug: [0mc_header: parsed function __llroundl with 1 params (varargs=0) at line 2003
[1;36mdebug: [0mc_header: w_name=fdiml
[1;36mdebug: [0mc_header: parsed function fdiml with 2 params (varargs=0) at line 2007
[1;36mdebug: [0mc_header: w_name=__fdiml
[1;36mdebug: [0mc_header: parsed function __fdiml with 2 params (varargs=0) at line 2007
[1;36mdebug: [0mc_header: w_name=fmaxl
[1;36mdebug: [0mc_header: parsed function fmaxl with 2 params (varargs=0) at line 2011
[1;36mdebug: [0mc_header: w_name=fminl
[1;36mdebug: [0mc_header: parsed function fminl with 2 params (varargs=0) at line 2014
[1;36mdebug: [0mc_header: w_name=fmal
[1;36mdebug: [0mc_header: parsed function fmal with 3 params (varargs=0) at line 2018
[1;36mdebug: [0mc_header: w_name=__fmal
[1;36mdebug: [0mc_header: parsed function __fmal with 3 params (varargs=0) at line 2018
[1;36mdebug: [0mc_header: w_name=roundevenl
[1;36mdebug: [0mc_header: parsed function roundevenl with 1 params (varargs=0) at line 2023
[1;36mdebug: [0mc_header: w_name=fromfpl
[1;36mdebug: [0mc_header: parsed function fromfpl with 3 params (varargs=0) at line 2027
[1;36mdebug: [0mc_header: w_name=__fromfpl
[1;36mdebug: [0mc_header: parsed function __fromfpl with 3 params (varargs=0) at line 2027
[1;36mdebug: [0mc_header: w_name=ufromfpl
[1;36mdebug: [0mc_header: parsed function ufromfpl with 3 params (varargs=0) at line 2031
[1;36mdebug: [0mc_header: w_name=__ufromfpl
[1;36mdebug: [0mc_header: parsed function __ufromfpl with 3 params (varargs=0) at line 2031
[1;36mdebug: [0mc_header: w_name=fromfpxl
[1;36mdebug: [0mc_header: parsed function fromfpxl with 3 params (varargs=0) at line 2036
[1;36mdebug: [0mc_header: w_name=__fromfpxl
[1;36mdebug: [0mc_header: parsed function __fromfpxl with 3 params (varargs=0) at line 2036
[1;36mdebug: [0mc_header: w_name=ufromfpxl
[1;36mdebug: [0mc_header: parsed function ufromfpxl with 3 params (varargs=0) at line 2041
[1;36mdebug: [0mc_header: w_name=__ufromfpxl
[1;36mdebug: [0mc_header: parsed function __ufromfpxl with 3 params (varargs=0) at line 2041
[1;36mdebug: [0mc_header: w_name=canonicalizel
[1;36mdebug: [0mc_header: parsed function canonicalizel with 2 params (varargs=0) at line 2044
[1;36mdebug: [0mc_header: w_name=fmaximuml
[1;36mdebug: [0mc_header: parsed function fmaximuml with 2 params (varargs=0) at line 2046
[1;36mdebug: [0mc_header: w_name=fminimuml
[1;36mdebug: [0mc_header: parsed function fminimuml with 2 params (varargs=0) at line 2049
[1;36mdebug: [0mc_header: w_name=fmaximum_numl
[1;36mdebug: [0mc_header: parsed function fmaximum_numl with 2 params (varargs=0) at line 2052
[1;36mdebug: [0mc_header: w_name=fminimum_numl
[1;36mdebug: [0mc_header: parsed function fminimum_numl with 2 params (varargs=0) at line 2055
[1;36mdebug: [0mc_header: w_name=fmaximum_magl
[1;36mdebug: [0mc_header: parsed function fmaximum_magl with 2 params (varargs=0) at line 2058
[1;36mdebug: [0mc_header: w_name=fminimum_magl
[1;36mdebug: [0mc_header: parsed function fminimum_magl with 2 params (varargs=0) at line 2061
[1;36mdebug: [0mc_header: w_name=fmaximum_mag_numl
[1;36mdebug: [0mc_header: parsed function fmaximum_mag_numl with 2 params (varargs=0) at line 2064
[1;36mdebug: [0mc_header: w_name=fminimum_mag_numl
[1;36mdebug: [0mc_header: parsed function fminimum_mag_numl with 2 params (varargs=0) at line 2067
[1;36mdebug: [0mc_header: w_name=scalbl
[1;36mdebug: [0mc_header: parsed function scalbl with 2 params (varargs=0) at line 2069
[1;36mdebug: [0mc_header: w_name=__scalbl
[1;36mdebug: [0mc_header: parsed function __scalbl with 2 params (varargs=0) at line 2069
[1;36mdebug: [0mc_header: w_name=__fpclassifyf128
[1;36mdebug: [0mc_header: parsed function __fpclassifyf128 with 1 params (varargs=0) at line 2074
[1;36mdebug: [0mc_header: w_name=__signbitf128
[1;36mdebug: [0mc_header: parsed function __signbitf128 with 1 params (varargs=0) at line 2078
[1;36mdebug: [0mc_header: w_name=__isinff128
[1;36mdebug: [0mc_header: parsed function __isinff128 with 1 params (varargs=0) at line 2083
[1;36mdebug: [0mc_header: w_name=__finitef128
[1;36mdebug: [0mc_header: parsed function __finitef128 with 1 params (varargs=0) at line 2087
[1;36mdebug: [0mc_header: w_name=__isnanf128
[1;36mdebug: [0mc_header: parsed function __isnanf128 with 1 params (varargs=0) at line 2091
[1;36mdebug: [0mc_header: w_name=__iseqsigf128
[1;36mdebug: [0mc_header: parsed function __iseqsigf128 with 2 params (varargs=0) at line 2095
[1;36mdebug: [0mc_header: w_name=__issignalingf128
[1;36mdebug: [0mc_header: parsed function __issignalingf128 with 1 params (varargs=0) at line 2098
[1;36mdebug: [0mc_header: w_name=fadd
[1;36mdebug: [0mc_header: parsed function fadd with 2 params (varargs=0) at line 2104
[1;36mdebug: [0mc_header: w_name=fdiv
[1;36mdebug: [0mc_header: parsed function fdiv with 2 params (varargs=0) at line 2107
[1;36mdebug: [0mc_header: w_name=ffma
[1;36mdebug: [0mc_header: parsed function ffma with 3 params (varargs=0) at line 2110
[1;36mdebug: [0mc_header: w_name=fmul
[1;36mdebug: [0mc_header: parsed function fmul with 2 params (varargs=0) at line 2113
[1;36mdebug: [0mc_header: w_name=fsqrt
[1;36mdebug: [0mc_header: parsed function fsqrt with 1 params (varargs=0) at line 2116
[1;36mdebug: [0mc_header: w_name=fsub
[1;36mdebug: [0mc_header: parsed function fsub with 2 params (varargs=0) at line 2119
[1;36mdebug: [0mc_header: w_name=faddl
[1;36mdebug: [0mc_header: parsed function faddl with 2 params (varargs=0) at line 2124
[1;36mdebug: [0mc_header: w_name=fdivl
[1;36mdebug: [0mc_header: parsed function fdivl with 2 params (varargs=0) at line 2127
[1;36mdebug: [0mc_header: w_name=ffmal
[1;36mdebug: [0mc_header: parsed function ffmal with 3 params (varargs=0) at line 2130
[1;36mdebug: [0mc_header: w_name=fmull
[1;36mdebug: [0mc_header: parsed function fmull with 2 params (varargs=0) at line 2133
[1;36mdebug: [0mc_header: w_name=fsqrtl
[1;36mdebug: [0mc_header: parsed function fsqrtl with 1 params (varargs=0) at line 2136
[1;36mdebug: [0mc_header: w_name=fsubl
[1;36mdebug: [0mc_header: parsed function fsubl with 2 params (varargs=0) at line 2139
[1;36mdebug: [0mc_header: w_name=daddl
[1;36mdebug: [0mc_header: parsed function daddl with 2 params (varargs=0) at line 2144
[1;36mdebug: [0mc_header: w_name=ddivl
[1;36mdebug: [0mc_header: parsed function ddivl with 2 params (varargs=0) at line 2147
[1;36mdebug: [0mc_header: w_name=dfmal
[1;36mdebug: [0mc_header: parsed function dfmal with 3 params (varargs=0) at line 2150
[1;36mdebug: [0mc_header: w_name=dmull
[1;36mdebug: [0mc_header: parsed function dmull with 2 params (varargs=0) at line 2153
[1;36mdebug: [0mc_header: w_name=dsqrtl
[1;36mdebug: [0mc_header: parsed function dsqrtl with 1 params (varargs=0) at line 2156
[1;36mdebug: [0mc_header: w_name=dsubl
[1;36mdebug: [0mc_header: parsed function dsubl with 2 params (varargs=0) at line 2159
[1;36mdebug: [0mc_header: LOOP START token=1
[1;36mdebug: [0mc_header: LOOP START token=1
[1;36mdebug: [0mc_header: LOOP START token=1
[1;36mdebug: [0mc_header: LOOP START token=1
[1;36mdebug: [0mc_header: LOOP START token=1
[1;36mdebug: [0mc_header: w_name=__iscanonicall
[1;36mdebug: [0mc_header: parsed function __iscanonicall with 1 params (varargs=0) at line 2186
[1;36mdebug: [0mc_header: LOOP START token=73
[1;36mdebug: [0mc_header: LOOP START token=73
[1;36mdebug: [0mc_header: LOOP START token=73
[1;36mdebug: [0mc_header: LOOP START token=73
[1;36mdebug: [0mc_header: w_name=imaxabs
[1;36mdebug: [0mc_header: parsed function imaxabs with 1 params (varargs=0) at line 2220
[1;36mdebug: [0mc_header: w_name=imaxdiv
[1;36mdebug: [0mc_header: parsed function imaxdiv with 2 params (varargs=0) at line 2229
[1;36mdebug: [0mc_header: w_name=strtoimax
[1;36mdebug: [0mc_header: parsed function strtoimax with 3 params (varargs=0) at line 2233
[1;36mdebug: [0mc_header: w_name=strtoumax
[1;36mdebug: [0mc_header: parsed function strtoumax with 3 params (varargs=0) at line 2237
[1;36mdebug: [0mc_header: w_name=wcstoimax
[1;36mdebug: [0mc_header: parsed function wcstoimax with 3 params (varargs=0) at line 2242
[1;36mdebug: [0mc_header: w_name=wcstoumax
[1;36mdebug: [0mc_header: parsed function wcstoumax with 3 params (varargs=0) at line 2247
[1;36mdebug: [0mc_header: w_name=strtoimax
[1;36mdebug: [0mc_header: parsed function strtoimax with 3 params (varargs=0) at line 2253
[1;36mdebug: [0mc_header: w_name=strtoumax
[1;36mdebug: [0mc_header: parsed function strtoumax with 3 params (varargs=0) at line 2256
[1;36mdebug: [0mc_header: w_name=wcstoimax
[1;36mdebug: [0mc_header: parsed function wcstoimax with 3 params (varargs=0) at line 2259
[1;36mdebug: [0mc_header: w_name=wcstoumax
[1;36mdebug: [0mc_header: parsed function wcstoumax with 3 params (varargs=0) at line 2263
[1;36mdebug: [0mc_header: LOOP START token=59 line=2281 text='const'
[1;36mdebug: [0mc_header: LOOP START token=59 line=2283 text='const'
[1;36mdebug: [0mc_header: LOOP START token=59 line=2285 text='const'
[1;36mdebug: [0mc_header: LOOP START token=59 line=2290 text='const'
[1;36mdebug: [0mc_header: LOOP START token=72 line=2292 text='int'
[1;36mdebug: [0mc_header: LOOP START token=72 line=2294 text='int'
[1;36mdebug: [0mc_header: LOOP START token=59 line=2296 text='const'
[1;36mdebug: [0mc_header: LOOP START token=72 line=2298 text='int'
[1;36mdebug: [0mc_header: LOOP START token=59 line=2300 text='const'
[1;36mdebug: [0mc_header: LOOP START token=81 line=2305 text='struct'
[1;36mdebug: [0mc_header: LOOP START token=81 line=2307 text='struct'
[1;36mdebug: [0mc_header: w_name=wl_list_init
[1;36mdebug: [0mc_header: parsed function wl_list_init with 1 params (varargs=0) at line 2311
[1;36mdebug: [0mc_header: w_name=wl_list_insert
[1;36mdebug: [0mc_header: parsed function wl_list_insert with 2 params (varargs=0) at line 2314
[1;36mdebug: [0mc_header: w_name=wl_list_remove
[1;36mdebug: [0mc_header: parsed function wl_list_remove with 1 params (varargs=0) at line 2317
[1;36mdebug: [0mc_header: w_name=wl_list_length
[1;36mdebug: [0mc_header: parsed function wl_list_length with 1 params (varargs=0) at line 2320
[1;36mdebug: [0mc_header: w_name=wl_list_empty
[1;36mdebug: [0mc_header: parsed function wl_list_empty with 1 params (varargs=0) at line 2323
[1;36mdebug: [0mc_header: w_name=wl_list_insert_list
[1;36mdebug: [0mc_header: parsed function wl_list_insert_list with 2 params (varargs=0) at line 2326
[1;36mdebug: [0mc_header: LOOP START token=1 line=2330 text='size_t'
[1;36mdebug: [0mc_header: LOOP START token=1 line=2332 text='size_t'
[1;36mdebug: [0mc_header: LOOP START token=86 line=2334 text='void'
[1;36mdebug: [0mc_header: w_name=wl_array_init
[1;36mdebug: [0mc_header: parsed function wl_array_init with 1 params (varargs=0) at line 2338
[1;36mdebug: [0mc_header: w_name=wl_array_release
[1;36mdebug: [0mc_header: parsed function wl_array_release with 1 params (varargs=0) at line 2341
[1;36mdebug: [0mc_header: w_name=wl_array_add
[1;36mdebug: [0mc_header: parsed function wl_array_add with 2 params (varargs=0) at line 2344
[1;36mdebug: [0mc_header: w_name=wl_array_copy
[1;36mdebug: [0mc_header: parsed function wl_array_copy with 2 params (varargs=0) at line 2347
[1;36mdebug: [0mc_header: w_name=wl_fixed_to_double
[1;36mdebug: [0mc_header: parsed function wl_fixed_to_double with 1 params (varargs=0) at line 2353
[1;36mdebug: [0mc_header: w_name=wl_fixed_from_double
[1;36mdebug: [0mc_header: parsed function wl_fixed_from_double with 1 params (varargs=0) at line 2359
[1;36mdebug: [0mc_header: w_name=wl_fixed_to_int
[1;36mdebug: [0mc_header: parsed function wl_fixed_to_int with 1 params (varargs=0) at line 2365
[1;36mdebug: [0mc_header: w_name=wl_fixed_from_int
[1;36mdebug: [0mc_header: parsed function wl_fixed_from_int with 1 params (varargs=0) at line 2371
[1;36mdebug: [0mc_header: LOOP START token=1 line=2376 text='int32_t'
[1;36mdebug: [0mc_header: LOOP START token=1 line=2377 text='uint32_t'
[1;36mdebug: [0mc_header: LOOP START token=1 line=2378 text='wl_fixed_t'
[1;36mdebug: [0mc_header: LOOP START token=59 line=2379 text='const'
[1;36mdebug: [0mc_header: LOOP START token=81 line=2380 text='struct'
[1;36mdebug: [0mc_header: LOOP START token=1 line=2381 text='uint32_t'
[1;36mdebug: [0mc_header: LOOP START token=81 line=2382 text='struct'
[1;36mdebug: [0mc_header: LOOP START token=1 line=2383 text='int32_t'
[1;36mdebug: [0mc_header: LOOP START token=1
[1;36mdebug: [0mc_header: LOOP START token=1
[1;36mdebug: [0mc_header: LOOP START token=1
[1;36mdebug: [0mc_header: LOOP START token=1
[1;36mdebug: [0mc_header: LOOP START token=1
[1;36mdebug: [0mc_header: LOOP START token=1
[1;36mdebug: [0mc_header: w_name=wl_event_loop_create
[1;36mdebug: [0mc_header: parsed function wl_event_loop_create with 0 params (varargs=0) at line 2428
[1;36mdebug: [0mc_header: w_name=wl_event_loop_destroy
[1;36mdebug: [0mc_header: parsed function wl_event_loop_destroy with 1 params (varargs=0) at line 2431
[1;36mdebug: [0mc_header: w_name=wl_event_loop_add_fd
[1;36mdebug: [0mc_header: parsed function wl_event_loop_add_fd with 5 params (varargs=0) at line 2437
[1;36mdebug: [0mc_header: w_name=wl_event_source_fd_update
[1;36mdebug: [0mc_header: parsed function wl_event_source_fd_update with 2 params (varargs=0) at line 2440
[1;36mdebug: [0mc_header: w_name=wl_event_loop_add_timer
[1;36mdebug: [0mc_header: parsed function wl_event_loop_add_timer with 3 params (varargs=0) at line 2445
[1;36mdebug: [0mc_header: w_name=wl_event_loop_add_signal
[1;36mdebug: [0mc_header: parsed function wl_event_loop_add_signal with 4 params (varargs=0) at line 2451
[1;36mdebug: [0mc_header: w_name=wl_event_source_timer_update
[1;36mdebug: [0mc_header: parsed function wl_event_source_timer_update with 2 params (varargs=0) at line 2455
[1;36mdebug: [0mc_header: w_name=wl_event_source_remove
[1;36mdebug: [0mc_header: parsed function wl_event_source_remove with 1 params (varargs=0) at line 2458
[1;36mdebug: [0mc_header: w_name=wl_event_source_check
[1;36mdebug: [0mc_header: parsed function wl_event_source_check with 1 params (varargs=0) at line 2461
[1;36mdebug: [0mc_header: w_name=wl_event_loop_dispatch
[1;36mdebug: [0mc_header: parsed function wl_event_loop_dispatch with 2 params (varargs=0) at line 2464
[1;36mdebug: [0mc_header: w_name=wl_event_loop_dispatch_idle
[1;36mdebug: [0mc_header: parsed function wl_event_loop_dispatch_idle with 1 params (varargs=0) at line 2467
[1;36mdebug: [0mc_header: w_name=wl_event_loop_add_idle
[1;36mdebug: [0mc_header: parsed function wl_event_loop_add_idle with 3 params (varargs=0) at line 2472
[1;36mdebug: [0mc_header: w_name=wl_event_loop_get_fd
[1;36mdebug: [0mc_header: parsed function wl_event_loop_get_fd with 1 params (varargs=0) at line 2475
[1;36mdebug: [0mc_header: w_name=wl_event_loop_add_destroy_listener
[1;36mdebug: [0mc_header: parsed function wl_event_loop_add_destroy_listener with 2 params (varargs=0) at line 2483
[1;36mdebug: [0mc_header: w_name=wl_event_loop_get_destroy_listener
[1;36mdebug: [0mc_header: parsed function wl_event_loop_get_destroy_listener with 2 params (varargs=0) at line 2487
[1;36mdebug: [0mc_header: w_name=wl_display_create
[1;36mdebug: [0mc_header: parsed function wl_display_create with 0 params (varargs=0) at line 2490
[1;36mdebug: [0mc_header: w_name=wl_display_destroy
[1;36mdebug: [0mc_header: parsed function wl_display_destroy with 1 params (varargs=0) at line 2493
[1;36mdebug: [0mc_header: w_name=wl_display_get_event_loop
[1;36mdebug: [0mc_header: parsed function wl_display_get_event_loop with 1 params (varargs=0) at line 2496
[1;36mdebug: [0mc_header: w_name=wl_display_add_socket
[1;36mdebug: [0mc_header: parsed function wl_display_add_socket with 2 params (varargs=0) at line 2499
[1;36mdebug: [0mc_header: w_name=wl_display_add_socket_auto
[1;36mdebug: [0mc_header: parsed function wl_display_add_socket_auto with 1 params (varargs=0) at line 2502
[1;36mdebug: [0mc_header: w_name=wl_display_add_socket_fd
[1;36mdebug: [0mc_header: parsed function wl_display_add_socket_fd with 2 params (varargs=0) at line 2505
[1;36mdebug: [0mc_header: w_name=wl_display_remove_socket_fd
[1;36mdebug: [0mc_header: parsed function wl_display_remove_socket_fd with 2 params (varargs=0) at line 2508
[1;36mdebug: [0mc_header: w_name=wl_display_terminate
[1;36mdebug: [0mc_header: parsed function wl_display_terminate with 1 params (varargs=0) at line 2511
[1;36mdebug: [0mc_header: w_name=wl_display_run
[1;36mdebug: [0mc_header: parsed function wl_display_run with 1 params (varargs=0) at line 2514
[1;36mdebug: [0mc_header: w_name=wl_display_flush_clients
[1;36mdebug: [0mc_header: parsed function wl_display_flush_clients with 1 params (varargs=0) at line 2517
[1;36mdebug: [0mc_header: w_name=wl_display_destroy_clients
[1;36mdebug: [0mc_header: parsed function wl_display_destroy_clients with 1 params (varargs=0) at line 2520
[1;36mdebug: [0mc_header: w_name=wl_display_set_default_max_buffer_size
[1;36mdebug: [0mc_header: parsed function wl_display_set_default_max_buffer_size with 2 params (varargs=0) at line 2524
[1;36mdebug: [0mc_header: w_name=wl_display_get_serial
[1;36mdebug: [0mc_header: parsed function wl_display_get_serial with 1 params (varargs=0) at line 2535
[1;36mdebug: [0mc_header: w_name=wl_display_next_serial
[1;36mdebug: [0mc_header: parsed function wl_display_next_serial with 1 params (varargs=0) at line 2538
[1;36mdebug: [0mc_header: w_name=wl_display_add_destroy_listener
[1;36mdebug: [0mc_header: parsed function wl_display_add_destroy_listener with 2 params (varargs=0) at line 2542
[1;36mdebug: [0mc_header: w_name=wl_display_add_client_created_listener
[1;36mdebug: [0mc_header: parsed function wl_display_add_client_created_listener with 2 params (varargs=0) at line 2546
[1;36mdebug: [0mc_header: w_name=wl_display_get_destroy_listener
[1;36mdebug: [0mc_header: parsed function wl_display_get_destroy_listener with 2 params (varargs=0) at line 2550
[1;36mdebug: [0mc_header: w_name=wl_global_create
[1;36mdebug: [0mc_header: parsed function wl_global_create with 5 params (varargs=0) at line 2556
[1;36mdebug: [0mc_header: w_name=wl_global_remove
[1;36mdebug: [0mc_header: parsed function wl_global_remove with 1 params (varargs=0) at line 2559
[1;36mdebug: [0mc_header: w_name=wl_global_set_withdrawn_listener
[1;36mdebug: [0mc_header: parsed function wl_global_set_withdrawn_listener with 2 params (varargs=0) at line 2563
[1;36mdebug: [0mc_header: w_name=wl_global_destroy
[1;36mdebug: [0mc_header: parsed function wl_global_destroy with 1 params (varargs=0) at line 2566
[1;36mdebug: [0mc_header: w_name=wl_display_set_global_filter
[1;36mdebug: [0mc_header: parsed function wl_display_set_global_filter with 3 params (varargs=0) at line 2575
[1;36mdebug: [0mc_header: w_name=wl_global_get_interface
[1;36mdebug: [0mc_header: parsed function wl_global_get_interface with 1 params (varargs=0) at line 2578
[1;36mdebug: [0mc_header: w_name=wl_global_get_name
[1;36mdebug: [0mc_header: parsed function wl_global_get_name with 2 params (varargs=0) at line 2582
[1;36mdebug: [0mc_header: w_name=wl_global_get_version
[1;36mdebug: [0mc_header: parsed function wl_global_get_version with 1 params (varargs=0) at line 2585
[1;36mdebug: [0mc_header: w_name=wl_global_get_display
[1;36mdebug: [0mc_header: parsed function wl_global_get_display with 1 params (varargs=0) at line 2588
[1;36mdebug: [0mc_header: w_name=wl_global_get_user_data
[1;36mdebug: [0mc_header: parsed function wl_global_get_user_data with 1 params (varargs=0) at line 2591
[1;36mdebug: [0mc_header: w_name=wl_global_set_user_data
[1;36mdebug: [0mc_header: parsed function wl_global_set_user_data with 2 params (varargs=0) at line 2594
[1;36mdebug: [0mc_header: w_name=wl_client_create
[1;36mdebug: [0mc_header: parsed function wl_client_create with 2 params (varargs=0) at line 2597
[1;36mdebug: [0mc_header: w_name=wl_display_get_client_list
[1;36mdebug: [0mc_header: parsed function wl_display_get_client_list with 1 params (varargs=0) at line 2600
[1;36mdebug: [0mc_header: w_name=wl_client_get_link
[1;36mdebug: [0mc_header: parsed function wl_client_get_link with 1 params (varargs=0) at line 2603
[1;36mdebug: [0mc_header: w_name=wl_client_from_link
[1;36mdebug: [0mc_header: parsed function wl_client_from_link with 1 params (varargs=0) at line 2606
[1;36mdebug: [0mc_header: w_name=wl_client_destroy
[1;36mdebug: [0mc_header: parsed function wl_client_destroy with 1 params (varargs=0) at line 2615
[1;36mdebug: [0mc_header: w_name=wl_client_flush
[1;36mdebug: [0mc_header: parsed function wl_client_flush with 1 params (varargs=0) at line 2618
[1;36mdebug: [0mc_header: w_name=wl_client_get_credentials
[1;36mdebug: [0mc_header: parsed function wl_client_get_credentials with 4 params (varargs=0) at line 2622
[1;36mdebug: [0mc_header: w_name=wl_client_get_fd
[1;36mdebug: [0mc_header: parsed function wl_client_get_fd with 1 params (varargs=0) at line 2625
[1;36mdebug: [0mc_header: w_name=wl_client_add_destroy_listener
[1;36mdebug: [0mc_header: parsed function wl_client_add_destroy_listener with 2 params (varargs=0) at line 2629
[1;36mdebug: [0mc_header: w_name=wl_client_get_destroy_listener
[1;36mdebug: [0mc_header: parsed function wl_client_get_destroy_listener with 2 params (varargs=0) at line 2633
[1;36mdebug: [0mc_header: w_name=wl_client_add_destroy_late_listener
[1;36mdebug: [0mc_header: parsed function wl_client_add_destroy_late_listener with 2 params (varargs=0) at line 2637
[1;36mdebug: [0mc_header: w_name=wl_client_get_destroy_late_listener
[1;36mdebug: [0mc_header: parsed function wl_client_get_destroy_late_listener with 2 params (varargs=0) at line 2641
[1;36mdebug: [0mc_header: w_name=wl_client_get_object
[1;36mdebug: [0mc_header: parsed function wl_client_get_object with 2 params (varargs=0) at line 2644
[1;36mdebug: [0mc_header: w_name=wl_client_post_no_memory
[1;36mdebug: [0mc_header: parsed function wl_client_post_no_memory with 1 params (varargs=0) at line 2647
[1;36mdebug: [0mc_header: w_name=wl_client_post_implementation_error
[1;36mdebug: [0mc_header: parsed function wl_client_post_implementation_error with 2 params (varargs=1) at line 2651
[1;36mdebug: [0mc_header: w_name=wl_client_add_resource_created_listener
[1;36mdebug: [0mc_header: parsed function wl_client_add_resource_created_listener with 2 params (varargs=0) at line 2655
[1;36mdebug: [0mc_header: w_name=wl_client_for_each_resource
[1;36mdebug: [0mc_header: parsed function wl_client_for_each_resource with 3 params (varargs=0) at line 2665
[1;36mdebug: [0mc_header: w_name=wl_client_set_user_data
[1;36mdebug: [0mc_header: parsed function wl_client_set_user_data with 3 params (varargs=0) at line 2672
[1;36mdebug: [0mc_header: w_name=wl_client_get_user_data
[1;36mdebug: [0mc_header: parsed function wl_client_get_user_data with 1 params (varargs=0) at line 2675
[1;36mdebug: [0mc_header: w_name=wl_client_set_max_buffer_size
[1;36mdebug: [0mc_header: parsed function wl_client_set_max_buffer_size with 2 params (varargs=0) at line 2678
[1;36mdebug: [0mc_header: LOOP START token=81 line=2682 text='struct'
[1;36mdebug: [0mc_header: LOOP START token=1 line=2685 text='wl_notify_func_t'
[1;36mdebug: [0mc_header: LOOP START token=81 line=2689 text='struct'
[1;36mdebug: [0mc_header: w_name=wl_signal_init
[1;36mdebug: [0mc_header: parsed function wl_signal_init with 1 params (varargs=0) at line 2700
[1;36mdebug: [0mc_header: w_name=wl_signal_add
[1;36mdebug: [0mc_header: parsed function wl_signal_add with 2 params (varargs=0) at line 2706
[1;36mdebug: [0mc_header: w_name=wl_signal_get
[1;36mdebug: [0mc_header: parsed function wl_signal_get with 2 params (varargs=0) at line 2712
[1;36mdebug: [0mc_header: w_name=wl_signal_emit
[1;36mdebug: [0mc_header: parsed function wl_signal_emit with 2 params (varargs=0) at line 2724
[1;36mdebug: [0mc_header: w_name=wl_signal_emit_mutable
[1;36mdebug: [0mc_header: parsed function wl_signal_emit_mutable with 2 params (varargs=0) at line 2732
[1;36mdebug: [0mc_header: w_name=wl_resource_post_event
[1;36mdebug: [0mc_header: parsed function wl_resource_post_event with 2 params (varargs=1) at line 2738
[1;36mdebug: [0mc_header: w_name=wl_resource_post_event_array
[1;36mdebug: [0mc_header: parsed function wl_resource_post_event_array with 3 params (varargs=0) at line 2742
[1;36mdebug: [0mc_header: w_name=wl_resource_queue_event
[1;36mdebug: [0mc_header: parsed function wl_resource_queue_event with 2 params (varargs=1) at line 2746
[1;36mdebug: [0mc_header: w_name=wl_resource_queue_event_array
[1;36mdebug: [0mc_header: parsed function wl_resource_queue_event_array with 3 params (varargs=0) at line 2750
[1;36mdebug: [0mc_header: w_name=wl_resource_post_error_vargs
[1;36mdebug: [0mc_header: parsed function wl_resource_post_error_vargs with 4 params (varargs=0) at line 2754
[1;36mdebug: [0mc_header: w_name=wl_resource_post_error
[1;36mdebug: [0mc_header: parsed function wl_resource_post_error with 3 params (varargs=1) at line 2758
[1;36mdebug: [0mc_header: w_name=wl_resource_post_no_memory
[1;36mdebug: [0mc_header: parsed function wl_resource_post_no_memory with 1 params (varargs=0) at line 2761
[1;36mdebug: [0mc_header: w_name=wl_client_get_display
[1;36mdebug: [0mc_header: parsed function wl_client_get_display with 1 params (varargs=0) at line 2764
[1;36mdebug: [0mc_header: w_name=wl_resource_create
[1;36mdebug: [0mc_header: parsed function wl_resource_create with 4 params (varargs=0) at line 2769
[1;36mdebug: [0mc_header: w_name=wl_resource_set_implementation
[1;36mdebug: [0mc_header: parsed function wl_resource_set_implementation with 4 params (varargs=0) at line 2775
[1;36mdebug: [0mc_header: w_name=wl_resource_set_dispatcher
[1;36mdebug: [0mc_header: parsed function wl_resource_set_dispatcher with 5 params (varargs=0) at line 2782
[1;36mdebug: [0mc_header: w_name=wl_resource_destroy
[1;36mdebug: [0mc_header: parsed function wl_resource_destroy with 1 params (varargs=0) at line 2785
[1;36mdebug: [0mc_header: w_name=wl_resource_get_id
[1;36mdebug: [0mc_header: parsed function wl_resource_get_id with 1 params (varargs=0) at line 2788
[1;36mdebug: [0mc_header: w_name=wl_resource_get_link
[1;36mdebug: [0mc_header: parsed function wl_resource_get_link with 1 params (varargs=0) at line 2791
[1;36mdebug: [0mc_header: w_name=wl_resource_from_link
[1;36mdebug: [0mc_header: parsed function wl_resource_from_link with 1 params (varargs=0) at line 2794
[1;36mdebug: [0mc_header: w_name=wl_resource_find_for_client
[1;36mdebug: [0mc_header: parsed function wl_resource_find_for_client with 2 params (varargs=0) at line 2797
[1;36mdebug: [0mc_header: w_name=wl_resource_get_client
[1;36mdebug: [0mc_header: parsed function wl_resource_get_client with 1 params (varargs=0) at line 2800
[1;36mdebug: [0mc_header: w_name=wl_resource_set_user_data
[1;36mdebug: [0mc_header: parsed function wl_resource_set_user_data with 2 params (varargs=0) at line 2803
[1;36mdebug: [0mc_header: w_name=wl_resource_get_user_data
[1;36mdebug: [0mc_header: parsed function wl_resource_get_user_data with 1 params (varargs=0) at line 2806
[1;36mdebug: [0mc_header: w_name=wl_resource_get_version
[1;36mdebug: [0mc_header: parsed function wl_resource_get_version with 1 params (varargs=0) at line 2809
[1;36mdebug: [0mc_header: w_name=wl_resource_set_destructor
[1;36mdebug: [0mc_header: parsed function wl_resource_set_destructor with 2 params (varargs=0) at line 2813
[1;36mdebug: [0mc_header: w_name=wl_resource_instance_of
[1;36mdebug: [0mc_header: parsed function wl_resource_instance_of with 3 params (varargs=0) at line 2818
[1;36mdebug: [0mc_header: w_name=wl_resource_get_class
[1;36mdebug: [0mc_header: parsed function wl_resource_get_class with 1 params (varargs=0) at line 2821
[1;36mdebug: [0mc_header: w_name=wl_resource_get_interface
[1;36mdebug: [0mc_header: parsed function wl_resource_get_interface with 1 params (varargs=0) at line 2824
[1;36mdebug: [0mc_header: w_name=wl_resource_add_destroy_listener
[1;36mdebug: [0mc_header: parsed function wl_resource_add_destroy_listener with 2 params (varargs=0) at line 2828
[1;36mdebug: [0mc_header: w_name=wl_resource_get_destroy_listener
[1;36mdebug: [0mc_header: parsed function wl_resource_get_destroy_listener with 2 params (varargs=0) at line 2832
[1;36mdebug: [0mc_header: w_name=wl_shm_buffer_get
[1;36mdebug: [0mc_header: parsed function wl_shm_buffer_get with 1 params (varargs=0) at line 2835
[1;36mdebug: [0mc_header: w_name=wl_shm_buffer_begin_access
[1;36mdebug: [0mc_header: parsed function wl_shm_buffer_begin_access with 1 params (varargs=0) at line 2838
[1;36mdebug: [0mc_header: w_name=wl_shm_buffer_end_access
[1;36mdebug: [0mc_header: parsed function wl_shm_buffer_end_access with 1 params (varargs=0) at line 2841
[1;36mdebug: [0mc_header: w_name=wl_shm_buffer_get_data
[1;36mdebug: [0mc_header: parsed function wl_shm_buffer_get_data with 1 params (varargs=0) at line 2844
[1;36mdebug: [0mc_header: w_name=wl_shm_buffer_get_stride
[1;36mdebug: [0mc_header: parsed function wl_shm_buffer_get_stride with 1 params (varargs=0) at line 2847
[1;36mdebug: [0mc_header: w_name=wl_shm_buffer_get_format
[1;36mdebug: [0mc_header: parsed function wl_shm_buffer_get_format with 1 params (varargs=0) at line 2850
[1;36mdebug: [0mc_header: w_name=wl_shm_buffer_get_width
[1;36mdebug: [0mc_header: parsed function wl_shm_buffer_get_width with 1 params (varargs=0) at line 2853
[1;36mdebug: [0mc_header: w_name=wl_shm_buffer_get_height
[1;36mdebug: [0mc_header: parsed function wl_shm_buffer_get_height with 1 params (varargs=0) at line 2856
[1;36mdebug: [0mc_header: w_name=wl_shm_buffer_ref
[1;36mdebug: [0mc_header: parsed function wl_shm_buffer_ref with 1 params (varargs=0) at line 2859
[1;36mdebug: [0mc_header: w_name=wl_shm_buffer_unref
[1;36mdebug: [0mc_header: parsed function wl_shm_buffer_unref with 1 params (varargs=0) at line 2862
[1;36mdebug: [0mc_header: w_name=wl_shm_buffer_ref_pool
[1;36mdebug: [0mc_header: parsed function wl_shm_buffer_ref_pool with 1 params (varargs=0) at line 2865
[1;36mdebug: [0mc_header: w_name=wl_shm_pool_unref
[1;36mdebug: [0mc_header: parsed function wl_shm_pool_unref with 1 params (varargs=0) at line 2868
[1;36mdebug: [0mc_header: w_name=wl_display_init_shm
[1;36mdebug: [0mc_header: parsed function wl_display_init_shm with 1 params (varargs=0) at line 2871
[1;36mdebug: [0mc_header: w_name=wl_display_add_shm_format
[1;36mdebug: [0mc_header: parsed function wl_display_add_shm_format with 2 params (varargs=0) at line 2874
[1;36mdebug: [0mc_header: w_name=wl_log_set_handler_server
[1;36mdebug: [0mc_header: parsed function wl_log_set_handler_server with 1 params (varargs=0) at line 2883
[1;36mdebug: [0mc_header: LOOP START token=1
[1;36mdebug: [0mc_header: LOOP START token=1
[1;36mdebug: [0mc_header: LOOP START token=81 line=2891 text='struct'
[1;36mdebug: [0mc_header: LOOP START token=72 line=2892 text='int'
[1;36mdebug: [0mc_header: LOOP START token=59 line=2893 text='const'
[1;36mdebug: [0mc_header: LOOP START token=72 line=2894 text='int'
[1;36mdebug: [0mc_header: LOOP START token=59 line=2895 text='const'
[1;36mdebug: [0mc_header: w_name=wl_display_add_protocol_logger
[1;36mdebug: [0mc_header: parsed function wl_display_add_protocol_logger with 3 params (varargs=0) at line 2905
[1;36mdebug: [0mc_header: w_name=wl_protocol_logger_destroy
[1;36mdebug: [0mc_header: parsed function wl_protocol_logger_destroy with 1 params (varargs=0) at line 2908
[1;36mdebug: [0mc_header: w_name=wl_fixes_handle_ack_global_remove
[1;36mdebug: [0mc_header: parsed function wl_fixes_handle_ack_global_remove with 3 params (varargs=0) at line 2913
[1;36mdebug: [0mc_header: LOOP START token=1 line=2946 text='uint16_t'
[1;36mdebug: [0mc_header: LOOP START token=1 line=2947 text='uint16_t'
[1;36mdebug: [0mc_header: LOOP START token=1 line=2948 text='uint16_t'
[1;36mdebug: [0mc_header: LOOP START token=1 line=2949 text='uint16_t'
[1;36mdebug: [0mc_header: LOOP START token=1 line=2954 text='pixman_fixed_t'
[1;36mdebug: [0mc_header: LOOP START token=1 line=2955 text='pixman_fixed_t'
[1;36mdebug: [0mc_header: LOOP START token=1 line=2960 text='pixman_point_fixed_t'
[1;36mdebug: [0mc_header: LOOP START token=1 line=2969 text='pixman_fixed_t'
[1;36mdebug: [0mc_header: LOOP START token=1 line=2974 text='pixman_fixed_t'
[1;36mdebug: [0mc_header: w_name=pixman_transform_init_identity
[1;36mdebug: [0mc_header: parsed function pixman_transform_init_identity with 1 params (varargs=0) at line 2982
[1;36mdebug: [0mc_header: w_name=pixman_transform_point_3d
[1;36mdebug: [0mc_header: parsed function pixman_transform_point_3d with 2 params (varargs=0) at line 2986
[1;36mdebug: [0mc_header: w_name=pixman_transform_point
[1;36mdebug: [0mc_header: parsed function pixman_transform_point with 2 params (varargs=0) at line 2990
[1;36mdebug: [0mc_header: w_name=pixman_transform_multiply
[1;36mdebug: [0mc_header: parsed function pixman_transform_multiply with 3 params (varargs=0) at line 2995
[1;36mdebug: [0mc_header: w_name=pixman_transform_init_scale
[1;36mdebug: [0mc_header: parsed function pixman_transform_init_scale with 3 params (varargs=0) at line 3000
[1;36mdebug: [0mc_header: w_name=pixman_transform_scale
[1;36mdebug: [0mc_header: parsed function pixman_transform_scale with 4 params (varargs=0) at line 3006
[1;36mdebug: [0mc_header: w_name=pixman_transform_init_rotate
[1;36mdebug: [0mc_header: parsed function pixman_transform_init_rotate with 3 params (varargs=0) at line 3011
[1;36mdebug: [0mc_header: w_name=pixman_transform_rotate
[1;36mdebug: [0mc_header: parsed function pixman_transform_rotate with 4 params (varargs=0) at line 3017
[1;36mdebug: [0mc_header: w_name=pixman_transform_init_translate
[1;36mdebug: [0mc_header: parsed function pixman_transform_init_translate with 3 params (varargs=0) at line 3022
[1;36mdebug: [0mc_header: w_name=pixman_transform_translate
[1;36mdebug: [0mc_header: parsed function pixman_transform_translate with 4 params (varargs=0) at line 3028
[1;36mdebug: [0mc_header: w_name=pixman_transform_bounds
[1;36mdebug: [0mc_header: parsed function pixman_transform_bounds with 2 params (varargs=0) at line 3032
[1;36mdebug: [0mc_header: w_name=pixman_transform_invert
[1;36mdebug: [0mc_header: parsed function pixman_transform_invert with 2 params (varargs=0) at line 3036
[1;36mdebug: [0mc_header: w_name=pixman_transform_is_identity
[1;36mdebug: [0mc_header: parsed function pixman_transform_is_identity with 1 params (varargs=0) at line 3039
[1;36mdebug: [0mc_header: w_name=pixman_transform_is_scale
[1;36mdebug: [0mc_header: parsed function pixman_transform_is_scale with 1 params (varargs=0) at line 3042
[1;36mdebug: [0mc_header: w_name=pixman_transform_is_int_translate
[1;36mdebug: [0mc_header: parsed function pixman_transform_is_int_translate with 1 params (varargs=0) at line 3045
[1;36mdebug: [0mc_header: w_name=pixman_transform_is_inverse
[1;36mdebug: [0mc_header: parsed function pixman_transform_is_inverse with 2 params (varargs=0) at line 3049
[1;36mdebug: [0mc_header: LOOP START token=63 line=3059 text='double'
[1;36mdebug: [0mc_header: LOOP START token=63 line=3064 text='double'
[1;36mdebug: [0mc_header: w_name=pixman_transform_from_pixman_f_transform
[1;36mdebug: [0mc_header: parsed function pixman_transform_from_pixman_f_transform with 2 params (varargs=0) at line 3070
[1;36mdebug: [0mc_header: w_name=pixman_f_transform_from_pixman_transform
[1;36mdebug: [0mc_header: parsed function pixman_f_transform_from_pixman_transform with 2 params (varargs=0) at line 3074
[1;36mdebug: [0mc_header: w_name=pixman_f_transform_invert
[1;36mdebug: [0mc_header: parsed function pixman_f_transform_invert with 2 params (varargs=0) at line 3078
[1;36mdebug: [0mc_header: w_name=pixman_f_transform_point
[1;36mdebug: [0mc_header: parsed function pixman_f_transform_point with 2 params (varargs=0) at line 3082
[1;36mdebug: [0mc_header: w_name=pixman_f_transform_point_3d
[1;36mdebug: [0mc_header: parsed function pixman_f_transform_point_3d with 2 params (varargs=0) at line 3086
[1;36mdebug: [0mc_header: w_name=pixman_f_transform_multiply
[1;36mdebug: [0mc_header: parsed function pixman_f_transform_multiply with 3 params (varargs=0) at line 3091
[1;36mdebug: [0mc_header: w_name=pixman_f_transform_init_scale
[1;36mdebug: [0mc_header: parsed function pixman_f_transform_init_scale with 3 params (varargs=0) at line 3096
[1;36mdebug: [0mc_header: w_name=pixman_f_transform_scale
[1;36mdebug: [0mc_header: parsed function pixman_f_transform_scale with 4 params (varargs=0) at line 3102
[1;36mdebug: [0mc_header: w_name=pixman_f_transform_init_rotate
[1;36mdebug: [0mc_header: parsed function pixman_f_transform_init_rotate with 3 params (varargs=0) at line 3107
[1;36mdebug: [0mc_header: w_name=pixman_f_transform_rotate
[1;36mdebug: [0mc_header: parsed function pixman_f_transform_rotate with 4 params (varargs=0) at line 3113
[1;36mdebug: [0mc_header: w_name=pixman_f_transform_init_translate
[1;36mdebug: [0mc_header: parsed function pixman_f_transform_init_translate with 3 params (varargs=0) at line 3118
[1;36mdebug: [0mc_header: w_name=pixman_f_transform_translate
[1;36mdebug: [0mc_header: parsed function pixman_f_transform_translate with 4 params (varargs=0) at line 3124
[1;36mdebug: [0mc_header: w_name=pixman_f_transform_bounds
[1;36mdebug: [0mc_header: parsed function pixman_f_transform_bounds with 2 params (varargs=0) at line 3128
[1;36mdebug: [0mc_header: w_name=pixman_f_transform_init_identity
[1;36mdebug: [0mc_header: parsed function pixman_f_transform_init_identity with 1 params (varargs=0) at line 3131
[1;36mdebug: [0mc_header: LOOP START token=1
[1;36mdebug: [0mc_header: LOOP START token=1
[1;36mdebug: [0mc_header: LOOP START token=1
[1;36mdebug: [0mc_header: LOOP START token=1
[1;36mdebug: [0mc_header: LOOP START token=1
[1;36mdebug: [0mc_header: LOOP START token=1
[1;36mdebug: [0mc_header: LOOP START token=1
[1;36mdebug: [0mc_header: LOOP START token=1
[1;36mdebug: [0mc_header: LOOP START token=1
[1;36mdebug: [0mc_header: LOOP START token=1
[1;36mdebug: [0mc_header: LOOP START token=1
[1;36mdebug: [0mc_header: LOOP START token=1
[1;36mdebug: [0mc_header: LOOP START token=1
[1;36mdebug: [0mc_header: LOOP START token=1
[1;36mdebug: [0mc_header: LOOP START token=1
[1;36mdebug: [0mc_header: LOOP START token=1
[1;36mdebug: [0mc_header: LOOP START token=1
[1;36mdebug: [0mc_header: LOOP START token=1
[1;36mdebug: [0mc_header: LOOP START token=1
[1;36mdebug: [0mc_header: LOOP START token=1
[1;36mdebug: [0mc_header: LOOP START token=1
[1;36mdebug: [0mc_header: LOOP START token=1
[1;36mdebug: [0mc_header: LOOP START token=1
[1;36mdebug: [0mc_header: LOOP START token=1
[1;36mdebug: [0mc_header: LOOP START token=1
[1;36mdebug: [0mc_header: LOOP START token=1
[1;36mdebug: [0mc_header: LOOP START token=1
[1;36mdebug: [0mc_header: LOOP START token=1
[1;36mdebug: [0mc_header: LOOP START token=1
[1;36mdebug: [0mc_header: LOOP START token=1
[1;36mdebug: [0mc_header: LOOP START token=1
[1;36mdebug: [0mc_header: LOOP START token=1
[1;36mdebug: [0mc_header: LOOP START token=1
[1;36mdebug: [0mc_header: LOOP START token=1
[1;36mdebug: [0mc_header: LOOP START token=1
[1;36mdebug: [0mc_header: LOOP START token=1
[1;36mdebug: [0mc_header: LOOP START token=1
[1;36mdebug: [0mc_header: LOOP START token=1
[1;36mdebug: [0mc_header: LOOP START token=1
[1;36mdebug: [0mc_header: LOOP START token=1
[1;36mdebug: [0mc_header: LOOP START token=1
[1;36mdebug: [0mc_header: LOOP START token=1
[1;36mdebug: [0mc_header: LOOP START token=1
[1;36mdebug: [0mc_header: LOOP START token=1
[1;36mdebug: [0mc_header: LOOP START token=1
[1;36mdebug: [0mc_header: LOOP START token=1
[1;36mdebug: [0mc_header: LOOP START token=1
[1;36mdebug: [0mc_header: LOOP START token=1
[1;36mdebug: [0mc_header: LOOP START token=1
[1;36mdebug: [0mc_header: LOOP START token=1
[1;36mdebug: [0mc_header: LOOP START token=1
[1;36mdebug: [0mc_header: LOOP START token=1
[1;36mdebug: [0mc_header: LOOP START token=1
[1;36mdebug: [0mc_header: LOOP START token=1
[1;36mdebug: [0mc_header: LOOP START token=1
[1;36mdebug: [0mc_header: LOOP START token=1
[1;36mdebug: [0mc_header: LOOP START token=1
[1;36mdebug: [0mc_header: LOOP START token=1
[1;36mdebug: [0mc_header: LOOP START token=1
[1;36mdebug: [0mc_header: LOOP START token=1
[1;36mdebug: [0mc_header: LOOP START token=1
[1;36mdebug: [0mc_header: LOOP START token=1
[1;36mdebug: [0mc_header: LOOP START token=1
[1;36mdebug: [0mc_header: LOOP START token=1
[1;36mdebug: [0mc_header: LOOP START token=1
[1;36mdebug: [0mc_header: LOOP START token=1
[1;36mdebug: [0mc_header: LOOP START token=1
[1;36mdebug: [0mc_header: LOOP START token=1
[1;36mdebug: [0mc_header: LOOP START token=1
[1;36mdebug: [0mc_header: LOOP START token=1
[1;36mdebug: [0mc_header: LOOP START token=73 line=3238 text='long'
[1;36mdebug: [0mc_header: LOOP START token=73 line=3239 text='long'
[1;36mdebug: [0mc_header: LOOP START token=1 line=3245 text='int16_t'
[1;36mdebug: [0mc_header: LOOP START token=1 line=3246 text='uint16_t'
[1;36mdebug: [0mc_header: LOOP START token=1 line=3251 text='int16_t'
[1;36mdebug: [0mc_header: LOOP START token=1 line=3256 text='pixman_box16_t'
[1;36mdebug: [0mc_header: LOOP START token=1 line=3257 text='pixman_region16_data_t'
[1;36mdebug: [0mc_header: LOOP START token=1
[1;36mdebug: [0mc_header: LOOP START token=1
[1;36mdebug: [0mc_header: LOOP START token=1
[1;36mdebug: [0mc_header: w_name=pixman_region_set_static_pointers
[1;36mdebug: [0mc_header: parsed function pixman_region_set_static_pointers with 3 params (varargs=0) at line 3273
[1;36mdebug: [0mc_header: w_name=pixman_region_init
[1;36mdebug: [0mc_header: parsed function pixman_region_init with 1 params (varargs=0) at line 3277
[1;36mdebug: [0mc_header: w_name=pixman_region_init_rect
[1;36mdebug: [0mc_header: parsed function pixman_region_init_rect with 5 params (varargs=0) at line 3284
[1;36mdebug: [0mc_header: w_name=pixman_region_init_rects
[1;36mdebug: [0mc_header: parsed function pixman_region_init_rects with 3 params (varargs=0) at line 3289
[1;36mdebug: [0mc_header: w_name=pixman_region_init_with_extents
[1;36mdebug: [0mc_header: parsed function pixman_region_init_with_extents with 2 params (varargs=0) at line 3293
[1;36mdebug: [0mc_header: w_name=pixman_region_init_from_image
[1;36mdebug: [0mc_header: parsed function pixman_region_init_from_image with 2 params (varargs=0) at line 3297
[1;36mdebug: [0mc_header: w_name=pixman_region_fini
[1;36mdebug: [0mc_header: parsed function pixman_region_fini with 1 params (varargs=0) at line 3300
[1;36mdebug: [0mc_header: w_name=pixman_region_translate
[1;36mdebug: [0mc_header: parsed function pixman_region_translate with 3 params (varargs=0) at line 3307
[1;36mdebug: [0mc_header: w_name=pixman_region_copy
[1;36mdebug: [0mc_header: parsed function pixman_region_copy with 2 params (varargs=0) at line 3311
[1;36mdebug: [0mc_header: w_name=pixman_region_intersect
[1;36mdebug: [0mc_header: parsed function pixman_region_intersect with 3 params (varargs=0) at line 3316
[1;36mdebug: [0mc_header: w_name=pixman_region_union
[1;36mdebug: [0mc_header: parsed function pixman_region_union with 3 params (varargs=0) at line 3321
[1;36mdebug: [0mc_header: w_name=pixman_region_union_rect
[1;36mdebug: [0mc_header: parsed function pixman_region_union_rect with 6 params (varargs=0) at line 3329
[1;36mdebug: [0mc_header: w_name=pixman_region_intersect_rect
[1;36mdebug: [0mc_header: parsed function pixman_region_intersect_rect with 6 params (varargs=0) at line 3337
[1;36mdebug: [0mc_header: w_name=pixman_region_subtract
[1;36mdebug: [0mc_header: parsed function pixman_region_subtract with 3 params (varargs=0) at line 3342
[1;36mdebug: [0mc_header: w_name=pixman_region_inverse
[1;36mdebug: [0mc_header: parsed function pixman_region_inverse with 3 params (varargs=0) at line 3347
[1;36mdebug: [0mc_header: w_name=pixman_region_contains_point
[1;36mdebug: [0mc_header: parsed function pixman_region_contains_point with 4 params (varargs=0) at line 3353
[1;36mdebug: [0mc_header: w_name=pixman_region_contains_rectangle
[1;36mdebug: [0mc_header: parsed function pixman_region_contains_rectangle with 2 params (varargs=0) at line 3357
[1;36mdebug: [0mc_header: w_name=pixman_region_empty
[1;36mdebug: [0mc_header: parsed function pixman_region_empty with 1 params (varargs=0) at line 3360
[1;36mdebug: [0mc_header: w_name=pixman_region_not_empty
[1;36mdebug: [0mc_header: parsed function pixman_region_not_empty with 1 params (varargs=0) at line 3363
[1;36mdebug: [0mc_header: w_name=pixman_region_extents
[1;36mdebug: [0mc_header: parsed function pixman_region_extents with 1 params (varargs=0) at line 3366
[1;36mdebug: [0mc_header: w_name=pixman_region_n_rects
[1;36mdebug: [0mc_header: parsed function pixman_region_n_rects with 1 params (varargs=0) at line 3369
[1;36mdebug: [0mc_header: w_name=pixman_region_rectangles
[1;36mdebug: [0mc_header: parsed function pixman_region_rectangles with 2 params (varargs=0) at line 3373
[1;36mdebug: [0mc_header: w_name=pixman_region_equal
[1;36mdebug: [0mc_header: parsed function pixman_region_equal with 2 params (varargs=0) at line 3377
[1;36mdebug: [0mc_header: w_name=pixman_region_selfcheck
[1;36mdebug: [0mc_header: parsed function pixman_region_selfcheck with 1 params (varargs=0) at line 3380
[1;36mdebug: [0mc_header: w_name=pixman_region_reset
[1;36mdebug: [0mc_header: parsed function pixman_region_reset with 2 params (varargs=0) at line 3384
[1;36mdebug: [0mc_header: w_name=pixman_region_clear
[1;36mdebug: [0mc_header: parsed function pixman_region_clear with 1 params (varargs=0) at line 3387
[1;36mdebug: [0mc_header: LOOP START token=73 line=3397 text='long'
[1;36mdebug: [0mc_header: LOOP START token=73 line=3398 text='long'
[1;36mdebug: [0mc_header: LOOP START token=1 line=3404 text='int32_t'
[1;36mdebug: [0mc_header: LOOP START token=1 line=3405 text='uint32_t'
[1;36mdebug: [0mc_header: LOOP START token=1 line=3410 text='int32_t'
[1;36mdebug: [0mc_header: LOOP START token=1 line=3415 text='pixman_box32_t'
[1;36mdebug: [0mc_header: LOOP START token=1 line=3416 text='pixman_region32_data_t'
[1;36mdebug: [0mc_header: w_name=pixman_region32_init
[1;36mdebug: [0mc_header: parsed function pixman_region32_init with 1 params (varargs=0) at line 3421
[1;36mdebug: [0mc_header: w_name=pixman_region32_init_rect
[1;36mdebug: [0mc_header: parsed function pixman_region32_init_rect with 5 params (varargs=0) at line 3428
[1;36mdebug: [0mc_header: w_name=pixman_region32_init_rects
[1;36mdebug: [0mc_header: parsed function pixman_region32_init_rects with 3 params (varargs=0) at line 3433
[1;36mdebug: [0mc_header: w_name=pixman_region32_init_with_extents
[1;36mdebug: [0mc_header: parsed function pixman_region32_init_with_extents with 2 params (varargs=0) at line 3437
[1;36mdebug: [0mc_header: w_name=pixman_region32_init_from_image
[1;36mdebug: [0mc_header: parsed function pixman_region32_init_from_image with 2 params (varargs=0) at line 3441
[1;36mdebug: [0mc_header: w_name=pixman_region32_fini
[1;36mdebug: [0mc_header: parsed function pixman_region32_fini with 1 params (varargs=0) at line 3444
[1;36mdebug: [0mc_header: w_name=pixman_region32_translate
[1;36mdebug: [0mc_header: parsed function pixman_region32_translate with 3 params (varargs=0) at line 3451
[1;36mdebug: [0mc_header: w_name=pixman_region32_copy
[1;36mdebug: [0mc_header: parsed function pixman_region32_copy with 2 params (varargs=0) at line 3455
[1;36mdebug: [0mc_header: w_name=pixman_region32_intersect
[1;36mdebug: [0mc_header: parsed function pixman_region32_intersect with 3 params (varargs=0) at line 3460
[1;36mdebug: [0mc_header: w_name=pixman_region32_union
[1;36mdebug: [0mc_header: parsed function pixman_region32_union with 3 params (varargs=0) at line 3465
[1;36mdebug: [0mc_header: w_name=pixman_region32_intersect_rect
[1;36mdebug: [0mc_header: parsed function pixman_region32_intersect_rect with 6 params (varargs=0) at line 3473
[1;36mdebug: [0mc_header: w_name=pixman_region32_union_rect
[1;36mdebug: [0mc_header: parsed function pixman_region32_union_rect with 6 params (varargs=0) at line 3481
[1;36mdebug: [0mc_header: w_name=pixman_region32_subtract
[1;36mdebug: [0mc_header: parsed function pixman_region32_subtract with 3 params (varargs=0) at line 3486
[1;36mdebug: [0mc_header: w_name=pixman_region32_inverse
[1;36mdebug: [0mc_header: parsed function pixman_region32_inverse with 3 params (varargs=0) at line 3491
[1;36mdebug: [0mc_header: w_name=pixman_region32_contains_point
[1;36mdebug: [0mc_header: parsed function pixman_region32_contains_point with 4 params (varargs=0) at line 3497
[1;36mdebug: [0mc_header: w_name=pixman_region32_contains_rectangle
[1;36mdebug: [0mc_header: parsed function pixman_region32_contains_rectangle with 2 params (varargs=0) at line 3501
[1;36mdebug: [0mc_header: w_name=pixman_region32_empty
[1;36mdebug: [0mc_header: parsed function pixman_region32_empty with 1 params (varargs=0) at line 3504
[1;36mdebug: [0mc_header: w_name=pixman_region32_not_empty
[1;36mdebug: [0mc_header: parsed function pixman_region32_not_empty with 1 params (varargs=0) at line 3507
[1;36mdebug: [0mc_header: w_name=pixman_region32_extents
[1;36mdebug: [0mc_header: parsed function pixman_region32_extents with 1 params (varargs=0) at line 3510
[1;36mdebug: [0mc_header: w_name=pixman_region32_n_rects
[1;36mdebug: [0mc_header: parsed function pixman_region32_n_rects with 1 params (varargs=0) at line 3513
[1;36mdebug: [0mc_header: w_name=pixman_region32_rectangles
[1;36mdebug: [0mc_header: parsed function pixman_region32_rectangles with 2 params (varargs=0) at line 3517
[1;36mdebug: [0mc_header: w_name=pixman_region32_equal
[1;36mdebug: [0mc_header: parsed function pixman_region32_equal with 2 params (varargs=0) at line 3521
[1;36mdebug: [0mc_header: w_name=pixman_region32_selfcheck
[1;36mdebug: [0mc_header: parsed function pixman_region32_selfcheck with 1 params (varargs=0) at line 3524
[1;36mdebug: [0mc_header: w_name=pixman_region32_reset
[1;36mdebug: [0mc_header: parsed function pixman_region32_reset with 2 params (varargs=0) at line 3528
[1;36mdebug: [0mc_header: w_name=pixman_region32_clear
[1;36mdebug: [0mc_header: parsed function pixman_region32_clear with 1 params (varargs=0) at line 3531
[1;36mdebug: [0mc_header: LOOP START token=73 line=3541 text='long'
[1;36mdebug: [0mc_header: LOOP START token=73 line=3542 text='long'
[1;36mdebug: [0mc_header: LOOP START token=63 line=3548 text='double'
[1;36mdebug: [0mc_header: LOOP START token=63 line=3549 text='double'
[1;36mdebug: [0mc_header: LOOP START token=63 line=3554 text='double'
[1;36mdebug: [0mc_header: LOOP START token=1 line=3559 text='pixman_box64f_t'
[1;36mdebug: [0mc_header: LOOP START token=1 line=3560 text='pixman_region64f_data_t'
[1;36mdebug: [0mc_header: w_name=pixman_region64f_init
[1;36mdebug: [0mc_header: parsed function pixman_region64f_init with 1 params (varargs=0) at line 3565
[1;36mdebug: [0mc_header: w_name=pixman_region64f_init_rect
[1;36mdebug: [0mc_header: parsed function pixman_region64f_init_rect with 5 params (varargs=0) at line 3572
[1;36mdebug: [0mc_header: w_name=pixman_region64f_init_rectf
[1;36mdebug: [0mc_header: parsed function pixman_region64f_init_rectf with 5 params (varargs=0) at line 3579
[1;36mdebug: [0mc_header: w_name=pixman_region64f_init_rects
[1;36mdebug: [0mc_header: parsed function pixman_region64f_init_rects with 3 params (varargs=0) at line 3584
[1;36mdebug: [0mc_header: w_name=pixman_region64f_init_with_extents
[1;36mdebug: [0mc_header: parsed function pixman_region64f_init_with_extents with 2 params (varargs=0) at line 3588
[1;36mdebug: [0mc_header: w_name=pixman_region64f_init_from_image
[1;36mdebug: [0mc_header: parsed function pixman_region64f_init_from_image with 2 params (varargs=0) at line 3592
[1;36mdebug: [0mc_header: w_name=pixman_region64f_fini
[1;36mdebug: [0mc_header: parsed function pixman_region64f_fini with 1 params (varargs=0) at line 3595
[1;36mdebug: [0mc_header: w_name=pixman_region64f_translate
[1;36mdebug: [0mc_header: parsed function pixman_region64f_translate with 3 params (varargs=0) at line 3602
[1;36mdebug: [0mc_header: w_name=pixman_region64f_translatef
[1;36mdebug: [0mc_header: parsed function pixman_region64f_translatef with 3 params (varargs=0) at line 3607
[1;36mdebug: [0mc_header: w_name=pixman_region64f_copy
[1;36mdebug: [0mc_header: parsed function pixman_region64f_copy with 2 params (varargs=0) at line 3611
[1;36mdebug: [0mc_header: w_name=pixman_region64f_intersect
[1;36mdebug: [0mc_header: parsed function pixman_region64f_intersect with 3 params (varargs=0) at line 3616
[1;36mdebug: [0mc_header: w_name=pixman_region64f_union
[1;36mdebug: [0mc_header: parsed function pixman_region64f_union with 3 params (varargs=0) at line 3621
[1;36mdebug: [0mc_header: w_name=pixman_region64f_intersect_rect
[1;36mdebug: [0mc_header: parsed function pixman_region64f_intersect_rect with 6 params (varargs=0) at line 3629
[1;36mdebug: [0mc_header: w_name=pixman_region64f_intersect_rectf
[1;36mdebug: [0mc_header: parsed function pixman_region64f_intersect_rectf with 6 params (varargs=0) at line 3637
[1;36mdebug: [0mc_header: w_name=pixman_region64f_union_rect
[1;36mdebug: [0mc_header: parsed function pixman_region64f_union_rect with 6 params (varargs=0) at line 3645
[1;36mdebug: [0mc_header: w_name=pixman_region64f_union_rectf
[1;36mdebug: [0mc_header: parsed function pixman_region64f_union_rectf with 6 params (varargs=0) at line 3653
[1;36mdebug: [0mc_header: w_name=pixman_region64f_subtract
[1;36mdebug: [0mc_header: parsed function pixman_region64f_subtract with 3 params (varargs=0) at line 3658
[1;36mdebug: [0mc_header: w_name=pixman_region64f_inverse
[1;36mdebug: [0mc_header: parsed function pixman_region64f_inverse with 3 params (varargs=0) at line 3663
[1;36mdebug: [0mc_header: w_name=pixman_region64f_contains_point
[1;36mdebug: [0mc_header: parsed function pixman_region64f_contains_point with 4 params (varargs=0) at line 3669
[1;36mdebug: [0mc_header: w_name=pixman_region64f_contains_pointf
[1;36mdebug: [0mc_header: parsed function pixman_region64f_contains_pointf with 4 params (varargs=0) at line 3675
[1;36mdebug: [0mc_header: w_name=pixman_region64f_contains_rectangle
[1;36mdebug: [0mc_header: parsed function pixman_region64f_contains_rectangle with 2 params (varargs=0) at line 3679
[1;36mdebug: [0mc_header: w_name=pixman_region64f_empty
[1;36mdebug: [0mc_header: parsed function pixman_region64f_empty with 1 params (varargs=0) at line 3682
[1;36mdebug: [0mc_header: w_name=pixman_region64f_not_empty
[1;36mdebug: [0mc_header: parsed function pixman_region64f_not_empty with 1 params (varargs=0) at line 3685
[1;36mdebug: [0mc_header: w_name=pixman_region64f_extents
[1;36mdebug: [0mc_header: parsed function pixman_region64f_extents with 1 params (varargs=0) at line 3688
[1;36mdebug: [0mc_header: w_name=pixman_region64f_n_rects
[1;36mdebug: [0mc_header: parsed function pixman_region64f_n_rects with 1 params (varargs=0) at line 3691
[1;36mdebug: [0mc_header: w_name=pixman_region64f_rectangles
[1;36mdebug: [0mc_header: parsed function pixman_region64f_rectangles with 2 params (varargs=0) at line 3695
[1;36mdebug: [0mc_header: w_name=pixman_region64f_equal
[1;36mdebug: [0mc_header: parsed function pixman_region64f_equal with 2 params (varargs=0) at line 3699
[1;36mdebug: [0mc_header: w_name=pixman_region64f_selfcheck
[1;36mdebug: [0mc_header: parsed function pixman_region64f_selfcheck with 1 params (varargs=0) at line 3702
[1;36mdebug: [0mc_header: w_name=pixman_region64f_reset
[1;36mdebug: [0mc_header: parsed function pixman_region64f_reset with 2 params (varargs=0) at line 3706
[1;36mdebug: [0mc_header: w_name=pixman_region64f_clear
[1;36mdebug: [0mc_header: parsed function pixman_region64f_clear with 1 params (varargs=0) at line 3709
[1;36mdebug: [0mc_header: w_name=pixman_blt
[1;36mdebug: [0mc_header: parsed function pixman_blt with 12 params (varargs=0) at line 3725
[1;36mdebug: [0mc_header: w_name=pixman_fill
[1;36mdebug: [0mc_header: parsed function pixman_fill with 8 params (varargs=0) at line 3735
[1;36mdebug: [0mc_header: w_name=pixman_version
[1;36mdebug: [0mc_header: parsed function pixman_version with 0 params (varargs=0) at line 3739
[1;36mdebug: [0mc_header: w_name=pixman_version_string
[1;36mdebug: [0mc_header: parsed function pixman_version_string with 0 params (varargs=0) at line 3742
[1;36mdebug: [0mc_header: LOOP START token=1 line=3756 text='pixman_fixed_t'
[1;36mdebug: [0mc_header: LOOP START token=1 line=3757 text='pixman_color_t'
[1;36mdebug: [0mc_header: LOOP START token=1 line=3768 text='pixman_bool_t'
[1;36mdebug: [0mc_header: LOOP START token=1 line=3769 text='uint32_t'
[1;36mdebug: [0mc_header: LOOP START token=1 line=3770 text='pixman_index_type'
[1;36mdebug: [0mc_header: LOOP START token=1
[1;36mdebug: [0mc_header: LOOP START token=1
[1;36mdebug: [0mc_header: LOOP START token=1
[1;36mdebug: [0mc_header: LOOP START token=1
[1;36mdebug: [0mc_header: LOOP START token=1
[1;36mdebug: [0mc_header: LOOP START token=1
[1;36mdebug: [0mc_header: LOOP START token=1
[1;36mdebug: [0mc_header: LOOP START token=1
[1;36mdebug: [0mc_header: LOOP START token=1
[1;36mdebug: [0mc_header: LOOP START token=1
[1;36mdebug: [0mc_header: LOOP START token=1
[1;36mdebug: [0mc_header: LOOP START token=1
[1;36mdebug: [0mc_header: LOOP START token=1
[1;36mdebug: [0mc_header: LOOP START token=1
[1;36mdebug: [0mc_header: LOOP START token=1
[1;36mdebug: [0mc_header: LOOP START token=1
[1;36mdebug: [0mc_header: LOOP START token=1
[1;36mdebug: [0mc_header: LOOP START token=1
[1;36mdebug: [0mc_header: LOOP START token=1
[1;36mdebug: [0mc_header: LOOP START token=1
[1;36mdebug: [0mc_header: LOOP START token=1
[1;36mdebug: [0mc_header: LOOP START token=1
[1;36mdebug: [0mc_header: LOOP START token=1
[1;36mdebug: [0mc_header: LOOP START token=1
[1;36mdebug: [0mc_header: LOOP START token=1
[1;36mdebug: [0mc_header: LOOP START token=1
[1;36mdebug: [0mc_header: LOOP START token=1
[1;36mdebug: [0mc_header: LOOP START token=1
[1;36mdebug: [0mc_header: LOOP START token=1
[1;36mdebug: [0mc_header: LOOP START token=1
[1;36mdebug: [0mc_header: LOOP START token=1
[1;36mdebug: [0mc_header: LOOP START token=1
[1;36mdebug: [0mc_header: LOOP START token=1
[1;36mdebug: [0mc_header: LOOP START token=1
[1;36mdebug: [0mc_header: LOOP START token=1
[1;36mdebug: [0mc_header: LOOP START token=1
[1;36mdebug: [0mc_header: LOOP START token=1
[1;36mdebug: [0mc_header: LOOP START token=1
[1;36mdebug: [0mc_header: LOOP START token=1
[1;36mdebug: [0mc_header: LOOP START token=1
[1;36mdebug: [0mc_header: LOOP START token=1
[1;36mdebug: [0mc_header: LOOP START token=1
[1;36mdebug: [0mc_header: LOOP START token=1
[1;36mdebug: [0mc_header: LOOP START token=1
[1;36mdebug: [0mc_header: LOOP START token=1
[1;36mdebug: [0mc_header: LOOP START token=1
[1;36mdebug: [0mc_header: LOOP START token=1
[1;36mdebug: [0mc_header: LOOP START token=1
[1;36mdebug: [0mc_header: LOOP START token=1
[1;36mdebug: [0mc_header: LOOP START token=1
[1;36mdebug: [0mc_header: LOOP START token=1
[1;36mdebug: [0mc_header: w_name=pixman_format_supported_destination
[1;36mdebug: [0mc_header: parsed function pixman_format_supported_destination with 1 params (varargs=0) at line 3856
[1;36mdebug: [0mc_header: w_name=pixman_format_supported_source
[1;36mdebug: [0mc_header: parsed function pixman_format_supported_source with 1 params (varargs=0) at line 3859
[1;36mdebug: [0mc_header: w_name=pixman_image_create_solid_fill
[1;36mdebug: [0mc_header: parsed function pixman_image_create_solid_fill with 1 params (varargs=0) at line 3863
[1;36mdebug: [0mc_header: w_name=pixman_image_create_linear_gradient
[1;36mdebug: [0mc_header: parsed function pixman_image_create_linear_gradient with 4 params (varargs=0) at line 3869
[1;36mdebug: [0mc_header: w_name=pixman_image_create_radial_gradient
[1;36mdebug: [0mc_header: parsed function pixman_image_create_radial_gradient with 6 params (varargs=0) at line 3877
[1;36mdebug: [0mc_header: w_name=pixman_image_create_conical_gradient
[1;36mdebug: [0mc_header: parsed function pixman_image_create_conical_gradient with 4 params (varargs=0) at line 3883
[1;36mdebug: [0mc_header: w_name=pixman_image_create_bits
[1;36mdebug: [0mc_header: parsed function pixman_image_create_bits with 5 params (varargs=0) at line 3890
[1;36mdebug: [0mc_header: w_name=pixman_image_create_bits_no_clear
[1;36mdebug: [0mc_header: parsed function pixman_image_create_bits_no_clear with 5 params (varargs=0) at line 3897
[1;36mdebug: [0mc_header: w_name=pixman_image_ref
[1;36mdebug: [0mc_header: parsed function pixman_image_ref with 1 params (varargs=0) at line 3901
[1;36mdebug: [0mc_header: w_name=pixman_image_unref
[1;36mdebug: [0mc_header: parsed function pixman_image_unref with 1 params (varargs=0) at line 3904
[1;36mdebug: [0mc_header: w_name=pixman_image_set_destroy_function
[1;36mdebug: [0mc_header: parsed function pixman_image_set_destroy_function with 3 params (varargs=0) at line 3910
[1;36mdebug: [0mc_header: w_name=pixman_image_get_destroy_data
[1;36mdebug: [0mc_header: parsed function pixman_image_get_destroy_data with 1 params (varargs=0) at line 3913
[1;36mdebug: [0mc_header: w_name=pixman_image_set_clip_region
[1;36mdebug: [0mc_header: parsed function pixman_image_set_clip_region with 2 params (varargs=0) at line 3918
[1;36mdebug: [0mc_header: w_name=pixman_image_set_clip_region32
[1;36mdebug: [0mc_header: parsed function pixman_image_set_clip_region32 with 2 params (varargs=0) at line 3922
[1;36mdebug: [0mc_header: w_name=pixman_image_set_clip_region64f
[1;36mdebug: [0mc_header: parsed function pixman_image_set_clip_region64f with 2 params (varargs=0) at line 3926
[1;36mdebug: [0mc_header: w_name=pixman_image_set_has_client_clip
[1;36mdebug: [0mc_header: parsed function pixman_image_set_has_client_clip with 2 params (varargs=0) at line 3930
[1;36mdebug: [0mc_header: w_name=pixman_image_set_transform
[1;36mdebug: [0mc_header: parsed function pixman_image_set_transform with 2 params (varargs=0) at line 3934
[1;36mdebug: [0mc_header: w_name=pixman_image_set_repeat
[1;36mdebug: [0mc_header: parsed function pixman_image_set_repeat with 2 params (varargs=0) at line 3938
[1;36mdebug: [0mc_header: w_name=pixman_image_set_dither
[1;36mdebug: [0mc_header: parsed function pixman_image_set_dither with 2 params (varargs=0) at line 3942
[1;36mdebug: [0mc_header: w_name=pixman_image_set_dither_offset
[1;36mdebug: [0mc_header: parsed function pixman_image_set_dither_offset with 3 params (varargs=0) at line 3947
[1;36mdebug: [0mc_header: w_name=pixman_image_set_filter
[1;36mdebug: [0mc_header: parsed function pixman_image_set_filter with 4 params (varargs=0) at line 3953
[1;36mdebug: [0mc_header: w_name=pixman_image_set_source_clipping
[1;36mdebug: [0mc_header: parsed function pixman_image_set_source_clipping with 2 params (varargs=0) at line 3957
[1;36mdebug: [0mc_header: w_name=pixman_image_set_alpha_map
[1;36mdebug: [0mc_header: parsed function pixman_image_set_alpha_map with 4 params (varargs=0) at line 3963
[1;36mdebug: [0mc_header: w_name=pixman_image_set_component_alpha
[1;36mdebug: [0mc_header: parsed function pixman_image_set_component_alpha with 2 params (varargs=0) at line 3967
[1;36mdebug: [0mc_header: w_name=pixman_image_get_component_alpha
[1;36mdebug: [0mc_header: parsed function pixman_image_get_component_alpha with 1 params (varargs=0) at line 3970
[1;36mdebug: [0mc_header: w_name=pixman_image_set_accessors
[1;36mdebug: [0mc_header: parsed function pixman_image_set_accessors with 3 params (varargs=0) at line 3975
[1;36mdebug: [0mc_header: w_name=pixman_image_set_indexed
[1;36mdebug: [0mc_header: parsed function pixman_image_set_indexed with 2 params (varargs=0) at line 3979
[1;36mdebug: [0mc_header: w_name=pixman_image_get_data
[1;36mdebug: [0mc_header: parsed function pixman_image_get_data with 1 params (varargs=0) at line 3982
[1;36mdebug: [0mc_header: w_name=pixman_image_get_width
[1;36mdebug: [0mc_header: parsed function pixman_image_get_width with 1 params (varargs=0) at line 3985
[1;36mdebug: [0mc_header: w_name=pixman_image_get_height
[1;36mdebug: [0mc_header: parsed function pixman_image_get_height with 1 params (varargs=0) at line 3988
[1;36mdebug: [0mc_header: w_name=pixman_image_get_stride
[1;36mdebug: [0mc_header: parsed function pixman_image_get_stride with 1 params (varargs=0) at line 3991
[1;36mdebug: [0mc_header: w_name=pixman_image_get_depth
[1;36mdebug: [0mc_header: parsed function pixman_image_get_depth with 1 params (varargs=0) at line 3994
[1;36mdebug: [0mc_header: w_name=pixman_image_get_format
[1;36mdebug: [0mc_header: parsed function pixman_image_get_format with 1 params (varargs=0) at line 3997
[1;36mdebug: [0mc_header: LOOP START token=1
[1;36mdebug: [0mc_header: LOOP START token=1
[1;36mdebug: [0mc_header: LOOP START token=1
[1;36mdebug: [0mc_header: LOOP START token=1
[1;36mdebug: [0mc_header: LOOP START token=1
[1;36mdebug: [0mc_header: LOOP START token=1
[1;36mdebug: [0mc_header: LOOP START token=1
[1;36mdebug: [0mc_header: LOOP START token=1
[1;36mdebug: [0mc_header: w_name=pixman_filter_create_separable_convolution
[1;36mdebug: [0mc_header: parsed function pixman_filter_create_separable_convolution with 9 params (varargs=0) at line 4024
[1;36mdebug: [0mc_header: w_name=pixman_image_fill_rectangles
[1;36mdebug: [0mc_header: parsed function pixman_image_fill_rectangles with 5 params (varargs=0) at line 4032
[1;36mdebug: [0mc_header: w_name=pixman_image_fill_boxes
[1;36mdebug: [0mc_header: parsed function pixman_image_fill_boxes with 5 params (varargs=0) at line 4039
[1;36mdebug: [0mc_header: w_name=pixman_compute_composite_region
[1;36mdebug: [0mc_header: parsed function pixman_compute_composite_region with 12 params (varargs=0) at line 4054
[1;36mdebug: [0mc_header: w_name=pixman_image_composite
[1;36mdebug: [0mc_header: parsed function pixman_image_composite with 12 params (varargs=0) at line 4068
[1;36mdebug: [0mc_header: w_name=pixman_image_composite32
[1;36mdebug: [0mc_header: parsed function pixman_image_composite32 with 12 params (varargs=0) at line 4082
[1;36mdebug: [0mc_header: w_name=pixman_image_composite64f
[1;36mdebug: [0mc_header: parsed function pixman_image_composite64f with 12 params (varargs=0) at line 4096
[1;36mdebug: [0mc_header: w_name=pixman_disable_out_of_bounds_workaround
[1;36mdebug: [0mc_header: parsed function pixman_disable_out_of_bounds_workaround with 0 params (varargs=0) at line 4099
[1;36mdebug: [0mc_header: LOOP START token=72
[1;36mdebug: [0mc_header: LOOP START token=1
[1;36mdebug: [0mc_header: LOOP START token=59
[1;36mdebug: [0mc_header: w_name=pixman_glyph_cache_create
[1;36mdebug: [0mc_header: parsed function pixman_glyph_cache_create with 0 params (varargs=0) at line 4112
[1;36mdebug: [0mc_header: w_name=pixman_glyph_cache_destroy
[1;36mdebug: [0mc_header: parsed function pixman_glyph_cache_destroy with 1 params (varargs=0) at line 4115
[1;36mdebug: [0mc_header: w_name=pixman_glyph_cache_freeze
[1;36mdebug: [0mc_header: parsed function pixman_glyph_cache_freeze with 1 params (varargs=0) at line 4118
[1;36mdebug: [0mc_header: w_name=pixman_glyph_cache_thaw
[1;36mdebug: [0mc_header: parsed function pixman_glyph_cache_thaw with 1 params (varargs=0) at line 4121
[1;36mdebug: [0mc_header: w_name=pixman_glyph_cache_lookup
[1;36mdebug: [0mc_header: parsed function pixman_glyph_cache_lookup with 3 params (varargs=0) at line 4126
[1;36mdebug: [0mc_header: w_name=pixman_glyph_cache_insert
[1;36mdebug: [0mc_header: parsed function pixman_glyph_cache_insert with 6 params (varargs=0) at line 4134
[1;36mdebug: [0mc_header: w_name=pixman_glyph_cache_remove
[1;36mdebug: [0mc_header: parsed function pixman_glyph_cache_remove with 3 params (varargs=0) at line 4139
[1;36mdebug: [0mc_header: w_name=pixman_glyph_get_extents
[1;36mdebug: [0mc_header: parsed function pixman_glyph_get_extents with 4 params (varargs=0) at line 4145
[1;36mdebug: [0mc_header: w_name=pixman_glyph_get_mask_format
[1;36mdebug: [0mc_header: parsed function pixman_glyph_get_mask_format with 3 params (varargs=0) at line 4150
[1;36mdebug: [0mc_header: w_name=pixman_composite_glyphs
[1;36mdebug: [0mc_header: parsed function pixman_composite_glyphs with 15 params (varargs=0) at line 4167
[1;36mdebug: [0mc_header: w_name=pixman_composite_glyphs_no_mask
[1;36mdebug: [0mc_header: parsed function pixman_composite_glyphs_no_mask with 10 params (varargs=0) at line 4179
[1;36mdebug: [0mc_header: LOOP START token=1 line=4197 text='pixman_fixed_t'
[1;36mdebug: [0mc_header: LOOP START token=1 line=4198 text='pixman_fixed_t'
[1;36mdebug: [0mc_header: LOOP START token=1 line=4199 text='pixman_fixed_t'
[1;36mdebug: [0mc_header: LOOP START token=1 line=4200 text='pixman_fixed_t'
[1;36mdebug: [0mc_header: LOOP START token=1 line=4201 text='pixman_fixed_t'
[1;36mdebug: [0mc_header: LOOP START token=1 line=4202 text='pixman_fixed_t'
[1;36mdebug: [0mc_header: LOOP START token=1 line=4204 text='pixman_fixed_t'
[1;36mdebug: [0mc_header: LOOP START token=1 line=4205 text='pixman_fixed_t'
[1;36mdebug: [0mc_header: LOOP START token=1 line=4206 text='pixman_fixed_t'
[1;36mdebug: [0mc_header: LOOP START token=1 line=4207 text='pixman_fixed_t'
[1;36mdebug: [0mc_header: LOOP START token=1 line=4212 text='pixman_fixed_t'
[1;36mdebug: [0mc_header: LOOP START token=1 line=4213 text='pixman_line_fixed_t'
[1;36mdebug: [0mc_header: LOOP START token=1 line=4218 text='pixman_point_fixed_t'
[1;36mdebug: [0mc_header: LOOP START token=1 line=4229 text='pixman_fixed_t'
[1;36mdebug: [0mc_header: LOOP START token=1 line=4234 text='pixman_span_fix_t'
[1;36mdebug: [0mc_header: w_name=pixman_sample_ceil_y
[1;36mdebug: [0mc_header: parsed function pixman_sample_ceil_y with 2 params (varargs=0) at line 4239
[1;36mdebug: [0mc_header: w_name=pixman_sample_floor_y
[1;36mdebug: [0mc_header: parsed function pixman_sample_floor_y with 2 params (varargs=0) at line 4243
[1;36mdebug: [0mc_header: w_name=pixman_edge_step
[1;36mdebug: [0mc_header: parsed function pixman_edge_step with 2 params (varargs=0) at line 4247
[1;36mdebug: [0mc_header: w_name=pixman_edge_init
[1;36mdebug: [0mc_header: parsed function pixman_edge_init with 7 params (varargs=0) at line 4256
[1;36mdebug: [0mc_header: w_name=pixman_line_fixed_edge_init
[1;36mdebug: [0mc_header: parsed function pixman_line_fixed_edge_init with 6 params (varargs=0) at line 4264
[1;36mdebug: [0mc_header: w_name=pixman_rasterize_edges
[1;36mdebug: [0mc_header: parsed function pixman_rasterize_edges with 5 params (varargs=0) at line 4271
[1;36mdebug: [0mc_header: w_name=pixman_add_traps
[1;36mdebug: [0mc_header: parsed function pixman_add_traps with 5 params (varargs=0) at line 4278
[1;36mdebug: [0mc_header: w_name=pixman_add_trapezoids
[1;36mdebug: [0mc_header: parsed function pixman_add_trapezoids with 5 params (varargs=0) at line 4285
[1;36mdebug: [0mc_header: w_name=pixman_rasterize_trapezoid
[1;36mdebug: [0mc_header: parsed function pixman_rasterize_trapezoid with 4 params (varargs=0) at line 4291
[1;36mdebug: [0mc_header: w_name=pixman_composite_trapezoids
[1;36mdebug: [0mc_header: parsed function pixman_composite_trapezoids with 10 params (varargs=0) at line 4303
[1;36mdebug: [0mc_header: w_name=pixman_composite_triangles
[1;36mdebug: [0mc_header: parsed function pixman_composite_triangles with 10 params (varargs=0) at line 4315
[1;36mdebug: [0mc_header: w_name=pixman_add_triangles
[1;36mdebug: [0mc_header: parsed function pixman_add_triangles with 5 params (varargs=0) at line 4322
[1;36mdebug: [0mc_header: LOOP START token=59 line=4347 text='const'
[1;36mdebug: [0mc_header: LOOP START token=59 line=4348 text='const'
[1;36mdebug: [0mc_header: LOOP START token=1 line=4349 text='uint32_t'
[1;36mdebug: [0mc_header: LOOP START token=81 line=4353 text='struct'
[1;36mdebug: [0mc_header: LOOP START token=1 line=4354 text='wl_resource_destroy_func_t'
[1;36mdebug: [0mc_header: LOOP START token=81 line=4355 text='struct'
[1;36mdebug: [0mc_header: LOOP START token=81 line=4356 text='struct'
[1;36mdebug: [0mc_header: LOOP START token=81 line=4357 text='struct'
[1;36mdebug: [0mc_header: LOOP START token=86 line=4358 text='void'
[1;36mdebug: [0mc_header: LOOP START token=1
[1;36mdebug: [0mc_header: LOOP START token=1
[1;36mdebug: [0mc_header: LOOP START token=1
[1;36mdebug: [0mc_header: LOOP START token=1
[1;36mdebug: [0mc_header: w_name=wl_display_error_is_valid
[1;36mdebug: [0mc_header: parsed function wl_display_error_is_valid with 2 params (varargs=0) at line 4498
[1;36mdebug: [0mc_header: LOOP START token=86 line=4520 text='void'
[1;36mdebug: [0mc_header: LOOP START token=86 line=4524 text='void'
[1;36mdebug: [0mc_header: LOOP START token=86 line=4531 text='void'
[1;36mdebug: [0mc_header: w_name=wl_registry_send_global
[1;36mdebug: [0mc_header: parsed function wl_registry_send_global with 4 params (varargs=0) at line 4539
[1;36mdebug: [0mc_header: w_name=wl_registry_send_global_remove
[1;36mdebug: [0mc_header: parsed function wl_registry_send_global_remove with 2 params (varargs=0) at line 4551
[1;36mdebug: [0mc_header: w_name=wl_callback_send_done
[1;36mdebug: [0mc_header: parsed function wl_callback_send_done with 2 params (varargs=0) at line 4557
[1;36mdebug: [0mc_header: LOOP START token=86 line=4572 text='void'
[1;36mdebug: [0mc_header: LOOP START token=86 line=4581 text='void'
[1;36mdebug: [0mc_header: LOOP START token=86 line=4591 text='void'
[1;36mdebug: [0mc_header: LOOP START token=1
[1;36mdebug: [0mc_header: LOOP START token=1
[1;36mdebug: [0mc_header: w_name=wl_shm_pool_error_is_valid
[1;36mdebug: [0mc_header: parsed function wl_shm_pool_error_is_valid with 2 params (varargs=0) at line 4607
[1;36mdebug: [0mc_header: LOOP START token=86 line=4625 text='void'
[1;36mdebug: [0mc_header: LOOP START token=86 line=4634 text='void'
[1;36mdebug: [0mc_header: LOOP START token=86 line=4637 text='void'
[1;36mdebug: [0mc_header: LOOP START token=1
[1;36mdebug: [0mc_header: LOOP START token=1
[1;36mdebug: [0mc_header: LOOP START token=1
[1;36mdebug: [0mc_header: w_name=wl_shm_error_is_valid
[1;36mdebug: [0mc_header: parsed function wl_shm_error_is_valid with 2 params (varargs=0) at line 4659
[1;36mdebug: [0mc_header: LOOP START token=1
[1;36mdebug: [0mc_header: LOOP START token=1
[1;36mdebug: [0mc_header: LOOP START token=1
[1;36mdebug: [0mc_header: LOOP START token=1
[1;36mdebug: [0mc_header: LOOP START token=1
[1;36mdebug: [0mc_header: LOOP START token=1
[1;36mdebug: [0mc_header: LOOP START token=1
[1;36mdebug: [0mc_header: LOOP START token=1
[1;36mdebug: [0mc_header: LOOP START token=1
[1;36mdebug: [0mc_header: LOOP START token=1
[1;36mdebug: [0mc_header: LOOP START token=1
[1;36mdebug: [0mc_header: LOOP START token=1
[1;36mdebug: [0mc_header: LOOP START token=1
[1;36mdebug: [0mc_header: LOOP START token=1
[1;36mdebug: [0mc_header: LOOP START token=1
[1;36mdebug: [0mc_header: LOOP START token=1
[1;36mdebug: [0mc_header: LOOP START token=1
[1;36mdebug: [0mc_header: LOOP START token=1
[1;36mdebug: [0mc_header: LOOP START token=1
[1;36mdebug: [0mc_header: LOOP START token=1
[1;36mdebug: [0mc_header: LOOP START token=1
[1;36mdebug: [0mc_header: LOOP START token=1
[1;36mdebug: [0mc_header: LOOP START token=1
[1;36mdebug: [0mc_header: LOOP START token=1
[1;36mdebug: [0mc_header: LOOP START token=1
[1;36mdebug: [0mc_header: LOOP START token=1
[1;36mdebug: [0mc_header: LOOP START token=1
[1;36mdebug: [0mc_header: LOOP START token=1
[1;36mdebug: [0mc_header: LOOP START token=1
[1;36mdebug: [0mc_header: LOOP START token=1
[1;36mdebug: [0mc_header: LOOP START token=1
[1;36mdebug: [0mc_header: LOOP START token=1
[1;36mdebug: [0mc_header: LOOP START token=1
[1;36mdebug: [0mc_header: LOOP START token=1
[1;36mdebug: [0mc_header: LOOP START token=1
[1;36mdebug: [0mc_header: LOOP START token=1
[1;36mdebug: [0mc_header: LOOP START token=1
[1;36mdebug: [0mc_header: LOOP START token=1
[1;36mdebug: [0mc_header: LOOP START token=1
[1;36mdebug: [0mc_header: LOOP START token=1
[1;36mdebug: [0mc_header: LOOP START token=1
[1;36mdebug: [0mc_header: LOOP START token=1
[1;36mdebug: [0mc_header: LOOP START token=1
[1;36mdebug: [0mc_header: LOOP START token=1
[1;36mdebug: [0mc_header: LOOP START token=1
[1;36mdebug: [0mc_header: LOOP START token=1
[1;36mdebug: [0mc_header: LOOP START token=1
[1;36mdebug: [0mc_header: LOOP START token=1
[1;36mdebug: [0mc_header: LOOP START token=1
[1;36mdebug: [0mc_header: LOOP START token=1
[1;36mdebug: [0mc_header: LOOP START token=1
[1;36mdebug: [0mc_header: LOOP START token=1
[1;36mdebug: [0mc_header: LOOP START token=1
[1;36mdebug: [0mc_header: LOOP START token=1
[1;36mdebug: [0mc_header: LOOP START token=1
[1;36mdebug: [0mc_header: LOOP START token=1
[1;36mdebug: [0mc_header: LOOP START token=1
[1;36mdebug: [0mc_header: LOOP START token=1
[1;36mdebug: [0mc_header: LOOP START token=1
[1;36mdebug: [0mc_header: LOOP START token=1
[1;36mdebug: [0mc_header: LOOP START token=1
[1;36mdebug: [0mc_header: LOOP START token=1
[1;36mdebug: [0mc_header: LOOP START token=1
[1;36mdebug: [0mc_header: LOOP START token=1
[1;36mdebug: [0mc_header: LOOP START token=1
[1;36mdebug: [0mc_header: LOOP START token=1
[1;36mdebug: [0mc_header: LOOP START token=1
[1;36mdebug: [0mc_header: LOOP START token=1
[1;36mdebug: [0mc_header: LOOP START token=1
[1;36mdebug: [0mc_header: LOOP START token=1
[1;36mdebug: [0mc_header: LOOP START token=1
[1;36mdebug: [0mc_header: LOOP START token=1
[1;36mdebug: [0mc_header: LOOP START token=1
[1;36mdebug: [0mc_header: LOOP START token=1
[1;36mdebug: [0mc_header: LOOP START token=1
[1;36mdebug: [0mc_header: LOOP START token=1
[1;36mdebug: [0mc_header: LOOP START token=1
[1;36mdebug: [0mc_header: LOOP START token=1
[1;36mdebug: [0mc_header: LOOP START token=1
[1;36mdebug: [0mc_header: LOOP START token=1
[1;36mdebug: [0mc_header: LOOP START token=1
[1;36mdebug: [0mc_header: LOOP START token=1
[1;36mdebug: [0mc_header: LOOP START token=1
[1;36mdebug: [0mc_header: LOOP START token=1
[1;36mdebug: [0mc_header: LOOP START token=1
[1;36mdebug: [0mc_header: LOOP START token=1
[1;36mdebug: [0mc_header: LOOP START token=1
[1;36mdebug: [0mc_header: LOOP START token=1
[1;36mdebug: [0mc_header: LOOP START token=1
[1;36mdebug: [0mc_header: LOOP START token=1
[1;36mdebug: [0mc_header: LOOP START token=1
[1;36mdebug: [0mc_header: LOOP START token=1
[1;36mdebug: [0mc_header: LOOP START token=1
[1;36mdebug: [0mc_header: LOOP START token=1
[1;36mdebug: [0mc_header: LOOP START token=1
[1;36mdebug: [0mc_header: LOOP START token=1
[1;36mdebug: [0mc_header: LOOP START token=1
[1;36mdebug: [0mc_header: LOOP START token=1
[1;36mdebug: [0mc_header: LOOP START token=1
[1;36mdebug: [0mc_header: LOOP START token=1
[1;36mdebug: [0mc_header: LOOP START token=1
[1;36mdebug: [0mc_header: LOOP START token=1
[1;36mdebug: [0mc_header: LOOP START token=1
[1;36mdebug: [0mc_header: LOOP START token=1
[1;36mdebug: [0mc_header: LOOP START token=1
[1;36mdebug: [0mc_header: LOOP START token=1
[1;36mdebug: [0mc_header: LOOP START token=1
[1;36mdebug: [0mc_header: LOOP START token=1
[1;36mdebug: [0mc_header: LOOP START token=1
[1;36mdebug: [0mc_header: LOOP START token=1
[1;36mdebug: [0mc_header: LOOP START token=1
[1;36mdebug: [0mc_header: LOOP START token=1
[1;36mdebug: [0mc_header: LOOP START token=1
[1;36mdebug: [0mc_header: LOOP START token=1
[1;36mdebug: [0mc_header: LOOP START token=1
[1;36mdebug: [0mc_header: LOOP START token=1
[1;36mdebug: [0mc_header: LOOP START token=1
[1;36mdebug: [0mc_header: LOOP START token=1
[1;36mdebug: [0mc_header: LOOP START token=1
[1;36mdebug: [0mc_header: LOOP START token=1
[1;36mdebug: [0mc_header: LOOP START token=1
[1;36mdebug: [0mc_header: LOOP START token=1
[1;36mdebug: [0mc_header: LOOP START token=1
[1;36mdebug: [0mc_header: LOOP START token=1
[1;36mdebug: [0mc_header: LOOP START token=1
[1;36mdebug: [0mc_header: LOOP START token=1
[1;36mdebug: [0mc_header: LOOP START token=1
[1;36mdebug: [0mc_header: LOOP START token=1
[1;36mdebug: [0mc_header: LOOP START token=1
[1;36mdebug: [0mc_header: LOOP START token=1
[1;36mdebug: [0mc_header: LOOP START token=1
[1;36mdebug: [0mc_header: LOOP START token=1
[1;36mdebug: [0mc_header: LOOP START token=1
[1;36mdebug: [0mc_header: LOOP START token=1
[1;36mdebug: [0mc_header: LOOP START token=1
[1;36mdebug: [0mc_header: LOOP START token=1
[1;36mdebug: [0mc_header: LOOP START token=1
[1;36mdebug: [0mc_header: LOOP START token=1
[1;36mdebug: [0mc_header: LOOP START token=1
[1;36mdebug: [0mc_header: LOOP START token=1
[1;36mdebug: [0mc_header: LOOP START token=1
[1;36mdebug: [0mc_header: LOOP START token=1
[1;36mdebug: [0mc_header: LOOP START token=1
[1;36mdebug: [0mc_header: LOOP START token=1
[1;36mdebug: [0mc_header: LOOP START token=1
[1;36mdebug: [0mc_header: LOOP START token=1
[1;36mdebug: [0mc_header: LOOP START token=1
[1;36mdebug: [0mc_header: LOOP START token=1
[1;36mdebug: [0mc_header: w_name=wl_shm_format_is_valid
[1;36mdebug: [0mc_header: parsed function wl_shm_format_is_valid with 2 params (varargs=0) at line 5229
[1;36mdebug: [0mc_header: LOOP START token=86 line=5539 text='void'
[1;36mdebug: [0mc_header: LOOP START token=86 line=5545 text='void'
[1;36mdebug: [0mc_header: w_name=wl_shm_send_format
[1;36mdebug: [0mc_header: parsed function wl_shm_send_format with 2 params (varargs=0) at line 5551
[1;36mdebug: [0mc_header: LOOP START token=86 line=5561 text='void'
[1;36mdebug: [0mc_header: w_name=wl_buffer_send_release
[1;36mdebug: [0mc_header: parsed function wl_buffer_send_release with 1 params (varargs=0) at line 5567
[1;36mdebug: [0mc_header: LOOP START token=1
[1;36mdebug: [0mc_header: LOOP START token=1
[1;36mdebug: [0mc_header: LOOP START token=1
[1;36mdebug: [0mc_header: LOOP START token=1
[1;36mdebug: [0mc_header: w_name=wl_data_offer_error_is_valid
[1;36mdebug: [0mc_header: parsed function wl_data_offer_error_is_valid with 2 params (varargs=0) at line 5593
[1;36mdebug: [0mc_header: LOOP START token=86 line=5615 text='void'
[1;36mdebug: [0mc_header: LOOP START token=86 line=5620 text='void'
[1;36mdebug: [0mc_header: LOOP START token=86 line=5629 text='void'
[1;36mdebug: [0mc_header: LOOP START token=86 line=5632 text='void'
[1;36mdebug: [0mc_header: LOOP START token=86 line=5635 text='void'
[1;36mdebug: [0mc_header: w_name=wl_data_offer_send_offer
[1;36mdebug: [0mc_header: parsed function wl_data_offer_send_offer with 2 params (varargs=0) at line 5643
[1;36mdebug: [0mc_header: w_name=wl_data_offer_send_source_actions
[1;36mdebug: [0mc_header: parsed function wl_data_offer_send_source_actions with 2 params (varargs=0) at line 5655
[1;36mdebug: [0mc_header: w_name=wl_data_offer_send_action
[1;36mdebug: [0mc_header: parsed function wl_data_offer_send_action with 2 params (varargs=0) at line 5667
[1;36mdebug: [0mc_header: LOOP START token=1
[1;36mdebug: [0mc_header: LOOP START token=1
[1;36mdebug: [0mc_header: w_name=wl_data_source_error_is_valid
[1;36mdebug: [0mc_header: parsed function wl_data_source_error_is_valid with 2 params (varargs=0) at line 5685
[1;36mdebug: [0mc_header: LOOP START token=86 line=5703 text='void'
[1;36mdebug: [0mc_header: LOOP START token=86 line=5711 text='void'
[1;36mdebug: [0mc_header: LOOP START token=86 line=5714 text='void'
[1;36mdebug: [0mc_header: w_name=wl_data_source_send_target
[1;36mdebug: [0mc_header: parsed function wl_data_source_send_target with 2 params (varargs=0) at line 5721
[1;36mdebug: [0mc_header: w_name=wl_data_source_send_send
[1;36mdebug: [0mc_header: parsed function wl_data_source_send_send with 3 params (varargs=0) at line 5727
[1;36mdebug: [0mc_header: w_name=wl_data_source_send_cancelled
[1;36mdebug: [0mc_header: parsed function wl_data_source_send_cancelled with 1 params (varargs=0) at line 5738
[1;36mdebug: [0mc_header: w_name=wl_data_source_send_dnd_drop_performed
[1;36mdebug: [0mc_header: parsed function wl_data_source_send_dnd_drop_performed with 1 params (varargs=0) at line 5749
[1;36mdebug: [0mc_header: w_name=wl_data_source_send_dnd_finished
[1;36mdebug: [0mc_header: parsed function wl_data_source_send_dnd_finished with 1 params (varargs=0) at line 5760
[1;36mdebug: [0mc_header: w_name=wl_data_source_send_action
[1;36mdebug: [0mc_header: parsed function wl_data_source_send_action with 2 params (varargs=0) at line 5772
[1;36mdebug: [0mc_header: LOOP START token=1
[1;36mdebug: [0mc_header: LOOP START token=1
[1;36mdebug: [0mc_header: w_name=wl_data_device_error_is_valid
[1;36mdebug: [0mc_header: parsed function wl_data_device_error_is_valid with 2 params (varargs=0) at line 5790
[1;36mdebug: [0mc_header: LOOP START token=86 line=5808 text='void'
[1;36mdebug: [0mc_header: LOOP START token=86 line=5815 text='void'
[1;36mdebug: [0mc_header: LOOP START token=86 line=5825 text='void'
[1;36mdebug: [0mc_header: w_name=wl_data_device_send_data_offer
[1;36mdebug: [0mc_header: parsed function wl_data_device_send_data_offer with 2 params (varargs=0) at line 5831
[1;36mdebug: [0mc_header: w_name=wl_data_device_send_enter
[1;36mdebug: [0mc_header: parsed function wl_data_device_send_enter with 6 params (varargs=0) at line 5837
[1;36mdebug: [0mc_header: w_name=wl_data_device_send_leave
[1;36mdebug: [0mc_header: parsed function wl_data_device_send_leave with 1 params (varargs=0) at line 5848
[1;36mdebug: [0mc_header: w_name=wl_data_device_send_motion
[1;36mdebug: [0mc_header: parsed function wl_data_device_send_motion with 4 params (varargs=0) at line 5854
[1;36mdebug: [0mc_header: w_name=wl_data_device_send_drop
[1;36mdebug: [0mc_header: parsed function wl_data_device_send_drop with 1 params (varargs=0) at line 5865
[1;36mdebug: [0mc_header: w_name=wl_data_device_send_selection
[1;36mdebug: [0mc_header: parsed function wl_data_device_send_selection with 2 params (varargs=0) at line 5877
[1;36mdebug: [0mc_header: LOOP START token=1
[1;36mdebug: [0mc_header: LOOP START token=1
[1;36mdebug: [0mc_header: LOOP START token=1
[1;36mdebug: [0mc_header: LOOP START token=1
[1;36mdebug: [0mc_header: w_name=wl_data_device_manager_dnd_action_is_valid
[1;36mdebug: [0mc_header: parsed function wl_data_device_manager_dnd_action_is_valid with 2 params (varargs=0) at line 5901
[1;36mdebug: [0mc_header: LOOP START token=86 line=5926 text='void'
[1;36mdebug: [0mc_header: LOOP START token=86 line=5936 text='void'
[1;36mdebug: [0mc_header: LOOP START token=86 line=5947 text='void'
[1;36mdebug: [0mc_header: LOOP START token=1
[1;36mdebug: [0mc_header: w_name=wl_shell_error_is_valid
[1;36mdebug: [0mc_header: parsed function wl_shell_error_is_valid with 2 params (varargs=0) at line 5959
[1;36mdebug: [0mc_header: LOOP START token=86 line=5975 text='void'
[1;36mdebug: [0mc_header: LOOP START token=1
[1;36mdebug: [0mc_header: LOOP START token=1
[1;36mdebug: [0mc_header: LOOP START token=1
[1;36mdebug: [0mc_header: LOOP START token=1
[1;36mdebug: [0mc_header: LOOP START token=1
[1;36mdebug: [0mc_header: LOOP START token=1
[1;36mdebug: [0mc_header: LOOP START token=1
[1;36mdebug: [0mc_header: LOOP START token=1
[1;36mdebug: [0mc_header: LOOP START token=1
[1;36mdebug: [0mc_header: w_name=wl_shell_surface_resize_is_valid
[1;36mdebug: [0mc_header: parsed function wl_shell_surface_resize_is_valid with 2 params (varargs=0) at line 6021
[1;36mdebug: [0mc_header: LOOP START token=1
[1;36mdebug: [0mc_header: w_name=wl_shell_surface_transient_is_valid
[1;36mdebug: [0mc_header: parsed function wl_shell_surface_transient_is_valid with 2 params (varargs=0) at line 6052
[1;36mdebug: [0mc_header: LOOP START token=1
[1;36mdebug: [0mc_header: LOOP START token=1
[1;36mdebug: [0mc_header: LOOP START token=1
[1;36mdebug: [0mc_header: LOOP START token=1
[1;36mdebug: [0mc_header: w_name=wl_shell_surface_fullscreen_method_is_valid
[1;36mdebug: [0mc_header: parsed function wl_shell_surface_fullscreen_method_is_valid with 2 params (varargs=0) at line 6079
[1;36mdebug: [0mc_header: LOOP START token=86 line=6107 text='void'
[1;36mdebug: [0mc_header: LOOP START token=86 line=6111 text='void'
[1;36mdebug: [0mc_header: LOOP START token=86 line=6116 text='void'
[1;36mdebug: [0mc_header: LOOP START token=86 line=6128 text='void'
[1;36mdebug: [0mc_header: LOOP START token=86 line=6131 text='void'
[1;36mdebug: [0mc_header: LOOP START token=86 line=6138 text='void'
[1;36mdebug: [0mc_header: LOOP START token=86 line=6144 text='void'
[1;36mdebug: [0mc_header: LOOP START token=86 line=6153 text='void'
[1;36mdebug: [0mc_header: LOOP START token=86 line=6157 text='void'
[1;36mdebug: [0mc_header: LOOP START token=86 line=6161 text='void'
[1;36mdebug: [0mc_header: w_name=wl_shell_surface_send_ping
[1;36mdebug: [0mc_header: parsed function wl_shell_surface_send_ping with 2 params (varargs=0) at line 6168
[1;36mdebug: [0mc_header: w_name=wl_shell_surface_send_configure
[1;36mdebug: [0mc_header: parsed function wl_shell_surface_send_configure with 4 params (varargs=0) at line 6174
[1;36mdebug: [0mc_header: w_name=wl_shell_surface_send_popup_done
[1;36mdebug: [0mc_header: parsed function wl_shell_surface_send_popup_done with 1 params (varargs=0) at line 6185
[1;36mdebug: [0mc_header: LOOP START token=1
[1;36mdebug: [0mc_header: LOOP START token=1
[1;36mdebug: [0mc_header: LOOP START token=1
[1;36mdebug: [0mc_header: LOOP START token=1
[1;36mdebug: [0mc_header: LOOP START token=1
[1;36mdebug: [0mc_header: LOOP START token=1
[1;36mdebug: [0mc_header: w_name=wl_surface_error_is_valid
[1;36mdebug: [0mc_header: parsed function wl_surface_error_is_valid with 2 params (varargs=0) at line 6217
[1;36mdebug: [0mc_header: LOOP START token=86 line=6247 text='void'
[1;36mdebug: [0mc_header: LOOP START token=86 line=6250 text='void'
[1;36mdebug: [0mc_header: LOOP START token=86 line=6256 text='void'
[1;36mdebug: [0mc_header: LOOP START token=86 line=6263 text='void'
[1;36mdebug: [0mc_header: LOOP START token=86 line=6267 text='void'
[1;36mdebug: [0mc_header: LOOP START token=86 line=6271 text='void'
[1;36mdebug: [0mc_header: LOOP START token=86 line=6275 text='void'
[1;36mdebug: [0mc_header: LOOP START token=86 line=6278 text='void'
[1;36mdebug: [0mc_header: LOOP START token=86 line=6282 text='void'
[1;36mdebug: [0mc_header: LOOP START token=86 line=6286 text='void'
[1;36mdebug: [0mc_header: LOOP START token=86 line=6293 text='void'
[1;36mdebug: [0mc_header: LOOP START token=86 line=6298 text='void'
[1;36mdebug: [0mc_header: w_name=wl_surface_send_enter
[1;36mdebug: [0mc_header: parsed function wl_surface_send_enter with 2 params (varargs=0) at line 6305
[1;36mdebug: [0mc_header: w_name=wl_surface_send_leave
[1;36mdebug: [0mc_header: parsed function wl_surface_send_leave with 2 params (varargs=0) at line 6317
[1;36mdebug: [0mc_header: w_name=wl_surface_send_preferred_buffer_scale
[1;36mdebug: [0mc_header: parsed function wl_surface_send_preferred_buffer_scale with 2 params (varargs=0) at line 6329
[1;36mdebug: [0mc_header: w_name=wl_surface_send_preferred_buffer_transform
[1;36mdebug: [0mc_header: parsed function wl_surface_send_preferred_buffer_transform with 2 params (varargs=0) at line 6341
[1;36mdebug: [0mc_header: LOOP START token=1
[1;36mdebug: [0mc_header: LOOP START token=1
[1;36mdebug: [0mc_header: LOOP START token=1
[1;36mdebug: [0mc_header: w_name=wl_seat_capability_is_valid
[1;36mdebug: [0mc_header: parsed function wl_seat_capability_is_valid with 2 params (varargs=0) at line 6361
[1;36mdebug: [0mc_header: LOOP START token=1
[1;36mdebug: [0mc_header: w_name=wl_seat_error_is_valid
[1;36mdebug: [0mc_header: parsed function wl_seat_error_is_valid with 2 params (varargs=0) at line 6380
[1;36mdebug: [0mc_header: LOOP START token=86 line=6396 text='void'
[1;36mdebug: [0mc_header: LOOP START token=86 line=6400 text='void'
[1;36mdebug: [0mc_header: LOOP START token=86 line=6404 text='void'
[1;36mdebug: [0mc_header: LOOP START token=86 line=6414 text='void'
[1;36mdebug: [0mc_header: w_name=wl_seat_send_capabilities
[1;36mdebug: [0mc_header: parsed function wl_seat_send_capabilities with 2 params (varargs=0) at line 6420
[1;36mdebug: [0mc_header: w_name=wl_seat_send_name
[1;36mdebug: [0mc_header: parsed function wl_seat_send_name with 2 params (varargs=0) at line 6432
[1;36mdebug: [0mc_header: LOOP START token=1
[1;36mdebug: [0mc_header: w_name=wl_pointer_error_is_valid
[1;36mdebug: [0mc_header: parsed function wl_pointer_error_is_valid with 2 params (varargs=0) at line 6446
[1;36mdebug: [0mc_header: LOOP START token=1
[1;36mdebug: [0mc_header: LOOP START token=1
[1;36mdebug: [0mc_header: w_name=wl_pointer_button_state_is_valid
[1;36mdebug: [0mc_header: parsed function wl_pointer_button_state_is_valid with 2 params (varargs=0) at line 6467
[1;36mdebug: [0mc_header: LOOP START token=1
[1;36mdebug: [0mc_header: LOOP START token=1
[1;36mdebug: [0mc_header: w_name=wl_pointer_axis_is_valid
[1;36mdebug: [0mc_header: parsed function wl_pointer_axis_is_valid with 2 params (varargs=0) at line 6490
[1;36mdebug: [0mc_header: LOOP START token=1
[1;36mdebug: [0mc_header: LOOP START token=1
[1;36mdebug: [0mc_header: LOOP START token=1
[1;36mdebug: [0mc_header: LOOP START token=1
[1;36mdebug: [0mc_header: w_name=wl_pointer_axis_source_is_valid
[1;36mdebug: [0mc_header: parsed function wl_pointer_axis_source_is_valid with 2 params (varargs=0) at line 6522
[1;36mdebug: [0mc_header: LOOP START token=1
[1;36mdebug: [0mc_header: LOOP START token=1
[1;36mdebug: [0mc_header: w_name=wl_pointer_axis_relative_direction_is_valid
[1;36mdebug: [0mc_header: parsed function wl_pointer_axis_relative_direction_is_valid with 2 params (varargs=0) at line 6549
[1;36mdebug: [0mc_header: LOOP START token=86 line=6567 text='void'
[1;36mdebug: [0mc_header: LOOP START token=86 line=6574 text='void'
[1;36mdebug: [0mc_header: w_name=wl_pointer_send_enter
[1;36mdebug: [0mc_header: parsed function wl_pointer_send_enter with 5 params (varargs=0) at line 6580
[1;36mdebug: [0mc_header: w_name=wl_pointer_send_leave
[1;36mdebug: [0mc_header: parsed function wl_pointer_send_leave with 3 params (varargs=0) at line 6586
[1;36mdebug: [0mc_header: w_name=wl_pointer_send_motion
[1;36mdebug: [0mc_header: parsed function wl_pointer_send_motion with 4 params (varargs=0) at line 6592
[1;36mdebug: [0mc_header: w_name=wl_pointer_send_button
[1;36mdebug: [0mc_header: parsed function wl_pointer_send_button with 5 params (varargs=0) at line 6598
[1;36mdebug: [0mc_header: w_name=wl_pointer_send_axis
[1;36mdebug: [0mc_header: parsed function wl_pointer_send_axis with 4 params (varargs=0) at line 6604
[1;36mdebug: [0mc_header: w_name=wl_pointer_send_frame
[1;36mdebug: [0mc_header: parsed function wl_pointer_send_frame with 1 params (varargs=0) at line 6615
[1;36mdebug: [0mc_header: w_name=wl_pointer_send_axis_source
[1;36mdebug: [0mc_header: parsed function wl_pointer_send_axis_source with 2 params (varargs=0) at line 6627
[1;36mdebug: [0mc_header: w_name=wl_pointer_send_axis_stop
[1;36mdebug: [0mc_header: parsed function wl_pointer_send_axis_stop with 3 params (varargs=0) at line 6633
[1;36mdebug: [0mc_header: w_name=wl_pointer_send_axis_discrete
[1;36mdebug: [0mc_header: parsed function wl_pointer_send_axis_discrete with 3 params (varargs=0) at line 6639
[1;36mdebug: [0mc_header: w_name=wl_pointer_send_axis_value120
[1;36mdebug: [0mc_header: parsed function wl_pointer_send_axis_value120 with 3 params (varargs=0) at line 6645
[1;36mdebug: [0mc_header: w_name=wl_pointer_send_axis_relative_direction
[1;36mdebug: [0mc_header: parsed function wl_pointer_send_axis_relative_direction with 3 params (varargs=0) at line 6651
[1;36mdebug: [0mc_header: w_name=wl_pointer_send_warp
[1;36mdebug: [0mc_header: parsed function wl_pointer_send_warp with 3 params (varargs=0) at line 6657
[1;36mdebug: [0mc_header: LOOP START token=1
[1;36mdebug: [0mc_header: LOOP START token=1
[1;36mdebug: [0mc_header: w_name=wl_keyboard_keymap_format_is_valid
[1;36mdebug: [0mc_header: parsed function wl_keyboard_keymap_format_is_valid with 2 params (varargs=0) at line 6673
[1;36mdebug: [0mc_header: LOOP START token=1
[1;36mdebug: [0mc_header: LOOP START token=1
[1;36mdebug: [0mc_header: LOOP START token=1
[1;36mdebug: [0mc_header: w_name=wl_keyboard_key_state_is_valid
[1;36mdebug: [0mc_header: parsed function wl_keyboard_key_state_is_valid with 2 params (varargs=0) at line 6701
[1;36mdebug: [0mc_header: LOOP START token=86 line=6726 text='void'
[1;36mdebug: [0mc_header: w_name=wl_keyboard_send_keymap
[1;36mdebug: [0mc_header: parsed function wl_keyboard_send_keymap with 4 params (varargs=0) at line 6732
[1;36mdebug: [0mc_header: w_name=wl_keyboard_send_enter
[1;36mdebug: [0mc_header: parsed function wl_keyboard_send_enter with 4 params (varargs=0) at line 6738
[1;36mdebug: [0mc_header: w_name=wl_keyboard_send_leave
[1;36mdebug: [0mc_header: parsed function wl_keyboard_send_leave with 3 params (varargs=0) at line 6744
[1;36mdebug: [0mc_header: w_name=wl_keyboard_send_key
[1;36mdebug: [0mc_header: parsed function wl_keyboard_send_key with 5 params (varargs=0) at line 6750
[1;36mdebug: [0mc_header: w_name=wl_keyboard_send_modifiers
[1;36mdebug: [0mc_header: parsed function wl_keyboard_send_modifiers with 6 params (varargs=0) at line 6756
[1;36mdebug: [0mc_header: w_name=wl_keyboard_send_repeat_info
[1;36mdebug: [0mc_header: parsed function wl_keyboard_send_repeat_info with 3 params (varargs=0) at line 6762
[1;36mdebug: [0mc_header: LOOP START token=86 line=6777 text='void'
[1;36mdebug: [0mc_header: w_name=wl_touch_send_down
[1;36mdebug: [0mc_header: parsed function wl_touch_send_down with 7 params (varargs=0) at line 6783
[1;36mdebug: [0mc_header: w_name=wl_touch_send_up
[1;36mdebug: [0mc_header: parsed function wl_touch_send_up with 4 params (varargs=0) at line 6789
[1;36mdebug: [0mc_header: w_name=wl_touch_send_motion
[1;36mdebug: [0mc_header: parsed function wl_touch_send_motion with 5 params (varargs=0) at line 6795
[1;36mdebug: [0mc_header: w_name=wl_touch_send_frame
[1;36mdebug: [0mc_header: parsed function wl_touch_send_frame with 1 params (varargs=0) at line 6806
[1;36mdebug: [0mc_header: w_name=wl_touch_send_cancel
[1;36mdebug: [0mc_header: parsed function wl_touch_send_cancel with 1 params (varargs=0) at line 6817
[1;36mdebug: [0mc_header: w_name=wl_touch_send_shape
[1;36mdebug: [0mc_header: parsed function wl_touch_send_shape with 4 params (varargs=0) at line 6823
[1;36mdebug: [0mc_header: w_name=wl_touch_send_orientation
[1;36mdebug: [0mc_header: parsed function wl_touch_send_orientation with 3 params (varargs=0) at line 6829
[1;36mdebug: [0mc_header: LOOP START token=1
[1;36mdebug: [0mc_header: LOOP START token=1
[1;36mdebug: [0mc_header: LOOP START token=1
[1;36mdebug: [0mc_header: LOOP START token=1
[1;36mdebug: [0mc_header: LOOP START token=1
[1;36mdebug: [0mc_header: LOOP START token=1
[1;36mdebug: [0mc_header: w_name=wl_output_subpixel_is_valid
[1;36mdebug: [0mc_header: parsed function wl_output_subpixel_is_valid with 2 params (varargs=0) at line 6861
[1;36mdebug: [0mc_header: LOOP START token=1
[1;36mdebug: [0mc_header: LOOP START token=1
[1;36mdebug: [0mc_header: LOOP START token=1
[1;36mdebug: [0mc_header: LOOP START token=1
[1;36mdebug: [0mc_header: LOOP START token=1
[1;36mdebug: [0mc_header: LOOP START token=1
[1;36mdebug: [0mc_header: LOOP START token=1
[1;36mdebug: [0mc_header: LOOP START token=1
[1;36mdebug: [0mc_header: w_name=wl_output_transform_is_valid
[1;36mdebug: [0mc_header: parsed function wl_output_transform_is_valid with 2 params (varargs=0) at line 6916
[1;36mdebug: [0mc_header: LOOP START token=1
[1;36mdebug: [0mc_header: LOOP START token=1
[1;36mdebug: [0mc_header: w_name=wl_output_mode_is_valid
[1;36mdebug: [0mc_header: parsed function wl_output_mode_is_valid with 2 params (varargs=0) at line 6951
[1;36mdebug: [0mc_header: LOOP START token=86 line=6973 text='void'
[1;36mdebug: [0mc_header: w_name=wl_output_send_geometry
[1;36mdebug: [0mc_header: parsed function wl_output_send_geometry with 9 params (varargs=0) at line 6979
[1;36mdebug: [0mc_header: w_name=wl_output_send_mode
[1;36mdebug: [0mc_header: parsed function wl_output_send_mode with 5 params (varargs=0) at line 6985
[1;36mdebug: [0mc_header: w_name=wl_output_send_done
[1;36mdebug: [0mc_header: parsed function wl_output_send_done with 1 params (varargs=0) at line 6996
[1;36mdebug: [0mc_header: w_name=wl_output_send_scale
[1;36mdebug: [0mc_header: parsed function wl_output_send_scale with 2 params (varargs=0) at line 7008
[1;36mdebug: [0mc_header: w_name=wl_output_send_name
[1;36mdebug: [0mc_header: parsed function wl_output_send_name with 2 params (varargs=0) at line 7020
[1;36mdebug: [0mc_header: w_name=wl_output_send_description
[1;36mdebug: [0mc_header: parsed function wl_output_send_description with 2 params (varargs=0) at line 7032
[1;36mdebug: [0mc_header: LOOP START token=86 line=7046 text='void'
[1;36mdebug: [0mc_header: LOOP START token=86 line=7049 text='void'
[1;36mdebug: [0mc_header: LOOP START token=86 line=7056 text='void'
[1;36mdebug: [0mc_header: LOOP START token=1
[1;36mdebug: [0mc_header: LOOP START token=1
[1;36mdebug: [0mc_header: w_name=wl_subcompositor_error_is_valid
[1;36mdebug: [0mc_header: parsed function wl_subcompositor_error_is_valid with 2 params (varargs=0) at line 7076
[1;36mdebug: [0mc_header: LOOP START token=86 line=7100 text='void'
[1;36mdebug: [0mc_header: LOOP START token=86 line=7103 text='void'
[1;36mdebug: [0mc_header: LOOP START token=1
[1;36mdebug: [0mc_header: w_name=wl_subsurface_error_is_valid
[1;36mdebug: [0mc_header: parsed function wl_subsurface_error_is_valid with 2 params (varargs=0) at line 7118
[1;36mdebug: [0mc_header: LOOP START token=86 line=7134 text='void'
[1;36mdebug: [0mc_header: LOOP START token=86 line=7137 text='void'
[1;36mdebug: [0mc_header: LOOP START token=86 line=7142 text='void'
[1;36mdebug: [0mc_header: LOOP START token=86 line=7146 text='void'
[1;36mdebug: [0mc_header: LOOP START token=86 line=7150 text='void'
[1;36mdebug: [0mc_header: LOOP START token=86 line=7153 text='void'
[1;36mdebug: [0mc_header: LOOP START token=1
[1;36mdebug: [0mc_header: w_name=wl_fixes_error_is_valid
[1;36mdebug: [0mc_header: parsed function wl_fixes_error_is_valid with 2 params (varargs=0) at line 7165
[1;36mdebug: [0mc_header: LOOP START token=86 line=7185 text='void'
[1;36mdebug: [0mc_header: LOOP START token=86 line=7188 text='void'
[1;36mdebug: [0mc_header: LOOP START token=86 line=7192 text='void'
[1;36mdebug: [0mc_header: LOOP START token=72 line=7202 text='int'
[1;36mdebug: [0mc_header: LOOP START token=72 line=7203 text='int'
[1;36mdebug: [0mc_header: LOOP START token=63 line=7212 text='double'
[1;36mdebug: [0mc_header: LOOP START token=63 line=7213 text='double'
[1;36mdebug: [0mc_header: w_name=wlr_box_closest_point
[1;36mdebug: [0mc_header: parsed function wlr_box_closest_point with 5 params (varargs=0) at line 7217
[1;36mdebug: [0mc_header: w_name=wlr_box_intersection
[1;36mdebug: [0mc_header: parsed function wlr_box_intersection with 3 params (varargs=0) at line 7225
[1;36mdebug: [0mc_header: w_name=wlr_box_contains_point
[1;36mdebug: [0mc_header: parsed function wlr_box_contains_point with 3 params (varargs=0) at line 7227
[1;36mdebug: [0mc_header: w_name=wlr_box_empty
[1;36mdebug: [0mc_header: parsed function wlr_box_empty with 1 params (varargs=0) at line 7234
[1;36mdebug: [0mc_header: w_name=wlr_box_transform
[1;36mdebug: [0mc_header: parsed function wlr_box_transform with 5 params (varargs=0) at line 7240
[1;36mdebug: [0mc_header: w_name=wlr_fbox_empty
[1;36mdebug: [0mc_header: parsed function wlr_fbox_empty with 1 params (varargs=0) at line 7247
[1;36mdebug: [0mc_header: w_name=wlr_fbox_transform
[1;36mdebug: [0mc_header: parsed function wlr_fbox_transform with 5 params (varargs=0) at line 7253
[1;36mdebug: [0mc_header: w_name=wlr_box_equal
[1;36mdebug: [0mc_header: parsed function wlr_box_equal with 2 params (varargs=0) at line 7260
[1;36mdebug: [0mc_header: w_name=wlr_fbox_equal
[1;36mdebug: [0mc_header: parsed function wlr_fbox_equal with 2 params (varargs=0) at line 7265
[1;36mdebug: [0mc_header: LOOP START token=81 line=7283 text='struct'
[1;36mdebug: [0mc_header: LOOP START token=81 line=7286 text='struct'
[1;36mdebug: [0mc_header: w_name=wlr_renderer_begin_buffer_pass
[1;36mdebug: [0mc_header: parsed function wlr_renderer_begin_buffer_pass with 3 params (varargs=0) at line 7296
[1;36mdebug: [0mc_header: w_name=wlr_render_pass_submit
[1;36mdebug: [0mc_header: parsed function wlr_render_pass_submit with 1 params (varargs=0) at line 7303
[1;36mdebug: [0mc_header: LOOP START token=1
[1;36mdebug: [0mc_header: LOOP START token=1
[1;36mdebug: [0mc_header: LOOP START token=1
[1;36mdebug: [0mc_header: LOOP START token=1
[1;36mdebug: [0mc_header: LOOP START token=81 line=7327 text='struct'
[1;36mdebug: [0mc_header: LOOP START token=81 line=7329 text='struct'
[1;36mdebug: [0mc_header: LOOP START token=81 line=7331 text='struct'
[1;36mdebug: [0mc_header: LOOP START token=59 line=7333 text='const'
[1;36mdebug: [0mc_header: LOOP START token=59 line=7335 text='const'
[1;36mdebug: [0mc_header: LOOP START token=65 line=7337 text='enum'
[1;36mdebug: [0mc_header: LOOP START token=65 line=7339 text='enum'
[1;36mdebug: [0mc_header: LOOP START token=65 line=7341 text='enum'
[1;36mdebug: [0mc_header: w_name=wlr_render_pass_add_texture
[1;36mdebug: [0mc_header: parsed function wlr_render_pass_add_texture with 2 params (varargs=0) at line 7348
[1;36mdebug: [0mc_header: LOOP START token=67 line=7357 text='float'
[1;36mdebug: [0mc_header: LOOP START token=81 line=7362 text='struct'
[1;36mdebug: [0mc_header: LOOP START token=81 line=7364 text='struct'
[1;36mdebug: [0mc_header: LOOP START token=59 line=7366 text='const'
[1;36mdebug: [0mc_header: LOOP START token=65 line=7368 text='enum'
[1;36mdebug: [0mc_header: w_name=wlr_render_pass_add_rect
[1;36mdebug: [0mc_header: parsed function wlr_render_pass_add_rect with 2 params (varargs=0) at line 7375
[1;36mdebug: [0mc_header: LOOP START token=1 line=7382 text='int32_t'
[1;36mdebug: [0mc_header: LOOP START token=1 line=7383 text='uint32_t'
[1;36mdebug: [0mc_header: LOOP START token=1 line=7384 text='uint64_t'
[1;36mdebug: [0mc_header: LOOP START token=72 line=7386 text='int'
[1;36mdebug: [0mc_header: LOOP START token=1 line=7387 text='uint32_t'
[1;36mdebug: [0mc_header: LOOP START token=1 line=7388 text='uint32_t'
[1;36mdebug: [0mc_header: LOOP START token=72 line=7389 text='int'
[1;36mdebug: [0mc_header: w_name=wlr_dmabuf_attributes_finish
[1;36mdebug: [0mc_header: parsed function wlr_dmabuf_attributes_finish with 1 params (varargs=0) at line 7395
[1;36mdebug: [0mc_header: w_name=wlr_dmabuf_attributes_copy
[1;36mdebug: [0mc_header: parsed function wlr_dmabuf_attributes_copy with 2 params (varargs=0) at line 7400
[1;36mdebug: [0mc_header: LOOP START token=59 line=7409 text='const'
[1;36mdebug: [0mc_header: LOOP START token=1 line=7410 text='uint32_t'
[1;36mdebug: [0mc_header: LOOP START token=81 line=7412 text='struct'
[1;36mdebug: [0mc_header: LOOP START token=86 line=7417 text='void'
[1;36mdebug: [0mc_header: LOOP START token=1 line=7419 text='uint32_t'
[1;36mdebug: [0mc_header: LOOP START token=1 line=7421 text='uint32_t'
[1;36mdebug: [0mc_header: LOOP START token=1 line=7423 text='uint32_t'
[1;36mdebug: [0mc_header: LOOP START token=59 line=7425 text='const'
[1;36mdebug: [0mc_header: w_name=wlr_texture_read_pixels
[1;36mdebug: [0mc_header: parsed function wlr_texture_read_pixels with 2 params (varargs=0) at line 7429
[1;36mdebug: [0mc_header: w_name=wlr_texture_preferred_read_format
[1;36mdebug: [0mc_header: parsed function wlr_texture_preferred_read_format with 1 params (varargs=0) at line 7431
[1;36mdebug: [0mc_header: w_name=wlr_texture_from_pixels
[1;36mdebug: [0mc_header: parsed function wlr_texture_from_pixels with 6 params (varargs=0) at line 7439
[1;36mdebug: [0mc_header: w_name=wlr_texture_from_dmabuf
[1;36mdebug: [0mc_header: parsed function wlr_texture_from_dmabuf with 2 params (varargs=0) at line 7445
[1;36mdebug: [0mc_header: w_name=wlr_texture_update_from_buffer
[1;36mdebug: [0mc_header: parsed function wlr_texture_update_from_buffer with 3 params (varargs=0) at line 7448
[1;36mdebug: [0mc_header: w_name=wlr_texture_destroy
[1;36mdebug: [0mc_header: parsed function wlr_texture_destroy with 1 params (varargs=0) at line 7453
[1;36mdebug: [0mc_header: w_name=wlr_texture_from_buffer
[1;36mdebug: [0mc_header: parsed function wlr_texture_from_buffer with 2 params (varargs=0) at line 7459
[1;36mdebug: [0mc_header: LOOP START token=1 line=7476 text='uint32_t'
[1;36mdebug: [0mc_header: LOOP START token=81 line=7478 text='struct'
[1;36mdebug: [0mc_header: LOOP START token=81 line=7479 text='struct'
[1;36mdebug: [0mc_header: LOOP START token=81 line=7485 text='struct'
[1;36mdebug: [0mc_header: LOOP START token=81 line=7488 text='struct'
[1;36mdebug: [0mc_header: LOOP START token=89 line=7492 text='bool'
[1;36mdebug: [0mc_header: LOOP START token=59 line=7497 text='const'
[1;36mdebug: [0mc_header: w_name=wlr_renderer_autocreate
[1;36mdebug: [0mc_header: parsed function wlr_renderer_autocreate with 1 params (varargs=0) at line 7506
[1;36mdebug: [0mc_header: w_name=wlr_renderer_get_texture_formats
[1;36mdebug: [0mc_header: parsed function wlr_renderer_get_texture_formats with 2 params (varargs=0) at line 7509
[1;36mdebug: [0mc_header: w_name=wlr_renderer_init_wl_display
[1;36mdebug: [0mc_header: parsed function wlr_renderer_init_wl_display with 2 params (varargs=0) at line 7517
[1;36mdebug: [0mc_header: w_name=wlr_renderer_init_wl_shm
[1;36mdebug: [0mc_header: parsed function wlr_renderer_init_wl_shm with 2 params (varargs=0) at line 7523
[1;36mdebug: [0mc_header: w_name=wlr_renderer_get_drm_fd
[1;36mdebug: [0mc_header: parsed function wlr_renderer_get_drm_fd with 1 params (varargs=0) at line 7530
[1;36mdebug: [0mc_header: w_name=wlr_renderer_destroy
[1;36mdebug: [0mc_header: parsed function wlr_renderer_destroy with 1 params (varargs=0) at line 7537
[1;36mdebug: [0mc_header: w_name=wlr_render_timer_create
[1;36mdebug: [0mc_header: parsed function wlr_render_timer_create with 1 params (varargs=0) at line 7542
[1;36mdebug: [0mc_header: w_name=wlr_render_timer_get_duration_ns
[1;36mdebug: [0mc_header: parsed function wlr_render_timer_get_duration_ns with 1 params (varargs=0) at line 7549
[1;36mdebug: [0mc_header: w_name=wlr_render_timer_destroy
[1;36mdebug: [0mc_header: parsed function wlr_render_timer_destroy with 1 params (varargs=0) at line 7554
[1;36mdebug: [0mc_header: LOOP START token=72
[1;36mdebug: [0mc_header: LOOP START token=1 line=280 text='uint16_t'
[1;36mdebug: [0mc_header: LOOP START token=1 line=281 text='uint16_t'
[1;36mdebug: [0mc_header: LOOP START token=1 line=282 text='uint16_t'
[1;36mdebug: [0mc_header: LOOP START token=1 line=283 text='uint16_t'
[1;36mdebug: [0mc_header: LOOP START token=1 line=288 text='pixman_fixed_t'
[1;36mdebug: [0mc_header: LOOP START token=1 line=289 text='pixman_fixed_t'
[1;36mdebug: [0mc_header: LOOP START token=1 line=294 text='pixman_point_fixed_t'
[1;36mdebug: [0mc_header: LOOP START token=1 line=303 text='pixman_fixed_t'
[1;36mdebug: [0mc_header: LOOP START token=1 line=308 text='pixman_fixed_t'
[1;36mdebug: [0mc_header: w_name=pixman_transform_init_identity
[1;36mdebug: [0mc_header: parsed function pixman_transform_init_identity with 1 params (varargs=0) at line 316
[1;36mdebug: [0mc_header: w_name=pixman_transform_point_3d
[1;36mdebug: [0mc_header: parsed function pixman_transform_point_3d with 2 params (varargs=0) at line 320
[1;36mdebug: [0mc_header: w_name=pixman_transform_point
[1;36mdebug: [0mc_header: parsed function pixman_transform_point with 2 params (varargs=0) at line 324
[1;36mdebug: [0mc_header: w_name=pixman_transform_multiply
[1;36mdebug: [0mc_header: parsed function pixman_transform_multiply with 3 params (varargs=0) at line 329
[1;36mdebug: [0mc_header: w_name=pixman_transform_init_scale
[1;36mdebug: [0mc_header: parsed function pixman_transform_init_scale with 3 params (varargs=0) at line 334
[1;36mdebug: [0mc_header: w_name=pixman_transform_scale
[1;36mdebug: [0mc_header: parsed function pixman_transform_scale with 4 params (varargs=0) at line 340
[1;36mdebug: [0mc_header: w_name=pixman_transform_init_rotate
[1;36mdebug: [0mc_header: parsed function pixman_transform_init_rotate with 3 params (varargs=0) at line 345
[1;36mdebug: [0mc_header: w_name=pixman_transform_rotate
[1;36mdebug: [0mc_header: parsed function pixman_transform_rotate with 4 params (varargs=0) at line 351
[1;36mdebug: [0mc_header: w_name=pixman_transform_init_translate
[1;36mdebug: [0mc_header: parsed function pixman_transform_init_translate with 3 params (varargs=0) at line 356
[1;36mdebug: [0mc_header: w_name=pixman_transform_translate
[1;36mdebug: [0mc_header: parsed function pixman_transform_translate with 4 params (varargs=0) at line 362
[1;36mdebug: [0mc_header: w_name=pixman_transform_bounds
[1;36mdebug: [0mc_header: parsed function pixman_transform_bounds with 2 params (varargs=0) at line 366
[1;36mdebug: [0mc_header: w_name=pixman_transform_invert
[1;36mdebug: [0mc_header: parsed function pixman_transform_invert with 2 params (varargs=0) at line 370
[1;36mdebug: [0mc_header: w_name=pixman_transform_is_identity
[1;36mdebug: [0mc_header: parsed function pixman_transform_is_identity with 1 params (varargs=0) at line 373
[1;36mdebug: [0mc_header: w_name=pixman_transform_is_scale
[1;36mdebug: [0mc_header: parsed function pixman_transform_is_scale with 1 params (varargs=0) at line 376
[1;36mdebug: [0mc_header: w_name=pixman_transform_is_int_translate
[1;36mdebug: [0mc_header: parsed function pixman_transform_is_int_translate with 1 params (varargs=0) at line 379
[1;36mdebug: [0mc_header: w_name=pixman_transform_is_inverse
[1;36mdebug: [0mc_header: parsed function pixman_transform_is_inverse with 2 params (varargs=0) at line 383
[1;36mdebug: [0mc_header: LOOP START token=63 line=393 text='double'
[1;36mdebug: [0mc_header: LOOP START token=63 line=398 text='double'
[1;36mdebug: [0mc_header: w_name=pixman_transform_from_pixman_f_transform
[1;36mdebug: [0mc_header: parsed function pixman_transform_from_pixman_f_transform with 2 params (varargs=0) at line 404
[1;36mdebug: [0mc_header: w_name=pixman_f_transform_from_pixman_transform
[1;36mdebug: [0mc_header: parsed function pixman_f_transform_from_pixman_transform with 2 params (varargs=0) at line 408
[1;36mdebug: [0mc_header: w_name=pixman_f_transform_invert
[1;36mdebug: [0mc_header: parsed function pixman_f_transform_invert with 2 params (varargs=0) at line 412
[1;36mdebug: [0mc_header: w_name=pixman_f_transform_point
[1;36mdebug: [0mc_header: parsed function pixman_f_transform_point with 2 params (varargs=0) at line 416
[1;36mdebug: [0mc_header: w_name=pixman_f_transform_point_3d
[1;36mdebug: [0mc_header: parsed function pixman_f_transform_point_3d with 2 params (varargs=0) at line 420
[1;36mdebug: [0mc_header: w_name=pixman_f_transform_multiply
[1;36mdebug: [0mc_header: parsed function pixman_f_transform_multiply with 3 params (varargs=0) at line 425
[1;36mdebug: [0mc_header: w_name=pixman_f_transform_init_scale
[1;36mdebug: [0mc_header: parsed function pixman_f_transform_init_scale with 3 params (varargs=0) at line 430
[1;36mdebug: [0mc_header: w_name=pixman_f_transform_scale
[1;36mdebug: [0mc_header: parsed function pixman_f_transform_scale with 4 params (varargs=0) at line 436
[1;36mdebug: [0mc_header: w_name=pixman_f_transform_init_rotate
[1;36mdebug: [0mc_header: parsed function pixman_f_transform_init_rotate with 3 params (varargs=0) at line 441
[1;36mdebug: [0mc_header: w_name=pixman_f_transform_rotate
[1;36mdebug: [0mc_header: parsed function pixman_f_transform_rotate with 4 params (varargs=0) at line 447
[1;36mdebug: [0mc_header: w_name=pixman_f_transform_init_translate
[1;36mdebug: [0mc_header: parsed function pixman_f_transform_init_translate with 3 params (varargs=0) at line 452
[1;36mdebug: [0mc_header: w_name=pixman_f_transform_translate
[1;36mdebug: [0mc_header: parsed function pixman_f_transform_translate with 4 params (varargs=0) at line 458
[1;36mdebug: [0mc_header: w_name=pixman_f_transform_bounds
[1;36mdebug: [0mc_header: parsed function pixman_f_transform_bounds with 2 params (varargs=0) at line 462
[1;36mdebug: [0mc_header: w_name=pixman_f_transform_init_identity
[1;36mdebug: [0mc_header: parsed function pixman_f_transform_init_identity with 1 params (varargs=0) at line 465
[1;36mdebug: [0mc_header: LOOP START token=1
[1;36mdebug: [0mc_header: LOOP START token=1
[1;36mdebug: [0mc_header: LOOP START token=1
[1;36mdebug: [0mc_header: LOOP START token=1
[1;36mdebug: [0mc_header: LOOP START token=1
[1;36mdebug: [0mc_header: LOOP START token=1
[1;36mdebug: [0mc_header: LOOP START token=1
[1;36mdebug: [0mc_header: LOOP START token=1
[1;36mdebug: [0mc_header: LOOP START token=1
[1;36mdebug: [0mc_header: LOOP START token=1
[1;36mdebug: [0mc_header: LOOP START token=1
[1;36mdebug: [0mc_header: LOOP START token=1
[1;36mdebug: [0mc_header: LOOP START token=1
[1;36mdebug: [0mc_header: LOOP START token=1
[1;36mdebug: [0mc_header: LOOP START token=1
[1;36mdebug: [0mc_header: LOOP START token=1
[1;36mdebug: [0mc_header: LOOP START token=1
[1;36mdebug: [0mc_header: LOOP START token=1
[1;36mdebug: [0mc_header: LOOP START token=1
[1;36mdebug: [0mc_header: LOOP START token=1
[1;36mdebug: [0mc_header: LOOP START token=1
[1;36mdebug: [0mc_header: LOOP START token=1
[1;36mdebug: [0mc_header: LOOP START token=1
[1;36mdebug: [0mc_header: LOOP START token=1
[1;36mdebug: [0mc_header: LOOP START token=1
[1;36mdebug: [0mc_header: LOOP START token=1
[1;36mdebug: [0mc_header: LOOP START token=1
[1;36mdebug: [0mc_header: LOOP START token=1
[1;36mdebug: [0mc_header: LOOP START token=1
[1;36mdebug: [0mc_header: LOOP START token=1
[1;36mdebug: [0mc_header: LOOP START token=1
[1;36mdebug: [0mc_header: LOOP START token=1
[1;36mdebug: [0mc_header: LOOP START token=1
[1;36mdebug: [0mc_header: LOOP START token=1
[1;36mdebug: [0mc_header: LOOP START token=1
[1;36mdebug: [0mc_header: LOOP START token=1
[1;36mdebug: [0mc_header: LOOP START token=1
[1;36mdebug: [0mc_header: LOOP START token=1
[1;36mdebug: [0mc_header: LOOP START token=1
[1;36mdebug: [0mc_header: LOOP START token=1
[1;36mdebug: [0mc_header: LOOP START token=1
[1;36mdebug: [0mc_header: LOOP START token=1
[1;36mdebug: [0mc_header: LOOP START token=1
[1;36mdebug: [0mc_header: LOOP START token=1
[1;36mdebug: [0mc_header: LOOP START token=1
[1;36mdebug: [0mc_header: LOOP START token=1
[1;36mdebug: [0mc_header: LOOP START token=1
[1;36mdebug: [0mc_header: LOOP START token=1
[1;36mdebug: [0mc_header: LOOP START token=1
[1;36mdebug: [0mc_header: LOOP START token=1
[1;36mdebug: [0mc_header: LOOP START token=1
[1;36mdebug: [0mc_header: LOOP START token=1
[1;36mdebug: [0mc_header: LOOP START token=1
[1;36mdebug: [0mc_header: LOOP START token=1
[1;36mdebug: [0mc_header: LOOP START token=1
[1;36mdebug: [0mc_header: LOOP START token=1
[1;36mdebug: [0mc_header: LOOP START token=1
[1;36mdebug: [0mc_header: LOOP START token=1
[1;36mdebug: [0mc_header: LOOP START token=1
[1;36mdebug: [0mc_header: LOOP START token=1
[1;36mdebug: [0mc_header: LOOP START token=1
[1;36mdebug: [0mc_header: LOOP START token=1
[1;36mdebug: [0mc_header: LOOP START token=1
[1;36mdebug: [0mc_header: LOOP START token=1
[1;36mdebug: [0mc_header: LOOP START token=1
[1;36mdebug: [0mc_header: LOOP START token=1
[1;36mdebug: [0mc_header: LOOP START token=1
[1;36mdebug: [0mc_header: LOOP START token=1
[1;36mdebug: [0mc_header: LOOP START token=1
[1;36mdebug: [0mc_header: LOOP START token=1
[1;36mdebug: [0mc_header: LOOP START token=73 line=572 text='long'
[1;36mdebug: [0mc_header: LOOP START token=73 line=573 text='long'
[1;36mdebug: [0mc_header: LOOP START token=1 line=579 text='int16_t'
[1;36mdebug: [0mc_header: LOOP START token=1 line=580 text='uint16_t'
[1;36mdebug: [0mc_header: LOOP START token=1 line=585 text='int16_t'
[1;36mdebug: [0mc_header: LOOP START token=1 line=590 text='pixman_box16_t'
[1;36mdebug: [0mc_header: LOOP START token=1 line=591 text='pixman_region16_data_t'
[1;36mdebug: [0mc_header: LOOP START token=1
[1;36mdebug: [0mc_header: LOOP START token=1
[1;36mdebug: [0mc_header: LOOP START token=1
[1;36mdebug: [0mc_header: w_name=pixman_region_set_static_pointers
[1;36mdebug: [0mc_header: parsed function pixman_region_set_static_pointers with 3 params (varargs=0) at line 607
[1;36mdebug: [0mc_header: w_name=pixman_region_init
[1;36mdebug: [0mc_header: parsed function pixman_region_init with 1 params (varargs=0) at line 611
[1;36mdebug: [0mc_header: w_name=pixman_region_init_rect
[1;36mdebug: [0mc_header: parsed function pixman_region_init_rect with 5 params (varargs=0) at line 618
[1;36mdebug: [0mc_header: w_name=pixman_region_init_rects
[1;36mdebug: [0mc_header: parsed function pixman_region_init_rects with 3 params (varargs=0) at line 623
[1;36mdebug: [0mc_header: w_name=pixman_region_init_with_extents
[1;36mdebug: [0mc_header: parsed function pixman_region_init_with_extents with 2 params (varargs=0) at line 627
[1;36mdebug: [0mc_header: w_name=pixman_region_init_from_image
[1;36mdebug: [0mc_header: parsed function pixman_region_init_from_image with 2 params (varargs=0) at line 631
[1;36mdebug: [0mc_header: w_name=pixman_region_fini
[1;36mdebug: [0mc_header: parsed function pixman_region_fini with 1 params (varargs=0) at line 634
[1;36mdebug: [0mc_header: w_name=pixman_region_translate
[1;36mdebug: [0mc_header: parsed function pixman_region_translate with 3 params (varargs=0) at line 641
[1;36mdebug: [0mc_header: w_name=pixman_region_copy
[1;36mdebug: [0mc_header: parsed function pixman_region_copy with 2 params (varargs=0) at line 645
[1;36mdebug: [0mc_header: w_name=pixman_region_intersect
[1;36mdebug: [0mc_header: parsed function pixman_region_intersect with 3 params (varargs=0) at line 650
[1;36mdebug: [0mc_header: w_name=pixman_region_union
[1;36mdebug: [0mc_header: parsed function pixman_region_union with 3 params (varargs=0) at line 655
[1;36mdebug: [0mc_header: w_name=pixman_region_union_rect
[1;36mdebug: [0mc_header: parsed function pixman_region_union_rect with 6 params (varargs=0) at line 663
[1;36mdebug: [0mc_header: w_name=pixman_region_intersect_rect
[1;36mdebug: [0mc_header: parsed function pixman_region_intersect_rect with 6 params (varargs=0) at line 671
[1;36mdebug: [0mc_header: w_name=pixman_region_subtract
[1;36mdebug: [0mc_header: parsed function pixman_region_subtract with 3 params (varargs=0) at line 676
[1;36mdebug: [0mc_header: w_name=pixman_region_inverse
[1;36mdebug: [0mc_header: parsed function pixman_region_inverse with 3 params (varargs=0) at line 681
[1;36mdebug: [0mc_header: w_name=pixman_region_contains_point
[1;36mdebug: [0mc_header: parsed function pixman_region_contains_point with 4 params (varargs=0) at line 687
[1;36mdebug: [0mc_header: w_name=pixman_region_contains_rectangle
[1;36mdebug: [0mc_header: parsed function pixman_region_contains_rectangle with 2 params (varargs=0) at line 691
[1;36mdebug: [0mc_header: w_name=pixman_region_empty
[1;36mdebug: [0mc_header: parsed function pixman_region_empty with 1 params (varargs=0) at line 694
[1;36mdebug: [0mc_header: w_name=pixman_region_not_empty
[1;36mdebug: [0mc_header: parsed function pixman_region_not_empty with 1 params (varargs=0) at line 697
[1;36mdebug: [0mc_header: w_name=pixman_region_extents
[1;36mdebug: [0mc_header: parsed function pixman_region_extents with 1 params (varargs=0) at line 700
[1;36mdebug: [0mc_header: w_name=pixman_region_n_rects
[1;36mdebug: [0mc_header: parsed function pixman_region_n_rects with 1 params (varargs=0) at line 703
[1;36mdebug: [0mc_header: w_name=pixman_region_rectangles
[1;36mdebug: [0mc_header: parsed function pixman_region_rectangles with 2 params (varargs=0) at line 707
[1;36mdebug: [0mc_header: w_name=pixman_region_equal
[1;36mdebug: [0mc_header: parsed function pixman_region_equal with 2 params (varargs=0) at line 711
[1;36mdebug: [0mc_header: w_name=pixman_region_selfcheck
[1;36mdebug: [0mc_header: parsed function pixman_region_selfcheck with 1 params (varargs=0) at line 714
[1;36mdebug: [0mc_header: w_name=pixman_region_reset
[1;36mdebug: [0mc_header: parsed function pixman_region_reset with 2 params (varargs=0) at line 718
[1;36mdebug: [0mc_header: w_name=pixman_region_clear
[1;36mdebug: [0mc_header: parsed function pixman_region_clear with 1 params (varargs=0) at line 721
[1;36mdebug: [0mc_header: LOOP START token=73 line=731 text='long'
[1;36mdebug: [0mc_header: LOOP START token=73 line=732 text='long'
[1;36mdebug: [0mc_header: LOOP START token=1 line=738 text='int32_t'
[1;36mdebug: [0mc_header: LOOP START token=1 line=739 text='uint32_t'
[1;36mdebug: [0mc_header: LOOP START token=1 line=744 text='int32_t'
[1;36mdebug: [0mc_header: LOOP START token=1 line=749 text='pixman_box32_t'
[1;36mdebug: [0mc_header: LOOP START token=1 line=750 text='pixman_region32_data_t'
[1;36mdebug: [0mc_header: w_name=pixman_region32_init
[1;36mdebug: [0mc_header: parsed function pixman_region32_init with 1 params (varargs=0) at line 755
[1;36mdebug: [0mc_header: w_name=pixman_region32_init_rect
[1;36mdebug: [0mc_header: parsed function pixman_region32_init_rect with 5 params (varargs=0) at line 762
[1;36mdebug: [0mc_header: w_name=pixman_region32_init_rects
[1;36mdebug: [0mc_header: parsed function pixman_region32_init_rects with 3 params (varargs=0) at line 767
[1;36mdebug: [0mc_header: w_name=pixman_region32_init_with_extents
[1;36mdebug: [0mc_header: parsed function pixman_region32_init_with_extents with 2 params (varargs=0) at line 771
[1;36mdebug: [0mc_header: w_name=pixman_region32_init_from_image
[1;36mdebug: [0mc_header: parsed function pixman_region32_init_from_image with 2 params (varargs=0) at line 775
[1;36mdebug: [0mc_header: w_name=pixman_region32_fini
[1;36mdebug: [0mc_header: parsed function pixman_region32_fini with 1 params (varargs=0) at line 778
[1;36mdebug: [0mc_header: w_name=pixman_region32_translate
[1;36mdebug: [0mc_header: parsed function pixman_region32_translate with 3 params (varargs=0) at line 785
[1;36mdebug: [0mc_header: w_name=pixman_region32_copy
[1;36mdebug: [0mc_header: parsed function pixman_region32_copy with 2 params (varargs=0) at line 789
[1;36mdebug: [0mc_header: w_name=pixman_region32_intersect
[1;36mdebug: [0mc_header: parsed function pixman_region32_intersect with 3 params (varargs=0) at line 794
[1;36mdebug: [0mc_header: w_name=pixman_region32_union
[1;36mdebug: [0mc_header: parsed function pixman_region32_union with 3 params (varargs=0) at line 799
[1;36mdebug: [0mc_header: w_name=pixman_region32_intersect_rect
[1;36mdebug: [0mc_header: parsed function pixman_region32_intersect_rect with 6 params (varargs=0) at line 807
[1;36mdebug: [0mc_header: w_name=pixman_region32_union_rect
[1;36mdebug: [0mc_header: parsed function pixman_region32_union_rect with 6 params (varargs=0) at line 815
[1;36mdebug: [0mc_header: w_name=pixman_region32_subtract
[1;36mdebug: [0mc_header: parsed function pixman_region32_subtract with 3 params (varargs=0) at line 820
[1;36mdebug: [0mc_header: w_name=pixman_region32_inverse
[1;36mdebug: [0mc_header: parsed function pixman_region32_inverse with 3 params (varargs=0) at line 825
[1;36mdebug: [0mc_header: w_name=pixman_region32_contains_point
[1;36mdebug: [0mc_header: parsed function pixman_region32_contains_point with 4 params (varargs=0) at line 831
[1;36mdebug: [0mc_header: w_name=pixman_region32_contains_rectangle
[1;36mdebug: [0mc_header: parsed function pixman_region32_contains_rectangle with 2 params (varargs=0) at line 835
[1;36mdebug: [0mc_header: w_name=pixman_region32_empty
[1;36mdebug: [0mc_header: parsed function pixman_region32_empty with 1 params (varargs=0) at line 838
[1;36mdebug: [0mc_header: w_name=pixman_region32_not_empty
[1;36mdebug: [0mc_header: parsed function pixman_region32_not_empty with 1 params (varargs=0) at line 841
[1;36mdebug: [0mc_header: w_name=pixman_region32_extents
[1;36mdebug: [0mc_header: parsed function pixman_region32_extents with 1 params (varargs=0) at line 844
[1;36mdebug: [0mc_header: w_name=pixman_region32_n_rects
[1;36mdebug: [0mc_header: parsed function pixman_region32_n_rects with 1 params (varargs=0) at line 847
[1;36mdebug: [0mc_header: w_name=pixman_region32_rectangles
[1;36mdebug: [0mc_header: parsed function pixman_region32_rectangles with 2 params (varargs=0) at line 851
[1;36mdebug: [0mc_header: w_name=pixman_region32_equal
[1;36mdebug: [0mc_header: parsed function pixman_region32_equal with 2 params (varargs=0) at line 855
[1;36mdebug: [0mc_header: w_name=pixman_region32_selfcheck
[1;36mdebug: [0mc_header: parsed function pixman_region32_selfcheck with 1 params (varargs=0) at line 858
[1;36mdebug: [0mc_header: w_name=pixman_region32_reset
[1;36mdebug: [0mc_header: parsed function pixman_region32_reset with 2 params (varargs=0) at line 862
[1;36mdebug: [0mc_header: w_name=pixman_region32_clear
[1;36mdebug: [0mc_header: parsed function pixman_region32_clear with 1 params (varargs=0) at line 865
[1;36mdebug: [0mc_header: LOOP START token=73 line=875 text='long'
[1;36mdebug: [0mc_header: LOOP START token=73 line=876 text='long'
[1;36mdebug: [0mc_header: LOOP START token=63 line=882 text='double'
[1;36mdebug: [0mc_header: LOOP START token=63 line=883 text='double'
[1;36mdebug: [0mc_header: LOOP START token=63 line=888 text='double'
[1;36mdebug: [0mc_header: LOOP START token=1 line=893 text='pixman_box64f_t'
[1;36mdebug: [0mc_header: LOOP START token=1 line=894 text='pixman_region64f_data_t'
[1;36mdebug: [0mc_header: w_name=pixman_region64f_init
[1;36mdebug: [0mc_header: parsed function pixman_region64f_init with 1 params (varargs=0) at line 899
[1;36mdebug: [0mc_header: w_name=pixman_region64f_init_rect
[1;36mdebug: [0mc_header: parsed function pixman_region64f_init_rect with 5 params (varargs=0) at line 906
[1;36mdebug: [0mc_header: w_name=pixman_region64f_init_rectf
[1;36mdebug: [0mc_header: parsed function pixman_region64f_init_rectf with 5 params (varargs=0) at line 913
[1;36mdebug: [0mc_header: w_name=pixman_region64f_init_rects
[1;36mdebug: [0mc_header: parsed function pixman_region64f_init_rects with 3 params (varargs=0) at line 918
[1;36mdebug: [0mc_header: w_name=pixman_region64f_init_with_extents
[1;36mdebug: [0mc_header: parsed function pixman_region64f_init_with_extents with 2 params (varargs=0) at line 922
[1;36mdebug: [0mc_header: w_name=pixman_region64f_init_from_image
[1;36mdebug: [0mc_header: parsed function pixman_region64f_init_from_image with 2 params (varargs=0) at line 926
[1;36mdebug: [0mc_header: w_name=pixman_region64f_fini
[1;36mdebug: [0mc_header: parsed function pixman_region64f_fini with 1 params (varargs=0) at line 929
[1;36mdebug: [0mc_header: w_name=pixman_region64f_translate
[1;36mdebug: [0mc_header: parsed function pixman_region64f_translate with 3 params (varargs=0) at line 936
[1;36mdebug: [0mc_header: w_name=pixman_region64f_translatef
[1;36mdebug: [0mc_header: parsed function pixman_region64f_translatef with 3 params (varargs=0) at line 941
[1;36mdebug: [0mc_header: w_name=pixman_region64f_copy
[1;36mdebug: [0mc_header: parsed function pixman_region64f_copy with 2 params (varargs=0) at line 945
[1;36mdebug: [0mc_header: w_name=pixman_region64f_intersect
[1;36mdebug: [0mc_header: parsed function pixman_region64f_intersect with 3 params (varargs=0) at line 950
[1;36mdebug: [0mc_header: w_name=pixman_region64f_union
[1;36mdebug: [0mc_header: parsed function pixman_region64f_union with 3 params (varargs=0) at line 955
[1;36mdebug: [0mc_header: w_name=pixman_region64f_intersect_rect
[1;36mdebug: [0mc_header: parsed function pixman_region64f_intersect_rect with 6 params (varargs=0) at line 963
[1;36mdebug: [0mc_header: w_name=pixman_region64f_intersect_rectf
[1;36mdebug: [0mc_header: parsed function pixman_region64f_intersect_rectf with 6 params (varargs=0) at line 971
[1;36mdebug: [0mc_header: w_name=pixman_region64f_union_rect
[1;36mdebug: [0mc_header: parsed function pixman_region64f_union_rect with 6 params (varargs=0) at line 979
[1;36mdebug: [0mc_header: w_name=pixman_region64f_union_rectf
[1;36mdebug: [0mc_header: parsed function pixman_region64f_union_rectf with 6 params (varargs=0) at line 987
[1;36mdebug: [0mc_header: w_name=pixman_region64f_subtract
[1;36mdebug: [0mc_header: parsed function pixman_region64f_subtract with 3 params (varargs=0) at line 992
[1;36mdebug: [0mc_header: w_name=pixman_region64f_inverse
[1;36mdebug: [0mc_header: parsed function pixman_region64f_inverse with 3 params (varargs=0) at line 997
[1;36mdebug: [0mc_header: w_name=pixman_region64f_contains_point
[1;36mdebug: [0mc_header: parsed function pixman_region64f_contains_point with 4 params (varargs=0) at line 1003
[1;36mdebug: [0mc_header: w_name=pixman_region64f_contains_pointf
[1;36mdebug: [0mc_header: parsed function pixman_region64f_contains_pointf with 4 params (varargs=0) at line 1009
[1;36mdebug: [0mc_header: w_name=pixman_region64f_contains_rectangle
[1;36mdebug: [0mc_header: parsed function pixman_region64f_contains_rectangle with 2 params (varargs=0) at line 1013
[1;36mdebug: [0mc_header: w_name=pixman_region64f_empty
[1;36mdebug: [0mc_header: parsed function pixman_region64f_empty with 1 params (varargs=0) at line 1016
[1;36mdebug: [0mc_header: w_name=pixman_region64f_not_empty
[1;36mdebug: [0mc_header: parsed function pixman_region64f_not_empty with 1 params (varargs=0) at line 1019
[1;36mdebug: [0mc_header: w_name=pixman_region64f_extents
[1;36mdebug: [0mc_header: parsed function pixman_region64f_extents with 1 params (varargs=0) at line 1022
[1;36mdebug: [0mc_header: w_name=pixman_region64f_n_rects
[1;36mdebug: [0mc_header: parsed function pixman_region64f_n_rects with 1 params (varargs=0) at line 1025
[1;36mdebug: [0mc_header: w_name=pixman_region64f_rectangles
[1;36mdebug: [0mc_header: parsed function pixman_region64f_rectangles with 2 params (varargs=0) at line 1029
[1;36mdebug: [0mc_header: w_name=pixman_region64f_equal
[1;36mdebug: [0mc_header: parsed function pixman_region64f_equal with 2 params (varargs=0) at line 1033
[1;36mdebug: [0mc_header: w_name=pixman_region64f_selfcheck
[1;36mdebug: [0mc_header: parsed function pixman_region64f_selfcheck with 1 params (varargs=0) at line 1036
[1;36mdebug: [0mc_header: w_name=pixman_region64f_reset
[1;36mdebug: [0mc_header: parsed function pixman_region64f_reset with 2 params (varargs=0) at line 1040
[1;36mdebug: [0mc_header: w_name=pixman_region64f_clear
[1;36mdebug: [0mc_header: parsed function pixman_region64f_clear with 1 params (varargs=0) at line 1043
[1;36mdebug: [0mc_header: w_name=pixman_blt
[1;36mdebug: [0mc_header: parsed function pixman_blt with 12 params (varargs=0) at line 1059
[1;36mdebug: [0mc_header: w_name=pixman_fill
[1;36mdebug: [0mc_header: parsed function pixman_fill with 8 params (varargs=0) at line 1069
[1;36mdebug: [0mc_header: w_name=pixman_version
[1;36mdebug: [0mc_header: parsed function pixman_version with 0 params (varargs=0) at line 1073
[1;36mdebug: [0mc_header: w_name=pixman_version_string
[1;36mdebug: [0mc_header: parsed function pixman_version_string with 0 params (varargs=0) at line 1076
[1;36mdebug: [0mc_header: LOOP START token=1 line=1090 text='pixman_fixed_t'
[1;36mdebug: [0mc_header: LOOP START token=1 line=1091 text='pixman_color_t'
[1;36mdebug: [0mc_header: LOOP START token=1 line=1102 text='pixman_bool_t'
[1;36mdebug: [0mc_header: LOOP START token=1 line=1103 text='uint32_t'
[1;36mdebug: [0mc_header: LOOP START token=1 line=1104 text='pixman_index_type'
[1;36mdebug: [0mc_header: LOOP START token=1
[1;36mdebug: [0mc_header: LOOP START token=1
[1;36mdebug: [0mc_header: LOOP START token=1
[1;36mdebug: [0mc_header: LOOP START token=1
[1;36mdebug: [0mc_header: LOOP START token=1
[1;36mdebug: [0mc_header: LOOP START token=1
[1;36mdebug: [0mc_header: LOOP START token=1
[1;36mdebug: [0mc_header: LOOP START token=1
[1;36mdebug: [0mc_header: LOOP START token=1
[1;36mdebug: [0mc_header: LOOP START token=1
[1;36mdebug: [0mc_header: LOOP START token=1
[1;36mdebug: [0mc_header: LOOP START token=1
[1;36mdebug: [0mc_header: LOOP START token=1
[1;36mdebug: [0mc_header: LOOP START token=1
[1;36mdebug: [0mc_header: LOOP START token=1
[1;36mdebug: [0mc_header: LOOP START token=1
[1;36mdebug: [0mc_header: LOOP START token=1
[1;36mdebug: [0mc_header: LOOP START token=1
[1;36mdebug: [0mc_header: LOOP START token=1
[1;36mdebug: [0mc_header: LOOP START token=1
[1;36mdebug: [0mc_header: LOOP START token=1
[1;36mdebug: [0mc_header: LOOP START token=1
[1;36mdebug: [0mc_header: LOOP START token=1
[1;36mdebug: [0mc_header: LOOP START token=1
[1;36mdebug: [0mc_header: LOOP START token=1
[1;36mdebug: [0mc_header: LOOP START token=1
[1;36mdebug: [0mc_header: LOOP START token=1
[1;36mdebug: [0mc_header: LOOP START token=1
[1;36mdebug: [0mc_header: LOOP START token=1
[1;36mdebug: [0mc_header: LOOP START token=1
[1;36mdebug: [0mc_header: LOOP START token=1
[1;36mdebug: [0mc_header: LOOP START token=1
[1;36mdebug: [0mc_header: LOOP START token=1
[1;36mdebug: [0mc_header: LOOP START token=1
[1;36mdebug: [0mc_header: LOOP START token=1
[1;36mdebug: [0mc_header: LOOP START token=1
[1;36mdebug: [0mc_header: LOOP START token=1
[1;36mdebug: [0mc_header: LOOP START token=1
[1;36mdebug: [0mc_header: LOOP START token=1
[1;36mdebug: [0mc_header: LOOP START token=1
[1;36mdebug: [0mc_header: LOOP START token=1
[1;36mdebug: [0mc_header: LOOP START token=1
[1;36mdebug: [0mc_header: LOOP START token=1
[1;36mdebug: [0mc_header: LOOP START token=1
[1;36mdebug: [0mc_header: LOOP START token=1
[1;36mdebug: [0mc_header: LOOP START token=1
[1;36mdebug: [0mc_header: LOOP START token=1
[1;36mdebug: [0mc_header: LOOP START token=1
[1;36mdebug: [0mc_header: LOOP START token=1
[1;36mdebug: [0mc_header: LOOP START token=1
[1;36mdebug: [0mc_header: LOOP START token=1
[1;36mdebug: [0mc_header: w_name=pixman_format_supported_destination
[1;36mdebug: [0mc_header: parsed function pixman_format_supported_destination with 1 params (varargs=0) at line 1190
[1;36mdebug: [0mc_header: w_name=pixman_format_supported_source
[1;36mdebug: [0mc_header: parsed function pixman_format_supported_source with 1 params (varargs=0) at line 1193
[1;36mdebug: [0mc_header: w_name=pixman_image_create_solid_fill
[1;36mdebug: [0mc_header: parsed function pixman_image_create_solid_fill with 1 params (varargs=0) at line 1197
[1;36mdebug: [0mc_header: w_name=pixman_image_create_linear_gradient
[1;36mdebug: [0mc_header: parsed function pixman_image_create_linear_gradient with 4 params (varargs=0) at line 1203
[1;36mdebug: [0mc_header: w_name=pixman_image_create_radial_gradient
[1;36mdebug: [0mc_header: parsed function pixman_image_create_radial_gradient with 6 params (varargs=0) at line 1211
[1;36mdebug: [0mc_header: w_name=pixman_image_create_conical_gradient
[1;36mdebug: [0mc_header: parsed function pixman_image_create_conical_gradient with 4 params (varargs=0) at line 1217
[1;36mdebug: [0mc_header: w_name=pixman_image_create_bits
[1;36mdebug: [0mc_header: parsed function pixman_image_create_bits with 5 params (varargs=0) at line 1224
[1;36mdebug: [0mc_header: w_name=pixman_image_create_bits_no_clear
[1;36mdebug: [0mc_header: parsed function pixman_image_create_bits_no_clear with 5 params (varargs=0) at line 1231
[1;36mdebug: [0mc_header: w_name=pixman_image_ref
[1;36mdebug: [0mc_header: parsed function pixman_image_ref with 1 params (varargs=0) at line 1235
[1;36mdebug: [0mc_header: w_name=pixman_image_unref
[1;36mdebug: [0mc_header: parsed function pixman_image_unref with 1 params (varargs=0) at line 1238
[1;36mdebug: [0mc_header: w_name=pixman_image_set_destroy_function
[1;36mdebug: [0mc_header: parsed function pixman_image_set_destroy_function with 3 params (varargs=0) at line 1244
[1;36mdebug: [0mc_header: w_name=pixman_image_get_destroy_data
[1;36mdebug: [0mc_header: parsed function pixman_image_get_destroy_data with 1 params (varargs=0) at line 1247
[1;36mdebug: [0mc_header: w_name=pixman_image_set_clip_region
[1;36mdebug: [0mc_header: parsed function pixman_image_set_clip_region with 2 params (varargs=0) at line 1252
[1;36mdebug: [0mc_header: w_name=pixman_image_set_clip_region32
[1;36mdebug: [0mc_header: parsed function pixman_image_set_clip_region32 with 2 params (varargs=0) at line 1256
[1;36mdebug: [0mc_header: w_name=pixman_image_set_clip_region64f
[1;36mdebug: [0mc_header: parsed function pixman_image_set_clip_region64f with 2 params (varargs=0) at line 1260
[1;36mdebug: [0mc_header: w_name=pixman_image_set_has_client_clip
[1;36mdebug: [0mc_header: parsed function pixman_image_set_has_client_clip with 2 params (varargs=0) at line 1264
[1;36mdebug: [0mc_header: w_name=pixman_image_set_transform
[1;36mdebug: [0mc_header: parsed function pixman_image_set_transform with 2 params (varargs=0) at line 1268
[1;36mdebug: [0mc_header: w_name=pixman_image_set_repeat
[1;36mdebug: [0mc_header: parsed function pixman_image_set_repeat with 2 params (varargs=0) at line 1272
[1;36mdebug: [0mc_header: w_name=pixman_image_set_dither
[1;36mdebug: [0mc_header: parsed function pixman_image_set_dither with 2 params (varargs=0) at line 1276
[1;36mdebug: [0mc_header: w_name=pixman_image_set_dither_offset
[1;36mdebug: [0mc_header: parsed function pixman_image_set_dither_offset with 3 params (varargs=0) at line 1281
[1;36mdebug: [0mc_header: w_name=pixman_image_set_filter
[1;36mdebug: [0mc_header: parsed function pixman_image_set_filter with 4 params (varargs=0) at line 1287
[1;36mdebug: [0mc_header: w_name=pixman_image_set_source_clipping
[1;36mdebug: [0mc_header: parsed function pixman_image_set_source_clipping with 2 params (varargs=0) at line 1291
[1;36mdebug: [0mc_header: w_name=pixman_image_set_alpha_map
[1;36mdebug: [0mc_header: parsed function pixman_image_set_alpha_map with 4 params (varargs=0) at line 1297
[1;36mdebug: [0mc_header: w_name=pixman_image_set_component_alpha
[1;36mdebug: [0mc_header: parsed function pixman_image_set_component_alpha with 2 params (varargs=0) at line 1301
[1;36mdebug: [0mc_header: w_name=pixman_image_get_component_alpha
[1;36mdebug: [0mc_header: parsed function pixman_image_get_component_alpha with 1 params (varargs=0) at line 1304
[1;36mdebug: [0mc_header: w_name=pixman_image_set_accessors
[1;36mdebug: [0mc_header: parsed function pixman_image_set_accessors with 3 params (varargs=0) at line 1309
[1;36mdebug: [0mc_header: w_name=pixman_image_set_indexed
[1;36mdebug: [0mc_header: parsed function pixman_image_set_indexed with 2 params (varargs=0) at line 1313
[1;36mdebug: [0mc_header: w_name=pixman_image_get_data
[1;36mdebug: [0mc_header: parsed function pixman_image_get_data with 1 params (varargs=0) at line 1316
[1;36mdebug: [0mc_header: w_name=pixman_image_get_width
[1;36mdebug: [0mc_header: parsed function pixman_image_get_width with 1 params (varargs=0) at line 1319
[1;36mdebug: [0mc_header: w_name=pixman_image_get_height
[1;36mdebug: [0mc_header: parsed function pixman_image_get_height with 1 params (varargs=0) at line 1322
[1;36mdebug: [0mc_header: w_name=pixman_image_get_stride
[1;36mdebug: [0mc_header: parsed function pixman_image_get_stride with 1 params (varargs=0) at line 1325
[1;36mdebug: [0mc_header: w_name=pixman_image_get_depth
[1;36mdebug: [0mc_header: parsed function pixman_image_get_depth with 1 params (varargs=0) at line 1328
[1;36mdebug: [0mc_header: w_name=pixman_image_get_format
[1;36mdebug: [0mc_header: parsed function pixman_image_get_format with 1 params (varargs=0) at line 1331
[1;36mdebug: [0mc_header: LOOP START token=1
[1;36mdebug: [0mc_header: LOOP START token=1
[1;36mdebug: [0mc_header: LOOP START token=1
[1;36mdebug: [0mc_header: LOOP START token=1
[1;36mdebug: [0mc_header: LOOP START token=1
[1;36mdebug: [0mc_header: LOOP START token=1
[1;36mdebug: [0mc_header: LOOP START token=1
[1;36mdebug: [0mc_header: LOOP START token=1
[1;36mdebug: [0mc_header: w_name=pixman_filter_create_separable_convolution
[1;36mdebug: [0mc_header: parsed function pixman_filter_create_separable_convolution with 9 params (varargs=0) at line 1358
[1;36mdebug: [0mc_header: w_name=pixman_image_fill_rectangles
[1;36mdebug: [0mc_header: parsed function pixman_image_fill_rectangles with 5 params (varargs=0) at line 1366
[1;36mdebug: [0mc_header: w_name=pixman_image_fill_boxes
[1;36mdebug: [0mc_header: parsed function pixman_image_fill_boxes with 5 params (varargs=0) at line 1373
[1;36mdebug: [0mc_header: w_name=pixman_compute_composite_region
[1;36mdebug: [0mc_header: parsed function pixman_compute_composite_region with 12 params (varargs=0) at line 1388
[1;36mdebug: [0mc_header: w_name=pixman_image_composite
[1;36mdebug: [0mc_header: parsed function pixman_image_composite with 12 params (varargs=0) at line 1402
[1;36mdebug: [0mc_header: w_name=pixman_image_composite32
[1;36mdebug: [0mc_header: parsed function pixman_image_composite32 with 12 params (varargs=0) at line 1416
[1;36mdebug: [0mc_header: w_name=pixman_image_composite64f
[1;36mdebug: [0mc_header: parsed function pixman_image_composite64f with 12 params (varargs=0) at line 1430
[1;36mdebug: [0mc_header: w_name=pixman_disable_out_of_bounds_workaround
[1;36mdebug: [0mc_header: parsed function pixman_disable_out_of_bounds_workaround with 0 params (varargs=0) at line 1433
[1;36mdebug: [0mc_header: LOOP START token=72
[1;36mdebug: [0mc_header: LOOP START token=1
[1;36mdebug: [0mc_header: LOOP START token=59
[1;36mdebug: [0mc_header: w_name=pixman_glyph_cache_create
[1;36mdebug: [0mc_header: parsed function pixman_glyph_cache_create with 0 params (varargs=0) at line 1446
[1;36mdebug: [0mc_header: w_name=pixman_glyph_cache_destroy
[1;36mdebug: [0mc_header: parsed function pixman_glyph_cache_destroy with 1 params (varargs=0) at line 1449
[1;36mdebug: [0mc_header: w_name=pixman_glyph_cache_freeze
[1;36mdebug: [0mc_header: parsed function pixman_glyph_cache_freeze with 1 params (varargs=0) at line 1452
[1;36mdebug: [0mc_header: w_name=pixman_glyph_cache_thaw
[1;36mdebug: [0mc_header: parsed function pixman_glyph_cache_thaw with 1 params (varargs=0) at line 1455
[1;36mdebug: [0mc_header: w_name=pixman_glyph_cache_lookup
[1;36mdebug: [0mc_header: parsed function pixman_glyph_cache_lookup with 3 params (varargs=0) at line 1460
[1;36mdebug: [0mc_header: w_name=pixman_glyph_cache_insert
[1;36mdebug: [0mc_header: parsed function pixman_glyph_cache_insert with 6 params (varargs=0) at line 1468
[1;36mdebug: [0mc_header: w_name=pixman_glyph_cache_remove
[1;36mdebug: [0mc_header: parsed function pixman_glyph_cache_remove with 3 params (varargs=0) at line 1473
[1;36mdebug: [0mc_header: w_name=pixman_glyph_get_extents
[1;36mdebug: [0mc_header: parsed function pixman_glyph_get_extents with 4 params (varargs=0) at line 1479
[1;36mdebug: [0mc_header: w_name=pixman_glyph_get_mask_format
[1;36mdebug: [0mc_header: parsed function pixman_glyph_get_mask_format with 3 params (varargs=0) at line 1484
[1;36mdebug: [0mc_header: w_name=pixman_composite_glyphs
[1;36mdebug: [0mc_header: parsed function pixman_composite_glyphs with 15 params (varargs=0) at line 1501
[1;36mdebug: [0mc_header: w_name=pixman_composite_glyphs_no_mask
[1;36mdebug: [0mc_header: parsed function pixman_composite_glyphs_no_mask with 10 params (varargs=0) at line 1513
[1;36mdebug: [0mc_header: LOOP START token=1 line=1531 text='pixman_fixed_t'
[1;36mdebug: [0mc_header: LOOP START token=1 line=1532 text='pixman_fixed_t'
[1;36mdebug: [0mc_header: LOOP START token=1 line=1533 text='pixman_fixed_t'
[1;36mdebug: [0mc_header: LOOP START token=1 line=1534 text='pixman_fixed_t'
[1;36mdebug: [0mc_header: LOOP START token=1 line=1535 text='pixman_fixed_t'
[1;36mdebug: [0mc_header: LOOP START token=1 line=1536 text='pixman_fixed_t'
[1;36mdebug: [0mc_header: LOOP START token=1 line=1538 text='pixman_fixed_t'
[1;36mdebug: [0mc_header: LOOP START token=1 line=1539 text='pixman_fixed_t'
[1;36mdebug: [0mc_header: LOOP START token=1 line=1540 text='pixman_fixed_t'
[1;36mdebug: [0mc_header: LOOP START token=1 line=1541 text='pixman_fixed_t'
[1;36mdebug: [0mc_header: LOOP START token=1 line=1546 text='pixman_fixed_t'
[1;36mdebug: [0mc_header: LOOP START token=1 line=1547 text='pixman_line_fixed_t'
[1;36mdebug: [0mc_header: LOOP START token=1 line=1552 text='pixman_point_fixed_t'
[1;36mdebug: [0mc_header: LOOP START token=1 line=1563 text='pixman_fixed_t'
[1;36mdebug: [0mc_header: LOOP START token=1 line=1568 text='pixman_span_fix_t'
[1;36mdebug: [0mc_header: w_name=pixman_sample_ceil_y
[1;36mdebug: [0mc_header: parsed function pixman_sample_ceil_y with 2 params (varargs=0) at line 1573
[1;36mdebug: [0mc_header: w_name=pixman_sample_floor_y
[1;36mdebug: [0mc_header: parsed function pixman_sample_floor_y with 2 params (varargs=0) at line 1577
[1;36mdebug: [0mc_header: w_name=pixman_edge_step
[1;36mdebug: [0mc_header: parsed function pixman_edge_step with 2 params (varargs=0) at line 1581
[1;36mdebug: [0mc_header: w_name=pixman_edge_init
[1;36mdebug: [0mc_header: parsed function pixman_edge_init with 7 params (varargs=0) at line 1590
[1;36mdebug: [0mc_header: w_name=pixman_line_fixed_edge_init
[1;36mdebug: [0mc_header: parsed function pixman_line_fixed_edge_init with 6 params (varargs=0) at line 1598
[1;36mdebug: [0mc_header: w_name=pixman_rasterize_edges
[1;36mdebug: [0mc_header: parsed function pixman_rasterize_edges with 5 params (varargs=0) at line 1605
[1;36mdebug: [0mc_header: w_name=pixman_add_traps
[1;36mdebug: [0mc_header: parsed function pixman_add_traps with 5 params (varargs=0) at line 1612
[1;36mdebug: [0mc_header: w_name=pixman_add_trapezoids
[1;36mdebug: [0mc_header: parsed function pixman_add_trapezoids with 5 params (varargs=0) at line 1619
[1;36mdebug: [0mc_header: w_name=pixman_rasterize_trapezoid
[1;36mdebug: [0mc_header: parsed function pixman_rasterize_trapezoid with 4 params (varargs=0) at line 1625
[1;36mdebug: [0mc_header: w_name=pixman_composite_trapezoids
[1;36mdebug: [0mc_header: parsed function pixman_composite_trapezoids with 10 params (varargs=0) at line 1637
[1;36mdebug: [0mc_header: w_name=pixman_composite_triangles
[1;36mdebug: [0mc_header: parsed function pixman_composite_triangles with 10 params (varargs=0) at line 1649
[1;36mdebug: [0mc_header: w_name=pixman_add_triangles
[1;36mdebug: [0mc_header: parsed function pixman_add_triangles with 5 params (varargs=0) at line 1656
[1;36mdebug: [0mc_header: LOOP START token=72 line=1704 text='int'
[1;36mdebug: [0mc_header: LOOP START token=72 line=1705 text='int'
[1;36mdebug: [0mc_header: LOOP START token=72 line=1706 text='int'
[1;36mdebug: [0mc_header: LOOP START token=72 line=1707 text='int'
[1;36mdebug: [0mc_header: LOOP START token=72 line=1708 text='int'
[1;36mdebug: [0mc_header: LOOP START token=72 line=1709 text='int'
[1;36mdebug: [0mc_header: LOOP START token=72 line=1710 text='int'
[1;36mdebug: [0mc_header: LOOP START token=72 line=1711 text='int'
[1;36mdebug: [0mc_header: LOOP START token=72 line=1712 text='int'
[1;36mdebug: [0mc_header: LOOP START token=73 line=1715 text='long'
[1;36mdebug: [0mc_header: LOOP START token=59 line=1716 text='const'
[1;36mdebug: [0mc_header: LOOP START token=1 line=1745 text='__time_t'
[1;36mdebug: [0mc_header: LOOP START token=1 line=1750 text='__syscall_slong_t'
[1;36mdebug: [0mc_header: LOOP START token=81 line=1785 text='struct'
[1;36mdebug: [0mc_header: LOOP START token=81 line=1786 text='struct'
[1;36mdebug: [0mc_header: LOOP START token=81 line=1807 text='struct'
[1;36mdebug: [0mc_header: LOOP START token=59 line=1810 text='const'
[1;36mdebug: [0mc_header: LOOP START token=59 line=1811 text='const'
[1;36mdebug: [0mc_header: LOOP START token=59 line=1812 text='const'
[1;36mdebug: [0mc_header: LOOP START token=59 line=1815 text='const'
[1;36mdebug: [0mc_header: w_name=clock
[1;36mdebug: [0mc_header: parsed function clock with 0 params (varargs=0) at line 1828
[1;36mdebug: [0mc_header: w_name=time
[1;36mdebug: [0mc_header: parsed function time with 1 params (varargs=0) at line 1832
[1;36mdebug: [0mc_header: w_name=difftime
[1;36mdebug: [0mc_header: parsed function difftime with 2 params (varargs=0) at line 1835
[1;36mdebug: [0mc_header: w_name=mktime
[1;36mdebug: [0mc_header: parsed function mktime with 1 params (varargs=0) at line 1838
[1;36mdebug: [0mc_header: w_name=strftime
[1;36mdebug: [0mc_header: parsed function strftime with 4 params (varargs=0) at line 1843
[1;36mdebug: [0mc_header: w_name=strftime_l
[1;36mdebug: [0mc_header: parsed function strftime_l with 5 params (varargs=0) at line 1848
[1;36mdebug: [0mc_header: w_name=gmtime
[1;36mdebug: [0mc_header: parsed function gmtime with 1 params (varargs=0) at line 1850
[1;36mdebug: [0mc_header: w_name=localtime
[1;36mdebug: [0mc_header: parsed function localtime with 1 params (varargs=0) at line 1854
[1;36mdebug: [0mc_header: w_name=gmtime_r
[1;36mdebug: [0mc_header: parsed function gmtime_r with 2 params (varargs=0) at line 1857
[1;36mdebug: [0mc_header: w_name=localtime_r
[1;36mdebug: [0mc_header: parsed function localtime_r with 2 params (varargs=0) at line 1862
[1;36mdebug: [0mc_header: w_name=asctime
[1;36mdebug: [0mc_header: parsed function asctime with 1 params (varargs=0) at line 1864
[1;36mdebug: [0mc_header: w_name=ctime
[1;36mdebug: [0mc_header: parsed function ctime with 1 params (varargs=0) at line 1868
[1;36mdebug: [0mc_header: w_name=asctime_r
[1;36mdebug: [0mc_header: parsed function asctime_r with 2 params (varargs=0) at line 1871
[1;36mdebug: [0mc_header: w_name=ctime_r
[1;36mdebug: [0mc_header: parsed function ctime_r with 2 params (varargs=0) at line 1876
[1;36mdebug: [0mc_header: w_name=tzset
[1;36mdebug: [0mc_header: parsed function tzset with 0 params (varargs=0) at line 1889
[1;36mdebug: [0mc_header: w_name=timegm
[1;36mdebug: [0mc_header: parsed function timegm with 1 params (varargs=0) at line 1896
[1;36mdebug: [0mc_header: w_name=timelocal
[1;36mdebug: [0mc_header: parsed function timelocal with 1 params (varargs=0) at line 1898
[1;36mdebug: [0mc_header: w_name=dysize
[1;36mdebug: [0mc_header: parsed function dysize with 1 params (varargs=0) at line 1906
[1;36mdebug: [0mc_header: w_name=nanosleep
[1;36mdebug: [0mc_header: parsed function nanosleep with 2 params (varargs=0) at line 1909
[1;36mdebug: [0mc_header: w_name=clock_getres
[1;36mdebug: [0mc_header: parsed function clock_getres with 2 params (varargs=0) at line 1912
[1;36mdebug: [0mc_header: w_name=clock_gettime
[1;36mdebug: [0mc_header: parsed function clock_gettime with 2 params (varargs=0) at line 1916
[1;36mdebug: [0mc_header: w_name=clock_settime
[1;36mdebug: [0mc_header: parsed function clock_settime with 2 params (varargs=0) at line 1920
[1;36mdebug: [0mc_header: w_name=clock_nanosleep
[1;36mdebug: [0mc_header: parsed function clock_nanosleep with 4 params (varargs=0) at line 1924
[1;36mdebug: [0mc_header: w_name=clock_getcpuclockid
[1;36mdebug: [0mc_header: parsed function clock_getcpuclockid with 2 params (varargs=0) at line 1926
[1;36mdebug: [0mc_header: w_name=timer_create
[1;36mdebug: [0mc_header: parsed function timer_create with 3 params (varargs=0) at line 1933
[1;36mdebug: [0mc_header: w_name=timer_delete
[1;36mdebug: [0mc_header: parsed function timer_delete with 0 params (varargs=0) at line 1936
[1;36mdebug: [0mc_header: w_name=timer_settime
[1;36mdebug: [0mc_header: parsed function timer_settime with 4 params (varargs=0) at line 1942
[1;36mdebug: [0mc_header: w_name=timer_gettime
[1;36mdebug: [0mc_header: parsed function timer_gettime with 2 params (varargs=0) at line 1946
[1;36mdebug: [0mc_header: w_name=timer_getoverrun
[1;36mdebug: [0mc_header: parsed function timer_getoverrun with 0 params (varargs=0) at line 1948
[1;36mdebug: [0mc_header: w_name=timespec_get
[1;36mdebug: [0mc_header: parsed function timespec_get with 2 params (varargs=0) at line 1956
[1;36mdebug: [0mc_header: w_name=timespec_getres
[1;36mdebug: [0mc_header: parsed function timespec_getres with 2 params (varargs=0) at line 1959
[1;36mdebug: [0mc_header: LOOP START token=73
[1;36mdebug: [0mc_header: LOOP START token=73
[1;36mdebug: [0mc_header: w_name=__bswap_16
[1;36mdebug: [0mc_header: parsed function __bswap_16 with 1 params (varargs=0) at line 2089
[1;36mdebug: [0mc_header: w_name=__bswap_32
[1;36mdebug: [0mc_header: parsed function __bswap_32 with 1 params (varargs=0) at line 2104
[1;36mdebug: [0mc_header: w_name=__bswap_64
[1;36mdebug: [0mc_header: parsed function __bswap_64 with 1 params (varargs=0) at line 2114
[1;36mdebug: [0mc_header: w_name=__uint16_identity
[1;36mdebug: [0mc_header: parsed function __uint16_identity with 1 params (varargs=0) at line 2126
[1;36mdebug: [0mc_header: w_name=__uint32_identity
[1;36mdebug: [0mc_header: parsed function __uint32_identity with 1 params (varargs=0) at line 2132
[1;36mdebug: [0mc_header: w_name=__uint64_identity
[1;36mdebug: [0mc_header: parsed function __uint64_identity with 1 params (varargs=0) at line 2138
[1;36mdebug: [0mc_header: LOOP START token=85
[1;36mdebug: [0mc_header: LOOP START token=1 line=2186 text='__time_t'
[1;36mdebug: [0mc_header: LOOP START token=1 line=2187 text='__suseconds_t'
[1;36mdebug: [0mc_header: LOOP START token=1
[1;36mdebug: [0mc_header: w_name=select
[1;36mdebug: [0mc_header: parsed function select with 5 params (varargs=0) at line 2229
[1;36mdebug: [0mc_header: w_name=pselect
[1;36mdebug: [0mc_header: parsed function pselect with 6 params (varargs=0) at line 2235
[1;36mdebug: [0mc_header: LOOP START token=97
[1;36mdebug: [0mc_header: LOOP START token=81
[1;36mdebug: [0mc_header: LOOP START token=85
[1;36mdebug: [0mc_header: LOOP START token=85
[1;36mdebug: [0mc_header: LOOP START token=81
[1;36mdebug: [0mc_header: LOOP START token=81
[1;36mdebug: [0mc_header: LOOP START token=81
[1;36mdebug: [0mc_header: LOOP START token=72 line=2302 text='int'
[1;36mdebug: [0mc_header: LOOP START token=85 line=2303 text='unsigned'
[1;36mdebug: [0mc_header: LOOP START token=72 line=2304 text='int'
[1;36mdebug: [0mc_header: LOOP START token=85 line=2306 text='unsigned'
[1;36mdebug: [0mc_header: LOOP START token=72 line=2310 text='int'
[1;36mdebug: [0mc_header: LOOP START token=77 line=2312 text='short'
[1;36mdebug: [0mc_header: LOOP START token=77 line=2313 text='short'
[1;36mdebug: [0mc_header: LOOP START token=1 line=2314 text='__pthread_list_t'
[1;36mdebug: [0mc_header: LOOP START token=85 line=2323 text='unsigned'
[1;36mdebug: [0mc_header: LOOP START token=85 line=2324 text='unsigned'
[1;36mdebug: [0mc_header: LOOP START token=85 line=2325 text='unsigned'
[1;36mdebug: [0mc_header: LOOP START token=85 line=2326 text='unsigned'
[1;36mdebug: [0mc_header: LOOP START token=85 line=2327 text='unsigned'
[1;36mdebug: [0mc_header: LOOP START token=85 line=2328 text='unsigned'
[1;36mdebug: [0mc_header: LOOP START token=72 line=2330 text='int'
[1;36mdebug: [0mc_header: LOOP START token=72 line=2331 text='int'
[1;36mdebug: [0mc_header: LOOP START token=85 line=2332 text='unsigned'
[1;36mdebug: [0mc_header: LOOP START token=85 line=2333 text='unsigned'
[1;36mdebug: [0mc_header: LOOP START token=85 line=2336 text='unsigned'
[1;36mdebug: [0mc_header: LOOP START token=1 line=2346 text='__atomic_wide_counter'
[1;36mdebug: [0mc_header: LOOP START token=1 line=2347 text='__atomic_wide_counter'
[1;36mdebug: [0mc_header: LOOP START token=85 line=2348 text='unsigned'
[1;36mdebug: [0mc_header: LOOP START token=85 line=2349 text='unsigned'
[1;36mdebug: [0mc_header: LOOP START token=85 line=2350 text='unsigned'
[1;36mdebug: [0mc_header: LOOP START token=85 line=2351 text='unsigned'
[1;36mdebug: [0mc_header: LOOP START token=85 line=2352 text='unsigned'
[1;36mdebug: [0mc_header: LOOP START token=85 line=2353 text='unsigned'
[1;36mdebug: [0mc_header: LOOP START token=72
[1;36mdebug: [0mc_header: LOOP START token=58
[1;36mdebug: [0mc_header: LOOP START token=72
[1;36mdebug: [0mc_header: LOOP START token=58
[1;36mdebug: [0mc_header: LOOP START token=72
[1;36mdebug: [0mc_header: LOOP START token=58 line=2398 text='char'
[1;36mdebug: [0mc_header: LOOP START token=73 line=2399 text='long'
[1;36mdebug: [0mc_header: LOOP START token=81
[1;36mdebug: [0mc_header: LOOP START token=58
[1;36mdebug: [0mc_header: LOOP START token=73
[1;36mdebug: [0mc_header: LOOP START token=81
[1;36mdebug: [0mc_header: LOOP START token=58
[1;36mdebug: [0mc_header: LOOP START token=97
[1;36mdebug: [0mc_header: LOOP START token=81
[1;36mdebug: [0mc_header: LOOP START token=58
[1;36mdebug: [0mc_header: LOOP START token=73
[1;36mdebug: [0mc_header: LOOP START token=58
[1;36mdebug: [0mc_header: LOOP START token=73
[1;36mdebug: [0mc_header: LOOP START token=58
[1;36mdebug: [0mc_header: LOOP START token=73
[1;36mdebug: [0mc_header: LOOP START token=58
[1;36mdebug: [0mc_header: LOOP START token=72
[1;36mdebug: [0mc_header: LOOP START token=1
[1;36mdebug: [0mc_header: LOOP START token=1
[1;36mdebug: [0mc_header: LOOP START token=1
[1;36mdebug: [0mc_header: LOOP START token=1
[1;36mdebug: [0mc_header: LOOP START token=1
[1;36mdebug: [0mc_header: w_name=__fpclassify
[1;36mdebug: [0mc_header: parsed function __fpclassify with 1 params (varargs=0) at line 2540
[1;36mdebug: [0mc_header: w_name=__signbit
[1;36mdebug: [0mc_header: parsed function __signbit with 1 params (varargs=0) at line 2544
[1;36mdebug: [0mc_header: w_name=__isinf
[1;36mdebug: [0mc_header: parsed function __isinf with 1 params (varargs=0) at line 2549
[1;36mdebug: [0mc_header: w_name=__finite
[1;36mdebug: [0mc_header: parsed function __finite with 1 params (varargs=0) at line 2553
[1;36mdebug: [0mc_header: w_name=__isnan
[1;36mdebug: [0mc_header: parsed function __isnan with 1 params (varargs=0) at line 2557
[1;36mdebug: [0mc_header: w_name=__iseqsig
[1;36mdebug: [0mc_header: parsed function __iseqsig with 2 params (varargs=0) at line 2561
[1;36mdebug: [0mc_header: w_name=__issignaling
[1;36mdebug: [0mc_header: parsed function __issignaling with 1 params (varargs=0) at line 2564
[1;36mdebug: [0mc_header: w_name=acos
[1;36mdebug: [0mc_header: parsed function acos with 1 params (varargs=0) at line 2569
[1;36mdebug: [0mc_header: w_name=__acos
[1;36mdebug: [0mc_header: parsed function __acos with 1 params (varargs=0) at line 2569
[1;36mdebug: [0mc_header: w_name=asin
[1;36mdebug: [0mc_header: parsed function asin with 1 params (varargs=0) at line 2571
[1;36mdebug: [0mc_header: w_name=__asin
[1;36mdebug: [0mc_header: parsed function __asin with 1 params (varargs=0) at line 2571
[1;36mdebug: [0mc_header: w_name=atan
[1;36mdebug: [0mc_header: parsed function atan with 1 params (varargs=0) at line 2573
[1;36mdebug: [0mc_header: w_name=__atan
[1;36mdebug: [0mc_header: parsed function __atan with 1 params (varargs=0) at line 2573
[1;36mdebug: [0mc_header: w_name=atan2
[1;36mdebug: [0mc_header: parsed function atan2 with 2 params (varargs=0) at line 2575
[1;36mdebug: [0mc_header: w_name=__atan2
[1;36mdebug: [0mc_header: parsed function __atan2 with 2 params (varargs=0) at line 2575
[1;36mdebug: [0mc_header: w_name=cos
[1;36mdebug: [0mc_header: parsed function cos with 1 params (varargs=0) at line 2578
[1;36mdebug: [0mc_header: w_name=__cos
[1;36mdebug: [0mc_header: parsed function __cos with 1 params (varargs=0) at line 2578
[1;36mdebug: [0mc_header: w_name=sin
[1;36mdebug: [0mc_header: parsed function sin with 1 params (varargs=0) at line 2580
[1;36mdebug: [0mc_header: w_name=__sin
[1;36mdebug: [0mc_header: parsed function __sin with 1 params (varargs=0) at line 2580
[1;36mdebug: [0mc_header: w_name=tan
[1;36mdebug: [0mc_header: parsed function tan with 1 params (varargs=0) at line 2582
[1;36mdebug: [0mc_header: w_name=__tan
[1;36mdebug: [0mc_header: parsed function __tan with 1 params (varargs=0) at line 2582
[1;36mdebug: [0mc_header: w_name=acospi
[1;36mdebug: [0mc_header: parsed function acospi with 1 params (varargs=0) at line 2586
[1;36mdebug: [0mc_header: w_name=__acospi
[1;36mdebug: [0mc_header: parsed function __acospi with 1 params (varargs=0) at line 2586
[1;36mdebug: [0mc_header: w_name=acospi
[1;36mdebug: [0mc_header: parsed function acospi with 1 params (varargs=0) at line 2587
[1;36mdebug: [0mc_header: w_name=__acospi
[1;36mdebug: [0mc_header: parsed function __acospi with 1 params (varargs=0) at line 2587
[1;36mdebug: [0mc_header: w_name=asinpi
[1;36mdebug: [0mc_header: parsed function asinpi with 1 params (varargs=0) at line 2589
[1;36mdebug: [0mc_header: w_name=__asinpi
[1;36mdebug: [0mc_header: parsed function __asinpi with 1 params (varargs=0) at line 2589
[1;36mdebug: [0mc_header: w_name=asinpi
[1;36mdebug: [0mc_header: parsed function asinpi with 1 params (varargs=0) at line 2590
[1;36mdebug: [0mc_header: w_name=__asinpi
[1;36mdebug: [0mc_header: parsed function __asinpi with 1 params (varargs=0) at line 2590
[1;36mdebug: [0mc_header: w_name=atanpi
[1;36mdebug: [0mc_header: parsed function atanpi with 1 params (varargs=0) at line 2592
[1;36mdebug: [0mc_header: w_name=__atanpi
[1;36mdebug: [0mc_header: parsed function __atanpi with 1 params (varargs=0) at line 2592
[1;36mdebug: [0mc_header: w_name=atanpi
[1;36mdebug: [0mc_header: parsed function atanpi with 1 params (varargs=0) at line 2593
[1;36mdebug: [0mc_header: w_name=__atanpi
[1;36mdebug: [0mc_header: parsed function __atanpi with 1 params (varargs=0) at line 2593
[1;36mdebug: [0mc_header: w_name=atan2pi
[1;36mdebug: [0mc_header: parsed function atan2pi with 2 params (varargs=0) at line 2595
[1;36mdebug: [0mc_header: w_name=__atan2pi
[1;36mdebug: [0mc_header: parsed function __atan2pi with 2 params (varargs=0) at line 2595
[1;36mdebug: [0mc_header: w_name=atan2pi
[1;36mdebug: [0mc_header: parsed function atan2pi with 2 params (varargs=0) at line 2596
[1;36mdebug: [0mc_header: w_name=__atan2pi
[1;36mdebug: [0mc_header: parsed function __atan2pi with 2 params (varargs=0) at line 2596
[1;36mdebug: [0mc_header: w_name=cospi
[1;36mdebug: [0mc_header: parsed function cospi with 1 params (varargs=0) at line 2599
[1;36mdebug: [0mc_header: w_name=__cospi
[1;36mdebug: [0mc_header: parsed function __cospi with 1 params (varargs=0) at line 2599
[1;36mdebug: [0mc_header: w_name=sinpi
[1;36mdebug: [0mc_header: parsed function sinpi with 1 params (varargs=0) at line 2601
[1;36mdebug: [0mc_header: w_name=__sinpi
[1;36mdebug: [0mc_header: parsed function __sinpi with 1 params (varargs=0) at line 2601
[1;36mdebug: [0mc_header: w_name=tanpi
[1;36mdebug: [0mc_header: parsed function tanpi with 1 params (varargs=0) at line 2603
[1;36mdebug: [0mc_header: w_name=__tanpi
[1;36mdebug: [0mc_header: parsed function __tanpi with 1 params (varargs=0) at line 2603
[1;36mdebug: [0mc_header: w_name=cosh
[1;36mdebug: [0mc_header: parsed function cosh with 1 params (varargs=0) at line 2609
[1;36mdebug: [0mc_header: w_name=__cosh
[1;36mdebug: [0mc_header: parsed function __cosh with 1 params (varargs=0) at line 2609
[1;36mdebug: [0mc_header: w_name=sinh
[1;36mdebug: [0mc_header: parsed function sinh with 1 params (varargs=0) at line 2611
[1;36mdebug: [0mc_header: w_name=__sinh
[1;36mdebug: [0mc_header: parsed function __sinh with 1 params (varargs=0) at line 2611
[1;36mdebug: [0mc_header: w_name=tanh
[1;36mdebug: [0mc_header: parsed function tanh with 1 params (varargs=0) at line 2613
[1;36mdebug: [0mc_header: w_name=__tanh
[1;36mdebug: [0mc_header: parsed function __tanh with 1 params (varargs=0) at line 2613
[1;36mdebug: [0mc_header: w_name=acosh
[1;36mdebug: [0mc_header: parsed function acosh with 1 params (varargs=0) at line 2615
[1;36mdebug: [0mc_header: w_name=__acosh
[1;36mdebug: [0mc_header: parsed function __acosh with 1 params (varargs=0) at line 2615
[1;36mdebug: [0mc_header: w_name=asinh
[1;36mdebug: [0mc_header: parsed function asinh with 1 params (varargs=0) at line 2617
[1;36mdebug: [0mc_header: w_name=__asinh
[1;36mdebug: [0mc_header: parsed function __asinh with 1 params (varargs=0) at line 2617
[1;36mdebug: [0mc_header: w_name=atanh
[1;36mdebug: [0mc_header: parsed function atanh with 1 params (varargs=0) at line 2619
[1;36mdebug: [0mc_header: w_name=__atanh
[1;36mdebug: [0mc_header: parsed function __atanh with 1 params (varargs=0) at line 2619
[1;36mdebug: [0mc_header: w_name=exp
[1;36mdebug: [0mc_header: parsed function exp with 1 params (varargs=0) at line 2625
[1;36mdebug: [0mc_header: w_name=__exp
[1;36mdebug: [0mc_header: parsed function __exp with 1 params (varargs=0) at line 2625
[1;36mdebug: [0mc_header: w_name=frexp
[1;36mdebug: [0mc_header: parsed function frexp with 2 params (varargs=0) at line 2628
[1;36mdebug: [0mc_header: w_name=__frexp
[1;36mdebug: [0mc_header: parsed function __frexp with 2 params (varargs=0) at line 2628
[1;36mdebug: [0mc_header: w_name=ldexp
[1;36mdebug: [0mc_header: parsed function ldexp with 2 params (varargs=0) at line 2631
[1;36mdebug: [0mc_header: w_name=__ldexp
[1;36mdebug: [0mc_header: parsed function __ldexp with 2 params (varargs=0) at line 2631
[1;36mdebug: [0mc_header: w_name=log
[1;36mdebug: [0mc_header: parsed function log with 1 params (varargs=0) at line 2634
[1;36mdebug: [0mc_header: w_name=__log
[1;36mdebug: [0mc_header: parsed function __log with 1 params (varargs=0) at line 2634
[1;36mdebug: [0mc_header: w_name=log10
[1;36mdebug: [0mc_header: parsed function log10 with 1 params (varargs=0) at line 2637
[1;36mdebug: [0mc_header: w_name=__log10
[1;36mdebug: [0mc_header: parsed function __log10 with 1 params (varargs=0) at line 2637
[1;36mdebug: [0mc_header: w_name=modf
[1;36mdebug: [0mc_header: parsed function modf with 2 params (varargs=0) at line 2640
[1;36mdebug: [0mc_header: w_name=__modf
[1;36mdebug: [0mc_header: parsed function __modf with 2 params (varargs=0) at line 2640
[1;36mdebug: [0mc_header: w_name=exp10
[1;36mdebug: [0mc_header: parsed function exp10 with 1 params (varargs=0) at line 2644
[1;36mdebug: [0mc_header: w_name=__exp10
[1;36mdebug: [0mc_header: parsed function __exp10 with 1 params (varargs=0) at line 2644
[1;36mdebug: [0mc_header: w_name=exp2m1
[1;36mdebug: [0mc_header: parsed function exp2m1 with 1 params (varargs=0) at line 2647
[1;36mdebug: [0mc_header: w_name=__exp2m1
[1;36mdebug: [0mc_header: parsed function __exp2m1 with 1 params (varargs=0) at line 2647
[1;36mdebug: [0mc_header: w_name=exp10m1
[1;36mdebug: [0mc_header: parsed function exp10m1 with 1 params (varargs=0) at line 2650
[1;36mdebug: [0mc_header: w_name=__exp10m1
[1;36mdebug: [0mc_header: parsed function __exp10m1 with 1 params (varargs=0) at line 2650
[1;36mdebug: [0mc_header: w_name=log2p1
[1;36mdebug: [0mc_header: parsed function log2p1 with 1 params (varargs=0) at line 2653
[1;36mdebug: [0mc_header: w_name=__log2p1
[1;36mdebug: [0mc_header: parsed function __log2p1 with 1 params (varargs=0) at line 2653
[1;36mdebug: [0mc_header: w_name=log10p1
[1;36mdebug: [0mc_header: parsed function log10p1 with 1 params (varargs=0) at line 2656
[1;36mdebug: [0mc_header: w_name=__log10p1
[1;36mdebug: [0mc_header: parsed function __log10p1 with 1 params (varargs=0) at line 2656
[1;36mdebug: [0mc_header: w_name=logp1
[1;36mdebug: [0mc_header: parsed function logp1 with 1 params (varargs=0) at line 2659
[1;36mdebug: [0mc_header: w_name=__logp1
[1;36mdebug: [0mc_header: parsed function __logp1 with 1 params (varargs=0) at line 2659
[1;36mdebug: [0mc_header: w_name=expm1
[1;36mdebug: [0mc_header: parsed function expm1 with 1 params (varargs=0) at line 2664
[1;36mdebug: [0mc_header: w_name=__expm1
[1;36mdebug: [0mc_header: parsed function __expm1 with 1 params (varargs=0) at line 2664
[1;36mdebug: [0mc_header: w_name=log1p
[1;36mdebug: [0mc_header: parsed function log1p with 1 params (varargs=0) at line 2667
[1;36mdebug: [0mc_header: w_name=__log1p
[1;36mdebug: [0mc_header: parsed function __log1p with 1 params (varargs=0) at line 2667
[1;36mdebug: [0mc_header: w_name=logb
[1;36mdebug: [0mc_header: parsed function logb with 1 params (varargs=0) at line 2670
[1;36mdebug: [0mc_header: w_name=__logb
[1;36mdebug: [0mc_header: parsed function __logb with 1 params (varargs=0) at line 2670
[1;36mdebug: [0mc_header: w_name=exp2
[1;36mdebug: [0mc_header: parsed function exp2 with 1 params (varargs=0) at line 2675
[1;36mdebug: [0mc_header: w_name=__exp2
[1;36mdebug: [0mc_header: parsed function __exp2 with 1 params (varargs=0) at line 2675
[1;36mdebug: [0mc_header: w_name=log2
[1;36mdebug: [0mc_header: parsed function log2 with 1 params (varargs=0) at line 2678
[1;36mdebug: [0mc_header: w_name=__log2
[1;36mdebug: [0mc_header: parsed function __log2 with 1 params (varargs=0) at line 2678
[1;36mdebug: [0mc_header: w_name=pow
[1;36mdebug: [0mc_header: parsed function pow with 2 params (varargs=0) at line 2685
[1;36mdebug: [0mc_header: w_name=__pow
[1;36mdebug: [0mc_header: parsed function __pow with 2 params (varargs=0) at line 2685
[1;36mdebug: [0mc_header: w_name=sqrt
[1;36mdebug: [0mc_header: parsed function sqrt with 1 params (varargs=0) at line 2688
[1;36mdebug: [0mc_header: w_name=__sqrt
[1;36mdebug: [0mc_header: parsed function __sqrt with 1 params (varargs=0) at line 2688
[1;36mdebug: [0mc_header: w_name=hypot
[1;36mdebug: [0mc_header: parsed function hypot with 2 params (varargs=0) at line 2692
[1;36mdebug: [0mc_header: w_name=__hypot
[1;36mdebug: [0mc_header: parsed function __hypot with 2 params (varargs=0) at line 2692
[1;36mdebug: [0mc_header: w_name=cbrt
[1;36mdebug: [0mc_header: parsed function cbrt with 1 params (varargs=0) at line 2697
[1;36mdebug: [0mc_header: w_name=__cbrt
[1;36mdebug: [0mc_header: parsed function __cbrt with 1 params (varargs=0) at line 2697
[1;36mdebug: [0mc_header: w_name=compoundn
[1;36mdebug: [0mc_header: parsed function compoundn with 2 params (varargs=0) at line 2702
[1;36mdebug: [0mc_header: w_name=__compoundn
[1;36mdebug: [0mc_header: parsed function __compoundn with 2 params (varargs=0) at line 2702
[1;36mdebug: [0mc_header: w_name=pown
[1;36mdebug: [0mc_header: parsed function pown with 2 params (varargs=0) at line 2705
[1;36mdebug: [0mc_header: w_name=__pown
[1;36mdebug: [0mc_header: parsed function __pown with 2 params (varargs=0) at line 2705
[1;36mdebug: [0mc_header: w_name=powr
[1;36mdebug: [0mc_header: parsed function powr with 2 params (varargs=0) at line 2708
[1;36mdebug: [0mc_header: w_name=__powr
[1;36mdebug: [0mc_header: parsed function __powr with 2 params (varargs=0) at line 2708
[1;36mdebug: [0mc_header: w_name=powr
[1;36mdebug: [0mc_header: parsed function powr with 2 params (varargs=0) at line 2709
[1;36mdebug: [0mc_header: w_name=__powr
[1;36mdebug: [0mc_header: parsed function __powr with 2 params (varargs=0) at line 2709
[1;36mdebug: [0mc_header: w_name=rootn
[1;36mdebug: [0mc_header: parsed function rootn with 2 params (varargs=0) at line 2712
[1;36mdebug: [0mc_header: w_name=__rootn
[1;36mdebug: [0mc_header: parsed function __rootn with 2 params (varargs=0) at line 2712
[1;36mdebug: [0mc_header: w_name=rsqrt
[1;36mdebug: [0mc_header: parsed function rsqrt with 1 params (varargs=0) at line 2715
[1;36mdebug: [0mc_header: w_name=__rsqrt
[1;36mdebug: [0mc_header: parsed function __rsqrt with 1 params (varargs=0) at line 2715
[1;36mdebug: [0mc_header: w_name=ceil
[1;36mdebug: [0mc_header: parsed function ceil with 1 params (varargs=0) at line 2722
[1;36mdebug: [0mc_header: w_name=fabs
[1;36mdebug: [0mc_header: parsed function fabs with 1 params (varargs=0) at line 2725
[1;36mdebug: [0mc_header: w_name=floor
[1;36mdebug: [0mc_header: parsed function floor with 1 params (varargs=0) at line 2728
[1;36mdebug: [0mc_header: w_name=fmod
[1;36mdebug: [0mc_header: parsed function fmod with 2 params (varargs=0) at line 2731
[1;36mdebug: [0mc_header: w_name=__fmod
[1;36mdebug: [0mc_header: parsed function __fmod with 2 params (varargs=0) at line 2731
[1;36mdebug: [0mc_header: w_name=isinf
[1;36mdebug: [0mc_header: parsed function isinf with 1 params (varargs=0) at line 2733
[1;36mdebug: [0mc_header: w_name=finite
[1;36mdebug: [0mc_header: parsed function finite with 1 params (varargs=0) at line 2739
[1;36mdebug: [0mc_header: w_name=drem
[1;36mdebug: [0mc_header: parsed function drem with 2 params (varargs=0) at line 2743
[1;36mdebug: [0mc_header: w_name=__drem
[1;36mdebug: [0mc_header: parsed function __drem with 2 params (varargs=0) at line 2743
[1;36mdebug: [0mc_header: w_name=significand
[1;36mdebug: [0mc_header: parsed function significand with 1 params (varargs=0) at line 2747
[1;36mdebug: [0mc_header: w_name=__significand
[1;36mdebug: [0mc_header: parsed function __significand with 1 params (varargs=0) at line 2747
[1;36mdebug: [0mc_header: w_name=copysign
[1;36mdebug: [0mc_header: parsed function copysign with 2 params (varargs=0) at line 2754
[1;36mdebug: [0mc_header: w_name=nan
[1;36mdebug: [0mc_header: parsed function nan with 1 params (varargs=0) at line 2759
[1;36mdebug: [0mc_header: w_name=__nan
[1;36mdebug: [0mc_header: parsed function __nan with 1 params (varargs=0) at line 2759
[1;36mdebug: [0mc_header: w_name=isnan
[1;36mdebug: [0mc_header: parsed function isnan with 1 params (varargs=0) at line 2761
[1;36mdebug: [0mc_header: w_name=j0
[1;36mdebug: [0mc_header: parsed function j0 with 1 params (varargs=0) at line 2768
[1;36mdebug: [0mc_header: w_name=__j0
[1;36mdebug: [0mc_header: parsed function __j0 with 1 params (varargs=0) at line 2768
[1;36mdebug: [0mc_header: w_name=j1
[1;36mdebug: [0mc_header: parsed function j1 with 1 params (varargs=0) at line 2769
[1;36mdebug: [0mc_header: w_name=__j1
[1;36mdebug: [0mc_header: parsed function __j1 with 1 params (varargs=0) at line 2769
[1;36mdebug: [0mc_header: w_name=jn
[1;36mdebug: [0mc_header: parsed function jn with 2 params (varargs=0) at line 2770
[1;36mdebug: [0mc_header: w_name=__jn
[1;36mdebug: [0mc_header: parsed function __jn with 2 params (varargs=0) at line 2770
[1;36mdebug: [0mc_header: w_name=y0
[1;36mdebug: [0mc_header: parsed function y0 with 1 params (varargs=0) at line 2771
[1;36mdebug: [0mc_header: w_name=__y0
[1;36mdebug: [0mc_header: parsed function __y0 with 1 params (varargs=0) at line 2771
[1;36mdebug: [0mc_header: w_name=y1
[1;36mdebug: [0mc_header: parsed function y1 with 1 params (varargs=0) at line 2772
[1;36mdebug: [0mc_header: w_name=__y1
[1;36mdebug: [0mc_header: parsed function __y1 with 1 params (varargs=0) at line 2772
[1;36mdebug: [0mc_header: w_name=yn
[1;36mdebug: [0mc_header: parsed function yn with 2 params (varargs=0) at line 2773
[1;36mdebug: [0mc_header: w_name=__yn
[1;36mdebug: [0mc_header: parsed function __yn with 2 params (varargs=0) at line 2773
[1;36mdebug: [0mc_header: w_name=erf
[1;36mdebug: [0mc_header: parsed function erf with 1 params (varargs=0) at line 2779
[1;36mdebug: [0mc_header: w_name=__erf
[1;36mdebug: [0mc_header: parsed function __erf with 1 params (varargs=0) at line 2779
[1;36mdebug: [0mc_header: w_name=erfc
[1;36mdebug: [0mc_header: parsed function erfc with 1 params (varargs=0) at line 2780
[1;36mdebug: [0mc_header: w_name=__erfc
[1;36mdebug: [0mc_header: parsed function __erfc with 1 params (varargs=0) at line 2780
[1;36mdebug: [0mc_header: w_name=lgamma
[1;36mdebug: [0mc_header: parsed function lgamma with 1 params (varargs=0) at line 2781
[1;36mdebug: [0mc_header: w_name=__lgamma
[1;36mdebug: [0mc_header: parsed function __lgamma with 1 params (varargs=0) at line 2781
[1;36mdebug: [0mc_header: w_name=tgamma
[1;36mdebug: [0mc_header: parsed function tgamma with 1 params (varargs=0) at line 2786
[1;36mdebug: [0mc_header: w_name=__tgamma
[1;36mdebug: [0mc_header: parsed function __tgamma with 1 params (varargs=0) at line 2786
[1;36mdebug: [0mc_header: w_name=gamma
[1;36mdebug: [0mc_header: parsed function gamma with 1 params (varargs=0) at line 2792
[1;36mdebug: [0mc_header: w_name=__gamma
[1;36mdebug: [0mc_header: parsed function __gamma with 1 params (varargs=0) at line 2792
[1;36mdebug: [0mc_header: w_name=lgamma_r
[1;36mdebug: [0mc_header: parsed function lgamma_r with 2 params (varargs=0) at line 2800
[1;36mdebug: [0mc_header: w_name=__lgamma_r
[1;36mdebug: [0mc_header: parsed function __lgamma_r with 2 params (varargs=0) at line 2800
[1;36mdebug: [0mc_header: w_name=rint
[1;36mdebug: [0mc_header: parsed function rint with 1 params (varargs=0) at line 2807
[1;36mdebug: [0mc_header: w_name=__rint
[1;36mdebug: [0mc_header: parsed function __rint with 1 params (varargs=0) at line 2807
[1;36mdebug: [0mc_header: w_name=nextafter
[1;36mdebug: [0mc_header: parsed function nextafter with 2 params (varargs=0) at line 2810
[1;36mdebug: [0mc_header: w_name=__nextafter
[1;36mdebug: [0mc_header: parsed function __nextafter with 2 params (varargs=0) at line 2810
[1;36mdebug: [0mc_header: w_name=nexttoward
[1;36mdebug: [0mc_header: parsed function nexttoward with 2 params (varargs=0) at line 2812
[1;36mdebug: [0mc_header: w_name=__nexttoward
[1;36mdebug: [0mc_header: parsed function __nexttoward with 2 params (varargs=0) at line 2812
[1;36mdebug: [0mc_header: w_name=nextdown
[1;36mdebug: [0mc_header: parsed function nextdown with 1 params (varargs=0) at line 2817
[1;36mdebug: [0mc_header: w_name=__nextdown
[1;36mdebug: [0mc_header: parsed function __nextdown with 1 params (varargs=0) at line 2817
[1;36mdebug: [0mc_header: w_name=nextup
[1;36mdebug: [0mc_header: parsed function nextup with 1 params (varargs=0) at line 2819
[1;36mdebug: [0mc_header: w_name=__nextup
[1;36mdebug: [0mc_header: parsed function __nextup with 1 params (varargs=0) at line 2819
[1;36mdebug: [0mc_header: w_name=remainder
[1;36mdebug: [0mc_header: parsed function remainder with 2 params (varargs=0) at line 2823
[1;36mdebug: [0mc_header: w_name=__remainder
[1;36mdebug: [0mc_header: parsed function __remainder with 2 params (varargs=0) at line 2823
[1;36mdebug: [0mc_header: w_name=scalbn
[1;36mdebug: [0mc_header: parsed function scalbn with 2 params (varargs=0) at line 2827
[1;36mdebug: [0mc_header: w_name=__scalbn
[1;36mdebug: [0mc_header: parsed function __scalbn with 2 params (varargs=0) at line 2827
[1;36mdebug: [0mc_header: w_name=ilogb
[1;36mdebug: [0mc_header: parsed function ilogb with 1 params (varargs=0) at line 2831
[1;36mdebug: [0mc_header: w_name=__ilogb
[1;36mdebug: [0mc_header: parsed function __ilogb with 1 params (varargs=0) at line 2831
[1;36mdebug: [0mc_header: w_name=llogb
[1;36mdebug: [0mc_header: parsed function llogb with 1 params (varargs=0) at line 2836
[1;36mdebug: [0mc_header: w_name=__llogb
[1;36mdebug: [0mc_header: parsed function __llogb with 1 params (varargs=0) at line 2836
[1;36mdebug: [0mc_header: w_name=scalbln
[1;36mdebug: [0mc_header: parsed function scalbln with 2 params (varargs=0) at line 2841
[1;36mdebug: [0mc_header: w_name=__scalbln
[1;36mdebug: [0mc_header: parsed function __scalbln with 2 params (varargs=0) at line 2841
[1;36mdebug: [0mc_header: w_name=nearbyint
[1;36mdebug: [0mc_header: parsed function nearbyint with 1 params (varargs=0) at line 2845
[1;36mdebug: [0mc_header: w_name=__nearbyint
[1;36mdebug: [0mc_header: parsed function __nearbyint with 1 params (varargs=0) at line 2845
[1;36mdebug: [0mc_header: w_name=round
[1;36mdebug: [0mc_header: parsed function round with 1 params (varargs=0) at line 2849
[1;36mdebug: [0mc_header: w_name=trunc
[1;36mdebug: [0mc_header: parsed function trunc with 1 params (varargs=0) at line 2853
[1;36mdebug: [0mc_header: w_name=remquo
[1;36mdebug: [0mc_header: parsed function remquo with 3 params (varargs=0) at line 2858
[1;36mdebug: [0mc_header: w_name=__remquo
[1;36mdebug: [0mc_header: parsed function __remquo with 3 params (varargs=0) at line 2858
[1;36mdebug: [0mc_header: w_name=lrint
[1;36mdebug: [0mc_header: parsed function lrint with 1 params (varargs=0) at line 2865
[1;36mdebug: [0mc_header: w_name=__lrint
[1;36mdebug: [0mc_header: parsed function __lrint with 1 params (varargs=0) at line 2865
[1;36mdebug: [0mc_header: w_name=llrint
[1;36mdebug: [0mc_header: parsed function llrint with 1 params (varargs=0) at line 2867
[1;36mdebug: [0mc_header: w_name=__llrint
[1;36mdebug: [0mc_header: parsed function __llrint with 1 params (varargs=0) at line 2867
[1;36mdebug: [0mc_header: w_name=lround
[1;36mdebug: [0mc_header: parsed function lround with 1 params (varargs=0) at line 2871
[1;36mdebug: [0mc_header: w_name=__lround
[1;36mdebug: [0mc_header: parsed function __lround with 1 params (varargs=0) at line 2871
[1;36mdebug: [0mc_header: w_name=llround
[1;36mdebug: [0mc_header: parsed function llround with 1 params (varargs=0) at line 2873
[1;36mdebug: [0mc_header: w_name=__llround
[1;36mdebug: [0mc_header: parsed function __llround with 1 params (varargs=0) at line 2873
[1;36mdebug: [0mc_header: w_name=fdim
[1;36mdebug: [0mc_header: parsed function fdim with 2 params (varargs=0) at line 2877
[1;36mdebug: [0mc_header: w_name=__fdim
[1;36mdebug: [0mc_header: parsed function __fdim with 2 params (varargs=0) at line 2877
[1;36mdebug: [0mc_header: w_name=fmax
[1;36mdebug: [0mc_header: parsed function fmax with 2 params (varargs=0) at line 2881
[1;36mdebug: [0mc_header: w_name=fmin
[1;36mdebug: [0mc_header: parsed function fmin with 2 params (varargs=0) at line 2884
[1;36mdebug: [0mc_header: w_name=fma
[1;36mdebug: [0mc_header: parsed function fma with 3 params (varargs=0) at line 2888
[1;36mdebug: [0mc_header: w_name=__fma
[1;36mdebug: [0mc_header: parsed function __fma with 3 params (varargs=0) at line 2888
[1;36mdebug: [0mc_header: w_name=roundeven
[1;36mdebug: [0mc_header: parsed function roundeven with 1 params (varargs=0) at line 2893
[1;36mdebug: [0mc_header: w_name=fromfp
[1;36mdebug: [0mc_header: parsed function fromfp with 3 params (varargs=0) at line 2897
[1;36mdebug: [0mc_header: w_name=__fromfp
[1;36mdebug: [0mc_header: parsed function __fromfp with 3 params (varargs=0) at line 2897
[1;36mdebug: [0mc_header: w_name=ufromfp
[1;36mdebug: [0mc_header: parsed function ufromfp with 3 params (varargs=0) at line 2901
[1;36mdebug: [0mc_header: w_name=__ufromfp
[1;36mdebug: [0mc_header: parsed function __ufromfp with 3 params (varargs=0) at line 2901
[1;36mdebug: [0mc_header: w_name=fromfpx
[1;36mdebug: [0mc_header: parsed function fromfpx with 3 params (varargs=0) at line 2906
[1;36mdebug: [0mc_header: w_name=__fromfpx
[1;36mdebug: [0mc_header: parsed function __fromfpx with 3 params (varargs=0) at line 2906
[1;36mdebug: [0mc_header: w_name=ufromfpx
[1;36mdebug: [0mc_header: parsed function ufromfpx with 3 params (varargs=0) at line 2911
[1;36mdebug: [0mc_header: w_name=__ufromfpx
[1;36mdebug: [0mc_header: parsed function __ufromfpx with 3 params (varargs=0) at line 2911
[1;36mdebug: [0mc_header: w_name=canonicalize
[1;36mdebug: [0mc_header: parsed function canonicalize with 2 params (varargs=0) at line 2914
[1;36mdebug: [0mc_header: w_name=fmaximum
[1;36mdebug: [0mc_header: parsed function fmaximum with 2 params (varargs=0) at line 2916
[1;36mdebug: [0mc_header: w_name=fminimum
[1;36mdebug: [0mc_header: parsed function fminimum with 2 params (varargs=0) at line 2919
[1;36mdebug: [0mc_header: w_name=fmaximum_num
[1;36mdebug: [0mc_header: parsed function fmaximum_num with 2 params (varargs=0) at line 2922
[1;36mdebug: [0mc_header: w_name=fminimum_num
[1;36mdebug: [0mc_header: parsed function fminimum_num with 2 params (varargs=0) at line 2925
[1;36mdebug: [0mc_header: w_name=fmaximum_mag
[1;36mdebug: [0mc_header: parsed function fmaximum_mag with 2 params (varargs=0) at line 2928
[1;36mdebug: [0mc_header: w_name=fminimum_mag
[1;36mdebug: [0mc_header: parsed function fminimum_mag with 2 params (varargs=0) at line 2931
[1;36mdebug: [0mc_header: w_name=fmaximum_mag_num
[1;36mdebug: [0mc_header: parsed function fmaximum_mag_num with 2 params (varargs=0) at line 2934
[1;36mdebug: [0mc_header: w_name=fminimum_mag_num
[1;36mdebug: [0mc_header: parsed function fminimum_mag_num with 2 params (varargs=0) at line 2937
[1;36mdebug: [0mc_header: w_name=scalb
[1;36mdebug: [0mc_header: parsed function scalb with 2 params (varargs=0) at line 2939
[1;36mdebug: [0mc_header: w_name=__scalb
[1;36mdebug: [0mc_header: parsed function __scalb with 2 params (varargs=0) at line 2939
[1;36mdebug: [0mc_header: w_name=__fpclassifyf
[1;36mdebug: [0mc_header: parsed function __fpclassifyf with 1 params (varargs=0) at line 2944
[1;36mdebug: [0mc_header: w_name=__signbitf
[1;36mdebug: [0mc_header: parsed function __signbitf with 1 params (varargs=0) at line 2948
[1;36mdebug: [0mc_header: w_name=__isinff
[1;36mdebug: [0mc_header: parsed function __isinff with 1 params (varargs=0) at line 2953
[1;36mdebug: [0mc_header: w_name=__finitef
[1;36mdebug: [0mc_header: parsed function __finitef with 1 params (varargs=0) at line 2957
[1;36mdebug: [0mc_header: w_name=__isnanf
[1;36mdebug: [0mc_header: parsed function __isnanf with 1 params (varargs=0) at line 2961
[1;36mdebug: [0mc_header: w_name=__iseqsigf
[1;36mdebug: [0mc_header: parsed function __iseqsigf with 2 params (varargs=0) at line 2965
[1;36mdebug: [0mc_header: w_name=__issignalingf
[1;36mdebug: [0mc_header: parsed function __issignalingf with 1 params (varargs=0) at line 2968
[1;36mdebug: [0mc_header: w_name=acosf
[1;36mdebug: [0mc_header: parsed function acosf with 1 params (varargs=0) at line 2973
[1;36mdebug: [0mc_header: w_name=__acosf
[1;36mdebug: [0mc_header: parsed function __acosf with 1 params (varargs=0) at line 2973
[1;36mdebug: [0mc_header: w_name=asinf
[1;36mdebug: [0mc_header: parsed function asinf with 1 params (varargs=0) at line 2975
[1;36mdebug: [0mc_header: w_name=__asinf
[1;36mdebug: [0mc_header: parsed function __asinf with 1 params (varargs=0) at line 2975
[1;36mdebug: [0mc_header: w_name=atanf
[1;36mdebug: [0mc_header: parsed function atanf with 1 params (varargs=0) at line 2977
[1;36mdebug: [0mc_header: w_name=__atanf
[1;36mdebug: [0mc_header: parsed function __atanf with 1 params (varargs=0) at line 2977
[1;36mdebug: [0mc_header: w_name=atan2f
[1;36mdebug: [0mc_header: parsed function atan2f with 2 params (varargs=0) at line 2979
[1;36mdebug: [0mc_header: w_name=__atan2f
[1;36mdebug: [0mc_header: parsed function __atan2f with 2 params (varargs=0) at line 2979
[1;36mdebug: [0mc_header: w_name=cosf
[1;36mdebug: [0mc_header: parsed function cosf with 1 params (varargs=0) at line 2982
[1;36mdebug: [0mc_header: w_name=__cosf
[1;36mdebug: [0mc_header: parsed function __cosf with 1 params (varargs=0) at line 2982
[1;36mdebug: [0mc_header: w_name=sinf
[1;36mdebug: [0mc_header: parsed function sinf with 1 params (varargs=0) at line 2984
[1;36mdebug: [0mc_header: w_name=__sinf
[1;36mdebug: [0mc_header: parsed function __sinf with 1 params (varargs=0) at line 2984
[1;36mdebug: [0mc_header: w_name=tanf
[1;36mdebug: [0mc_header: parsed function tanf with 1 params (varargs=0) at line 2986
[1;36mdebug: [0mc_header: w_name=__tanf
[1;36mdebug: [0mc_header: parsed function __tanf with 1 params (varargs=0) at line 2986
[1;36mdebug: [0mc_header: w_name=acospif
[1;36mdebug: [0mc_header: parsed function acospif with 1 params (varargs=0) at line 2990
[1;36mdebug: [0mc_header: w_name=__acospif
[1;36mdebug: [0mc_header: parsed function __acospif with 1 params (varargs=0) at line 2990
[1;36mdebug: [0mc_header: w_name=acospif
[1;36mdebug: [0mc_header: parsed function acospif with 1 params (varargs=0) at line 2991
[1;36mdebug: [0mc_header: w_name=__acospif
[1;36mdebug: [0mc_header: parsed function __acospif with 1 params (varargs=0) at line 2991
[1;36mdebug: [0mc_header: w_name=asinpif
[1;36mdebug: [0mc_header: parsed function asinpif with 1 params (varargs=0) at line 2993
[1;36mdebug: [0mc_header: w_name=__asinpif
[1;36mdebug: [0mc_header: parsed function __asinpif with 1 params (varargs=0) at line 2993
[1;36mdebug: [0mc_header: w_name=asinpif
[1;36mdebug: [0mc_header: parsed function asinpif with 1 params (varargs=0) at line 2994
[1;36mdebug: [0mc_header: w_name=__asinpif
[1;36mdebug: [0mc_header: parsed function __asinpif with 1 params (varargs=0) at line 2994
[1;36mdebug: [0mc_header: w_name=atanpif
[1;36mdebug: [0mc_header: parsed function atanpif with 1 params (varargs=0) at line 2996
[1;36mdebug: [0mc_header: w_name=__atanpif
[1;36mdebug: [0mc_header: parsed function __atanpif with 1 params (varargs=0) at line 2996
[1;36mdebug: [0mc_header: w_name=atanpif
[1;36mdebug: [0mc_header: parsed function atanpif with 1 params (varargs=0) at line 2997
[1;36mdebug: [0mc_header: w_name=__atanpif
[1;36mdebug: [0mc_header: parsed function __atanpif with 1 params (varargs=0) at line 2997
[1;36mdebug: [0mc_header: w_name=atan2pif
[1;36mdebug: [0mc_header: parsed function atan2pif with 2 params (varargs=0) at line 2999
[1;36mdebug: [0mc_header: w_name=__atan2pif
[1;36mdebug: [0mc_header: parsed function __atan2pif with 2 params (varargs=0) at line 2999
[1;36mdebug: [0mc_header: w_name=atan2pif
[1;36mdebug: [0mc_header: parsed function atan2pif with 2 params (varargs=0) at line 3000
[1;36mdebug: [0mc_header: w_name=__atan2pif
[1;36mdebug: [0mc_header: parsed function __atan2pif with 2 params (varargs=0) at line 3000
[1;36mdebug: [0mc_header: w_name=cospif
[1;36mdebug: [0mc_header: parsed function cospif with 1 params (varargs=0) at line 3003
[1;36mdebug: [0mc_header: w_name=__cospif
[1;36mdebug: [0mc_header: parsed function __cospif with 1 params (varargs=0) at line 3003
[1;36mdebug: [0mc_header: w_name=sinpif
[1;36mdebug: [0mc_header: parsed function sinpif with 1 params (varargs=0) at line 3005
[1;36mdebug: [0mc_header: w_name=__sinpif
[1;36mdebug: [0mc_header: parsed function __sinpif with 1 params (varargs=0) at line 3005
[1;36mdebug: [0mc_header: w_name=tanpif
[1;36mdebug: [0mc_header: parsed function tanpif with 1 params (varargs=0) at line 3007
[1;36mdebug: [0mc_header: w_name=__tanpif
[1;36mdebug: [0mc_header: parsed function __tanpif with 1 params (varargs=0) at line 3007
[1;36mdebug: [0mc_header: w_name=coshf
[1;36mdebug: [0mc_header: parsed function coshf with 1 params (varargs=0) at line 3013
[1;36mdebug: [0mc_header: w_name=__coshf
[1;36mdebug: [0mc_header: parsed function __coshf with 1 params (varargs=0) at line 3013
[1;36mdebug: [0mc_header: w_name=sinhf
[1;36mdebug: [0mc_header: parsed function sinhf with 1 params (varargs=0) at line 3015
[1;36mdebug: [0mc_header: w_name=__sinhf
[1;36mdebug: [0mc_header: parsed function __sinhf with 1 params (varargs=0) at line 3015
[1;36mdebug: [0mc_header: w_name=tanhf
[1;36mdebug: [0mc_header: parsed function tanhf with 1 params (varargs=0) at line 3017
[1;36mdebug: [0mc_header: w_name=__tanhf
[1;36mdebug: [0mc_header: parsed function __tanhf with 1 params (varargs=0) at line 3017
[1;36mdebug: [0mc_header: w_name=acoshf
[1;36mdebug: [0mc_header: parsed function acoshf with 1 params (varargs=0) at line 3019
[1;36mdebug: [0mc_header: w_name=__acoshf
[1;36mdebug: [0mc_header: parsed function __acoshf with 1 params (varargs=0) at line 3019
[1;36mdebug: [0mc_header: w_name=asinhf
[1;36mdebug: [0mc_header: parsed function asinhf with 1 params (varargs=0) at line 3021
[1;36mdebug: [0mc_header: w_name=__asinhf
[1;36mdebug: [0mc_header: parsed function __asinhf with 1 params (varargs=0) at line 3021
[1;36mdebug: [0mc_header: w_name=atanhf
[1;36mdebug: [0mc_header: parsed function atanhf with 1 params (varargs=0) at line 3023
[1;36mdebug: [0mc_header: w_name=__atanhf
[1;36mdebug: [0mc_header: parsed function __atanhf with 1 params (varargs=0) at line 3023
[1;36mdebug: [0mc_header: w_name=expf
[1;36mdebug: [0mc_header: parsed function expf with 1 params (varargs=0) at line 3029
[1;36mdebug: [0mc_header: w_name=__expf
[1;36mdebug: [0mc_header: parsed function __expf with 1 params (varargs=0) at line 3029
[1;36mdebug: [0mc_header: w_name=frexpf
[1;36mdebug: [0mc_header: parsed function frexpf with 2 params (varargs=0) at line 3032
[1;36mdebug: [0mc_header: w_name=__frexpf
[1;36mdebug: [0mc_header: parsed function __frexpf with 2 params (varargs=0) at line 3032
[1;36mdebug: [0mc_header: w_name=ldexpf
[1;36mdebug: [0mc_header: parsed function ldexpf with 2 params (varargs=0) at line 3035
[1;36mdebug: [0mc_header: w_name=__ldexpf
[1;36mdebug: [0mc_header: parsed function __ldexpf with 2 params (varargs=0) at line 3035
[1;36mdebug: [0mc_header: w_name=logf
[1;36mdebug: [0mc_header: parsed function logf with 1 params (varargs=0) at line 3038
[1;36mdebug: [0mc_header: w_name=__logf
[1;36mdebug: [0mc_header: parsed function __logf with 1 params (varargs=0) at line 3038
[1;36mdebug: [0mc_header: w_name=log10f
[1;36mdebug: [0mc_header: parsed function log10f with 1 params (varargs=0) at line 3041
[1;36mdebug: [0mc_header: w_name=__log10f
[1;36mdebug: [0mc_header: parsed function __log10f with 1 params (varargs=0) at line 3041
[1;36mdebug: [0mc_header: w_name=modff
[1;36mdebug: [0mc_header: parsed function modff with 2 params (varargs=0) at line 3044
[1;36mdebug: [0mc_header: w_name=__modff
[1;36mdebug: [0mc_header: parsed function __modff with 2 params (varargs=0) at line 3044
[1;36mdebug: [0mc_header: w_name=exp10f
[1;36mdebug: [0mc_header: parsed function exp10f with 1 params (varargs=0) at line 3048
[1;36mdebug: [0mc_header: w_name=__exp10f
[1;36mdebug: [0mc_header: parsed function __exp10f with 1 params (varargs=0) at line 3048
[1;36mdebug: [0mc_header: w_name=exp2m1f
[1;36mdebug: [0mc_header: parsed function exp2m1f with 1 params (varargs=0) at line 3051
[1;36mdebug: [0mc_header: w_name=__exp2m1f
[1;36mdebug: [0mc_header: parsed function __exp2m1f with 1 params (varargs=0) at line 3051
[1;36mdebug: [0mc_header: w_name=exp10m1f
[1;36mdebug: [0mc_header: parsed function exp10m1f with 1 params (varargs=0) at line 3054
[1;36mdebug: [0mc_header: w_name=__exp10m1f
[1;36mdebug: [0mc_header: parsed function __exp10m1f with 1 params (varargs=0) at line 3054
[1;36mdebug: [0mc_header: w_name=log2p1f
[1;36mdebug: [0mc_header: parsed function log2p1f with 1 params (varargs=0) at line 3057
[1;36mdebug: [0mc_header: w_name=__log2p1f
[1;36mdebug: [0mc_header: parsed function __log2p1f with 1 params (varargs=0) at line 3057
[1;36mdebug: [0mc_header: w_name=log10p1f
[1;36mdebug: [0mc_header: parsed function log10p1f with 1 params (varargs=0) at line 3060
[1;36mdebug: [0mc_header: w_name=__log10p1f
[1;36mdebug: [0mc_header: parsed function __log10p1f with 1 params (varargs=0) at line 3060
[1;36mdebug: [0mc_header: w_name=logp1f
[1;36mdebug: [0mc_header: parsed function logp1f with 1 params (varargs=0) at line 3063
[1;36mdebug: [0mc_header: w_name=__logp1f
[1;36mdebug: [0mc_header: parsed function __logp1f with 1 params (varargs=0) at line 3063
[1;36mdebug: [0mc_header: w_name=expm1f
[1;36mdebug: [0mc_header: parsed function expm1f with 1 params (varargs=0) at line 3068
[1;36mdebug: [0mc_header: w_name=__expm1f
[1;36mdebug: [0mc_header: parsed function __expm1f with 1 params (varargs=0) at line 3068
[1;36mdebug: [0mc_header: w_name=log1pf
[1;36mdebug: [0mc_header: parsed function log1pf with 1 params (varargs=0) at line 3071
[1;36mdebug: [0mc_header: w_name=__log1pf
[1;36mdebug: [0mc_header: parsed function __log1pf with 1 params (varargs=0) at line 3071
[1;36mdebug: [0mc_header: w_name=logbf
[1;36mdebug: [0mc_header: parsed function logbf with 1 params (varargs=0) at line 3074
[1;36mdebug: [0mc_header: w_name=__logbf
[1;36mdebug: [0mc_header: parsed function __logbf with 1 params (varargs=0) at line 3074
[1;36mdebug: [0mc_header: w_name=exp2f
[1;36mdebug: [0mc_header: parsed function exp2f with 1 params (varargs=0) at line 3079
[1;36mdebug: [0mc_header: w_name=__exp2f
[1;36mdebug: [0mc_header: parsed function __exp2f with 1 params (varargs=0) at line 3079
[1;36mdebug: [0mc_header: w_name=log2f
[1;36mdebug: [0mc_header: parsed function log2f with 1 params (varargs=0) at line 3082
[1;36mdebug: [0mc_header: w_name=__log2f
[1;36mdebug: [0mc_header: parsed function __log2f with 1 params (varargs=0) at line 3082
[1;36mdebug: [0mc_header: w_name=powf
[1;36mdebug: [0mc_header: parsed function powf with 2 params (varargs=0) at line 3089
[1;36mdebug: [0mc_header: w_name=__powf
[1;36mdebug: [0mc_header: parsed function __powf with 2 params (varargs=0) at line 3089
[1;36mdebug: [0mc_header: w_name=sqrtf
[1;36mdebug: [0mc_header: parsed function sqrtf with 1 params (varargs=0) at line 3092
[1;36mdebug: [0mc_header: w_name=__sqrtf
[1;36mdebug: [0mc_header: parsed function __sqrtf with 1 params (varargs=0) at line 3092
[1;36mdebug: [0mc_header: w_name=hypotf
[1;36mdebug: [0mc_header: parsed function hypotf with 2 params (varargs=0) at line 3096
[1;36mdebug: [0mc_header: w_name=__hypotf
[1;36mdebug: [0mc_header: parsed function __hypotf with 2 params (varargs=0) at line 3096
[1;36mdebug: [0mc_header: w_name=cbrtf
[1;36mdebug: [0mc_header: parsed function cbrtf with 1 params (varargs=0) at line 3101
[1;36mdebug: [0mc_header: w_name=__cbrtf
[1;36mdebug: [0mc_header: parsed function __cbrtf with 1 params (varargs=0) at line 3101
[1;36mdebug: [0mc_header: w_name=compoundnf
[1;36mdebug: [0mc_header: parsed function compoundnf with 2 params (varargs=0) at line 3106
[1;36mdebug: [0mc_header: w_name=__compoundnf
[1;36mdebug: [0mc_header: parsed function __compoundnf with 2 params (varargs=0) at line 3106
[1;36mdebug: [0mc_header: w_name=pownf
[1;36mdebug: [0mc_header: parsed function pownf with 2 params (varargs=0) at line 3109
[1;36mdebug: [0mc_header: w_name=__pownf
[1;36mdebug: [0mc_header: parsed function __pownf with 2 params (varargs=0) at line 3109
[1;36mdebug: [0mc_header: w_name=powrf
[1;36mdebug: [0mc_header: parsed function powrf with 2 params (varargs=0) at line 3112
[1;36mdebug: [0mc_header: w_name=__powrf
[1;36mdebug: [0mc_header: parsed function __powrf with 2 params (varargs=0) at line 3112
[1;36mdebug: [0mc_header: w_name=powrf
[1;36mdebug: [0mc_header: parsed function powrf with 2 params (varargs=0) at line 3113
[1;36mdebug: [0mc_header: w_name=__powrf
[1;36mdebug: [0mc_header: parsed function __powrf with 2 params (varargs=0) at line 3113
[1;36mdebug: [0mc_header: w_name=rootnf
[1;36mdebug: [0mc_header: parsed function rootnf with 2 params (varargs=0) at line 3116
[1;36mdebug: [0mc_header: w_name=__rootnf
[1;36mdebug: [0mc_header: parsed function __rootnf with 2 params (varargs=0) at line 3116
[1;36mdebug: [0mc_header: w_name=rsqrtf
[1;36mdebug: [0mc_header: parsed function rsqrtf with 1 params (varargs=0) at line 3119
[1;36mdebug: [0mc_header: w_name=__rsqrtf
[1;36mdebug: [0mc_header: parsed function __rsqrtf with 1 params (varargs=0) at line 3119
[1;36mdebug: [0mc_header: w_name=ceilf
[1;36mdebug: [0mc_header: parsed function ceilf with 1 params (varargs=0) at line 3126
[1;36mdebug: [0mc_header: w_name=fabsf
[1;36mdebug: [0mc_header: parsed function fabsf with 1 params (varargs=0) at line 3129
[1;36mdebug: [0mc_header: w_name=floorf
[1;36mdebug: [0mc_header: parsed function floorf with 1 params (varargs=0) at line 3132
[1;36mdebug: [0mc_header: w_name=fmodf
[1;36mdebug: [0mc_header: parsed function fmodf with 2 params (varargs=0) at line 3135
[1;36mdebug: [0mc_header: w_name=__fmodf
[1;36mdebug: [0mc_header: parsed function __fmodf with 2 params (varargs=0) at line 3135
[1;36mdebug: [0mc_header: w_name=isinff
[1;36mdebug: [0mc_header: parsed function isinff with 1 params (varargs=0) at line 3137
[1;36mdebug: [0mc_header: w_name=finitef
[1;36mdebug: [0mc_header: parsed function finitef with 1 params (varargs=0) at line 3143
[1;36mdebug: [0mc_header: w_name=dremf
[1;36mdebug: [0mc_header: parsed function dremf with 2 params (varargs=0) at line 3147
[1;36mdebug: [0mc_header: w_name=__dremf
[1;36mdebug: [0mc_header: parsed function __dremf with 2 params (varargs=0) at line 3147
[1;36mdebug: [0mc_header: w_name=significandf
[1;36mdebug: [0mc_header: parsed function significandf with 1 params (varargs=0) at line 3151
[1;36mdebug: [0mc_header: w_name=__significandf
[1;36mdebug: [0mc_header: parsed function __significandf with 1 params (varargs=0) at line 3151
[1;36mdebug: [0mc_header: w_name=copysignf
[1;36mdebug: [0mc_header: parsed function copysignf with 2 params (varargs=0) at line 3158
[1;36mdebug: [0mc_header: w_name=nanf
[1;36mdebug: [0mc_header: parsed function nanf with 1 params (varargs=0) at line 3163
[1;36mdebug: [0mc_header: w_name=__nanf
[1;36mdebug: [0mc_header: parsed function __nanf with 1 params (varargs=0) at line 3163
[1;36mdebug: [0mc_header: w_name=isnanf
[1;36mdebug: [0mc_header: parsed function isnanf with 1 params (varargs=0) at line 3165
[1;36mdebug: [0mc_header: w_name=j0f
[1;36mdebug: [0mc_header: parsed function j0f with 1 params (varargs=0) at line 3172
[1;36mdebug: [0mc_header: w_name=__j0f
[1;36mdebug: [0mc_header: parsed function __j0f with 1 params (varargs=0) at line 3172
[1;36mdebug: [0mc_header: w_name=j1f
[1;36mdebug: [0mc_header: parsed function j1f with 1 params (varargs=0) at line 3173
[1;36mdebug: [0mc_header: w_name=__j1f
[1;36mdebug: [0mc_header: parsed function __j1f with 1 params (varargs=0) at line 3173
[1;36mdebug: [0mc_header: w_name=jnf
[1;36mdebug: [0mc_header: parsed function jnf with 2 params (varargs=0) at line 3174
[1;36mdebug: [0mc_header: w_name=__jnf
[1;36mdebug: [0mc_header: parsed function __jnf with 2 params (varargs=0) at line 3174
[1;36mdebug: [0mc_header: w_name=y0f
[1;36mdebug: [0mc_header: parsed function y0f with 1 params (varargs=0) at line 3175
[1;36mdebug: [0mc_header: w_name=__y0f
[1;36mdebug: [0mc_header: parsed function __y0f with 1 params (varargs=0) at line 3175
[1;36mdebug: [0mc_header: w_name=y1f
[1;36mdebug: [0mc_header: parsed function y1f with 1 params (varargs=0) at line 3176
[1;36mdebug: [0mc_header: w_name=__y1f
[1;36mdebug: [0mc_header: parsed function __y1f with 1 params (varargs=0) at line 3176
[1;36mdebug: [0mc_header: w_name=ynf
[1;36mdebug: [0mc_header: parsed function ynf with 2 params (varargs=0) at line 3177
[1;36mdebug: [0mc_header: w_name=__ynf
[1;36mdebug: [0mc_header: parsed function __ynf with 2 params (varargs=0) at line 3177
[1;36mdebug: [0mc_header: w_name=erff
[1;36mdebug: [0mc_header: parsed function erff with 1 params (varargs=0) at line 3183
[1;36mdebug: [0mc_header: w_name=__erff
[1;36mdebug: [0mc_header: parsed function __erff with 1 params (varargs=0) at line 3183
[1;36mdebug: [0mc_header: w_name=erfcf
[1;36mdebug: [0mc_header: parsed function erfcf with 1 params (varargs=0) at line 3184
[1;36mdebug: [0mc_header: w_name=__erfcf
[1;36mdebug: [0mc_header: parsed function __erfcf with 1 params (varargs=0) at line 3184
[1;36mdebug: [0mc_header: w_name=lgammaf
[1;36mdebug: [0mc_header: parsed function lgammaf with 1 params (varargs=0) at line 3185
[1;36mdebug: [0mc_header: w_name=__lgammaf
[1;36mdebug: [0mc_header: parsed function __lgammaf with 1 params (varargs=0) at line 3185
[1;36mdebug: [0mc_header: w_name=tgammaf
[1;36mdebug: [0mc_header: parsed function tgammaf with 1 params (varargs=0) at line 3190
[1;36mdebug: [0mc_header: w_name=__tgammaf
[1;36mdebug: [0mc_header: parsed function __tgammaf with 1 params (varargs=0) at line 3190
[1;36mdebug: [0mc_header: w_name=gammaf
[1;36mdebug: [0mc_header: parsed function gammaf with 1 params (varargs=0) at line 3196
[1;36mdebug: [0mc_header: w_name=__gammaf
[1;36mdebug: [0mc_header: parsed function __gammaf with 1 params (varargs=0) at line 3196
[1;36mdebug: [0mc_header: w_name=lgammaf_r
[1;36mdebug: [0mc_header: parsed function lgammaf_r with 2 params (varargs=0) at line 3204
[1;36mdebug: [0mc_header: w_name=__lgammaf_r
[1;36mdebug: [0mc_header: parsed function __lgammaf_r with 2 params (varargs=0) at line 3204
[1;36mdebug: [0mc_header: w_name=rintf
[1;36mdebug: [0mc_header: parsed function rintf with 1 params (varargs=0) at line 3211
[1;36mdebug: [0mc_header: w_name=__rintf
[1;36mdebug: [0mc_header: parsed function __rintf with 1 params (varargs=0) at line 3211
[1;36mdebug: [0mc_header: w_name=nextafterf
[1;36mdebug: [0mc_header: parsed function nextafterf with 2 params (varargs=0) at line 3214
[1;36mdebug: [0mc_header: w_name=__nextafterf
[1;36mdebug: [0mc_header: parsed function __nextafterf with 2 params (varargs=0) at line 3214
[1;36mdebug: [0mc_header: w_name=nexttowardf
[1;36mdebug: [0mc_header: parsed function nexttowardf with 2 params (varargs=0) at line 3216
[1;36mdebug: [0mc_header: w_name=__nexttowardf
[1;36mdebug: [0mc_header: parsed function __nexttowardf with 2 params (varargs=0) at line 3216
[1;36mdebug: [0mc_header: w_name=nextdownf
[1;36mdebug: [0mc_header: parsed function nextdownf with 1 params (varargs=0) at line 3221
[1;36mdebug: [0mc_header: w_name=__nextdownf
[1;36mdebug: [0mc_header: parsed function __nextdownf with 1 params (varargs=0) at line 3221
[1;36mdebug: [0mc_header: w_name=nextupf
[1;36mdebug: [0mc_header: parsed function nextupf with 1 params (varargs=0) at line 3223
[1;36mdebug: [0mc_header: w_name=__nextupf
[1;36mdebug: [0mc_header: parsed function __nextupf with 1 params (varargs=0) at line 3223
[1;36mdebug: [0mc_header: w_name=remainderf
[1;36mdebug: [0mc_header: parsed function remainderf with 2 params (varargs=0) at line 3227
[1;36mdebug: [0mc_header: w_name=__remainderf
[1;36mdebug: [0mc_header: parsed function __remainderf with 2 params (varargs=0) at line 3227
[1;36mdebug: [0mc_header: w_name=scalbnf
[1;36mdebug: [0mc_header: parsed function scalbnf with 2 params (varargs=0) at line 3231
[1;36mdebug: [0mc_header: w_name=__scalbnf
[1;36mdebug: [0mc_header: parsed function __scalbnf with 2 params (varargs=0) at line 3231
[1;36mdebug: [0mc_header: w_name=ilogbf
[1;36mdebug: [0mc_header: parsed function ilogbf with 1 params (varargs=0) at line 3235
[1;36mdebug: [0mc_header: w_name=__ilogbf
[1;36mdebug: [0mc_header: parsed function __ilogbf with 1 params (varargs=0) at line 3235
[1;36mdebug: [0mc_header: w_name=llogbf
[1;36mdebug: [0mc_header: parsed function llogbf with 1 params (varargs=0) at line 3240
[1;36mdebug: [0mc_header: w_name=__llogbf
[1;36mdebug: [0mc_header: parsed function __llogbf with 1 params (varargs=0) at line 3240
[1;36mdebug: [0mc_header: w_name=scalblnf
[1;36mdebug: [0mc_header: parsed function scalblnf with 2 params (varargs=0) at line 3245
[1;36mdebug: [0mc_header: w_name=__scalblnf
[1;36mdebug: [0mc_header: parsed function __scalblnf with 2 params (varargs=0) at line 3245
[1;36mdebug: [0mc_header: w_name=nearbyintf
[1;36mdebug: [0mc_header: parsed function nearbyintf with 1 params (varargs=0) at line 3249
[1;36mdebug: [0mc_header: w_name=__nearbyintf
[1;36mdebug: [0mc_header: parsed function __nearbyintf with 1 params (varargs=0) at line 3249
[1;36mdebug: [0mc_header: w_name=roundf
[1;36mdebug: [0mc_header: parsed function roundf with 1 params (varargs=0) at line 3253
[1;36mdebug: [0mc_header: w_name=truncf
[1;36mdebug: [0mc_header: parsed function truncf with 1 params (varargs=0) at line 3257
[1;36mdebug: [0mc_header: w_name=remquof
[1;36mdebug: [0mc_header: parsed function remquof with 3 params (varargs=0) at line 3262
[1;36mdebug: [0mc_header: w_name=__remquof
[1;36mdebug: [0mc_header: parsed function __remquof with 3 params (varargs=0) at line 3262
[1;36mdebug: [0mc_header: w_name=lrintf
[1;36mdebug: [0mc_header: parsed function lrintf with 1 params (varargs=0) at line 3269
[1;36mdebug: [0mc_header: w_name=__lrintf
[1;36mdebug: [0mc_header: parsed function __lrintf with 1 params (varargs=0) at line 3269
[1;36mdebug: [0mc_header: w_name=llrintf
[1;36mdebug: [0mc_header: parsed function llrintf with 1 params (varargs=0) at line 3271
[1;36mdebug: [0mc_header: w_name=__llrintf
[1;36mdebug: [0mc_header: parsed function __llrintf with 1 params (varargs=0) at line 3271
[1;36mdebug: [0mc_header: w_name=lroundf
[1;36mdebug: [0mc_header: parsed function lroundf with 1 params (varargs=0) at line 3275
[1;36mdebug: [0mc_header: w_name=__lroundf
[1;36mdebug: [0mc_header: parsed function __lroundf with 1 params (varargs=0) at line 3275
[1;36mdebug: [0mc_header: w_name=llroundf
[1;36mdebug: [0mc_header: parsed function llroundf with 1 params (varargs=0) at line 3277
[1;36mdebug: [0mc_header: w_name=__llroundf
[1;36mdebug: [0mc_header: parsed function __llroundf with 1 params (varargs=0) at line 3277
[1;36mdebug: [0mc_header: w_name=fdimf
[1;36mdebug: [0mc_header: parsed function fdimf with 2 params (varargs=0) at line 3281
[1;36mdebug: [0mc_header: w_name=__fdimf
[1;36mdebug: [0mc_header: parsed function __fdimf with 2 params (varargs=0) at line 3281
[1;36mdebug: [0mc_header: w_name=fmaxf
[1;36mdebug: [0mc_header: parsed function fmaxf with 2 params (varargs=0) at line 3285
[1;36mdebug: [0mc_header: w_name=fminf
[1;36mdebug: [0mc_header: parsed function fminf with 2 params (varargs=0) at line 3288
[1;36mdebug: [0mc_header: w_name=fmaf
[1;36mdebug: [0mc_header: parsed function fmaf with 3 params (varargs=0) at line 3292
[1;36mdebug: [0mc_header: w_name=__fmaf
[1;36mdebug: [0mc_header: parsed function __fmaf with 3 params (varargs=0) at line 3292
[1;36mdebug: [0mc_header: w_name=roundevenf
[1;36mdebug: [0mc_header: parsed function roundevenf with 1 params (varargs=0) at line 3297
[1;36mdebug: [0mc_header: w_name=fromfpf
[1;36mdebug: [0mc_header: parsed function fromfpf with 3 params (varargs=0) at line 3301
[1;36mdebug: [0mc_header: w_name=__fromfpf
[1;36mdebug: [0mc_header: parsed function __fromfpf with 3 params (varargs=0) at line 3301
[1;36mdebug: [0mc_header: w_name=ufromfpf
[1;36mdebug: [0mc_header: parsed function ufromfpf with 3 params (varargs=0) at line 3305
[1;36mdebug: [0mc_header: w_name=__ufromfpf
[1;36mdebug: [0mc_header: parsed function __ufromfpf with 3 params (varargs=0) at line 3305
[1;36mdebug: [0mc_header: w_name=fromfpxf
[1;36mdebug: [0mc_header: parsed function fromfpxf with 3 params (varargs=0) at line 3310
[1;36mdebug: [0mc_header: w_name=__fromfpxf
[1;36mdebug: [0mc_header: parsed function __fromfpxf with 3 params (varargs=0) at line 3310
[1;36mdebug: [0mc_header: w_name=ufromfpxf
[1;36mdebug: [0mc_header: parsed function ufromfpxf with 3 params (varargs=0) at line 3315
[1;36mdebug: [0mc_header: w_name=__ufromfpxf
[1;36mdebug: [0mc_header: parsed function __ufromfpxf with 3 params (varargs=0) at line 3315
[1;36mdebug: [0mc_header: w_name=canonicalizef
[1;36mdebug: [0mc_header: parsed function canonicalizef with 2 params (varargs=0) at line 3318
[1;36mdebug: [0mc_header: w_name=fmaximumf
[1;36mdebug: [0mc_header: parsed function fmaximumf with 2 params (varargs=0) at line 3320
[1;36mdebug: [0mc_header: w_name=fminimumf
[1;36mdebug: [0mc_header: parsed function fminimumf with 2 params (varargs=0) at line 3323
[1;36mdebug: [0mc_header: w_name=fmaximum_numf
[1;36mdebug: [0mc_header: parsed function fmaximum_numf with 2 params (varargs=0) at line 3326
[1;36mdebug: [0mc_header: w_name=fminimum_numf
[1;36mdebug: [0mc_header: parsed function fminimum_numf with 2 params (varargs=0) at line 3329
[1;36mdebug: [0mc_header: w_name=fmaximum_magf
[1;36mdebug: [0mc_header: parsed function fmaximum_magf with 2 params (varargs=0) at line 3332
[1;36mdebug: [0mc_header: w_name=fminimum_magf
[1;36mdebug: [0mc_header: parsed function fminimum_magf with 2 params (varargs=0) at line 3335
[1;36mdebug: [0mc_header: w_name=fmaximum_mag_numf
[1;36mdebug: [0mc_header: parsed function fmaximum_mag_numf with 2 params (varargs=0) at line 3338
[1;36mdebug: [0mc_header: w_name=fminimum_mag_numf
[1;36mdebug: [0mc_header: parsed function fminimum_mag_numf with 2 params (varargs=0) at line 3341
[1;36mdebug: [0mc_header: w_name=scalbf
[1;36mdebug: [0mc_header: parsed function scalbf with 2 params (varargs=0) at line 3343
[1;36mdebug: [0mc_header: w_name=__scalbf
[1;36mdebug: [0mc_header: parsed function __scalbf with 2 params (varargs=0) at line 3343
[1;36mdebug: [0mc_header: w_name=__fpclassifyl
[1;36mdebug: [0mc_header: parsed function __fpclassifyl with 1 params (varargs=0) at line 3348
[1;36mdebug: [0mc_header: w_name=__signbitl
[1;36mdebug: [0mc_header: parsed function __signbitl with 1 params (varargs=0) at line 3352
[1;36mdebug: [0mc_header: w_name=__isinfl
[1;36mdebug: [0mc_header: parsed function __isinfl with 1 params (varargs=0) at line 3357
[1;36mdebug: [0mc_header: w_name=__finitel
[1;36mdebug: [0mc_header: parsed function __finitel with 1 params (varargs=0) at line 3361
[1;36mdebug: [0mc_header: w_name=__isnanl
[1;36mdebug: [0mc_header: parsed function __isnanl with 1 params (varargs=0) at line 3365
[1;36mdebug: [0mc_header: w_name=__iseqsigl
[1;36mdebug: [0mc_header: parsed function __iseqsigl with 2 params (varargs=0) at line 3369
[1;36mdebug: [0mc_header: w_name=__issignalingl
[1;36mdebug: [0mc_header: parsed function __issignalingl with 1 params (varargs=0) at line 3372
[1;36mdebug: [0mc_header: w_name=acosl
[1;36mdebug: [0mc_header: parsed function acosl with 1 params (varargs=0) at line 3377
[1;36mdebug: [0mc_header: w_name=__acosl
[1;36mdebug: [0mc_header: parsed function __acosl with 1 params (varargs=0) at line 3377
[1;36mdebug: [0mc_header: w_name=asinl
[1;36mdebug: [0mc_header: parsed function asinl with 1 params (varargs=0) at line 3379
[1;36mdebug: [0mc_header: w_name=__asinl
[1;36mdebug: [0mc_header: parsed function __asinl with 1 params (varargs=0) at line 3379
[1;36mdebug: [0mc_header: w_name=atanl
[1;36mdebug: [0mc_header: parsed function atanl with 1 params (varargs=0) at line 3381
[1;36mdebug: [0mc_header: w_name=__atanl
[1;36mdebug: [0mc_header: parsed function __atanl with 1 params (varargs=0) at line 3381
[1;36mdebug: [0mc_header: w_name=atan2l
[1;36mdebug: [0mc_header: parsed function atan2l with 2 params (varargs=0) at line 3383
[1;36mdebug: [0mc_header: w_name=__atan2l
[1;36mdebug: [0mc_header: parsed function __atan2l with 2 params (varargs=0) at line 3383
[1;36mdebug: [0mc_header: w_name=cosl
[1;36mdebug: [0mc_header: parsed function cosl with 1 params (varargs=0) at line 3386
[1;36mdebug: [0mc_header: w_name=__cosl
[1;36mdebug: [0mc_header: parsed function __cosl with 1 params (varargs=0) at line 3386
[1;36mdebug: [0mc_header: w_name=sinl
[1;36mdebug: [0mc_header: parsed function sinl with 1 params (varargs=0) at line 3388
[1;36mdebug: [0mc_header: w_name=__sinl
[1;36mdebug: [0mc_header: parsed function __sinl with 1 params (varargs=0) at line 3388
[1;36mdebug: [0mc_header: w_name=tanl
[1;36mdebug: [0mc_header: parsed function tanl with 1 params (varargs=0) at line 3390
[1;36mdebug: [0mc_header: w_name=__tanl
[1;36mdebug: [0mc_header: parsed function __tanl with 1 params (varargs=0) at line 3390
[1;36mdebug: [0mc_header: w_name=acospil
[1;36mdebug: [0mc_header: parsed function acospil with 1 params (varargs=0) at line 3394
[1;36mdebug: [0mc_header: w_name=__acospil
[1;36mdebug: [0mc_header: parsed function __acospil with 1 params (varargs=0) at line 3394
[1;36mdebug: [0mc_header: w_name=acospil
[1;36mdebug: [0mc_header: parsed function acospil with 1 params (varargs=0) at line 3395
[1;36mdebug: [0mc_header: w_name=__acospil
[1;36mdebug: [0mc_header: parsed function __acospil with 1 params (varargs=0) at line 3395
[1;36mdebug: [0mc_header: w_name=asinpil
[1;36mdebug: [0mc_header: parsed function asinpil with 1 params (varargs=0) at line 3397
[1;36mdebug: [0mc_header: w_name=__asinpil
[1;36mdebug: [0mc_header: parsed function __asinpil with 1 params (varargs=0) at line 3397
[1;36mdebug: [0mc_header: w_name=asinpil
[1;36mdebug: [0mc_header: parsed function asinpil with 1 params (varargs=0) at line 3398
[1;36mdebug: [0mc_header: w_name=__asinpil
[1;36mdebug: [0mc_header: parsed function __asinpil with 1 params (varargs=0) at line 3398
[1;36mdebug: [0mc_header: w_name=atanpil
[1;36mdebug: [0mc_header: parsed function atanpil with 1 params (varargs=0) at line 3400
[1;36mdebug: [0mc_header: w_name=__atanpil
[1;36mdebug: [0mc_header: parsed function __atanpil with 1 params (varargs=0) at line 3400
[1;36mdebug: [0mc_header: w_name=atanpil
[1;36mdebug: [0mc_header: parsed function atanpil with 1 params (varargs=0) at line 3401
[1;36mdebug: [0mc_header: w_name=__atanpil
[1;36mdebug: [0mc_header: parsed function __atanpil with 1 params (varargs=0) at line 3401
[1;36mdebug: [0mc_header: w_name=atan2pil
[1;36mdebug: [0mc_header: parsed function atan2pil with 2 params (varargs=0) at line 3403
[1;36mdebug: [0mc_header: w_name=__atan2pil
[1;36mdebug: [0mc_header: parsed function __atan2pil with 2 params (varargs=0) at line 3403
[1;36mdebug: [0mc_header: w_name=atan2pil
[1;36mdebug: [0mc_header: parsed function atan2pil with 2 params (varargs=0) at line 3404
[1;36mdebug: [0mc_header: w_name=__atan2pil
[1;36mdebug: [0mc_header: parsed function __atan2pil with 2 params (varargs=0) at line 3404
[1;36mdebug: [0mc_header: w_name=cospil
[1;36mdebug: [0mc_header: parsed function cospil with 1 params (varargs=0) at line 3407
[1;36mdebug: [0mc_header: w_name=__cospil
[1;36mdebug: [0mc_header: parsed function __cospil with 1 params (varargs=0) at line 3407
[1;36mdebug: [0mc_header: w_name=sinpil
[1;36mdebug: [0mc_header: parsed function sinpil with 1 params (varargs=0) at line 3409
[1;36mdebug: [0mc_header: w_name=__sinpil
[1;36mdebug: [0mc_header: parsed function __sinpil with 1 params (varargs=0) at line 3409
[1;36mdebug: [0mc_header: w_name=tanpil
[1;36mdebug: [0mc_header: parsed function tanpil with 1 params (varargs=0) at line 3411
[1;36mdebug: [0mc_header: w_name=__tanpil
[1;36mdebug: [0mc_header: parsed function __tanpil with 1 params (varargs=0) at line 3411
[1;36mdebug: [0mc_header: w_name=coshl
[1;36mdebug: [0mc_header: parsed function coshl with 1 params (varargs=0) at line 3417
[1;36mdebug: [0mc_header: w_name=__coshl
[1;36mdebug: [0mc_header: parsed function __coshl with 1 params (varargs=0) at line 3417
[1;36mdebug: [0mc_header: w_name=sinhl
[1;36mdebug: [0mc_header: parsed function sinhl with 1 params (varargs=0) at line 3419
[1;36mdebug: [0mc_header: w_name=__sinhl
[1;36mdebug: [0mc_header: parsed function __sinhl with 1 params (varargs=0) at line 3419
[1;36mdebug: [0mc_header: w_name=tanhl
[1;36mdebug: [0mc_header: parsed function tanhl with 1 params (varargs=0) at line 3421
[1;36mdebug: [0mc_header: w_name=__tanhl
[1;36mdebug: [0mc_header: parsed function __tanhl with 1 params (varargs=0) at line 3421
[1;36mdebug: [0mc_header: w_name=acoshl
[1;36mdebug: [0mc_header: parsed function acoshl with 1 params (varargs=0) at line 3423
[1;36mdebug: [0mc_header: w_name=__acoshl
[1;36mdebug: [0mc_header: parsed function __acoshl with 1 params (varargs=0) at line 3423
[1;36mdebug: [0mc_header: w_name=asinhl
[1;36mdebug: [0mc_header: parsed function asinhl with 1 params (varargs=0) at line 3425
[1;36mdebug: [0mc_header: w_name=__asinhl
[1;36mdebug: [0mc_header: parsed function __asinhl with 1 params (varargs=0) at line 3425
[1;36mdebug: [0mc_header: w_name=atanhl
[1;36mdebug: [0mc_header: parsed function atanhl with 1 params (varargs=0) at line 3427
[1;36mdebug: [0mc_header: w_name=__atanhl
[1;36mdebug: [0mc_header: parsed function __atanhl with 1 params (varargs=0) at line 3427
[1;36mdebug: [0mc_header: w_name=expl
[1;36mdebug: [0mc_header: parsed function expl with 1 params (varargs=0) at line 3433
[1;36mdebug: [0mc_header: w_name=__expl
[1;36mdebug: [0mc_header: parsed function __expl with 1 params (varargs=0) at line 3433
[1;36mdebug: [0mc_header: w_name=frexpl
[1;36mdebug: [0mc_header: parsed function frexpl with 2 params (varargs=0) at line 3436
[1;36mdebug: [0mc_header: w_name=__frexpl
[1;36mdebug: [0mc_header: parsed function __frexpl with 2 params (varargs=0) at line 3436
[1;36mdebug: [0mc_header: w_name=ldexpl
[1;36mdebug: [0mc_header: parsed function ldexpl with 2 params (varargs=0) at line 3439
[1;36mdebug: [0mc_header: w_name=__ldexpl
[1;36mdebug: [0mc_header: parsed function __ldexpl with 2 params (varargs=0) at line 3439
[1;36mdebug: [0mc_header: w_name=logl
[1;36mdebug: [0mc_header: parsed function logl with 1 params (varargs=0) at line 3442
[1;36mdebug: [0mc_header: w_name=__logl
[1;36mdebug: [0mc_header: parsed function __logl with 1 params (varargs=0) at line 3442
[1;36mdebug: [0mc_header: w_name=log10l
[1;36mdebug: [0mc_header: parsed function log10l with 1 params (varargs=0) at line 3445
[1;36mdebug: [0mc_header: w_name=__log10l
[1;36mdebug: [0mc_header: parsed function __log10l with 1 params (varargs=0) at line 3445
[1;36mdebug: [0mc_header: w_name=modfl
[1;36mdebug: [0mc_header: parsed function modfl with 2 params (varargs=0) at line 3448
[1;36mdebug: [0mc_header: w_name=__modfl
[1;36mdebug: [0mc_header: parsed function __modfl with 2 params (varargs=0) at line 3448
[1;36mdebug: [0mc_header: w_name=exp10l
[1;36mdebug: [0mc_header: parsed function exp10l with 1 params (varargs=0) at line 3452
[1;36mdebug: [0mc_header: w_name=__exp10l
[1;36mdebug: [0mc_header: parsed function __exp10l with 1 params (varargs=0) at line 3452
[1;36mdebug: [0mc_header: w_name=exp2m1l
[1;36mdebug: [0mc_header: parsed function exp2m1l with 1 params (varargs=0) at line 3455
[1;36mdebug: [0mc_header: w_name=__exp2m1l
[1;36mdebug: [0mc_header: parsed function __exp2m1l with 1 params (varargs=0) at line 3455
[1;36mdebug: [0mc_header: w_name=exp10m1l
[1;36mdebug: [0mc_header: parsed function exp10m1l with 1 params (varargs=0) at line 3458
[1;36mdebug: [0mc_header: w_name=__exp10m1l
[1;36mdebug: [0mc_header: parsed function __exp10m1l with 1 params (varargs=0) at line 3458
[1;36mdebug: [0mc_header: w_name=log2p1l
[1;36mdebug: [0mc_header: parsed function log2p1l with 1 params (varargs=0) at line 3461
[1;36mdebug: [0mc_header: w_name=__log2p1l
[1;36mdebug: [0mc_header: parsed function __log2p1l with 1 params (varargs=0) at line 3461
[1;36mdebug: [0mc_header: w_name=log10p1l
[1;36mdebug: [0mc_header: parsed function log10p1l with 1 params (varargs=0) at line 3464
[1;36mdebug: [0mc_header: w_name=__log10p1l
[1;36mdebug: [0mc_header: parsed function __log10p1l with 1 params (varargs=0) at line 3464
[1;36mdebug: [0mc_header: w_name=logp1l
[1;36mdebug: [0mc_header: parsed function logp1l with 1 params (varargs=0) at line 3467
[1;36mdebug: [0mc_header: w_name=__logp1l
[1;36mdebug: [0mc_header: parsed function __logp1l with 1 params (varargs=0) at line 3467
[1;36mdebug: [0mc_header: w_name=expm1l
[1;36mdebug: [0mc_header: parsed function expm1l with 1 params (varargs=0) at line 3472
[1;36mdebug: [0mc_header: w_name=__expm1l
[1;36mdebug: [0mc_header: parsed function __expm1l with 1 params (varargs=0) at line 3472
[1;36mdebug: [0mc_header: w_name=log1pl
[1;36mdebug: [0mc_header: parsed function log1pl with 1 params (varargs=0) at line 3475
[1;36mdebug: [0mc_header: w_name=__log1pl
[1;36mdebug: [0mc_header: parsed function __log1pl with 1 params (varargs=0) at line 3475
[1;36mdebug: [0mc_header: w_name=logbl
[1;36mdebug: [0mc_header: parsed function logbl with 1 params (varargs=0) at line 3478
[1;36mdebug: [0mc_header: w_name=__logbl
[1;36mdebug: [0mc_header: parsed function __logbl with 1 params (varargs=0) at line 3478
[1;36mdebug: [0mc_header: w_name=exp2l
[1;36mdebug: [0mc_header: parsed function exp2l with 1 params (varargs=0) at line 3483
[1;36mdebug: [0mc_header: w_name=__exp2l
[1;36mdebug: [0mc_header: parsed function __exp2l with 1 params (varargs=0) at line 3483
[1;36mdebug: [0mc_header: w_name=log2l
[1;36mdebug: [0mc_header: parsed function log2l with 1 params (varargs=0) at line 3486
[1;36mdebug: [0mc_header: w_name=__log2l
[1;36mdebug: [0mc_header: parsed function __log2l with 1 params (varargs=0) at line 3486
[1;36mdebug: [0mc_header: w_name=powl
[1;36mdebug: [0mc_header: parsed function powl with 2 params (varargs=0) at line 3493
[1;36mdebug: [0mc_header: w_name=__powl
[1;36mdebug: [0mc_header: parsed function __powl with 2 params (varargs=0) at line 3493
[1;36mdebug: [0mc_header: w_name=sqrtl
[1;36mdebug: [0mc_header: parsed function sqrtl with 1 params (varargs=0) at line 3496
[1;36mdebug: [0mc_header: w_name=__sqrtl
[1;36mdebug: [0mc_header: parsed function __sqrtl with 1 params (varargs=0) at line 3496
[1;36mdebug: [0mc_header: w_name=hypotl
[1;36mdebug: [0mc_header: parsed function hypotl with 2 params (varargs=0) at line 3500
[1;36mdebug: [0mc_header: w_name=__hypotl
[1;36mdebug: [0mc_header: parsed function __hypotl with 2 params (varargs=0) at line 3500
[1;36mdebug: [0mc_header: w_name=cbrtl
[1;36mdebug: [0mc_header: parsed function cbrtl with 1 params (varargs=0) at line 3505
[1;36mdebug: [0mc_header: w_name=__cbrtl
[1;36mdebug: [0mc_header: parsed function __cbrtl with 1 params (varargs=0) at line 3505
[1;36mdebug: [0mc_header: w_name=compoundnl
[1;36mdebug: [0mc_header: parsed function compoundnl with 2 params (varargs=0) at line 3510
[1;36mdebug: [0mc_header: w_name=__compoundnl
[1;36mdebug: [0mc_header: parsed function __compoundnl with 2 params (varargs=0) at line 3510
[1;36mdebug: [0mc_header: w_name=pownl
[1;36mdebug: [0mc_header: parsed function pownl with 2 params (varargs=0) at line 3513
[1;36mdebug: [0mc_header: w_name=__pownl
[1;36mdebug: [0mc_header: parsed function __pownl with 2 params (varargs=0) at line 3513
[1;36mdebug: [0mc_header: w_name=powrl
[1;36mdebug: [0mc_header: parsed function powrl with 2 params (varargs=0) at line 3516
[1;36mdebug: [0mc_header: w_name=__powrl
[1;36mdebug: [0mc_header: parsed function __powrl with 2 params (varargs=0) at line 3516
[1;36mdebug: [0mc_header: w_name=powrl
[1;36mdebug: [0mc_header: parsed function powrl with 2 params (varargs=0) at line 3517
[1;36mdebug: [0mc_header: w_name=__powrl
[1;36mdebug: [0mc_header: parsed function __powrl with 2 params (varargs=0) at line 3517
[1;36mdebug: [0mc_header: w_name=rootnl
[1;36mdebug: [0mc_header: parsed function rootnl with 2 params (varargs=0) at line 3520
[1;36mdebug: [0mc_header: w_name=__rootnl
[1;36mdebug: [0mc_header: parsed function __rootnl with 2 params (varargs=0) at line 3520
[1;36mdebug: [0mc_header: w_name=rsqrtl
[1;36mdebug: [0mc_header: parsed function rsqrtl with 1 params (varargs=0) at line 3523
[1;36mdebug: [0mc_header: w_name=__rsqrtl
[1;36mdebug: [0mc_header: parsed function __rsqrtl with 1 params (varargs=0) at line 3523
[1;36mdebug: [0mc_header: w_name=ceill
[1;36mdebug: [0mc_header: parsed function ceill with 1 params (varargs=0) at line 3530
[1;36mdebug: [0mc_header: w_name=fabsl
[1;36mdebug: [0mc_header: parsed function fabsl with 1 params (varargs=0) at line 3533
[1;36mdebug: [0mc_header: w_name=floorl
[1;36mdebug: [0mc_header: parsed function floorl with 1 params (varargs=0) at line 3536
[1;36mdebug: [0mc_header: w_name=fmodl
[1;36mdebug: [0mc_header: parsed function fmodl with 2 params (varargs=0) at line 3539
[1;36mdebug: [0mc_header: w_name=__fmodl
[1;36mdebug: [0mc_header: parsed function __fmodl with 2 params (varargs=0) at line 3539
[1;36mdebug: [0mc_header: w_name=isinfl
[1;36mdebug: [0mc_header: parsed function isinfl with 1 params (varargs=0) at line 3541
[1;36mdebug: [0mc_header: w_name=finitel
[1;36mdebug: [0mc_header: parsed function finitel with 1 params (varargs=0) at line 3547
[1;36mdebug: [0mc_header: w_name=dreml
[1;36mdebug: [0mc_header: parsed function dreml with 2 params (varargs=0) at line 3551
[1;36mdebug: [0mc_header: w_name=__dreml
[1;36mdebug: [0mc_header: parsed function __dreml with 2 params (varargs=0) at line 3551
[1;36mdebug: [0mc_header: w_name=significandl
[1;36mdebug: [0mc_header: parsed function significandl with 1 params (varargs=0) at line 3555
[1;36mdebug: [0mc_header: w_name=__significandl
[1;36mdebug: [0mc_header: parsed function __significandl with 1 params (varargs=0) at line 3555
[1;36mdebug: [0mc_header: w_name=copysignl
[1;36mdebug: [0mc_header: parsed function copysignl with 2 params (varargs=0) at line 3562
[1;36mdebug: [0mc_header: w_name=nanl
[1;36mdebug: [0mc_header: parsed function nanl with 1 params (varargs=0) at line 3567
[1;36mdebug: [0mc_header: w_name=__nanl
[1;36mdebug: [0mc_header: parsed function __nanl with 1 params (varargs=0) at line 3567
[1;36mdebug: [0mc_header: w_name=isnanl
[1;36mdebug: [0mc_header: parsed function isnanl with 1 params (varargs=0) at line 3569
[1;36mdebug: [0mc_header: w_name=j0l
[1;36mdebug: [0mc_header: parsed function j0l with 1 params (varargs=0) at line 3576
[1;36mdebug: [0mc_header: w_name=__j0l
[1;36mdebug: [0mc_header: parsed function __j0l with 1 params (varargs=0) at line 3576
[1;36mdebug: [0mc_header: w_name=j1l
[1;36mdebug: [0mc_header: parsed function j1l with 1 params (varargs=0) at line 3577
[1;36mdebug: [0mc_header: w_name=__j1l
[1;36mdebug: [0mc_header: parsed function __j1l with 1 params (varargs=0) at line 3577
[1;36mdebug: [0mc_header: w_name=jnl
[1;36mdebug: [0mc_header: parsed function jnl with 2 params (varargs=0) at line 3578
[1;36mdebug: [0mc_header: w_name=__jnl
[1;36mdebug: [0mc_header: parsed function __jnl with 2 params (varargs=0) at line 3578
[1;36mdebug: [0mc_header: w_name=y0l
[1;36mdebug: [0mc_header: parsed function y0l with 1 params (varargs=0) at line 3579
[1;36mdebug: [0mc_header: w_name=__y0l
[1;36mdebug: [0mc_header: parsed function __y0l with 1 params (varargs=0) at line 3579
[1;36mdebug: [0mc_header: w_name=y1l
[1;36mdebug: [0mc_header: parsed function y1l with 1 params (varargs=0) at line 3580
[1;36mdebug: [0mc_header: w_name=__y1l
[1;36mdebug: [0mc_header: parsed function __y1l with 1 params (varargs=0) at line 3580
[1;36mdebug: [0mc_header: w_name=ynl
[1;36mdebug: [0mc_header: parsed function ynl with 2 params (varargs=0) at line 3581
[1;36mdebug: [0mc_header: w_name=__ynl
[1;36mdebug: [0mc_header: parsed function __ynl with 2 params (varargs=0) at line 3581
[1;36mdebug: [0mc_header: w_name=erfl
[1;36mdebug: [0mc_header: parsed function erfl with 1 params (varargs=0) at line 3587
[1;36mdebug: [0mc_header: w_name=__erfl
[1;36mdebug: [0mc_header: parsed function __erfl with 1 params (varargs=0) at line 3587
[1;36mdebug: [0mc_header: w_name=erfcl
[1;36mdebug: [0mc_header: parsed function erfcl with 1 params (varargs=0) at line 3588
[1;36mdebug: [0mc_header: w_name=__erfcl
[1;36mdebug: [0mc_header: parsed function __erfcl with 1 params (varargs=0) at line 3588
[1;36mdebug: [0mc_header: w_name=lgammal
[1;36mdebug: [0mc_header: parsed function lgammal with 1 params (varargs=0) at line 3589
[1;36mdebug: [0mc_header: w_name=__lgammal
[1;36mdebug: [0mc_header: parsed function __lgammal with 1 params (varargs=0) at line 3589
[1;36mdebug: [0mc_header: w_name=tgammal
[1;36mdebug: [0mc_header: parsed function tgammal with 1 params (varargs=0) at line 3594
[1;36mdebug: [0mc_header: w_name=__tgammal
[1;36mdebug: [0mc_header: parsed function __tgammal with 1 params (varargs=0) at line 3594
[1;36mdebug: [0mc_header: w_name=gammal
[1;36mdebug: [0mc_header: parsed function gammal with 1 params (varargs=0) at line 3600
[1;36mdebug: [0mc_header: w_name=__gammal
[1;36mdebug: [0mc_header: parsed function __gammal with 1 params (varargs=0) at line 3600
[1;36mdebug: [0mc_header: w_name=lgammal_r
[1;36mdebug: [0mc_header: parsed function lgammal_r with 2 params (varargs=0) at line 3608
[1;36mdebug: [0mc_header: w_name=__lgammal_r
[1;36mdebug: [0mc_header: parsed function __lgammal_r with 2 params (varargs=0) at line 3608
[1;36mdebug: [0mc_header: w_name=rintl
[1;36mdebug: [0mc_header: parsed function rintl with 1 params (varargs=0) at line 3615
[1;36mdebug: [0mc_header: w_name=__rintl
[1;36mdebug: [0mc_header: parsed function __rintl with 1 params (varargs=0) at line 3615
[1;36mdebug: [0mc_header: w_name=nextafterl
[1;36mdebug: [0mc_header: parsed function nextafterl with 2 params (varargs=0) at line 3618
[1;36mdebug: [0mc_header: w_name=__nextafterl
[1;36mdebug: [0mc_header: parsed function __nextafterl with 2 params (varargs=0) at line 3618
[1;36mdebug: [0mc_header: w_name=nexttowardl
[1;36mdebug: [0mc_header: parsed function nexttowardl with 2 params (varargs=0) at line 3620
[1;36mdebug: [0mc_header: w_name=__nexttowardl
[1;36mdebug: [0mc_header: parsed function __nexttowardl with 2 params (varargs=0) at line 3620
[1;36mdebug: [0mc_header: w_name=nextdownl
[1;36mdebug: [0mc_header: parsed function nextdownl with 1 params (varargs=0) at line 3625
[1;36mdebug: [0mc_header: w_name=__nextdownl
[1;36mdebug: [0mc_header: parsed function __nextdownl with 1 params (varargs=0) at line 3625
[1;36mdebug: [0mc_header: w_name=nextupl
[1;36mdebug: [0mc_header: parsed function nextupl with 1 params (varargs=0) at line 3627
[1;36mdebug: [0mc_header: w_name=__nextupl
[1;36mdebug: [0mc_header: parsed function __nextupl with 1 params (varargs=0) at line 3627
[1;36mdebug: [0mc_header: w_name=remainderl
[1;36mdebug: [0mc_header: parsed function remainderl with 2 params (varargs=0) at line 3631
[1;36mdebug: [0mc_header: w_name=__remainderl
[1;36mdebug: [0mc_header: parsed function __remainderl with 2 params (varargs=0) at line 3631
[1;36mdebug: [0mc_header: w_name=scalbnl
[1;36mdebug: [0mc_header: parsed function scalbnl with 2 params (varargs=0) at line 3635
[1;36mdebug: [0mc_header: w_name=__scalbnl
[1;36mdebug: [0mc_header: parsed function __scalbnl with 2 params (varargs=0) at line 3635
[1;36mdebug: [0mc_header: w_name=ilogbl
[1;36mdebug: [0mc_header: parsed function ilogbl with 1 params (varargs=0) at line 3639
[1;36mdebug: [0mc_header: w_name=__ilogbl
[1;36mdebug: [0mc_header: parsed function __ilogbl with 1 params (varargs=0) at line 3639
[1;36mdebug: [0mc_header: w_name=llogbl
[1;36mdebug: [0mc_header: parsed function llogbl with 1 params (varargs=0) at line 3644
[1;36mdebug: [0mc_header: w_name=__llogbl
[1;36mdebug: [0mc_header: parsed function __llogbl with 1 params (varargs=0) at line 3644
[1;36mdebug: [0mc_header: w_name=scalblnl
[1;36mdebug: [0mc_header: parsed function scalblnl with 2 params (varargs=0) at line 3649
[1;36mdebug: [0mc_header: w_name=__scalblnl
[1;36mdebug: [0mc_header: parsed function __scalblnl with 2 params (varargs=0) at line 3649
[1;36mdebug: [0mc_header: w_name=nearbyintl
[1;36mdebug: [0mc_header: parsed function nearbyintl with 1 params (varargs=0) at line 3653
[1;36mdebug: [0mc_header: w_name=__nearbyintl
[1;36mdebug: [0mc_header: parsed function __nearbyintl with 1 params (varargs=0) at line 3653
[1;36mdebug: [0mc_header: w_name=roundl
[1;36mdebug: [0mc_header: parsed function roundl with 1 params (varargs=0) at line 3657
[1;36mdebug: [0mc_header: w_name=truncl
[1;36mdebug: [0mc_header: parsed function truncl with 1 params (varargs=0) at line 3661
[1;36mdebug: [0mc_header: w_name=remquol
[1;36mdebug: [0mc_header: parsed function remquol with 3 params (varargs=0) at line 3666
[1;36mdebug: [0mc_header: w_name=__remquol
[1;36mdebug: [0mc_header: parsed function __remquol with 3 params (varargs=0) at line 3666
[1;36mdebug: [0mc_header: w_name=lrintl
[1;36mdebug: [0mc_header: parsed function lrintl with 1 params (varargs=0) at line 3673
[1;36mdebug: [0mc_header: w_name=__lrintl
[1;36mdebug: [0mc_header: parsed function __lrintl with 1 params (varargs=0) at line 3673
[1;36mdebug: [0mc_header: w_name=llrintl
[1;36mdebug: [0mc_header: parsed function llrintl with 1 params (varargs=0) at line 3675
[1;36mdebug: [0mc_header: w_name=__llrintl
[1;36mdebug: [0mc_header: parsed function __llrintl with 1 params (varargs=0) at line 3675
[1;36mdebug: [0mc_header: w_name=lroundl
[1;36mdebug: [0mc_header: parsed function lroundl with 1 params (varargs=0) at line 3679
[1;36mdebug: [0mc_header: w_name=__lroundl
[1;36mdebug: [0mc_header: parsed function __lroundl with 1 params (varargs=0) at line 3679
[1;36mdebug: [0mc_header: w_name=llroundl
[1;36mdebug: [0mc_header: parsed function llroundl with 1 params (varargs=0) at line 3681
[1;36mdebug: [0mc_header: w_name=__llroundl
[1;36mdebug: [0mc_header: parsed function __llroundl with 1 params (varargs=0) at line 3681
[1;36mdebug: [0mc_header: w_name=fdiml
[1;36mdebug: [0mc_header: parsed function fdiml with 2 params (varargs=0) at line 3685
[1;36mdebug: [0mc_header: w_name=__fdiml
[1;36mdebug: [0mc_header: parsed function __fdiml with 2 params (varargs=0) at line 3685
[1;36mdebug: [0mc_header: w_name=fmaxl
[1;36mdebug: [0mc_header: parsed function fmaxl with 2 params (varargs=0) at line 3689
[1;36mdebug: [0mc_header: w_name=fminl
[1;36mdebug: [0mc_header: parsed function fminl with 2 params (varargs=0) at line 3692
[1;36mdebug: [0mc_header: w_name=fmal
[1;36mdebug: [0mc_header: parsed function fmal with 3 params (varargs=0) at line 3696
[1;36mdebug: [0mc_header: w_name=__fmal
[1;36mdebug: [0mc_header: parsed function __fmal with 3 params (varargs=0) at line 3696
[1;36mdebug: [0mc_header: w_name=roundevenl
[1;36mdebug: [0mc_header: parsed function roundevenl with 1 params (varargs=0) at line 3701
[1;36mdebug: [0mc_header: w_name=fromfpl
[1;36mdebug: [0mc_header: parsed function fromfpl with 3 params (varargs=0) at line 3705
[1;36mdebug: [0mc_header: w_name=__fromfpl
[1;36mdebug: [0mc_header: parsed function __fromfpl with 3 params (varargs=0) at line 3705
[1;36mdebug: [0mc_header: w_name=ufromfpl
[1;36mdebug: [0mc_header: parsed function ufromfpl with 3 params (varargs=0) at line 3709
[1;36mdebug: [0mc_header: w_name=__ufromfpl
[1;36mdebug: [0mc_header: parsed function __ufromfpl with 3 params (varargs=0) at line 3709
[1;36mdebug: [0mc_header: w_name=fromfpxl
[1;36mdebug: [0mc_header: parsed function fromfpxl with 3 params (varargs=0) at line 3714
[1;36mdebug: [0mc_header: w_name=__fromfpxl
[1;36mdebug: [0mc_header: parsed function __fromfpxl with 3 params (varargs=0) at line 3714
[1;36mdebug: [0mc_header: w_name=ufromfpxl
[1;36mdebug: [0mc_header: parsed function ufromfpxl with 3 params (varargs=0) at line 3719
[1;36mdebug: [0mc_header: w_name=__ufromfpxl
[1;36mdebug: [0mc_header: parsed function __ufromfpxl with 3 params (varargs=0) at line 3719
[1;36mdebug: [0mc_header: w_name=canonicalizel
[1;36mdebug: [0mc_header: parsed function canonicalizel with 2 params (varargs=0) at line 3722
[1;36mdebug: [0mc_header: w_name=fmaximuml
[1;36mdebug: [0mc_header: parsed function fmaximuml with 2 params (varargs=0) at line 3724
[1;36mdebug: [0mc_header: w_name=fminimuml
[1;36mdebug: [0mc_header: parsed function fminimuml with 2 params (varargs=0) at line 3727
[1;36mdebug: [0mc_header: w_name=fmaximum_numl
[1;36mdebug: [0mc_header: parsed function fmaximum_numl with 2 params (varargs=0) at line 3730
[1;36mdebug: [0mc_header: w_name=fminimum_numl
[1;36mdebug: [0mc_header: parsed function fminimum_numl with 2 params (varargs=0) at line 3733
[1;36mdebug: [0mc_header: w_name=fmaximum_magl
[1;36mdebug: [0mc_header: parsed function fmaximum_magl with 2 params (varargs=0) at line 3736
[1;36mdebug: [0mc_header: w_name=fminimum_magl
[1;36mdebug: [0mc_header: parsed function fminimum_magl with 2 params (varargs=0) at line 3739
[1;36mdebug: [0mc_header: w_name=fmaximum_mag_numl
[1;36mdebug: [0mc_header: parsed function fmaximum_mag_numl with 2 params (varargs=0) at line 3742
[1;36mdebug: [0mc_header: w_name=fminimum_mag_numl
[1;36mdebug: [0mc_header: parsed function fminimum_mag_numl with 2 params (varargs=0) at line 3745
[1;36mdebug: [0mc_header: w_name=scalbl
[1;36mdebug: [0mc_header: parsed function scalbl with 2 params (varargs=0) at line 3747
[1;36mdebug: [0mc_header: w_name=__scalbl
[1;36mdebug: [0mc_header: parsed function __scalbl with 2 params (varargs=0) at line 3747
[1;36mdebug: [0mc_header: w_name=__fpclassifyf128
[1;36mdebug: [0mc_header: parsed function __fpclassifyf128 with 1 params (varargs=0) at line 3752
[1;36mdebug: [0mc_header: w_name=__signbitf128
[1;36mdebug: [0mc_header: parsed function __signbitf128 with 1 params (varargs=0) at line 3756
[1;36mdebug: [0mc_header: w_name=__isinff128
[1;36mdebug: [0mc_header: parsed function __isinff128 with 1 params (varargs=0) at line 3761
[1;36mdebug: [0mc_header: w_name=__finitef128
[1;36mdebug: [0mc_header: parsed function __finitef128 with 1 params (varargs=0) at line 3765
[1;36mdebug: [0mc_header: w_name=__isnanf128
[1;36mdebug: [0mc_header: parsed function __isnanf128 with 1 params (varargs=0) at line 3769
[1;36mdebug: [0mc_header: w_name=__iseqsigf128
[1;36mdebug: [0mc_header: parsed function __iseqsigf128 with 2 params (varargs=0) at line 3773
[1;36mdebug: [0mc_header: w_name=__issignalingf128
[1;36mdebug: [0mc_header: parsed function __issignalingf128 with 1 params (varargs=0) at line 3776
[1;36mdebug: [0mc_header: w_name=fadd
[1;36mdebug: [0mc_header: parsed function fadd with 2 params (varargs=0) at line 3782
[1;36mdebug: [0mc_header: w_name=fdiv
[1;36mdebug: [0mc_header: parsed function fdiv with 2 params (varargs=0) at line 3785
[1;36mdebug: [0mc_header: w_name=ffma
[1;36mdebug: [0mc_header: parsed function ffma with 3 params (varargs=0) at line 3788
[1;36mdebug: [0mc_header: w_name=fmul
[1;36mdebug: [0mc_header: parsed function fmul with 2 params (varargs=0) at line 3791
[1;36mdebug: [0mc_header: w_name=fsqrt
[1;36mdebug: [0mc_header: parsed function fsqrt with 1 params (varargs=0) at line 3794
[1;36mdebug: [0mc_header: w_name=fsub
[1;36mdebug: [0mc_header: parsed function fsub with 2 params (varargs=0) at line 3797
[1;36mdebug: [0mc_header: w_name=faddl
[1;36mdebug: [0mc_header: parsed function faddl with 2 params (varargs=0) at line 3802
[1;36mdebug: [0mc_header: w_name=fdivl
[1;36mdebug: [0mc_header: parsed function fdivl with 2 params (varargs=0) at line 3805
[1;36mdebug: [0mc_header: w_name=ffmal
[1;36mdebug: [0mc_header: parsed function ffmal with 3 params (varargs=0) at line 3808
[1;36mdebug: [0mc_header: w_name=fmull
[1;36mdebug: [0mc_header: parsed function fmull with 2 params (varargs=0) at line 3811
[1;36mdebug: [0mc_header: w_name=fsqrtl
[1;36mdebug: [0mc_header: parsed function fsqrtl with 1 params (varargs=0) at line 3814
[1;36mdebug: [0mc_header: w_name=fsubl
[1;36mdebug: [0mc_header: parsed function fsubl with 2 params (varargs=0) at line 3817
[1;36mdebug: [0mc_header: w_name=daddl
[1;36mdebug: [0mc_header: parsed function daddl with 2 params (varargs=0) at line 3822
[1;36mdebug: [0mc_header: w_name=ddivl
[1;36mdebug: [0mc_header: parsed function ddivl with 2 params (varargs=0) at line 3825
[1;36mdebug: [0mc_header: w_name=dfmal
[1;36mdebug: [0mc_header: parsed function dfmal with 3 params (varargs=0) at line 3828
[1;36mdebug: [0mc_header: w_name=dmull
[1;36mdebug: [0mc_header: parsed function dmull with 2 params (varargs=0) at line 3831
[1;36mdebug: [0mc_header: w_name=dsqrtl
[1;36mdebug: [0mc_header: parsed function dsqrtl with 1 params (varargs=0) at line 3834
[1;36mdebug: [0mc_header: w_name=dsubl
[1;36mdebug: [0mc_header: parsed function dsubl with 2 params (varargs=0) at line 3837
[1;36mdebug: [0mc_header: LOOP START token=1
[1;36mdebug: [0mc_header: LOOP START token=1
[1;36mdebug: [0mc_header: LOOP START token=1
[1;36mdebug: [0mc_header: LOOP START token=1
[1;36mdebug: [0mc_header: LOOP START token=1
[1;36mdebug: [0mc_header: w_name=__iscanonicall
[1;36mdebug: [0mc_header: parsed function __iscanonicall with 1 params (varargs=0) at line 3864
[1;36mdebug: [0mc_header: LOOP START token=73
[1;36mdebug: [0mc_header: LOOP START token=73
[1;36mdebug: [0mc_header: w_name=imaxabs
[1;36mdebug: [0mc_header: parsed function imaxabs with 1 params (varargs=0) at line 3886
[1;36mdebug: [0mc_header: w_name=imaxdiv
[1;36mdebug: [0mc_header: parsed function imaxdiv with 2 params (varargs=0) at line 3895
[1;36mdebug: [0mc_header: w_name=strtoimax
[1;36mdebug: [0mc_header: parsed function strtoimax with 3 params (varargs=0) at line 3899
[1;36mdebug: [0mc_header: w_name=strtoumax
[1;36mdebug: [0mc_header: parsed function strtoumax with 3 params (varargs=0) at line 3903
[1;36mdebug: [0mc_header: w_name=wcstoimax
[1;36mdebug: [0mc_header: parsed function wcstoimax with 3 params (varargs=0) at line 3908
[1;36mdebug: [0mc_header: w_name=wcstoumax
[1;36mdebug: [0mc_header: parsed function wcstoumax with 3 params (varargs=0) at line 3913
[1;36mdebug: [0mc_header: w_name=strtoimax
[1;36mdebug: [0mc_header: parsed function strtoimax with 3 params (varargs=0) at line 3919
[1;36mdebug: [0mc_header: w_name=strtoumax
[1;36mdebug: [0mc_header: parsed function strtoumax with 3 params (varargs=0) at line 3922
[1;36mdebug: [0mc_header: w_name=wcstoimax
[1;36mdebug: [0mc_header: parsed function wcstoimax with 3 params (varargs=0) at line 3925
[1;36mdebug: [0mc_header: w_name=wcstoumax
[1;36mdebug: [0mc_header: parsed function wcstoumax with 3 params (varargs=0) at line 3929
[1;36mdebug: [0mc_header: LOOP START token=59 line=3947 text='const'
[1;36mdebug: [0mc_header: LOOP START token=59 line=3949 text='const'
[1;36mdebug: [0mc_header: LOOP START token=59 line=3951 text='const'
[1;36mdebug: [0mc_header: LOOP START token=59 line=3956 text='const'
[1;36mdebug: [0mc_header: LOOP START token=72 line=3958 text='int'
[1;36mdebug: [0mc_header: LOOP START token=72 line=3960 text='int'
[1;36mdebug: [0mc_header: LOOP START token=59 line=3962 text='const'
[1;36mdebug: [0mc_header: LOOP START token=72 line=3964 text='int'
[1;36mdebug: [0mc_header: LOOP START token=59 line=3966 text='const'
[1;36mdebug: [0mc_header: LOOP START token=81 line=3971 text='struct'
[1;36mdebug: [0mc_header: LOOP START token=81 line=3973 text='struct'
[1;36mdebug: [0mc_header: w_name=wl_list_init
[1;36mdebug: [0mc_header: parsed function wl_list_init with 1 params (varargs=0) at line 3977
[1;36mdebug: [0mc_header: w_name=wl_list_insert
[1;36mdebug: [0mc_header: parsed function wl_list_insert with 2 params (varargs=0) at line 3980
[1;36mdebug: [0mc_header: w_name=wl_list_remove
[1;36mdebug: [0mc_header: parsed function wl_list_remove with 1 params (varargs=0) at line 3983
[1;36mdebug: [0mc_header: w_name=wl_list_length
[1;36mdebug: [0mc_header: parsed function wl_list_length with 1 params (varargs=0) at line 3986
[1;36mdebug: [0mc_header: w_name=wl_list_empty
[1;36mdebug: [0mc_header: parsed function wl_list_empty with 1 params (varargs=0) at line 3989
[1;36mdebug: [0mc_header: w_name=wl_list_insert_list
[1;36mdebug: [0mc_header: parsed function wl_list_insert_list with 2 params (varargs=0) at line 3992
[1;36mdebug: [0mc_header: LOOP START token=1 line=3996 text='size_t'
[1;36mdebug: [0mc_header: LOOP START token=1 line=3998 text='size_t'
[1;36mdebug: [0mc_header: LOOP START token=86 line=4000 text='void'
[1;36mdebug: [0mc_header: w_name=wl_array_init
[1;36mdebug: [0mc_header: parsed function wl_array_init with 1 params (varargs=0) at line 4004
[1;36mdebug: [0mc_header: w_name=wl_array_release
[1;36mdebug: [0mc_header: parsed function wl_array_release with 1 params (varargs=0) at line 4007
[1;36mdebug: [0mc_header: w_name=wl_array_add
[1;36mdebug: [0mc_header: parsed function wl_array_add with 2 params (varargs=0) at line 4010
[1;36mdebug: [0mc_header: w_name=wl_array_copy
[1;36mdebug: [0mc_header: parsed function wl_array_copy with 2 params (varargs=0) at line 4013
[1;36mdebug: [0mc_header: w_name=wl_fixed_to_double
[1;36mdebug: [0mc_header: parsed function wl_fixed_to_double with 1 params (varargs=0) at line 4019
[1;36mdebug: [0mc_header: w_name=wl_fixed_from_double
[1;36mdebug: [0mc_header: parsed function wl_fixed_from_double with 1 params (varargs=0) at line 4025
[1;36mdebug: [0mc_header: w_name=wl_fixed_to_int
[1;36mdebug: [0mc_header: parsed function wl_fixed_to_int with 1 params (varargs=0) at line 4031
[1;36mdebug: [0mc_header: w_name=wl_fixed_from_int
[1;36mdebug: [0mc_header: parsed function wl_fixed_from_int with 1 params (varargs=0) at line 4037
[1;36mdebug: [0mc_header: LOOP START token=1 line=4042 text='int32_t'
[1;36mdebug: [0mc_header: LOOP START token=1 line=4043 text='uint32_t'
[1;36mdebug: [0mc_header: LOOP START token=1 line=4044 text='wl_fixed_t'
[1;36mdebug: [0mc_header: LOOP START token=59 line=4045 text='const'
[1;36mdebug: [0mc_header: LOOP START token=81 line=4046 text='struct'
[1;36mdebug: [0mc_header: LOOP START token=1 line=4047 text='uint32_t'
[1;36mdebug: [0mc_header: LOOP START token=81 line=4048 text='struct'
[1;36mdebug: [0mc_header: LOOP START token=1 line=4049 text='int32_t'
[1;36mdebug: [0mc_header: LOOP START token=1
[1;36mdebug: [0mc_header: LOOP START token=1
[1;36mdebug: [0mc_header: LOOP START token=1
[1;36mdebug: [0mc_header: LOOP START token=1
[1;36mdebug: [0mc_header: LOOP START token=1
[1;36mdebug: [0mc_header: LOOP START token=1
[1;36mdebug: [0mc_header: w_name=wl_event_loop_create
[1;36mdebug: [0mc_header: parsed function wl_event_loop_create with 0 params (varargs=0) at line 4094
[1;36mdebug: [0mc_header: w_name=wl_event_loop_destroy
[1;36mdebug: [0mc_header: parsed function wl_event_loop_destroy with 1 params (varargs=0) at line 4097
[1;36mdebug: [0mc_header: w_name=wl_event_loop_add_fd
[1;36mdebug: [0mc_header: parsed function wl_event_loop_add_fd with 5 params (varargs=0) at line 4103
[1;36mdebug: [0mc_header: w_name=wl_event_source_fd_update
[1;36mdebug: [0mc_header: parsed function wl_event_source_fd_update with 2 params (varargs=0) at line 4106
[1;36mdebug: [0mc_header: w_name=wl_event_loop_add_timer
[1;36mdebug: [0mc_header: parsed function wl_event_loop_add_timer with 3 params (varargs=0) at line 4111
[1;36mdebug: [0mc_header: w_name=wl_event_loop_add_signal
[1;36mdebug: [0mc_header: parsed function wl_event_loop_add_signal with 4 params (varargs=0) at line 4117
[1;36mdebug: [0mc_header: w_name=wl_event_source_timer_update
[1;36mdebug: [0mc_header: parsed function wl_event_source_timer_update with 2 params (varargs=0) at line 4121
[1;36mdebug: [0mc_header: w_name=wl_event_source_remove
[1;36mdebug: [0mc_header: parsed function wl_event_source_remove with 1 params (varargs=0) at line 4124
[1;36mdebug: [0mc_header: w_name=wl_event_source_check
[1;36mdebug: [0mc_header: parsed function wl_event_source_check with 1 params (varargs=0) at line 4127
[1;36mdebug: [0mc_header: w_name=wl_event_loop_dispatch
[1;36mdebug: [0mc_header: parsed function wl_event_loop_dispatch with 2 params (varargs=0) at line 4130
[1;36mdebug: [0mc_header: w_name=wl_event_loop_dispatch_idle
[1;36mdebug: [0mc_header: parsed function wl_event_loop_dispatch_idle with 1 params (varargs=0) at line 4133
[1;36mdebug: [0mc_header: w_name=wl_event_loop_add_idle
[1;36mdebug: [0mc_header: parsed function wl_event_loop_add_idle with 3 params (varargs=0) at line 4138
[1;36mdebug: [0mc_header: w_name=wl_event_loop_get_fd
[1;36mdebug: [0mc_header: parsed function wl_event_loop_get_fd with 1 params (varargs=0) at line 4141
[1;36mdebug: [0mc_header: w_name=wl_event_loop_add_destroy_listener
[1;36mdebug: [0mc_header: parsed function wl_event_loop_add_destroy_listener with 2 params (varargs=0) at line 4149
[1;36mdebug: [0mc_header: w_name=wl_event_loop_get_destroy_listener
[1;36mdebug: [0mc_header: parsed function wl_event_loop_get_destroy_listener with 2 params (varargs=0) at line 4153
[1;36mdebug: [0mc_header: w_name=wl_display_create
[1;36mdebug: [0mc_header: parsed function wl_display_create with 0 params (varargs=0) at line 4156
[1;36mdebug: [0mc_header: w_name=wl_display_destroy
[1;36mdebug: [0mc_header: parsed function wl_display_destroy with 1 params (varargs=0) at line 4159
[1;36mdebug: [0mc_header: w_name=wl_display_get_event_loop
[1;36mdebug: [0mc_header: parsed function wl_display_get_event_loop with 1 params (varargs=0) at line 4162
[1;36mdebug: [0mc_header: w_name=wl_display_add_socket
[1;36mdebug: [0mc_header: parsed function wl_display_add_socket with 2 params (varargs=0) at line 4165
[1;36mdebug: [0mc_header: w_name=wl_display_add_socket_auto
[1;36mdebug: [0mc_header: parsed function wl_display_add_socket_auto with 1 params (varargs=0) at line 4168
[1;36mdebug: [0mc_header: w_name=wl_display_add_socket_fd
[1;36mdebug: [0mc_header: parsed function wl_display_add_socket_fd with 2 params (varargs=0) at line 4171
[1;36mdebug: [0mc_header: w_name=wl_display_remove_socket_fd
[1;36mdebug: [0mc_header: parsed function wl_display_remove_socket_fd with 2 params (varargs=0) at line 4174
[1;36mdebug: [0mc_header: w_name=wl_display_terminate
[1;36mdebug: [0mc_header: parsed function wl_display_terminate with 1 params (varargs=0) at line 4177
[1;36mdebug: [0mc_header: w_name=wl_display_run
[1;36mdebug: [0mc_header: parsed function wl_display_run with 1 params (varargs=0) at line 4180
[1;36mdebug: [0mc_header: w_name=wl_display_flush_clients
[1;36mdebug: [0mc_header: parsed function wl_display_flush_clients with 1 params (varargs=0) at line 4183
[1;36mdebug: [0mc_header: w_name=wl_display_destroy_clients
[1;36mdebug: [0mc_header: parsed function wl_display_destroy_clients with 1 params (varargs=0) at line 4186
[1;36mdebug: [0mc_header: w_name=wl_display_set_default_max_buffer_size
[1;36mdebug: [0mc_header: parsed function wl_display_set_default_max_buffer_size with 2 params (varargs=0) at line 4190
[1;36mdebug: [0mc_header: w_name=wl_display_get_serial
[1;36mdebug: [0mc_header: parsed function wl_display_get_serial with 1 params (varargs=0) at line 4201
[1;36mdebug: [0mc_header: w_name=wl_display_next_serial
[1;36mdebug: [0mc_header: parsed function wl_display_next_serial with 1 params (varargs=0) at line 4204
[1;36mdebug: [0mc_header: w_name=wl_display_add_destroy_listener
[1;36mdebug: [0mc_header: parsed function wl_display_add_destroy_listener with 2 params (varargs=0) at line 4208
[1;36mdebug: [0mc_header: w_name=wl_display_add_client_created_listener
[1;36mdebug: [0mc_header: parsed function wl_display_add_client_created_listener with 2 params (varargs=0) at line 4212
[1;36mdebug: [0mc_header: w_name=wl_display_get_destroy_listener
[1;36mdebug: [0mc_header: parsed function wl_display_get_destroy_listener with 2 params (varargs=0) at line 4216
[1;36mdebug: [0mc_header: w_name=wl_global_create
[1;36mdebug: [0mc_header: parsed function wl_global_create with 5 params (varargs=0) at line 4222
[1;36mdebug: [0mc_header: w_name=wl_global_remove
[1;36mdebug: [0mc_header: parsed function wl_global_remove with 1 params (varargs=0) at line 4225
[1;36mdebug: [0mc_header: w_name=wl_global_set_withdrawn_listener
[1;36mdebug: [0mc_header: parsed function wl_global_set_withdrawn_listener with 2 params (varargs=0) at line 4229
[1;36mdebug: [0mc_header: w_name=wl_global_destroy
[1;36mdebug: [0mc_header: parsed function wl_global_destroy with 1 params (varargs=0) at line 4232
[1;36mdebug: [0mc_header: w_name=wl_display_set_global_filter
[1;36mdebug: [0mc_header: parsed function wl_display_set_global_filter with 3 params (varargs=0) at line 4241
[1;36mdebug: [0mc_header: w_name=wl_global_get_interface
[1;36mdebug: [0mc_header: parsed function wl_global_get_interface with 1 params (varargs=0) at line 4244
[1;36mdebug: [0mc_header: w_name=wl_global_get_name
[1;36mdebug: [0mc_header: parsed function wl_global_get_name with 2 params (varargs=0) at line 4248
[1;36mdebug: [0mc_header: w_name=wl_global_get_version
[1;36mdebug: [0mc_header: parsed function wl_global_get_version with 1 params (varargs=0) at line 4251
[1;36mdebug: [0mc_header: w_name=wl_global_get_display
[1;36mdebug: [0mc_header: parsed function wl_global_get_display with 1 params (varargs=0) at line 4254
[1;36mdebug: [0mc_header: w_name=wl_global_get_user_data
[1;36mdebug: [0mc_header: parsed function wl_global_get_user_data with 1 params (varargs=0) at line 4257
[1;36mdebug: [0mc_header: w_name=wl_global_set_user_data
[1;36mdebug: [0mc_header: parsed function wl_global_set_user_data with 2 params (varargs=0) at line 4260
[1;36mdebug: [0mc_header: w_name=wl_client_create
[1;36mdebug: [0mc_header: parsed function wl_client_create with 2 params (varargs=0) at line 4263
[1;36mdebug: [0mc_header: w_name=wl_display_get_client_list
[1;36mdebug: [0mc_header: parsed function wl_display_get_client_list with 1 params (varargs=0) at line 4266
[1;36mdebug: [0mc_header: w_name=wl_client_get_link
[1;36mdebug: [0mc_header: parsed function wl_client_get_link with 1 params (varargs=0) at line 4269
[1;36mdebug: [0mc_header: w_name=wl_client_from_link
[1;36mdebug: [0mc_header: parsed function wl_client_from_link with 1 params (varargs=0) at line 4272
[1;36mdebug: [0mc_header: w_name=wl_client_destroy
[1;36mdebug: [0mc_header: parsed function wl_client_destroy with 1 params (varargs=0) at line 4281
[1;36mdebug: [0mc_header: w_name=wl_client_flush
[1;36mdebug: [0mc_header: parsed function wl_client_flush with 1 params (varargs=0) at line 4284
[1;36mdebug: [0mc_header: w_name=wl_client_get_credentials
[1;36mdebug: [0mc_header: parsed function wl_client_get_credentials with 4 params (varargs=0) at line 4288
[1;36mdebug: [0mc_header: w_name=wl_client_get_fd
[1;36mdebug: [0mc_header: parsed function wl_client_get_fd with 1 params (varargs=0) at line 4291
[1;36mdebug: [0mc_header: w_name=wl_client_add_destroy_listener
[1;36mdebug: [0mc_header: parsed function wl_client_add_destroy_listener with 2 params (varargs=0) at line 4295
[1;36mdebug: [0mc_header: w_name=wl_client_get_destroy_listener
[1;36mdebug: [0mc_header: parsed function wl_client_get_destroy_listener with 2 params (varargs=0) at line 4299
[1;36mdebug: [0mc_header: w_name=wl_client_add_destroy_late_listener
[1;36mdebug: [0mc_header: parsed function wl_client_add_destroy_late_listener with 2 params (varargs=0) at line 4303
[1;36mdebug: [0mc_header: w_name=wl_client_get_destroy_late_listener
[1;36mdebug: [0mc_header: parsed function wl_client_get_destroy_late_listener with 2 params (varargs=0) at line 4307
[1;36mdebug: [0mc_header: w_name=wl_client_get_object
[1;36mdebug: [0mc_header: parsed function wl_client_get_object with 2 params (varargs=0) at line 4310
[1;36mdebug: [0mc_header: w_name=wl_client_post_no_memory
[1;36mdebug: [0mc_header: parsed function wl_client_post_no_memory with 1 params (varargs=0) at line 4313
[1;36mdebug: [0mc_header: w_name=wl_client_post_implementation_error
[1;36mdebug: [0mc_header: parsed function wl_client_post_implementation_error with 2 params (varargs=1) at line 4317
[1;36mdebug: [0mc_header: w_name=wl_client_add_resource_created_listener
[1;36mdebug: [0mc_header: parsed function wl_client_add_resource_created_listener with 2 params (varargs=0) at line 4321
[1;36mdebug: [0mc_header: w_name=wl_client_for_each_resource
[1;36mdebug: [0mc_header: parsed function wl_client_for_each_resource with 3 params (varargs=0) at line 4331
[1;36mdebug: [0mc_header: w_name=wl_client_set_user_data
[1;36mdebug: [0mc_header: parsed function wl_client_set_user_data with 3 params (varargs=0) at line 4338
[1;36mdebug: [0mc_header: w_name=wl_client_get_user_data
[1;36mdebug: [0mc_header: parsed function wl_client_get_user_data with 1 params (varargs=0) at line 4341
[1;36mdebug: [0mc_header: w_name=wl_client_set_max_buffer_size
[1;36mdebug: [0mc_header: parsed function wl_client_set_max_buffer_size with 2 params (varargs=0) at line 4344
[1;36mdebug: [0mc_header: LOOP START token=81 line=4348 text='struct'
[1;36mdebug: [0mc_header: LOOP START token=1 line=4351 text='wl_notify_func_t'
[1;36mdebug: [0mc_header: LOOP START token=81 line=4355 text='struct'
[1;36mdebug: [0mc_header: w_name=wl_signal_init
[1;36mdebug: [0mc_header: parsed function wl_signal_init with 1 params (varargs=0) at line 4366
[1;36mdebug: [0mc_header: w_name=wl_signal_add
[1;36mdebug: [0mc_header: parsed function wl_signal_add with 2 params (varargs=0) at line 4372
[1;36mdebug: [0mc_header: w_name=wl_signal_get
[1;36mdebug: [0mc_header: parsed function wl_signal_get with 2 params (varargs=0) at line 4378
[1;36mdebug: [0mc_header: w_name=wl_signal_emit
[1;36mdebug: [0mc_header: parsed function wl_signal_emit with 2 params (varargs=0) at line 4390
[1;36mdebug: [0mc_header: w_name=wl_signal_emit_mutable
[1;36mdebug: [0mc_header: parsed function wl_signal_emit_mutable with 2 params (varargs=0) at line 4398
[1;36mdebug: [0mc_header: w_name=wl_resource_post_event
[1;36mdebug: [0mc_header: parsed function wl_resource_post_event with 2 params (varargs=1) at line 4404
[1;36mdebug: [0mc_header: w_name=wl_resource_post_event_array
[1;36mdebug: [0mc_header: parsed function wl_resource_post_event_array with 3 params (varargs=0) at line 4408
[1;36mdebug: [0mc_header: w_name=wl_resource_queue_event
[1;36mdebug: [0mc_header: parsed function wl_resource_queue_event with 2 params (varargs=1) at line 4412
[1;36mdebug: [0mc_header: w_name=wl_resource_queue_event_array
[1;36mdebug: [0mc_header: parsed function wl_resource_queue_event_array with 3 params (varargs=0) at line 4416
[1;36mdebug: [0mc_header: w_name=wl_resource_post_error_vargs
[1;36mdebug: [0mc_header: parsed function wl_resource_post_error_vargs with 4 params (varargs=0) at line 4420
[1;36mdebug: [0mc_header: w_name=wl_resource_post_error
[1;36mdebug: [0mc_header: parsed function wl_resource_post_error with 3 params (varargs=1) at line 4424
[1;36mdebug: [0mc_header: w_name=wl_resource_post_no_memory
[1;36mdebug: [0mc_header: parsed function wl_resource_post_no_memory with 1 params (varargs=0) at line 4427
[1;36mdebug: [0mc_header: w_name=wl_client_get_display
[1;36mdebug: [0mc_header: parsed function wl_client_get_display with 1 params (varargs=0) at line 4430
[1;36mdebug: [0mc_header: w_name=wl_resource_create
[1;36mdebug: [0mc_header: parsed function wl_resource_create with 4 params (varargs=0) at line 4435
[1;36mdebug: [0mc_header: w_name=wl_resource_set_implementation
[1;36mdebug: [0mc_header: parsed function wl_resource_set_implementation with 4 params (varargs=0) at line 4441
[1;36mdebug: [0mc_header: w_name=wl_resource_set_dispatcher
[1;36mdebug: [0mc_header: parsed function wl_resource_set_dispatcher with 5 params (varargs=0) at line 4448
[1;36mdebug: [0mc_header: w_name=wl_resource_destroy
[1;36mdebug: [0mc_header: parsed function wl_resource_destroy with 1 params (varargs=0) at line 4451
[1;36mdebug: [0mc_header: w_name=wl_resource_get_id
[1;36mdebug: [0mc_header: parsed function wl_resource_get_id with 1 params (varargs=0) at line 4454
[1;36mdebug: [0mc_header: w_name=wl_resource_get_link
[1;36mdebug: [0mc_header: parsed function wl_resource_get_link with 1 params (varargs=0) at line 4457
[1;36mdebug: [0mc_header: w_name=wl_resource_from_link
[1;36mdebug: [0mc_header: parsed function wl_resource_from_link with 1 params (varargs=0) at line 4460
[1;36mdebug: [0mc_header: w_name=wl_resource_find_for_client
[1;36mdebug: [0mc_header: parsed function wl_resource_find_for_client with 2 params (varargs=0) at line 4463
[1;36mdebug: [0mc_header: w_name=wl_resource_get_client
[1;36mdebug: [0mc_header: parsed function wl_resource_get_client with 1 params (varargs=0) at line 4466
[1;36mdebug: [0mc_header: w_name=wl_resource_set_user_data
[1;36mdebug: [0mc_header: parsed function wl_resource_set_user_data with 2 params (varargs=0) at line 4469
[1;36mdebug: [0mc_header: w_name=wl_resource_get_user_data
[1;36mdebug: [0mc_header: parsed function wl_resource_get_user_data with 1 params (varargs=0) at line 4472
[1;36mdebug: [0mc_header: w_name=wl_resource_get_version
[1;36mdebug: [0mc_header: parsed function wl_resource_get_version with 1 params (varargs=0) at line 4475
[1;36mdebug: [0mc_header: w_name=wl_resource_set_destructor
[1;36mdebug: [0mc_header: parsed function wl_resource_set_destructor with 2 params (varargs=0) at line 4479
[1;36mdebug: [0mc_header: w_name=wl_resource_instance_of
[1;36mdebug: [0mc_header: parsed function wl_resource_instance_of with 3 params (varargs=0) at line 4484
[1;36mdebug: [0mc_header: w_name=wl_resource_get_class
[1;36mdebug: [0mc_header: parsed function wl_resource_get_class with 1 params (varargs=0) at line 4487
[1;36mdebug: [0mc_header: w_name=wl_resource_get_interface
[1;36mdebug: [0mc_header: parsed function wl_resource_get_interface with 1 params (varargs=0) at line 4490
[1;36mdebug: [0mc_header: w_name=wl_resource_add_destroy_listener
[1;36mdebug: [0mc_header: parsed function wl_resource_add_destroy_listener with 2 params (varargs=0) at line 4494
[1;36mdebug: [0mc_header: w_name=wl_resource_get_destroy_listener
[1;36mdebug: [0mc_header: parsed function wl_resource_get_destroy_listener with 2 params (varargs=0) at line 4498
[1;36mdebug: [0mc_header: w_name=wl_shm_buffer_get
[1;36mdebug: [0mc_header: parsed function wl_shm_buffer_get with 1 params (varargs=0) at line 4501
[1;36mdebug: [0mc_header: w_name=wl_shm_buffer_begin_access
[1;36mdebug: [0mc_header: parsed function wl_shm_buffer_begin_access with 1 params (varargs=0) at line 4504
[1;36mdebug: [0mc_header: w_name=wl_shm_buffer_end_access
[1;36mdebug: [0mc_header: parsed function wl_shm_buffer_end_access with 1 params (varargs=0) at line 4507
[1;36mdebug: [0mc_header: w_name=wl_shm_buffer_get_data
[1;36mdebug: [0mc_header: parsed function wl_shm_buffer_get_data with 1 params (varargs=0) at line 4510
[1;36mdebug: [0mc_header: w_name=wl_shm_buffer_get_stride
[1;36mdebug: [0mc_header: parsed function wl_shm_buffer_get_stride with 1 params (varargs=0) at line 4513
[1;36mdebug: [0mc_header: w_name=wl_shm_buffer_get_format
[1;36mdebug: [0mc_header: parsed function wl_shm_buffer_get_format with 1 params (varargs=0) at line 4516
[1;36mdebug: [0mc_header: w_name=wl_shm_buffer_get_width
[1;36mdebug: [0mc_header: parsed function wl_shm_buffer_get_width with 1 params (varargs=0) at line 4519
[1;36mdebug: [0mc_header: w_name=wl_shm_buffer_get_height
[1;36mdebug: [0mc_header: parsed function wl_shm_buffer_get_height with 1 params (varargs=0) at line 4522
[1;36mdebug: [0mc_header: w_name=wl_shm_buffer_ref
[1;36mdebug: [0mc_header: parsed function wl_shm_buffer_ref with 1 params (varargs=0) at line 4525
[1;36mdebug: [0mc_header: w_name=wl_shm_buffer_unref
[1;36mdebug: [0mc_header: parsed function wl_shm_buffer_unref with 1 params (varargs=0) at line 4528
[1;36mdebug: [0mc_header: w_name=wl_shm_buffer_ref_pool
[1;36mdebug: [0mc_header: parsed function wl_shm_buffer_ref_pool with 1 params (varargs=0) at line 4531
[1;36mdebug: [0mc_header: w_name=wl_shm_pool_unref
[1;36mdebug: [0mc_header: parsed function wl_shm_pool_unref with 1 params (varargs=0) at line 4534
[1;36mdebug: [0mc_header: w_name=wl_display_init_shm
[1;36mdebug: [0mc_header: parsed function wl_display_init_shm with 1 params (varargs=0) at line 4537
[1;36mdebug: [0mc_header: w_name=wl_display_add_shm_format
[1;36mdebug: [0mc_header: parsed function wl_display_add_shm_format with 2 params (varargs=0) at line 4540
[1;36mdebug: [0mc_header: w_name=wl_log_set_handler_server
[1;36mdebug: [0mc_header: parsed function wl_log_set_handler_server with 1 params (varargs=0) at line 4549
[1;36mdebug: [0mc_header: LOOP START token=1
[1;36mdebug: [0mc_header: LOOP START token=1
[1;36mdebug: [0mc_header: LOOP START token=81 line=4557 text='struct'
[1;36mdebug: [0mc_header: LOOP START token=72 line=4558 text='int'
[1;36mdebug: [0mc_header: LOOP START token=59 line=4559 text='const'
[1;36mdebug: [0mc_header: LOOP START token=72 line=4560 text='int'
[1;36mdebug: [0mc_header: LOOP START token=59 line=4561 text='const'
[1;36mdebug: [0mc_header: w_name=wl_display_add_protocol_logger
[1;36mdebug: [0mc_header: parsed function wl_display_add_protocol_logger with 3 params (varargs=0) at line 4571
[1;36mdebug: [0mc_header: w_name=wl_protocol_logger_destroy
[1;36mdebug: [0mc_header: parsed function wl_protocol_logger_destroy with 1 params (varargs=0) at line 4574
[1;36mdebug: [0mc_header: w_name=wl_fixes_handle_ack_global_remove
[1;36mdebug: [0mc_header: parsed function wl_fixes_handle_ack_global_remove with 3 params (varargs=0) at line 4579
[1;36mdebug: [0mc_header: LOOP START token=59 line=4583 text='const'
[1;36mdebug: [0mc_header: LOOP START token=59 line=4584 text='const'
[1;36mdebug: [0mc_header: LOOP START token=1 line=4585 text='uint32_t'
[1;36mdebug: [0mc_header: LOOP START token=81 line=4589 text='struct'
[1;36mdebug: [0mc_header: LOOP START token=1 line=4590 text='wl_resource_destroy_func_t'
[1;36mdebug: [0mc_header: LOOP START token=81 line=4591 text='struct'
[1;36mdebug: [0mc_header: LOOP START token=81 line=4592 text='struct'
[1;36mdebug: [0mc_header: LOOP START token=81 line=4593 text='struct'
[1;36mdebug: [0mc_header: LOOP START token=86 line=4594 text='void'
[1;36mdebug: [0mc_header: LOOP START token=1
[1;36mdebug: [0mc_header: LOOP START token=1
[1;36mdebug: [0mc_header: LOOP START token=1
[1;36mdebug: [0mc_header: LOOP START token=1
[1;36mdebug: [0mc_header: w_name=wl_display_error_is_valid
[1;36mdebug: [0mc_header: parsed function wl_display_error_is_valid with 2 params (varargs=0) at line 4734
[1;36mdebug: [0mc_header: LOOP START token=86 line=4756 text='void'
[1;36mdebug: [0mc_header: LOOP START token=86 line=4760 text='void'
[1;36mdebug: [0mc_header: LOOP START token=86 line=4767 text='void'
[1;36mdebug: [0mc_header: w_name=wl_registry_send_global
[1;36mdebug: [0mc_header: parsed function wl_registry_send_global with 4 params (varargs=0) at line 4775
[1;36mdebug: [0mc_header: w_name=wl_registry_send_global_remove
[1;36mdebug: [0mc_header: parsed function wl_registry_send_global_remove with 2 params (varargs=0) at line 4787
[1;36mdebug: [0mc_header: w_name=wl_callback_send_done
[1;36mdebug: [0mc_header: parsed function wl_callback_send_done with 2 params (varargs=0) at line 4793
[1;36mdebug: [0mc_header: LOOP START token=86 line=4808 text='void'
[1;36mdebug: [0mc_header: LOOP START token=86 line=4817 text='void'
[1;36mdebug: [0mc_header: LOOP START token=86 line=4827 text='void'
[1;36mdebug: [0mc_header: LOOP START token=1
[1;36mdebug: [0mc_header: LOOP START token=1
[1;36mdebug: [0mc_header: w_name=wl_shm_pool_error_is_valid
[1;36mdebug: [0mc_header: parsed function wl_shm_pool_error_is_valid with 2 params (varargs=0) at line 4843
[1;36mdebug: [0mc_header: LOOP START token=86 line=4861 text='void'
[1;36mdebug: [0mc_header: LOOP START token=86 line=4870 text='void'
[1;36mdebug: [0mc_header: LOOP START token=86 line=4873 text='void'
[1;36mdebug: [0mc_header: LOOP START token=1
[1;36mdebug: [0mc_header: LOOP START token=1
[1;36mdebug: [0mc_header: LOOP START token=1
[1;36mdebug: [0mc_header: w_name=wl_shm_error_is_valid
[1;36mdebug: [0mc_header: parsed function wl_shm_error_is_valid with 2 params (varargs=0) at line 4895
[1;36mdebug: [0mc_header: LOOP START token=1
[1;36mdebug: [0mc_header: LOOP START token=1
[1;36mdebug: [0mc_header: LOOP START token=1
[1;36mdebug: [0mc_header: LOOP START token=1
[1;36mdebug: [0mc_header: LOOP START token=1
[1;36mdebug: [0mc_header: LOOP START token=1
[1;36mdebug: [0mc_header: LOOP START token=1
[1;36mdebug: [0mc_header: LOOP START token=1
[1;36mdebug: [0mc_header: LOOP START token=1
[1;36mdebug: [0mc_header: LOOP START token=1
[1;36mdebug: [0mc_header: LOOP START token=1
[1;36mdebug: [0mc_header: LOOP START token=1
[1;36mdebug: [0mc_header: LOOP START token=1
[1;36mdebug: [0mc_header: LOOP START token=1
[1;36mdebug: [0mc_header: LOOP START token=1
[1;36mdebug: [0mc_header: LOOP START token=1
[1;36mdebug: [0mc_header: LOOP START token=1
[1;36mdebug: [0mc_header: LOOP START token=1
[1;36mdebug: [0mc_header: LOOP START token=1
[1;36mdebug: [0mc_header: LOOP START token=1
[1;36mdebug: [0mc_header: LOOP START token=1
[1;36mdebug: [0mc_header: LOOP START token=1
[1;36mdebug: [0mc_header: LOOP START token=1
[1;36mdebug: [0mc_header: LOOP START token=1
[1;36mdebug: [0mc_header: LOOP START token=1
[1;36mdebug: [0mc_header: LOOP START token=1
[1;36mdebug: [0mc_header: LOOP START token=1
[1;36mdebug: [0mc_header: LOOP START token=1
[1;36mdebug: [0mc_header: LOOP START token=1
[1;36mdebug: [0mc_header: LOOP START token=1
[1;36mdebug: [0mc_header: LOOP START token=1
[1;36mdebug: [0mc_header: LOOP START token=1
[1;36mdebug: [0mc_header: LOOP START token=1
[1;36mdebug: [0mc_header: LOOP START token=1
[1;36mdebug: [0mc_header: LOOP START token=1
[1;36mdebug: [0mc_header: LOOP START token=1
[1;36mdebug: [0mc_header: LOOP START token=1
[1;36mdebug: [0mc_header: LOOP START token=1
[1;36mdebug: [0mc_header: LOOP START token=1
[1;36mdebug: [0mc_header: LOOP START token=1
[1;36mdebug: [0mc_header: LOOP START token=1
[1;36mdebug: [0mc_header: LOOP START token=1
[1;36mdebug: [0mc_header: LOOP START token=1
[1;36mdebug: [0mc_header: LOOP START token=1
[1;36mdebug: [0mc_header: LOOP START token=1
[1;36mdebug: [0mc_header: LOOP START token=1
[1;36mdebug: [0mc_header: LOOP START token=1
[1;36mdebug: [0mc_header: LOOP START token=1
[1;36mdebug: [0mc_header: LOOP START token=1
[1;36mdebug: [0mc_header: LOOP START token=1
[1;36mdebug: [0mc_header: LOOP START token=1
[1;36mdebug: [0mc_header: LOOP START token=1
[1;36mdebug: [0mc_header: LOOP START token=1
[1;36mdebug: [0mc_header: LOOP START token=1
[1;36mdebug: [0mc_header: LOOP START token=1
[1;36mdebug: [0mc_header: LOOP START token=1
[1;36mdebug: [0mc_header: LOOP START token=1
[1;36mdebug: [0mc_header: LOOP START token=1
[1;36mdebug: [0mc_header: LOOP START token=1
[1;36mdebug: [0mc_header: LOOP START token=1
[1;36mdebug: [0mc_header: LOOP START token=1
[1;36mdebug: [0mc_header: LOOP START token=1
[1;36mdebug: [0mc_header: LOOP START token=1
[1;36mdebug: [0mc_header: LOOP START token=1
[1;36mdebug: [0mc_header: LOOP START token=1
[1;36mdebug: [0mc_header: LOOP START token=1
[1;36mdebug: [0mc_header: LOOP START token=1
[1;36mdebug: [0mc_header: LOOP START token=1
[1;36mdebug: [0mc_header: LOOP START token=1
[1;36mdebug: [0mc_header: LOOP START token=1
[1;36mdebug: [0mc_header: LOOP START token=1
[1;36mdebug: [0mc_header: LOOP START token=1
[1;36mdebug: [0mc_header: LOOP START token=1
[1;36mdebug: [0mc_header: LOOP START token=1
[1;36mdebug: [0mc_header: LOOP START token=1
[1;36mdebug: [0mc_header: LOOP START token=1
[1;36mdebug: [0mc_header: LOOP START token=1
[1;36mdebug: [0mc_header: LOOP START token=1
[1;36mdebug: [0mc_header: LOOP START token=1
[1;36mdebug: [0mc_header: LOOP START token=1
[1;36mdebug: [0mc_header: LOOP START token=1
[1;36mdebug: [0mc_header: LOOP START token=1
[1;36mdebug: [0mc_header: LOOP START token=1
[1;36mdebug: [0mc_header: LOOP START token=1
[1;36mdebug: [0mc_header: LOOP START token=1
[1;36mdebug: [0mc_header: LOOP START token=1
[1;36mdebug: [0mc_header: LOOP START token=1
[1;36mdebug: [0mc_header: LOOP START token=1
[1;36mdebug: [0mc_header: LOOP START token=1
[1;36mdebug: [0mc_header: LOOP START token=1
[1;36mdebug: [0mc_header: LOOP START token=1
[1;36mdebug: [0mc_header: LOOP START token=1
[1;36mdebug: [0mc_header: LOOP START token=1
[1;36mdebug: [0mc_header: LOOP START token=1
[1;36mdebug: [0mc_header: LOOP START token=1
[1;36mdebug: [0mc_header: LOOP START token=1
[1;36mdebug: [0mc_header: LOOP START token=1
[1;36mdebug: [0mc_header: LOOP START token=1
[1;36mdebug: [0mc_header: LOOP START token=1
[1;36mdebug: [0mc_header: LOOP START token=1
[1;36mdebug: [0mc_header: LOOP START token=1
[1;36mdebug: [0mc_header: LOOP START token=1
[1;36mdebug: [0mc_header: LOOP START token=1
[1;36mdebug: [0mc_header: LOOP START token=1
[1;36mdebug: [0mc_header: LOOP START token=1
[1;36mdebug: [0mc_header: LOOP START token=1
[1;36mdebug: [0mc_header: LOOP START token=1
[1;36mdebug: [0mc_header: LOOP START token=1
[1;36mdebug: [0mc_header: LOOP START token=1
[1;36mdebug: [0mc_header: LOOP START token=1
[1;36mdebug: [0mc_header: LOOP START token=1
[1;36mdebug: [0mc_header: LOOP START token=1
[1;36mdebug: [0mc_header: LOOP START token=1
[1;36mdebug: [0mc_header: LOOP START token=1
[1;36mdebug: [0mc_header: LOOP START token=1
[1;36mdebug: [0mc_header: LOOP START token=1
[1;36mdebug: [0mc_header: LOOP START token=1
[1;36mdebug: [0mc_header: LOOP START token=1
[1;36mdebug: [0mc_header: LOOP START token=1
[1;36mdebug: [0mc_header: LOOP START token=1
[1;36mdebug: [0mc_header: LOOP START token=1
[1;36mdebug: [0mc_header: LOOP START token=1
[1;36mdebug: [0mc_header: LOOP START token=1
[1;36mdebug: [0mc_header: LOOP START token=1
[1;36mdebug: [0mc_header: LOOP START token=1
[1;36mdebug: [0mc_header: LOOP START token=1
[1;36mdebug: [0mc_header: LOOP START token=1
[1;36mdebug: [0mc_header: LOOP START token=1
[1;36mdebug: [0mc_header: LOOP START token=1
[1;36mdebug: [0mc_header: LOOP START token=1
[1;36mdebug: [0mc_header: LOOP START token=1
[1;36mdebug: [0mc_header: LOOP START token=1
[1;36mdebug: [0mc_header: LOOP START token=1
[1;36mdebug: [0mc_header: LOOP START token=1
[1;36mdebug: [0mc_header: LOOP START token=1
[1;36mdebug: [0mc_header: LOOP START token=1
[1;36mdebug: [0mc_header: LOOP START token=1
[1;36mdebug: [0mc_header: LOOP START token=1
[1;36mdebug: [0mc_header: LOOP START token=1
[1;36mdebug: [0mc_header: LOOP START token=1
[1;36mdebug: [0mc_header: LOOP START token=1
[1;36mdebug: [0mc_header: LOOP START token=1
[1;36mdebug: [0mc_header: LOOP START token=1
[1;36mdebug: [0mc_header: LOOP START token=1
[1;36mdebug: [0mc_header: LOOP START token=1
[1;36mdebug: [0mc_header: LOOP START token=1
[1;36mdebug: [0mc_header: LOOP START token=1
[1;36mdebug: [0mc_header: LOOP START token=1
[1;36mdebug: [0mc_header: w_name=wl_shm_format_is_valid
[1;36mdebug: [0mc_header: parsed function wl_shm_format_is_valid with 2 params (varargs=0) at line 5465
[1;36mdebug: [0mc_header: LOOP START token=86 line=5775 text='void'
[1;36mdebug: [0mc_header: LOOP START token=86 line=5781 text='void'
[1;36mdebug: [0mc_header: w_name=wl_shm_send_format
[1;36mdebug: [0mc_header: parsed function wl_shm_send_format with 2 params (varargs=0) at line 5787
[1;36mdebug: [0mc_header: LOOP START token=86 line=5797 text='void'
[1;36mdebug: [0mc_header: w_name=wl_buffer_send_release
[1;36mdebug: [0mc_header: parsed function wl_buffer_send_release with 1 params (varargs=0) at line 5803
[1;36mdebug: [0mc_header: LOOP START token=1
[1;36mdebug: [0mc_header: LOOP START token=1
[1;36mdebug: [0mc_header: LOOP START token=1
[1;36mdebug: [0mc_header: LOOP START token=1
[1;36mdebug: [0mc_header: w_name=wl_data_offer_error_is_valid
[1;36mdebug: [0mc_header: parsed function wl_data_offer_error_is_valid with 2 params (varargs=0) at line 5829
[1;36mdebug: [0mc_header: LOOP START token=86 line=5851 text='void'
[1;36mdebug: [0mc_header: LOOP START token=86 line=5856 text='void'
[1;36mdebug: [0mc_header: LOOP START token=86 line=5865 text='void'
[1;36mdebug: [0mc_header: LOOP START token=86 line=5868 text='void'
[1;36mdebug: [0mc_header: LOOP START token=86 line=5871 text='void'
[1;36mdebug: [0mc_header: w_name=wl_data_offer_send_offer
[1;36mdebug: [0mc_header: parsed function wl_data_offer_send_offer with 2 params (varargs=0) at line 5879
[1;36mdebug: [0mc_header: w_name=wl_data_offer_send_source_actions
[1;36mdebug: [0mc_header: parsed function wl_data_offer_send_source_actions with 2 params (varargs=0) at line 5891
[1;36mdebug: [0mc_header: w_name=wl_data_offer_send_action
[1;36mdebug: [0mc_header: parsed function wl_data_offer_send_action with 2 params (varargs=0) at line 5903
[1;36mdebug: [0mc_header: LOOP START token=1
[1;36mdebug: [0mc_header: LOOP START token=1
[1;36mdebug: [0mc_header: w_name=wl_data_source_error_is_valid
[1;36mdebug: [0mc_header: parsed function wl_data_source_error_is_valid with 2 params (varargs=0) at line 5921
[1;36mdebug: [0mc_header: LOOP START token=86 line=5939 text='void'
[1;36mdebug: [0mc_header: LOOP START token=86 line=5947 text='void'
[1;36mdebug: [0mc_header: LOOP START token=86 line=5950 text='void'
[1;36mdebug: [0mc_header: w_name=wl_data_source_send_target
[1;36mdebug: [0mc_header: parsed function wl_data_source_send_target with 2 params (varargs=0) at line 5957
[1;36mdebug: [0mc_header: w_name=wl_data_source_send_send
[1;36mdebug: [0mc_header: parsed function wl_data_source_send_send with 3 params (varargs=0) at line 5963
[1;36mdebug: [0mc_header: w_name=wl_data_source_send_cancelled
[1;36mdebug: [0mc_header: parsed function wl_data_source_send_cancelled with 1 params (varargs=0) at line 5974
[1;36mdebug: [0mc_header: w_name=wl_data_source_send_dnd_drop_performed
[1;36mdebug: [0mc_header: parsed function wl_data_source_send_dnd_drop_performed with 1 params (varargs=0) at line 5985
[1;36mdebug: [0mc_header: w_name=wl_data_source_send_dnd_finished
[1;36mdebug: [0mc_header: parsed function wl_data_source_send_dnd_finished with 1 params (varargs=0) at line 5996
[1;36mdebug: [0mc_header: w_name=wl_data_source_send_action
[1;36mdebug: [0mc_header: parsed function wl_data_source_send_action with 2 params (varargs=0) at line 6008
[1;36mdebug: [0mc_header: LOOP START token=1
[1;36mdebug: [0mc_header: LOOP START token=1
[1;36mdebug: [0mc_header: w_name=wl_data_device_error_is_valid
[1;36mdebug: [0mc_header: parsed function wl_data_device_error_is_valid with 2 params (varargs=0) at line 6026
[1;36mdebug: [0mc_header: LOOP START token=86 line=6044 text='void'
[1;36mdebug: [0mc_header: LOOP START token=86 line=6051 text='void'
[1;36mdebug: [0mc_header: LOOP START token=86 line=6061 text='void'
[1;36mdebug: [0mc_header: w_name=wl_data_device_send_data_offer
[1;36mdebug: [0mc_header: parsed function wl_data_device_send_data_offer with 2 params (varargs=0) at line 6067
[1;36mdebug: [0mc_header: w_name=wl_data_device_send_enter
[1;36mdebug: [0mc_header: parsed function wl_data_device_send_enter with 6 params (varargs=0) at line 6073
[1;36mdebug: [0mc_header: w_name=wl_data_device_send_leave
[1;36mdebug: [0mc_header: parsed function wl_data_device_send_leave with 1 params (varargs=0) at line 6084
[1;36mdebug: [0mc_header: w_name=wl_data_device_send_motion
[1;36mdebug: [0mc_header: parsed function wl_data_device_send_motion with 4 params (varargs=0) at line 6090
[1;36mdebug: [0mc_header: w_name=wl_data_device_send_drop
[1;36mdebug: [0mc_header: parsed function wl_data_device_send_drop with 1 params (varargs=0) at line 6101
[1;36mdebug: [0mc_header: w_name=wl_data_device_send_selection
[1;36mdebug: [0mc_header: parsed function wl_data_device_send_selection with 2 params (varargs=0) at line 6113
[1;36mdebug: [0mc_header: LOOP START token=1
[1;36mdebug: [0mc_header: LOOP START token=1
[1;36mdebug: [0mc_header: LOOP START token=1
[1;36mdebug: [0mc_header: LOOP START token=1
[1;36mdebug: [0mc_header: w_name=wl_data_device_manager_dnd_action_is_valid
[1;36mdebug: [0mc_header: parsed function wl_data_device_manager_dnd_action_is_valid with 2 params (varargs=0) at line 6137
[1;36mdebug: [0mc_header: LOOP START token=86 line=6162 text='void'
[1;36mdebug: [0mc_header: LOOP START token=86 line=6172 text='void'
[1;36mdebug: [0mc_header: LOOP START token=86 line=6183 text='void'
[1;36mdebug: [0mc_header: LOOP START token=1
[1;36mdebug: [0mc_header: w_name=wl_shell_error_is_valid
[1;36mdebug: [0mc_header: parsed function wl_shell_error_is_valid with 2 params (varargs=0) at line 6195
[1;36mdebug: [0mc_header: LOOP START token=86 line=6211 text='void'
[1;36mdebug: [0mc_header: LOOP START token=1
[1;36mdebug: [0mc_header: LOOP START token=1
[1;36mdebug: [0mc_header: LOOP START token=1
[1;36mdebug: [0mc_header: LOOP START token=1
[1;36mdebug: [0mc_header: LOOP START token=1
[1;36mdebug: [0mc_header: LOOP START token=1
[1;36mdebug: [0mc_header: LOOP START token=1
[1;36mdebug: [0mc_header: LOOP START token=1
[1;36mdebug: [0mc_header: LOOP START token=1
[1;36mdebug: [0mc_header: w_name=wl_shell_surface_resize_is_valid
[1;36mdebug: [0mc_header: parsed function wl_shell_surface_resize_is_valid with 2 params (varargs=0) at line 6257
[1;36mdebug: [0mc_header: LOOP START token=1
[1;36mdebug: [0mc_header: w_name=wl_shell_surface_transient_is_valid
[1;36mdebug: [0mc_header: parsed function wl_shell_surface_transient_is_valid with 2 params (varargs=0) at line 6288
[1;36mdebug: [0mc_header: LOOP START token=1
[1;36mdebug: [0mc_header: LOOP START token=1
[1;36mdebug: [0mc_header: LOOP START token=1
[1;36mdebug: [0mc_header: LOOP START token=1
[1;36mdebug: [0mc_header: w_name=wl_shell_surface_fullscreen_method_is_valid
[1;36mdebug: [0mc_header: parsed function wl_shell_surface_fullscreen_method_is_valid with 2 params (varargs=0) at line 6315
[1;36mdebug: [0mc_header: LOOP START token=86 line=6343 text='void'
[1;36mdebug: [0mc_header: LOOP START token=86 line=6347 text='void'
[1;36mdebug: [0mc_header: LOOP START token=86 line=6352 text='void'
[1;36mdebug: [0mc_header: LOOP START token=86 line=6364 text='void'
[1;36mdebug: [0mc_header: LOOP START token=86 line=6367 text='void'
[1;36mdebug: [0mc_header: LOOP START token=86 line=6374 text='void'
[1;36mdebug: [0mc_header: LOOP START token=86 line=6380 text='void'
[1;36mdebug: [0mc_header: LOOP START token=86 line=6389 text='void'
[1;36mdebug: [0mc_header: LOOP START token=86 line=6393 text='void'
[1;36mdebug: [0mc_header: LOOP START token=86 line=6397 text='void'
[1;36mdebug: [0mc_header: w_name=wl_shell_surface_send_ping
[1;36mdebug: [0mc_header: parsed function wl_shell_surface_send_ping with 2 params (varargs=0) at line 6404
[1;36mdebug: [0mc_header: w_name=wl_shell_surface_send_configure
[1;36mdebug: [0mc_header: parsed function wl_shell_surface_send_configure with 4 params (varargs=0) at line 6410
[1;36mdebug: [0mc_header: w_name=wl_shell_surface_send_popup_done
[1;36mdebug: [0mc_header: parsed function wl_shell_surface_send_popup_done with 1 params (varargs=0) at line 6421
[1;36mdebug: [0mc_header: LOOP START token=1
[1;36mdebug: [0mc_header: LOOP START token=1
[1;36mdebug: [0mc_header: LOOP START token=1
[1;36mdebug: [0mc_header: LOOP START token=1
[1;36mdebug: [0mc_header: LOOP START token=1
[1;36mdebug: [0mc_header: LOOP START token=1
[1;36mdebug: [0mc_header: w_name=wl_surface_error_is_valid
[1;36mdebug: [0mc_header: parsed function wl_surface_error_is_valid with 2 params (varargs=0) at line 6453
[1;36mdebug: [0mc_header: LOOP START token=86 line=6483 text='void'
[1;36mdebug: [0mc_header: LOOP START token=86 line=6486 text='void'
[1;36mdebug: [0mc_header: LOOP START token=86 line=6492 text='void'
[1;36mdebug: [0mc_header: LOOP START token=86 line=6499 text='void'
[1;36mdebug: [0mc_header: LOOP START token=86 line=6503 text='void'
[1;36mdebug: [0mc_header: LOOP START token=86 line=6507 text='void'
[1;36mdebug: [0mc_header: LOOP START token=86 line=6511 text='void'
[1;36mdebug: [0mc_header: LOOP START token=86 line=6514 text='void'
[1;36mdebug: [0mc_header: LOOP START token=86 line=6518 text='void'
[1;36mdebug: [0mc_header: LOOP START token=86 line=6522 text='void'
[1;36mdebug: [0mc_header: LOOP START token=86 line=6529 text='void'
[1;36mdebug: [0mc_header: LOOP START token=86 line=6534 text='void'
[1;36mdebug: [0mc_header: w_name=wl_surface_send_enter
[1;36mdebug: [0mc_header: parsed function wl_surface_send_enter with 2 params (varargs=0) at line 6541
[1;36mdebug: [0mc_header: w_name=wl_surface_send_leave
[1;36mdebug: [0mc_header: parsed function wl_surface_send_leave with 2 params (varargs=0) at line 6553
[1;36mdebug: [0mc_header: w_name=wl_surface_send_preferred_buffer_scale
[1;36mdebug: [0mc_header: parsed function wl_surface_send_preferred_buffer_scale with 2 params (varargs=0) at line 6565
[1;36mdebug: [0mc_header: w_name=wl_surface_send_preferred_buffer_transform
[1;36mdebug: [0mc_header: parsed function wl_surface_send_preferred_buffer_transform with 2 params (varargs=0) at line 6577
[1;36mdebug: [0mc_header: LOOP START token=1
[1;36mdebug: [0mc_header: LOOP START token=1
[1;36mdebug: [0mc_header: LOOP START token=1
[1;36mdebug: [0mc_header: w_name=wl_seat_capability_is_valid
[1;36mdebug: [0mc_header: parsed function wl_seat_capability_is_valid with 2 params (varargs=0) at line 6597
[1;36mdebug: [0mc_header: LOOP START token=1
[1;36mdebug: [0mc_header: w_name=wl_seat_error_is_valid
[1;36mdebug: [0mc_header: parsed function wl_seat_error_is_valid with 2 params (varargs=0) at line 6616
[1;36mdebug: [0mc_header: LOOP START token=86 line=6632 text='void'
[1;36mdebug: [0mc_header: LOOP START token=86 line=6636 text='void'
[1;36mdebug: [0mc_header: LOOP START token=86 line=6640 text='void'
[1;36mdebug: [0mc_header: LOOP START token=86 line=6650 text='void'
[1;36mdebug: [0mc_header: w_name=wl_seat_send_capabilities
[1;36mdebug: [0mc_header: parsed function wl_seat_send_capabilities with 2 params (varargs=0) at line 6656
[1;36mdebug: [0mc_header: w_name=wl_seat_send_name
[1;36mdebug: [0mc_header: parsed function wl_seat_send_name with 2 params (varargs=0) at line 6668
[1;36mdebug: [0mc_header: LOOP START token=1
[1;36mdebug: [0mc_header: w_name=wl_pointer_error_is_valid
[1;36mdebug: [0mc_header: parsed function wl_pointer_error_is_valid with 2 params (varargs=0) at line 6682
[1;36mdebug: [0mc_header: LOOP START token=1
[1;36mdebug: [0mc_header: LOOP START token=1
[1;36mdebug: [0mc_header: w_name=wl_pointer_button_state_is_valid
[1;36mdebug: [0mc_header: parsed function wl_pointer_button_state_is_valid with 2 params (varargs=0) at line 6703
[1;36mdebug: [0mc_header: LOOP START token=1
[1;36mdebug: [0mc_header: LOOP START token=1
[1;36mdebug: [0mc_header: w_name=wl_pointer_axis_is_valid
[1;36mdebug: [0mc_header: parsed function wl_pointer_axis_is_valid with 2 params (varargs=0) at line 6726
[1;36mdebug: [0mc_header: LOOP START token=1
[1;36mdebug: [0mc_header: LOOP START token=1
[1;36mdebug: [0mc_header: LOOP START token=1
[1;36mdebug: [0mc_header: LOOP START token=1
[1;36mdebug: [0mc_header: w_name=wl_pointer_axis_source_is_valid
[1;36mdebug: [0mc_header: parsed function wl_pointer_axis_source_is_valid with 2 params (varargs=0) at line 6758
[1;36mdebug: [0mc_header: LOOP START token=1
[1;36mdebug: [0mc_header: LOOP START token=1
[1;36mdebug: [0mc_header: w_name=wl_pointer_axis_relative_direction_is_valid
[1;36mdebug: [0mc_header: parsed function wl_pointer_axis_relative_direction_is_valid with 2 params (varargs=0) at line 6785
[1;36mdebug: [0mc_header: LOOP START token=86 line=6803 text='void'
[1;36mdebug: [0mc_header: LOOP START token=86 line=6810 text='void'
[1;36mdebug: [0mc_header: w_name=wl_pointer_send_enter
[1;36mdebug: [0mc_header: parsed function wl_pointer_send_enter with 5 params (varargs=0) at line 6816
[1;36mdebug: [0mc_header: w_name=wl_pointer_send_leave
[1;36mdebug: [0mc_header: parsed function wl_pointer_send_leave with 3 params (varargs=0) at line 6822
[1;36mdebug: [0mc_header: w_name=wl_pointer_send_motion
[1;36mdebug: [0mc_header: parsed function wl_pointer_send_motion with 4 params (varargs=0) at line 6828
[1;36mdebug: [0mc_header: w_name=wl_pointer_send_button
[1;36mdebug: [0mc_header: parsed function wl_pointer_send_button with 5 params (varargs=0) at line 6834
[1;36mdebug: [0mc_header: w_name=wl_pointer_send_axis
[1;36mdebug: [0mc_header: parsed function wl_pointer_send_axis with 4 params (varargs=0) at line 6840
[1;36mdebug: [0mc_header: w_name=wl_pointer_send_frame
[1;36mdebug: [0mc_header: parsed function wl_pointer_send_frame with 1 params (varargs=0) at line 6851
[1;36mdebug: [0mc_header: w_name=wl_pointer_send_axis_source
[1;36mdebug: [0mc_header: parsed function wl_pointer_send_axis_source with 2 params (varargs=0) at line 6863
[1;36mdebug: [0mc_header: w_name=wl_pointer_send_axis_stop
[1;36mdebug: [0mc_header: parsed function wl_pointer_send_axis_stop with 3 params (varargs=0) at line 6869
[1;36mdebug: [0mc_header: w_name=wl_pointer_send_axis_discrete
[1;36mdebug: [0mc_header: parsed function wl_pointer_send_axis_discrete with 3 params (varargs=0) at line 6875
[1;36mdebug: [0mc_header: w_name=wl_pointer_send_axis_value120
[1;36mdebug: [0mc_header: parsed function wl_pointer_send_axis_value120 with 3 params (varargs=0) at line 6881
[1;36mdebug: [0mc_header: w_name=wl_pointer_send_axis_relative_direction
[1;36mdebug: [0mc_header: parsed function wl_pointer_send_axis_relative_direction with 3 params (varargs=0) at line 6887
[1;36mdebug: [0mc_header: w_name=wl_pointer_send_warp
[1;36mdebug: [0mc_header: parsed function wl_pointer_send_warp with 3 params (varargs=0) at line 6893
[1;36mdebug: [0mc_header: LOOP START token=1
[1;36mdebug: [0mc_header: LOOP START token=1
[1;36mdebug: [0mc_header: w_name=wl_keyboard_keymap_format_is_valid
[1;36mdebug: [0mc_header: parsed function wl_keyboard_keymap_format_is_valid with 2 params (varargs=0) at line 6909
[1;36mdebug: [0mc_header: LOOP START token=1
[1;36mdebug: [0mc_header: LOOP START token=1
[1;36mdebug: [0mc_header: LOOP START token=1
[1;36mdebug: [0mc_header: w_name=wl_keyboard_key_state_is_valid
[1;36mdebug: [0mc_header: parsed function wl_keyboard_key_state_is_valid with 2 params (varargs=0) at line 6937
[1;36mdebug: [0mc_header: LOOP START token=86 line=6962 text='void'
[1;36mdebug: [0mc_header: w_name=wl_keyboard_send_keymap
[1;36mdebug: [0mc_header: parsed function wl_keyboard_send_keymap with 4 params (varargs=0) at line 6968
[1;36mdebug: [0mc_header: w_name=wl_keyboard_send_enter
[1;36mdebug: [0mc_header: parsed function wl_keyboard_send_enter with 4 params (varargs=0) at line 6974
[1;36mdebug: [0mc_header: w_name=wl_keyboard_send_leave
[1;36mdebug: [0mc_header: parsed function wl_keyboard_send_leave with 3 params (varargs=0) at line 6980
[1;36mdebug: [0mc_header: w_name=wl_keyboard_send_key
[1;36mdebug: [0mc_header: parsed function wl_keyboard_send_key with 5 params (varargs=0) at line 6986
[1;36mdebug: [0mc_header: w_name=wl_keyboard_send_modifiers
[1;36mdebug: [0mc_header: parsed function wl_keyboard_send_modifiers with 6 params (varargs=0) at line 6992
[1;36mdebug: [0mc_header: w_name=wl_keyboard_send_repeat_info
[1;36mdebug: [0mc_header: parsed function wl_keyboard_send_repeat_info with 3 params (varargs=0) at line 6998
[1;36mdebug: [0mc_header: LOOP START token=86 line=7013 text='void'
[1;36mdebug: [0mc_header: w_name=wl_touch_send_down
[1;36mdebug: [0mc_header: parsed function wl_touch_send_down with 7 params (varargs=0) at line 7019
[1;36mdebug: [0mc_header: w_name=wl_touch_send_up
[1;36mdebug: [0mc_header: parsed function wl_touch_send_up with 4 params (varargs=0) at line 7025
[1;36mdebug: [0mc_header: w_name=wl_touch_send_motion
[1;36mdebug: [0mc_header: parsed function wl_touch_send_motion with 5 params (varargs=0) at line 7031
[1;36mdebug: [0mc_header: w_name=wl_touch_send_frame
[1;36mdebug: [0mc_header: parsed function wl_touch_send_frame with 1 params (varargs=0) at line 7042
[1;36mdebug: [0mc_header: w_name=wl_touch_send_cancel
[1;36mdebug: [0mc_header: parsed function wl_touch_send_cancel with 1 params (varargs=0) at line 7053
[1;36mdebug: [0mc_header: w_name=wl_touch_send_shape
[1;36mdebug: [0mc_header: parsed function wl_touch_send_shape with 4 params (varargs=0) at line 7059
[1;36mdebug: [0mc_header: w_name=wl_touch_send_orientation
[1;36mdebug: [0mc_header: parsed function wl_touch_send_orientation with 3 params (varargs=0) at line 7065
[1;36mdebug: [0mc_header: LOOP START token=1
[1;36mdebug: [0mc_header: LOOP START token=1
[1;36mdebug: [0mc_header: LOOP START token=1
[1;36mdebug: [0mc_header: LOOP START token=1
[1;36mdebug: [0mc_header: LOOP START token=1
[1;36mdebug: [0mc_header: LOOP START token=1
[1;36mdebug: [0mc_header: w_name=wl_output_subpixel_is_valid
[1;36mdebug: [0mc_header: parsed function wl_output_subpixel_is_valid with 2 params (varargs=0) at line 7097
[1;36mdebug: [0mc_header: LOOP START token=1
[1;36mdebug: [0mc_header: LOOP START token=1
[1;36mdebug: [0mc_header: LOOP START token=1
[1;36mdebug: [0mc_header: LOOP START token=1
[1;36mdebug: [0mc_header: LOOP START token=1
[1;36mdebug: [0mc_header: LOOP START token=1
[1;36mdebug: [0mc_header: LOOP START token=1
[1;36mdebug: [0mc_header: LOOP START token=1
[1;36mdebug: [0mc_header: w_name=wl_output_transform_is_valid
[1;36mdebug: [0mc_header: parsed function wl_output_transform_is_valid with 2 params (varargs=0) at line 7152
[1;36mdebug: [0mc_header: LOOP START token=1
[1;36mdebug: [0mc_header: LOOP START token=1
[1;36mdebug: [0mc_header: w_name=wl_output_mode_is_valid
[1;36mdebug: [0mc_header: parsed function wl_output_mode_is_valid with 2 params (varargs=0) at line 7187
[1;36mdebug: [0mc_header: LOOP START token=86 line=7209 text='void'
[1;36mdebug: [0mc_header: w_name=wl_output_send_geometry
[1;36mdebug: [0mc_header: parsed function wl_output_send_geometry with 9 params (varargs=0) at line 7215
[1;36mdebug: [0mc_header: w_name=wl_output_send_mode
[1;36mdebug: [0mc_header: parsed function wl_output_send_mode with 5 params (varargs=0) at line 7221
[1;36mdebug: [0mc_header: w_name=wl_output_send_done
[1;36mdebug: [0mc_header: parsed function wl_output_send_done with 1 params (varargs=0) at line 7232
[1;36mdebug: [0mc_header: w_name=wl_output_send_scale
[1;36mdebug: [0mc_header: parsed function wl_output_send_scale with 2 params (varargs=0) at line 7244
[1;36mdebug: [0mc_header: w_name=wl_output_send_name
[1;36mdebug: [0mc_header: parsed function wl_output_send_name with 2 params (varargs=0) at line 7256
[1;36mdebug: [0mc_header: w_name=wl_output_send_description
[1;36mdebug: [0mc_header: parsed function wl_output_send_description with 2 params (varargs=0) at line 7268
[1;36mdebug: [0mc_header: LOOP START token=86 line=7282 text='void'
[1;36mdebug: [0mc_header: LOOP START token=86 line=7285 text='void'
[1;36mdebug: [0mc_header: LOOP START token=86 line=7292 text='void'
[1;36mdebug: [0mc_header: LOOP START token=1
[1;36mdebug: [0mc_header: LOOP START token=1
[1;36mdebug: [0mc_header: w_name=wl_subcompositor_error_is_valid
[1;36mdebug: [0mc_header: parsed function wl_subcompositor_error_is_valid with 2 params (varargs=0) at line 7312
[1;36mdebug: [0mc_header: LOOP START token=86 line=7336 text='void'
[1;36mdebug: [0mc_header: LOOP START token=86 line=7339 text='void'
[1;36mdebug: [0mc_header: LOOP START token=1
[1;36mdebug: [0mc_header: w_name=wl_subsurface_error_is_valid
[1;36mdebug: [0mc_header: parsed function wl_subsurface_error_is_valid with 2 params (varargs=0) at line 7354
[1;36mdebug: [0mc_header: LOOP START token=86 line=7370 text='void'
[1;36mdebug: [0mc_header: LOOP START token=86 line=7373 text='void'
[1;36mdebug: [0mc_header: LOOP START token=86 line=7378 text='void'
[1;36mdebug: [0mc_header: LOOP START token=86 line=7382 text='void'
[1;36mdebug: [0mc_header: LOOP START token=86 line=7386 text='void'
[1;36mdebug: [0mc_header: LOOP START token=86 line=7389 text='void'
[1;36mdebug: [0mc_header: LOOP START token=1
[1;36mdebug: [0mc_header: w_name=wl_fixes_error_is_valid
[1;36mdebug: [0mc_header: parsed function wl_fixes_error_is_valid with 2 params (varargs=0) at line 7401
[1;36mdebug: [0mc_header: LOOP START token=86 line=7421 text='void'
[1;36mdebug: [0mc_header: LOOP START token=86 line=7424 text='void'
[1;36mdebug: [0mc_header: LOOP START token=86 line=7428 text='void'
[1;36mdebug: [0mc_header: LOOP START token=72 line=7447 text='int'
[1;36mdebug: [0mc_header: LOOP START token=72 line=7448 text='int'
[1;36mdebug: [0mc_header: LOOP START token=63 line=7457 text='double'
[1;36mdebug: [0mc_header: LOOP START token=63 line=7458 text='double'
[1;36mdebug: [0mc_header: w_name=wlr_box_closest_point
[1;36mdebug: [0mc_header: parsed function wlr_box_closest_point with 5 params (varargs=0) at line 7462
[1;36mdebug: [0mc_header: w_name=wlr_box_intersection
[1;36mdebug: [0mc_header: parsed function wlr_box_intersection with 3 params (varargs=0) at line 7470
[1;36mdebug: [0mc_header: w_name=wlr_box_contains_point
[1;36mdebug: [0mc_header: parsed function wlr_box_contains_point with 3 params (varargs=0) at line 7472
[1;36mdebug: [0mc_header: w_name=wlr_box_empty
[1;36mdebug: [0mc_header: parsed function wlr_box_empty with 1 params (varargs=0) at line 7479
[1;36mdebug: [0mc_header: w_name=wlr_box_transform
[1;36mdebug: [0mc_header: parsed function wlr_box_transform with 5 params (varargs=0) at line 7485
[1;36mdebug: [0mc_header: w_name=wlr_fbox_empty
[1;36mdebug: [0mc_header: parsed function wlr_fbox_empty with 1 params (varargs=0) at line 7492
[1;36mdebug: [0mc_header: w_name=wlr_fbox_transform
[1;36mdebug: [0mc_header: parsed function wlr_fbox_transform with 5 params (varargs=0) at line 7498
[1;36mdebug: [0mc_header: w_name=wlr_box_equal
[1;36mdebug: [0mc_header: parsed function wlr_box_equal with 2 params (varargs=0) at line 7505
[1;36mdebug: [0mc_header: w_name=wlr_fbox_equal
[1;36mdebug: [0mc_header: parsed function wlr_fbox_equal with 2 params (varargs=0) at line 7510
[1;36mdebug: [0mc_header: LOOP START token=81 line=7528 text='struct'
[1;36mdebug: [0mc_header: LOOP START token=81 line=7531 text='struct'
[1;36mdebug: [0mc_header: w_name=wlr_renderer_begin_buffer_pass
[1;36mdebug: [0mc_header: parsed function wlr_renderer_begin_buffer_pass with 3 params (varargs=0) at line 7541
[1;36mdebug: [0mc_header: w_name=wlr_render_pass_submit
[1;36mdebug: [0mc_header: parsed function wlr_render_pass_submit with 1 params (varargs=0) at line 7548
[1;36mdebug: [0mc_header: LOOP START token=1
[1;36mdebug: [0mc_header: LOOP START token=1
[1;36mdebug: [0mc_header: LOOP START token=1
[1;36mdebug: [0mc_header: LOOP START token=1
[1;36mdebug: [0mc_header: LOOP START token=81 line=7572 text='struct'
[1;36mdebug: [0mc_header: LOOP START token=81 line=7574 text='struct'
[1;36mdebug: [0mc_header: LOOP START token=81 line=7576 text='struct'
[1;36mdebug: [0mc_header: LOOP START token=59 line=7578 text='const'
[1;36mdebug: [0mc_header: LOOP START token=59 line=7580 text='const'
[1;36mdebug: [0mc_header: LOOP START token=65 line=7582 text='enum'
[1;36mdebug: [0mc_header: LOOP START token=65 line=7584 text='enum'
[1;36mdebug: [0mc_header: LOOP START token=65 line=7586 text='enum'
[1;36mdebug: [0mc_header: w_name=wlr_render_pass_add_texture
[1;36mdebug: [0mc_header: parsed function wlr_render_pass_add_texture with 2 params (varargs=0) at line 7593
[1;36mdebug: [0mc_header: LOOP START token=67 line=7602 text='float'
[1;36mdebug: [0mc_header: LOOP START token=81 line=7607 text='struct'
[1;36mdebug: [0mc_header: LOOP START token=81 line=7609 text='struct'
[1;36mdebug: [0mc_header: LOOP START token=59 line=7611 text='const'
[1;36mdebug: [0mc_header: LOOP START token=65 line=7613 text='enum'
[1;36mdebug: [0mc_header: w_name=wlr_render_pass_add_rect
[1;36mdebug: [0mc_header: parsed function wlr_render_pass_add_rect with 2 params (varargs=0) at line 7620
[1;36mdebug: [0mc_header: LOOP START token=1 line=7627 text='int32_t'
[1;36mdebug: [0mc_header: LOOP START token=1 line=7628 text='uint32_t'
[1;36mdebug: [0mc_header: LOOP START token=1 line=7629 text='uint64_t'
[1;36mdebug: [0mc_header: LOOP START token=72 line=7631 text='int'
[1;36mdebug: [0mc_header: LOOP START token=1 line=7632 text='uint32_t'
[1;36mdebug: [0mc_header: LOOP START token=1 line=7633 text='uint32_t'
[1;36mdebug: [0mc_header: LOOP START token=72 line=7634 text='int'
[1;36mdebug: [0mc_header: w_name=wlr_dmabuf_attributes_finish
[1;36mdebug: [0mc_header: parsed function wlr_dmabuf_attributes_finish with 1 params (varargs=0) at line 7640
[1;36mdebug: [0mc_header: w_name=wlr_dmabuf_attributes_copy
[1;36mdebug: [0mc_header: parsed function wlr_dmabuf_attributes_copy with 2 params (varargs=0) at line 7645
[1;36mdebug: [0mc_header: LOOP START token=59 line=7654 text='const'
[1;36mdebug: [0mc_header: LOOP START token=1 line=7655 text='uint32_t'
[1;36mdebug: [0mc_header: LOOP START token=81 line=7657 text='struct'
[1;36mdebug: [0mc_header: LOOP START token=86 line=7662 text='void'
[1;36mdebug: [0mc_header: LOOP START token=1 line=7664 text='uint32_t'
[1;36mdebug: [0mc_header: LOOP START token=1 line=7666 text='uint32_t'
[1;36mdebug: [0mc_header: LOOP START token=1 line=7668 text='uint32_t'
[1;36mdebug: [0mc_header: LOOP START token=59 line=7670 text='const'
[1;36mdebug: [0mc_header: w_name=wlr_texture_read_pixels
[1;36mdebug: [0mc_header: parsed function wlr_texture_read_pixels with 2 params (varargs=0) at line 7674
[1;36mdebug: [0mc_header: w_name=wlr_texture_preferred_read_format
[1;36mdebug: [0mc_header: parsed function wlr_texture_preferred_read_format with 1 params (varargs=0) at line 7676
[1;36mdebug: [0mc_header: w_name=wlr_texture_from_pixels
[1;36mdebug: [0mc_header: parsed function wlr_texture_from_pixels with 6 params (varargs=0) at line 7684
[1;36mdebug: [0mc_header: w_name=wlr_texture_from_dmabuf
[1;36mdebug: [0mc_header: parsed function wlr_texture_from_dmabuf with 2 params (varargs=0) at line 7690
[1;36mdebug: [0mc_header: w_name=wlr_texture_update_from_buffer
[1;36mdebug: [0mc_header: parsed function wlr_texture_update_from_buffer with 3 params (varargs=0) at line 7693
[1;36mdebug: [0mc_header: w_name=wlr_texture_destroy
[1;36mdebug: [0mc_header: parsed function wlr_texture_destroy with 1 params (varargs=0) at line 7698
[1;36mdebug: [0mc_header: w_name=wlr_texture_from_buffer
[1;36mdebug: [0mc_header: parsed function wlr_texture_from_buffer with 2 params (varargs=0) at line 7704
[1;36mdebug: [0mc_header: LOOP START token=1 line=7721 text='uint32_t'
[1;36mdebug: [0mc_header: LOOP START token=81 line=7723 text='struct'
[1;36mdebug: [0mc_header: LOOP START token=81 line=7724 text='struct'
[1;36mdebug: [0mc_header: LOOP START token=81 line=7730 text='struct'
[1;36mdebug: [0mc_header: LOOP START token=81 line=7733 text='struct'
[1;36mdebug: [0mc_header: LOOP START token=89 line=7737 text='bool'
[1;36mdebug: [0mc_header: LOOP START token=59 line=7742 text='const'
[1;36mdebug: [0mc_header: w_name=wlr_renderer_autocreate
[1;36mdebug: [0mc_header: parsed function wlr_renderer_autocreate with 1 params (varargs=0) at line 7751
[1;36mdebug: [0mc_header: w_name=wlr_renderer_get_texture_formats
[1;36mdebug: [0mc_header: parsed function wlr_renderer_get_texture_formats with 2 params (varargs=0) at line 7754
[1;36mdebug: [0mc_header: w_name=wlr_renderer_init_wl_display
[1;36mdebug: [0mc_header: parsed function wlr_renderer_init_wl_display with 2 params (varargs=0) at line 7762
[1;36mdebug: [0mc_header: w_name=wlr_renderer_init_wl_shm
[1;36mdebug: [0mc_header: parsed function wlr_renderer_init_wl_shm with 2 params (varargs=0) at line 7768
[1;36mdebug: [0mc_header: w_name=wlr_renderer_get_drm_fd
[1;36mdebug: [0mc_header: parsed function wlr_renderer_get_drm_fd with 1 params (varargs=0) at line 7775
[1;36mdebug: [0mc_header: w_name=wlr_renderer_destroy
[1;36mdebug: [0mc_header: parsed function wlr_renderer_destroy with 1 params (varargs=0) at line 7782
[1;36mdebug: [0mc_header: w_name=wlr_render_timer_create
[1;36mdebug: [0mc_header: parsed function wlr_render_timer_create with 1 params (varargs=0) at line 7787
[1;36mdebug: [0mc_header: w_name=wlr_render_timer_get_duration_ns
[1;36mdebug: [0mc_header: parsed function wlr_render_timer_get_duration_ns with 1 params (varargs=0) at line 7794
[1;36mdebug: [0mc_header: w_name=wlr_render_timer_destroy
[1;36mdebug: [0mc_header: parsed function wlr_render_timer_destroy with 1 params (varargs=0) at line 7799
[1;36mdebug: [0mc_header: LOOP START token=81 line=7809 text='struct'
[1;36mdebug: [0mc_header: LOOP START token=59 line=7815 text='const'
[1;36mdebug: [0mc_header: LOOP START token=86 line=7817 text='void'
[1;36mdebug: [0mc_header: LOOP START token=59 line=7821 text='const'
[1;36mdebug: [0mc_header: LOOP START token=59 line=7823 text='const'
[1;36mdebug: [0mc_header: LOOP START token=81 line=7824 text='struct'
[1;36mdebug: [0mc_header: w_name=wlr_addon_set_init
[1;36mdebug: [0mc_header: parsed function wlr_addon_set_init with 1 params (varargs=0) at line 7827
[1;36mdebug: [0mc_header: w_name=wlr_addon_set_finish
[1;36mdebug: [0mc_header: parsed function wlr_addon_set_finish with 1 params (varargs=0) at line 7828
[1;36mdebug: [0mc_header: w_name=wlr_addon_init
[1;36mdebug: [0mc_header: parsed function wlr_addon_init with 4 params (varargs=0) at line 7831
[1;36mdebug: [0mc_header: w_name=wlr_addon_finish
[1;36mdebug: [0mc_header: parsed function wlr_addon_finish with 1 params (varargs=0) at line 7832
[1;36mdebug: [0mc_header: w_name=wlr_addon_find
[1;36mdebug: [0mc_header: parsed function wlr_addon_find with 3 params (varargs=0) at line 7835
[1;36mdebug: [0mc_header: LOOP START token=72 line=7842 text='int'
[1;36mdebug: [0mc_header: LOOP START token=1 line=7843 text='uint32_t'
[1;36mdebug: [0mc_header: LOOP START token=72 line=7844 text='int'
[1;36mdebug: [0mc_header: LOOP START token=1 line=7845 text='off_t'
[1;36mdebug: [0mc_header: LOOP START token=1
[1;36mdebug: [0mc_header: LOOP START token=1
[1;36mdebug: [0mc_header: LOOP START token=1
[1;36mdebug: [0mc_header: LOOP START token=59 line=7861 text='const'
[1;36mdebug: [0mc_header: LOOP START token=72 line=7863 text='int'
[1;36mdebug: [0mc_header: LOOP START token=89 line=7865 text='bool'
[1;36mdebug: [0mc_header: LOOP START token=1 line=7866 text='size_t'
[1;36mdebug: [0mc_header: LOOP START token=89 line=7867 text='bool'
[1;36mdebug: [0mc_header: LOOP START token=81 line=7869 text='struct'
[1;36mdebug: [0mc_header: LOOP START token=81 line=7870 text='struct'
[1;36mdebug: [0mc_header: LOOP START token=81 line=7871 text='struct'
[1;36mdebug: [0mc_header: LOOP START token=81 line=7874 text='struct'
[1;36mdebug: [0mc_header: w_name=wlr_buffer_drop
[1;36mdebug: [0mc_header: parsed function wlr_buffer_drop with 1 params (varargs=0) at line 7881
[1;36mdebug: [0mc_header: w_name=wlr_buffer_lock
[1;36mdebug: [0mc_header: parsed function wlr_buffer_lock with 1 params (varargs=0) at line 7887
[1;36mdebug: [0mc_header: w_name=wlr_buffer_unlock
[1;36mdebug: [0mc_header: parsed function wlr_buffer_unlock with 1 params (varargs=0) at line 7892
[1;36mdebug: [0mc_header: w_name=wlr_buffer_get_dmabuf
[1;36mdebug: [0mc_header: parsed function wlr_buffer_get_dmabuf with 2 params (varargs=0) at line 7895
[1;36mdebug: [0mc_header: w_name=wlr_buffer_get_shm
[1;36mdebug: [0mc_header: parsed function wlr_buffer_get_shm with 2 params (varargs=0) at line 7898
[1;36mdebug: [0mc_header: w_name=wlr_buffer_try_from_resource
[1;36mdebug: [0mc_header: parsed function wlr_buffer_try_from_resource with 1 params (varargs=0) at line 7905
[1;36mdebug: [0mc_header: LOOP START token=1
[1;36mdebug: [0mc_header: LOOP START token=1
[1;36mdebug: [0mc_header: w_name=wlr_buffer_begin_data_ptr_access
[1;36mdebug: [0mc_header: parsed function wlr_buffer_begin_data_ptr_access with 5 params (varargs=0) at line 7922
[1;36mdebug: [0mc_header: w_name=wlr_buffer_end_data_ptr_access
[1;36mdebug: [0mc_header: parsed function wlr_buffer_end_data_ptr_access with 1 params (varargs=0) at line 7923
[1;36mdebug: [0mc_header: LOOP START token=81 line=7929 text='struct'
[1;36mdebug: [0mc_header: LOOP START token=81 line=7935 text='struct'
[1;36mdebug: [0mc_header: LOOP START token=81 line=7939 text='struct'
[1;36mdebug: [0mc_header: LOOP START token=81 line=7943 text='struct'
[1;36mdebug: [0mc_header: LOOP START token=81 line=7944 text='struct'
[1;36mdebug: [0mc_header: LOOP START token=1 line=7946 text='size_t'
[1;36mdebug: [0mc_header: w_name=wlr_client_buffer_get
[1;36mdebug: [0mc_header: parsed function wlr_client_buffer_get with 1 params (varargs=0) at line 7953
[1;36mdebug: [0mc_header: LOOP START token=1
[1;36mdebug: [0mc_header: LOOP START token=1
[1;36mdebug: [0mc_header: LOOP START token=1
[1;36mdebug: [0mc_header: LOOP START token=1
[1;36mdebug: [0mc_header: LOOP START token=1
[1;36mdebug: [0mc_header: LOOP START token=1 line=7967 text='int32_t'
[1;36mdebug: [0mc_header: LOOP START token=1 line=7968 text='int32_t'
[1;36mdebug: [0mc_header: LOOP START token=89 line=7969 text='bool'
[1;36mdebug: [0mc_header: LOOP START token=65 line=7970 text='enum'
[1;36mdebug: [0mc_header: LOOP START token=81 line=7971 text='struct'
[1;36mdebug: [0mc_header: LOOP START token=81 line=7975 text='struct'
[1;36mdebug: [0mc_header: LOOP START token=63 line=7976 text='double'
[1;36mdebug: [0mc_header: LOOP START token=89 line=7977 text='bool'
[1;36mdebug: [0mc_header: LOOP START token=89 line=7978 text='bool'
[1;36mdebug: [0mc_header: LOOP START token=1 line=7979 text='uint32_t'
[1;36mdebug: [0mc_header: LOOP START token=81 line=7980 text='struct'
[1;36mdebug: [0mc_header: LOOP START token=65 line=7981 text='enum'
[1;36mdebug: [0mc_header: LOOP START token=1 line=7982 text='int32_t'
[1;36mdebug: [0mc_header: LOOP START token=81 line=7983 text='struct'
[1;36mdebug: [0mc_header: LOOP START token=89 line=7984 text='bool'
[1;36mdebug: [0mc_header: LOOP START token=81 line=7985 text='struct'
[1;36mdebug: [0mc_header: LOOP START token=81 line=7986 text='struct'
[1;36mdebug: [0mc_header: LOOP START token=1
[1;36mdebug: [0mc_header: LOOP START token=1
[1;36mdebug: [0mc_header: LOOP START token=1
[1;36mdebug: [0mc_header: LOOP START token=1
[1;36mdebug: [0mc_header: LOOP START token=1
[1;36mdebug: [0mc_header: LOOP START token=1
[1;36mdebug: [0mc_header: LOOP START token=1
[1;36mdebug: [0mc_header: LOOP START token=1
[1;36mdebug: [0mc_header: LOOP START token=1
[1;36mdebug: [0mc_header: LOOP START token=1
[1;36mdebug: [0mc_header: LOOP START token=1
[1;36mdebug: [0mc_header: LOOP START token=1
[1;36mdebug: [0mc_header: LOOP START token=1
[1;36mdebug: [0mc_header: LOOP START token=1
[1;36mdebug: [0mc_header: LOOP START token=1
[1;36mdebug: [0mc_header: LOOP START token=1 line=8017 text='uint32_t'
[1;36mdebug: [0mc_header: LOOP START token=89 line=8020 text='bool'
[1;36mdebug: [0mc_header: LOOP START token=1 line=8021 text='pixman_region32_t'
[1;36mdebug: [0mc_header: LOOP START token=89 line=8022 text='bool'
[1;36mdebug: [0mc_header: LOOP START token=67 line=8023 text='float'
[1;36mdebug: [0mc_header: LOOP START token=65 line=8024 text='enum'
[1;36mdebug: [0mc_header: LOOP START token=89 line=8025 text='bool'
[1;36mdebug: [0mc_header: LOOP START token=1 line=8026 text='uint32_t'
[1;36mdebug: [0mc_header: LOOP START token=65 line=8027 text='enum'
[1;36mdebug: [0mc_header: LOOP START token=81 line=8029 text='struct'
[1;36mdebug: [0mc_header: LOOP START token=89 line=8035 text='bool'
[1;36mdebug: [0mc_header: LOOP START token=65 line=8037 text='enum'
[1;36mdebug: [0mc_header: LOOP START token=81 line=8038 text='struct'
[1;36mdebug: [0mc_header: LOOP START token=81 line=8039 text='struct'
[1;36mdebug: [0mc_header: LOOP START token=1 line=8040 text='int32_t'
[1;36mdebug: [0mc_header: LOOP START token=1 line=8041 text='int32_t'
[1;36mdebug: [0mc_header: LOOP START token=1 line=8044 text='uint16_t'
[1;36mdebug: [0mc_header: LOOP START token=1 line=8045 text='size_t'
[1;36mdebug: [0mc_header: LOOP START token=81 line=8047 text='struct'
[1;36mdebug: [0mc_header: LOOP START token=1 line=8048 text='size_t'
[1;36mdebug: [0mc_header: LOOP START token=59 line=8055 text='const'
[1;36mdebug: [0mc_header: LOOP START token=81 line=8056 text='struct'
[1;36mdebug: [0mc_header: LOOP START token=81 line=8057 text='struct'
[1;36mdebug: [0mc_header: LOOP START token=81 line=8059 text='struct'
[1;36mdebug: [0mc_header: LOOP START token=81 line=8060 text='struct'
[1;36mdebug: [0mc_header: LOOP START token=58 line=8062 text='char'
[1;36mdebug: [0mc_header: LOOP START token=58 line=8063 text='char'
[1;36mdebug: [0mc_header: LOOP START token=58 line=8064 text='char'
[1;36mdebug: [0mc_header: LOOP START token=1 line=8065 text='int32_t'
[1;36mdebug: [0mc_header: LOOP START token=81 line=8068 text='struct'
[1;36mdebug: [0mc_header: LOOP START token=81 line=8069 text='struct'
[1;36mdebug: [0mc_header: LOOP START token=1 line=8070 text='int32_t'
[1;36mdebug: [0mc_header: LOOP START token=1 line=8071 text='int32_t'
[1;36mdebug: [0mc_header: LOOP START token=89 line=8073 text='bool'
[1;36mdebug: [0mc_header: LOOP START token=67 line=8074 text='float'
[1;36mdebug: [0mc_header: LOOP START token=65 line=8075 text='enum'
[1;36mdebug: [0mc_header: LOOP START token=65 line=8076 text='enum'
[1;36mdebug: [0mc_header: LOOP START token=65 line=8077 text='enum'
[1;36mdebug: [0mc_header: LOOP START token=1 line=8078 text='uint32_t'
[1;36mdebug: [0mc_header: LOOP START token=89 line=8083 text='bool'
[1;36mdebug: [0mc_header: LOOP START token=89 line=8085 text='bool'
[1;36mdebug: [0mc_header: LOOP START token=89 line=8087 text='bool'
[1;36mdebug: [0mc_header: LOOP START token=89 line=8090 text='bool'
[1;36mdebug: [0mc_header: LOOP START token=1 line=8093 text='uint32_t'
[1;36mdebug: [0mc_header: LOOP START token=81 line=8095 text='struct'
[1;36mdebug: [0mc_header: LOOP START token=81 line=8097 text='struct'
[1;36mdebug: [0mc_header: LOOP START token=81 line=8100 text='struct'
[1;36mdebug: [0mc_header: LOOP START token=81 line=8103 text='struct'
[1;36mdebug: [0mc_header: LOOP START token=81 line=8105 text='struct'
[1;36mdebug: [0mc_header: LOOP START token=81 line=8107 text='struct'
[1;36mdebug: [0mc_header: LOOP START token=81 line=8110 text='struct'
[1;36mdebug: [0mc_header: LOOP START token=81 line=8112 text='struct'
[1;36mdebug: [0mc_header: LOOP START token=81 line=8113 text='struct'
[1;36mdebug: [0mc_header: LOOP START token=81 line=8114 text='struct'
[1;36mdebug: [0mc_header: LOOP START token=81 line=8115 text='struct'
[1;36mdebug: [0mc_header: LOOP START token=81 line=8118 text='struct'
[1;36mdebug: [0mc_header: LOOP START token=81 line=8119 text='struct'
[1;36mdebug: [0mc_header: LOOP START token=72 line=8121 text='int'
[1;36mdebug: [0mc_header: LOOP START token=81 line=8123 text='struct'
[1;36mdebug: [0mc_header: LOOP START token=81 line=8124 text='struct'
[1;36mdebug: [0mc_header: LOOP START token=81 line=8125 text='struct'
[1;36mdebug: [0mc_header: LOOP START token=81 line=8126 text='struct'
[1;36mdebug: [0mc_header: LOOP START token=72 line=8127 text='int'
[1;36mdebug: [0mc_header: LOOP START token=81 line=8129 text='struct'
[1;36mdebug: [0mc_header: LOOP START token=81 line=8131 text='struct'
[1;36mdebug: [0mc_header: LOOP START token=81 line=8132 text='struct'
[1;36mdebug: [0mc_header: LOOP START token=81 line=8133 text='struct'
[1;36mdebug: [0mc_header: LOOP START token=81 line=8135 text='struct'
[1;36mdebug: [0mc_header: LOOP START token=81 line=8137 text='struct'
[1;36mdebug: [0mc_header: LOOP START token=86 line=8139 text='void'
[1;36mdebug: [0mc_header: LOOP START token=81 line=8143 text='struct'
[1;36mdebug: [0mc_header: LOOP START token=59 line=8144 text='const'
[1;36mdebug: [0mc_header: LOOP START token=81 line=8148 text='struct'
[1;36mdebug: [0mc_header: LOOP START token=81 line=8149 text='struct'
[1;36mdebug: [0mc_header: LOOP START token=59 line=8150 text='const'
[1;36mdebug: [0mc_header: LOOP START token=81 line=8154 text='struct'
[1;36mdebug: [0mc_header: LOOP START token=81 line=8155 text='struct'
[1;36mdebug: [0mc_header: LOOP START token=59 line=8156 text='const'
[1;36mdebug: [0mc_header: LOOP START token=1
[1;36mdebug: [0mc_header: LOOP START token=1
[1;36mdebug: [0mc_header: LOOP START token=1
[1;36mdebug: [0mc_header: LOOP START token=1
[1;36mdebug: [0mc_header: LOOP START token=81 line=8174 text='struct'
[1;36mdebug: [0mc_header: LOOP START token=1 line=8177 text='uint32_t'
[1;36mdebug: [0mc_header: LOOP START token=89 line=8179 text='bool'
[1;36mdebug: [0mc_header: LOOP START token=81 line=8181 text='struct'
[1;36mdebug: [0mc_header: LOOP START token=85 line=8183 text='unsigned'
[1;36mdebug: [0mc_header: LOOP START token=72 line=8186 text='int'
[1;36mdebug: [0mc_header: LOOP START token=1 line=8187 text='uint32_t'
[1;36mdebug: [0mc_header: LOOP START token=81 line=8191 text='struct'
[1;36mdebug: [0mc_header: LOOP START token=81 line=8192 text='struct'
[1;36mdebug: [0mc_header: LOOP START token=81 line=8196 text='struct'
[1;36mdebug: [0mc_header: LOOP START token=59 line=8197 text='const'
[1;36mdebug: [0mc_header: w_name=wlr_output_create_global
[1;36mdebug: [0mc_header: parsed function wlr_output_create_global with 2 params (varargs=0) at line 8202
[1;36mdebug: [0mc_header: w_name=wlr_output_destroy_global
[1;36mdebug: [0mc_header: parsed function wlr_output_destroy_global with 1 params (varargs=0) at line 8203
[1;36mdebug: [0mc_header: w_name=wlr_output_init_render
[1;36mdebug: [0mc_header: parsed function wlr_output_init_render with 3 params (varargs=0) at line 8206
[1;36mdebug: [0mc_header: w_name=wlr_output_preferred_mode
[1;36mdebug: [0mc_header: parsed function wlr_output_preferred_mode with 1 params (varargs=0) at line 8211
[1;36mdebug: [0mc_header: w_name=wlr_output_set_name
[1;36mdebug: [0mc_header: parsed function wlr_output_set_name with 2 params (varargs=0) at line 8213
[1;36mdebug: [0mc_header: w_name=wlr_output_set_description
[1;36mdebug: [0mc_header: parsed function wlr_output_set_description with 2 params (varargs=0) at line 8214
[1;36mdebug: [0mc_header: w_name=wlr_output_schedule_done
[1;36mdebug: [0mc_header: parsed function wlr_output_schedule_done with 1 params (varargs=0) at line 8220
[1;36mdebug: [0mc_header: w_name=wlr_output_destroy
[1;36mdebug: [0mc_header: parsed function wlr_output_destroy with 1 params (varargs=0) at line 8221
[1;36mdebug: [0mc_header: w_name=wlr_output_transformed_resolution
[1;36mdebug: [0mc_header: parsed function wlr_output_transformed_resolution with 3 params (varargs=0) at line 8226
[1;36mdebug: [0mc_header: w_name=wlr_output_effective_resolution
[1;36mdebug: [0mc_header: parsed function wlr_output_effective_resolution with 3 params (varargs=0) at line 8231
[1;36mdebug: [0mc_header: w_name=wlr_output_test_state
[1;36mdebug: [0mc_header: parsed function wlr_output_test_state with 2 params (varargs=0) at line 8239
[1;36mdebug: [0mc_header: w_name=wlr_output_commit_state
[1;36mdebug: [0mc_header: parsed function wlr_output_commit_state with 2 params (varargs=0) at line 8242
[1;36mdebug: [0mc_header: w_name=wlr_output_schedule_frame
[1;36mdebug: [0mc_header: parsed function wlr_output_schedule_frame with 1 params (varargs=0) at line 8247
[1;36mdebug: [0mc_header: w_name=wlr_output_get_gamma_size
[1;36mdebug: [0mc_header: parsed function wlr_output_get_gamma_size with 1 params (varargs=0) at line 8251
[1;36mdebug: [0mc_header: w_name=wlr_output_from_resource
[1;36mdebug: [0mc_header: parsed function wlr_output_from_resource with 1 params (varargs=0) at line 8257
[1;36mdebug: [0mc_header: w_name=wlr_output_lock_attach_render
[1;36mdebug: [0mc_header: parsed function wlr_output_lock_attach_render with 2 params (varargs=0) at line 8264
[1;36mdebug: [0mc_header: w_name=wlr_output_lock_software_cursors
[1;36mdebug: [0mc_header: parsed function wlr_output_lock_software_cursors with 2 params (varargs=0) at line 8272
[1;36mdebug: [0mc_header: w_name=wlr_output_add_software_cursors_to_render_pass
[1;36mdebug: [0mc_header: parsed function wlr_output_add_software_cursors_to_render_pass with 3 params (varargs=0) at line 8279
[1;36mdebug: [0mc_header: w_name=wlr_output_get_primary_formats
[1;36mdebug: [0mc_header: parsed function wlr_output_get_primary_formats with 2 params (varargs=0) at line 8282
[1;36mdebug: [0mc_header: w_name=wlr_output_is_direct_scanout_allowed
[1;36mdebug: [0mc_header: parsed function wlr_output_is_direct_scanout_allowed with 1 params (varargs=0) at line 8289
[1;36mdebug: [0mc_header: w_name=wlr_output_cursor_create
[1;36mdebug: [0mc_header: parsed function wlr_output_cursor_create with 1 params (varargs=0) at line 8292
[1;36mdebug: [0mc_header: w_name=wlr_output_cursor_set_buffer
[1;36mdebug: [0mc_header: parsed function wlr_output_cursor_set_buffer with 4 params (varargs=0) at line 8294
[1;36mdebug: [0mc_header: w_name=wlr_output_cursor_move
[1;36mdebug: [0mc_header: parsed function wlr_output_cursor_move with 3 params (varargs=0) at line 8296
[1;36mdebug: [0mc_header: w_name=wlr_output_cursor_destroy
[1;36mdebug: [0mc_header: parsed function wlr_output_cursor_destroy with 1 params (varargs=0) at line 8297
[1;36mdebug: [0mc_header: w_name=wlr_output_state_init
[1;36mdebug: [0mc_header: parsed function wlr_output_state_init with 1 params (varargs=0) at line 8302
[1;36mdebug: [0mc_header: w_name=wlr_output_state_finish
[1;36mdebug: [0mc_header: parsed function wlr_output_state_finish with 1 params (varargs=0) at line 8306
[1;36mdebug: [0mc_header: w_name=wlr_output_state_set_enabled
[1;36mdebug: [0mc_header: parsed function wlr_output_state_set_enabled with 2 params (varargs=0) at line 8314
[1;36mdebug: [0mc_header: w_name=wlr_output_state_set_mode
[1;36mdebug: [0mc_header: parsed function wlr_output_state_set_mode with 2 params (varargs=0) at line 8322
[1;36mdebug: [0mc_header: w_name=wlr_output_state_set_custom_mode
[1;36mdebug: [0mc_header: parsed function wlr_output_state_set_custom_mode with 4 params (varargs=0) at line 8325
[1;36mdebug: [0mc_header: w_name=wlr_output_state_set_scale
[1;36mdebug: [0mc_header: parsed function wlr_output_state_set_scale with 2 params (varargs=0) at line 8332
[1;36mdebug: [0mc_header: w_name=wlr_output_state_set_transform
[1;36mdebug: [0mc_header: parsed function wlr_output_state_set_transform with 2 params (varargs=0) at line 8340
[1;36mdebug: [0mc_header: w_name=wlr_output_state_set_adaptive_sync_enabled
[1;36mdebug: [0mc_header: parsed function wlr_output_state_set_adaptive_sync_enabled with 2 params (varargs=0) at line 8343
[1;36mdebug: [0mc_header: w_name=wlr_output_state_set_render_format
[1;36mdebug: [0mc_header: parsed function wlr_output_state_set_render_format with 2 params (varargs=0) at line 8346
[1;36mdebug: [0mc_header: w_name=wlr_output_state_set_subpixel
[1;36mdebug: [0mc_header: parsed function wlr_output_state_set_subpixel with 2 params (varargs=0) at line 8354
[1;36mdebug: [0mc_header: w_name=wlr_output_state_set_buffer
[1;36mdebug: [0mc_header: parsed function wlr_output_state_set_buffer with 2 params (varargs=0) at line 8363
[1;36mdebug: [0mc_header: w_name=wlr_output_state_set_gamma_lut
[1;36mdebug: [0mc_header: parsed function wlr_output_state_set_gamma_lut with 5 params (varargs=0) at line 8366
[1;36mdebug: [0mc_header: w_name=wlr_output_state_set_damage
[1;36mdebug: [0mc_header: parsed function wlr_output_state_set_damage with 2 params (varargs=0) at line 8369
[1;36mdebug: [0mc_header: w_name=wlr_output_state_set_layers
[1;36mdebug: [0mc_header: parsed function wlr_output_state_set_layers with 3 params (varargs=0) at line 8372
[1;36mdebug: [0mc_header: w_name=wlr_output_state_copy
[1;36mdebug: [0mc_header: parsed function wlr_output_state_copy with 2 params (varargs=0) at line 8375
[1;36mdebug: [0mc_header: w_name=wlr_output_configure_primary_swapchain
[1;36mdebug: [0mc_header: parsed function wlr_output_configure_primary_swapchain with 3 params (varargs=0) at line 8378
[1;36mdebug: [0mc_header: w_name=wlr_output_begin_render_pass
[1;36mdebug: [0mc_header: parsed function wlr_output_begin_render_pass with 4 params (varargs=0) at line 8382
[1;36mdebug: [0mc_header: LOOP START token=72
[1;36mdebug: [0mc_header: w_name=__bswap_16
[1;36mdebug: [0mc_header: parsed function __bswap_16 with 1 params (varargs=0) at line 330
[1;36mdebug: [0mc_header: w_name=__bswap_32
[1;36mdebug: [0mc_header: parsed function __bswap_32 with 1 params (varargs=0) at line 345
[1;36mdebug: [0mc_header: w_name=__bswap_64
[1;36mdebug: [0mc_header: parsed function __bswap_64 with 1 params (varargs=0) at line 355
[1;36mdebug: [0mc_header: w_name=__uint16_identity
[1;36mdebug: [0mc_header: parsed function __uint16_identity with 1 params (varargs=0) at line 367
[1;36mdebug: [0mc_header: w_name=__uint32_identity
[1;36mdebug: [0mc_header: parsed function __uint32_identity with 1 params (varargs=0) at line 373
[1;36mdebug: [0mc_header: w_name=__uint64_identity
[1;36mdebug: [0mc_header: parsed function __uint64_identity with 1 params (varargs=0) at line 379
[1;36mdebug: [0mc_header: LOOP START token=85
[1;36mdebug: [0mc_header: LOOP START token=1 line=427 text='__time_t'
[1;36mdebug: [0mc_header: LOOP START token=1 line=428 text='__suseconds_t'
[1;36mdebug: [0mc_header: LOOP START token=1 line=440 text='__time_t'
[1;36mdebug: [0mc_header: LOOP START token=1 line=445 text='__syscall_slong_t'
[1;36mdebug: [0mc_header: LOOP START token=1
[1;36mdebug: [0mc_header: w_name=select
[1;36mdebug: [0mc_header: parsed function select with 5 params (varargs=0) at line 485
[1;36mdebug: [0mc_header: w_name=pselect
[1;36mdebug: [0mc_header: parsed function pselect with 6 params (varargs=0) at line 491
[1;36mdebug: [0mc_header: LOOP START token=97
[1;36mdebug: [0mc_header: LOOP START token=81
[1;36mdebug: [0mc_header: LOOP START token=85
[1;36mdebug: [0mc_header: LOOP START token=85
[1;36mdebug: [0mc_header: LOOP START token=81
[1;36mdebug: [0mc_header: LOOP START token=81
[1;36mdebug: [0mc_header: LOOP START token=81
[1;36mdebug: [0mc_header: LOOP START token=72 line=558 text='int'
[1;36mdebug: [0mc_header: LOOP START token=85 line=559 text='unsigned'
[1;36mdebug: [0mc_header: LOOP START token=72 line=560 text='int'
[1;36mdebug: [0mc_header: LOOP START token=85 line=562 text='unsigned'
[1;36mdebug: [0mc_header: LOOP START token=72 line=566 text='int'
[1;36mdebug: [0mc_header: LOOP START token=77 line=568 text='short'
[1;36mdebug: [0mc_header: LOOP START token=77 line=569 text='short'
[1;36mdebug: [0mc_header: LOOP START token=1 line=570 text='__pthread_list_t'
[1;36mdebug: [0mc_header: LOOP START token=85 line=579 text='unsigned'
[1;36mdebug: [0mc_header: LOOP START token=85 line=580 text='unsigned'
[1;36mdebug: [0mc_header: LOOP START token=85 line=581 text='unsigned'
[1;36mdebug: [0mc_header: LOOP START token=85 line=582 text='unsigned'
[1;36mdebug: [0mc_header: LOOP START token=85 line=583 text='unsigned'
[1;36mdebug: [0mc_header: LOOP START token=85 line=584 text='unsigned'
[1;36mdebug: [0mc_header: LOOP START token=72 line=586 text='int'
[1;36mdebug: [0mc_header: LOOP START token=72 line=587 text='int'
[1;36mdebug: [0mc_header: LOOP START token=85 line=588 text='unsigned'
[1;36mdebug: [0mc_header: LOOP START token=85 line=589 text='unsigned'
[1;36mdebug: [0mc_header: LOOP START token=85 line=592 text='unsigned'
[1;36mdebug: [0mc_header: LOOP START token=1 line=602 text='__atomic_wide_counter'
[1;36mdebug: [0mc_header: LOOP START token=1 line=603 text='__atomic_wide_counter'
[1;36mdebug: [0mc_header: LOOP START token=85 line=604 text='unsigned'
[1;36mdebug: [0mc_header: LOOP START token=85 line=605 text='unsigned'
[1;36mdebug: [0mc_header: LOOP START token=85 line=606 text='unsigned'
[1;36mdebug: [0mc_header: LOOP START token=85 line=607 text='unsigned'
[1;36mdebug: [0mc_header: LOOP START token=85 line=608 text='unsigned'
[1;36mdebug: [0mc_header: LOOP START token=85 line=609 text='unsigned'
[1;36mdebug: [0mc_header: LOOP START token=72
[1;36mdebug: [0mc_header: LOOP START token=58
[1;36mdebug: [0mc_header: LOOP START token=72
[1;36mdebug: [0mc_header: LOOP START token=58
[1;36mdebug: [0mc_header: LOOP START token=72
[1;36mdebug: [0mc_header: LOOP START token=58 line=654 text='char'
[1;36mdebug: [0mc_header: LOOP START token=73 line=655 text='long'
[1;36mdebug: [0mc_header: LOOP START token=81
[1;36mdebug: [0mc_header: LOOP START token=58
[1;36mdebug: [0mc_header: LOOP START token=73
[1;36mdebug: [0mc_header: LOOP START token=81
[1;36mdebug: [0mc_header: LOOP START token=58
[1;36mdebug: [0mc_header: LOOP START token=97
[1;36mdebug: [0mc_header: LOOP START token=81
[1;36mdebug: [0mc_header: LOOP START token=58
[1;36mdebug: [0mc_header: LOOP START token=73
[1;36mdebug: [0mc_header: LOOP START token=58
[1;36mdebug: [0mc_header: LOOP START token=73
[1;36mdebug: [0mc_header: LOOP START token=58
[1;36mdebug: [0mc_header: LOOP START token=73
[1;36mdebug: [0mc_header: LOOP START token=58
[1;36mdebug: [0mc_header: LOOP START token=72
[1;36mdebug: [0mc_header: LOOP START token=1
[1;36mdebug: [0mc_header: LOOP START token=1
[1;36mdebug: [0mc_header: LOOP START token=1
[1;36mdebug: [0mc_header: LOOP START token=1
[1;36mdebug: [0mc_header: LOOP START token=1
[1;36mdebug: [0mc_header: w_name=__fpclassify
[1;36mdebug: [0mc_header: parsed function __fpclassify with 1 params (varargs=0) at line 862
[1;36mdebug: [0mc_header: w_name=__signbit
[1;36mdebug: [0mc_header: parsed function __signbit with 1 params (varargs=0) at line 866
[1;36mdebug: [0mc_header: w_name=__isinf
[1;36mdebug: [0mc_header: parsed function __isinf with 1 params (varargs=0) at line 871
[1;36mdebug: [0mc_header: w_name=__finite
[1;36mdebug: [0mc_header: parsed function __finite with 1 params (varargs=0) at line 875
[1;36mdebug: [0mc_header: w_name=__isnan
[1;36mdebug: [0mc_header: parsed function __isnan with 1 params (varargs=0) at line 879
[1;36mdebug: [0mc_header: w_name=__iseqsig
[1;36mdebug: [0mc_header: parsed function __iseqsig with 2 params (varargs=0) at line 883
[1;36mdebug: [0mc_header: w_name=__issignaling
[1;36mdebug: [0mc_header: parsed function __issignaling with 1 params (varargs=0) at line 886
[1;36mdebug: [0mc_header: w_name=acos
[1;36mdebug: [0mc_header: parsed function acos with 1 params (varargs=0) at line 891
[1;36mdebug: [0mc_header: w_name=__acos
[1;36mdebug: [0mc_header: parsed function __acos with 1 params (varargs=0) at line 891
[1;36mdebug: [0mc_header: w_name=asin
[1;36mdebug: [0mc_header: parsed function asin with 1 params (varargs=0) at line 893
[1;36mdebug: [0mc_header: w_name=__asin
[1;36mdebug: [0mc_header: parsed function __asin with 1 params (varargs=0) at line 893
[1;36mdebug: [0mc_header: w_name=atan
[1;36mdebug: [0mc_header: parsed function atan with 1 params (varargs=0) at line 895
[1;36mdebug: [0mc_header: w_name=__atan
[1;36mdebug: [0mc_header: parsed function __atan with 1 params (varargs=0) at line 895
[1;36mdebug: [0mc_header: w_name=atan2
[1;36mdebug: [0mc_header: parsed function atan2 with 2 params (varargs=0) at line 897
[1;36mdebug: [0mc_header: w_name=__atan2
[1;36mdebug: [0mc_header: parsed function __atan2 with 2 params (varargs=0) at line 897
[1;36mdebug: [0mc_header: w_name=cos
[1;36mdebug: [0mc_header: parsed function cos with 1 params (varargs=0) at line 900
[1;36mdebug: [0mc_header: w_name=__cos
[1;36mdebug: [0mc_header: parsed function __cos with 1 params (varargs=0) at line 900
[1;36mdebug: [0mc_header: w_name=sin
[1;36mdebug: [0mc_header: parsed function sin with 1 params (varargs=0) at line 902
[1;36mdebug: [0mc_header: w_name=__sin
[1;36mdebug: [0mc_header: parsed function __sin with 1 params (varargs=0) at line 902
[1;36mdebug: [0mc_header: w_name=tan
[1;36mdebug: [0mc_header: parsed function tan with 1 params (varargs=0) at line 904
[1;36mdebug: [0mc_header: w_name=__tan
[1;36mdebug: [0mc_header: parsed function __tan with 1 params (varargs=0) at line 904
[1;36mdebug: [0mc_header: w_name=acospi
[1;36mdebug: [0mc_header: parsed function acospi with 1 params (varargs=0) at line 908
[1;36mdebug: [0mc_header: w_name=__acospi
[1;36mdebug: [0mc_header: parsed function __acospi with 1 params (varargs=0) at line 908
[1;36mdebug: [0mc_header: w_name=acospi
[1;36mdebug: [0mc_header: parsed function acospi with 1 params (varargs=0) at line 909
[1;36mdebug: [0mc_header: w_name=__acospi
[1;36mdebug: [0mc_header: parsed function __acospi with 1 params (varargs=0) at line 909
[1;36mdebug: [0mc_header: w_name=asinpi
[1;36mdebug: [0mc_header: parsed function asinpi with 1 params (varargs=0) at line 911
[1;36mdebug: [0mc_header: w_name=__asinpi
[1;36mdebug: [0mc_header: parsed function __asinpi with 1 params (varargs=0) at line 911
[1;36mdebug: [0mc_header: w_name=asinpi
[1;36mdebug: [0mc_header: parsed function asinpi with 1 params (varargs=0) at line 912
[1;36mdebug: [0mc_header: w_name=__asinpi
[1;36mdebug: [0mc_header: parsed function __asinpi with 1 params (varargs=0) at line 912
[1;36mdebug: [0mc_header: w_name=atanpi
[1;36mdebug: [0mc_header: parsed function atanpi with 1 params (varargs=0) at line 914
[1;36mdebug: [0mc_header: w_name=__atanpi
[1;36mdebug: [0mc_header: parsed function __atanpi with 1 params (varargs=0) at line 914
[1;36mdebug: [0mc_header: w_name=atanpi
[1;36mdebug: [0mc_header: parsed function atanpi with 1 params (varargs=0) at line 915
[1;36mdebug: [0mc_header: w_name=__atanpi
[1;36mdebug: [0mc_header: parsed function __atanpi with 1 params (varargs=0) at line 915
[1;36mdebug: [0mc_header: w_name=atan2pi
[1;36mdebug: [0mc_header: parsed function atan2pi with 2 params (varargs=0) at line 917
[1;36mdebug: [0mc_header: w_name=__atan2pi
[1;36mdebug: [0mc_header: parsed function __atan2pi with 2 params (varargs=0) at line 917
[1;36mdebug: [0mc_header: w_name=atan2pi
[1;36mdebug: [0mc_header: parsed function atan2pi with 2 params (varargs=0) at line 918
[1;36mdebug: [0mc_header: w_name=__atan2pi
[1;36mdebug: [0mc_header: parsed function __atan2pi with 2 params (varargs=0) at line 918
[1;36mdebug: [0mc_header: w_name=cospi
[1;36mdebug: [0mc_header: parsed function cospi with 1 params (varargs=0) at line 921
[1;36mdebug: [0mc_header: w_name=__cospi
[1;36mdebug: [0mc_header: parsed function __cospi with 1 params (varargs=0) at line 921
[1;36mdebug: [0mc_header: w_name=sinpi
[1;36mdebug: [0mc_header: parsed function sinpi with 1 params (varargs=0) at line 923
[1;36mdebug: [0mc_header: w_name=__sinpi
[1;36mdebug: [0mc_header: parsed function __sinpi with 1 params (varargs=0) at line 923
[1;36mdebug: [0mc_header: w_name=tanpi
[1;36mdebug: [0mc_header: parsed function tanpi with 1 params (varargs=0) at line 925
[1;36mdebug: [0mc_header: w_name=__tanpi
[1;36mdebug: [0mc_header: parsed function __tanpi with 1 params (varargs=0) at line 925
[1;36mdebug: [0mc_header: w_name=cosh
[1;36mdebug: [0mc_header: parsed function cosh with 1 params (varargs=0) at line 931
[1;36mdebug: [0mc_header: w_name=__cosh
[1;36mdebug: [0mc_header: parsed function __cosh with 1 params (varargs=0) at line 931
[1;36mdebug: [0mc_header: w_name=sinh
[1;36mdebug: [0mc_header: parsed function sinh with 1 params (varargs=0) at line 933
[1;36mdebug: [0mc_header: w_name=__sinh
[1;36mdebug: [0mc_header: parsed function __sinh with 1 params (varargs=0) at line 933
[1;36mdebug: [0mc_header: w_name=tanh
[1;36mdebug: [0mc_header: parsed function tanh with 1 params (varargs=0) at line 935
[1;36mdebug: [0mc_header: w_name=__tanh
[1;36mdebug: [0mc_header: parsed function __tanh with 1 params (varargs=0) at line 935
[1;36mdebug: [0mc_header: w_name=acosh
[1;36mdebug: [0mc_header: parsed function acosh with 1 params (varargs=0) at line 937
[1;36mdebug: [0mc_header: w_name=__acosh
[1;36mdebug: [0mc_header: parsed function __acosh with 1 params (varargs=0) at line 937
[1;36mdebug: [0mc_header: w_name=asinh
[1;36mdebug: [0mc_header: parsed function asinh with 1 params (varargs=0) at line 939
[1;36mdebug: [0mc_header: w_name=__asinh
[1;36mdebug: [0mc_header: parsed function __asinh with 1 params (varargs=0) at line 939
[1;36mdebug: [0mc_header: w_name=atanh
[1;36mdebug: [0mc_header: parsed function atanh with 1 params (varargs=0) at line 941
[1;36mdebug: [0mc_header: w_name=__atanh
[1;36mdebug: [0mc_header: parsed function __atanh with 1 params (varargs=0) at line 941
[1;36mdebug: [0mc_header: w_name=exp
[1;36mdebug: [0mc_header: parsed function exp with 1 params (varargs=0) at line 947
[1;36mdebug: [0mc_header: w_name=__exp
[1;36mdebug: [0mc_header: parsed function __exp with 1 params (varargs=0) at line 947
[1;36mdebug: [0mc_header: w_name=frexp
[1;36mdebug: [0mc_header: parsed function frexp with 2 params (varargs=0) at line 950
[1;36mdebug: [0mc_header: w_name=__frexp
[1;36mdebug: [0mc_header: parsed function __frexp with 2 params (varargs=0) at line 950
[1;36mdebug: [0mc_header: w_name=ldexp
[1;36mdebug: [0mc_header: parsed function ldexp with 2 params (varargs=0) at line 953
[1;36mdebug: [0mc_header: w_name=__ldexp
[1;36mdebug: [0mc_header: parsed function __ldexp with 2 params (varargs=0) at line 953
[1;36mdebug: [0mc_header: w_name=log
[1;36mdebug: [0mc_header: parsed function log with 1 params (varargs=0) at line 956
[1;36mdebug: [0mc_header: w_name=__log
[1;36mdebug: [0mc_header: parsed function __log with 1 params (varargs=0) at line 956
[1;36mdebug: [0mc_header: w_name=log10
[1;36mdebug: [0mc_header: parsed function log10 with 1 params (varargs=0) at line 959
[1;36mdebug: [0mc_header: w_name=__log10
[1;36mdebug: [0mc_header: parsed function __log10 with 1 params (varargs=0) at line 959
[1;36mdebug: [0mc_header: w_name=modf
[1;36mdebug: [0mc_header: parsed function modf with 2 params (varargs=0) at line 962
[1;36mdebug: [0mc_header: w_name=__modf
[1;36mdebug: [0mc_header: parsed function __modf with 2 params (varargs=0) at line 962
[1;36mdebug: [0mc_header: w_name=exp10
[1;36mdebug: [0mc_header: parsed function exp10 with 1 params (varargs=0) at line 966
[1;36mdebug: [0mc_header: w_name=__exp10
[1;36mdebug: [0mc_header: parsed function __exp10 with 1 params (varargs=0) at line 966
[1;36mdebug: [0mc_header: w_name=exp2m1
[1;36mdebug: [0mc_header: parsed function exp2m1 with 1 params (varargs=0) at line 969
[1;36mdebug: [0mc_header: w_name=__exp2m1
[1;36mdebug: [0mc_header: parsed function __exp2m1 with 1 params (varargs=0) at line 969
[1;36mdebug: [0mc_header: w_name=exp10m1
[1;36mdebug: [0mc_header: parsed function exp10m1 with 1 params (varargs=0) at line 972
[1;36mdebug: [0mc_header: w_name=__exp10m1
[1;36mdebug: [0mc_header: parsed function __exp10m1 with 1 params (varargs=0) at line 972
[1;36mdebug: [0mc_header: w_name=log2p1
[1;36mdebug: [0mc_header: parsed function log2p1 with 1 params (varargs=0) at line 975
[1;36mdebug: [0mc_header: w_name=__log2p1
[1;36mdebug: [0mc_header: parsed function __log2p1 with 1 params (varargs=0) at line 975
[1;36mdebug: [0mc_header: w_name=log10p1
[1;36mdebug: [0mc_header: parsed function log10p1 with 1 params (varargs=0) at line 978
[1;36mdebug: [0mc_header: w_name=__log10p1
[1;36mdebug: [0mc_header: parsed function __log10p1 with 1 params (varargs=0) at line 978
[1;36mdebug: [0mc_header: w_name=logp1
[1;36mdebug: [0mc_header: parsed function logp1 with 1 params (varargs=0) at line 981
[1;36mdebug: [0mc_header: w_name=__logp1
[1;36mdebug: [0mc_header: parsed function __logp1 with 1 params (varargs=0) at line 981
[1;36mdebug: [0mc_header: w_name=expm1
[1;36mdebug: [0mc_header: parsed function expm1 with 1 params (varargs=0) at line 986
[1;36mdebug: [0mc_header: w_name=__expm1
[1;36mdebug: [0mc_header: parsed function __expm1 with 1 params (varargs=0) at line 986
[1;36mdebug: [0mc_header: w_name=log1p
[1;36mdebug: [0mc_header: parsed function log1p with 1 params (varargs=0) at line 989
[1;36mdebug: [0mc_header: w_name=__log1p
[1;36mdebug: [0mc_header: parsed function __log1p with 1 params (varargs=0) at line 989
[1;36mdebug: [0mc_header: w_name=logb
[1;36mdebug: [0mc_header: parsed function logb with 1 params (varargs=0) at line 992
[1;36mdebug: [0mc_header: w_name=__logb
[1;36mdebug: [0mc_header: parsed function __logb with 1 params (varargs=0) at line 992
[1;36mdebug: [0mc_header: w_name=exp2
[1;36mdebug: [0mc_header: parsed function exp2 with 1 params (varargs=0) at line 997
[1;36mdebug: [0mc_header: w_name=__exp2
[1;36mdebug: [0mc_header: parsed function __exp2 with 1 params (varargs=0) at line 997
[1;36mdebug: [0mc_header: w_name=log2
[1;36mdebug: [0mc_header: parsed function log2 with 1 params (varargs=0) at line 1000
[1;36mdebug: [0mc_header: w_name=__log2
[1;36mdebug: [0mc_header: parsed function __log2 with 1 params (varargs=0) at line 1000
[1;36mdebug: [0mc_header: w_name=pow
[1;36mdebug: [0mc_header: parsed function pow with 2 params (varargs=0) at line 1007
[1;36mdebug: [0mc_header: w_name=__pow
[1;36mdebug: [0mc_header: parsed function __pow with 2 params (varargs=0) at line 1007
[1;36mdebug: [0mc_header: w_name=sqrt
[1;36mdebug: [0mc_header: parsed function sqrt with 1 params (varargs=0) at line 1010
[1;36mdebug: [0mc_header: w_name=__sqrt
[1;36mdebug: [0mc_header: parsed function __sqrt with 1 params (varargs=0) at line 1010
[1;36mdebug: [0mc_header: w_name=hypot
[1;36mdebug: [0mc_header: parsed function hypot with 2 params (varargs=0) at line 1014
[1;36mdebug: [0mc_header: w_name=__hypot
[1;36mdebug: [0mc_header: parsed function __hypot with 2 params (varargs=0) at line 1014
[1;36mdebug: [0mc_header: w_name=cbrt
[1;36mdebug: [0mc_header: parsed function cbrt with 1 params (varargs=0) at line 1019
[1;36mdebug: [0mc_header: w_name=__cbrt
[1;36mdebug: [0mc_header: parsed function __cbrt with 1 params (varargs=0) at line 1019
[1;36mdebug: [0mc_header: w_name=compoundn
[1;36mdebug: [0mc_header: parsed function compoundn with 2 params (varargs=0) at line 1024
[1;36mdebug: [0mc_header: w_name=__compoundn
[1;36mdebug: [0mc_header: parsed function __compoundn with 2 params (varargs=0) at line 1024
[1;36mdebug: [0mc_header: w_name=pown
[1;36mdebug: [0mc_header: parsed function pown with 2 params (varargs=0) at line 1027
[1;36mdebug: [0mc_header: w_name=__pown
[1;36mdebug: [0mc_header: parsed function __pown with 2 params (varargs=0) at line 1027
[1;36mdebug: [0mc_header: w_name=powr
[1;36mdebug: [0mc_header: parsed function powr with 2 params (varargs=0) at line 1030
[1;36mdebug: [0mc_header: w_name=__powr
[1;36mdebug: [0mc_header: parsed function __powr with 2 params (varargs=0) at line 1030
[1;36mdebug: [0mc_header: w_name=powr
[1;36mdebug: [0mc_header: parsed function powr with 2 params (varargs=0) at line 1031
[1;36mdebug: [0mc_header: w_name=__powr
[1;36mdebug: [0mc_header: parsed function __powr with 2 params (varargs=0) at line 1031
[1;36mdebug: [0mc_header: w_name=rootn
[1;36mdebug: [0mc_header: parsed function rootn with 2 params (varargs=0) at line 1034
[1;36mdebug: [0mc_header: w_name=__rootn
[1;36mdebug: [0mc_header: parsed function __rootn with 2 params (varargs=0) at line 1034
[1;36mdebug: [0mc_header: w_name=rsqrt
[1;36mdebug: [0mc_header: parsed function rsqrt with 1 params (varargs=0) at line 1037
[1;36mdebug: [0mc_header: w_name=__rsqrt
[1;36mdebug: [0mc_header: parsed function __rsqrt with 1 params (varargs=0) at line 1037
[1;36mdebug: [0mc_header: w_name=ceil
[1;36mdebug: [0mc_header: parsed function ceil with 1 params (varargs=0) at line 1044
[1;36mdebug: [0mc_header: w_name=fabs
[1;36mdebug: [0mc_header: parsed function fabs with 1 params (varargs=0) at line 1047
[1;36mdebug: [0mc_header: w_name=floor
[1;36mdebug: [0mc_header: parsed function floor with 1 params (varargs=0) at line 1050
[1;36mdebug: [0mc_header: w_name=fmod
[1;36mdebug: [0mc_header: parsed function fmod with 2 params (varargs=0) at line 1053
[1;36mdebug: [0mc_header: w_name=__fmod
[1;36mdebug: [0mc_header: parsed function __fmod with 2 params (varargs=0) at line 1053
[1;36mdebug: [0mc_header: w_name=isinf
[1;36mdebug: [0mc_header: parsed function isinf with 1 params (varargs=0) at line 1055
[1;36mdebug: [0mc_header: w_name=finite
[1;36mdebug: [0mc_header: parsed function finite with 1 params (varargs=0) at line 1061
[1;36mdebug: [0mc_header: w_name=drem
[1;36mdebug: [0mc_header: parsed function drem with 2 params (varargs=0) at line 1065
[1;36mdebug: [0mc_header: w_name=__drem
[1;36mdebug: [0mc_header: parsed function __drem with 2 params (varargs=0) at line 1065
[1;36mdebug: [0mc_header: w_name=significand
[1;36mdebug: [0mc_header: parsed function significand with 1 params (varargs=0) at line 1069
[1;36mdebug: [0mc_header: w_name=__significand
[1;36mdebug: [0mc_header: parsed function __significand with 1 params (varargs=0) at line 1069
[1;36mdebug: [0mc_header: w_name=copysign
[1;36mdebug: [0mc_header: parsed function copysign with 2 params (varargs=0) at line 1076
[1;36mdebug: [0mc_header: w_name=nan
[1;36mdebug: [0mc_header: parsed function nan with 1 params (varargs=0) at line 1081
[1;36mdebug: [0mc_header: w_name=__nan
[1;36mdebug: [0mc_header: parsed function __nan with 1 params (varargs=0) at line 1081
[1;36mdebug: [0mc_header: w_name=isnan
[1;36mdebug: [0mc_header: parsed function isnan with 1 params (varargs=0) at line 1083
[1;36mdebug: [0mc_header: w_name=j0
[1;36mdebug: [0mc_header: parsed function j0 with 1 params (varargs=0) at line 1090
[1;36mdebug: [0mc_header: w_name=__j0
[1;36mdebug: [0mc_header: parsed function __j0 with 1 params (varargs=0) at line 1090
[1;36mdebug: [0mc_header: w_name=j1
[1;36mdebug: [0mc_header: parsed function j1 with 1 params (varargs=0) at line 1091
[1;36mdebug: [0mc_header: w_name=__j1
[1;36mdebug: [0mc_header: parsed function __j1 with 1 params (varargs=0) at line 1091
[1;36mdebug: [0mc_header: w_name=jn
[1;36mdebug: [0mc_header: parsed function jn with 2 params (varargs=0) at line 1092
[1;36mdebug: [0mc_header: w_name=__jn
[1;36mdebug: [0mc_header: parsed function __jn with 2 params (varargs=0) at line 1092
[1;36mdebug: [0mc_header: w_name=y0
[1;36mdebug: [0mc_header: parsed function y0 with 1 params (varargs=0) at line 1093
[1;36mdebug: [0mc_header: w_name=__y0
[1;36mdebug: [0mc_header: parsed function __y0 with 1 params (varargs=0) at line 1093
[1;36mdebug: [0mc_header: w_name=y1
[1;36mdebug: [0mc_header: parsed function y1 with 1 params (varargs=0) at line 1094
[1;36mdebug: [0mc_header: w_name=__y1
[1;36mdebug: [0mc_header: parsed function __y1 with 1 params (varargs=0) at line 1094
[1;36mdebug: [0mc_header: w_name=yn
[1;36mdebug: [0mc_header: parsed function yn with 2 params (varargs=0) at line 1095
[1;36mdebug: [0mc_header: w_name=__yn
[1;36mdebug: [0mc_header: parsed function __yn with 2 params (varargs=0) at line 1095
[1;36mdebug: [0mc_header: w_name=erf
[1;36mdebug: [0mc_header: parsed function erf with 1 params (varargs=0) at line 1101
[1;36mdebug: [0mc_header: w_name=__erf
[1;36mdebug: [0mc_header: parsed function __erf with 1 params (varargs=0) at line 1101
[1;36mdebug: [0mc_header: w_name=erfc
[1;36mdebug: [0mc_header: parsed function erfc with 1 params (varargs=0) at line 1102
[1;36mdebug: [0mc_header: w_name=__erfc
[1;36mdebug: [0mc_header: parsed function __erfc with 1 params (varargs=0) at line 1102
[1;36mdebug: [0mc_header: w_name=lgamma
[1;36mdebug: [0mc_header: parsed function lgamma with 1 params (varargs=0) at line 1103
[1;36mdebug: [0mc_header: w_name=__lgamma
[1;36mdebug: [0mc_header: parsed function __lgamma with 1 params (varargs=0) at line 1103
[1;36mdebug: [0mc_header: w_name=tgamma
[1;36mdebug: [0mc_header: parsed function tgamma with 1 params (varargs=0) at line 1108
[1;36mdebug: [0mc_header: w_name=__tgamma
[1;36mdebug: [0mc_header: parsed function __tgamma with 1 params (varargs=0) at line 1108
[1;36mdebug: [0mc_header: w_name=gamma
[1;36mdebug: [0mc_header: parsed function gamma with 1 params (varargs=0) at line 1114
[1;36mdebug: [0mc_header: w_name=__gamma
[1;36mdebug: [0mc_header: parsed function __gamma with 1 params (varargs=0) at line 1114
[1;36mdebug: [0mc_header: w_name=lgamma_r
[1;36mdebug: [0mc_header: parsed function lgamma_r with 2 params (varargs=0) at line 1122
[1;36mdebug: [0mc_header: w_name=__lgamma_r
[1;36mdebug: [0mc_header: parsed function __lgamma_r with 2 params (varargs=0) at line 1122
[1;36mdebug: [0mc_header: w_name=rint
[1;36mdebug: [0mc_header: parsed function rint with 1 params (varargs=0) at line 1129
[1;36mdebug: [0mc_header: w_name=__rint
[1;36mdebug: [0mc_header: parsed function __rint with 1 params (varargs=0) at line 1129
[1;36mdebug: [0mc_header: w_name=nextafter
[1;36mdebug: [0mc_header: parsed function nextafter with 2 params (varargs=0) at line 1132
[1;36mdebug: [0mc_header: w_name=__nextafter
[1;36mdebug: [0mc_header: parsed function __nextafter with 2 params (varargs=0) at line 1132
[1;36mdebug: [0mc_header: w_name=nexttoward
[1;36mdebug: [0mc_header: parsed function nexttoward with 2 params (varargs=0) at line 1134
[1;36mdebug: [0mc_header: w_name=__nexttoward
[1;36mdebug: [0mc_header: parsed function __nexttoward with 2 params (varargs=0) at line 1134
[1;36mdebug: [0mc_header: w_name=nextdown
[1;36mdebug: [0mc_header: parsed function nextdown with 1 params (varargs=0) at line 1139
[1;36mdebug: [0mc_header: w_name=__nextdown
[1;36mdebug: [0mc_header: parsed function __nextdown with 1 params (varargs=0) at line 1139
[1;36mdebug: [0mc_header: w_name=nextup
[1;36mdebug: [0mc_header: parsed function nextup with 1 params (varargs=0) at line 1141
[1;36mdebug: [0mc_header: w_name=__nextup
[1;36mdebug: [0mc_header: parsed function __nextup with 1 params (varargs=0) at line 1141
[1;36mdebug: [0mc_header: w_name=remainder
[1;36mdebug: [0mc_header: parsed function remainder with 2 params (varargs=0) at line 1145
[1;36mdebug: [0mc_header: w_name=__remainder
[1;36mdebug: [0mc_header: parsed function __remainder with 2 params (varargs=0) at line 1145
[1;36mdebug: [0mc_header: w_name=scalbn
[1;36mdebug: [0mc_header: parsed function scalbn with 2 params (varargs=0) at line 1149
[1;36mdebug: [0mc_header: w_name=__scalbn
[1;36mdebug: [0mc_header: parsed function __scalbn with 2 params (varargs=0) at line 1149
[1;36mdebug: [0mc_header: w_name=ilogb
[1;36mdebug: [0mc_header: parsed function ilogb with 1 params (varargs=0) at line 1153
[1;36mdebug: [0mc_header: w_name=__ilogb
[1;36mdebug: [0mc_header: parsed function __ilogb with 1 params (varargs=0) at line 1153
[1;36mdebug: [0mc_header: w_name=llogb
[1;36mdebug: [0mc_header: parsed function llogb with 1 params (varargs=0) at line 1158
[1;36mdebug: [0mc_header: w_name=__llogb
[1;36mdebug: [0mc_header: parsed function __llogb with 1 params (varargs=0) at line 1158
[1;36mdebug: [0mc_header: w_name=scalbln
[1;36mdebug: [0mc_header: parsed function scalbln with 2 params (varargs=0) at line 1163
[1;36mdebug: [0mc_header: w_name=__scalbln
[1;36mdebug: [0mc_header: parsed function __scalbln with 2 params (varargs=0) at line 1163
[1;36mdebug: [0mc_header: w_name=nearbyint
[1;36mdebug: [0mc_header: parsed function nearbyint with 1 params (varargs=0) at line 1167
[1;36mdebug: [0mc_header: w_name=__nearbyint
[1;36mdebug: [0mc_header: parsed function __nearbyint with 1 params (varargs=0) at line 1167
[1;36mdebug: [0mc_header: w_name=round
[1;36mdebug: [0mc_header: parsed function round with 1 params (varargs=0) at line 1171
[1;36mdebug: [0mc_header: w_name=trunc
[1;36mdebug: [0mc_header: parsed function trunc with 1 params (varargs=0) at line 1175
[1;36mdebug: [0mc_header: w_name=remquo
[1;36mdebug: [0mc_header: parsed function remquo with 3 params (varargs=0) at line 1180
[1;36mdebug: [0mc_header: w_name=__remquo
[1;36mdebug: [0mc_header: parsed function __remquo with 3 params (varargs=0) at line 1180
[1;36mdebug: [0mc_header: w_name=lrint
[1;36mdebug: [0mc_header: parsed function lrint with 1 params (varargs=0) at line 1187
[1;36mdebug: [0mc_header: w_name=__lrint
[1;36mdebug: [0mc_header: parsed function __lrint with 1 params (varargs=0) at line 1187
[1;36mdebug: [0mc_header: w_name=llrint
[1;36mdebug: [0mc_header: parsed function llrint with 1 params (varargs=0) at line 1189
[1;36mdebug: [0mc_header: w_name=__llrint
[1;36mdebug: [0mc_header: parsed function __llrint with 1 params (varargs=0) at line 1189
[1;36mdebug: [0mc_header: w_name=lround
[1;36mdebug: [0mc_header: parsed function lround with 1 params (varargs=0) at line 1193
[1;36mdebug: [0mc_header: w_name=__lround
[1;36mdebug: [0mc_header: parsed function __lround with 1 params (varargs=0) at line 1193
[1;36mdebug: [0mc_header: w_name=llround
[1;36mdebug: [0mc_header: parsed function llround with 1 params (varargs=0) at line 1195
[1;36mdebug: [0mc_header: w_name=__llround
[1;36mdebug: [0mc_header: parsed function __llround with 1 params (varargs=0) at line 1195
[1;36mdebug: [0mc_header: w_name=fdim
[1;36mdebug: [0mc_header: parsed function fdim with 2 params (varargs=0) at line 1199
[1;36mdebug: [0mc_header: w_name=__fdim
[1;36mdebug: [0mc_header: parsed function __fdim with 2 params (varargs=0) at line 1199
[1;36mdebug: [0mc_header: w_name=fmax
[1;36mdebug: [0mc_header: parsed function fmax with 2 params (varargs=0) at line 1203
[1;36mdebug: [0mc_header: w_name=fmin
[1;36mdebug: [0mc_header: parsed function fmin with 2 params (varargs=0) at line 1206
[1;36mdebug: [0mc_header: w_name=fma
[1;36mdebug: [0mc_header: parsed function fma with 3 params (varargs=0) at line 1210
[1;36mdebug: [0mc_header: w_name=__fma
[1;36mdebug: [0mc_header: parsed function __fma with 3 params (varargs=0) at line 1210
[1;36mdebug: [0mc_header: w_name=roundeven
[1;36mdebug: [0mc_header: parsed function roundeven with 1 params (varargs=0) at line 1215
[1;36mdebug: [0mc_header: w_name=fromfp
[1;36mdebug: [0mc_header: parsed function fromfp with 3 params (varargs=0) at line 1219
[1;36mdebug: [0mc_header: w_name=__fromfp
[1;36mdebug: [0mc_header: parsed function __fromfp with 3 params (varargs=0) at line 1219
[1;36mdebug: [0mc_header: w_name=ufromfp
[1;36mdebug: [0mc_header: parsed function ufromfp with 3 params (varargs=0) at line 1223
[1;36mdebug: [0mc_header: w_name=__ufromfp
[1;36mdebug: [0mc_header: parsed function __ufromfp with 3 params (varargs=0) at line 1223
[1;36mdebug: [0mc_header: w_name=fromfpx
[1;36mdebug: [0mc_header: parsed function fromfpx with 3 params (varargs=0) at line 1228
[1;36mdebug: [0mc_header: w_name=__fromfpx
[1;36mdebug: [0mc_header: parsed function __fromfpx with 3 params (varargs=0) at line 1228
[1;36mdebug: [0mc_header: w_name=ufromfpx
[1;36mdebug: [0mc_header: parsed function ufromfpx with 3 params (varargs=0) at line 1233
[1;36mdebug: [0mc_header: w_name=__ufromfpx
[1;36mdebug: [0mc_header: parsed function __ufromfpx with 3 params (varargs=0) at line 1233
[1;36mdebug: [0mc_header: w_name=canonicalize
[1;36mdebug: [0mc_header: parsed function canonicalize with 2 params (varargs=0) at line 1236
[1;36mdebug: [0mc_header: w_name=fmaximum
[1;36mdebug: [0mc_header: parsed function fmaximum with 2 params (varargs=0) at line 1238
[1;36mdebug: [0mc_header: w_name=fminimum
[1;36mdebug: [0mc_header: parsed function fminimum with 2 params (varargs=0) at line 1241
[1;36mdebug: [0mc_header: w_name=fmaximum_num
[1;36mdebug: [0mc_header: parsed function fmaximum_num with 2 params (varargs=0) at line 1244
[1;36mdebug: [0mc_header: w_name=fminimum_num
[1;36mdebug: [0mc_header: parsed function fminimum_num with 2 params (varargs=0) at line 1247
[1;36mdebug: [0mc_header: w_name=fmaximum_mag
[1;36mdebug: [0mc_header: parsed function fmaximum_mag with 2 params (varargs=0) at line 1250
[1;36mdebug: [0mc_header: w_name=fminimum_mag
[1;36mdebug: [0mc_header: parsed function fminimum_mag with 2 params (varargs=0) at line 1253
[1;36mdebug: [0mc_header: w_name=fmaximum_mag_num
[1;36mdebug: [0mc_header: parsed function fmaximum_mag_num with 2 params (varargs=0) at line 1256
[1;36mdebug: [0mc_header: w_name=fminimum_mag_num
[1;36mdebug: [0mc_header: parsed function fminimum_mag_num with 2 params (varargs=0) at line 1259
[1;36mdebug: [0mc_header: w_name=scalb
[1;36mdebug: [0mc_header: parsed function scalb with 2 params (varargs=0) at line 1261
[1;36mdebug: [0mc_header: w_name=__scalb
[1;36mdebug: [0mc_header: parsed function __scalb with 2 params (varargs=0) at line 1261
[1;36mdebug: [0mc_header: w_name=__fpclassifyf
[1;36mdebug: [0mc_header: parsed function __fpclassifyf with 1 params (varargs=0) at line 1266
[1;36mdebug: [0mc_header: w_name=__signbitf
[1;36mdebug: [0mc_header: parsed function __signbitf with 1 params (varargs=0) at line 1270
[1;36mdebug: [0mc_header: w_name=__isinff
[1;36mdebug: [0mc_header: parsed function __isinff with 1 params (varargs=0) at line 1275
[1;36mdebug: [0mc_header: w_name=__finitef
[1;36mdebug: [0mc_header: parsed function __finitef with 1 params (varargs=0) at line 1279
[1;36mdebug: [0mc_header: w_name=__isnanf
[1;36mdebug: [0mc_header: parsed function __isnanf with 1 params (varargs=0) at line 1283
[1;36mdebug: [0mc_header: w_name=__iseqsigf
[1;36mdebug: [0mc_header: parsed function __iseqsigf with 2 params (varargs=0) at line 1287
[1;36mdebug: [0mc_header: w_name=__issignalingf
[1;36mdebug: [0mc_header: parsed function __issignalingf with 1 params (varargs=0) at line 1290
[1;36mdebug: [0mc_header: w_name=acosf
[1;36mdebug: [0mc_header: parsed function acosf with 1 params (varargs=0) at line 1295
[1;36mdebug: [0mc_header: w_name=__acosf
[1;36mdebug: [0mc_header: parsed function __acosf with 1 params (varargs=0) at line 1295
[1;36mdebug: [0mc_header: w_name=asinf
[1;36mdebug: [0mc_header: parsed function asinf with 1 params (varargs=0) at line 1297
[1;36mdebug: [0mc_header: w_name=__asinf
[1;36mdebug: [0mc_header: parsed function __asinf with 1 params (varargs=0) at line 1297
[1;36mdebug: [0mc_header: w_name=atanf
[1;36mdebug: [0mc_header: parsed function atanf with 1 params (varargs=0) at line 1299
[1;36mdebug: [0mc_header: w_name=__atanf
[1;36mdebug: [0mc_header: parsed function __atanf with 1 params (varargs=0) at line 1299
[1;36mdebug: [0mc_header: w_name=atan2f
[1;36mdebug: [0mc_header: parsed function atan2f with 2 params (varargs=0) at line 1301
[1;36mdebug: [0mc_header: w_name=__atan2f
[1;36mdebug: [0mc_header: parsed function __atan2f with 2 params (varargs=0) at line 1301
[1;36mdebug: [0mc_header: w_name=cosf
[1;36mdebug: [0mc_header: parsed function cosf with 1 params (varargs=0) at line 1304
[1;36mdebug: [0mc_header: w_name=__cosf
[1;36mdebug: [0mc_header: parsed function __cosf with 1 params (varargs=0) at line 1304
[1;36mdebug: [0mc_header: w_name=sinf
[1;36mdebug: [0mc_header: parsed function sinf with 1 params (varargs=0) at line 1306
[1;36mdebug: [0mc_header: w_name=__sinf
[1;36mdebug: [0mc_header: parsed function __sinf with 1 params (varargs=0) at line 1306
[1;36mdebug: [0mc_header: w_name=tanf
[1;36mdebug: [0mc_header: parsed function tanf with 1 params (varargs=0) at line 1308
[1;36mdebug: [0mc_header: w_name=__tanf
[1;36mdebug: [0mc_header: parsed function __tanf with 1 params (varargs=0) at line 1308
[1;36mdebug: [0mc_header: w_name=acospif
[1;36mdebug: [0mc_header: parsed function acospif with 1 params (varargs=0) at line 1312
[1;36mdebug: [0mc_header: w_name=__acospif
[1;36mdebug: [0mc_header: parsed function __acospif with 1 params (varargs=0) at line 1312
[1;36mdebug: [0mc_header: w_name=acospif
[1;36mdebug: [0mc_header: parsed function acospif with 1 params (varargs=0) at line 1313
[1;36mdebug: [0mc_header: w_name=__acospif
[1;36mdebug: [0mc_header: parsed function __acospif with 1 params (varargs=0) at line 1313
[1;36mdebug: [0mc_header: w_name=asinpif
[1;36mdebug: [0mc_header: parsed function asinpif with 1 params (varargs=0) at line 1315
[1;36mdebug: [0mc_header: w_name=__asinpif
[1;36mdebug: [0mc_header: parsed function __asinpif with 1 params (varargs=0) at line 1315
[1;36mdebug: [0mc_header: w_name=asinpif
[1;36mdebug: [0mc_header: parsed function asinpif with 1 params (varargs=0) at line 1316
[1;36mdebug: [0mc_header: w_name=__asinpif
[1;36mdebug: [0mc_header: parsed function __asinpif with 1 params (varargs=0) at line 1316
[1;36mdebug: [0mc_header: w_name=atanpif
[1;36mdebug: [0mc_header: parsed function atanpif with 1 params (varargs=0) at line 1318
[1;36mdebug: [0mc_header: w_name=__atanpif
[1;36mdebug: [0mc_header: parsed function __atanpif with 1 params (varargs=0) at line 1318
[1;36mdebug: [0mc_header: w_name=atanpif
[1;36mdebug: [0mc_header: parsed function atanpif with 1 params (varargs=0) at line 1319
[1;36mdebug: [0mc_header: w_name=__atanpif
[1;36mdebug: [0mc_header: parsed function __atanpif with 1 params (varargs=0) at line 1319
[1;36mdebug: [0mc_header: w_name=atan2pif
[1;36mdebug: [0mc_header: parsed function atan2pif with 2 params (varargs=0) at line 1321
[1;36mdebug: [0mc_header: w_name=__atan2pif
[1;36mdebug: [0mc_header: parsed function __atan2pif with 2 params (varargs=0) at line 1321
[1;36mdebug: [0mc_header: w_name=atan2pif
[1;36mdebug: [0mc_header: parsed function atan2pif with 2 params (varargs=0) at line 1322
[1;36mdebug: [0mc_header: w_name=__atan2pif
[1;36mdebug: [0mc_header: parsed function __atan2pif with 2 params (varargs=0) at line 1322
[1;36mdebug: [0mc_header: w_name=cospif
[1;36mdebug: [0mc_header: parsed function cospif with 1 params (varargs=0) at line 1325
[1;36mdebug: [0mc_header: w_name=__cospif
[1;36mdebug: [0mc_header: parsed function __cospif with 1 params (varargs=0) at line 1325
[1;36mdebug: [0mc_header: w_name=sinpif
[1;36mdebug: [0mc_header: parsed function sinpif with 1 params (varargs=0) at line 1327
[1;36mdebug: [0mc_header: w_name=__sinpif
[1;36mdebug: [0mc_header: parsed function __sinpif with 1 params (varargs=0) at line 1327
[1;36mdebug: [0mc_header: w_name=tanpif
[1;36mdebug: [0mc_header: parsed function tanpif with 1 params (varargs=0) at line 1329
[1;36mdebug: [0mc_header: w_name=__tanpif
[1;36mdebug: [0mc_header: parsed function __tanpif with 1 params (varargs=0) at line 1329
[1;36mdebug: [0mc_header: w_name=coshf
[1;36mdebug: [0mc_header: parsed function coshf with 1 params (varargs=0) at line 1335
[1;36mdebug: [0mc_header: w_name=__coshf
[1;36mdebug: [0mc_header: parsed function __coshf with 1 params (varargs=0) at line 1335
[1;36mdebug: [0mc_header: w_name=sinhf
[1;36mdebug: [0mc_header: parsed function sinhf with 1 params (varargs=0) at line 1337
[1;36mdebug: [0mc_header: w_name=__sinhf
[1;36mdebug: [0mc_header: parsed function __sinhf with 1 params (varargs=0) at line 1337
[1;36mdebug: [0mc_header: w_name=tanhf
[1;36mdebug: [0mc_header: parsed function tanhf with 1 params (varargs=0) at line 1339
[1;36mdebug: [0mc_header: w_name=__tanhf
[1;36mdebug: [0mc_header: parsed function __tanhf with 1 params (varargs=0) at line 1339
[1;36mdebug: [0mc_header: w_name=acoshf
[1;36mdebug: [0mc_header: parsed function acoshf with 1 params (varargs=0) at line 1341
[1;36mdebug: [0mc_header: w_name=__acoshf
[1;36mdebug: [0mc_header: parsed function __acoshf with 1 params (varargs=0) at line 1341
[1;36mdebug: [0mc_header: w_name=asinhf
[1;36mdebug: [0mc_header: parsed function asinhf with 1 params (varargs=0) at line 1343
[1;36mdebug: [0mc_header: w_name=__asinhf
[1;36mdebug: [0mc_header: parsed function __asinhf with 1 params (varargs=0) at line 1343
[1;36mdebug: [0mc_header: w_name=atanhf
[1;36mdebug: [0mc_header: parsed function atanhf with 1 params (varargs=0) at line 1345
[1;36mdebug: [0mc_header: w_name=__atanhf
[1;36mdebug: [0mc_header: parsed function __atanhf with 1 params (varargs=0) at line 1345
[1;36mdebug: [0mc_header: w_name=expf
[1;36mdebug: [0mc_header: parsed function expf with 1 params (varargs=0) at line 1351
[1;36mdebug: [0mc_header: w_name=__expf
[1;36mdebug: [0mc_header: parsed function __expf with 1 params (varargs=0) at line 1351
[1;36mdebug: [0mc_header: w_name=frexpf
[1;36mdebug: [0mc_header: parsed function frexpf with 2 params (varargs=0) at line 1354
[1;36mdebug: [0mc_header: w_name=__frexpf
[1;36mdebug: [0mc_header: parsed function __frexpf with 2 params (varargs=0) at line 1354
[1;36mdebug: [0mc_header: w_name=ldexpf
[1;36mdebug: [0mc_header: parsed function ldexpf with 2 params (varargs=0) at line 1357
[1;36mdebug: [0mc_header: w_name=__ldexpf
[1;36mdebug: [0mc_header: parsed function __ldexpf with 2 params (varargs=0) at line 1357
[1;36mdebug: [0mc_header: w_name=logf
[1;36mdebug: [0mc_header: parsed function logf with 1 params (varargs=0) at line 1360
[1;36mdebug: [0mc_header: w_name=__logf
[1;36mdebug: [0mc_header: parsed function __logf with 1 params (varargs=0) at line 1360
[1;36mdebug: [0mc_header: w_name=log10f
[1;36mdebug: [0mc_header: parsed function log10f with 1 params (varargs=0) at line 1363
[1;36mdebug: [0mc_header: w_name=__log10f
[1;36mdebug: [0mc_header: parsed function __log10f with 1 params (varargs=0) at line 1363
[1;36mdebug: [0mc_header: w_name=modff
[1;36mdebug: [0mc_header: parsed function modff with 2 params (varargs=0) at line 1366
[1;36mdebug: [0mc_header: w_name=__modff
[1;36mdebug: [0mc_header: parsed function __modff with 2 params (varargs=0) at line 1366
[1;36mdebug: [0mc_header: w_name=exp10f
[1;36mdebug: [0mc_header: parsed function exp10f with 1 params (varargs=0) at line 1370
[1;36mdebug: [0mc_header: w_name=__exp10f
[1;36mdebug: [0mc_header: parsed function __exp10f with 1 params (varargs=0) at line 1370
[1;36mdebug: [0mc_header: w_name=exp2m1f
[1;36mdebug: [0mc_header: parsed function exp2m1f with 1 params (varargs=0) at line 1373
[1;36mdebug: [0mc_header: w_name=__exp2m1f
[1;36mdebug: [0mc_header: parsed function __exp2m1f with 1 params (varargs=0) at line 1373
[1;36mdebug: [0mc_header: w_name=exp10m1f
[1;36mdebug: [0mc_header: parsed function exp10m1f with 1 params (varargs=0) at line 1376
[1;36mdebug: [0mc_header: w_name=__exp10m1f
[1;36mdebug: [0mc_header: parsed function __exp10m1f with 1 params (varargs=0) at line 1376
[1;36mdebug: [0mc_header: w_name=log2p1f
[1;36mdebug: [0mc_header: parsed function log2p1f with 1 params (varargs=0) at line 1379
[1;36mdebug: [0mc_header: w_name=__log2p1f
[1;36mdebug: [0mc_header: parsed function __log2p1f with 1 params (varargs=0) at line 1379
[1;36mdebug: [0mc_header: w_name=log10p1f
[1;36mdebug: [0mc_header: parsed function log10p1f with 1 params (varargs=0) at line 1382
[1;36mdebug: [0mc_header: w_name=__log10p1f
[1;36mdebug: [0mc_header: parsed function __log10p1f with 1 params (varargs=0) at line 1382
[1;36mdebug: [0mc_header: w_name=logp1f
[1;36mdebug: [0mc_header: parsed function logp1f with 1 params (varargs=0) at line 1385
[1;36mdebug: [0mc_header: w_name=__logp1f
[1;36mdebug: [0mc_header: parsed function __logp1f with 1 params (varargs=0) at line 1385
[1;36mdebug: [0mc_header: w_name=expm1f
[1;36mdebug: [0mc_header: parsed function expm1f with 1 params (varargs=0) at line 1390
[1;36mdebug: [0mc_header: w_name=__expm1f
[1;36mdebug: [0mc_header: parsed function __expm1f with 1 params (varargs=0) at line 1390
[1;36mdebug: [0mc_header: w_name=log1pf
[1;36mdebug: [0mc_header: parsed function log1pf with 1 params (varargs=0) at line 1393
[1;36mdebug: [0mc_header: w_name=__log1pf
[1;36mdebug: [0mc_header: parsed function __log1pf with 1 params (varargs=0) at line 1393
[1;36mdebug: [0mc_header: w_name=logbf
[1;36mdebug: [0mc_header: parsed function logbf with 1 params (varargs=0) at line 1396
[1;36mdebug: [0mc_header: w_name=__logbf
[1;36mdebug: [0mc_header: parsed function __logbf with 1 params (varargs=0) at line 1396
[1;36mdebug: [0mc_header: w_name=exp2f
[1;36mdebug: [0mc_header: parsed function exp2f with 1 params (varargs=0) at line 1401
[1;36mdebug: [0mc_header: w_name=__exp2f
[1;36mdebug: [0mc_header: parsed function __exp2f with 1 params (varargs=0) at line 1401
[1;36mdebug: [0mc_header: w_name=log2f
[1;36mdebug: [0mc_header: parsed function log2f with 1 params (varargs=0) at line 1404
[1;36mdebug: [0mc_header: w_name=__log2f
[1;36mdebug: [0mc_header: parsed function __log2f with 1 params (varargs=0) at line 1404
[1;36mdebug: [0mc_header: w_name=powf
[1;36mdebug: [0mc_header: parsed function powf with 2 params (varargs=0) at line 1411
[1;36mdebug: [0mc_header: w_name=__powf
[1;36mdebug: [0mc_header: parsed function __powf with 2 params (varargs=0) at line 1411
[1;36mdebug: [0mc_header: w_name=sqrtf
[1;36mdebug: [0mc_header: parsed function sqrtf with 1 params (varargs=0) at line 1414
[1;36mdebug: [0mc_header: w_name=__sqrtf
[1;36mdebug: [0mc_header: parsed function __sqrtf with 1 params (varargs=0) at line 1414
[1;36mdebug: [0mc_header: w_name=hypotf
[1;36mdebug: [0mc_header: parsed function hypotf with 2 params (varargs=0) at line 1418
[1;36mdebug: [0mc_header: w_name=__hypotf
[1;36mdebug: [0mc_header: parsed function __hypotf with 2 params (varargs=0) at line 1418
[1;36mdebug: [0mc_header: w_name=cbrtf
[1;36mdebug: [0mc_header: parsed function cbrtf with 1 params (varargs=0) at line 1423
[1;36mdebug: [0mc_header: w_name=__cbrtf
[1;36mdebug: [0mc_header: parsed function __cbrtf with 1 params (varargs=0) at line 1423
[1;36mdebug: [0mc_header: w_name=compoundnf
[1;36mdebug: [0mc_header: parsed function compoundnf with 2 params (varargs=0) at line 1428
[1;36mdebug: [0mc_header: w_name=__compoundnf
[1;36mdebug: [0mc_header: parsed function __compoundnf with 2 params (varargs=0) at line 1428
[1;36mdebug: [0mc_header: w_name=pownf
[1;36mdebug: [0mc_header: parsed function pownf with 2 params (varargs=0) at line 1431
[1;36mdebug: [0mc_header: w_name=__pownf
[1;36mdebug: [0mc_header: parsed function __pownf with 2 params (varargs=0) at line 1431
[1;36mdebug: [0mc_header: w_name=powrf
[1;36mdebug: [0mc_header: parsed function powrf with 2 params (varargs=0) at line 1434
[1;36mdebug: [0mc_header: w_name=__powrf
[1;36mdebug: [0mc_header: parsed function __powrf with 2 params (varargs=0) at line 1434
[1;36mdebug: [0mc_header: w_name=powrf
[1;36mdebug: [0mc_header: parsed function powrf with 2 params (varargs=0) at line 1435
[1;36mdebug: [0mc_header: w_name=__powrf
[1;36mdebug: [0mc_header: parsed function __powrf with 2 params (varargs=0) at line 1435
[1;36mdebug: [0mc_header: w_name=rootnf
[1;36mdebug: [0mc_header: parsed function rootnf with 2 params (varargs=0) at line 1438
[1;36mdebug: [0mc_header: w_name=__rootnf
[1;36mdebug: [0mc_header: parsed function __rootnf with 2 params (varargs=0) at line 1438
[1;36mdebug: [0mc_header: w_name=rsqrtf
[1;36mdebug: [0mc_header: parsed function rsqrtf with 1 params (varargs=0) at line 1441
[1;36mdebug: [0mc_header: w_name=__rsqrtf
[1;36mdebug: [0mc_header: parsed function __rsqrtf with 1 params (varargs=0) at line 1441
[1;36mdebug: [0mc_header: w_name=ceilf
[1;36mdebug: [0mc_header: parsed function ceilf with 1 params (varargs=0) at line 1448
[1;36mdebug: [0mc_header: w_name=fabsf
[1;36mdebug: [0mc_header: parsed function fabsf with 1 params (varargs=0) at line 1451
[1;36mdebug: [0mc_header: w_name=floorf
[1;36mdebug: [0mc_header: parsed function floorf with 1 params (varargs=0) at line 1454
[1;36mdebug: [0mc_header: w_name=fmodf
[1;36mdebug: [0mc_header: parsed function fmodf with 2 params (varargs=0) at line 1457
[1;36mdebug: [0mc_header: w_name=__fmodf
[1;36mdebug: [0mc_header: parsed function __fmodf with 2 params (varargs=0) at line 1457
[1;36mdebug: [0mc_header: w_name=isinff
[1;36mdebug: [0mc_header: parsed function isinff with 1 params (varargs=0) at line 1459
[1;36mdebug: [0mc_header: w_name=finitef
[1;36mdebug: [0mc_header: parsed function finitef with 1 params (varargs=0) at line 1465
[1;36mdebug: [0mc_header: w_name=dremf
[1;36mdebug: [0mc_header: parsed function dremf with 2 params (varargs=0) at line 1469
[1;36mdebug: [0mc_header: w_name=__dremf
[1;36mdebug: [0mc_header: parsed function __dremf with 2 params (varargs=0) at line 1469
[1;36mdebug: [0mc_header: w_name=significandf
[1;36mdebug: [0mc_header: parsed function significandf with 1 params (varargs=0) at line 1473
[1;36mdebug: [0mc_header: w_name=__significandf
[1;36mdebug: [0mc_header: parsed function __significandf with 1 params (varargs=0) at line 1473
[1;36mdebug: [0mc_header: w_name=copysignf
[1;36mdebug: [0mc_header: parsed function copysignf with 2 params (varargs=0) at line 1480
[1;36mdebug: [0mc_header: w_name=nanf
[1;36mdebug: [0mc_header: parsed function nanf with 1 params (varargs=0) at line 1485
[1;36mdebug: [0mc_header: w_name=__nanf
[1;36mdebug: [0mc_header: parsed function __nanf with 1 params (varargs=0) at line 1485
[1;36mdebug: [0mc_header: w_name=isnanf
[1;36mdebug: [0mc_header: parsed function isnanf with 1 params (varargs=0) at line 1487
[1;36mdebug: [0mc_header: w_name=j0f
[1;36mdebug: [0mc_header: parsed function j0f with 1 params (varargs=0) at line 1494
[1;36mdebug: [0mc_header: w_name=__j0f
[1;36mdebug: [0mc_header: parsed function __j0f with 1 params (varargs=0) at line 1494
[1;36mdebug: [0mc_header: w_name=j1f
[1;36mdebug: [0mc_header: parsed function j1f with 1 params (varargs=0) at line 1495
[1;36mdebug: [0mc_header: w_name=__j1f
[1;36mdebug: [0mc_header: parsed function __j1f with 1 params (varargs=0) at line 1495
[1;36mdebug: [0mc_header: w_name=jnf
[1;36mdebug: [0mc_header: parsed function jnf with 2 params (varargs=0) at line 1496
[1;36mdebug: [0mc_header: w_name=__jnf
[1;36mdebug: [0mc_header: parsed function __jnf with 2 params (varargs=0) at line 1496
[1;36mdebug: [0mc_header: w_name=y0f
[1;36mdebug: [0mc_header: parsed function y0f with 1 params (varargs=0) at line 1497
[1;36mdebug: [0mc_header: w_name=__y0f
[1;36mdebug: [0mc_header: parsed function __y0f with 1 params (varargs=0) at line 1497
[1;36mdebug: [0mc_header: w_name=y1f
[1;36mdebug: [0mc_header: parsed function y1f with 1 params (varargs=0) at line 1498
[1;36mdebug: [0mc_header: w_name=__y1f
[1;36mdebug: [0mc_header: parsed function __y1f with 1 params (varargs=0) at line 1498
[1;36mdebug: [0mc_header: w_name=ynf
[1;36mdebug: [0mc_header: parsed function ynf with 2 params (varargs=0) at line 1499
[1;36mdebug: [0mc_header: w_name=__ynf
[1;36mdebug: [0mc_header: parsed function __ynf with 2 params (varargs=0) at line 1499
[1;36mdebug: [0mc_header: w_name=erff
[1;36mdebug: [0mc_header: parsed function erff with 1 params (varargs=0) at line 1505
[1;36mdebug: [0mc_header: w_name=__erff
[1;36mdebug: [0mc_header: parsed function __erff with 1 params (varargs=0) at line 1505
[1;36mdebug: [0mc_header: w_name=erfcf
[1;36mdebug: [0mc_header: parsed function erfcf with 1 params (varargs=0) at line 1506
[1;36mdebug: [0mc_header: w_name=__erfcf
[1;36mdebug: [0mc_header: parsed function __erfcf with 1 params (varargs=0) at line 1506
[1;36mdebug: [0mc_header: w_name=lgammaf
[1;36mdebug: [0mc_header: parsed function lgammaf with 1 params (varargs=0) at line 1507
[1;36mdebug: [0mc_header: w_name=__lgammaf
[1;36mdebug: [0mc_header: parsed function __lgammaf with 1 params (varargs=0) at line 1507
[1;36mdebug: [0mc_header: w_name=tgammaf
[1;36mdebug: [0mc_header: parsed function tgammaf with 1 params (varargs=0) at line 1512
[1;36mdebug: [0mc_header: w_name=__tgammaf
[1;36mdebug: [0mc_header: parsed function __tgammaf with 1 params (varargs=0) at line 1512
[1;36mdebug: [0mc_header: w_name=gammaf
[1;36mdebug: [0mc_header: parsed function gammaf with 1 params (varargs=0) at line 1518
[1;36mdebug: [0mc_header: w_name=__gammaf
[1;36mdebug: [0mc_header: parsed function __gammaf with 1 params (varargs=0) at line 1518
[1;36mdebug: [0mc_header: w_name=lgammaf_r
[1;36mdebug: [0mc_header: parsed function lgammaf_r with 2 params (varargs=0) at line 1526
[1;36mdebug: [0mc_header: w_name=__lgammaf_r
[1;36mdebug: [0mc_header: parsed function __lgammaf_r with 2 params (varargs=0) at line 1526
[1;36mdebug: [0mc_header: w_name=rintf
[1;36mdebug: [0mc_header: parsed function rintf with 1 params (varargs=0) at line 1533
[1;36mdebug: [0mc_header: w_name=__rintf
[1;36mdebug: [0mc_header: parsed function __rintf with 1 params (varargs=0) at line 1533
[1;36mdebug: [0mc_header: w_name=nextafterf
[1;36mdebug: [0mc_header: parsed function nextafterf with 2 params (varargs=0) at line 1536
[1;36mdebug: [0mc_header: w_name=__nextafterf
[1;36mdebug: [0mc_header: parsed function __nextafterf with 2 params (varargs=0) at line 1536
[1;36mdebug: [0mc_header: w_name=nexttowardf
[1;36mdebug: [0mc_header: parsed function nexttowardf with 2 params (varargs=0) at line 1538
[1;36mdebug: [0mc_header: w_name=__nexttowardf
[1;36mdebug: [0mc_header: parsed function __nexttowardf with 2 params (varargs=0) at line 1538
[1;36mdebug: [0mc_header: w_name=nextdownf
[1;36mdebug: [0mc_header: parsed function nextdownf with 1 params (varargs=0) at line 1543
[1;36mdebug: [0mc_header: w_name=__nextdownf
[1;36mdebug: [0mc_header: parsed function __nextdownf with 1 params (varargs=0) at line 1543
[1;36mdebug: [0mc_header: w_name=nextupf
[1;36mdebug: [0mc_header: parsed function nextupf with 1 params (varargs=0) at line 1545
[1;36mdebug: [0mc_header: w_name=__nextupf
[1;36mdebug: [0mc_header: parsed function __nextupf with 1 params (varargs=0) at line 1545
[1;36mdebug: [0mc_header: w_name=remainderf
[1;36mdebug: [0mc_header: parsed function remainderf with 2 params (varargs=0) at line 1549
[1;36mdebug: [0mc_header: w_name=__remainderf
[1;36mdebug: [0mc_header: parsed function __remainderf with 2 params (varargs=0) at line 1549
[1;36mdebug: [0mc_header: w_name=scalbnf
[1;36mdebug: [0mc_header: parsed function scalbnf with 2 params (varargs=0) at line 1553
[1;36mdebug: [0mc_header: w_name=__scalbnf
[1;36mdebug: [0mc_header: parsed function __scalbnf with 2 params (varargs=0) at line 1553
[1;36mdebug: [0mc_header: w_name=ilogbf
[1;36mdebug: [0mc_header: parsed function ilogbf with 1 params (varargs=0) at line 1557
[1;36mdebug: [0mc_header: w_name=__ilogbf
[1;36mdebug: [0mc_header: parsed function __ilogbf with 1 params (varargs=0) at line 1557
[1;36mdebug: [0mc_header: w_name=llogbf
[1;36mdebug: [0mc_header: parsed function llogbf with 1 params (varargs=0) at line 1562
[1;36mdebug: [0mc_header: w_name=__llogbf
[1;36mdebug: [0mc_header: parsed function __llogbf with 1 params (varargs=0) at line 1562
[1;36mdebug: [0mc_header: w_name=scalblnf
[1;36mdebug: [0mc_header: parsed function scalblnf with 2 params (varargs=0) at line 1567
[1;36mdebug: [0mc_header: w_name=__scalblnf
[1;36mdebug: [0mc_header: parsed function __scalblnf with 2 params (varargs=0) at line 1567
[1;36mdebug: [0mc_header: w_name=nearbyintf
[1;36mdebug: [0mc_header: parsed function nearbyintf with 1 params (varargs=0) at line 1571
[1;36mdebug: [0mc_header: w_name=__nearbyintf
[1;36mdebug: [0mc_header: parsed function __nearbyintf with 1 params (varargs=0) at line 1571
[1;36mdebug: [0mc_header: w_name=roundf
[1;36mdebug: [0mc_header: parsed function roundf with 1 params (varargs=0) at line 1575
[1;36mdebug: [0mc_header: w_name=truncf
[1;36mdebug: [0mc_header: parsed function truncf with 1 params (varargs=0) at line 1579
[1;36mdebug: [0mc_header: w_name=remquof
[1;36mdebug: [0mc_header: parsed function remquof with 3 params (varargs=0) at line 1584
[1;36mdebug: [0mc_header: w_name=__remquof
[1;36mdebug: [0mc_header: parsed function __remquof with 3 params (varargs=0) at line 1584
[1;36mdebug: [0mc_header: w_name=lrintf
[1;36mdebug: [0mc_header: parsed function lrintf with 1 params (varargs=0) at line 1591
[1;36mdebug: [0mc_header: w_name=__lrintf
[1;36mdebug: [0mc_header: parsed function __lrintf with 1 params (varargs=0) at line 1591
[1;36mdebug: [0mc_header: w_name=llrintf
[1;36mdebug: [0mc_header: parsed function llrintf with 1 params (varargs=0) at line 1593
[1;36mdebug: [0mc_header: w_name=__llrintf
[1;36mdebug: [0mc_header: parsed function __llrintf with 1 params (varargs=0) at line 1593
[1;36mdebug: [0mc_header: w_name=lroundf
[1;36mdebug: [0mc_header: parsed function lroundf with 1 params (varargs=0) at line 1597
[1;36mdebug: [0mc_header: w_name=__lroundf
[1;36mdebug: [0mc_header: parsed function __lroundf with 1 params (varargs=0) at line 1597
[1;36mdebug: [0mc_header: w_name=llroundf
[1;36mdebug: [0mc_header: parsed function llroundf with 1 params (varargs=0) at line 1599
[1;36mdebug: [0mc_header: w_name=__llroundf
[1;36mdebug: [0mc_header: parsed function __llroundf with 1 params (varargs=0) at line 1599
[1;36mdebug: [0mc_header: w_name=fdimf
[1;36mdebug: [0mc_header: parsed function fdimf with 2 params (varargs=0) at line 1603
[1;36mdebug: [0mc_header: w_name=__fdimf
[1;36mdebug: [0mc_header: parsed function __fdimf with 2 params (varargs=0) at line 1603
[1;36mdebug: [0mc_header: w_name=fmaxf
[1;36mdebug: [0mc_header: parsed function fmaxf with 2 params (varargs=0) at line 1607
[1;36mdebug: [0mc_header: w_name=fminf
[1;36mdebug: [0mc_header: parsed function fminf with 2 params (varargs=0) at line 1610
[1;36mdebug: [0mc_header: w_name=fmaf
[1;36mdebug: [0mc_header: parsed function fmaf with 3 params (varargs=0) at line 1614
[1;36mdebug: [0mc_header: w_name=__fmaf
[1;36mdebug: [0mc_header: parsed function __fmaf with 3 params (varargs=0) at line 1614
[1;36mdebug: [0mc_header: w_name=roundevenf
[1;36mdebug: [0mc_header: parsed function roundevenf with 1 params (varargs=0) at line 1619
[1;36mdebug: [0mc_header: w_name=fromfpf
[1;36mdebug: [0mc_header: parsed function fromfpf with 3 params (varargs=0) at line 1623
[1;36mdebug: [0mc_header: w_name=__fromfpf
[1;36mdebug: [0mc_header: parsed function __fromfpf with 3 params (varargs=0) at line 1623
[1;36mdebug: [0mc_header: w_name=ufromfpf
[1;36mdebug: [0mc_header: parsed function ufromfpf with 3 params (varargs=0) at line 1627
[1;36mdebug: [0mc_header: w_name=__ufromfpf
[1;36mdebug: [0mc_header: parsed function __ufromfpf with 3 params (varargs=0) at line 1627
[1;36mdebug: [0mc_header: w_name=fromfpxf
[1;36mdebug: [0mc_header: parsed function fromfpxf with 3 params (varargs=0) at line 1632
[1;36mdebug: [0mc_header: w_name=__fromfpxf
[1;36mdebug: [0mc_header: parsed function __fromfpxf with 3 params (varargs=0) at line 1632
[1;36mdebug: [0mc_header: w_name=ufromfpxf
[1;36mdebug: [0mc_header: parsed function ufromfpxf with 3 params (varargs=0) at line 1637
[1;36mdebug: [0mc_header: w_name=__ufromfpxf
[1;36mdebug: [0mc_header: parsed function __ufromfpxf with 3 params (varargs=0) at line 1637
[1;36mdebug: [0mc_header: w_name=canonicalizef
[1;36mdebug: [0mc_header: parsed function canonicalizef with 2 params (varargs=0) at line 1640
[1;36mdebug: [0mc_header: w_name=fmaximumf
[1;36mdebug: [0mc_header: parsed function fmaximumf with 2 params (varargs=0) at line 1642
[1;36mdebug: [0mc_header: w_name=fminimumf
[1;36mdebug: [0mc_header: parsed function fminimumf with 2 params (varargs=0) at line 1645
[1;36mdebug: [0mc_header: w_name=fmaximum_numf
[1;36mdebug: [0mc_header: parsed function fmaximum_numf with 2 params (varargs=0) at line 1648
[1;36mdebug: [0mc_header: w_name=fminimum_numf
[1;36mdebug: [0mc_header: parsed function fminimum_numf with 2 params (varargs=0) at line 1651
[1;36mdebug: [0mc_header: w_name=fmaximum_magf
[1;36mdebug: [0mc_header: parsed function fmaximum_magf with 2 params (varargs=0) at line 1654
[1;36mdebug: [0mc_header: w_name=fminimum_magf
[1;36mdebug: [0mc_header: parsed function fminimum_magf with 2 params (varargs=0) at line 1657
[1;36mdebug: [0mc_header: w_name=fmaximum_mag_numf
[1;36mdebug: [0mc_header: parsed function fmaximum_mag_numf with 2 params (varargs=0) at line 1660
[1;36mdebug: [0mc_header: w_name=fminimum_mag_numf
[1;36mdebug: [0mc_header: parsed function fminimum_mag_numf with 2 params (varargs=0) at line 1663
[1;36mdebug: [0mc_header: w_name=scalbf
[1;36mdebug: [0mc_header: parsed function scalbf with 2 params (varargs=0) at line 1665
[1;36mdebug: [0mc_header: w_name=__scalbf
[1;36mdebug: [0mc_header: parsed function __scalbf with 2 params (varargs=0) at line 1665
[1;36mdebug: [0mc_header: w_name=__fpclassifyl
[1;36mdebug: [0mc_header: parsed function __fpclassifyl with 1 params (varargs=0) at line 1670
[1;36mdebug: [0mc_header: w_name=__signbitl
[1;36mdebug: [0mc_header: parsed function __signbitl with 1 params (varargs=0) at line 1674
[1;36mdebug: [0mc_header: w_name=__isinfl
[1;36mdebug: [0mc_header: parsed function __isinfl with 1 params (varargs=0) at line 1679
[1;36mdebug: [0mc_header: w_name=__finitel
[1;36mdebug: [0mc_header: parsed function __finitel with 1 params (varargs=0) at line 1683
[1;36mdebug: [0mc_header: w_name=__isnanl
[1;36mdebug: [0mc_header: parsed function __isnanl with 1 params (varargs=0) at line 1687
[1;36mdebug: [0mc_header: w_name=__iseqsigl
[1;36mdebug: [0mc_header: parsed function __iseqsigl with 2 params (varargs=0) at line 1691
[1;36mdebug: [0mc_header: w_name=__issignalingl
[1;36mdebug: [0mc_header: parsed function __issignalingl with 1 params (varargs=0) at line 1694
[1;36mdebug: [0mc_header: w_name=acosl
[1;36mdebug: [0mc_header: parsed function acosl with 1 params (varargs=0) at line 1699
[1;36mdebug: [0mc_header: w_name=__acosl
[1;36mdebug: [0mc_header: parsed function __acosl with 1 params (varargs=0) at line 1699
[1;36mdebug: [0mc_header: w_name=asinl
[1;36mdebug: [0mc_header: parsed function asinl with 1 params (varargs=0) at line 1701
[1;36mdebug: [0mc_header: w_name=__asinl
[1;36mdebug: [0mc_header: parsed function __asinl with 1 params (varargs=0) at line 1701
[1;36mdebug: [0mc_header: w_name=atanl
[1;36mdebug: [0mc_header: parsed function atanl with 1 params (varargs=0) at line 1703
[1;36mdebug: [0mc_header: w_name=__atanl
[1;36mdebug: [0mc_header: parsed function __atanl with 1 params (varargs=0) at line 1703
[1;36mdebug: [0mc_header: w_name=atan2l
[1;36mdebug: [0mc_header: parsed function atan2l with 2 params (varargs=0) at line 1705
[1;36mdebug: [0mc_header: w_name=__atan2l
[1;36mdebug: [0mc_header: parsed function __atan2l with 2 params (varargs=0) at line 1705
[1;36mdebug: [0mc_header: w_name=cosl
[1;36mdebug: [0mc_header: parsed function cosl with 1 params (varargs=0) at line 1708
[1;36mdebug: [0mc_header: w_name=__cosl
[1;36mdebug: [0mc_header: parsed function __cosl with 1 params (varargs=0) at line 1708
[1;36mdebug: [0mc_header: w_name=sinl
[1;36mdebug: [0mc_header: parsed function sinl with 1 params (varargs=0) at line 1710
[1;36mdebug: [0mc_header: w_name=__sinl
[1;36mdebug: [0mc_header: parsed function __sinl with 1 params (varargs=0) at line 1710
[1;36mdebug: [0mc_header: w_name=tanl
[1;36mdebug: [0mc_header: parsed function tanl with 1 params (varargs=0) at line 1712
[1;36mdebug: [0mc_header: w_name=__tanl
[1;36mdebug: [0mc_header: parsed function __tanl with 1 params (varargs=0) at line 1712
[1;36mdebug: [0mc_header: w_name=acospil
[1;36mdebug: [0mc_header: parsed function acospil with 1 params (varargs=0) at line 1716
[1;36mdebug: [0mc_header: w_name=__acospil
[1;36mdebug: [0mc_header: parsed function __acospil with 1 params (varargs=0) at line 1716
[1;36mdebug: [0mc_header: w_name=acospil
[1;36mdebug: [0mc_header: parsed function acospil with 1 params (varargs=0) at line 1717
[1;36mdebug: [0mc_header: w_name=__acospil
[1;36mdebug: [0mc_header: parsed function __acospil with 1 params (varargs=0) at line 1717
[1;36mdebug: [0mc_header: w_name=asinpil
[1;36mdebug: [0mc_header: parsed function asinpil with 1 params (varargs=0) at line 1719
[1;36mdebug: [0mc_header: w_name=__asinpil
[1;36mdebug: [0mc_header: parsed function __asinpil with 1 params (varargs=0) at line 1719
[1;36mdebug: [0mc_header: w_name=asinpil
[1;36mdebug: [0mc_header: parsed function asinpil with 1 params (varargs=0) at line 1720
[1;36mdebug: [0mc_header: w_name=__asinpil
[1;36mdebug: [0mc_header: parsed function __asinpil with 1 params (varargs=0) at line 1720
[1;36mdebug: [0mc_header: w_name=atanpil
[1;36mdebug: [0mc_header: parsed function atanpil with 1 params (varargs=0) at line 1722
[1;36mdebug: [0mc_header: w_name=__atanpil
[1;36mdebug: [0mc_header: parsed function __atanpil with 1 params (varargs=0) at line 1722
[1;36mdebug: [0mc_header: w_name=atanpil
[1;36mdebug: [0mc_header: parsed function atanpil with 1 params (varargs=0) at line 1723
[1;36mdebug: [0mc_header: w_name=__atanpil
[1;36mdebug: [0mc_header: parsed function __atanpil with 1 params (varargs=0) at line 1723
[1;36mdebug: [0mc_header: w_name=atan2pil
[1;36mdebug: [0mc_header: parsed function atan2pil with 2 params (varargs=0) at line 1725
[1;36mdebug: [0mc_header: w_name=__atan2pil
[1;36mdebug: [0mc_header: parsed function __atan2pil with 2 params (varargs=0) at line 1725
[1;36mdebug: [0mc_header: w_name=atan2pil
[1;36mdebug: [0mc_header: parsed function atan2pil with 2 params (varargs=0) at line 1726
[1;36mdebug: [0mc_header: w_name=__atan2pil
[1;36mdebug: [0mc_header: parsed function __atan2pil with 2 params (varargs=0) at line 1726
[1;36mdebug: [0mc_header: w_name=cospil
[1;36mdebug: [0mc_header: parsed function cospil with 1 params (varargs=0) at line 1729
[1;36mdebug: [0mc_header: w_name=__cospil
[1;36mdebug: [0mc_header: parsed function __cospil with 1 params (varargs=0) at line 1729
[1;36mdebug: [0mc_header: w_name=sinpil
[1;36mdebug: [0mc_header: parsed function sinpil with 1 params (varargs=0) at line 1731
[1;36mdebug: [0mc_header: w_name=__sinpil
[1;36mdebug: [0mc_header: parsed function __sinpil with 1 params (varargs=0) at line 1731
[1;36mdebug: [0mc_header: w_name=tanpil
[1;36mdebug: [0mc_header: parsed function tanpil with 1 params (varargs=0) at line 1733
[1;36mdebug: [0mc_header: w_name=__tanpil
[1;36mdebug: [0mc_header: parsed function __tanpil with 1 params (varargs=0) at line 1733
[1;36mdebug: [0mc_header: w_name=coshl
[1;36mdebug: [0mc_header: parsed function coshl with 1 params (varargs=0) at line 1739
[1;36mdebug: [0mc_header: w_name=__coshl
[1;36mdebug: [0mc_header: parsed function __coshl with 1 params (varargs=0) at line 1739
[1;36mdebug: [0mc_header: w_name=sinhl
[1;36mdebug: [0mc_header: parsed function sinhl with 1 params (varargs=0) at line 1741
[1;36mdebug: [0mc_header: w_name=__sinhl
[1;36mdebug: [0mc_header: parsed function __sinhl with 1 params (varargs=0) at line 1741
[1;36mdebug: [0mc_header: w_name=tanhl
[1;36mdebug: [0mc_header: parsed function tanhl with 1 params (varargs=0) at line 1743
[1;36mdebug: [0mc_header: w_name=__tanhl
[1;36mdebug: [0mc_header: parsed function __tanhl with 1 params (varargs=0) at line 1743
[1;36mdebug: [0mc_header: w_name=acoshl
[1;36mdebug: [0mc_header: parsed function acoshl with 1 params (varargs=0) at line 1745
[1;36mdebug: [0mc_header: w_name=__acoshl
[1;36mdebug: [0mc_header: parsed function __acoshl with 1 params (varargs=0) at line 1745
[1;36mdebug: [0mc_header: w_name=asinhl
[1;36mdebug: [0mc_header: parsed function asinhl with 1 params (varargs=0) at line 1747
[1;36mdebug: [0mc_header: w_name=__asinhl
[1;36mdebug: [0mc_header: parsed function __asinhl with 1 params (varargs=0) at line 1747
[1;36mdebug: [0mc_header: w_name=atanhl
[1;36mdebug: [0mc_header: parsed function atanhl with 1 params (varargs=0) at line 1749
[1;36mdebug: [0mc_header: w_name=__atanhl
[1;36mdebug: [0mc_header: parsed function __atanhl with 1 params (varargs=0) at line 1749
[1;36mdebug: [0mc_header: w_name=expl
[1;36mdebug: [0mc_header: parsed function expl with 1 params (varargs=0) at line 1755
[1;36mdebug: [0mc_header: w_name=__expl
[1;36mdebug: [0mc_header: parsed function __expl with 1 params (varargs=0) at line 1755
[1;36mdebug: [0mc_header: w_name=frexpl
[1;36mdebug: [0mc_header: parsed function frexpl with 2 params (varargs=0) at line 1758
[1;36mdebug: [0mc_header: w_name=__frexpl
[1;36mdebug: [0mc_header: parsed function __frexpl with 2 params (varargs=0) at line 1758
[1;36mdebug: [0mc_header: w_name=ldexpl
[1;36mdebug: [0mc_header: parsed function ldexpl with 2 params (varargs=0) at line 1761
[1;36mdebug: [0mc_header: w_name=__ldexpl
[1;36mdebug: [0mc_header: parsed function __ldexpl with 2 params (varargs=0) at line 1761
[1;36mdebug: [0mc_header: w_name=logl
[1;36mdebug: [0mc_header: parsed function logl with 1 params (varargs=0) at line 1764
[1;36mdebug: [0mc_header: w_name=__logl
[1;36mdebug: [0mc_header: parsed function __logl with 1 params (varargs=0) at line 1764
[1;36mdebug: [0mc_header: w_name=log10l
[1;36mdebug: [0mc_header: parsed function log10l with 1 params (varargs=0) at line 1767
[1;36mdebug: [0mc_header: w_name=__log10l
[1;36mdebug: [0mc_header: parsed function __log10l with 1 params (varargs=0) at line 1767
[1;36mdebug: [0mc_header: w_name=modfl
[1;36mdebug: [0mc_header: parsed function modfl with 2 params (varargs=0) at line 1770
[1;36mdebug: [0mc_header: w_name=__modfl
[1;36mdebug: [0mc_header: parsed function __modfl with 2 params (varargs=0) at line 1770
[1;36mdebug: [0mc_header: w_name=exp10l
[1;36mdebug: [0mc_header: parsed function exp10l with 1 params (varargs=0) at line 1774
[1;36mdebug: [0mc_header: w_name=__exp10l
[1;36mdebug: [0mc_header: parsed function __exp10l with 1 params (varargs=0) at line 1774
[1;36mdebug: [0mc_header: w_name=exp2m1l
[1;36mdebug: [0mc_header: parsed function exp2m1l with 1 params (varargs=0) at line 1777
[1;36mdebug: [0mc_header: w_name=__exp2m1l
[1;36mdebug: [0mc_header: parsed function __exp2m1l with 1 params (varargs=0) at line 1777
[1;36mdebug: [0mc_header: w_name=exp10m1l
[1;36mdebug: [0mc_header: parsed function exp10m1l with 1 params (varargs=0) at line 1780
[1;36mdebug: [0mc_header: w_name=__exp10m1l
[1;36mdebug: [0mc_header: parsed function __exp10m1l with 1 params (varargs=0) at line 1780
[1;36mdebug: [0mc_header: w_name=log2p1l
[1;36mdebug: [0mc_header: parsed function log2p1l with 1 params (varargs=0) at line 1783
[1;36mdebug: [0mc_header: w_name=__log2p1l
[1;36mdebug: [0mc_header: parsed function __log2p1l with 1 params (varargs=0) at line 1783
[1;36mdebug: [0mc_header: w_name=log10p1l
[1;36mdebug: [0mc_header: parsed function log10p1l with 1 params (varargs=0) at line 1786
[1;36mdebug: [0mc_header: w_name=__log10p1l
[1;36mdebug: [0mc_header: parsed function __log10p1l with 1 params (varargs=0) at line 1786
[1;36mdebug: [0mc_header: w_name=logp1l
[1;36mdebug: [0mc_header: parsed function logp1l with 1 params (varargs=0) at line 1789
[1;36mdebug: [0mc_header: w_name=__logp1l
[1;36mdebug: [0mc_header: parsed function __logp1l with 1 params (varargs=0) at line 1789
[1;36mdebug: [0mc_header: w_name=expm1l
[1;36mdebug: [0mc_header: parsed function expm1l with 1 params (varargs=0) at line 1794
[1;36mdebug: [0mc_header: w_name=__expm1l
[1;36mdebug: [0mc_header: parsed function __expm1l with 1 params (varargs=0) at line 1794
[1;36mdebug: [0mc_header: w_name=log1pl
[1;36mdebug: [0mc_header: parsed function log1pl with 1 params (varargs=0) at line 1797
[1;36mdebug: [0mc_header: w_name=__log1pl
[1;36mdebug: [0mc_header: parsed function __log1pl with 1 params (varargs=0) at line 1797
[1;36mdebug: [0mc_header: w_name=logbl
[1;36mdebug: [0mc_header: parsed function logbl with 1 params (varargs=0) at line 1800
[1;36mdebug: [0mc_header: w_name=__logbl
[1;36mdebug: [0mc_header: parsed function __logbl with 1 params (varargs=0) at line 1800
[1;36mdebug: [0mc_header: w_name=exp2l
[1;36mdebug: [0mc_header: parsed function exp2l with 1 params (varargs=0) at line 1805
[1;36mdebug: [0mc_header: w_name=__exp2l
[1;36mdebug: [0mc_header: parsed function __exp2l with 1 params (varargs=0) at line 1805
[1;36mdebug: [0mc_header: w_name=log2l
[1;36mdebug: [0mc_header: parsed function log2l with 1 params (varargs=0) at line 1808
[1;36mdebug: [0mc_header: w_name=__log2l
[1;36mdebug: [0mc_header: parsed function __log2l with 1 params (varargs=0) at line 1808
[1;36mdebug: [0mc_header: w_name=powl
[1;36mdebug: [0mc_header: parsed function powl with 2 params (varargs=0) at line 1815
[1;36mdebug: [0mc_header: w_name=__powl
[1;36mdebug: [0mc_header: parsed function __powl with 2 params (varargs=0) at line 1815
[1;36mdebug: [0mc_header: w_name=sqrtl
[1;36mdebug: [0mc_header: parsed function sqrtl with 1 params (varargs=0) at line 1818
[1;36mdebug: [0mc_header: w_name=__sqrtl
[1;36mdebug: [0mc_header: parsed function __sqrtl with 1 params (varargs=0) at line 1818
[1;36mdebug: [0mc_header: w_name=hypotl
[1;36mdebug: [0mc_header: parsed function hypotl with 2 params (varargs=0) at line 1822
[1;36mdebug: [0mc_header: w_name=__hypotl
[1;36mdebug: [0mc_header: parsed function __hypotl with 2 params (varargs=0) at line 1822
[1;36mdebug: [0mc_header: w_name=cbrtl
[1;36mdebug: [0mc_header: parsed function cbrtl with 1 params (varargs=0) at line 1827
[1;36mdebug: [0mc_header: w_name=__cbrtl
[1;36mdebug: [0mc_header: parsed function __cbrtl with 1 params (varargs=0) at line 1827
[1;36mdebug: [0mc_header: w_name=compoundnl
[1;36mdebug: [0mc_header: parsed function compoundnl with 2 params (varargs=0) at line 1832
[1;36mdebug: [0mc_header: w_name=__compoundnl
[1;36mdebug: [0mc_header: parsed function __compoundnl with 2 params (varargs=0) at line 1832
[1;36mdebug: [0mc_header: w_name=pownl
[1;36mdebug: [0mc_header: parsed function pownl with 2 params (varargs=0) at line 1835
[1;36mdebug: [0mc_header: w_name=__pownl
[1;36mdebug: [0mc_header: parsed function __pownl with 2 params (varargs=0) at line 1835
[1;36mdebug: [0mc_header: w_name=powrl
[1;36mdebug: [0mc_header: parsed function powrl with 2 params (varargs=0) at line 1838
[1;36mdebug: [0mc_header: w_name=__powrl
[1;36mdebug: [0mc_header: parsed function __powrl with 2 params (varargs=0) at line 1838
[1;36mdebug: [0mc_header: w_name=powrl
[1;36mdebug: [0mc_header: parsed function powrl with 2 params (varargs=0) at line 1839
[1;36mdebug: [0mc_header: w_name=__powrl
[1;36mdebug: [0mc_header: parsed function __powrl with 2 params (varargs=0) at line 1839
[1;36mdebug: [0mc_header: w_name=rootnl
[1;36mdebug: [0mc_header: parsed function rootnl with 2 params (varargs=0) at line 1842
[1;36mdebug: [0mc_header: w_name=__rootnl
[1;36mdebug: [0mc_header: parsed function __rootnl with 2 params (varargs=0) at line 1842
[1;36mdebug: [0mc_header: w_name=rsqrtl
[1;36mdebug: [0mc_header: parsed function rsqrtl with 1 params (varargs=0) at line 1845
[1;36mdebug: [0mc_header: w_name=__rsqrtl
[1;36mdebug: [0mc_header: parsed function __rsqrtl with 1 params (varargs=0) at line 1845
[1;36mdebug: [0mc_header: w_name=ceill
[1;36mdebug: [0mc_header: parsed function ceill with 1 params (varargs=0) at line 1852
[1;36mdebug: [0mc_header: w_name=fabsl
[1;36mdebug: [0mc_header: parsed function fabsl with 1 params (varargs=0) at line 1855
[1;36mdebug: [0mc_header: w_name=floorl
[1;36mdebug: [0mc_header: parsed function floorl with 1 params (varargs=0) at line 1858
[1;36mdebug: [0mc_header: w_name=fmodl
[1;36mdebug: [0mc_header: parsed function fmodl with 2 params (varargs=0) at line 1861
[1;36mdebug: [0mc_header: w_name=__fmodl
[1;36mdebug: [0mc_header: parsed function __fmodl with 2 params (varargs=0) at line 1861
[1;36mdebug: [0mc_header: w_name=isinfl
[1;36mdebug: [0mc_header: parsed function isinfl with 1 params (varargs=0) at line 1863
[1;36mdebug: [0mc_header: w_name=finitel
[1;36mdebug: [0mc_header: parsed function finitel with 1 params (varargs=0) at line 1869
[1;36mdebug: [0mc_header: w_name=dreml
[1;36mdebug: [0mc_header: parsed function dreml with 2 params (varargs=0) at line 1873
[1;36mdebug: [0mc_header: w_name=__dreml
[1;36mdebug: [0mc_header: parsed function __dreml with 2 params (varargs=0) at line 1873
[1;36mdebug: [0mc_header: w_name=significandl
[1;36mdebug: [0mc_header: parsed function significandl with 1 params (varargs=0) at line 1877
[1;36mdebug: [0mc_header: w_name=__significandl
[1;36mdebug: [0mc_header: parsed function __significandl with 1 params (varargs=0) at line 1877
[1;36mdebug: [0mc_header: w_name=copysignl
[1;36mdebug: [0mc_header: parsed function copysignl with 2 params (varargs=0) at line 1884
[1;36mdebug: [0mc_header: w_name=nanl
[1;36mdebug: [0mc_header: parsed function nanl with 1 params (varargs=0) at line 1889
[1;36mdebug: [0mc_header: w_name=__nanl
[1;36mdebug: [0mc_header: parsed function __nanl with 1 params (varargs=0) at line 1889
[1;36mdebug: [0mc_header: w_name=isnanl
[1;36mdebug: [0mc_header: parsed function isnanl with 1 params (varargs=0) at line 1891
[1;36mdebug: [0mc_header: w_name=j0l
[1;36mdebug: [0mc_header: parsed function j0l with 1 params (varargs=0) at line 1898
[1;36mdebug: [0mc_header: w_name=__j0l
[1;36mdebug: [0mc_header: parsed function __j0l with 1 params (varargs=0) at line 1898
[1;36mdebug: [0mc_header: w_name=j1l
[1;36mdebug: [0mc_header: parsed function j1l with 1 params (varargs=0) at line 1899
[1;36mdebug: [0mc_header: w_name=__j1l
[1;36mdebug: [0mc_header: parsed function __j1l with 1 params (varargs=0) at line 1899
[1;36mdebug: [0mc_header: w_name=jnl
[1;36mdebug: [0mc_header: parsed function jnl with 2 params (varargs=0) at line 1900
[1;36mdebug: [0mc_header: w_name=__jnl
[1;36mdebug: [0mc_header: parsed function __jnl with 2 params (varargs=0) at line 1900
[1;36mdebug: [0mc_header: w_name=y0l
[1;36mdebug: [0mc_header: parsed function y0l with 1 params (varargs=0) at line 1901
[1;36mdebug: [0mc_header: w_name=__y0l
[1;36mdebug: [0mc_header: parsed function __y0l with 1 params (varargs=0) at line 1901
[1;36mdebug: [0mc_header: w_name=y1l
[1;36mdebug: [0mc_header: parsed function y1l with 1 params (varargs=0) at line 1902
[1;36mdebug: [0mc_header: w_name=__y1l
[1;36mdebug: [0mc_header: parsed function __y1l with 1 params (varargs=0) at line 1902
[1;36mdebug: [0mc_header: w_name=ynl
[1;36mdebug: [0mc_header: parsed function ynl with 2 params (varargs=0) at line 1903
[1;36mdebug: [0mc_header: w_name=__ynl
[1;36mdebug: [0mc_header: parsed function __ynl with 2 params (varargs=0) at line 1903
[1;36mdebug: [0mc_header: w_name=erfl
[1;36mdebug: [0mc_header: parsed function erfl with 1 params (varargs=0) at line 1909
[1;36mdebug: [0mc_header: w_name=__erfl
[1;36mdebug: [0mc_header: parsed function __erfl with 1 params (varargs=0) at line 1909
[1;36mdebug: [0mc_header: w_name=erfcl
[1;36mdebug: [0mc_header: parsed function erfcl with 1 params (varargs=0) at line 1910
[1;36mdebug: [0mc_header: w_name=__erfcl
[1;36mdebug: [0mc_header: parsed function __erfcl with 1 params (varargs=0) at line 1910
[1;36mdebug: [0mc_header: w_name=lgammal
[1;36mdebug: [0mc_header: parsed function lgammal with 1 params (varargs=0) at line 1911
[1;36mdebug: [0mc_header: w_name=__lgammal
[1;36mdebug: [0mc_header: parsed function __lgammal with 1 params (varargs=0) at line 1911
[1;36mdebug: [0mc_header: w_name=tgammal
[1;36mdebug: [0mc_header: parsed function tgammal with 1 params (varargs=0) at line 1916
[1;36mdebug: [0mc_header: w_name=__tgammal
[1;36mdebug: [0mc_header: parsed function __tgammal with 1 params (varargs=0) at line 1916
[1;36mdebug: [0mc_header: w_name=gammal
[1;36mdebug: [0mc_header: parsed function gammal with 1 params (varargs=0) at line 1922
[1;36mdebug: [0mc_header: w_name=__gammal
[1;36mdebug: [0mc_header: parsed function __gammal with 1 params (varargs=0) at line 1922
[1;36mdebug: [0mc_header: w_name=lgammal_r
[1;36mdebug: [0mc_header: parsed function lgammal_r with 2 params (varargs=0) at line 1930
[1;36mdebug: [0mc_header: w_name=__lgammal_r
[1;36mdebug: [0mc_header: parsed function __lgammal_r with 2 params (varargs=0) at line 1930
[1;36mdebug: [0mc_header: w_name=rintl
[1;36mdebug: [0mc_header: parsed function rintl with 1 params (varargs=0) at line 1937
[1;36mdebug: [0mc_header: w_name=__rintl
[1;36mdebug: [0mc_header: parsed function __rintl with 1 params (varargs=0) at line 1937
[1;36mdebug: [0mc_header: w_name=nextafterl
[1;36mdebug: [0mc_header: parsed function nextafterl with 2 params (varargs=0) at line 1940
[1;36mdebug: [0mc_header: w_name=__nextafterl
[1;36mdebug: [0mc_header: parsed function __nextafterl with 2 params (varargs=0) at line 1940
[1;36mdebug: [0mc_header: w_name=nexttowardl
[1;36mdebug: [0mc_header: parsed function nexttowardl with 2 params (varargs=0) at line 1942
[1;36mdebug: [0mc_header: w_name=__nexttowardl
[1;36mdebug: [0mc_header: parsed function __nexttowardl with 2 params (varargs=0) at line 1942
[1;36mdebug: [0mc_header: w_name=nextdownl
[1;36mdebug: [0mc_header: parsed function nextdownl with 1 params (varargs=0) at line 1947
[1;36mdebug: [0mc_header: w_name=__nextdownl
[1;36mdebug: [0mc_header: parsed function __nextdownl with 1 params (varargs=0) at line 1947
[1;36mdebug: [0mc_header: w_name=nextupl
[1;36mdebug: [0mc_header: parsed function nextupl with 1 params (varargs=0) at line 1949
[1;36mdebug: [0mc_header: w_name=__nextupl
[1;36mdebug: [0mc_header: parsed function __nextupl with 1 params (varargs=0) at line 1949
[1;36mdebug: [0mc_header: w_name=remainderl
[1;36mdebug: [0mc_header: parsed function remainderl with 2 params (varargs=0) at line 1953
[1;36mdebug: [0mc_header: w_name=__remainderl
[1;36mdebug: [0mc_header: parsed function __remainderl with 2 params (varargs=0) at line 1953
[1;36mdebug: [0mc_header: w_name=scalbnl
[1;36mdebug: [0mc_header: parsed function scalbnl with 2 params (varargs=0) at line 1957
[1;36mdebug: [0mc_header: w_name=__scalbnl
[1;36mdebug: [0mc_header: parsed function __scalbnl with 2 params (varargs=0) at line 1957
[1;36mdebug: [0mc_header: w_name=ilogbl
[1;36mdebug: [0mc_header: parsed function ilogbl with 1 params (varargs=0) at line 1961
[1;36mdebug: [0mc_header: w_name=__ilogbl
[1;36mdebug: [0mc_header: parsed function __ilogbl with 1 params (varargs=0) at line 1961
[1;36mdebug: [0mc_header: w_name=llogbl
[1;36mdebug: [0mc_header: parsed function llogbl with 1 params (varargs=0) at line 1966
[1;36mdebug: [0mc_header: w_name=__llogbl
[1;36mdebug: [0mc_header: parsed function __llogbl with 1 params (varargs=0) at line 1966
[1;36mdebug: [0mc_header: w_name=scalblnl
[1;36mdebug: [0mc_header: parsed function scalblnl with 2 params (varargs=0) at line 1971
[1;36mdebug: [0mc_header: w_name=__scalblnl
[1;36mdebug: [0mc_header: parsed function __scalblnl with 2 params (varargs=0) at line 1971
[1;36mdebug: [0mc_header: w_name=nearbyintl
[1;36mdebug: [0mc_header: parsed function nearbyintl with 1 params (varargs=0) at line 1975
[1;36mdebug: [0mc_header: w_name=__nearbyintl
[1;36mdebug: [0mc_header: parsed function __nearbyintl with 1 params (varargs=0) at line 1975
[1;36mdebug: [0mc_header: w_name=roundl
[1;36mdebug: [0mc_header: parsed function roundl with 1 params (varargs=0) at line 1979
[1;36mdebug: [0mc_header: w_name=truncl
[1;36mdebug: [0mc_header: parsed function truncl with 1 params (varargs=0) at line 1983
[1;36mdebug: [0mc_header: w_name=remquol
[1;36mdebug: [0mc_header: parsed function remquol with 3 params (varargs=0) at line 1988
[1;36mdebug: [0mc_header: w_name=__remquol
[1;36mdebug: [0mc_header: parsed function __remquol with 3 params (varargs=0) at line 1988
[1;36mdebug: [0mc_header: w_name=lrintl
[1;36mdebug: [0mc_header: parsed function lrintl with 1 params (varargs=0) at line 1995
[1;36mdebug: [0mc_header: w_name=__lrintl
[1;36mdebug: [0mc_header: parsed function __lrintl with 1 params (varargs=0) at line 1995
[1;36mdebug: [0mc_header: w_name=llrintl
[1;36mdebug: [0mc_header: parsed function llrintl with 1 params (varargs=0) at line 1997
[1;36mdebug: [0mc_header: w_name=__llrintl
[1;36mdebug: [0mc_header: parsed function __llrintl with 1 params (varargs=0) at line 1997
[1;36mdebug: [0mc_header: w_name=lroundl
[1;36mdebug: [0mc_header: parsed function lroundl with 1 params (varargs=0) at line 2001
[1;36mdebug: [0mc_header: w_name=__lroundl
[1;36mdebug: [0mc_header: parsed function __lroundl with 1 params (varargs=0) at line 2001
[1;36mdebug: [0mc_header: w_name=llroundl
[1;36mdebug: [0mc_header: parsed function llroundl with 1 params (varargs=0) at line 2003
[1;36mdebug: [0mc_header: w_name=__llroundl
[1;36mdebug: [0mc_header: parsed function __llroundl with 1 params (varargs=0) at line 2003
[1;36mdebug: [0mc_header: w_name=fdiml
[1;36mdebug: [0mc_header: parsed function fdiml with 2 params (varargs=0) at line 2007
[1;36mdebug: [0mc_header: w_name=__fdiml
[1;36mdebug: [0mc_header: parsed function __fdiml with 2 params (varargs=0) at line 2007
[1;36mdebug: [0mc_header: w_name=fmaxl
[1;36mdebug: [0mc_header: parsed function fmaxl with 2 params (varargs=0) at line 2011
[1;36mdebug: [0mc_header: w_name=fminl
[1;36mdebug: [0mc_header: parsed function fminl with 2 params (varargs=0) at line 2014
[1;36mdebug: [0mc_header: w_name=fmal
[1;36mdebug: [0mc_header: parsed function fmal with 3 params (varargs=0) at line 2018
[1;36mdebug: [0mc_header: w_name=__fmal
[1;36mdebug: [0mc_header: parsed function __fmal with 3 params (varargs=0) at line 2018
[1;36mdebug: [0mc_header: w_name=roundevenl
[1;36mdebug: [0mc_header: parsed function roundevenl with 1 params (varargs=0) at line 2023
[1;36mdebug: [0mc_header: w_name=fromfpl
[1;36mdebug: [0mc_header: parsed function fromfpl with 3 params (varargs=0) at line 2027
[1;36mdebug: [0mc_header: w_name=__fromfpl
[1;36mdebug: [0mc_header: parsed function __fromfpl with 3 params (varargs=0) at line 2027
[1;36mdebug: [0mc_header: w_name=ufromfpl
[1;36mdebug: [0mc_header: parsed function ufromfpl with 3 params (varargs=0) at line 2031
[1;36mdebug: [0mc_header: w_name=__ufromfpl
[1;36mdebug: [0mc_header: parsed function __ufromfpl with 3 params (varargs=0) at line 2031
[1;36mdebug: [0mc_header: w_name=fromfpxl
[1;36mdebug: [0mc_header: parsed function fromfpxl with 3 params (varargs=0) at line 2036
[1;36mdebug: [0mc_header: w_name=__fromfpxl
[1;36mdebug: [0mc_header: parsed function __fromfpxl with 3 params (varargs=0) at line 2036
[1;36mdebug: [0mc_header: w_name=ufromfpxl
[1;36mdebug: [0mc_header: parsed function ufromfpxl with 3 params (varargs=0) at line 2041
[1;36mdebug: [0mc_header: w_name=__ufromfpxl
[1;36mdebug: [0mc_header: parsed function __ufromfpxl with 3 params (varargs=0) at line 2041
[1;36mdebug: [0mc_header: w_name=canonicalizel
[1;36mdebug: [0mc_header: parsed function canonicalizel with 2 params (varargs=0) at line 2044
[1;36mdebug: [0mc_header: w_name=fmaximuml
[1;36mdebug: [0mc_header: parsed function fmaximuml with 2 params (varargs=0) at line 2046
[1;36mdebug: [0mc_header: w_name=fminimuml
[1;36mdebug: [0mc_header: parsed function fminimuml with 2 params (varargs=0) at line 2049
[1;36mdebug: [0mc_header: w_name=fmaximum_numl
[1;36mdebug: [0mc_header: parsed function fmaximum_numl with 2 params (varargs=0) at line 2052
[1;36mdebug: [0mc_header: w_name=fminimum_numl
[1;36mdebug: [0mc_header: parsed function fminimum_numl with 2 params (varargs=0) at line 2055
[1;36mdebug: [0mc_header: w_name=fmaximum_magl
[1;36mdebug: [0mc_header: parsed function fmaximum_magl with 2 params (varargs=0) at line 2058
[1;36mdebug: [0mc_header: w_name=fminimum_magl
[1;36mdebug: [0mc_header: parsed function fminimum_magl with 2 params (varargs=0) at line 2061
[1;36mdebug: [0mc_header: w_name=fmaximum_mag_numl
[1;36mdebug: [0mc_header: parsed function fmaximum_mag_numl with 2 params (varargs=0) at line 2064
[1;36mdebug: [0mc_header: w_name=fminimum_mag_numl
[1;36mdebug: [0mc_header: parsed function fminimum_mag_numl with 2 params (varargs=0) at line 2067
[1;36mdebug: [0mc_header: w_name=scalbl
[1;36mdebug: [0mc_header: parsed function scalbl with 2 params (varargs=0) at line 2069
[1;36mdebug: [0mc_header: w_name=__scalbl
[1;36mdebug: [0mc_header: parsed function __scalbl with 2 params (varargs=0) at line 2069
[1;36mdebug: [0mc_header: w_name=__fpclassifyf128
[1;36mdebug: [0mc_header: parsed function __fpclassifyf128 with 1 params (varargs=0) at line 2074
[1;36mdebug: [0mc_header: w_name=__signbitf128
[1;36mdebug: [0mc_header: parsed function __signbitf128 with 1 params (varargs=0) at line 2078
[1;36mdebug: [0mc_header: w_name=__isinff128
[1;36mdebug: [0mc_header: parsed function __isinff128 with 1 params (varargs=0) at line 2083
[1;36mdebug: [0mc_header: w_name=__finitef128
[1;36mdebug: [0mc_header: parsed function __finitef128 with 1 params (varargs=0) at line 2087
[1;36mdebug: [0mc_header: w_name=__isnanf128
[1;36mdebug: [0mc_header: parsed function __isnanf128 with 1 params (varargs=0) at line 2091
[1;36mdebug: [0mc_header: w_name=__iseqsigf128
[1;36mdebug: [0mc_header: parsed function __iseqsigf128 with 2 params (varargs=0) at line 2095
[1;36mdebug: [0mc_header: w_name=__issignalingf128
[1;36mdebug: [0mc_header: parsed function __issignalingf128 with 1 params (varargs=0) at line 2098
[1;36mdebug: [0mc_header: w_name=fadd
[1;36mdebug: [0mc_header: parsed function fadd with 2 params (varargs=0) at line 2104
[1;36mdebug: [0mc_header: w_name=fdiv
[1;36mdebug: [0mc_header: parsed function fdiv with 2 params (varargs=0) at line 2107
[1;36mdebug: [0mc_header: w_name=ffma
[1;36mdebug: [0mc_header: parsed function ffma with 3 params (varargs=0) at line 2110
[1;36mdebug: [0mc_header: w_name=fmul
[1;36mdebug: [0mc_header: parsed function fmul with 2 params (varargs=0) at line 2113
[1;36mdebug: [0mc_header: w_name=fsqrt
[1;36mdebug: [0mc_header: parsed function fsqrt with 1 params (varargs=0) at line 2116
[1;36mdebug: [0mc_header: w_name=fsub
[1;36mdebug: [0mc_header: parsed function fsub with 2 params (varargs=0) at line 2119
[1;36mdebug: [0mc_header: w_name=faddl
[1;36mdebug: [0mc_header: parsed function faddl with 2 params (varargs=0) at line 2124
[1;36mdebug: [0mc_header: w_name=fdivl
[1;36mdebug: [0mc_header: parsed function fdivl with 2 params (varargs=0) at line 2127
[1;36mdebug: [0mc_header: w_name=ffmal
[1;36mdebug: [0mc_header: parsed function ffmal with 3 params (varargs=0) at line 2130
[1;36mdebug: [0mc_header: w_name=fmull
[1;36mdebug: [0mc_header: parsed function fmull with 2 params (varargs=0) at line 2133
[1;36mdebug: [0mc_header: w_name=fsqrtl
[1;36mdebug: [0mc_header: parsed function fsqrtl with 1 params (varargs=0) at line 2136
[1;36mdebug: [0mc_header: w_name=fsubl
[1;36mdebug: [0mc_header: parsed function fsubl with 2 params (varargs=0) at line 2139
[1;36mdebug: [0mc_header: w_name=daddl
[1;36mdebug: [0mc_header: parsed function daddl with 2 params (varargs=0) at line 2144
[1;36mdebug: [0mc_header: w_name=ddivl
[1;36mdebug: [0mc_header: parsed function ddivl with 2 params (varargs=0) at line 2147
[1;36mdebug: [0mc_header: w_name=dfmal
[1;36mdebug: [0mc_header: parsed function dfmal with 3 params (varargs=0) at line 2150
[1;36mdebug: [0mc_header: w_name=dmull
[1;36mdebug: [0mc_header: parsed function dmull with 2 params (varargs=0) at line 2153
[1;36mdebug: [0mc_header: w_name=dsqrtl
[1;36mdebug: [0mc_header: parsed function dsqrtl with 1 params (varargs=0) at line 2156
[1;36mdebug: [0mc_header: w_name=dsubl
[1;36mdebug: [0mc_header: parsed function dsubl with 2 params (varargs=0) at line 2159
[1;36mdebug: [0mc_header: LOOP START token=1
[1;36mdebug: [0mc_header: LOOP START token=1
[1;36mdebug: [0mc_header: LOOP START token=1
[1;36mdebug: [0mc_header: LOOP START token=1
[1;36mdebug: [0mc_header: LOOP START token=1
[1;36mdebug: [0mc_header: w_name=__iscanonicall
[1;36mdebug: [0mc_header: parsed function __iscanonicall with 1 params (varargs=0) at line 2186
[1;36mdebug: [0mc_header: LOOP START token=73
[1;36mdebug: [0mc_header: LOOP START token=73
[1;36mdebug: [0mc_header: LOOP START token=73
[1;36mdebug: [0mc_header: LOOP START token=73
[1;36mdebug: [0mc_header: w_name=imaxabs
[1;36mdebug: [0mc_header: parsed function imaxabs with 1 params (varargs=0) at line 2220
[1;36mdebug: [0mc_header: w_name=imaxdiv
[1;36mdebug: [0mc_header: parsed function imaxdiv with 2 params (varargs=0) at line 2229
[1;36mdebug: [0mc_header: w_name=strtoimax
[1;36mdebug: [0mc_header: parsed function strtoimax with 3 params (varargs=0) at line 2233
[1;36mdebug: [0mc_header: w_name=strtoumax
[1;36mdebug: [0mc_header: parsed function strtoumax with 3 params (varargs=0) at line 2237
[1;36mdebug: [0mc_header: w_name=wcstoimax
[1;36mdebug: [0mc_header: parsed function wcstoimax with 3 params (varargs=0) at line 2242
[1;36mdebug: [0mc_header: w_name=wcstoumax
[1;36mdebug: [0mc_header: parsed function wcstoumax with 3 params (varargs=0) at line 2247
[1;36mdebug: [0mc_header: w_name=strtoimax
[1;36mdebug: [0mc_header: parsed function strtoimax with 3 params (varargs=0) at line 2253
[1;36mdebug: [0mc_header: w_name=strtoumax
[1;36mdebug: [0mc_header: parsed function strtoumax with 3 params (varargs=0) at line 2256
[1;36mdebug: [0mc_header: w_name=wcstoimax
[1;36mdebug: [0mc_header: parsed function wcstoimax with 3 params (varargs=0) at line 2259
[1;36mdebug: [0mc_header: w_name=wcstoumax
[1;36mdebug: [0mc_header: parsed function wcstoumax with 3 params (varargs=0) at line 2263
[1;36mdebug: [0mc_header: LOOP START token=59 line=2281 text='const'
[1;36mdebug: [0mc_header: LOOP START token=59 line=2283 text='const'
[1;36mdebug: [0mc_header: LOOP START token=59 line=2285 text='const'
[1;36mdebug: [0mc_header: LOOP START token=59 line=2290 text='const'
[1;36mdebug: [0mc_header: LOOP START token=72 line=2292 text='int'
[1;36mdebug: [0mc_header: LOOP START token=72 line=2294 text='int'
[1;36mdebug: [0mc_header: LOOP START token=59 line=2296 text='const'
[1;36mdebug: [0mc_header: LOOP START token=72 line=2298 text='int'
[1;36mdebug: [0mc_header: LOOP START token=59 line=2300 text='const'
[1;36mdebug: [0mc_header: LOOP START token=81 line=2305 text='struct'
[1;36mdebug: [0mc_header: LOOP START token=81 line=2307 text='struct'
[1;36mdebug: [0mc_header: w_name=wl_list_init
[1;36mdebug: [0mc_header: parsed function wl_list_init with 1 params (varargs=0) at line 2311
[1;36mdebug: [0mc_header: w_name=wl_list_insert
[1;36mdebug: [0mc_header: parsed function wl_list_insert with 2 params (varargs=0) at line 2314
[1;36mdebug: [0mc_header: w_name=wl_list_remove
[1;36mdebug: [0mc_header: parsed function wl_list_remove with 1 params (varargs=0) at line 2317
[1;36mdebug: [0mc_header: w_name=wl_list_length
[1;36mdebug: [0mc_header: parsed function wl_list_length with 1 params (varargs=0) at line 2320
[1;36mdebug: [0mc_header: w_name=wl_list_empty
[1;36mdebug: [0mc_header: parsed function wl_list_empty with 1 params (varargs=0) at line 2323
[1;36mdebug: [0mc_header: w_name=wl_list_insert_list
[1;36mdebug: [0mc_header: parsed function wl_list_insert_list with 2 params (varargs=0) at line 2326
[1;36mdebug: [0mc_header: LOOP START token=1 line=2330 text='size_t'
[1;36mdebug: [0mc_header: LOOP START token=1 line=2332 text='size_t'
[1;36mdebug: [0mc_header: LOOP START token=86 line=2334 text='void'
[1;36mdebug: [0mc_header: w_name=wl_array_init
[1;36mdebug: [0mc_header: parsed function wl_array_init with 1 params (varargs=0) at line 2338
[1;36mdebug: [0mc_header: w_name=wl_array_release
[1;36mdebug: [0mc_header: parsed function wl_array_release with 1 params (varargs=0) at line 2341
[1;36mdebug: [0mc_header: w_name=wl_array_add
[1;36mdebug: [0mc_header: parsed function wl_array_add with 2 params (varargs=0) at line 2344
[1;36mdebug: [0mc_header: w_name=wl_array_copy
[1;36mdebug: [0mc_header: parsed function wl_array_copy with 2 params (varargs=0) at line 2347
[1;36mdebug: [0mc_header: w_name=wl_fixed_to_double
[1;36mdebug: [0mc_header: parsed function wl_fixed_to_double with 1 params (varargs=0) at line 2353
[1;36mdebug: [0mc_header: w_name=wl_fixed_from_double
[1;36mdebug: [0mc_header: parsed function wl_fixed_from_double with 1 params (varargs=0) at line 2359
[1;36mdebug: [0mc_header: w_name=wl_fixed_to_int
[1;36mdebug: [0mc_header: parsed function wl_fixed_to_int with 1 params (varargs=0) at line 2365
[1;36mdebug: [0mc_header: w_name=wl_fixed_from_int
[1;36mdebug: [0mc_header: parsed function wl_fixed_from_int with 1 params (varargs=0) at line 2371
[1;36mdebug: [0mc_header: LOOP START token=1 line=2376 text='int32_t'
[1;36mdebug: [0mc_header: LOOP START token=1 line=2377 text='uint32_t'
[1;36mdebug: [0mc_header: LOOP START token=1 line=2378 text='wl_fixed_t'
[1;36mdebug: [0mc_header: LOOP START token=59 line=2379 text='const'
[1;36mdebug: [0mc_header: LOOP START token=81 line=2380 text='struct'
[1;36mdebug: [0mc_header: LOOP START token=1 line=2381 text='uint32_t'
[1;36mdebug: [0mc_header: LOOP START token=81 line=2382 text='struct'
[1;36mdebug: [0mc_header: LOOP START token=1 line=2383 text='int32_t'
[1;36mdebug: [0mc_header: LOOP START token=1
[1;36mdebug: [0mc_header: LOOP START token=1
[1;36mdebug: [0mc_header: LOOP START token=1
[1;36mdebug: [0mc_header: LOOP START token=1
[1;36mdebug: [0mc_header: LOOP START token=1
[1;36mdebug: [0mc_header: LOOP START token=1
[1;36mdebug: [0mc_header: w_name=wl_event_loop_create
[1;36mdebug: [0mc_header: parsed function wl_event_loop_create with 0 params (varargs=0) at line 2428
[1;36mdebug: [0mc_header: w_name=wl_event_loop_destroy
[1;36mdebug: [0mc_header: parsed function wl_event_loop_destroy with 1 params (varargs=0) at line 2431
[1;36mdebug: [0mc_header: w_name=wl_event_loop_add_fd
[1;36mdebug: [0mc_header: parsed function wl_event_loop_add_fd with 5 params (varargs=0) at line 2437
[1;36mdebug: [0mc_header: w_name=wl_event_source_fd_update
[1;36mdebug: [0mc_header: parsed function wl_event_source_fd_update with 2 params (varargs=0) at line 2440
[1;36mdebug: [0mc_header: w_name=wl_event_loop_add_timer
[1;36mdebug: [0mc_header: parsed function wl_event_loop_add_timer with 3 params (varargs=0) at line 2445
[1;36mdebug: [0mc_header: w_name=wl_event_loop_add_signal
[1;36mdebug: [0mc_header: parsed function wl_event_loop_add_signal with 4 params (varargs=0) at line 2451
[1;36mdebug: [0mc_header: w_name=wl_event_source_timer_update
[1;36mdebug: [0mc_header: parsed function wl_event_source_timer_update with 2 params (varargs=0) at line 2455
[1;36mdebug: [0mc_header: w_name=wl_event_source_remove
[1;36mdebug: [0mc_header: parsed function wl_event_source_remove with 1 params (varargs=0) at line 2458
[1;36mdebug: [0mc_header: w_name=wl_event_source_check
[1;36mdebug: [0mc_header: parsed function wl_event_source_check with 1 params (varargs=0) at line 2461
[1;36mdebug: [0mc_header: w_name=wl_event_loop_dispatch
[1;36mdebug: [0mc_header: parsed function wl_event_loop_dispatch with 2 params (varargs=0) at line 2464
[1;36mdebug: [0mc_header: w_name=wl_event_loop_dispatch_idle
[1;36mdebug: [0mc_header: parsed function wl_event_loop_dispatch_idle with 1 params (varargs=0) at line 2467
[1;36mdebug: [0mc_header: w_name=wl_event_loop_add_idle
[1;36mdebug: [0mc_header: parsed function wl_event_loop_add_idle with 3 params (varargs=0) at line 2472
[1;36mdebug: [0mc_header: w_name=wl_event_loop_get_fd
[1;36mdebug: [0mc_header: parsed function wl_event_loop_get_fd with 1 params (varargs=0) at line 2475
[1;36mdebug: [0mc_header: w_name=wl_event_loop_add_destroy_listener
[1;36mdebug: [0mc_header: parsed function wl_event_loop_add_destroy_listener with 2 params (varargs=0) at line 2483
[1;36mdebug: [0mc_header: w_name=wl_event_loop_get_destroy_listener
[1;36mdebug: [0mc_header: parsed function wl_event_loop_get_destroy_listener with 2 params (varargs=0) at line 2487
[1;36mdebug: [0mc_header: w_name=wl_display_create
[1;36mdebug: [0mc_header: parsed function wl_display_create with 0 params (varargs=0) at line 2490
[1;36mdebug: [0mc_header: w_name=wl_display_destroy
[1;36mdebug: [0mc_header: parsed function wl_display_destroy with 1 params (varargs=0) at line 2493
[1;36mdebug: [0mc_header: w_name=wl_display_get_event_loop
[1;36mdebug: [0mc_header: parsed function wl_display_get_event_loop with 1 params (varargs=0) at line 2496
[1;36mdebug: [0mc_header: w_name=wl_display_add_socket
[1;36mdebug: [0mc_header: parsed function wl_display_add_socket with 2 params (varargs=0) at line 2499
[1;36mdebug: [0mc_header: w_name=wl_display_add_socket_auto
[1;36mdebug: [0mc_header: parsed function wl_display_add_socket_auto with 1 params (varargs=0) at line 2502
[1;36mdebug: [0mc_header: w_name=wl_display_add_socket_fd
[1;36mdebug: [0mc_header: parsed function wl_display_add_socket_fd with 2 params (varargs=0) at line 2505
[1;36mdebug: [0mc_header: w_name=wl_display_remove_socket_fd
[1;36mdebug: [0mc_header: parsed function wl_display_remove_socket_fd with 2 params (varargs=0) at line 2508
[1;36mdebug: [0mc_header: w_name=wl_display_terminate
[1;36mdebug: [0mc_header: parsed function wl_display_terminate with 1 params (varargs=0) at line 2511
[1;36mdebug: [0mc_header: w_name=wl_display_run
[1;36mdebug: [0mc_header: parsed function wl_display_run with 1 params (varargs=0) at line 2514
[1;36mdebug: [0mc_header: w_name=wl_display_flush_clients
[1;36mdebug: [0mc_header: parsed function wl_display_flush_clients with 1 params (varargs=0) at line 2517
[1;36mdebug: [0mc_header: w_name=wl_display_destroy_clients
[1;36mdebug: [0mc_header: parsed function wl_display_destroy_clients with 1 params (varargs=0) at line 2520
[1;36mdebug: [0mc_header: w_name=wl_display_set_default_max_buffer_size
[1;36mdebug: [0mc_header: parsed function wl_display_set_default_max_buffer_size with 2 params (varargs=0) at line 2524
[1;36mdebug: [0mc_header: w_name=wl_display_get_serial
[1;36mdebug: [0mc_header: parsed function wl_display_get_serial with 1 params (varargs=0) at line 2535
[1;36mdebug: [0mc_header: w_name=wl_display_next_serial
[1;36mdebug: [0mc_header: parsed function wl_display_next_serial with 1 params (varargs=0) at line 2538
[1;36mdebug: [0mc_header: w_name=wl_display_add_destroy_listener
[1;36mdebug: [0mc_header: parsed function wl_display_add_destroy_listener with 2 params (varargs=0) at line 2542
[1;36mdebug: [0mc_header: w_name=wl_display_add_client_created_listener
[1;36mdebug: [0mc_header: parsed function wl_display_add_client_created_listener with 2 params (varargs=0) at line 2546
[1;36mdebug: [0mc_header: w_name=wl_display_get_destroy_listener
[1;36mdebug: [0mc_header: parsed function wl_display_get_destroy_listener with 2 params (varargs=0) at line 2550
[1;36mdebug: [0mc_header: w_name=wl_global_create
[1;36mdebug: [0mc_header: parsed function wl_global_create with 5 params (varargs=0) at line 2556
[1;36mdebug: [0mc_header: w_name=wl_global_remove
[1;36mdebug: [0mc_header: parsed function wl_global_remove with 1 params (varargs=0) at line 2559
[1;36mdebug: [0mc_header: w_name=wl_global_set_withdrawn_listener
[1;36mdebug: [0mc_header: parsed function wl_global_set_withdrawn_listener with 2 params (varargs=0) at line 2563
[1;36mdebug: [0mc_header: w_name=wl_global_destroy
[1;36mdebug: [0mc_header: parsed function wl_global_destroy with 1 params (varargs=0) at line 2566
[1;36mdebug: [0mc_header: w_name=wl_display_set_global_filter
[1;36mdebug: [0mc_header: parsed function wl_display_set_global_filter with 3 params (varargs=0) at line 2575
[1;36mdebug: [0mc_header: w_name=wl_global_get_interface
[1;36mdebug: [0mc_header: parsed function wl_global_get_interface with 1 params (varargs=0) at line 2578
[1;36mdebug: [0mc_header: w_name=wl_global_get_name
[1;36mdebug: [0mc_header: parsed function wl_global_get_name with 2 params (varargs=0) at line 2582
[1;36mdebug: [0mc_header: w_name=wl_global_get_version
[1;36mdebug: [0mc_header: parsed function wl_global_get_version with 1 params (varargs=0) at line 2585
[1;36mdebug: [0mc_header: w_name=wl_global_get_display
[1;36mdebug: [0mc_header: parsed function wl_global_get_display with 1 params (varargs=0) at line 2588
[1;36mdebug: [0mc_header: w_name=wl_global_get_user_data
[1;36mdebug: [0mc_header: parsed function wl_global_get_user_data with 1 params (varargs=0) at line 2591
[1;36mdebug: [0mc_header: w_name=wl_global_set_user_data
[1;36mdebug: [0mc_header: parsed function wl_global_set_user_data with 2 params (varargs=0) at line 2594
[1;36mdebug: [0mc_header: w_name=wl_client_create
[1;36mdebug: [0mc_header: parsed function wl_client_create with 2 params (varargs=0) at line 2597
[1;36mdebug: [0mc_header: w_name=wl_display_get_client_list
[1;36mdebug: [0mc_header: parsed function wl_display_get_client_list with 1 params (varargs=0) at line 2600
[1;36mdebug: [0mc_header: w_name=wl_client_get_link
[1;36mdebug: [0mc_header: parsed function wl_client_get_link with 1 params (varargs=0) at line 2603
[1;36mdebug: [0mc_header: w_name=wl_client_from_link
[1;36mdebug: [0mc_header: parsed function wl_client_from_link with 1 params (varargs=0) at line 2606
[1;36mdebug: [0mc_header: w_name=wl_client_destroy
[1;36mdebug: [0mc_header: parsed function wl_client_destroy with 1 params (varargs=0) at line 2615
[1;36mdebug: [0mc_header: w_name=wl_client_flush
[1;36mdebug: [0mc_header: parsed function wl_client_flush with 1 params (varargs=0) at line 2618
[1;36mdebug: [0mc_header: w_name=wl_client_get_credentials
[1;36mdebug: [0mc_header: parsed function wl_client_get_credentials with 4 params (varargs=0) at line 2622
[1;36mdebug: [0mc_header: w_name=wl_client_get_fd
[1;36mdebug: [0mc_header: parsed function wl_client_get_fd with 1 params (varargs=0) at line 2625
[1;36mdebug: [0mc_header: w_name=wl_client_add_destroy_listener
[1;36mdebug: [0mc_header: parsed function wl_client_add_destroy_listener with 2 params (varargs=0) at line 2629
[1;36mdebug: [0mc_header: w_name=wl_client_get_destroy_listener
[1;36mdebug: [0mc_header: parsed function wl_client_get_destroy_listener with 2 params (varargs=0) at line 2633
[1;36mdebug: [0mc_header: w_name=wl_client_add_destroy_late_listener
[1;36mdebug: [0mc_header: parsed function wl_client_add_destroy_late_listener with 2 params (varargs=0) at line 2637
[1;36mdebug: [0mc_header: w_name=wl_client_get_destroy_late_listener
[1;36mdebug: [0mc_header: parsed function wl_client_get_destroy_late_listener with 2 params (varargs=0) at line 2641
[1;36mdebug: [0mc_header: w_name=wl_client_get_object
[1;36mdebug: [0mc_header: parsed function wl_client_get_object with 2 params (varargs=0) at line 2644
[1;36mdebug: [0mc_header: w_name=wl_client_post_no_memory
[1;36mdebug: [0mc_header: parsed function wl_client_post_no_memory with 1 params (varargs=0) at line 2647
[1;36mdebug: [0mc_header: w_name=wl_client_post_implementation_error
[1;36mdebug: [0mc_header: parsed function wl_client_post_implementation_error with 2 params (varargs=1) at line 2651
[1;36mdebug: [0mc_header: w_name=wl_client_add_resource_created_listener
[1;36mdebug: [0mc_header: parsed function wl_client_add_resource_created_listener with 2 params (varargs=0) at line 2655
[1;36mdebug: [0mc_header: w_name=wl_client_for_each_resource
[1;36mdebug: [0mc_header: parsed function wl_client_for_each_resource with 3 params (varargs=0) at line 2665
[1;36mdebug: [0mc_header: w_name=wl_client_set_user_data
[1;36mdebug: [0mc_header: parsed function wl_client_set_user_data with 3 params (varargs=0) at line 2672
[1;36mdebug: [0mc_header: w_name=wl_client_get_user_data
[1;36mdebug: [0mc_header: parsed function wl_client_get_user_data with 1 params (varargs=0) at line 2675
[1;36mdebug: [0mc_header: w_name=wl_client_set_max_buffer_size
[1;36mdebug: [0mc_header: parsed function wl_client_set_max_buffer_size with 2 params (varargs=0) at line 2678
[1;36mdebug: [0mc_header: LOOP START token=81 line=2682 text='struct'
[1;36mdebug: [0mc_header: LOOP START token=1 line=2685 text='wl_notify_func_t'
[1;36mdebug: [0mc_header: LOOP START token=81 line=2689 text='struct'
[1;36mdebug: [0mc_header: w_name=wl_signal_init
[1;36mdebug: [0mc_header: parsed function wl_signal_init with 1 params (varargs=0) at line 2700
[1;36mdebug: [0mc_header: w_name=wl_signal_add
[1;36mdebug: [0mc_header: parsed function wl_signal_add with 2 params (varargs=0) at line 2706
[1;36mdebug: [0mc_header: w_name=wl_signal_get
[1;36mdebug: [0mc_header: parsed function wl_signal_get with 2 params (varargs=0) at line 2712
[1;36mdebug: [0mc_header: w_name=wl_signal_emit
[1;36mdebug: [0mc_header: parsed function wl_signal_emit with 2 params (varargs=0) at line 2724
[1;36mdebug: [0mc_header: w_name=wl_signal_emit_mutable
[1;36mdebug: [0mc_header: parsed function wl_signal_emit_mutable with 2 params (varargs=0) at line 2732
[1;36mdebug: [0mc_header: w_name=wl_resource_post_event
[1;36mdebug: [0mc_header: parsed function wl_resource_post_event with 2 params (varargs=1) at line 2738
[1;36mdebug: [0mc_header: w_name=wl_resource_post_event_array
[1;36mdebug: [0mc_header: parsed function wl_resource_post_event_array with 3 params (varargs=0) at line 2742
[1;36mdebug: [0mc_header: w_name=wl_resource_queue_event
[1;36mdebug: [0mc_header: parsed function wl_resource_queue_event with 2 params (varargs=1) at line 2746
[1;36mdebug: [0mc_header: w_name=wl_resource_queue_event_array
[1;36mdebug: [0mc_header: parsed function wl_resource_queue_event_array with 3 params (varargs=0) at line 2750
[1;36mdebug: [0mc_header: w_name=wl_resource_post_error_vargs
[1;36mdebug: [0mc_header: parsed function wl_resource_post_error_vargs with 4 params (varargs=0) at line 2754
[1;36mdebug: [0mc_header: w_name=wl_resource_post_error
[1;36mdebug: [0mc_header: parsed function wl_resource_post_error with 3 params (varargs=1) at line 2758
[1;36mdebug: [0mc_header: w_name=wl_resource_post_no_memory
[1;36mdebug: [0mc_header: parsed function wl_resource_post_no_memory with 1 params (varargs=0) at line 2761
[1;36mdebug: [0mc_header: w_name=wl_client_get_display
[1;36mdebug: [0mc_header: parsed function wl_client_get_display with 1 params (varargs=0) at line 2764
[1;36mdebug: [0mc_header: w_name=wl_resource_create
[1;36mdebug: [0mc_header: parsed function wl_resource_create with 4 params (varargs=0) at line 2769
[1;36mdebug: [0mc_header: w_name=wl_resource_set_implementation
[1;36mdebug: [0mc_header: parsed function wl_resource_set_implementation with 4 params (varargs=0) at line 2775
[1;36mdebug: [0mc_header: w_name=wl_resource_set_dispatcher
[1;36mdebug: [0mc_header: parsed function wl_resource_set_dispatcher with 5 params (varargs=0) at line 2782
[1;36mdebug: [0mc_header: w_name=wl_resource_destroy
[1;36mdebug: [0mc_header: parsed function wl_resource_destroy with 1 params (varargs=0) at line 2785
[1;36mdebug: [0mc_header: w_name=wl_resource_get_id
[1;36mdebug: [0mc_header: parsed function wl_resource_get_id with 1 params (varargs=0) at line 2788
[1;36mdebug: [0mc_header: w_name=wl_resource_get_link
[1;36mdebug: [0mc_header: parsed function wl_resource_get_link with 1 params (varargs=0) at line 2791
[1;36mdebug: [0mc_header: w_name=wl_resource_from_link
[1;36mdebug: [0mc_header: parsed function wl_resource_from_link with 1 params (varargs=0) at line 2794
[1;36mdebug: [0mc_header: w_name=wl_resource_find_for_client
[1;36mdebug: [0mc_header: parsed function wl_resource_find_for_client with 2 params (varargs=0) at line 2797
[1;36mdebug: [0mc_header: w_name=wl_resource_get_client
[1;36mdebug: [0mc_header: parsed function wl_resource_get_client with 1 params (varargs=0) at line 2800
[1;36mdebug: [0mc_header: w_name=wl_resource_set_user_data
[1;36mdebug: [0mc_header: parsed function wl_resource_set_user_data with 2 params (varargs=0) at line 2803
[1;36mdebug: [0mc_header: w_name=wl_resource_get_user_data
[1;36mdebug: [0mc_header: parsed function wl_resource_get_user_data with 1 params (varargs=0) at line 2806
[1;36mdebug: [0mc_header: w_name=wl_resource_get_version
[1;36mdebug: [0mc_header: parsed function wl_resource_get_version with 1 params (varargs=0) at line 2809
[1;36mdebug: [0mc_header: w_name=wl_resource_set_destructor
[1;36mdebug: [0mc_header: parsed function wl_resource_set_destructor with 2 params (varargs=0) at line 2813
[1;36mdebug: [0mc_header: w_name=wl_resource_instance_of
[1;36mdebug: [0mc_header: parsed function wl_resource_instance_of with 3 params (varargs=0) at line 2818
[1;36mdebug: [0mc_header: w_name=wl_resource_get_class
[1;36mdebug: [0mc_header: parsed function wl_resource_get_class with 1 params (varargs=0) at line 2821
[1;36mdebug: [0mc_header: w_name=wl_resource_get_interface
[1;36mdebug: [0mc_header: parsed function wl_resource_get_interface with 1 params (varargs=0) at line 2824
[1;36mdebug: [0mc_header: w_name=wl_resource_add_destroy_listener
[1;36mdebug: [0mc_header: parsed function wl_resource_add_destroy_listener with 2 params (varargs=0) at line 2828
[1;36mdebug: [0mc_header: w_name=wl_resource_get_destroy_listener
[1;36mdebug: [0mc_header: parsed function wl_resource_get_destroy_listener with 2 params (varargs=0) at line 2832
[1;36mdebug: [0mc_header: w_name=wl_shm_buffer_get
[1;36mdebug: [0mc_header: parsed function wl_shm_buffer_get with 1 params (varargs=0) at line 2835
[1;36mdebug: [0mc_header: w_name=wl_shm_buffer_begin_access
[1;36mdebug: [0mc_header: parsed function wl_shm_buffer_begin_access with 1 params (varargs=0) at line 2838
[1;36mdebug: [0mc_header: w_name=wl_shm_buffer_end_access
[1;36mdebug: [0mc_header: parsed function wl_shm_buffer_end_access with 1 params (varargs=0) at line 2841
[1;36mdebug: [0mc_header: w_name=wl_shm_buffer_get_data
[1;36mdebug: [0mc_header: parsed function wl_shm_buffer_get_data with 1 params (varargs=0) at line 2844
[1;36mdebug: [0mc_header: w_name=wl_shm_buffer_get_stride
[1;36mdebug: [0mc_header: parsed function wl_shm_buffer_get_stride with 1 params (varargs=0) at line 2847
[1;36mdebug: [0mc_header: w_name=wl_shm_buffer_get_format
[1;36mdebug: [0mc_header: parsed function wl_shm_buffer_get_format with 1 params (varargs=0) at line 2850
[1;36mdebug: [0mc_header: w_name=wl_shm_buffer_get_width
[1;36mdebug: [0mc_header: parsed function wl_shm_buffer_get_width with 1 params (varargs=0) at line 2853
[1;36mdebug: [0mc_header: w_name=wl_shm_buffer_get_height
[1;36mdebug: [0mc_header: parsed function wl_shm_buffer_get_height with 1 params (varargs=0) at line 2856
[1;36mdebug: [0mc_header: w_name=wl_shm_buffer_ref
[1;36mdebug: [0mc_header: parsed function wl_shm_buffer_ref with 1 params (varargs=0) at line 2859
[1;36mdebug: [0mc_header: w_name=wl_shm_buffer_unref
[1;36mdebug: [0mc_header: parsed function wl_shm_buffer_unref with 1 params (varargs=0) at line 2862
[1;36mdebug: [0mc_header: w_name=wl_shm_buffer_ref_pool
[1;36mdebug: [0mc_header: parsed function wl_shm_buffer_ref_pool with 1 params (varargs=0) at line 2865
[1;36mdebug: [0mc_header: w_name=wl_shm_pool_unref
[1;36mdebug: [0mc_header: parsed function wl_shm_pool_unref with 1 params (varargs=0) at line 2868
[1;36mdebug: [0mc_header: w_name=wl_display_init_shm
[1;36mdebug: [0mc_header: parsed function wl_display_init_shm with 1 params (varargs=0) at line 2871
[1;36mdebug: [0mc_header: w_name=wl_display_add_shm_format
[1;36mdebug: [0mc_header: parsed function wl_display_add_shm_format with 2 params (varargs=0) at line 2874
[1;36mdebug: [0mc_header: w_name=wl_log_set_handler_server
[1;36mdebug: [0mc_header: parsed function wl_log_set_handler_server with 1 params (varargs=0) at line 2883
[1;36mdebug: [0mc_header: LOOP START token=1
[1;36mdebug: [0mc_header: LOOP START token=1
[1;36mdebug: [0mc_header: LOOP START token=81 line=2891 text='struct'
[1;36mdebug: [0mc_header: LOOP START token=72 line=2892 text='int'
[1;36mdebug: [0mc_header: LOOP START token=59 line=2893 text='const'
[1;36mdebug: [0mc_header: LOOP START token=72 line=2894 text='int'
[1;36mdebug: [0mc_header: LOOP START token=59 line=2895 text='const'
[1;36mdebug: [0mc_header: w_name=wl_display_add_protocol_logger
[1;36mdebug: [0mc_header: parsed function wl_display_add_protocol_logger with 3 params (varargs=0) at line 2905
[1;36mdebug: [0mc_header: w_name=wl_protocol_logger_destroy
[1;36mdebug: [0mc_header: parsed function wl_protocol_logger_destroy with 1 params (varargs=0) at line 2908
[1;36mdebug: [0mc_header: w_name=wl_fixes_handle_ack_global_remove
[1;36mdebug: [0mc_header: parsed function wl_fixes_handle_ack_global_remove with 3 params (varargs=0) at line 2913
[1;36mdebug: [0mc_header: LOOP START token=1 line=2946 text='uint16_t'
[1;36mdebug: [0mc_header: LOOP START token=1 line=2947 text='uint16_t'
[1;36mdebug: [0mc_header: LOOP START token=1 line=2948 text='uint16_t'
[1;36mdebug: [0mc_header: LOOP START token=1 line=2949 text='uint16_t'
[1;36mdebug: [0mc_header: LOOP START token=1 line=2954 text='pixman_fixed_t'
[1;36mdebug: [0mc_header: LOOP START token=1 line=2955 text='pixman_fixed_t'
[1;36mdebug: [0mc_header: LOOP START token=1 line=2960 text='pixman_point_fixed_t'
[1;36mdebug: [0mc_header: LOOP START token=1 line=2969 text='pixman_fixed_t'
[1;36mdebug: [0mc_header: LOOP START token=1 line=2974 text='pixman_fixed_t'
[1;36mdebug: [0mc_header: w_name=pixman_transform_init_identity
[1;36mdebug: [0mc_header: parsed function pixman_transform_init_identity with 1 params (varargs=0) at line 2982
[1;36mdebug: [0mc_header: w_name=pixman_transform_point_3d
[1;36mdebug: [0mc_header: parsed function pixman_transform_point_3d with 2 params (varargs=0) at line 2986
[1;36mdebug: [0mc_header: w_name=pixman_transform_point
[1;36mdebug: [0mc_header: parsed function pixman_transform_point with 2 params (varargs=0) at line 2990
[1;36mdebug: [0mc_header: w_name=pixman_transform_multiply
[1;36mdebug: [0mc_header: parsed function pixman_transform_multiply with 3 params (varargs=0) at line 2995
[1;36mdebug: [0mc_header: w_name=pixman_transform_init_scale
[1;36mdebug: [0mc_header: parsed function pixman_transform_init_scale with 3 params (varargs=0) at line 3000
[1;36mdebug: [0mc_header: w_name=pixman_transform_scale
[1;36mdebug: [0mc_header: parsed function pixman_transform_scale with 4 params (varargs=0) at line 3006
[1;36mdebug: [0mc_header: w_name=pixman_transform_init_rotate
[1;36mdebug: [0mc_header: parsed function pixman_transform_init_rotate with 3 params (varargs=0) at line 3011
[1;36mdebug: [0mc_header: w_name=pixman_transform_rotate
[1;36mdebug: [0mc_header: parsed function pixman_transform_rotate with 4 params (varargs=0) at line 3017
[1;36mdebug: [0mc_header: w_name=pixman_transform_init_translate
[1;36mdebug: [0mc_header: parsed function pixman_transform_init_translate with 3 params (varargs=0) at line 3022
[1;36mdebug: [0mc_header: w_name=pixman_transform_translate
[1;36mdebug: [0mc_header: parsed function pixman_transform_translate with 4 params (varargs=0) at line 3028
[1;36mdebug: [0mc_header: w_name=pixman_transform_bounds
[1;36mdebug: [0mc_header: parsed function pixman_transform_bounds with 2 params (varargs=0) at line 3032
[1;36mdebug: [0mc_header: w_name=pixman_transform_invert
[1;36mdebug: [0mc_header: parsed function pixman_transform_invert with 2 params (varargs=0) at line 3036
[1;36mdebug: [0mc_header: w_name=pixman_transform_is_identity
[1;36mdebug: [0mc_header: parsed function pixman_transform_is_identity with 1 params (varargs=0) at line 3039
[1;36mdebug: [0mc_header: w_name=pixman_transform_is_scale
[1;36mdebug: [0mc_header: parsed function pixman_transform_is_scale with 1 params (varargs=0) at line 3042
[1;36mdebug: [0mc_header: w_name=pixman_transform_is_int_translate
[1;36mdebug: [0mc_header: parsed function pixman_transform_is_int_translate with 1 params (varargs=0) at line 3045
[1;36mdebug: [0mc_header: w_name=pixman_transform_is_inverse
[1;36mdebug: [0mc_header: parsed function pixman_transform_is_inverse with 2 params (varargs=0) at line 3049
[1;36mdebug: [0mc_header: LOOP START token=63 line=3059 text='double'
[1;36mdebug: [0mc_header: LOOP START token=63 line=3064 text='double'
[1;36mdebug: [0mc_header: w_name=pixman_transform_from_pixman_f_transform
[1;36mdebug: [0mc_header: parsed function pixman_transform_from_pixman_f_transform with 2 params (varargs=0) at line 3070
[1;36mdebug: [0mc_header: w_name=pixman_f_transform_from_pixman_transform
[1;36mdebug: [0mc_header: parsed function pixman_f_transform_from_pixman_transform with 2 params (varargs=0) at line 3074
[1;36mdebug: [0mc_header: w_name=pixman_f_transform_invert
[1;36mdebug: [0mc_header: parsed function pixman_f_transform_invert with 2 params (varargs=0) at line 3078
[1;36mdebug: [0mc_header: w_name=pixman_f_transform_point
[1;36mdebug: [0mc_header: parsed function pixman_f_transform_point with 2 params (varargs=0) at line 3082
[1;36mdebug: [0mc_header: w_name=pixman_f_transform_point_3d
[1;36mdebug: [0mc_header: parsed function pixman_f_transform_point_3d with 2 params (varargs=0) at line 3086
[1;36mdebug: [0mc_header: w_name=pixman_f_transform_multiply
[1;36mdebug: [0mc_header: parsed function pixman_f_transform_multiply with 3 params (varargs=0) at line 3091
[1;36mdebug: [0mc_header: w_name=pixman_f_transform_init_scale
[1;36mdebug: [0mc_header: parsed function pixman_f_transform_init_scale with 3 params (varargs=0) at line 3096
[1;36mdebug: [0mc_header: w_name=pixman_f_transform_scale
[1;36mdebug: [0mc_header: parsed function pixman_f_transform_scale with 4 params (varargs=0) at line 3102
[1;36mdebug: [0mc_header: w_name=pixman_f_transform_init_rotate
[1;36mdebug: [0mc_header: parsed function pixman_f_transform_init_rotate with 3 params (varargs=0) at line 3107
[1;36mdebug: [0mc_header: w_name=pixman_f_transform_rotate
[1;36mdebug: [0mc_header: parsed function pixman_f_transform_rotate with 4 params (varargs=0) at line 3113
[1;36mdebug: [0mc_header: w_name=pixman_f_transform_init_translate
[1;36mdebug: [0mc_header: parsed function pixman_f_transform_init_translate with 3 params (varargs=0) at line 3118
[1;36mdebug: [0mc_header: w_name=pixman_f_transform_translate
[1;36mdebug: [0mc_header: parsed function pixman_f_transform_translate with 4 params (varargs=0) at line 3124
[1;36mdebug: [0mc_header: w_name=pixman_f_transform_bounds
[1;36mdebug: [0mc_header: parsed function pixman_f_transform_bounds with 2 params (varargs=0) at line 3128
[1;36mdebug: [0mc_header: w_name=pixman_f_transform_init_identity
[1;36mdebug: [0mc_header: parsed function pixman_f_transform_init_identity with 1 params (varargs=0) at line 3131
[1;36mdebug: [0mc_header: LOOP START token=1
[1;36mdebug: [0mc_header: LOOP START token=1
[1;36mdebug: [0mc_header: LOOP START token=1
[1;36mdebug: [0mc_header: LOOP START token=1
[1;36mdebug: [0mc_header: LOOP START token=1
[1;36mdebug: [0mc_header: LOOP START token=1
[1;36mdebug: [0mc_header: LOOP START token=1
[1;36mdebug: [0mc_header: LOOP START token=1
[1;36mdebug: [0mc_header: LOOP START token=1
[1;36mdebug: [0mc_header: LOOP START token=1
[1;36mdebug: [0mc_header: LOOP START token=1
[1;36mdebug: [0mc_header: LOOP START token=1
[1;36mdebug: [0mc_header: LOOP START token=1
[1;36mdebug: [0mc_header: LOOP START token=1
[1;36mdebug: [0mc_header: LOOP START token=1
[1;36mdebug: [0mc_header: LOOP START token=1
[1;36mdebug: [0mc_header: LOOP START token=1
[1;36mdebug: [0mc_header: LOOP START token=1
[1;36mdebug: [0mc_header: LOOP START token=1
[1;36mdebug: [0mc_header: LOOP START token=1
[1;36mdebug: [0mc_header: LOOP START token=1
[1;36mdebug: [0mc_header: LOOP START token=1
[1;36mdebug: [0mc_header: LOOP START token=1
[1;36mdebug: [0mc_header: LOOP START token=1
[1;36mdebug: [0mc_header: LOOP START token=1
[1;36mdebug: [0mc_header: LOOP START token=1
[1;36mdebug: [0mc_header: LOOP START token=1
[1;36mdebug: [0mc_header: LOOP START token=1
[1;36mdebug: [0mc_header: LOOP START token=1
[1;36mdebug: [0mc_header: LOOP START token=1
[1;36mdebug: [0mc_header: LOOP START token=1
[1;36mdebug: [0mc_header: LOOP START token=1
[1;36mdebug: [0mc_header: LOOP START token=1
[1;36mdebug: [0mc_header: LOOP START token=1
[1;36mdebug: [0mc_header: LOOP START token=1
[1;36mdebug: [0mc_header: LOOP START token=1
[1;36mdebug: [0mc_header: LOOP START token=1
[1;36mdebug: [0mc_header: LOOP START token=1
[1;36mdebug: [0mc_header: LOOP START token=1
[1;36mdebug: [0mc_header: LOOP START token=1
[1;36mdebug: [0mc_header: LOOP START token=1
[1;36mdebug: [0mc_header: LOOP START token=1
[1;36mdebug: [0mc_header: LOOP START token=1
[1;36mdebug: [0mc_header: LOOP START token=1
[1;36mdebug: [0mc_header: LOOP START token=1
[1;36mdebug: [0mc_header: LOOP START token=1
[1;36mdebug: [0mc_header: LOOP START token=1
[1;36mdebug: [0mc_header: LOOP START token=1
[1;36mdebug: [0mc_header: LOOP START token=1
[1;36mdebug: [0mc_header: LOOP START token=1
[1;36mdebug: [0mc_header: LOOP START token=1
[1;36mdebug: [0mc_header: LOOP START token=1
[1;36mdebug: [0mc_header: LOOP START token=1
[1;36mdebug: [0mc_header: LOOP START token=1
[1;36mdebug: [0mc_header: LOOP START token=1
[1;36mdebug: [0mc_header: LOOP START token=1
[1;36mdebug: [0mc_header: LOOP START token=1
[1;36mdebug: [0mc_header: LOOP START token=1
[1;36mdebug: [0mc_header: LOOP START token=1
[1;36mdebug: [0mc_header: LOOP START token=1
[1;36mdebug: [0mc_header: LOOP START token=1
[1;36mdebug: [0mc_header: LOOP START token=1
[1;36mdebug: [0mc_header: LOOP START token=1
[1;36mdebug: [0mc_header: LOOP START token=1
[1;36mdebug: [0mc_header: LOOP START token=1
[1;36mdebug: [0mc_header: LOOP START token=1
[1;36mdebug: [0mc_header: LOOP START token=1
[1;36mdebug: [0mc_header: LOOP START token=1
[1;36mdebug: [0mc_header: LOOP START token=1
[1;36mdebug: [0mc_header: LOOP START token=1
[1;36mdebug: [0mc_header: LOOP START token=73 line=3238 text='long'
[1;36mdebug: [0mc_header: LOOP START token=73 line=3239 text='long'
[1;36mdebug: [0mc_header: LOOP START token=1 line=3245 text='int16_t'
[1;36mdebug: [0mc_header: LOOP START token=1 line=3246 text='uint16_t'
[1;36mdebug: [0mc_header: LOOP START token=1 line=3251 text='int16_t'
[1;36mdebug: [0mc_header: LOOP START token=1 line=3256 text='pixman_box16_t'
[1;36mdebug: [0mc_header: LOOP START token=1 line=3257 text='pixman_region16_data_t'
[1;36mdebug: [0mc_header: LOOP START token=1
[1;36mdebug: [0mc_header: LOOP START token=1
[1;36mdebug: [0mc_header: LOOP START token=1
[1;36mdebug: [0mc_header: w_name=pixman_region_set_static_pointers
[1;36mdebug: [0mc_header: parsed function pixman_region_set_static_pointers with 3 params (varargs=0) at line 3273
[1;36mdebug: [0mc_header: w_name=pixman_region_init
[1;36mdebug: [0mc_header: parsed function pixman_region_init with 1 params (varargs=0) at line 3277
[1;36mdebug: [0mc_header: w_name=pixman_region_init_rect
[1;36mdebug: [0mc_header: parsed function pixman_region_init_rect with 5 params (varargs=0) at line 3284
[1;36mdebug: [0mc_header: w_name=pixman_region_init_rects
[1;36mdebug: [0mc_header: parsed function pixman_region_init_rects with 3 params (varargs=0) at line 3289
[1;36mdebug: [0mc_header: w_name=pixman_region_init_with_extents
[1;36mdebug: [0mc_header: parsed function pixman_region_init_with_extents with 2 params (varargs=0) at line 3293
[1;36mdebug: [0mc_header: w_name=pixman_region_init_from_image
[1;36mdebug: [0mc_header: parsed function pixman_region_init_from_image with 2 params (varargs=0) at line 3297
[1;36mdebug: [0mc_header: w_name=pixman_region_fini
[1;36mdebug: [0mc_header: parsed function pixman_region_fini with 1 params (varargs=0) at line 3300
[1;36mdebug: [0mc_header: w_name=pixman_region_translate
[1;36mdebug: [0mc_header: parsed function pixman_region_translate with 3 params (varargs=0) at line 3307
[1;36mdebug: [0mc_header: w_name=pixman_region_copy
[1;36mdebug: [0mc_header: parsed function pixman_region_copy with 2 params (varargs=0) at line 3311
[1;36mdebug: [0mc_header: w_name=pixman_region_intersect
[1;36mdebug: [0mc_header: parsed function pixman_region_intersect with 3 params (varargs=0) at line 3316
[1;36mdebug: [0mc_header: w_name=pixman_region_union
[1;36mdebug: [0mc_header: parsed function pixman_region_union with 3 params (varargs=0) at line 3321
[1;36mdebug: [0mc_header: w_name=pixman_region_union_rect
[1;36mdebug: [0mc_header: parsed function pixman_region_union_rect with 6 params (varargs=0) at line 3329
[1;36mdebug: [0mc_header: w_name=pixman_region_intersect_rect
[1;36mdebug: [0mc_header: parsed function pixman_region_intersect_rect with 6 params (varargs=0) at line 3337
[1;36mdebug: [0mc_header: w_name=pixman_region_subtract
[1;36mdebug: [0mc_header: parsed function pixman_region_subtract with 3 params (varargs=0) at line 3342
[1;36mdebug: [0mc_header: w_name=pixman_region_inverse
[1;36mdebug: [0mc_header: parsed function pixman_region_inverse with 3 params (varargs=0) at line 3347
[1;36mdebug: [0mc_header: w_name=pixman_region_contains_point
[1;36mdebug: [0mc_header: parsed function pixman_region_contains_point with 4 params (varargs=0) at line 3353
[1;36mdebug: [0mc_header: w_name=pixman_region_contains_rectangle
[1;36mdebug: [0mc_header: parsed function pixman_region_contains_rectangle with 2 params (varargs=0) at line 3357
[1;36mdebug: [0mc_header: w_name=pixman_region_empty
[1;36mdebug: [0mc_header: parsed function pixman_region_empty with 1 params (varargs=0) at line 3360
[1;36mdebug: [0mc_header: w_name=pixman_region_not_empty
[1;36mdebug: [0mc_header: parsed function pixman_region_not_empty with 1 params (varargs=0) at line 3363
[1;36mdebug: [0mc_header: w_name=pixman_region_extents
[1;36mdebug: [0mc_header: parsed function pixman_region_extents with 1 params (varargs=0) at line 3366
[1;36mdebug: [0mc_header: w_name=pixman_region_n_rects
[1;36mdebug: [0mc_header: parsed function pixman_region_n_rects with 1 params (varargs=0) at line 3369
[1;36mdebug: [0mc_header: w_name=pixman_region_rectangles
[1;36mdebug: [0mc_header: parsed function pixman_region_rectangles with 2 params (varargs=0) at line 3373
[1;36mdebug: [0mc_header: w_name=pixman_region_equal
[1;36mdebug: [0mc_header: parsed function pixman_region_equal with 2 params (varargs=0) at line 3377
[1;36mdebug: [0mc_header: w_name=pixman_region_selfcheck
[1;36mdebug: [0mc_header: parsed function pixman_region_selfcheck with 1 params (varargs=0) at line 3380
[1;36mdebug: [0mc_header: w_name=pixman_region_reset
[1;36mdebug: [0mc_header: parsed function pixman_region_reset with 2 params (varargs=0) at line 3384
[1;36mdebug: [0mc_header: w_name=pixman_region_clear
[1;36mdebug: [0mc_header: parsed function pixman_region_clear with 1 params (varargs=0) at line 3387
[1;36mdebug: [0mc_header: LOOP START token=73 line=3397 text='long'
[1;36mdebug: [0mc_header: LOOP START token=73 line=3398 text='long'
[1;36mdebug: [0mc_header: LOOP START token=1 line=3404 text='int32_t'
[1;36mdebug: [0mc_header: LOOP START token=1 line=3405 text='uint32_t'
[1;36mdebug: [0mc_header: LOOP START token=1 line=3410 text='int32_t'
[1;36mdebug: [0mc_header: LOOP START token=1 line=3415 text='pixman_box32_t'
[1;36mdebug: [0mc_header: LOOP START token=1 line=3416 text='pixman_region32_data_t'
[1;36mdebug: [0mc_header: w_name=pixman_region32_init
[1;36mdebug: [0mc_header: parsed function pixman_region32_init with 1 params (varargs=0) at line 3421
[1;36mdebug: [0mc_header: w_name=pixman_region32_init_rect
[1;36mdebug: [0mc_header: parsed function pixman_region32_init_rect with 5 params (varargs=0) at line 3428
[1;36mdebug: [0mc_header: w_name=pixman_region32_init_rects
[1;36mdebug: [0mc_header: parsed function pixman_region32_init_rects with 3 params (varargs=0) at line 3433
[1;36mdebug: [0mc_header: w_name=pixman_region32_init_with_extents
[1;36mdebug: [0mc_header: parsed function pixman_region32_init_with_extents with 2 params (varargs=0) at line 3437
[1;36mdebug: [0mc_header: w_name=pixman_region32_init_from_image
[1;36mdebug: [0mc_header: parsed function pixman_region32_init_from_image with 2 params (varargs=0) at line 3441
[1;36mdebug: [0mc_header: w_name=pixman_region32_fini
[1;36mdebug: [0mc_header: parsed function pixman_region32_fini with 1 params (varargs=0) at line 3444
[1;36mdebug: [0mc_header: w_name=pixman_region32_translate
[1;36mdebug: [0mc_header: parsed function pixman_region32_translate with 3 params (varargs=0) at line 3451
[1;36mdebug: [0mc_header: w_name=pixman_region32_copy
[1;36mdebug: [0mc_header: parsed function pixman_region32_copy with 2 params (varargs=0) at line 3455
[1;36mdebug: [0mc_header: w_name=pixman_region32_intersect
[1;36mdebug: [0mc_header: parsed function pixman_region32_intersect with 3 params (varargs=0) at line 3460
[1;36mdebug: [0mc_header: w_name=pixman_region32_union
[1;36mdebug: [0mc_header: parsed function pixman_region32_union with 3 params (varargs=0) at line 3465
[1;36mdebug: [0mc_header: w_name=pixman_region32_intersect_rect
[1;36mdebug: [0mc_header: parsed function pixman_region32_intersect_rect with 6 params (varargs=0) at line 3473
[1;36mdebug: [0mc_header: w_name=pixman_region32_union_rect
[1;36mdebug: [0mc_header: parsed function pixman_region32_union_rect with 6 params (varargs=0) at line 3481
[1;36mdebug: [0mc_header: w_name=pixman_region32_subtract
[1;36mdebug: [0mc_header: parsed function pixman_region32_subtract with 3 params (varargs=0) at line 3486
[1;36mdebug: [0mc_header: w_name=pixman_region32_inverse
[1;36mdebug: [0mc_header: parsed function pixman_region32_inverse with 3 params (varargs=0) at line 3491
[1;36mdebug: [0mc_header: w_name=pixman_region32_contains_point
[1;36mdebug: [0mc_header: parsed function pixman_region32_contains_point with 4 params (varargs=0) at line 3497
[1;36mdebug: [0mc_header: w_name=pixman_region32_contains_rectangle
[1;36mdebug: [0mc_header: parsed function pixman_region32_contains_rectangle with 2 params (varargs=0) at line 3501
[1;36mdebug: [0mc_header: w_name=pixman_region32_empty
[1;36mdebug: [0mc_header: parsed function pixman_region32_empty with 1 params (varargs=0) at line 3504
[1;36mdebug: [0mc_header: w_name=pixman_region32_not_empty
[1;36mdebug: [0mc_header: parsed function pixman_region32_not_empty with 1 params (varargs=0) at line 3507
[1;36mdebug: [0mc_header: w_name=pixman_region32_extents
[1;36mdebug: [0mc_header: parsed function pixman_region32_extents with 1 params (varargs=0) at line 3510
[1;36mdebug: [0mc_header: w_name=pixman_region32_n_rects
[1;36mdebug: [0mc_header: parsed function pixman_region32_n_rects with 1 params (varargs=0) at line 3513
[1;36mdebug: [0mc_header: w_name=pixman_region32_rectangles
[1;36mdebug: [0mc_header: parsed function pixman_region32_rectangles with 2 params (varargs=0) at line 3517
[1;36mdebug: [0mc_header: w_name=pixman_region32_equal
[1;36mdebug: [0mc_header: parsed function pixman_region32_equal with 2 params (varargs=0) at line 3521
[1;36mdebug: [0mc_header: w_name=pixman_region32_selfcheck
[1;36mdebug: [0mc_header: parsed function pixman_region32_selfcheck with 1 params (varargs=0) at line 3524
[1;36mdebug: [0mc_header: w_name=pixman_region32_reset
[1;36mdebug: [0mc_header: parsed function pixman_region32_reset with 2 params (varargs=0) at line 3528
[1;36mdebug: [0mc_header: w_name=pixman_region32_clear
[1;36mdebug: [0mc_header: parsed function pixman_region32_clear with 1 params (varargs=0) at line 3531
[1;36mdebug: [0mc_header: LOOP START token=73 line=3541 text='long'
[1;36mdebug: [0mc_header: LOOP START token=73 line=3542 text='long'
[1;36mdebug: [0mc_header: LOOP START token=63 line=3548 text='double'
[1;36mdebug: [0mc_header: LOOP START token=63 line=3549 text='double'
[1;36mdebug: [0mc_header: LOOP START token=63 line=3554 text='double'
[1;36mdebug: [0mc_header: LOOP START token=1 line=3559 text='pixman_box64f_t'
[1;36mdebug: [0mc_header: LOOP START token=1 line=3560 text='pixman_region64f_data_t'
[1;36mdebug: [0mc_header: w_name=pixman_region64f_init
[1;36mdebug: [0mc_header: parsed function pixman_region64f_init with 1 params (varargs=0) at line 3565
[1;36mdebug: [0mc_header: w_name=pixman_region64f_init_rect
[1;36mdebug: [0mc_header: parsed function pixman_region64f_init_rect with 5 params (varargs=0) at line 3572
[1;36mdebug: [0mc_header: w_name=pixman_region64f_init_rectf
[1;36mdebug: [0mc_header: parsed function pixman_region64f_init_rectf with 5 params (varargs=0) at line 3579
[1;36mdebug: [0mc_header: w_name=pixman_region64f_init_rects
[1;36mdebug: [0mc_header: parsed function pixman_region64f_init_rects with 3 params (varargs=0) at line 3584
[1;36mdebug: [0mc_header: w_name=pixman_region64f_init_with_extents
[1;36mdebug: [0mc_header: parsed function pixman_region64f_init_with_extents with 2 params (varargs=0) at line 3588
[1;36mdebug: [0mc_header: w_name=pixman_region64f_init_from_image
[1;36mdebug: [0mc_header: parsed function pixman_region64f_init_from_image with 2 params (varargs=0) at line 3592
[1;36mdebug: [0mc_header: w_name=pixman_region64f_fini
[1;36mdebug: [0mc_header: parsed function pixman_region64f_fini with 1 params (varargs=0) at line 3595
[1;36mdebug: [0mc_header: w_name=pixman_region64f_translate
[1;36mdebug: [0mc_header: parsed function pixman_region64f_translate with 3 params (varargs=0) at line 3602
[1;36mdebug: [0mc_header: w_name=pixman_region64f_translatef
[1;36mdebug: [0mc_header: parsed function pixman_region64f_translatef with 3 params (varargs=0) at line 3607
[1;36mdebug: [0mc_header: w_name=pixman_region64f_copy
[1;36mdebug: [0mc_header: parsed function pixman_region64f_copy with 2 params (varargs=0) at line 3611
[1;36mdebug: [0mc_header: w_name=pixman_region64f_intersect
[1;36mdebug: [0mc_header: parsed function pixman_region64f_intersect with 3 params (varargs=0) at line 3616
[1;36mdebug: [0mc_header: w_name=pixman_region64f_union
[1;36mdebug: [0mc_header: parsed function pixman_region64f_union with 3 params (varargs=0) at line 3621
[1;36mdebug: [0mc_header: w_name=pixman_region64f_intersect_rect
[1;36mdebug: [0mc_header: parsed function pixman_region64f_intersect_rect with 6 params (varargs=0) at line 3629
[1;36mdebug: [0mc_header: w_name=pixman_region64f_intersect_rectf
[1;36mdebug: [0mc_header: parsed function pixman_region64f_intersect_rectf with 6 params (varargs=0) at line 3637
[1;36mdebug: [0mc_header: w_name=pixman_region64f_union_rect
[1;36mdebug: [0mc_header: parsed function pixman_region64f_union_rect with 6 params (varargs=0) at line 3645
[1;36mdebug: [0mc_header: w_name=pixman_region64f_union_rectf
[1;36mdebug: [0mc_header: parsed function pixman_region64f_union_rectf with 6 params (varargs=0) at line 3653
[1;36mdebug: [0mc_header: w_name=pixman_region64f_subtract
[1;36mdebug: [0mc_header: parsed function pixman_region64f_subtract with 3 params (varargs=0) at line 3658
[1;36mdebug: [0mc_header: w_name=pixman_region64f_inverse
[1;36mdebug: [0mc_header: parsed function pixman_region64f_inverse with 3 params (varargs=0) at line 3663
[1;36mdebug: [0mc_header: w_name=pixman_region64f_contains_point
[1;36mdebug: [0mc_header: parsed function pixman_region64f_contains_point with 4 params (varargs=0) at line 3669
[1;36mdebug: [0mc_header: w_name=pixman_region64f_contains_pointf
[1;36mdebug: [0mc_header: parsed function pixman_region64f_contains_pointf with 4 params (varargs=0) at line 3675
[1;36mdebug: [0mc_header: w_name=pixman_region64f_contains_rectangle
[1;36mdebug: [0mc_header: parsed function pixman_region64f_contains_rectangle with 2 params (varargs=0) at line 3679
[1;36mdebug: [0mc_header: w_name=pixman_region64f_empty
[1;36mdebug: [0mc_header: parsed function pixman_region64f_empty with 1 params (varargs=0) at line 3682
[1;36mdebug: [0mc_header: w_name=pixman_region64f_not_empty
[1;36mdebug: [0mc_header: parsed function pixman_region64f_not_empty with 1 params (varargs=0) at line 3685
[1;36mdebug: [0mc_header: w_name=pixman_region64f_extents
[1;36mdebug: [0mc_header: parsed function pixman_region64f_extents with 1 params (varargs=0) at line 3688
[1;36mdebug: [0mc_header: w_name=pixman_region64f_n_rects
[1;36mdebug: [0mc_header: parsed function pixman_region64f_n_rects with 1 params (varargs=0) at line 3691
[1;36mdebug: [0mc_header: w_name=pixman_region64f_rectangles
[1;36mdebug: [0mc_header: parsed function pixman_region64f_rectangles with 2 params (varargs=0) at line 3695
[1;36mdebug: [0mc_header: w_name=pixman_region64f_equal
[1;36mdebug: [0mc_header: parsed function pixman_region64f_equal with 2 params (varargs=0) at line 3699
[1;36mdebug: [0mc_header: w_name=pixman_region64f_selfcheck
[1;36mdebug: [0mc_header: parsed function pixman_region64f_selfcheck with 1 params (varargs=0) at line 3702
[1;36mdebug: [0mc_header: w_name=pixman_region64f_reset
[1;36mdebug: [0mc_header: parsed function pixman_region64f_reset with 2 params (varargs=0) at line 3706
[1;36mdebug: [0mc_header: w_name=pixman_region64f_clear
[1;36mdebug: [0mc_header: parsed function pixman_region64f_clear with 1 params (varargs=0) at line 3709
[1;36mdebug: [0mc_header: w_name=pixman_blt
[1;36mdebug: [0mc_header: parsed function pixman_blt with 12 params (varargs=0) at line 3725
[1;36mdebug: [0mc_header: w_name=pixman_fill
[1;36mdebug: [0mc_header: parsed function pixman_fill with 8 params (varargs=0) at line 3735
[1;36mdebug: [0mc_header: w_name=pixman_version
[1;36mdebug: [0mc_header: parsed function pixman_version with 0 params (varargs=0) at line 3739
[1;36mdebug: [0mc_header: w_name=pixman_version_string
[1;36mdebug: [0mc_header: parsed function pixman_version_string with 0 params (varargs=0) at line 3742
[1;36mdebug: [0mc_header: LOOP START token=1 line=3756 text='pixman_fixed_t'
[1;36mdebug: [0mc_header: LOOP START token=1 line=3757 text='pixman_color_t'
[1;36mdebug: [0mc_header: LOOP START token=1 line=3768 text='pixman_bool_t'
[1;36mdebug: [0mc_header: LOOP START token=1 line=3769 text='uint32_t'
[1;36mdebug: [0mc_header: LOOP START token=1 line=3770 text='pixman_index_type'
[1;36mdebug: [0mc_header: LOOP START token=1
[1;36mdebug: [0mc_header: LOOP START token=1
[1;36mdebug: [0mc_header: LOOP START token=1
[1;36mdebug: [0mc_header: LOOP START token=1
[1;36mdebug: [0mc_header: LOOP START token=1
[1;36mdebug: [0mc_header: LOOP START token=1
[1;36mdebug: [0mc_header: LOOP START token=1
[1;36mdebug: [0mc_header: LOOP START token=1
[1;36mdebug: [0mc_header: LOOP START token=1
[1;36mdebug: [0mc_header: LOOP START token=1
[1;36mdebug: [0mc_header: LOOP START token=1
[1;36mdebug: [0mc_header: LOOP START token=1
[1;36mdebug: [0mc_header: LOOP START token=1
[1;36mdebug: [0mc_header: LOOP START token=1
[1;36mdebug: [0mc_header: LOOP START token=1
[1;36mdebug: [0mc_header: LOOP START token=1
[1;36mdebug: [0mc_header: LOOP START token=1
[1;36mdebug: [0mc_header: LOOP START token=1
[1;36mdebug: [0mc_header: LOOP START token=1
[1;36mdebug: [0mc_header: LOOP START token=1
[1;36mdebug: [0mc_header: LOOP START token=1
[1;36mdebug: [0mc_header: LOOP START token=1
[1;36mdebug: [0mc_header: LOOP START token=1
[1;36mdebug: [0mc_header: LOOP START token=1
[1;36mdebug: [0mc_header: LOOP START token=1
[1;36mdebug: [0mc_header: LOOP START token=1
[1;36mdebug: [0mc_header: LOOP START token=1
[1;36mdebug: [0mc_header: LOOP START token=1
[1;36mdebug: [0mc_header: LOOP START token=1
[1;36mdebug: [0mc_header: LOOP START token=1
[1;36mdebug: [0mc_header: LOOP START token=1
[1;36mdebug: [0mc_header: LOOP START token=1
[1;36mdebug: [0mc_header: LOOP START token=1
[1;36mdebug: [0mc_header: LOOP START token=1
[1;36mdebug: [0mc_header: LOOP START token=1
[1;36mdebug: [0mc_header: LOOP START token=1
[1;36mdebug: [0mc_header: LOOP START token=1
[1;36mdebug: [0mc_header: LOOP START token=1
[1;36mdebug: [0mc_header: LOOP START token=1
[1;36mdebug: [0mc_header: LOOP START token=1
[1;36mdebug: [0mc_header: LOOP START token=1
[1;36mdebug: [0mc_header: LOOP START token=1
[1;36mdebug: [0mc_header: LOOP START token=1
[1;36mdebug: [0mc_header: LOOP START token=1
[1;36mdebug: [0mc_header: LOOP START token=1
[1;36mdebug: [0mc_header: LOOP START token=1
[1;36mdebug: [0mc_header: LOOP START token=1
[1;36mdebug: [0mc_header: LOOP START token=1
[1;36mdebug: [0mc_header: LOOP START token=1
[1;36mdebug: [0mc_header: LOOP START token=1
[1;36mdebug: [0mc_header: LOOP START token=1
[1;36mdebug: [0mc_header: w_name=pixman_format_supported_destination
[1;36mdebug: [0mc_header: parsed function pixman_format_supported_destination with 1 params (varargs=0) at line 3856
[1;36mdebug: [0mc_header: w_name=pixman_format_supported_source
[1;36mdebug: [0mc_header: parsed function pixman_format_supported_source with 1 params (varargs=0) at line 3859
[1;36mdebug: [0mc_header: w_name=pixman_image_create_solid_fill
[1;36mdebug: [0mc_header: parsed function pixman_image_create_solid_fill with 1 params (varargs=0) at line 3863
[1;36mdebug: [0mc_header: w_name=pixman_image_create_linear_gradient
[1;36mdebug: [0mc_header: parsed function pixman_image_create_linear_gradient with 4 params (varargs=0) at line 3869
[1;36mdebug: [0mc_header: w_name=pixman_image_create_radial_gradient
[1;36mdebug: [0mc_header: parsed function pixman_image_create_radial_gradient with 6 params (varargs=0) at line 3877
[1;36mdebug: [0mc_header: w_name=pixman_image_create_conical_gradient
[1;36mdebug: [0mc_header: parsed function pixman_image_create_conical_gradient with 4 params (varargs=0) at line 3883
[1;36mdebug: [0mc_header: w_name=pixman_image_create_bits
[1;36mdebug: [0mc_header: parsed function pixman_image_create_bits with 5 params (varargs=0) at line 3890
[1;36mdebug: [0mc_header: w_name=pixman_image_create_bits_no_clear
[1;36mdebug: [0mc_header: parsed function pixman_image_create_bits_no_clear with 5 params (varargs=0) at line 3897
[1;36mdebug: [0mc_header: w_name=pixman_image_ref
[1;36mdebug: [0mc_header: parsed function pixman_image_ref with 1 params (varargs=0) at line 3901
[1;36mdebug: [0mc_header: w_name=pixman_image_unref
[1;36mdebug: [0mc_header: parsed function pixman_image_unref with 1 params (varargs=0) at line 3904
[1;36mdebug: [0mc_header: w_name=pixman_image_set_destroy_function
[1;36mdebug: [0mc_header: parsed function pixman_image_set_destroy_function with 3 params (varargs=0) at line 3910
[1;36mdebug: [0mc_header: w_name=pixman_image_get_destroy_data
[1;36mdebug: [0mc_header: parsed function pixman_image_get_destroy_data with 1 params (varargs=0) at line 3913
[1;36mdebug: [0mc_header: w_name=pixman_image_set_clip_region
[1;36mdebug: [0mc_header: parsed function pixman_image_set_clip_region with 2 params (varargs=0) at line 3918
[1;36mdebug: [0mc_header: w_name=pixman_image_set_clip_region32
[1;36mdebug: [0mc_header: parsed function pixman_image_set_clip_region32 with 2 params (varargs=0) at line 3922
[1;36mdebug: [0mc_header: w_name=pixman_image_set_clip_region64f
[1;36mdebug: [0mc_header: parsed function pixman_image_set_clip_region64f with 2 params (varargs=0) at line 3926
[1;36mdebug: [0mc_header: w_name=pixman_image_set_has_client_clip
[1;36mdebug: [0mc_header: parsed function pixman_image_set_has_client_clip with 2 params (varargs=0) at line 3930
[1;36mdebug: [0mc_header: w_name=pixman_image_set_transform
[1;36mdebug: [0mc_header: parsed function pixman_image_set_transform with 2 params (varargs=0) at line 3934
[1;36mdebug: [0mc_header: w_name=pixman_image_set_repeat
[1;36mdebug: [0mc_header: parsed function pixman_image_set_repeat with 2 params (varargs=0) at line 3938
[1;36mdebug: [0mc_header: w_name=pixman_image_set_dither
[1;36mdebug: [0mc_header: parsed function pixman_image_set_dither with 2 params (varargs=0) at line 3942
[1;36mdebug: [0mc_header: w_name=pixman_image_set_dither_offset
[1;36mdebug: [0mc_header: parsed function pixman_image_set_dither_offset with 3 params (varargs=0) at line 3947
[1;36mdebug: [0mc_header: w_name=pixman_image_set_filter
[1;36mdebug: [0mc_header: parsed function pixman_image_set_filter with 4 params (varargs=0) at line 3953
[1;36mdebug: [0mc_header: w_name=pixman_image_set_source_clipping
[1;36mdebug: [0mc_header: parsed function pixman_image_set_source_clipping with 2 params (varargs=0) at line 3957
[1;36mdebug: [0mc_header: w_name=pixman_image_set_alpha_map
[1;36mdebug: [0mc_header: parsed function pixman_image_set_alpha_map with 4 params (varargs=0) at line 3963
[1;36mdebug: [0mc_header: w_name=pixman_image_set_component_alpha
[1;36mdebug: [0mc_header: parsed function pixman_image_set_component_alpha with 2 params (varargs=0) at line 3967
[1;36mdebug: [0mc_header: w_name=pixman_image_get_component_alpha
[1;36mdebug: [0mc_header: parsed function pixman_image_get_component_alpha with 1 params (varargs=0) at line 3970
[1;36mdebug: [0mc_header: w_name=pixman_image_set_accessors
[1;36mdebug: [0mc_header: parsed function pixman_image_set_accessors with 3 params (varargs=0) at line 3975
[1;36mdebug: [0mc_header: w_name=pixman_image_set_indexed
[1;36mdebug: [0mc_header: parsed function pixman_image_set_indexed with 2 params (varargs=0) at line 3979
[1;36mdebug: [0mc_header: w_name=pixman_image_get_data
[1;36mdebug: [0mc_header: parsed function pixman_image_get_data with 1 params (varargs=0) at line 3982
[1;36mdebug: [0mc_header: w_name=pixman_image_get_width
[1;36mdebug: [0mc_header: parsed function pixman_image_get_width with 1 params (varargs=0) at line 3985
[1;36mdebug: [0mc_header: w_name=pixman_image_get_height
[1;36mdebug: [0mc_header: parsed function pixman_image_get_height with 1 params (varargs=0) at line 3988
[1;36mdebug: [0mc_header: w_name=pixman_image_get_stride
[1;36mdebug: [0mc_header: parsed function pixman_image_get_stride with 1 params (varargs=0) at line 3991
[1;36mdebug: [0mc_header: w_name=pixman_image_get_depth
[1;36mdebug: [0mc_header: parsed function pixman_image_get_depth with 1 params (varargs=0) at line 3994
[1;36mdebug: [0mc_header: w_name=pixman_image_get_format
[1;36mdebug: [0mc_header: parsed function pixman_image_get_format with 1 params (varargs=0) at line 3997
[1;36mdebug: [0mc_header: LOOP START token=1
[1;36mdebug: [0mc_header: LOOP START token=1
[1;36mdebug: [0mc_header: LOOP START token=1
[1;36mdebug: [0mc_header: LOOP START token=1
[1;36mdebug: [0mc_header: LOOP START token=1
[1;36mdebug: [0mc_header: LOOP START token=1
[1;36mdebug: [0mc_header: LOOP START token=1
[1;36mdebug: [0mc_header: LOOP START token=1
[1;36mdebug: [0mc_header: w_name=pixman_filter_create_separable_convolution
[1;36mdebug: [0mc_header: parsed function pixman_filter_create_separable_convolution with 9 params (varargs=0) at line 4024
[1;36mdebug: [0mc_header: w_name=pixman_image_fill_rectangles
[1;36mdebug: [0mc_header: parsed function pixman_image_fill_rectangles with 5 params (varargs=0) at line 4032
[1;36mdebug: [0mc_header: w_name=pixman_image_fill_boxes
[1;36mdebug: [0mc_header: parsed function pixman_image_fill_boxes with 5 params (varargs=0) at line 4039
[1;36mdebug: [0mc_header: w_name=pixman_compute_composite_region
[1;36mdebug: [0mc_header: parsed function pixman_compute_composite_region with 12 params (varargs=0) at line 4054
[1;36mdebug: [0mc_header: w_name=pixman_image_composite
[1;36mdebug: [0mc_header: parsed function pixman_image_composite with 12 params (varargs=0) at line 4068
[1;36mdebug: [0mc_header: w_name=pixman_image_composite32
[1;36mdebug: [0mc_header: parsed function pixman_image_composite32 with 12 params (varargs=0) at line 4082
[1;36mdebug: [0mc_header: w_name=pixman_image_composite64f
[1;36mdebug: [0mc_header: parsed function pixman_image_composite64f with 12 params (varargs=0) at line 4096
[1;36mdebug: [0mc_header: w_name=pixman_disable_out_of_bounds_workaround
[1;36mdebug: [0mc_header: parsed function pixman_disable_out_of_bounds_workaround with 0 params (varargs=0) at line 4099
[1;36mdebug: [0mc_header: LOOP START token=72
[1;36mdebug: [0mc_header: LOOP START token=1
[1;36mdebug: [0mc_header: LOOP START token=59
[1;36mdebug: [0mc_header: w_name=pixman_glyph_cache_create
[1;36mdebug: [0mc_header: parsed function pixman_glyph_cache_create with 0 params (varargs=0) at line 4112
[1;36mdebug: [0mc_header: w_name=pixman_glyph_cache_destroy
[1;36mdebug: [0mc_header: parsed function pixman_glyph_cache_destroy with 1 params (varargs=0) at line 4115
[1;36mdebug: [0mc_header: w_name=pixman_glyph_cache_freeze
[1;36mdebug: [0mc_header: parsed function pixman_glyph_cache_freeze with 1 params (varargs=0) at line 4118
[1;36mdebug: [0mc_header: w_name=pixman_glyph_cache_thaw
[1;36mdebug: [0mc_header: parsed function pixman_glyph_cache_thaw with 1 params (varargs=0) at line 4121
[1;36mdebug: [0mc_header: w_name=pixman_glyph_cache_lookup
[1;36mdebug: [0mc_header: parsed function pixman_glyph_cache_lookup with 3 params (varargs=0) at line 4126
[1;36mdebug: [0mc_header: w_name=pixman_glyph_cache_insert
[1;36mdebug: [0mc_header: parsed function pixman_glyph_cache_insert with 6 params (varargs=0) at line 4134
[1;36mdebug: [0mc_header: w_name=pixman_glyph_cache_remove
[1;36mdebug: [0mc_header: parsed function pixman_glyph_cache_remove with 3 params (varargs=0) at line 4139
[1;36mdebug: [0mc_header: w_name=pixman_glyph_get_extents
[1;36mdebug: [0mc_header: parsed function pixman_glyph_get_extents with 4 params (varargs=0) at line 4145
[1;36mdebug: [0mc_header: w_name=pixman_glyph_get_mask_format
[1;36mdebug: [0mc_header: parsed function pixman_glyph_get_mask_format with 3 params (varargs=0) at line 4150
[1;36mdebug: [0mc_header: w_name=pixman_composite_glyphs
[1;36mdebug: [0mc_header: parsed function pixman_composite_glyphs with 15 params (varargs=0) at line 4167
[1;36mdebug: [0mc_header: w_name=pixman_composite_glyphs_no_mask
[1;36mdebug: [0mc_header: parsed function pixman_composite_glyphs_no_mask with 10 params (varargs=0) at line 4179
[1;36mdebug: [0mc_header: LOOP START token=1 line=4197 text='pixman_fixed_t'
[1;36mdebug: [0mc_header: LOOP START token=1 line=4198 text='pixman_fixed_t'
[1;36mdebug: [0mc_header: LOOP START token=1 line=4199 text='pixman_fixed_t'
[1;36mdebug: [0mc_header: LOOP START token=1 line=4200 text='pixman_fixed_t'
[1;36mdebug: [0mc_header: LOOP START token=1 line=4201 text='pixman_fixed_t'
[1;36mdebug: [0mc_header: LOOP START token=1 line=4202 text='pixman_fixed_t'
[1;36mdebug: [0mc_header: LOOP START token=1 line=4204 text='pixman_fixed_t'
[1;36mdebug: [0mc_header: LOOP START token=1 line=4205 text='pixman_fixed_t'
[1;36mdebug: [0mc_header: LOOP START token=1 line=4206 text='pixman_fixed_t'
[1;36mdebug: [0mc_header: LOOP START token=1 line=4207 text='pixman_fixed_t'
[1;36mdebug: [0mc_header: LOOP START token=1 line=4212 text='pixman_fixed_t'
[1;36mdebug: [0mc_header: LOOP START token=1 line=4213 text='pixman_line_fixed_t'
[1;36mdebug: [0mc_header: LOOP START token=1 line=4218 text='pixman_point_fixed_t'
[1;36mdebug: [0mc_header: LOOP START token=1 line=4229 text='pixman_fixed_t'
[1;36mdebug: [0mc_header: LOOP START token=1 line=4234 text='pixman_span_fix_t'
[1;36mdebug: [0mc_header: w_name=pixman_sample_ceil_y
[1;36mdebug: [0mc_header: parsed function pixman_sample_ceil_y with 2 params (varargs=0) at line 4239
[1;36mdebug: [0mc_header: w_name=pixman_sample_floor_y
[1;36mdebug: [0mc_header: parsed function pixman_sample_floor_y with 2 params (varargs=0) at line 4243
[1;36mdebug: [0mc_header: w_name=pixman_edge_step
[1;36mdebug: [0mc_header: parsed function pixman_edge_step with 2 params (varargs=0) at line 4247
[1;36mdebug: [0mc_header: w_name=pixman_edge_init
[1;36mdebug: [0mc_header: parsed function pixman_edge_init with 7 params (varargs=0) at line 4256
[1;36mdebug: [0mc_header: w_name=pixman_line_fixed_edge_init
[1;36mdebug: [0mc_header: parsed function pixman_line_fixed_edge_init with 6 params (varargs=0) at line 4264
[1;36mdebug: [0mc_header: w_name=pixman_rasterize_edges
[1;36mdebug: [0mc_header: parsed function pixman_rasterize_edges with 5 params (varargs=0) at line 4271
[1;36mdebug: [0mc_header: w_name=pixman_add_traps
[1;36mdebug: [0mc_header: parsed function pixman_add_traps with 5 params (varargs=0) at line 4278
[1;36mdebug: [0mc_header: w_name=pixman_add_trapezoids
[1;36mdebug: [0mc_header: parsed function pixman_add_trapezoids with 5 params (varargs=0) at line 4285
[1;36mdebug: [0mc_header: w_name=pixman_rasterize_trapezoid
[1;36mdebug: [0mc_header: parsed function pixman_rasterize_trapezoid with 4 params (varargs=0) at line 4291
[1;36mdebug: [0mc_header: w_name=pixman_composite_trapezoids
[1;36mdebug: [0mc_header: parsed function pixman_composite_trapezoids with 10 params (varargs=0) at line 4303
[1;36mdebug: [0mc_header: w_name=pixman_composite_triangles
[1;36mdebug: [0mc_header: parsed function pixman_composite_triangles with 10 params (varargs=0) at line 4315
[1;36mdebug: [0mc_header: w_name=pixman_add_triangles
[1;36mdebug: [0mc_header: parsed function pixman_add_triangles with 5 params (varargs=0) at line 4322
[1;36mdebug: [0mc_header: LOOP START token=72 line=4357 text='int'
[1;36mdebug: [0mc_header: LOOP START token=72 line=4358 text='int'
[1;36mdebug: [0mc_header: LOOP START token=72 line=4359 text='int'
[1;36mdebug: [0mc_header: LOOP START token=72 line=4360 text='int'
[1;36mdebug: [0mc_header: LOOP START token=72 line=4361 text='int'
[1;36mdebug: [0mc_header: LOOP START token=72 line=4362 text='int'
[1;36mdebug: [0mc_header: LOOP START token=72 line=4363 text='int'
[1;36mdebug: [0mc_header: LOOP START token=72 line=4364 text='int'
[1;36mdebug: [0mc_header: LOOP START token=72 line=4365 text='int'
[1;36mdebug: [0mc_header: LOOP START token=73 line=4368 text='long'
[1;36mdebug: [0mc_header: LOOP START token=59 line=4369 text='const'
[1;36mdebug: [0mc_header: LOOP START token=81 line=4387 text='struct'
[1;36mdebug: [0mc_header: LOOP START token=81 line=4388 text='struct'
[1;36mdebug: [0mc_header: LOOP START token=81 line=4400 text='struct'
[1;36mdebug: [0mc_header: LOOP START token=59 line=4403 text='const'
[1;36mdebug: [0mc_header: LOOP START token=59 line=4404 text='const'
[1;36mdebug: [0mc_header: LOOP START token=59 line=4405 text='const'
[1;36mdebug: [0mc_header: LOOP START token=59 line=4408 text='const'
[1;36mdebug: [0mc_header: w_name=clock
[1;36mdebug: [0mc_header: parsed function clock with 0 params (varargs=0) at line 4421
[1;36mdebug: [0mc_header: w_name=time
[1;36mdebug: [0mc_header: parsed function time with 1 params (varargs=0) at line 4425
[1;36mdebug: [0mc_header: w_name=difftime
[1;36mdebug: [0mc_header: parsed function difftime with 2 params (varargs=0) at line 4428
[1;36mdebug: [0mc_header: w_name=mktime
[1;36mdebug: [0mc_header: parsed function mktime with 1 params (varargs=0) at line 4431
[1;36mdebug: [0mc_header: w_name=strftime
[1;36mdebug: [0mc_header: parsed function strftime with 4 params (varargs=0) at line 4436
[1;36mdebug: [0mc_header: w_name=strftime_l
[1;36mdebug: [0mc_header: parsed function strftime_l with 5 params (varargs=0) at line 4441
[1;36mdebug: [0mc_header: w_name=gmtime
[1;36mdebug: [0mc_header: parsed function gmtime with 1 params (varargs=0) at line 4443
[1;36mdebug: [0mc_header: w_name=localtime
[1;36mdebug: [0mc_header: parsed function localtime with 1 params (varargs=0) at line 4447
[1;36mdebug: [0mc_header: w_name=gmtime_r
[1;36mdebug: [0mc_header: parsed function gmtime_r with 2 params (varargs=0) at line 4450
[1;36mdebug: [0mc_header: w_name=localtime_r
[1;36mdebug: [0mc_header: parsed function localtime_r with 2 params (varargs=0) at line 4455
[1;36mdebug: [0mc_header: w_name=asctime
[1;36mdebug: [0mc_header: parsed function asctime with 1 params (varargs=0) at line 4457
[1;36mdebug: [0mc_header: w_name=ctime
[1;36mdebug: [0mc_header: parsed function ctime with 1 params (varargs=0) at line 4461
[1;36mdebug: [0mc_header: w_name=asctime_r
[1;36mdebug: [0mc_header: parsed function asctime_r with 2 params (varargs=0) at line 4464
[1;36mdebug: [0mc_header: w_name=ctime_r
[1;36mdebug: [0mc_header: parsed function ctime_r with 2 params (varargs=0) at line 4469
[1;36mdebug: [0mc_header: w_name=tzset
[1;36mdebug: [0mc_header: parsed function tzset with 0 params (varargs=0) at line 4482
[1;36mdebug: [0mc_header: w_name=timegm
[1;36mdebug: [0mc_header: parsed function timegm with 1 params (varargs=0) at line 4489
[1;36mdebug: [0mc_header: w_name=timelocal
[1;36mdebug: [0mc_header: parsed function timelocal with 1 params (varargs=0) at line 4491
[1;36mdebug: [0mc_header: w_name=dysize
[1;36mdebug: [0mc_header: parsed function dysize with 1 params (varargs=0) at line 4499
[1;36mdebug: [0mc_header: w_name=nanosleep
[1;36mdebug: [0mc_header: parsed function nanosleep with 2 params (varargs=0) at line 4502
[1;36mdebug: [0mc_header: w_name=clock_getres
[1;36mdebug: [0mc_header: parsed function clock_getres with 2 params (varargs=0) at line 4505
[1;36mdebug: [0mc_header: w_name=clock_gettime
[1;36mdebug: [0mc_header: parsed function clock_gettime with 2 params (varargs=0) at line 4509
[1;36mdebug: [0mc_header: w_name=clock_settime
[1;36mdebug: [0mc_header: parsed function clock_settime with 2 params (varargs=0) at line 4513
[1;36mdebug: [0mc_header: w_name=clock_nanosleep
[1;36mdebug: [0mc_header: parsed function clock_nanosleep with 4 params (varargs=0) at line 4517
[1;36mdebug: [0mc_header: w_name=clock_getcpuclockid
[1;36mdebug: [0mc_header: parsed function clock_getcpuclockid with 2 params (varargs=0) at line 4519
[1;36mdebug: [0mc_header: w_name=timer_create
[1;36mdebug: [0mc_header: parsed function timer_create with 3 params (varargs=0) at line 4526
[1;36mdebug: [0mc_header: w_name=timer_delete
[1;36mdebug: [0mc_header: parsed function timer_delete with 0 params (varargs=0) at line 4529
[1;36mdebug: [0mc_header: w_name=timer_settime
[1;36mdebug: [0mc_header: parsed function timer_settime with 4 params (varargs=0) at line 4535
[1;36mdebug: [0mc_header: w_name=timer_gettime
[1;36mdebug: [0mc_header: parsed function timer_gettime with 2 params (varargs=0) at line 4539
[1;36mdebug: [0mc_header: w_name=timer_getoverrun
[1;36mdebug: [0mc_header: parsed function timer_getoverrun with 0 params (varargs=0) at line 4541
[1;36mdebug: [0mc_header: w_name=timespec_get
[1;36mdebug: [0mc_header: parsed function timespec_get with 2 params (varargs=0) at line 4549
[1;36mdebug: [0mc_header: w_name=timespec_getres
[1;36mdebug: [0mc_header: parsed function timespec_getres with 2 params (varargs=0) at line 4552
[1;36mdebug: [0mc_header: LOOP START token=59 line=4574 text='const'
[1;36mdebug: [0mc_header: LOOP START token=59 line=4575 text='const'
[1;36mdebug: [0mc_header: LOOP START token=1 line=4576 text='uint32_t'
[1;36mdebug: [0mc_header: LOOP START token=81 line=4580 text='struct'
[1;36mdebug: [0mc_header: LOOP START token=1 line=4581 text='wl_resource_destroy_func_t'
[1;36mdebug: [0mc_header: LOOP START token=81 line=4582 text='struct'
[1;36mdebug: [0mc_header: LOOP START token=81 line=4583 text='struct'
[1;36mdebug: [0mc_header: LOOP START token=81 line=4584 text='struct'
[1;36mdebug: [0mc_header: LOOP START token=86 line=4585 text='void'
[1;36mdebug: [0mc_header: LOOP START token=1
[1;36mdebug: [0mc_header: LOOP START token=1
[1;36mdebug: [0mc_header: LOOP START token=1
[1;36mdebug: [0mc_header: LOOP START token=1
[1;36mdebug: [0mc_header: w_name=wl_display_error_is_valid
[1;36mdebug: [0mc_header: parsed function wl_display_error_is_valid with 2 params (varargs=0) at line 4725
[1;36mdebug: [0mc_header: LOOP START token=86 line=4747 text='void'
[1;36mdebug: [0mc_header: LOOP START token=86 line=4751 text='void'
[1;36mdebug: [0mc_header: LOOP START token=86 line=4758 text='void'
[1;36mdebug: [0mc_header: w_name=wl_registry_send_global
[1;36mdebug: [0mc_header: parsed function wl_registry_send_global with 4 params (varargs=0) at line 4766
[1;36mdebug: [0mc_header: w_name=wl_registry_send_global_remove
[1;36mdebug: [0mc_header: parsed function wl_registry_send_global_remove with 2 params (varargs=0) at line 4778
[1;36mdebug: [0mc_header: w_name=wl_callback_send_done
[1;36mdebug: [0mc_header: parsed function wl_callback_send_done with 2 params (varargs=0) at line 4784
[1;36mdebug: [0mc_header: LOOP START token=86 line=4799 text='void'
[1;36mdebug: [0mc_header: LOOP START token=86 line=4808 text='void'
[1;36mdebug: [0mc_header: LOOP START token=86 line=4818 text='void'
[1;36mdebug: [0mc_header: LOOP START token=1
[1;36mdebug: [0mc_header: LOOP START token=1
[1;36mdebug: [0mc_header: w_name=wl_shm_pool_error_is_valid
[1;36mdebug: [0mc_header: parsed function wl_shm_pool_error_is_valid with 2 params (varargs=0) at line 4834
[1;36mdebug: [0mc_header: LOOP START token=86 line=4852 text='void'
[1;36mdebug: [0mc_header: LOOP START token=86 line=4861 text='void'
[1;36mdebug: [0mc_header: LOOP START token=86 line=4864 text='void'
[1;36mdebug: [0mc_header: LOOP START token=1
[1;36mdebug: [0mc_header: LOOP START token=1
[1;36mdebug: [0mc_header: LOOP START token=1
[1;36mdebug: [0mc_header: w_name=wl_shm_error_is_valid
[1;36mdebug: [0mc_header: parsed function wl_shm_error_is_valid with 2 params (varargs=0) at line 4886
[1;36mdebug: [0mc_header: LOOP START token=1
[1;36mdebug: [0mc_header: LOOP START token=1
[1;36mdebug: [0mc_header: LOOP START token=1
[1;36mdebug: [0mc_header: LOOP START token=1
[1;36mdebug: [0mc_header: LOOP START token=1
[1;36mdebug: [0mc_header: LOOP START token=1
[1;36mdebug: [0mc_header: LOOP START token=1
[1;36mdebug: [0mc_header: LOOP START token=1
[1;36mdebug: [0mc_header: LOOP START token=1
[1;36mdebug: [0mc_header: LOOP START token=1
[1;36mdebug: [0mc_header: LOOP START token=1
[1;36mdebug: [0mc_header: LOOP START token=1
[1;36mdebug: [0mc_header: LOOP START token=1
[1;36mdebug: [0mc_header: LOOP START token=1
[1;36mdebug: [0mc_header: LOOP START token=1
[1;36mdebug: [0mc_header: LOOP START token=1
[1;36mdebug: [0mc_header: LOOP START token=1
[1;36mdebug: [0mc_header: LOOP START token=1
[1;36mdebug: [0mc_header: LOOP START token=1
[1;36mdebug: [0mc_header: LOOP START token=1
[1;36mdebug: [0mc_header: LOOP START token=1
[1;36mdebug: [0mc_header: LOOP START token=1
[1;36mdebug: [0mc_header: LOOP START token=1
[1;36mdebug: [0mc_header: LOOP START token=1
[1;36mdebug: [0mc_header: LOOP START token=1
[1;36mdebug: [0mc_header: LOOP START token=1
[1;36mdebug: [0mc_header: LOOP START token=1
[1;36mdebug: [0mc_header: LOOP START token=1
[1;36mdebug: [0mc_header: LOOP START token=1
[1;36mdebug: [0mc_header: LOOP START token=1
[1;36mdebug: [0mc_header: LOOP START token=1
[1;36mdebug: [0mc_header: LOOP START token=1
[1;36mdebug: [0mc_header: LOOP START token=1
[1;36mdebug: [0mc_header: LOOP START token=1
[1;36mdebug: [0mc_header: LOOP START token=1
[1;36mdebug: [0mc_header: LOOP START token=1
[1;36mdebug: [0mc_header: LOOP START token=1
[1;36mdebug: [0mc_header: LOOP START token=1
[1;36mdebug: [0mc_header: LOOP START token=1
[1;36mdebug: [0mc_header: LOOP START token=1
[1;36mdebug: [0mc_header: LOOP START token=1
[1;36mdebug: [0mc_header: LOOP START token=1
[1;36mdebug: [0mc_header: LOOP START token=1
[1;36mdebug: [0mc_header: LOOP START token=1
[1;36mdebug: [0mc_header: LOOP START token=1
[1;36mdebug: [0mc_header: LOOP START token=1
[1;36mdebug: [0mc_header: LOOP START token=1
[1;36mdebug: [0mc_header: LOOP START token=1
[1;36mdebug: [0mc_header: LOOP START token=1
[1;36mdebug: [0mc_header: LOOP START token=1
[1;36mdebug: [0mc_header: LOOP START token=1
[1;36mdebug: [0mc_header: LOOP START token=1
[1;36mdebug: [0mc_header: LOOP START token=1
[1;36mdebug: [0mc_header: LOOP START token=1
[1;36mdebug: [0mc_header: LOOP START token=1
[1;36mdebug: [0mc_header: LOOP START token=1
[1;36mdebug: [0mc_header: LOOP START token=1
[1;36mdebug: [0mc_header: LOOP START token=1
[1;36mdebug: [0mc_header: LOOP START token=1
[1;36mdebug: [0mc_header: LOOP START token=1
[1;36mdebug: [0mc_header: LOOP START token=1
[1;36mdebug: [0mc_header: LOOP START token=1
[1;36mdebug: [0mc_header: LOOP START token=1
[1;36mdebug: [0mc_header: LOOP START token=1
[1;36mdebug: [0mc_header: LOOP START token=1
[1;36mdebug: [0mc_header: LOOP START token=1
[1;36mdebug: [0mc_header: LOOP START token=1
[1;36mdebug: [0mc_header: LOOP START token=1
[1;36mdebug: [0mc_header: LOOP START token=1
[1;36mdebug: [0mc_header: LOOP START token=1
[1;36mdebug: [0mc_header: LOOP START token=1
[1;36mdebug: [0mc_header: LOOP START token=1
[1;36mdebug: [0mc_header: LOOP START token=1
[1;36mdebug: [0mc_header: LOOP START token=1
[1;36mdebug: [0mc_header: LOOP START token=1
[1;36mdebug: [0mc_header: LOOP START token=1
[1;36mdebug: [0mc_header: LOOP START token=1
[1;36mdebug: [0mc_header: LOOP START token=1
[1;36mdebug: [0mc_header: LOOP START token=1
[1;36mdebug: [0mc_header: LOOP START token=1
[1;36mdebug: [0mc_header: LOOP START token=1
[1;36mdebug: [0mc_header: LOOP START token=1
[1;36mdebug: [0mc_header: LOOP START token=1
[1;36mdebug: [0mc_header: LOOP START token=1
[1;36mdebug: [0mc_header: LOOP START token=1
[1;36mdebug: [0mc_header: LOOP START token=1
[1;36mdebug: [0mc_header: LOOP START token=1
[1;36mdebug: [0mc_header: LOOP START token=1
[1;36mdebug: [0mc_header: LOOP START token=1
[1;36mdebug: [0mc_header: LOOP START token=1
[1;36mdebug: [0mc_header: LOOP START token=1
[1;36mdebug: [0mc_header: LOOP START token=1
[1;36mdebug: [0mc_header: LOOP START token=1
[1;36mdebug: [0mc_header: LOOP START token=1
[1;36mdebug: [0mc_header: LOOP START token=1
[1;36mdebug: [0mc_header: LOOP START token=1
[1;36mdebug: [0mc_header: LOOP START token=1
[1;36mdebug: [0mc_header: LOOP START token=1
[1;36mdebug: [0mc_header: LOOP START token=1
[1;36mdebug: [0mc_header: LOOP START token=1
[1;36mdebug: [0mc_header: LOOP START token=1
[1;36mdebug: [0mc_header: LOOP START token=1
[1;36mdebug: [0mc_header: LOOP START token=1
[1;36mdebug: [0mc_header: LOOP START token=1
[1;36mdebug: [0mc_header: LOOP START token=1
[1;36mdebug: [0mc_header: LOOP START token=1
[1;36mdebug: [0mc_header: LOOP START token=1
[1;36mdebug: [0mc_header: LOOP START token=1
[1;36mdebug: [0mc_header: LOOP START token=1
[1;36mdebug: [0mc_header: LOOP START token=1
[1;36mdebug: [0mc_header: LOOP START token=1
[1;36mdebug: [0mc_header: LOOP START token=1
[1;36mdebug: [0mc_header: LOOP START token=1
[1;36mdebug: [0mc_header: LOOP START token=1
[1;36mdebug: [0mc_header: LOOP START token=1
[1;36mdebug: [0mc_header: LOOP START token=1
[1;36mdebug: [0mc_header: LOOP START token=1
[1;36mdebug: [0mc_header: LOOP START token=1
[1;36mdebug: [0mc_header: LOOP START token=1
[1;36mdebug: [0mc_header: LOOP START token=1
[1;36mdebug: [0mc_header: LOOP START token=1
[1;36mdebug: [0mc_header: LOOP START token=1
[1;36mdebug: [0mc_header: LOOP START token=1
[1;36mdebug: [0mc_header: LOOP START token=1
[1;36mdebug: [0mc_header: LOOP START token=1
[1;36mdebug: [0mc_header: LOOP START token=1
[1;36mdebug: [0mc_header: LOOP START token=1
[1;36mdebug: [0mc_header: LOOP START token=1
[1;36mdebug: [0mc_header: LOOP START token=1
[1;36mdebug: [0mc_header: LOOP START token=1
[1;36mdebug: [0mc_header: LOOP START token=1
[1;36mdebug: [0mc_header: LOOP START token=1
[1;36mdebug: [0mc_header: LOOP START token=1
[1;36mdebug: [0mc_header: LOOP START token=1
[1;36mdebug: [0mc_header: LOOP START token=1
[1;36mdebug: [0mc_header: LOOP START token=1
[1;36mdebug: [0mc_header: LOOP START token=1
[1;36mdebug: [0mc_header: LOOP START token=1
[1;36mdebug: [0mc_header: LOOP START token=1
[1;36mdebug: [0mc_header: LOOP START token=1
[1;36mdebug: [0mc_header: LOOP START token=1
[1;36mdebug: [0mc_header: LOOP START token=1
[1;36mdebug: [0mc_header: LOOP START token=1
[1;36mdebug: [0mc_header: LOOP START token=1
[1;36mdebug: [0mc_header: LOOP START token=1
[1;36mdebug: [0mc_header: LOOP START token=1
[1;36mdebug: [0mc_header: LOOP START token=1
[1;36mdebug: [0mc_header: LOOP START token=1
[1;36mdebug: [0mc_header: w_name=wl_shm_format_is_valid
[1;36mdebug: [0mc_header: parsed function wl_shm_format_is_valid with 2 params (varargs=0) at line 5456
[1;36mdebug: [0mc_header: LOOP START token=86 line=5766 text='void'
[1;36mdebug: [0mc_header: LOOP START token=86 line=5772 text='void'
[1;36mdebug: [0mc_header: w_name=wl_shm_send_format
[1;36mdebug: [0mc_header: parsed function wl_shm_send_format with 2 params (varargs=0) at line 5778
[1;36mdebug: [0mc_header: LOOP START token=86 line=5788 text='void'
[1;36mdebug: [0mc_header: w_name=wl_buffer_send_release
[1;36mdebug: [0mc_header: parsed function wl_buffer_send_release with 1 params (varargs=0) at line 5794
[1;36mdebug: [0mc_header: LOOP START token=1
[1;36mdebug: [0mc_header: LOOP START token=1
[1;36mdebug: [0mc_header: LOOP START token=1
[1;36mdebug: [0mc_header: LOOP START token=1
[1;36mdebug: [0mc_header: w_name=wl_data_offer_error_is_valid
[1;36mdebug: [0mc_header: parsed function wl_data_offer_error_is_valid with 2 params (varargs=0) at line 5820
[1;36mdebug: [0mc_header: LOOP START token=86 line=5842 text='void'
[1;36mdebug: [0mc_header: LOOP START token=86 line=5847 text='void'
[1;36mdebug: [0mc_header: LOOP START token=86 line=5856 text='void'
[1;36mdebug: [0mc_header: LOOP START token=86 line=5859 text='void'
[1;36mdebug: [0mc_header: LOOP START token=86 line=5862 text='void'
[1;36mdebug: [0mc_header: w_name=wl_data_offer_send_offer
[1;36mdebug: [0mc_header: parsed function wl_data_offer_send_offer with 2 params (varargs=0) at line 5870
[1;36mdebug: [0mc_header: w_name=wl_data_offer_send_source_actions
[1;36mdebug: [0mc_header: parsed function wl_data_offer_send_source_actions with 2 params (varargs=0) at line 5882
[1;36mdebug: [0mc_header: w_name=wl_data_offer_send_action
[1;36mdebug: [0mc_header: parsed function wl_data_offer_send_action with 2 params (varargs=0) at line 5894
[1;36mdebug: [0mc_header: LOOP START token=1
[1;36mdebug: [0mc_header: LOOP START token=1
[1;36mdebug: [0mc_header: w_name=wl_data_source_error_is_valid
[1;36mdebug: [0mc_header: parsed function wl_data_source_error_is_valid with 2 params (varargs=0) at line 5912
[1;36mdebug: [0mc_header: LOOP START token=86 line=5930 text='void'
[1;36mdebug: [0mc_header: LOOP START token=86 line=5938 text='void'
[1;36mdebug: [0mc_header: LOOP START token=86 line=5941 text='void'
[1;36mdebug: [0mc_header: w_name=wl_data_source_send_target
[1;36mdebug: [0mc_header: parsed function wl_data_source_send_target with 2 params (varargs=0) at line 5948
[1;36mdebug: [0mc_header: w_name=wl_data_source_send_send
[1;36mdebug: [0mc_header: parsed function wl_data_source_send_send with 3 params (varargs=0) at line 5954
[1;36mdebug: [0mc_header: w_name=wl_data_source_send_cancelled
[1;36mdebug: [0mc_header: parsed function wl_data_source_send_cancelled with 1 params (varargs=0) at line 5965
[1;36mdebug: [0mc_header: w_name=wl_data_source_send_dnd_drop_performed
[1;36mdebug: [0mc_header: parsed function wl_data_source_send_dnd_drop_performed with 1 params (varargs=0) at line 5976
[1;36mdebug: [0mc_header: w_name=wl_data_source_send_dnd_finished
[1;36mdebug: [0mc_header: parsed function wl_data_source_send_dnd_finished with 1 params (varargs=0) at line 5987
[1;36mdebug: [0mc_header: w_name=wl_data_source_send_action
[1;36mdebug: [0mc_header: parsed function wl_data_source_send_action with 2 params (varargs=0) at line 5999
[1;36mdebug: [0mc_header: LOOP START token=1
[1;36mdebug: [0mc_header: LOOP START token=1
[1;36mdebug: [0mc_header: w_name=wl_data_device_error_is_valid
[1;36mdebug: [0mc_header: parsed function wl_data_device_error_is_valid with 2 params (varargs=0) at line 6017
[1;36mdebug: [0mc_header: LOOP START token=86 line=6035 text='void'
[1;36mdebug: [0mc_header: LOOP START token=86 line=6042 text='void'
[1;36mdebug: [0mc_header: LOOP START token=86 line=6052 text='void'
[1;36mdebug: [0mc_header: w_name=wl_data_device_send_data_offer
[1;36mdebug: [0mc_header: parsed function wl_data_device_send_data_offer with 2 params (varargs=0) at line 6058
[1;36mdebug: [0mc_header: w_name=wl_data_device_send_enter
[1;36mdebug: [0mc_header: parsed function wl_data_device_send_enter with 6 params (varargs=0) at line 6064
[1;36mdebug: [0mc_header: w_name=wl_data_device_send_leave
[1;36mdebug: [0mc_header: parsed function wl_data_device_send_leave with 1 params (varargs=0) at line 6075
[1;36mdebug: [0mc_header: w_name=wl_data_device_send_motion
[1;36mdebug: [0mc_header: parsed function wl_data_device_send_motion with 4 params (varargs=0) at line 6081
[1;36mdebug: [0mc_header: w_name=wl_data_device_send_drop
[1;36mdebug: [0mc_header: parsed function wl_data_device_send_drop with 1 params (varargs=0) at line 6092
[1;36mdebug: [0mc_header: w_name=wl_data_device_send_selection
[1;36mdebug: [0mc_header: parsed function wl_data_device_send_selection with 2 params (varargs=0) at line 6104
[1;36mdebug: [0mc_header: LOOP START token=1
[1;36mdebug: [0mc_header: LOOP START token=1
[1;36mdebug: [0mc_header: LOOP START token=1
[1;36mdebug: [0mc_header: LOOP START token=1
[1;36mdebug: [0mc_header: w_name=wl_data_device_manager_dnd_action_is_valid
[1;36mdebug: [0mc_header: parsed function wl_data_device_manager_dnd_action_is_valid with 2 params (varargs=0) at line 6128
[1;36mdebug: [0mc_header: LOOP START token=86 line=6153 text='void'
[1;36mdebug: [0mc_header: LOOP START token=86 line=6163 text='void'
[1;36mdebug: [0mc_header: LOOP START token=86 line=6174 text='void'
[1;36mdebug: [0mc_header: LOOP START token=1
[1;36mdebug: [0mc_header: w_name=wl_shell_error_is_valid
[1;36mdebug: [0mc_header: parsed function wl_shell_error_is_valid with 2 params (varargs=0) at line 6186
[1;36mdebug: [0mc_header: LOOP START token=86 line=6202 text='void'
[1;36mdebug: [0mc_header: LOOP START token=1
[1;36mdebug: [0mc_header: LOOP START token=1
[1;36mdebug: [0mc_header: LOOP START token=1
[1;36mdebug: [0mc_header: LOOP START token=1
[1;36mdebug: [0mc_header: LOOP START token=1
[1;36mdebug: [0mc_header: LOOP START token=1
[1;36mdebug: [0mc_header: LOOP START token=1
[1;36mdebug: [0mc_header: LOOP START token=1
[1;36mdebug: [0mc_header: LOOP START token=1
[1;36mdebug: [0mc_header: w_name=wl_shell_surface_resize_is_valid
[1;36mdebug: [0mc_header: parsed function wl_shell_surface_resize_is_valid with 2 params (varargs=0) at line 6248
[1;36mdebug: [0mc_header: LOOP START token=1
[1;36mdebug: [0mc_header: w_name=wl_shell_surface_transient_is_valid
[1;36mdebug: [0mc_header: parsed function wl_shell_surface_transient_is_valid with 2 params (varargs=0) at line 6279
[1;36mdebug: [0mc_header: LOOP START token=1
[1;36mdebug: [0mc_header: LOOP START token=1
[1;36mdebug: [0mc_header: LOOP START token=1
[1;36mdebug: [0mc_header: LOOP START token=1
[1;36mdebug: [0mc_header: w_name=wl_shell_surface_fullscreen_method_is_valid
[1;36mdebug: [0mc_header: parsed function wl_shell_surface_fullscreen_method_is_valid with 2 params (varargs=0) at line 6306
[1;36mdebug: [0mc_header: LOOP START token=86 line=6334 text='void'
[1;36mdebug: [0mc_header: LOOP START token=86 line=6338 text='void'
[1;36mdebug: [0mc_header: LOOP START token=86 line=6343 text='void'
[1;36mdebug: [0mc_header: LOOP START token=86 line=6355 text='void'
[1;36mdebug: [0mc_header: LOOP START token=86 line=6358 text='void'
[1;36mdebug: [0mc_header: LOOP START token=86 line=6365 text='void'
[1;36mdebug: [0mc_header: LOOP START token=86 line=6371 text='void'
[1;36mdebug: [0mc_header: LOOP START token=86 line=6380 text='void'
[1;36mdebug: [0mc_header: LOOP START token=86 line=6384 text='void'
[1;36mdebug: [0mc_header: LOOP START token=86 line=6388 text='void'
[1;36mdebug: [0mc_header: w_name=wl_shell_surface_send_ping
[1;36mdebug: [0mc_header: parsed function wl_shell_surface_send_ping with 2 params (varargs=0) at line 6395
[1;36mdebug: [0mc_header: w_name=wl_shell_surface_send_configure
[1;36mdebug: [0mc_header: parsed function wl_shell_surface_send_configure with 4 params (varargs=0) at line 6401
[1;36mdebug: [0mc_header: w_name=wl_shell_surface_send_popup_done
[1;36mdebug: [0mc_header: parsed function wl_shell_surface_send_popup_done with 1 params (varargs=0) at line 6412
[1;36mdebug: [0mc_header: LOOP START token=1
[1;36mdebug: [0mc_header: LOOP START token=1
[1;36mdebug: [0mc_header: LOOP START token=1
[1;36mdebug: [0mc_header: LOOP START token=1
[1;36mdebug: [0mc_header: LOOP START token=1
[1;36mdebug: [0mc_header: LOOP START token=1
[1;36mdebug: [0mc_header: w_name=wl_surface_error_is_valid
[1;36mdebug: [0mc_header: parsed function wl_surface_error_is_valid with 2 params (varargs=0) at line 6444
[1;36mdebug: [0mc_header: LOOP START token=86 line=6474 text='void'
[1;36mdebug: [0mc_header: LOOP START token=86 line=6477 text='void'
[1;36mdebug: [0mc_header: LOOP START token=86 line=6483 text='void'
[1;36mdebug: [0mc_header: LOOP START token=86 line=6490 text='void'
[1;36mdebug: [0mc_header: LOOP START token=86 line=6494 text='void'
[1;36mdebug: [0mc_header: LOOP START token=86 line=6498 text='void'
[1;36mdebug: [0mc_header: LOOP START token=86 line=6502 text='void'
[1;36mdebug: [0mc_header: LOOP START token=86 line=6505 text='void'
[1;36mdebug: [0mc_header: LOOP START token=86 line=6509 text='void'
[1;36mdebug: [0mc_header: LOOP START token=86 line=6513 text='void'
[1;36mdebug: [0mc_header: LOOP START token=86 line=6520 text='void'
[1;36mdebug: [0mc_header: LOOP START token=86 line=6525 text='void'
[1;36mdebug: [0mc_header: w_name=wl_surface_send_enter
[1;36mdebug: [0mc_header: parsed function wl_surface_send_enter with 2 params (varargs=0) at line 6532
[1;36mdebug: [0mc_header: w_name=wl_surface_send_leave
[1;36mdebug: [0mc_header: parsed function wl_surface_send_leave with 2 params (varargs=0) at line 6544
[1;36mdebug: [0mc_header: w_name=wl_surface_send_preferred_buffer_scale
[1;36mdebug: [0mc_header: parsed function wl_surface_send_preferred_buffer_scale with 2 params (varargs=0) at line 6556
[1;36mdebug: [0mc_header: w_name=wl_surface_send_preferred_buffer_transform
[1;36mdebug: [0mc_header: parsed function wl_surface_send_preferred_buffer_transform with 2 params (varargs=0) at line 6568
[1;36mdebug: [0mc_header: LOOP START token=1
[1;36mdebug: [0mc_header: LOOP START token=1
[1;36mdebug: [0mc_header: LOOP START token=1
[1;36mdebug: [0mc_header: w_name=wl_seat_capability_is_valid
[1;36mdebug: [0mc_header: parsed function wl_seat_capability_is_valid with 2 params (varargs=0) at line 6588
[1;36mdebug: [0mc_header: LOOP START token=1
[1;36mdebug: [0mc_header: w_name=wl_seat_error_is_valid
[1;36mdebug: [0mc_header: parsed function wl_seat_error_is_valid with 2 params (varargs=0) at line 6607
[1;36mdebug: [0mc_header: LOOP START token=86 line=6623 text='void'
[1;36mdebug: [0mc_header: LOOP START token=86 line=6627 text='void'
[1;36mdebug: [0mc_header: LOOP START token=86 line=6631 text='void'
[1;36mdebug: [0mc_header: LOOP START token=86 line=6641 text='void'
[1;36mdebug: [0mc_header: w_name=wl_seat_send_capabilities
[1;36mdebug: [0mc_header: parsed function wl_seat_send_capabilities with 2 params (varargs=0) at line 6647
[1;36mdebug: [0mc_header: w_name=wl_seat_send_name
[1;36mdebug: [0mc_header: parsed function wl_seat_send_name with 2 params (varargs=0) at line 6659
[1;36mdebug: [0mc_header: LOOP START token=1
[1;36mdebug: [0mc_header: w_name=wl_pointer_error_is_valid
[1;36mdebug: [0mc_header: parsed function wl_pointer_error_is_valid with 2 params (varargs=0) at line 6673
[1;36mdebug: [0mc_header: LOOP START token=1
[1;36mdebug: [0mc_header: LOOP START token=1
[1;36mdebug: [0mc_header: w_name=wl_pointer_button_state_is_valid
[1;36mdebug: [0mc_header: parsed function wl_pointer_button_state_is_valid with 2 params (varargs=0) at line 6694
[1;36mdebug: [0mc_header: LOOP START token=1
[1;36mdebug: [0mc_header: LOOP START token=1
[1;36mdebug: [0mc_header: w_name=wl_pointer_axis_is_valid
[1;36mdebug: [0mc_header: parsed function wl_pointer_axis_is_valid with 2 params (varargs=0) at line 6717
[1;36mdebug: [0mc_header: LOOP START token=1
[1;36mdebug: [0mc_header: LOOP START token=1
[1;36mdebug: [0mc_header: LOOP START token=1
[1;36mdebug: [0mc_header: LOOP START token=1
[1;36mdebug: [0mc_header: w_name=wl_pointer_axis_source_is_valid
[1;36mdebug: [0mc_header: parsed function wl_pointer_axis_source_is_valid with 2 params (varargs=0) at line 6749
[1;36mdebug: [0mc_header: LOOP START token=1
[1;36mdebug: [0mc_header: LOOP START token=1
[1;36mdebug: [0mc_header: w_name=wl_pointer_axis_relative_direction_is_valid
[1;36mdebug: [0mc_header: parsed function wl_pointer_axis_relative_direction_is_valid with 2 params (varargs=0) at line 6776
[1;36mdebug: [0mc_header: LOOP START token=86 line=6794 text='void'
[1;36mdebug: [0mc_header: LOOP START token=86 line=6801 text='void'
[1;36mdebug: [0mc_header: w_name=wl_pointer_send_enter
[1;36mdebug: [0mc_header: parsed function wl_pointer_send_enter with 5 params (varargs=0) at line 6807
[1;36mdebug: [0mc_header: w_name=wl_pointer_send_leave
[1;36mdebug: [0mc_header: parsed function wl_pointer_send_leave with 3 params (varargs=0) at line 6813
[1;36mdebug: [0mc_header: w_name=wl_pointer_send_motion
[1;36mdebug: [0mc_header: parsed function wl_pointer_send_motion with 4 params (varargs=0) at line 6819
[1;36mdebug: [0mc_header: w_name=wl_pointer_send_button
[1;36mdebug: [0mc_header: parsed function wl_pointer_send_button with 5 params (varargs=0) at line 6825
[1;36mdebug: [0mc_header: w_name=wl_pointer_send_axis
[1;36mdebug: [0mc_header: parsed function wl_pointer_send_axis with 4 params (varargs=0) at line 6831
[1;36mdebug: [0mc_header: w_name=wl_pointer_send_frame
[1;36mdebug: [0mc_header: parsed function wl_pointer_send_frame with 1 params (varargs=0) at line 6842
[1;36mdebug: [0mc_header: w_name=wl_pointer_send_axis_source
[1;36mdebug: [0mc_header: parsed function wl_pointer_send_axis_source with 2 params (varargs=0) at line 6854
[1;36mdebug: [0mc_header: w_name=wl_pointer_send_axis_stop
[1;36mdebug: [0mc_header: parsed function wl_pointer_send_axis_stop with 3 params (varargs=0) at line 6860
[1;36mdebug: [0mc_header: w_name=wl_pointer_send_axis_discrete
[1;36mdebug: [0mc_header: parsed function wl_pointer_send_axis_discrete with 3 params (varargs=0) at line 6866
[1;36mdebug: [0mc_header: w_name=wl_pointer_send_axis_value120
[1;36mdebug: [0mc_header: parsed function wl_pointer_send_axis_value120 with 3 params (varargs=0) at line 6872
[1;36mdebug: [0mc_header: w_name=wl_pointer_send_axis_relative_direction
[1;36mdebug: [0mc_header: parsed function wl_pointer_send_axis_relative_direction with 3 params (varargs=0) at line 6878
[1;36mdebug: [0mc_header: w_name=wl_pointer_send_warp
[1;36mdebug: [0mc_header: parsed function wl_pointer_send_warp with 3 params (varargs=0) at line 6884
[1;36mdebug: [0mc_header: LOOP START token=1
[1;36mdebug: [0mc_header: LOOP START token=1
[1;36mdebug: [0mc_header: w_name=wl_keyboard_keymap_format_is_valid
[1;36mdebug: [0mc_header: parsed function wl_keyboard_keymap_format_is_valid with 2 params (varargs=0) at line 6900
[1;36mdebug: [0mc_header: LOOP START token=1
[1;36mdebug: [0mc_header: LOOP START token=1
[1;36mdebug: [0mc_header: LOOP START token=1
[1;36mdebug: [0mc_header: w_name=wl_keyboard_key_state_is_valid
[1;36mdebug: [0mc_header: parsed function wl_keyboard_key_state_is_valid with 2 params (varargs=0) at line 6928
[1;36mdebug: [0mc_header: LOOP START token=86 line=6953 text='void'
[1;36mdebug: [0mc_header: w_name=wl_keyboard_send_keymap
[1;36mdebug: [0mc_header: parsed function wl_keyboard_send_keymap with 4 params (varargs=0) at line 6959
[1;36mdebug: [0mc_header: w_name=wl_keyboard_send_enter
[1;36mdebug: [0mc_header: parsed function wl_keyboard_send_enter with 4 params (varargs=0) at line 6965
[1;36mdebug: [0mc_header: w_name=wl_keyboard_send_leave
[1;36mdebug: [0mc_header: parsed function wl_keyboard_send_leave with 3 params (varargs=0) at line 6971
[1;36mdebug: [0mc_header: w_name=wl_keyboard_send_key
[1;36mdebug: [0mc_header: parsed function wl_keyboard_send_key with 5 params (varargs=0) at line 6977
[1;36mdebug: [0mc_header: w_name=wl_keyboard_send_modifiers
[1;36mdebug: [0mc_header: parsed function wl_keyboard_send_modifiers with 6 params (varargs=0) at line 6983
[1;36mdebug: [0mc_header: w_name=wl_keyboard_send_repeat_info
[1;36mdebug: [0mc_header: parsed function wl_keyboard_send_repeat_info with 3 params (varargs=0) at line 6989
[1;36mdebug: [0mc_header: LOOP START token=86 line=7004 text='void'
[1;36mdebug: [0mc_header: w_name=wl_touch_send_down
[1;36mdebug: [0mc_header: parsed function wl_touch_send_down with 7 params (varargs=0) at line 7010
[1;36mdebug: [0mc_header: w_name=wl_touch_send_up
[1;36mdebug: [0mc_header: parsed function wl_touch_send_up with 4 params (varargs=0) at line 7016
[1;36mdebug: [0mc_header: w_name=wl_touch_send_motion
[1;36mdebug: [0mc_header: parsed function wl_touch_send_motion with 5 params (varargs=0) at line 7022
[1;36mdebug: [0mc_header: w_name=wl_touch_send_frame
[1;36mdebug: [0mc_header: parsed function wl_touch_send_frame with 1 params (varargs=0) at line 7033
[1;36mdebug: [0mc_header: w_name=wl_touch_send_cancel
[1;36mdebug: [0mc_header: parsed function wl_touch_send_cancel with 1 params (varargs=0) at line 7044
[1;36mdebug: [0mc_header: w_name=wl_touch_send_shape
[1;36mdebug: [0mc_header: parsed function wl_touch_send_shape with 4 params (varargs=0) at line 7050
[1;36mdebug: [0mc_header: w_name=wl_touch_send_orientation
[1;36mdebug: [0mc_header: parsed function wl_touch_send_orientation with 3 params (varargs=0) at line 7056
[1;36mdebug: [0mc_header: LOOP START token=1
[1;36mdebug: [0mc_header: LOOP START token=1
[1;36mdebug: [0mc_header: LOOP START token=1
[1;36mdebug: [0mc_header: LOOP START token=1
[1;36mdebug: [0mc_header: LOOP START token=1
[1;36mdebug: [0mc_header: LOOP START token=1
[1;36mdebug: [0mc_header: w_name=wl_output_subpixel_is_valid
[1;36mdebug: [0mc_header: parsed function wl_output_subpixel_is_valid with 2 params (varargs=0) at line 7088
[1;36mdebug: [0mc_header: LOOP START token=1
[1;36mdebug: [0mc_header: LOOP START token=1
[1;36mdebug: [0mc_header: LOOP START token=1
[1;36mdebug: [0mc_header: LOOP START token=1
[1;36mdebug: [0mc_header: LOOP START token=1
[1;36mdebug: [0mc_header: LOOP START token=1
[1;36mdebug: [0mc_header: LOOP START token=1
[1;36mdebug: [0mc_header: LOOP START token=1
[1;36mdebug: [0mc_header: w_name=wl_output_transform_is_valid
[1;36mdebug: [0mc_header: parsed function wl_output_transform_is_valid with 2 params (varargs=0) at line 7143
[1;36mdebug: [0mc_header: LOOP START token=1
[1;36mdebug: [0mc_header: LOOP START token=1
[1;36mdebug: [0mc_header: w_name=wl_output_mode_is_valid
[1;36mdebug: [0mc_header: parsed function wl_output_mode_is_valid with 2 params (varargs=0) at line 7178
[1;36mdebug: [0mc_header: LOOP START token=86 line=7200 text='void'
[1;36mdebug: [0mc_header: w_name=wl_output_send_geometry
[1;36mdebug: [0mc_header: parsed function wl_output_send_geometry with 9 params (varargs=0) at line 7206
[1;36mdebug: [0mc_header: w_name=wl_output_send_mode
[1;36mdebug: [0mc_header: parsed function wl_output_send_mode with 5 params (varargs=0) at line 7212
[1;36mdebug: [0mc_header: w_name=wl_output_send_done
[1;36mdebug: [0mc_header: parsed function wl_output_send_done with 1 params (varargs=0) at line 7223
[1;36mdebug: [0mc_header: w_name=wl_output_send_scale
[1;36mdebug: [0mc_header: parsed function wl_output_send_scale with 2 params (varargs=0) at line 7235
[1;36mdebug: [0mc_header: w_name=wl_output_send_name
[1;36mdebug: [0mc_header: parsed function wl_output_send_name with 2 params (varargs=0) at line 7247
[1;36mdebug: [0mc_header: w_name=wl_output_send_description
[1;36mdebug: [0mc_header: parsed function wl_output_send_description with 2 params (varargs=0) at line 7259
[1;36mdebug: [0mc_header: LOOP START token=86 line=7273 text='void'
[1;36mdebug: [0mc_header: LOOP START token=86 line=7276 text='void'
[1;36mdebug: [0mc_header: LOOP START token=86 line=7283 text='void'
[1;36mdebug: [0mc_header: LOOP START token=1
[1;36mdebug: [0mc_header: LOOP START token=1
[1;36mdebug: [0mc_header: w_name=wl_subcompositor_error_is_valid
[1;36mdebug: [0mc_header: parsed function wl_subcompositor_error_is_valid with 2 params (varargs=0) at line 7303
[1;36mdebug: [0mc_header: LOOP START token=86 line=7327 text='void'
[1;36mdebug: [0mc_header: LOOP START token=86 line=7330 text='void'
[1;36mdebug: [0mc_header: LOOP START token=1
[1;36mdebug: [0mc_header: w_name=wl_subsurface_error_is_valid
[1;36mdebug: [0mc_header: parsed function wl_subsurface_error_is_valid with 2 params (varargs=0) at line 7345
[1;36mdebug: [0mc_header: LOOP START token=86 line=7361 text='void'
[1;36mdebug: [0mc_header: LOOP START token=86 line=7364 text='void'
[1;36mdebug: [0mc_header: LOOP START token=86 line=7369 text='void'
[1;36mdebug: [0mc_header: LOOP START token=86 line=7373 text='void'
[1;36mdebug: [0mc_header: LOOP START token=86 line=7377 text='void'
[1;36mdebug: [0mc_header: LOOP START token=86 line=7380 text='void'
[1;36mdebug: [0mc_header: LOOP START token=1
[1;36mdebug: [0mc_header: w_name=wl_fixes_error_is_valid
[1;36mdebug: [0mc_header: parsed function wl_fixes_error_is_valid with 2 params (varargs=0) at line 7392
[1;36mdebug: [0mc_header: LOOP START token=86 line=7412 text='void'
[1;36mdebug: [0mc_header: LOOP START token=86 line=7415 text='void'
[1;36mdebug: [0mc_header: LOOP START token=86 line=7419 text='void'
[1;36mdebug: [0mc_header: LOOP START token=72 line=7436 text='int'
[1;36mdebug: [0mc_header: LOOP START token=72 line=7437 text='int'
[1;36mdebug: [0mc_header: LOOP START token=63 line=7446 text='double'
[1;36mdebug: [0mc_header: LOOP START token=63 line=7447 text='double'
[1;36mdebug: [0mc_header: w_name=wlr_box_closest_point
[1;36mdebug: [0mc_header: parsed function wlr_box_closest_point with 5 params (varargs=0) at line 7451
[1;36mdebug: [0mc_header: w_name=wlr_box_intersection
[1;36mdebug: [0mc_header: parsed function wlr_box_intersection with 3 params (varargs=0) at line 7459
[1;36mdebug: [0mc_header: w_name=wlr_box_contains_point
[1;36mdebug: [0mc_header: parsed function wlr_box_contains_point with 3 params (varargs=0) at line 7461
[1;36mdebug: [0mc_header: w_name=wlr_box_empty
[1;36mdebug: [0mc_header: parsed function wlr_box_empty with 1 params (varargs=0) at line 7468
[1;36mdebug: [0mc_header: w_name=wlr_box_transform
[1;36mdebug: [0mc_header: parsed function wlr_box_transform with 5 params (varargs=0) at line 7474
[1;36mdebug: [0mc_header: w_name=wlr_fbox_empty
[1;36mdebug: [0mc_header: parsed function wlr_fbox_empty with 1 params (varargs=0) at line 7481
[1;36mdebug: [0mc_header: w_name=wlr_fbox_transform
[1;36mdebug: [0mc_header: parsed function wlr_fbox_transform with 5 params (varargs=0) at line 7487
[1;36mdebug: [0mc_header: w_name=wlr_box_equal
[1;36mdebug: [0mc_header: parsed function wlr_box_equal with 2 params (varargs=0) at line 7494
[1;36mdebug: [0mc_header: w_name=wlr_fbox_equal
[1;36mdebug: [0mc_header: parsed function wlr_fbox_equal with 2 params (varargs=0) at line 7499
[1;36mdebug: [0mc_header: LOOP START token=81 line=7517 text='struct'
[1;36mdebug: [0mc_header: LOOP START token=81 line=7520 text='struct'
[1;36mdebug: [0mc_header: w_name=wlr_renderer_begin_buffer_pass
[1;36mdebug: [0mc_header: parsed function wlr_renderer_begin_buffer_pass with 3 params (varargs=0) at line 7530
[1;36mdebug: [0mc_header: w_name=wlr_render_pass_submit
[1;36mdebug: [0mc_header: parsed function wlr_render_pass_submit with 1 params (varargs=0) at line 7537
[1;36mdebug: [0mc_header: LOOP START token=1
[1;36mdebug: [0mc_header: LOOP START token=1
[1;36mdebug: [0mc_header: LOOP START token=1
[1;36mdebug: [0mc_header: LOOP START token=1
[1;36mdebug: [0mc_header: LOOP START token=81 line=7561 text='struct'
[1;36mdebug: [0mc_header: LOOP START token=81 line=7563 text='struct'
[1;36mdebug: [0mc_header: LOOP START token=81 line=7565 text='struct'
[1;36mdebug: [0mc_header: LOOP START token=59 line=7567 text='const'
[1;36mdebug: [0mc_header: LOOP START token=59 line=7569 text='const'
[1;36mdebug: [0mc_header: LOOP START token=65 line=7571 text='enum'
[1;36mdebug: [0mc_header: LOOP START token=65 line=7573 text='enum'
[1;36mdebug: [0mc_header: LOOP START token=65 line=7575 text='enum'
[1;36mdebug: [0mc_header: w_name=wlr_render_pass_add_texture
[1;36mdebug: [0mc_header: parsed function wlr_render_pass_add_texture with 2 params (varargs=0) at line 7582
[1;36mdebug: [0mc_header: LOOP START token=67 line=7591 text='float'
[1;36mdebug: [0mc_header: LOOP START token=81 line=7596 text='struct'
[1;36mdebug: [0mc_header: LOOP START token=81 line=7598 text='struct'
[1;36mdebug: [0mc_header: LOOP START token=59 line=7600 text='const'
[1;36mdebug: [0mc_header: LOOP START token=65 line=7602 text='enum'
[1;36mdebug: [0mc_header: w_name=wlr_render_pass_add_rect
[1;36mdebug: [0mc_header: parsed function wlr_render_pass_add_rect with 2 params (varargs=0) at line 7609
[1;36mdebug: [0mc_header: LOOP START token=1 line=7616 text='int32_t'
[1;36mdebug: [0mc_header: LOOP START token=1 line=7617 text='uint32_t'
[1;36mdebug: [0mc_header: LOOP START token=1 line=7618 text='uint64_t'
[1;36mdebug: [0mc_header: LOOP START token=72 line=7620 text='int'
[1;36mdebug: [0mc_header: LOOP START token=1 line=7621 text='uint32_t'
[1;36mdebug: [0mc_header: LOOP START token=1 line=7622 text='uint32_t'
[1;36mdebug: [0mc_header: LOOP START token=72 line=7623 text='int'
[1;36mdebug: [0mc_header: w_name=wlr_dmabuf_attributes_finish
[1;36mdebug: [0mc_header: parsed function wlr_dmabuf_attributes_finish with 1 params (varargs=0) at line 7629
[1;36mdebug: [0mc_header: w_name=wlr_dmabuf_attributes_copy
[1;36mdebug: [0mc_header: parsed function wlr_dmabuf_attributes_copy with 2 params (varargs=0) at line 7634
[1;36mdebug: [0mc_header: LOOP START token=59 line=7643 text='const'
[1;36mdebug: [0mc_header: LOOP START token=1 line=7644 text='uint32_t'
[1;36mdebug: [0mc_header: LOOP START token=81 line=7646 text='struct'
[1;36mdebug: [0mc_header: LOOP START token=86 line=7651 text='void'
[1;36mdebug: [0mc_header: LOOP START token=1 line=7653 text='uint32_t'
[1;36mdebug: [0mc_header: LOOP START token=1 line=7655 text='uint32_t'
[1;36mdebug: [0mc_header: LOOP START token=1 line=7657 text='uint32_t'
[1;36mdebug: [0mc_header: LOOP START token=59 line=7659 text='const'
[1;36mdebug: [0mc_header: w_name=wlr_texture_read_pixels
[1;36mdebug: [0mc_header: parsed function wlr_texture_read_pixels with 2 params (varargs=0) at line 7663
[1;36mdebug: [0mc_header: w_name=wlr_texture_preferred_read_format
[1;36mdebug: [0mc_header: parsed function wlr_texture_preferred_read_format with 1 params (varargs=0) at line 7665
[1;36mdebug: [0mc_header: w_name=wlr_texture_from_pixels
[1;36mdebug: [0mc_header: parsed function wlr_texture_from_pixels with 6 params (varargs=0) at line 7673
[1;36mdebug: [0mc_header: w_name=wlr_texture_from_dmabuf
[1;36mdebug: [0mc_header: parsed function wlr_texture_from_dmabuf with 2 params (varargs=0) at line 7679
[1;36mdebug: [0mc_header: w_name=wlr_texture_update_from_buffer
[1;36mdebug: [0mc_header: parsed function wlr_texture_update_from_buffer with 3 params (varargs=0) at line 7682
[1;36mdebug: [0mc_header: w_name=wlr_texture_destroy
[1;36mdebug: [0mc_header: parsed function wlr_texture_destroy with 1 params (varargs=0) at line 7687
[1;36mdebug: [0mc_header: w_name=wlr_texture_from_buffer
[1;36mdebug: [0mc_header: parsed function wlr_texture_from_buffer with 2 params (varargs=0) at line 7693
[1;36mdebug: [0mc_header: LOOP START token=1 line=7710 text='uint32_t'
[1;36mdebug: [0mc_header: LOOP START token=81 line=7712 text='struct'
[1;36mdebug: [0mc_header: LOOP START token=81 line=7713 text='struct'
[1;36mdebug: [0mc_header: LOOP START token=81 line=7719 text='struct'
[1;36mdebug: [0mc_header: LOOP START token=81 line=7722 text='struct'
[1;36mdebug: [0mc_header: LOOP START token=89 line=7726 text='bool'
[1;36mdebug: [0mc_header: LOOP START token=59 line=7731 text='const'
[1;36mdebug: [0mc_header: w_name=wlr_renderer_autocreate
[1;36mdebug: [0mc_header: parsed function wlr_renderer_autocreate with 1 params (varargs=0) at line 7740
[1;36mdebug: [0mc_header: w_name=wlr_renderer_get_texture_formats
[1;36mdebug: [0mc_header: parsed function wlr_renderer_get_texture_formats with 2 params (varargs=0) at line 7743
[1;36mdebug: [0mc_header: w_name=wlr_renderer_init_wl_display
[1;36mdebug: [0mc_header: parsed function wlr_renderer_init_wl_display with 2 params (varargs=0) at line 7751
[1;36mdebug: [0mc_header: w_name=wlr_renderer_init_wl_shm
[1;36mdebug: [0mc_header: parsed function wlr_renderer_init_wl_shm with 2 params (varargs=0) at line 7757
[1;36mdebug: [0mc_header: w_name=wlr_renderer_get_drm_fd
[1;36mdebug: [0mc_header: parsed function wlr_renderer_get_drm_fd with 1 params (varargs=0) at line 7764
[1;36mdebug: [0mc_header: w_name=wlr_renderer_destroy
[1;36mdebug: [0mc_header: parsed function wlr_renderer_destroy with 1 params (varargs=0) at line 7771
[1;36mdebug: [0mc_header: w_name=wlr_render_timer_create
[1;36mdebug: [0mc_header: parsed function wlr_render_timer_create with 1 params (varargs=0) at line 7776
[1;36mdebug: [0mc_header: w_name=wlr_render_timer_get_duration_ns
[1;36mdebug: [0mc_header: parsed function wlr_render_timer_get_duration_ns with 1 params (varargs=0) at line 7783
[1;36mdebug: [0mc_header: w_name=wlr_render_timer_destroy
[1;36mdebug: [0mc_header: parsed function wlr_render_timer_destroy with 1 params (varargs=0) at line 7788
[1;36mdebug: [0mc_header: LOOP START token=81 line=7798 text='struct'
[1;36mdebug: [0mc_header: LOOP START token=59 line=7804 text='const'
[1;36mdebug: [0mc_header: LOOP START token=86 line=7806 text='void'
[1;36mdebug: [0mc_header: LOOP START token=59 line=7810 text='const'
[1;36mdebug: [0mc_header: LOOP START token=59 line=7812 text='const'
[1;36mdebug: [0mc_header: LOOP START token=81 line=7813 text='struct'
[1;36mdebug: [0mc_header: w_name=wlr_addon_set_init
[1;36mdebug: [0mc_header: parsed function wlr_addon_set_init with 1 params (varargs=0) at line 7816
[1;36mdebug: [0mc_header: w_name=wlr_addon_set_finish
[1;36mdebug: [0mc_header: parsed function wlr_addon_set_finish with 1 params (varargs=0) at line 7817
[1;36mdebug: [0mc_header: w_name=wlr_addon_init
[1;36mdebug: [0mc_header: parsed function wlr_addon_init with 4 params (varargs=0) at line 7820
[1;36mdebug: [0mc_header: w_name=wlr_addon_finish
[1;36mdebug: [0mc_header: parsed function wlr_addon_finish with 1 params (varargs=0) at line 7821
[1;36mdebug: [0mc_header: w_name=wlr_addon_find
[1;36mdebug: [0mc_header: parsed function wlr_addon_find with 3 params (varargs=0) at line 7824
[1;36mdebug: [0mc_header: LOOP START token=72 line=7831 text='int'
[1;36mdebug: [0mc_header: LOOP START token=1 line=7832 text='uint32_t'
[1;36mdebug: [0mc_header: LOOP START token=72 line=7833 text='int'
[1;36mdebug: [0mc_header: LOOP START token=1 line=7834 text='off_t'
[1;36mdebug: [0mc_header: LOOP START token=1
[1;36mdebug: [0mc_header: LOOP START token=1
[1;36mdebug: [0mc_header: LOOP START token=1
[1;36mdebug: [0mc_header: LOOP START token=59 line=7850 text='const'
[1;36mdebug: [0mc_header: LOOP START token=72 line=7852 text='int'
[1;36mdebug: [0mc_header: LOOP START token=89 line=7854 text='bool'
[1;36mdebug: [0mc_header: LOOP START token=1 line=7855 text='size_t'
[1;36mdebug: [0mc_header: LOOP START token=89 line=7856 text='bool'
[1;36mdebug: [0mc_header: LOOP START token=81 line=7858 text='struct'
[1;36mdebug: [0mc_header: LOOP START token=81 line=7859 text='struct'
[1;36mdebug: [0mc_header: LOOP START token=81 line=7860 text='struct'
[1;36mdebug: [0mc_header: LOOP START token=81 line=7863 text='struct'
[1;36mdebug: [0mc_header: w_name=wlr_buffer_drop
[1;36mdebug: [0mc_header: parsed function wlr_buffer_drop with 1 params (varargs=0) at line 7870
[1;36mdebug: [0mc_header: w_name=wlr_buffer_lock
[1;36mdebug: [0mc_header: parsed function wlr_buffer_lock with 1 params (varargs=0) at line 7876
[1;36mdebug: [0mc_header: w_name=wlr_buffer_unlock
[1;36mdebug: [0mc_header: parsed function wlr_buffer_unlock with 1 params (varargs=0) at line 7881
[1;36mdebug: [0mc_header: w_name=wlr_buffer_get_dmabuf
[1;36mdebug: [0mc_header: parsed function wlr_buffer_get_dmabuf with 2 params (varargs=0) at line 7884
[1;36mdebug: [0mc_header: w_name=wlr_buffer_get_shm
[1;36mdebug: [0mc_header: parsed function wlr_buffer_get_shm with 2 params (varargs=0) at line 7887
[1;36mdebug: [0mc_header: w_name=wlr_buffer_try_from_resource
[1;36mdebug: [0mc_header: parsed function wlr_buffer_try_from_resource with 1 params (varargs=0) at line 7894
[1;36mdebug: [0mc_header: LOOP START token=1
[1;36mdebug: [0mc_header: LOOP START token=1
[1;36mdebug: [0mc_header: w_name=wlr_buffer_begin_data_ptr_access
[1;36mdebug: [0mc_header: parsed function wlr_buffer_begin_data_ptr_access with 5 params (varargs=0) at line 7911
[1;36mdebug: [0mc_header: w_name=wlr_buffer_end_data_ptr_access
[1;36mdebug: [0mc_header: parsed function wlr_buffer_end_data_ptr_access with 1 params (varargs=0) at line 7912
[1;36mdebug: [0mc_header: LOOP START token=81 line=7918 text='struct'
[1;36mdebug: [0mc_header: LOOP START token=81 line=7924 text='struct'
[1;36mdebug: [0mc_header: LOOP START token=81 line=7928 text='struct'
[1;36mdebug: [0mc_header: LOOP START token=81 line=7932 text='struct'
[1;36mdebug: [0mc_header: LOOP START token=81 line=7933 text='struct'
[1;36mdebug: [0mc_header: LOOP START token=1 line=7935 text='size_t'
[1;36mdebug: [0mc_header: w_name=wlr_client_buffer_get
[1;36mdebug: [0mc_header: parsed function wlr_client_buffer_get with 1 params (varargs=0) at line 7942
[1;36mdebug: [0mc_header: LOOP START token=1
[1;36mdebug: [0mc_header: LOOP START token=1
[1;36mdebug: [0mc_header: LOOP START token=1
[1;36mdebug: [0mc_header: LOOP START token=1
[1;36mdebug: [0mc_header: LOOP START token=1
[1;36mdebug: [0mc_header: LOOP START token=1 line=7956 text='int32_t'
[1;36mdebug: [0mc_header: LOOP START token=1 line=7957 text='int32_t'
[1;36mdebug: [0mc_header: LOOP START token=89 line=7958 text='bool'
[1;36mdebug: [0mc_header: LOOP START token=65 line=7959 text='enum'
[1;36mdebug: [0mc_header: LOOP START token=81 line=7960 text='struct'
[1;36mdebug: [0mc_header: LOOP START token=81 line=7964 text='struct'
[1;36mdebug: [0mc_header: LOOP START token=63 line=7965 text='double'
[1;36mdebug: [0mc_header: LOOP START token=89 line=7966 text='bool'
[1;36mdebug: [0mc_header: LOOP START token=89 line=7967 text='bool'
[1;36mdebug: [0mc_header: LOOP START token=1 line=7968 text='uint32_t'
[1;36mdebug: [0mc_header: LOOP START token=81 line=7969 text='struct'
[1;36mdebug: [0mc_header: LOOP START token=65 line=7970 text='enum'
[1;36mdebug: [0mc_header: LOOP START token=1 line=7971 text='int32_t'
[1;36mdebug: [0mc_header: LOOP START token=81 line=7972 text='struct'
[1;36mdebug: [0mc_header: LOOP START token=89 line=7973 text='bool'
[1;36mdebug: [0mc_header: LOOP START token=81 line=7974 text='struct'
[1;36mdebug: [0mc_header: LOOP START token=81 line=7975 text='struct'
[1;36mdebug: [0mc_header: LOOP START token=1
[1;36mdebug: [0mc_header: LOOP START token=1
[1;36mdebug: [0mc_header: LOOP START token=1
[1;36mdebug: [0mc_header: LOOP START token=1
[1;36mdebug: [0mc_header: LOOP START token=1
[1;36mdebug: [0mc_header: LOOP START token=1
[1;36mdebug: [0mc_header: LOOP START token=1
[1;36mdebug: [0mc_header: LOOP START token=1
[1;36mdebug: [0mc_header: LOOP START token=1
[1;36mdebug: [0mc_header: LOOP START token=1
[1;36mdebug: [0mc_header: LOOP START token=1
[1;36mdebug: [0mc_header: LOOP START token=1
[1;36mdebug: [0mc_header: LOOP START token=1
[1;36mdebug: [0mc_header: LOOP START token=1
[1;36mdebug: [0mc_header: LOOP START token=1
[1;36mdebug: [0mc_header: LOOP START token=1 line=8006 text='uint32_t'
[1;36mdebug: [0mc_header: LOOP START token=89 line=8009 text='bool'
[1;36mdebug: [0mc_header: LOOP START token=1 line=8010 text='pixman_region32_t'
[1;36mdebug: [0mc_header: LOOP START token=89 line=8011 text='bool'
[1;36mdebug: [0mc_header: LOOP START token=67 line=8012 text='float'
[1;36mdebug: [0mc_header: LOOP START token=65 line=8013 text='enum'
[1;36mdebug: [0mc_header: LOOP START token=89 line=8014 text='bool'
[1;36mdebug: [0mc_header: LOOP START token=1 line=8015 text='uint32_t'
[1;36mdebug: [0mc_header: LOOP START token=65 line=8016 text='enum'
[1;36mdebug: [0mc_header: LOOP START token=81 line=8018 text='struct'
[1;36mdebug: [0mc_header: LOOP START token=89 line=8024 text='bool'
[1;36mdebug: [0mc_header: LOOP START token=65 line=8026 text='enum'
[1;36mdebug: [0mc_header: LOOP START token=81 line=8027 text='struct'
[1;36mdebug: [0mc_header: LOOP START token=81 line=8028 text='struct'
[1;36mdebug: [0mc_header: LOOP START token=1 line=8029 text='int32_t'
[1;36mdebug: [0mc_header: LOOP START token=1 line=8030 text='int32_t'
[1;36mdebug: [0mc_header: LOOP START token=1 line=8033 text='uint16_t'
[1;36mdebug: [0mc_header: LOOP START token=1 line=8034 text='size_t'
[1;36mdebug: [0mc_header: LOOP START token=81 line=8036 text='struct'
[1;36mdebug: [0mc_header: LOOP START token=1 line=8037 text='size_t'
[1;36mdebug: [0mc_header: LOOP START token=59 line=8044 text='const'
[1;36mdebug: [0mc_header: LOOP START token=81 line=8045 text='struct'
[1;36mdebug: [0mc_header: LOOP START token=81 line=8046 text='struct'
[1;36mdebug: [0mc_header: LOOP START token=81 line=8048 text='struct'
[1;36mdebug: [0mc_header: LOOP START token=81 line=8049 text='struct'
[1;36mdebug: [0mc_header: LOOP START token=58 line=8051 text='char'
[1;36mdebug: [0mc_header: LOOP START token=58 line=8052 text='char'
[1;36mdebug: [0mc_header: LOOP START token=58 line=8053 text='char'
[1;36mdebug: [0mc_header: LOOP START token=1 line=8054 text='int32_t'
[1;36mdebug: [0mc_header: LOOP START token=81 line=8057 text='struct'
[1;36mdebug: [0mc_header: LOOP START token=81 line=8058 text='struct'
[1;36mdebug: [0mc_header: LOOP START token=1 line=8059 text='int32_t'
[1;36mdebug: [0mc_header: LOOP START token=1 line=8060 text='int32_t'
[1;36mdebug: [0mc_header: LOOP START token=89 line=8062 text='bool'
[1;36mdebug: [0mc_header: LOOP START token=67 line=8063 text='float'
[1;36mdebug: [0mc_header: LOOP START token=65 line=8064 text='enum'
[1;36mdebug: [0mc_header: LOOP START token=65 line=8065 text='enum'
[1;36mdebug: [0mc_header: LOOP START token=65 line=8066 text='enum'
[1;36mdebug: [0mc_header: LOOP START token=1 line=8067 text='uint32_t'
[1;36mdebug: [0mc_header: LOOP START token=89 line=8072 text='bool'
[1;36mdebug: [0mc_header: LOOP START token=89 line=8074 text='bool'
[1;36mdebug: [0mc_header: LOOP START token=89 line=8076 text='bool'
[1;36mdebug: [0mc_header: LOOP START token=89 line=8079 text='bool'
[1;36mdebug: [0mc_header: LOOP START token=1 line=8082 text='uint32_t'
[1;36mdebug: [0mc_header: LOOP START token=81 line=8084 text='struct'
[1;36mdebug: [0mc_header: LOOP START token=81 line=8086 text='struct'
[1;36mdebug: [0mc_header: LOOP START token=81 line=8089 text='struct'
[1;36mdebug: [0mc_header: LOOP START token=81 line=8092 text='struct'
[1;36mdebug: [0mc_header: LOOP START token=81 line=8094 text='struct'
[1;36mdebug: [0mc_header: LOOP START token=81 line=8096 text='struct'
[1;36mdebug: [0mc_header: LOOP START token=81 line=8099 text='struct'
[1;36mdebug: [0mc_header: LOOP START token=81 line=8101 text='struct'
[1;36mdebug: [0mc_header: LOOP START token=81 line=8102 text='struct'
[1;36mdebug: [0mc_header: LOOP START token=81 line=8103 text='struct'
[1;36mdebug: [0mc_header: LOOP START token=81 line=8104 text='struct'
[1;36mdebug: [0mc_header: LOOP START token=81 line=8107 text='struct'
[1;36mdebug: [0mc_header: LOOP START token=81 line=8108 text='struct'
[1;36mdebug: [0mc_header: LOOP START token=72 line=8110 text='int'
[1;36mdebug: [0mc_header: LOOP START token=81 line=8112 text='struct'
[1;36mdebug: [0mc_header: LOOP START token=81 line=8113 text='struct'
[1;36mdebug: [0mc_header: LOOP START token=81 line=8114 text='struct'
[1;36mdebug: [0mc_header: LOOP START token=81 line=8115 text='struct'
[1;36mdebug: [0mc_header: LOOP START token=72 line=8116 text='int'
[1;36mdebug: [0mc_header: LOOP START token=81 line=8118 text='struct'
[1;36mdebug: [0mc_header: LOOP START token=81 line=8120 text='struct'
[1;36mdebug: [0mc_header: LOOP START token=81 line=8121 text='struct'
[1;36mdebug: [0mc_header: LOOP START token=81 line=8122 text='struct'
[1;36mdebug: [0mc_header: LOOP START token=81 line=8124 text='struct'
[1;36mdebug: [0mc_header: LOOP START token=81 line=8126 text='struct'
[1;36mdebug: [0mc_header: LOOP START token=86 line=8128 text='void'
[1;36mdebug: [0mc_header: LOOP START token=81 line=8132 text='struct'
[1;36mdebug: [0mc_header: LOOP START token=59 line=8133 text='const'
[1;36mdebug: [0mc_header: LOOP START token=81 line=8137 text='struct'
[1;36mdebug: [0mc_header: LOOP START token=81 line=8138 text='struct'
[1;36mdebug: [0mc_header: LOOP START token=59 line=8139 text='const'
[1;36mdebug: [0mc_header: LOOP START token=81 line=8143 text='struct'
[1;36mdebug: [0mc_header: LOOP START token=81 line=8144 text='struct'
[1;36mdebug: [0mc_header: LOOP START token=59 line=8145 text='const'
[1;36mdebug: [0mc_header: LOOP START token=1
[1;36mdebug: [0mc_header: LOOP START token=1
[1;36mdebug: [0mc_header: LOOP START token=1
[1;36mdebug: [0mc_header: LOOP START token=1
[1;36mdebug: [0mc_header: LOOP START token=81 line=8163 text='struct'
[1;36mdebug: [0mc_header: LOOP START token=1 line=8166 text='uint32_t'
[1;36mdebug: [0mc_header: LOOP START token=89 line=8168 text='bool'
[1;36mdebug: [0mc_header: LOOP START token=81 line=8170 text='struct'
[1;36mdebug: [0mc_header: LOOP START token=85 line=8172 text='unsigned'
[1;36mdebug: [0mc_header: LOOP START token=72 line=8175 text='int'
[1;36mdebug: [0mc_header: LOOP START token=1 line=8176 text='uint32_t'
[1;36mdebug: [0mc_header: LOOP START token=81 line=8180 text='struct'
[1;36mdebug: [0mc_header: LOOP START token=81 line=8181 text='struct'
[1;36mdebug: [0mc_header: LOOP START token=81 line=8185 text='struct'
[1;36mdebug: [0mc_header: LOOP START token=59 line=8186 text='const'
[1;36mdebug: [0mc_header: w_name=wlr_output_create_global
[1;36mdebug: [0mc_header: parsed function wlr_output_create_global with 2 params (varargs=0) at line 8191
[1;36mdebug: [0mc_header: w_name=wlr_output_destroy_global
[1;36mdebug: [0mc_header: parsed function wlr_output_destroy_global with 1 params (varargs=0) at line 8192
[1;36mdebug: [0mc_header: w_name=wlr_output_init_render
[1;36mdebug: [0mc_header: parsed function wlr_output_init_render with 3 params (varargs=0) at line 8195
[1;36mdebug: [0mc_header: w_name=wlr_output_preferred_mode
[1;36mdebug: [0mc_header: parsed function wlr_output_preferred_mode with 1 params (varargs=0) at line 8200
[1;36mdebug: [0mc_header: w_name=wlr_output_set_name
[1;36mdebug: [0mc_header: parsed function wlr_output_set_name with 2 params (varargs=0) at line 8202
[1;36mdebug: [0mc_header: w_name=wlr_output_set_description
[1;36mdebug: [0mc_header: parsed function wlr_output_set_description with 2 params (varargs=0) at line 8203
[1;36mdebug: [0mc_header: w_name=wlr_output_schedule_done
[1;36mdebug: [0mc_header: parsed function wlr_output_schedule_done with 1 params (varargs=0) at line 8209
[1;36mdebug: [0mc_header: w_name=wlr_output_destroy
[1;36mdebug: [0mc_header: parsed function wlr_output_destroy with 1 params (varargs=0) at line 8210
[1;36mdebug: [0mc_header: w_name=wlr_output_transformed_resolution
[1;36mdebug: [0mc_header: parsed function wlr_output_transformed_resolution with 3 params (varargs=0) at line 8215
[1;36mdebug: [0mc_header: w_name=wlr_output_effective_resolution
[1;36mdebug: [0mc_header: parsed function wlr_output_effective_resolution with 3 params (varargs=0) at line 8220
[1;36mdebug: [0mc_header: w_name=wlr_output_test_state
[1;36mdebug: [0mc_header: parsed function wlr_output_test_state with 2 params (varargs=0) at line 8228
[1;36mdebug: [0mc_header: w_name=wlr_output_commit_state
[1;36mdebug: [0mc_header: parsed function wlr_output_commit_state with 2 params (varargs=0) at line 8231
[1;36mdebug: [0mc_header: w_name=wlr_output_schedule_frame
[1;36mdebug: [0mc_header: parsed function wlr_output_schedule_frame with 1 params (varargs=0) at line 8236
[1;36mdebug: [0mc_header: w_name=wlr_output_get_gamma_size
[1;36mdebug: [0mc_header: parsed function wlr_output_get_gamma_size with 1 params (varargs=0) at line 8240
[1;36mdebug: [0mc_header: w_name=wlr_output_from_resource
[1;36mdebug: [0mc_header: parsed function wlr_output_from_resource with 1 params (varargs=0) at line 8246
[1;36mdebug: [0mc_header: w_name=wlr_output_lock_attach_render
[1;36mdebug: [0mc_header: parsed function wlr_output_lock_attach_render with 2 params (varargs=0) at line 8253
[1;36mdebug: [0mc_header: w_name=wlr_output_lock_software_cursors
[1;36mdebug: [0mc_header: parsed function wlr_output_lock_software_cursors with 2 params (varargs=0) at line 8261
[1;36mdebug: [0mc_header: w_name=wlr_output_add_software_cursors_to_render_pass
[1;36mdebug: [0mc_header: parsed function wlr_output_add_software_cursors_to_render_pass with 3 params (varargs=0) at line 8268
[1;36mdebug: [0mc_header: w_name=wlr_output_get_primary_formats
[1;36mdebug: [0mc_header: parsed function wlr_output_get_primary_formats with 2 params (varargs=0) at line 8271
[1;36mdebug: [0mc_header: w_name=wlr_output_is_direct_scanout_allowed
[1;36mdebug: [0mc_header: parsed function wlr_output_is_direct_scanout_allowed with 1 params (varargs=0) at line 8278
[1;36mdebug: [0mc_header: w_name=wlr_output_cursor_create
[1;36mdebug: [0mc_header: parsed function wlr_output_cursor_create with 1 params (varargs=0) at line 8281
[1;36mdebug: [0mc_header: w_name=wlr_output_cursor_set_buffer
[1;36mdebug: [0mc_header: parsed function wlr_output_cursor_set_buffer with 4 params (varargs=0) at line 8283
[1;36mdebug: [0mc_header: w_name=wlr_output_cursor_move
[1;36mdebug: [0mc_header: parsed function wlr_output_cursor_move with 3 params (varargs=0) at line 8285
[1;36mdebug: [0mc_header: w_name=wlr_output_cursor_destroy
[1;36mdebug: [0mc_header: parsed function wlr_output_cursor_destroy with 1 params (varargs=0) at line 8286
[1;36mdebug: [0mc_header: w_name=wlr_output_state_init
[1;36mdebug: [0mc_header: parsed function wlr_output_state_init with 1 params (varargs=0) at line 8291
[1;36mdebug: [0mc_header: w_name=wlr_output_state_finish
[1;36mdebug: [0mc_header: parsed function wlr_output_state_finish with 1 params (varargs=0) at line 8295
[1;36mdebug: [0mc_header: w_name=wlr_output_state_set_enabled
[1;36mdebug: [0mc_header: parsed function wlr_output_state_set_enabled with 2 params (varargs=0) at line 8303
[1;36mdebug: [0mc_header: w_name=wlr_output_state_set_mode
[1;36mdebug: [0mc_header: parsed function wlr_output_state_set_mode with 2 params (varargs=0) at line 8311
[1;36mdebug: [0mc_header: w_name=wlr_output_state_set_custom_mode
[1;36mdebug: [0mc_header: parsed function wlr_output_state_set_custom_mode with 4 params (varargs=0) at line 8314
[1;36mdebug: [0mc_header: w_name=wlr_output_state_set_scale
[1;36mdebug: [0mc_header: parsed function wlr_output_state_set_scale with 2 params (varargs=0) at line 8321
[1;36mdebug: [0mc_header: w_name=wlr_output_state_set_transform
[1;36mdebug: [0mc_header: parsed function wlr_output_state_set_transform with 2 params (varargs=0) at line 8329
[1;36mdebug: [0mc_header: w_name=wlr_output_state_set_adaptive_sync_enabled
[1;36mdebug: [0mc_header: parsed function wlr_output_state_set_adaptive_sync_enabled with 2 params (varargs=0) at line 8332
[1;36mdebug: [0mc_header: w_name=wlr_output_state_set_render_format
[1;36mdebug: [0mc_header: parsed function wlr_output_state_set_render_format with 2 params (varargs=0) at line 8335
[1;36mdebug: [0mc_header: w_name=wlr_output_state_set_subpixel
[1;36mdebug: [0mc_header: parsed function wlr_output_state_set_subpixel with 2 params (varargs=0) at line 8343
[1;36mdebug: [0mc_header: w_name=wlr_output_state_set_buffer
[1;36mdebug: [0mc_header: parsed function wlr_output_state_set_buffer with 2 params (varargs=0) at line 8352
[1;36mdebug: [0mc_header: w_name=wlr_output_state_set_gamma_lut
[1;36mdebug: [0mc_header: parsed function wlr_output_state_set_gamma_lut with 5 params (varargs=0) at line 8355
[1;36mdebug: [0mc_header: w_name=wlr_output_state_set_damage
[1;36mdebug: [0mc_header: parsed function wlr_output_state_set_damage with 2 params (varargs=0) at line 8358
[1;36mdebug: [0mc_header: w_name=wlr_output_state_set_layers
[1;36mdebug: [0mc_header: parsed function wlr_output_state_set_layers with 3 params (varargs=0) at line 8361
[1;36mdebug: [0mc_header: w_name=wlr_output_state_copy
[1;36mdebug: [0mc_header: parsed function wlr_output_state_copy with 2 params (varargs=0) at line 8364
[1;36mdebug: [0mc_header: w_name=wlr_output_configure_primary_swapchain
[1;36mdebug: [0mc_header: parsed function wlr_output_configure_primary_swapchain with 3 params (varargs=0) at line 8367
[1;36mdebug: [0mc_header: w_name=wlr_output_begin_render_pass
[1;36mdebug: [0mc_header: parsed function wlr_output_begin_render_pass with 4 params (varargs=0) at line 8371
[1;36mdebug: [0mc_header: LOOP START token=1
[1;36mdebug: [0mc_header: LOOP START token=1
[1;36mdebug: [0mc_header: LOOP START token=1
[1;36mdebug: [0mc_header: LOOP START token=1
[1;36mdebug: [0mc_header: LOOP START token=1
[1;36mdebug: [0mc_header: LOOP START token=1
[1;36mdebug: [0mc_header: LOOP START token=1
[1;36mdebug: [0mc_header: LOOP START token=1
[1;36mdebug: [0mc_header: LOOP START token=1
[1;36mdebug: [0mc_header: LOOP START token=1
[1;36mdebug: [0mc_header: LOOP START token=1 line=8391 text='uint32_t'
[1;36mdebug: [0mc_header: LOOP START token=1 line=8394 text='uint32_t'
[1;36mdebug: [0mc_header: LOOP START token=81 line=8396 text='struct'
[1;36mdebug: [0mc_header: LOOP START token=1 line=8397 text='int32_t'
[1;36mdebug: [0mc_header: LOOP START token=1 line=8398 text='pixman_region32_t'
[1;36mdebug: [0mc_header: LOOP START token=1 line=8399 text='pixman_region32_t'
[1;36mdebug: [0mc_header: LOOP START token=65 line=8400 text='enum'
[1;36mdebug: [0mc_header: LOOP START token=1 line=8401 text='int32_t'
[1;36mdebug: [0mc_header: LOOP START token=81 line=8402 text='struct'
[1;36mdebug: [0mc_header: LOOP START token=72 line=8404 text='int'
[1;36mdebug: [0mc_header: LOOP START token=72 line=8405 text='int'
[1;36mdebug: [0mc_header: LOOP START token=81 line=8407 text='struct'
[1;36mdebug: [0mc_header: LOOP START token=81 line=8408 text='struct'
[1;36mdebug: [0mc_header: LOOP START token=81 line=8410 text='struct'
[1;36mdebug: [0mc_header: LOOP START token=89 line=8411 text='bool'
[1;36mdebug: [0mc_header: LOOP START token=81 line=8414 text='struct'
[1;36mdebug: [0mc_header: LOOP START token=72 line=8415 text='int'
[1;36mdebug: [0mc_header: LOOP START token=1 line=8419 text='size_t'
[1;36mdebug: [0mc_header: LOOP START token=81 line=8420 text='struct'
[1;36mdebug: [0mc_header: LOOP START token=81 line=8423 text='struct'
[1;36mdebug: [0mc_header: LOOP START token=59 line=8427 text='const'
[1;36mdebug: [0mc_header: LOOP START token=89 line=8432 text='bool'
[1;36mdebug: [0mc_header: LOOP START token=86 line=8434 text='void'
[1;36mdebug: [0mc_header: LOOP START token=86 line=8441 text='void'
[1;36mdebug: [0mc_header: LOOP START token=86 line=8448 text='void'
[1;36mdebug: [0mc_header: LOOP START token=86 line=8452 text='void'
[1;36mdebug: [0mc_header: LOOP START token=81 line=8456 text='struct'
[1;36mdebug: [0mc_header: LOOP START token=81 line=8457 text='struct'
[1;36mdebug: [0mc_header: LOOP START token=81 line=8459 text='struct'
[1;36mdebug: [0mc_header: LOOP START token=81 line=8460 text='struct'
[1;36mdebug: [0mc_header: LOOP START token=81 line=8461 text='struct'
[1;36mdebug: [0mc_header: LOOP START token=81 line=8465 text='struct'
[1;36mdebug: [0mc_header: LOOP START token=81 line=8466 text='struct'
[1;36mdebug: [0mc_header: LOOP START token=81 line=8473 text='struct'
[1;36mdebug: [0mc_header: LOOP START token=1 line=8475 text='pixman_region32_t'
[1;36mdebug: [0mc_header: LOOP START token=1 line=8481 text='pixman_region32_t'
[1;36mdebug: [0mc_header: LOOP START token=1 line=8488 text='pixman_region32_t'
[1;36mdebug: [0mc_header: LOOP START token=81 line=8494 text='struct'
[1;36mdebug: [0mc_header: LOOP START token=81 line=8496 text='struct'
[1;36mdebug: [0mc_header: LOOP START token=89 line=8501 text='bool'
[1;36mdebug: [0mc_header: LOOP START token=59 line=8506 text='const'
[1;36mdebug: [0mc_header: LOOP START token=81 line=8512 text='struct'
[1;36mdebug: [0mc_header: LOOP START token=81 line=8514 text='struct'
[1;36mdebug: [0mc_header: LOOP START token=81 line=8515 text='struct'
[1;36mdebug: [0mc_header: LOOP START token=81 line=8516 text='struct'
[1;36mdebug: [0mc_header: LOOP START token=81 line=8522 text='struct'
[1;36mdebug: [0mc_header: LOOP START token=81 line=8529 text='struct'
[1;36mdebug: [0mc_header: LOOP START token=81 line=8536 text='struct'
[1;36mdebug: [0mc_header: LOOP START token=81 line=8537 text='struct'
[1;36mdebug: [0mc_header: LOOP START token=81 line=8540 text='struct'
[1;36mdebug: [0mc_header: LOOP START token=81 line=8542 text='struct'
[1;36mdebug: [0mc_header: LOOP START token=86 line=8543 text='void'
[1;36mdebug: [0mc_header: LOOP START token=81 line=8547 text='struct'
[1;36mdebug: [0mc_header: LOOP START token=81 line=8549 text='struct'
[1;36mdebug: [0mc_header: LOOP START token=1 line=8550 text='int32_t'
[1;36mdebug: [0mc_header: LOOP START token=65 line=8551 text='enum'
[1;36mdebug: [0mc_header: LOOP START token=72 line=8552 text='int'
[1;36mdebug: [0mc_header: LOOP START token=72 line=8553 text='int'
[1;36mdebug: [0mc_header: LOOP START token=89 line=8556 text='bool'
[1;36mdebug: [0mc_header: LOOP START token=89 line=8558 text='bool'
[1;36mdebug: [0mc_header: LOOP START token=89 line=8560 text='bool'
[1;36mdebug: [0mc_header: LOOP START token=89 line=8561 text='bool'
[1;36mdebug: [0mc_header: LOOP START token=1 line=8563 text='int32_t'
[1;36mdebug: [0mc_header: LOOP START token=89 line=8564 text='bool'
[1;36mdebug: [0mc_header: LOOP START token=65 line=8565 text='enum'
[1;36mdebug: [0mc_header: LOOP START token=81 line=8567 text='struct'
[1;36mdebug: [0mc_header: LOOP START token=1 line=8568 text='size_t'
[1;36mdebug: [0mc_header: LOOP START token=81 line=8570 text='struct'
[1;36mdebug: [0mc_header: LOOP START token=81 line=8571 text='struct'
[1;36mdebug: [0mc_header: LOOP START token=81 line=8577 text='struct'
[1;36mdebug: [0mc_header: LOOP START token=81 line=8578 text='struct'
[1;36mdebug: [0mc_header: LOOP START token=81 line=8580 text='struct'
[1;36mdebug: [0mc_header: LOOP START token=81 line=8581 text='struct'
[1;36mdebug: [0mc_header: LOOP START token=81 line=8583 text='struct'
[1;36mdebug: [0mc_header: LOOP START token=81 line=8584 text='struct'
[1;36mdebug: [0mc_header: LOOP START token=81 line=8585 text='struct'
[1;36mdebug: [0mc_header: w_name=wlr_surface_set_role
[1;36mdebug: [0mc_header: parsed function wlr_surface_set_role with 4 params (varargs=0) at line 8593
[1;36mdebug: [0mc_header: w_name=wlr_surface_set_role_object
[1;36mdebug: [0mc_header: parsed function wlr_surface_set_role_object with 2 params (varargs=0) at line 8595
[1;36mdebug: [0mc_header: w_name=wlr_surface_map
[1;36mdebug: [0mc_header: parsed function wlr_surface_map with 1 params (varargs=0) at line 8602
[1;36mdebug: [0mc_header: w_name=wlr_surface_unmap
[1;36mdebug: [0mc_header: parsed function wlr_surface_unmap with 1 params (varargs=0) at line 8609
[1;36mdebug: [0mc_header: w_name=wlr_surface_reject_pending
[1;36mdebug: [0mc_header: parsed function wlr_surface_reject_pending with 4 params (varargs=1) at line 8618
[1;36mdebug: [0mc_header: w_name=wlr_surface_has_buffer
[1;36mdebug: [0mc_header: parsed function wlr_surface_has_buffer with 1 params (varargs=0) at line 8626
[1;36mdebug: [0mc_header: w_name=wlr_surface_state_has_buffer
[1;36mdebug: [0mc_header: parsed function wlr_surface_state_has_buffer with 1 params (varargs=0) at line 8628
[1;36mdebug: [0mc_header: w_name=wlr_surface_get_texture
[1;36mdebug: [0mc_header: parsed function wlr_surface_get_texture with 1 params (varargs=0) at line 8635
[1;36mdebug: [0mc_header: w_name=wlr_surface_get_root_surface
[1;36mdebug: [0mc_header: parsed function wlr_surface_get_root_surface with 1 params (varargs=0) at line 8642
[1;36mdebug: [0mc_header: w_name=wlr_surface_point_accepts_input
[1;36mdebug: [0mc_header: parsed function wlr_surface_point_accepts_input with 3 params (varargs=0) at line 8649
[1;36mdebug: [0mc_header: w_name=wlr_surface_surface_at
[1;36mdebug: [0mc_header: parsed function wlr_surface_surface_at with 5 params (varargs=0) at line 8658
[1;36mdebug: [0mc_header: w_name=wlr_surface_send_enter
[1;36mdebug: [0mc_header: parsed function wlr_surface_send_enter with 2 params (varargs=0) at line 8666
[1;36mdebug: [0mc_header: w_name=wlr_surface_send_leave
[1;36mdebug: [0mc_header: parsed function wlr_surface_send_leave with 2 params (varargs=0) at line 8674
[1;36mdebug: [0mc_header: w_name=wlr_surface_send_frame_done
[1;36mdebug: [0mc_header: parsed function wlr_surface_send_frame_done with 2 params (varargs=0) at line 8683
[1;36mdebug: [0mc_header: w_name=wlr_surface_get_extends
[1;36mdebug: [0mc_header: parsed function wlr_surface_get_extends with 2 params (varargs=0) at line 8690
[1;36mdebug: [0mc_header: w_name=wlr_surface_from_resource
[1;36mdebug: [0mc_header: parsed function wlr_surface_from_resource with 1 params (varargs=0) at line 8698
[1;36mdebug: [0mc_header: w_name=wlr_surface_for_each_surface
[1;36mdebug: [0mc_header: parsed function wlr_surface_for_each_surface with 3 params (varargs=0) at line 8706
[1;36mdebug: [0mc_header: w_name=wlr_surface_get_effective_damage
[1;36mdebug: [0mc_header: parsed function wlr_surface_get_effective_damage with 2 params (varargs=0) at line 8712
[1;36mdebug: [0mc_header: w_name=wlr_surface_get_buffer_source_box
[1;36mdebug: [0mc_header: parsed function wlr_surface_get_buffer_source_box with 2 params (varargs=0) at line 8715
[1;36mdebug: [0mc_header: w_name=wlr_surface_lock_pending
[1;36mdebug: [0mc_header: parsed function wlr_surface_lock_pending with 1 params (varargs=0) at line 8717
[1;36mdebug: [0mc_header: w_name=wlr_surface_unlock_cached
[1;36mdebug: [0mc_header: parsed function wlr_surface_unlock_cached with 2 params (varargs=0) at line 8725
[1;36mdebug: [0mc_header: w_name=wlr_surface_set_preferred_buffer_scale
[1;36mdebug: [0mc_header: parsed function wlr_surface_set_preferred_buffer_scale with 2 params (varargs=0) at line 8734
[1;36mdebug: [0mc_header: w_name=wlr_surface_set_preferred_buffer_transform
[1;36mdebug: [0mc_header: parsed function wlr_surface_set_preferred_buffer_transform with 2 params (varargs=0) at line 8743
[1;36mdebug: [0mc_header: LOOP START token=1 line=8747 text='size_t'
[1;36mdebug: [0mc_header: LOOP START token=86 line=8749 text='void'
[1;36mdebug: [0mc_header: LOOP START token=86 line=8751 text='void'
[1;36mdebug: [0mc_header: LOOP START token=86 line=8753 text='void'
[1;36mdebug: [0mc_header: LOOP START token=81 line=8757 text='struct'
[1;36mdebug: [0mc_header: LOOP START token=59 line=8758 text='const'
[1;36mdebug: [0mc_header: LOOP START token=81 line=8759 text='struct'
[1;36mdebug: [0mc_header: LOOP START token=1 line=8760 text='size_t'
[1;36mdebug: [0mc_header: w_name=wlr_surface_synced_init
[1;36mdebug: [0mc_header: parsed function wlr_surface_synced_init with 5 params (varargs=0) at line 8771
[1;36mdebug: [0mc_header: w_name=wlr_surface_synced_finish
[1;36mdebug: [0mc_header: parsed function wlr_surface_synced_finish with 1 params (varargs=0) at line 8777
[1;36mdebug: [0mc_header: w_name=wlr_surface_synced_get_state
[1;36mdebug: [0mc_header: parsed function wlr_surface_synced_get_state with 2 params (varargs=0) at line 8782
[1;36mdebug: [0mc_header: w_name=wlr_region_from_resource
[1;36mdebug: [0mc_header: parsed function wlr_region_from_resource with 1 params (varargs=0) at line 8787
[1;36mdebug: [0mc_header: w_name=wlr_compositor_create
[1;36mdebug: [0mc_header: parsed function wlr_compositor_create with 3 params (varargs=0) at line 8790
[1;36mdebug: [0mc_header: w_name=wlr_compositor_set_renderer
[1;36mdebug: [0mc_header: parsed function wlr_compositor_set_renderer with 2 params (varargs=0) at line 8793
[1;36mdebug: [0mc_header: LOOP START token=1
[1;36mdebug: [0mc_header: LOOP START token=1
[1;36mdebug: [0mc_header: LOOP START token=1
[1;36mdebug: [0mc_header: LOOP START token=1
[1;36mdebug: [0mc_header: LOOP START token=1
[1;36mdebug: [0mc_header: LOOP START token=1
[1;36mdebug: [0mc_header: LOOP START token=1
[1;36mdebug: [0mc_header: LOOP START token=1
[1;36mdebug: [0mc_header: LOOP START token=65 line=8817 text='enum'
[1;36mdebug: [0mc_header: LOOP START token=58 line=8818 text='char'
[1;36mdebug: [0mc_header: LOOP START token=81 line=8820 text='struct'
[1;36mdebug: [0mc_header: LOOP START token=81 line=8821 text='struct'
[1;36mdebug: [0mc_header: LOOP START token=86 line=8824 text='void'
[1;36mdebug: [0mc_header: LOOP START token=72
[1;36mdebug: [0mc_header: LOOP START token=84
[1;36mdebug: [0mc_header: LOOP START token=85
[1;36mdebug: [0mc_header: LOOP START token=58
[1;36mdebug: [0mc_header: LOOP START token=1
[1;36mdebug: [0mc_header: LOOP START token=1
[1;36mdebug: [0mc_header: LOOP START token=1
[1;36mdebug: [0mc_header: LOOP START token=1
[1;36mdebug: [0mc_header: LOOP START token=72 line=8927 text='int'
[1;36mdebug: [0mc_header: LOOP START token=58 line=8930 text='char'
[1;36mdebug: [0mc_header: LOOP START token=58 line=8931 text='char'
[1;36mdebug: [0mc_header: LOOP START token=58 line=8932 text='char'
[1;36mdebug: [0mc_header: LOOP START token=58 line=8933 text='char'
[1;36mdebug: [0mc_header: LOOP START token=58 line=8934 text='char'
[1;36mdebug: [0mc_header: LOOP START token=58 line=8935 text='char'
[1;36mdebug: [0mc_header: LOOP START token=58 line=8936 text='char'
[1;36mdebug: [0mc_header: LOOP START token=58 line=8937 text='char'
[1;36mdebug: [0mc_header: LOOP START token=58 line=8940 text='char'
[1;36mdebug: [0mc_header: LOOP START token=58 line=8941 text='char'
[1;36mdebug: [0mc_header: LOOP START token=58 line=8942 text='char'
[1;36mdebug: [0mc_header: LOOP START token=81 line=8944 text='struct'
[1;36mdebug: [0mc_header: LOOP START token=81 line=8946 text='struct'
[1;36mdebug: [0mc_header: LOOP START token=72 line=8948 text='int'
[1;36mdebug: [0mc_header: LOOP START token=72 line=8949 text='int'
[1;36mdebug: [0mc_header: LOOP START token=58 line=8951 text='char'
[1;36mdebug: [0mc_header: LOOP START token=1 line=8952 text='__off_t'
[1;36mdebug: [0mc_header: LOOP START token=85 line=8955 text='unsigned'
[1;36mdebug: [0mc_header: LOOP START token=78 line=8956 text='signed'
[1;36mdebug: [0mc_header: LOOP START token=58 line=8957 text='char'
[1;36mdebug: [0mc_header: LOOP START token=1 line=8959 text='_IO_lock_t'
[1;36mdebug: [0mc_header: LOOP START token=1 line=8967 text='__off64_t'
[1;36mdebug: [0mc_header: LOOP START token=81 line=8969 text='struct'
[1;36mdebug: [0mc_header: LOOP START token=81 line=8970 text='struct'
[1;36mdebug: [0mc_header: LOOP START token=81 line=8971 text='struct'
[1;36mdebug: [0mc_header: LOOP START token=86 line=8972 text='void'
[1;36mdebug: [0mc_header: LOOP START token=81 line=8973 text='struct'
[1;36mdebug: [0mc_header: LOOP START token=72 line=8974 text='int'
[1;36mdebug: [0mc_header: LOOP START token=72 line=8976 text='int'
[1;36mdebug: [0mc_header: LOOP START token=1 line=8978 text='__uint64_t'
[1;36mdebug: [0mc_header: LOOP START token=58 line=8983 text='char'
[1;36mdebug: [0mc_header: LOOP START token=1
[1;36mdebug: [0mc_header: LOOP START token=1
[1;36mdebug: [0mc_header: LOOP START token=1
[1;36mdebug: [0mc_header: LOOP START token=1
[1;36mdebug: [0mc_header: w_name=remove
[1;36mdebug: [0mc_header: parsed function remove with 1 params (varargs=0) at line 9041
[1;36mdebug: [0mc_header: w_name=rename
[1;36mdebug: [0mc_header: parsed function rename with 2 params (varargs=0) at line 9043
[1;36mdebug: [0mc_header: w_name=renameat
[1;36mdebug: [0mc_header: parsed function renameat with 4 params (varargs=0) at line 9048
[1;36mdebug: [0mc_header: w_name=fclose
[1;36mdebug: [0mc_header: parsed function fclose with 1 params (varargs=0) at line 9050
[1;36mdebug: [0mc_header: w_name=tmpfile
[1;36mdebug: [0mc_header: parsed function tmpfile with 0 params (varargs=0) at line 9053
[1;36mdebug: [0mc_header: w_name=tmpnam
[1;36mdebug: [0mc_header: parsed function tmpnam with 1 params (varargs=0) at line 9055
[1;36mdebug: [0mc_header: w_name=tmpnam_r
[1;36mdebug: [0mc_header: parsed function tmpnam_r with 1 params (varargs=0) at line 9060
[1;36mdebug: [0mc_header: w_name=tempnam
[1;36mdebug: [0mc_header: parsed function tempnam with 2 params (varargs=0) at line 9063
[1;36mdebug: [0mc_header: w_name=fflush
[1;36mdebug: [0mc_header: parsed function fflush with 1 params (varargs=0) at line 9070
[1;36mdebug: [0mc_header: w_name=fflush_unlocked
[1;36mdebug: [0mc_header: parsed function fflush_unlocked with 1 params (varargs=0) at line 9072
[1;36mdebug: [0mc_header: w_name=fopen
[1;36mdebug: [0mc_header: parsed function fopen with 2 params (varargs=0) at line 9076
[1;36mdebug: [0mc_header: w_name=freopen
[1;36mdebug: [0mc_header: parsed function freopen with 3 params (varargs=0) at line 9083
[1;36mdebug: [0mc_header: w_name=fdopen
[1;36mdebug: [0mc_header: parsed function fdopen with 2 params (varargs=0) at line 9085
[1;36mdebug: [0mc_header: w_name=fopencookie
[1;36mdebug: [0mc_header: parsed function fopencookie with 3 params (varargs=0) at line 9094
[1;36mdebug: [0mc_header: w_name=fmemopen
[1;36mdebug: [0mc_header: parsed function fmemopen with 3 params (varargs=0) at line 9101
[1;36mdebug: [0mc_header: w_name=open_memstream
[1;36mdebug: [0mc_header: parsed function open_memstream with 2 params (varargs=0) at line 9106
[1;36mdebug: [0mc_header: w_name=setbuf
[1;36mdebug: [0mc_header: parsed function setbuf with 2 params (varargs=0) at line 9109
[1;36mdebug: [0mc_header: w_name=setvbuf
[1;36mdebug: [0mc_header: parsed function setvbuf with 4 params (varargs=0) at line 9115
[1;36mdebug: [0mc_header: w_name=setbuffer
[1;36mdebug: [0mc_header: parsed function setbuffer with 3 params (varargs=0) at line 9121
[1;36mdebug: [0mc_header: w_name=setlinebuf
[1;36mdebug: [0mc_header: parsed function setlinebuf with 1 params (varargs=0) at line 9124
[1;36mdebug: [0mc_header: w_name=fprintf
[1;36mdebug: [0mc_header: parsed function fprintf with 2 params (varargs=1) at line 9133
[1;36mdebug: [0mc_header: w_name=printf
[1;36mdebug: [0mc_header: parsed function printf with 1 params (varargs=1) at line 9138
[1;36mdebug: [0mc_header: w_name=sprintf
[1;36mdebug: [0mc_header: parsed function sprintf with 2 params (varargs=1) at line 9141
[1;36mdebug: [0mc_header: w_name=vfprintf
[1;36mdebug: [0mc_header: parsed function vfprintf with 3 params (varargs=0) at line 9148
[1;36mdebug: [0mc_header: w_name=vprintf
[1;36mdebug: [0mc_header: parsed function vprintf with 2 params (varargs=0) at line 9153
[1;36mdebug: [0mc_header: w_name=vsprintf
[1;36mdebug: [0mc_header: parsed function vsprintf with 3 params (varargs=0) at line 9156
[1;36mdebug: [0mc_header: w_name=snprintf
[1;36mdebug: [0mc_header: parsed function snprintf with 3 params (varargs=1) at line 9162
[1;36mdebug: [0mc_header: w_name=vsnprintf
[1;36mdebug: [0mc_header: parsed function vsnprintf with 4 params (varargs=0) at line 9166
[1;36mdebug: [0mc_header: w_name=vasprintf
[1;36mdebug: [0mc_header: parsed function vasprintf with 3 params (varargs=0) at line 9174
[1;36mdebug: [0mc_header: w_name=__asprintf
[1;36mdebug: [0mc_header: parsed function __asprintf with 2 params (varargs=1) at line 9177
[1;36mdebug: [0mc_header: w_name=asprintf
[1;36mdebug: [0mc_header: parsed function asprintf with 2 params (varargs=1) at line 9180
[1;36mdebug: [0mc_header: w_name=vdprintf
[1;36mdebug: [0mc_header: parsed function vdprintf with 3 params (varargs=0) at line 9187
[1;36mdebug: [0mc_header: w_name=dprintf
[1;36mdebug: [0mc_header: parsed function dprintf with 2 params (varargs=1) at line 9189
[1;36mdebug: [0mc_header: w_name=fscanf
[1;36mdebug: [0mc_header: parsed function fscanf with 2 params (varargs=1) at line 9198
[1;36mdebug: [0mc_header: w_name=scanf
[1;36mdebug: [0mc_header: parsed function scanf with 1 params (varargs=1) at line 9203
[1;36mdebug: [0mc_header: w_name=sscanf
[1;36mdebug: [0mc_header: parsed function sscanf with 2 params (varargs=1) at line 9206
[1;36mdebug: [0mc_header: w_name=fscanf
[1;36mdebug: [0mc_header: parsed function fscanf with 2 params (varargs=1) at line 9208
[1;36mdebug: [0mc_header: w_name=scanf
[1;36mdebug: [0mc_header: parsed function scanf with 1 params (varargs=1) at line 9211
[1;36mdebug: [0mc_header: w_name=sscanf
[1;36mdebug: [0mc_header: parsed function sscanf with 2 params (varargs=1) at line 9213
[1;36mdebug: [0mc_header: w_name=vfscanf
[1;36mdebug: [0mc_header: parsed function vfscanf with 3 params (varargs=0) at line 9219
[1;36mdebug: [0mc_header: w_name=vscanf
[1;36mdebug: [0mc_header: parsed function vscanf with 2 params (varargs=0) at line 9226
[1;36mdebug: [0mc_header: w_name=vsscanf
[1;36mdebug: [0mc_header: parsed function vsscanf with 3 params (varargs=0) at line 9231
[1;36mdebug: [0mc_header: w_name=vfscanf
[1;36mdebug: [0mc_header: parsed function vfscanf with 3 params (varargs=0) at line 9238
[1;36mdebug: [0mc_header: w_name=vscanf
[1;36mdebug: [0mc_header: parsed function vscanf with 2 params (varargs=0) at line 9243
[1;36mdebug: [0mc_header: w_name=vsscanf
[1;36mdebug: [0mc_header: parsed function vsscanf with 3 params (varargs=0) at line 9246
[1;36mdebug: [0mc_header: w_name=fgetc
[1;36mdebug: [0mc_header: parsed function fgetc with 1 params (varargs=0) at line 9252
[1;36mdebug: [0mc_header: w_name=getc
[1;36mdebug: [0mc_header: parsed function getc with 1 params (varargs=0) at line 9253
[1;36mdebug: [0mc_header: w_name=getchar
[1;36mdebug: [0mc_header: parsed function getchar with 0 params (varargs=0) at line 9259
[1;36mdebug: [0mc_header: w_name=getc_unlocked
[1;36mdebug: [0mc_header: parsed function getc_unlocked with 1 params (varargs=0) at line 9266
[1;36mdebug: [0mc_header: w_name=getchar_unlocked
[1;36mdebug: [0mc_header: parsed function getchar_unlocked with 0 params (varargs=0) at line 9267
[1;36mdebug: [0mc_header: w_name=fgetc_unlocked
[1;36mdebug: [0mc_header: parsed function fgetc_unlocked with 1 params (varargs=0) at line 9269
[1;36mdebug: [0mc_header: w_name=fputc
[1;36mdebug: [0mc_header: parsed function fputc with 2 params (varargs=0) at line 9277
[1;36mdebug: [0mc_header: w_name=putc
[1;36mdebug: [0mc_header: parsed function putc with 2 params (varargs=0) at line 9278
[1;36mdebug: [0mc_header: w_name=putchar
[1;36mdebug: [0mc_header: parsed function putchar with 1 params (varargs=0) at line 9284
[1;36mdebug: [0mc_header: w_name=fputc_unlocked
[1;36mdebug: [0mc_header: parsed function fputc_unlocked with 2 params (varargs=0) at line 9286
[1;36mdebug: [0mc_header: w_name=putc_unlocked
[1;36mdebug: [0mc_header: parsed function putc_unlocked with 2 params (varargs=0) at line 9294
[1;36mdebug: [0mc_header: w_name=putchar_unlocked
[1;36mdebug: [0mc_header: parsed function putchar_unlocked with 1 params (varargs=0) at line 9295
[1;36mdebug: [0mc_header: w_name=getw
[1;36mdebug: [0mc_header: parsed function getw with 1 params (varargs=0) at line 9302
[1;36mdebug: [0mc_header: w_name=putw
[1;36mdebug: [0mc_header: parsed function putw with 2 params (varargs=0) at line 9305
[1;36mdebug: [0mc_header: w_name=fgets
[1;36mdebug: [0mc_header: parsed function fgets with 3 params (varargs=0) at line 9314
[1;36mdebug: [0mc_header: w_name=__getdelim
[1;36mdebug: [0mc_header: parsed function __getdelim with 4 params (varargs=0) at line 9318
[1;36mdebug: [0mc_header: w_name=getdelim
[1;36mdebug: [0mc_header: parsed function getdelim with 4 params (varargs=0) at line 9321
[1;36mdebug: [0mc_header: w_name=getline
[1;36mdebug: [0mc_header: parsed function getline with 3 params (varargs=0) at line 9326
[1;36mdebug: [0mc_header: w_name=fputs
[1;36mdebug: [0mc_header: parsed function fputs with 2 params (varargs=0) at line 9335
[1;36mdebug: [0mc_header: w_name=puts
[1;36mdebug: [0mc_header: parsed function puts with 1 params (varargs=0) at line 9341
[1;36mdebug: [0mc_header: w_name=ungetc
[1;36mdebug: [0mc_header: parsed function ungetc with 2 params (varargs=0) at line 9348
[1;36mdebug: [0mc_header: w_name=fread
[1;36mdebug: [0mc_header: parsed function fread with 4 params (varargs=0) at line 9357
[1;36mdebug: [0mc_header: w_name=fwrite
[1;36mdebug: [0mc_header: parsed function fwrite with 4 params (varargs=0) at line 9363
[1;36mdebug: [0mc_header: w_name=fread_unlocked
[1;36mdebug: [0mc_header: parsed function fread_unlocked with 4 params (varargs=0) at line 9367
[1;36mdebug: [0mc_header: w_name=fwrite_unlocked
[1;36mdebug: [0mc_header: parsed function fwrite_unlocked with 4 params (varargs=0) at line 9370
[1;36mdebug: [0mc_header: w_name=fseek
[1;36mdebug: [0mc_header: parsed function fseek with 3 params (varargs=0) at line 9379
[1;36mdebug: [0mc_header: w_name=ftell
[1;36mdebug: [0mc_header: parsed function ftell with 1 params (varargs=0) at line 9384
[1;36mdebug: [0mc_header: w_name=rewind
[1;36mdebug: [0mc_header: parsed function rewind with 1 params (varargs=0) at line 9389
[1;36mdebug: [0mc_header: w_name=fseeko
[1;36mdebug: [0mc_header: parsed function fseeko with 3 params (varargs=0) at line 9392
[1;36mdebug: [0mc_header: w_name=ftello
[1;36mdebug: [0mc_header: parsed function ftello with 1 params (varargs=0) at line 9397
[1;36mdebug: [0mc_header: w_name=fgetpos
[1;36mdebug: [0mc_header: parsed function fgetpos with 2 params (varargs=0) at line 9400
[1;36mdebug: [0mc_header: w_name=fsetpos
[1;36mdebug: [0mc_header: parsed function fsetpos with 2 params (varargs=0) at line 9405
[1;36mdebug: [0mc_header: w_name=clearerr
[1;36mdebug: [0mc_header: parsed function clearerr with 1 params (varargs=0) at line 9407
[1;36mdebug: [0mc_header: w_name=feof
[1;36mdebug: [0mc_header: parsed function feof with 1 params (varargs=0) at line 9409
[1;36mdebug: [0mc_header: w_name=ferror
[1;36mdebug: [0mc_header: parsed function ferror with 1 params (varargs=0) at line 9411
[1;36mdebug: [0mc_header: w_name=clearerr_unlocked
[1;36mdebug: [0mc_header: parsed function clearerr_unlocked with 1 params (varargs=0) at line 9415
[1;36mdebug: [0mc_header: w_name=feof_unlocked
[1;36mdebug: [0mc_header: parsed function feof_unlocked with 1 params (varargs=0) at line 9416
[1;36mdebug: [0mc_header: w_name=ferror_unlocked
[1;36mdebug: [0mc_header: parsed function ferror_unlocked with 1 params (varargs=0) at line 9417
[1;36mdebug: [0mc_header: w_name=perror
[1;36mdebug: [0mc_header: parsed function perror with 1 params (varargs=0) at line 9425
[1;36mdebug: [0mc_header: w_name=fileno
[1;36mdebug: [0mc_header: parsed function fileno with 1 params (varargs=0) at line 9430
[1;36mdebug: [0mc_header: w_name=fileno_unlocked
[1;36mdebug: [0mc_header: parsed function fileno_unlocked with 1 params (varargs=0) at line 9435
[1;36mdebug: [0mc_header: w_name=pclose
[1;36mdebug: [0mc_header: parsed function pclose with 1 params (varargs=0) at line 9437
[1;36mdebug: [0mc_header: w_name=popen
[1;36mdebug: [0mc_header: parsed function popen with 2 params (varargs=0) at line 9444
[1;36mdebug: [0mc_header: w_name=ctermid
[1;36mdebug: [0mc_header: parsed function ctermid with 1 params (varargs=0) at line 9451
[1;36mdebug: [0mc_header: w_name=flockfile
[1;36mdebug: [0mc_header: parsed function flockfile with 1 params (varargs=0) at line 9454
[1;36mdebug: [0mc_header: w_name=ftrylockfile
[1;36mdebug: [0mc_header: parsed function ftrylockfile with 1 params (varargs=0) at line 9458
[1;36mdebug: [0mc_header: w_name=funlockfile
[1;36mdebug: [0mc_header: parsed function funlockfile with 1 params (varargs=0) at line 9461
[1;36mdebug: [0mc_header: w_name=__uflow
[1;36mdebug: [0mc_header: parsed function __uflow with 1 params (varargs=0) at line 9463
[1;36mdebug: [0mc_header: w_name=__overflow
[1;36mdebug: [0mc_header: parsed function __overflow with 2 params (varargs=0) at line 9464
[1;36mdebug: [0mc_header: LOOP START token=1
[1;36mdebug: [0mc_header: w_name=xkb_rmlvo_builder_new
[1;36mdebug: [0mc_header: parsed function xkb_rmlvo_builder_new with 4 params (varargs=0) at line 9508
[1;36mdebug: [0mc_header: w_name=xkb_rmlvo_builder_append_layout
[1;36mdebug: [0mc_header: parsed function xkb_rmlvo_builder_append_layout with 5 params (varargs=0) at line 9513
[1;36mdebug: [0mc_header: w_name=xkb_rmlvo_builder_append_option
[1;36mdebug: [0mc_header: parsed function xkb_rmlvo_builder_append_option with 2 params (varargs=0) at line 9517
[1;36mdebug: [0mc_header: w_name=xkb_rmlvo_builder_ref
[1;36mdebug: [0mc_header: parsed function xkb_rmlvo_builder_ref with 1 params (varargs=0) at line 9520
[1;36mdebug: [0mc_header: w_name=xkb_rmlvo_builder_unref
[1;36mdebug: [0mc_header: parsed function xkb_rmlvo_builder_unref with 1 params (varargs=0) at line 9523
[1;36mdebug: [0mc_header: LOOP START token=59 line=9527 text='const'
[1;36mdebug: [0mc_header: LOOP START token=59 line=9535 text='const'
[1;36mdebug: [0mc_header: LOOP START token=59 line=9537 text='const'
[1;36mdebug: [0mc_header: LOOP START token=59 line=9539 text='const'
[1;36mdebug: [0mc_header: LOOP START token=59 line=9541 text='const'
[1;36mdebug: [0mc_header: LOOP START token=58 line=9545 text='char'
[1;36mdebug: [0mc_header: LOOP START token=58 line=9546 text='char'
[1;36mdebug: [0mc_header: LOOP START token=58 line=9547 text='char'
[1;36mdebug: [0mc_header: LOOP START token=58 line=9548 text='char'
[1;36mdebug: [0mc_header: LOOP START token=58 line=9549 text='char'
[1;36mdebug: [0mc_header: w_name=xkb_components_names_from_rules
[1;36mdebug: [0mc_header: parsed function xkb_components_names_from_rules with 4 params (varargs=0) at line 9556
[1;36mdebug: [0mc_header: w_name=xkb_keysym_get_name
[1;36mdebug: [0mc_header: parsed function xkb_keysym_get_name with 3 params (varargs=0) at line 9559
[1;36mdebug: [0mc_header: LOOP START token=1
[1;36mdebug: [0mc_header: LOOP START token=1
[1;36mdebug: [0mc_header: w_name=xkb_keysym_from_name
[1;36mdebug: [0mc_header: parsed function xkb_keysym_from_name with 2 params (varargs=0) at line 9570
[1;36mdebug: [0mc_header: w_name=xkb_keysym_to_utf8
[1;36mdebug: [0mc_header: parsed function xkb_keysym_to_utf8 with 3 params (varargs=0) at line 9573
[1;36mdebug: [0mc_header: w_name=xkb_keysym_to_utf32
[1;36mdebug: [0mc_header: parsed function xkb_keysym_to_utf32 with 1 params (varargs=0) at line 9576
[1;36mdebug: [0mc_header: w_name=xkb_utf32_to_keysym
[1;36mdebug: [0mc_header: parsed function xkb_utf32_to_keysym with 1 params (varargs=0) at line 9579
[1;36mdebug: [0mc_header: w_name=xkb_keysym_to_upper
[1;36mdebug: [0mc_header: parsed function xkb_keysym_to_upper with 1 params (varargs=0) at line 9582
[1;36mdebug: [0mc_header: w_name=xkb_keysym_to_lower
[1;36mdebug: [0mc_header: parsed function xkb_keysym_to_lower with 1 params (varargs=0) at line 9585
[1;36mdebug: [0mc_header: LOOP START token=1
[1;36mdebug: [0mc_header: LOOP START token=1
[1;36mdebug: [0mc_header: LOOP START token=1
[1;36mdebug: [0mc_header: LOOP START token=1
[1;36mdebug: [0mc_header: w_name=xkb_context_new
[1;36mdebug: [0mc_header: parsed function xkb_context_new with 1 params (varargs=0) at line 9608
[1;36mdebug: [0mc_header: w_name=xkb_context_ref
[1;36mdebug: [0mc_header: parsed function xkb_context_ref with 1 params (varargs=0) at line 9611
[1;36mdebug: [0mc_header: w_name=xkb_context_unref
[1;36mdebug: [0mc_header: parsed function xkb_context_unref with 1 params (varargs=0) at line 9614
[1;36mdebug: [0mc_header: w_name=xkb_context_set_user_data
[1;36mdebug: [0mc_header: parsed function xkb_context_set_user_data with 2 params (varargs=0) at line 9617
[1;36mdebug: [0mc_header: w_name=xkb_context_get_user_data
[1;36mdebug: [0mc_header: parsed function xkb_context_get_user_data with 1 params (varargs=0) at line 9620
[1;36mdebug: [0mc_header: w_name=xkb_context_include_path_append
[1;36mdebug: [0mc_header: parsed function xkb_context_include_path_append with 2 params (varargs=0) at line 9623
[1;36mdebug: [0mc_header: w_name=xkb_context_include_path_append_default
[1;36mdebug: [0mc_header: parsed function xkb_context_include_path_append_default with 1 params (varargs=0) at line 9626
[1;36mdebug: [0mc_header: w_name=xkb_context_include_path_reset_defaults
[1;36mdebug: [0mc_header: parsed function xkb_context_include_path_reset_defaults with 1 params (varargs=0) at line 9629
[1;36mdebug: [0mc_header: w_name=xkb_context_include_path_clear
[1;36mdebug: [0mc_header: parsed function xkb_context_include_path_clear with 1 params (varargs=0) at line 9637
[1;36mdebug: [0mc_header: w_name=xkb_context_num_include_paths
[1;36mdebug: [0mc_header: parsed function xkb_context_num_include_paths with 1 params (varargs=0) at line 9645
[1;36mdebug: [0mc_header: w_name=xkb_context_include_path_get
[1;36mdebug: [0mc_header: parsed function xkb_context_include_path_get with 2 params (varargs=0) at line 9648
[1;36mdebug: [0mc_header: LOOP START token=1
[1;36mdebug: [0mc_header: LOOP START token=1
[1;36mdebug: [0mc_header: LOOP START token=1
[1;36mdebug: [0mc_header: LOOP START token=1
[1;36mdebug: [0mc_header: LOOP START token=1
[1;36mdebug: [0mc_header: w_name=xkb_context_set_log_level
[1;36mdebug: [0mc_header: parsed function xkb_context_set_log_level with 2 params (varargs=0) at line 9660
[1;36mdebug: [0mc_header: w_name=xkb_context_get_log_level
[1;36mdebug: [0mc_header: parsed function xkb_context_get_log_level with 1 params (varargs=0) at line 9668
[1;36mdebug: [0mc_header: w_name=xkb_context_set_log_verbosity
[1;36mdebug: [0mc_header: parsed function xkb_context_set_log_verbosity with 2 params (varargs=0) at line 9671
[1;36mdebug: [0mc_header: w_name=xkb_context_get_log_verbosity
[1;36mdebug: [0mc_header: parsed function xkb_context_get_log_verbosity with 1 params (varargs=0) at line 9679
[1;36mdebug: [0mc_header: w_name=xkb_context_set_log_fn
[1;36mdebug: [0mc_header: parsed function xkb_context_set_log_fn with 2 params (varargs=0) at line 9685
[1;36mdebug: [0mc_header: LOOP START token=1
[1;36mdebug: [0mc_header: LOOP START token=1
[1;36mdebug: [0mc_header: LOOP START token=1
[1;36mdebug: [0mc_header: w_name=xkb_keymap_new_from_rmlvo
[1;36mdebug: [0mc_header: parsed function xkb_keymap_new_from_rmlvo with 3 params (varargs=0) at line 9702
[1;36mdebug: [0mc_header: w_name=xkb_keymap_new_from_names
[1;36mdebug: [0mc_header: parsed function xkb_keymap_new_from_names with 3 params (varargs=0) at line 9707
[1;36mdebug: [0mc_header: w_name=xkb_keymap_new_from_names2
[1;36mdebug: [0mc_header: parsed function xkb_keymap_new_from_names2 with 4 params (varargs=0) at line 9713
[1;36mdebug: [0mc_header: w_name=xkb_keymap_new_from_file
[1;36mdebug: [0mc_header: parsed function xkb_keymap_new_from_file with 4 params (varargs=0) at line 9718
[1;36mdebug: [0mc_header: w_name=xkb_keymap_new_from_string
[1;36mdebug: [0mc_header: parsed function xkb_keymap_new_from_string with 4 params (varargs=0) at line 9723
[1;36mdebug: [0mc_header: w_name=xkb_keymap_new_from_buffer
[1;36mdebug: [0mc_header: parsed function xkb_keymap_new_from_buffer with 5 params (varargs=0) at line 9728
[1;36mdebug: [0mc_header: w_name=xkb_keymap_ref
[1;36mdebug: [0mc_header: parsed function xkb_keymap_ref with 1 params (varargs=0) at line 9731
[1;36mdebug: [0mc_header: w_name=xkb_keymap_unref
[1;36mdebug: [0mc_header: parsed function xkb_keymap_unref with 1 params (varargs=0) at line 9734
[1;36mdebug: [0mc_header: LOOP START token=1
[1;36mdebug: [0mc_header: LOOP START token=1
[1;36mdebug: [0mc_header: LOOP START token=1
[1;36mdebug: [0mc_header: w_name=xkb_keymap_get_as_string
[1;36mdebug: [0mc_header: parsed function xkb_keymap_get_as_string with 2 params (varargs=0) at line 9747
[1;36mdebug: [0mc_header: w_name=xkb_keymap_get_as_string2
[1;36mdebug: [0mc_header: parsed function xkb_keymap_get_as_string2 with 3 params (varargs=0) at line 9752
[1;36mdebug: [0mc_header: w_name=xkb_keymap_min_keycode
[1;36mdebug: [0mc_header: parsed function xkb_keymap_min_keycode with 1 params (varargs=0) at line 9755
[1;36mdebug: [0mc_header: w_name=xkb_keymap_max_keycode
[1;36mdebug: [0mc_header: parsed function xkb_keymap_max_keycode with 1 params (varargs=0) at line 9758
[1;36mdebug: [0mc_header: w_name=xkb_keymap_key_for_each
[1;36mdebug: [0mc_header: parsed function xkb_keymap_key_for_each with 3 params (varargs=0) at line 9766
[1;36mdebug: [0mc_header: w_name=xkb_keymap_key_get_name
[1;36mdebug: [0mc_header: parsed function xkb_keymap_key_get_name with 2 params (varargs=0) at line 9769
[1;36mdebug: [0mc_header: w_name=xkb_keymap_key_by_name
[1;36mdebug: [0mc_header: parsed function xkb_keymap_key_by_name with 2 params (varargs=0) at line 9772
[1;36mdebug: [0mc_header: w_name=xkb_keymap_num_mods
[1;36mdebug: [0mc_header: parsed function xkb_keymap_num_mods with 1 params (varargs=0) at line 9781
[1;36mdebug: [0mc_header: w_name=xkb_keymap_mod_get_name
[1;36mdebug: [0mc_header: parsed function xkb_keymap_mod_get_name with 2 params (varargs=0) at line 9784
[1;36mdebug: [0mc_header: w_name=xkb_keymap_mod_get_index
[1;36mdebug: [0mc_header: parsed function xkb_keymap_mod_get_index with 2 params (varargs=0) at line 9787
[1;36mdebug: [0mc_header: w_name=xkb_keymap_mod_get_mask
[1;36mdebug: [0mc_header: parsed function xkb_keymap_mod_get_mask with 2 params (varargs=0) at line 9790
[1;36mdebug: [0mc_header: w_name=xkb_keymap_mod_get_mask2
[1;36mdebug: [0mc_header: parsed function xkb_keymap_mod_get_mask2 with 2 params (varargs=0) at line 9793
[1;36mdebug: [0mc_header: w_name=xkb_keymap_num_layouts
[1;36mdebug: [0mc_header: parsed function xkb_keymap_num_layouts with 1 params (varargs=0) at line 9796
[1;36mdebug: [0mc_header: w_name=xkb_keymap_layout_get_name
[1;36mdebug: [0mc_header: parsed function xkb_keymap_layout_get_name with 2 params (varargs=0) at line 9799
[1;36mdebug: [0mc_header: w_name=xkb_keymap_layout_get_index
[1;36mdebug: [0mc_header: parsed function xkb_keymap_layout_get_index with 2 params (varargs=0) at line 9802
[1;36mdebug: [0mc_header: w_name=xkb_keymap_num_leds
[1;36mdebug: [0mc_header: parsed function xkb_keymap_num_leds with 1 params (varargs=0) at line 9805
[1;36mdebug: [0mc_header: w_name=xkb_keymap_led_get_name
[1;36mdebug: [0mc_header: parsed function xkb_keymap_led_get_name with 2 params (varargs=0) at line 9808
[1;36mdebug: [0mc_header: w_name=xkb_keymap_led_get_index
[1;36mdebug: [0mc_header: parsed function xkb_keymap_led_get_index with 2 params (varargs=0) at line 9811
[1;36mdebug: [0mc_header: w_name=xkb_keymap_num_layouts_for_key
[1;36mdebug: [0mc_header: parsed function xkb_keymap_num_layouts_for_key with 2 params (varargs=0) at line 9814
[1;36mdebug: [0mc_header: w_name=xkb_keymap_num_levels_for_key
[1;36mdebug: [0mc_header: parsed function xkb_keymap_num_levels_for_key with 3 params (varargs=0) at line 9818
[1;36mdebug: [0mc_header: w_name=xkb_keymap_key_get_mods_for_level
[1;36mdebug: [0mc_header: parsed function xkb_keymap_key_get_mods_for_level with 6 params (varargs=0) at line 9826
[1;36mdebug: [0mc_header: w_name=xkb_keymap_key_get_syms_by_level
[1;36mdebug: [0mc_header: parsed function xkb_keymap_key_get_syms_by_level with 5 params (varargs=0) at line 9833
[1;36mdebug: [0mc_header: w_name=xkb_keymap_key_repeats
[1;36mdebug: [0mc_header: parsed function xkb_keymap_key_repeats with 2 params (varargs=0) at line 9836
[1;36mdebug: [0mc_header: w_name=xkb_state_new
[1;36mdebug: [0mc_header: parsed function xkb_state_new with 1 params (varargs=0) at line 9839
[1;36mdebug: [0mc_header: w_name=xkb_state_ref
[1;36mdebug: [0mc_header: parsed function xkb_state_ref with 1 params (varargs=0) at line 9842
[1;36mdebug: [0mc_header: w_name=xkb_state_unref
[1;36mdebug: [0mc_header: parsed function xkb_state_unref with 1 params (varargs=0) at line 9845
[1;36mdebug: [0mc_header: w_name=xkb_state_get_keymap
[1;36mdebug: [0mc_header: parsed function xkb_state_get_keymap with 1 params (varargs=0) at line 9848
[1;36mdebug: [0mc_header: LOOP START token=1
[1;36mdebug: [0mc_header: LOOP START token=1
[1;36mdebug: [0mc_header: LOOP START token=1
[1;36mdebug: [0mc_header: LOOP START token=1
[1;36mdebug: [0mc_header: LOOP START token=1
[1;36mdebug: [0mc_header: LOOP START token=1
[1;36mdebug: [0mc_header: LOOP START token=1
[1;36mdebug: [0mc_header: LOOP START token=1
[1;36mdebug: [0mc_header: LOOP START token=1
[1;36mdebug: [0mc_header: LOOP START token=1
[1;36mdebug: [0mc_header: LOOP START token=1
[1;36mdebug: [0mc_header: w_name=xkb_state_update_key
[1;36mdebug: [0mc_header: parsed function xkb_state_update_key with 3 params (varargs=0) at line 9886
[1;36mdebug: [0mc_header: w_name=xkb_state_update_latched_locked
[1;36mdebug: [0mc_header: parsed function xkb_state_update_latched_locked with 9 params (varargs=0) at line 9897
[1;36mdebug: [0mc_header: w_name=xkb_state_update_mask
[1;36mdebug: [0mc_header: parsed function xkb_state_update_mask with 7 params (varargs=0) at line 9906
[1;36mdebug: [0mc_header: w_name=xkb_state_key_get_syms
[1;36mdebug: [0mc_header: parsed function xkb_state_key_get_syms with 3 params (varargs=0) at line 9910
[1;36mdebug: [0mc_header: w_name=xkb_state_key_get_utf8
[1;36mdebug: [0mc_header: parsed function xkb_state_key_get_utf8 with 4 params (varargs=0) at line 9914
[1;36mdebug: [0mc_header: w_name=xkb_state_key_get_utf32
[1;36mdebug: [0mc_header: parsed function xkb_state_key_get_utf32 with 2 params (varargs=0) at line 9917
[1;36mdebug: [0mc_header: w_name=xkb_state_key_get_one_sym
[1;36mdebug: [0mc_header: parsed function xkb_state_key_get_one_sym with 2 params (varargs=0) at line 9920
[1;36mdebug: [0mc_header: w_name=xkb_state_key_get_layout
[1;36mdebug: [0mc_header: parsed function xkb_state_key_get_layout with 2 params (varargs=0) at line 9923
[1;36mdebug: [0mc_header: w_name=xkb_state_key_get_level
[1;36mdebug: [0mc_header: parsed function xkb_state_key_get_level with 3 params (varargs=0) at line 9927
[1;36mdebug: [0mc_header: LOOP START token=1
[1;36mdebug: [0mc_header: LOOP START token=1
[1;36mdebug: [0mc_header: LOOP START token=1
[1;36mdebug: [0mc_header: w_name=xkb_state_serialize_mods
[1;36mdebug: [0mc_header: parsed function xkb_state_serialize_mods with 2 params (varargs=0) at line 9947
[1;36mdebug: [0mc_header: w_name=xkb_state_serialize_layout
[1;36mdebug: [0mc_header: parsed function xkb_state_serialize_layout with 2 params (varargs=0) at line 9951
[1;36mdebug: [0mc_header: w_name=xkb_state_mod_name_is_active
[1;36mdebug: [0mc_header: parsed function xkb_state_mod_name_is_active with 3 params (varargs=0) at line 9955
[1;36mdebug: [0mc_header: w_name=xkb_state_mod_names_are_active
[1;36mdebug: [0mc_header: parsed function xkb_state_mod_names_are_active with 3 params (varargs=1) at line 9961
[1;36mdebug: [0mc_header: w_name=xkb_state_mod_index_is_active
[1;36mdebug: [0mc_header: parsed function xkb_state_mod_index_is_active with 3 params (varargs=0) at line 9965
[1;36mdebug: [0mc_header: w_name=xkb_state_mod_indices_are_active
[1;36mdebug: [0mc_header: parsed function xkb_state_mod_indices_are_active with 3 params (varargs=1) at line 9971
[1;36mdebug: [0mc_header: LOOP START token=1
[1;36mdebug: [0mc_header: LOOP START token=1
[1;36mdebug: [0mc_header: w_name=xkb_state_key_get_consumed_mods2
[1;36mdebug: [0mc_header: parsed function xkb_state_key_get_consumed_mods2 with 3 params (varargs=0) at line 9982
[1;36mdebug: [0mc_header: w_name=xkb_state_key_get_consumed_mods
[1;36mdebug: [0mc_header: parsed function xkb_state_key_get_consumed_mods with 2 params (varargs=0) at line 9991
[1;36mdebug: [0mc_header: w_name=xkb_state_mod_index_is_consumed2
[1;36mdebug: [0mc_header: parsed function xkb_state_mod_index_is_consumed2 with 4 params (varargs=0) at line 9997
[1;36mdebug: [0mc_header: w_name=xkb_state_mod_index_is_consumed
[1;36mdebug: [0mc_header: parsed function xkb_state_mod_index_is_consumed with 3 params (varargs=0) at line 10001
[1;36mdebug: [0mc_header: w_name=xkb_state_mod_mask_remove_consumed
[1;36mdebug: [0mc_header: parsed function xkb_state_mod_mask_remove_consumed with 3 params (varargs=0) at line 10005
[1;36mdebug: [0mc_header: w_name=xkb_state_layout_name_is_active
[1;36mdebug: [0mc_header: parsed function xkb_state_layout_name_is_active with 3 params (varargs=0) at line 10009
[1;36mdebug: [0mc_header: w_name=xkb_state_layout_index_is_active
[1;36mdebug: [0mc_header: parsed function xkb_state_layout_index_is_active with 3 params (varargs=0) at line 10014
[1;36mdebug: [0mc_header: w_name=xkb_state_led_name_is_active
[1;36mdebug: [0mc_header: parsed function xkb_state_led_name_is_active with 2 params (varargs=0) at line 10017
[1;36mdebug: [0mc_header: w_name=xkb_state_led_index_is_active
[1;36mdebug: [0mc_header: parsed function xkb_state_led_index_is_active with 2 params (varargs=0) at line 10020
[1;36mdebug: [0mc_header: LOOP START token=1
[1;36mdebug: [0mc_header: LOOP START token=1
[1;36mdebug: [0mc_header: LOOP START token=1
[1;36mdebug: [0mc_header: LOOP START token=1
[1;36mdebug: [0mc_header: LOOP START token=1
[1;36mdebug: [0mc_header: LOOP START token=1
[1;36mdebug: [0mc_header: LOOP START token=1
[1;36mdebug: [0mc_header: LOOP START token=1
[1;36mdebug: [0mc_header: LOOP START token=1
[1;36mdebug: [0mc_header: LOOP START token=1
[1;36mdebug: [0mc_header: LOOP START token=1
[1;36mdebug: [0mc_header: LOOP START token=1 line=10057 text='xkb_mod_mask_t'
[1;36mdebug: [0mc_header: LOOP START token=1 line=10058 text='xkb_mod_mask_t'
[1;36mdebug: [0mc_header: LOOP START token=1 line=10059 text='xkb_mod_mask_t'
[1;36mdebug: [0mc_header: LOOP START token=1 line=10060 text='xkb_layout_index_t'
[1;36mdebug: [0mc_header: LOOP START token=81 line=10064 text='struct'
[1;36mdebug: [0mc_header: LOOP START token=59 line=10066 text='const'
[1;36mdebug: [0mc_header: LOOP START token=81 line=10067 text='struct'
[1;36mdebug: [0mc_header: LOOP START token=58 line=10069 text='char'
[1;36mdebug: [0mc_header: LOOP START token=1 line=10070 text='size_t'
[1;36mdebug: [0mc_header: LOOP START token=72 line=10071 text='int'
[1;36mdebug: [0mc_header: LOOP START token=81 line=10072 text='struct'
[1;36mdebug: [0mc_header: LOOP START token=81 line=10073 text='struct'
[1;36mdebug: [0mc_header: LOOP START token=1 line=10074 text='xkb_led_index_t'
[1;36mdebug: [0mc_header: LOOP START token=1 line=10075 text='xkb_mod_index_t'
[1;36mdebug: [0mc_header: LOOP START token=1 line=10077 text='uint32_t'
[1;36mdebug: [0mc_header: LOOP START token=1 line=10078 text='uint32_t'
[1;36mdebug: [0mc_header: LOOP START token=1 line=10079 text='size_t'
[1;36mdebug: [0mc_header: LOOP START token=81 line=10080 text='struct'
[1;36mdebug: [0mc_header: LOOP START token=81 line=10082 text='struct'
[1;36mdebug: [0mc_header: LOOP START token=1 line=10083 text='int32_t'
[1;36mdebug: [0mc_header: LOOP START token=1 line=10084 text='int32_t'
[1;36mdebug: [0mc_header: LOOP START token=81 line=10087 text='struct'
[1;36mdebug: [0mc_header: LOOP START token=81 line=10094 text='struct'
[1;36mdebug: [0mc_header: LOOP START token=81 line=10102 text='struct'
[1;36mdebug: [0mc_header: LOOP START token=81 line=10103 text='struct'
[1;36mdebug: [0mc_header: LOOP START token=81 line=10104 text='struct'
[1;36mdebug: [0mc_header: LOOP START token=86 line=10107 text='void'
[1;36mdebug: [0mc_header: LOOP START token=1 line=10111 text='uint32_t'
[1;36mdebug: [0mc_header: LOOP START token=1 line=10112 text='uint32_t'
[1;36mdebug: [0mc_header: LOOP START token=89 line=10113 text='bool'
[1;36mdebug: [0mc_header: LOOP START token=65 line=10114 text='enum'
[1;36mdebug: [0mc_header: w_name=wlr_keyboard_from_input_device
[1;36mdebug: [0mc_header: parsed function wlr_keyboard_from_input_device with 1 params (varargs=0) at line 10123
[1;36mdebug: [0mc_header: w_name=wlr_keyboard_set_keymap
[1;36mdebug: [0mc_header: parsed function wlr_keyboard_set_keymap with 2 params (varargs=0) at line 10126
[1;36mdebug: [0mc_header: w_name=wlr_keyboard_keymaps_match
[1;36mdebug: [0mc_header: parsed function wlr_keyboard_keymaps_match with 2 params (varargs=0) at line 10128
[1;36mdebug: [0mc_header: w_name=wlr_keyboard_set_repeat_info
[1;36mdebug: [0mc_header: parsed function wlr_keyboard_set_repeat_info with 3 params (varargs=0) at line 10136
[1;36mdebug: [0mc_header: w_name=wlr_keyboard_led_update
[1;36mdebug: [0mc_header: parsed function wlr_keyboard_led_update with 2 params (varargs=0) at line 10138
[1;36mdebug: [0mc_header: w_name=wlr_keyboard_get_modifiers
[1;36mdebug: [0mc_header: parsed function wlr_keyboard_get_modifiers with 1 params (varargs=0) at line 10145
[1;36mdebug: [0mc_header: LOOP START token=81 line=10155 text='struct'
[1;36mdebug: [0mc_header: LOOP START token=59 line=10157 text='const'
[1;36mdebug: [0mc_header: LOOP START token=58 line=10159 text='char'
[1;36mdebug: [0mc_header: LOOP START token=81 line=10161 text='struct'
[1;36mdebug: [0mc_header: LOOP START token=81 line=10162 text='struct'
[1;36mdebug: [0mc_header: LOOP START token=81 line=10163 text='struct'
[1;36mdebug: [0mc_header: LOOP START token=81 line=10164 text='struct'
[1;36mdebug: [0mc_header: LOOP START token=81 line=10165 text='struct'
[1;36mdebug: [0mc_header: LOOP START token=81 line=10166 text='struct'
[1;36mdebug: [0mc_header: LOOP START token=81 line=10168 text='struct'
[1;36mdebug: [0mc_header: LOOP START token=81 line=10169 text='struct'
[1;36mdebug: [0mc_header: LOOP START token=81 line=10170 text='struct'
[1;36mdebug: [0mc_header: LOOP START token=81 line=10172 text='struct'
[1;36mdebug: [0mc_header: LOOP START token=81 line=10173 text='struct'
[1;36mdebug: [0mc_header: LOOP START token=81 line=10174 text='struct'
[1;36mdebug: [0mc_header: LOOP START token=81 line=10176 text='struct'
[1;36mdebug: [0mc_header: LOOP START token=81 line=10177 text='struct'
[1;36mdebug: [0mc_header: LOOP START token=86 line=10180 text='void'
[1;36mdebug: [0mc_header: LOOP START token=81 line=10184 text='struct'
[1;36mdebug: [0mc_header: LOOP START token=1 line=10185 text='uint32_t'
[1;36mdebug: [0mc_header: LOOP START token=63 line=10186 text='double'
[1;36mdebug: [0mc_header: LOOP START token=63 line=10187 text='double'
[1;36mdebug: [0mc_header: LOOP START token=81 line=10191 text='struct'
[1;36mdebug: [0mc_header: LOOP START token=1 line=10192 text='uint32_t'
[1;36mdebug: [0mc_header: LOOP START token=63 line=10194 text='double'
[1;36mdebug: [0mc_header: LOOP START token=81 line=10198 text='struct'
[1;36mdebug: [0mc_header: LOOP START token=1 line=10199 text='uint32_t'
[1;36mdebug: [0mc_header: LOOP START token=1 line=10200 text='uint32_t'
[1;36mdebug: [0mc_header: LOOP START token=65 line=10201 text='enum'
[1;36mdebug: [0mc_header: LOOP START token=81 line=10207 text='struct'
[1;36mdebug: [0mc_header: LOOP START token=1 line=10208 text='uint32_t'
[1;36mdebug: [0mc_header: LOOP START token=65 line=10209 text='enum'
[1;36mdebug: [0mc_header: LOOP START token=65 line=10210 text='enum'
[1;36mdebug: [0mc_header: LOOP START token=65 line=10211 text='enum'
[1;36mdebug: [0mc_header: LOOP START token=63 line=10212 text='double'
[1;36mdebug: [0mc_header: LOOP START token=1 line=10213 text='int32_t'
[1;36mdebug: [0mc_header: LOOP START token=81 line=10217 text='struct'
[1;36mdebug: [0mc_header: LOOP START token=1 line=10218 text='uint32_t'
[1;36mdebug: [0mc_header: LOOP START token=1 line=10219 text='uint32_t'
[1;36mdebug: [0mc_header: LOOP START token=81 line=10223 text='struct'
[1;36mdebug: [0mc_header: LOOP START token=1 line=10224 text='uint32_t'
[1;36mdebug: [0mc_header: LOOP START token=1 line=10225 text='uint32_t'
[1;36mdebug: [0mc_header: LOOP START token=63 line=10228 text='double'
[1;36mdebug: [0mc_header: LOOP START token=81 line=10232 text='struct'
[1;36mdebug: [0mc_header: LOOP START token=1 line=10233 text='uint32_t'
[1;36mdebug: [0mc_header: LOOP START token=89 line=10234 text='bool'
[1;36mdebug: [0mc_header: LOOP START token=81 line=10238 text='struct'
[1;36mdebug: [0mc_header: LOOP START token=1 line=10239 text='uint32_t'
[1;36mdebug: [0mc_header: LOOP START token=1 line=10240 text='uint32_t'
[1;36mdebug: [0mc_header: LOOP START token=81 line=10244 text='struct'
[1;36mdebug: [0mc_header: LOOP START token=1 line=10245 text='uint32_t'
[1;36mdebug: [0mc_header: LOOP START token=1 line=10246 text='uint32_t'
[1;36mdebug: [0mc_header: LOOP START token=63 line=10249 text='double'
[1;36mdebug: [0mc_header: LOOP START token=63 line=10251 text='double'
[1;36mdebug: [0mc_header: LOOP START token=63 line=10253 text='double'
[1;36mdebug: [0mc_header: LOOP START token=81 line=10257 text='struct'
[1;36mdebug: [0mc_header: LOOP START token=1 line=10258 text='uint32_t'
[1;36mdebug: [0mc_header: LOOP START token=89 line=10259 text='bool'
[1;36mdebug: [0mc_header: LOOP START token=81 line=10263 text='struct'
[1;36mdebug: [0mc_header: LOOP START token=1 line=10264 text='uint32_t'
[1;36mdebug: [0mc_header: LOOP START token=1 line=10265 text='uint32_t'
[1;36mdebug: [0mc_header: LOOP START token=81 line=10269 text='struct'
[1;36mdebug: [0mc_header: LOOP START token=1 line=10270 text='uint32_t'
[1;36mdebug: [0mc_header: LOOP START token=89 line=10271 text='bool'
[1;36mdebug: [0mc_header: w_name=wlr_pointer_from_input_device
[1;36mdebug: [0mc_header: parsed function wlr_pointer_from_input_device with 1 params (varargs=0) at line 10280
[1;36mdebug: [0mc_header: LOOP START token=1 line=10288 text='uint32_t'
[1;36mdebug: [0mc_header: LOOP START token=1 line=10289 text='uint32_t'
[1;36mdebug: [0mc_header: LOOP START token=81 line=10292 text='struct'
[1;36mdebug: [0mc_header: LOOP START token=72 line=10293 text='int'
[1;36mdebug: [0mc_header: LOOP START token=72 line=10294 text='int'
[1;36mdebug: [0mc_header: LOOP START token=81 line=10303 text='struct'
[1;36mdebug: [0mc_header: LOOP START token=81 line=10304 text='struct'
[1;36mdebug: [0mc_header: LOOP START token=81 line=10305 text='struct'
[1;36mdebug: [0mc_header: LOOP START token=81 line=10308 text='struct'
[1;36mdebug: [0mc_header: LOOP START token=81 line=10309 text='struct'
[1;36mdebug: [0mc_header: LOOP START token=81 line=10310 text='struct'
[1;36mdebug: [0mc_header: LOOP START token=81 line=10311 text='struct'
[1;36mdebug: [0mc_header: LOOP START token=81 line=10312 text='struct'
[1;36mdebug: [0mc_header: LOOP START token=81 line=10314 text='struct'
[1;36mdebug: [0mc_header: LOOP START token=81 line=10315 text='struct'
[1;36mdebug: [0mc_header: LOOP START token=81 line=10320 text='struct'
[1;36mdebug: [0mc_header: LOOP START token=89 line=10321 text='bool'
[1;36mdebug: [0mc_header: LOOP START token=81 line=10323 text='struct'
[1;36mdebug: [0mc_header: LOOP START token=1 line=10324 text='int32_t'
[1;36mdebug: [0mc_header: LOOP START token=1 line=10325 text='int32_t'
[1;36mdebug: [0mc_header: LOOP START token=63 line=10326 text='double'
[1;36mdebug: [0mc_header: LOOP START token=1 line=10331 text='int32_t'
[1;36mdebug: [0mc_header: LOOP START token=81 line=10332 text='struct'
[1;36mdebug: [0mc_header: LOOP START token=81 line=10333 text='struct'
[1;36mdebug: [0mc_header: LOOP START token=81 line=10335 text='struct'
[1;36mdebug: [0mc_header: LOOP START token=81 line=10336 text='struct'
[1;36mdebug: [0mc_header: LOOP START token=63 line=10337 text='double'
[1;36mdebug: [0mc_header: LOOP START token=81 line=10339 text='struct'
[1;36mdebug: [0mc_header: LOOP START token=81 line=10340 text='struct'
[1;36mdebug: [0mc_header: LOOP START token=81 line=10341 text='struct'
[1;36mdebug: [0mc_header: LOOP START token=81 line=10343 text='struct'
[1;36mdebug: [0mc_header: LOOP START token=81 line=10344 text='struct'
[1;36mdebug: [0mc_header: LOOP START token=81 line=10347 text='struct'
[1;36mdebug: [0mc_header: LOOP START token=86 line=10353 text='void'
[1;36mdebug: [0mc_header: LOOP START token=86 line=10355 text='void'
[1;36mdebug: [0mc_header: LOOP START token=86 line=10356 text='void'
[1;36mdebug: [0mc_header: LOOP START token=1 line=10358 text='uint32_t'
[1;36mdebug: [0mc_header: LOOP START token=86 line=10360 text='void'
[1;36mdebug: [0mc_header: LOOP START token=86 line=10364 text='void'
[1;36mdebug: [0mc_header: LOOP START token=86 line=10365 text='void'
[1;36mdebug: [0mc_header: LOOP START token=86 line=10371 text='void'
[1;36mdebug: [0mc_header: LOOP START token=86 line=10374 text='void'
[1;36mdebug: [0mc_header: LOOP START token=86 line=10375 text='void'
[1;36mdebug: [0mc_header: LOOP START token=86 line=10377 text='void'
[1;36mdebug: [0mc_header: LOOP START token=86 line=10379 text='void'
[1;36mdebug: [0mc_header: LOOP START token=1 line=10385 text='uint32_t'
[1;36mdebug: [0mc_header: LOOP START token=1 line=10387 text='uint32_t'
[1;36mdebug: [0mc_header: LOOP START token=86 line=10389 text='void'
[1;36mdebug: [0mc_header: LOOP START token=86 line=10391 text='void'
[1;36mdebug: [0mc_header: LOOP START token=86 line=10393 text='void'
[1;36mdebug: [0mc_header: LOOP START token=86 line=10395 text='void'
[1;36mdebug: [0mc_header: LOOP START token=86 line=10397 text='void'
[1;36mdebug: [0mc_header: LOOP START token=59 line=10406 text='const'
[1;36mdebug: [0mc_header: LOOP START token=81 line=10407 text='struct'
[1;36mdebug: [0mc_header: LOOP START token=86 line=10408 text='void'
[1;36mdebug: [0mc_header: LOOP START token=59 line=10416 text='const'
[1;36mdebug: [0mc_header: LOOP START token=81 line=10417 text='struct'
[1;36mdebug: [0mc_header: LOOP START token=86 line=10418 text='void'
[1;36mdebug: [0mc_header: LOOP START token=59 line=10426 text='const'
[1;36mdebug: [0mc_header: LOOP START token=81 line=10427 text='struct'
[1;36mdebug: [0mc_header: LOOP START token=86 line=10428 text='void'
[1;36mdebug: [0mc_header: LOOP START token=81 line=10434 text='struct'
[1;36mdebug: [0mc_header: LOOP START token=81 line=10435 text='struct'
[1;36mdebug: [0mc_header: LOOP START token=81 line=10436 text='struct'
[1;36mdebug: [0mc_header: LOOP START token=63 line=10437 text='double'
[1;36mdebug: [0mc_header: LOOP START token=81 line=10439 text='struct'
[1;36mdebug: [0mc_header: LOOP START token=81 line=10440 text='struct'
[1;36mdebug: [0mc_header: LOOP START token=89 line=10442 text='bool'
[1;36mdebug: [0mc_header: LOOP START token=65 line=10443 text='enum'
[1;36mdebug: [0mc_header: LOOP START token=1 line=10445 text='uint32_t'
[1;36mdebug: [0mc_header: LOOP START token=1 line=10446 text='size_t'
[1;36mdebug: [0mc_header: LOOP START token=1 line=10447 text='uint32_t'
[1;36mdebug: [0mc_header: LOOP START token=1 line=10448 text='uint32_t'
[1;36mdebug: [0mc_header: LOOP START token=1 line=10449 text='uint32_t'
[1;36mdebug: [0mc_header: LOOP START token=81 line=10451 text='struct'
[1;36mdebug: [0mc_header: LOOP START token=81 line=10453 text='struct'
[1;36mdebug: [0mc_header: LOOP START token=81 line=10454 text='struct'
[1;36mdebug: [0mc_header: LOOP START token=81 line=10459 text='struct'
[1;36mdebug: [0mc_header: LOOP START token=81 line=10460 text='struct'
[1;36mdebug: [0mc_header: LOOP START token=81 line=10462 text='struct'
[1;36mdebug: [0mc_header: LOOP START token=81 line=10463 text='struct'
[1;36mdebug: [0mc_header: LOOP START token=81 line=10465 text='struct'
[1;36mdebug: [0mc_header: LOOP START token=81 line=10466 text='struct'
[1;36mdebug: [0mc_header: LOOP START token=81 line=10467 text='struct'
[1;36mdebug: [0mc_header: LOOP START token=81 line=10469 text='struct'
[1;36mdebug: [0mc_header: LOOP START token=81 line=10471 text='struct'
[1;36mdebug: [0mc_header: LOOP START token=81 line=10472 text='struct'
[1;36mdebug: [0mc_header: LOOP START token=81 line=10474 text='struct'
[1;36mdebug: [0mc_header: LOOP START token=81 line=10475 text='struct'
[1;36mdebug: [0mc_header: LOOP START token=81 line=10480 text='struct'
[1;36mdebug: [0mc_header: LOOP START token=81 line=10481 text='struct'
[1;36mdebug: [0mc_header: LOOP START token=1 line=10483 text='uint32_t'
[1;36mdebug: [0mc_header: LOOP START token=1 line=10484 text='uint32_t'
[1;36mdebug: [0mc_header: LOOP START token=81 line=10486 text='struct'
[1;36mdebug: [0mc_header: LOOP START token=81 line=10487 text='struct'
[1;36mdebug: [0mc_header: LOOP START token=81 line=10493 text='struct'
[1;36mdebug: [0mc_header: LOOP START token=81 line=10494 text='struct'
[1;36mdebug: [0mc_header: LOOP START token=81 line=10495 text='struct'
[1;36mdebug: [0mc_header: LOOP START token=58 line=10497 text='char'
[1;36mdebug: [0mc_header: LOOP START token=1 line=10498 text='uint32_t'
[1;36mdebug: [0mc_header: LOOP START token=1 line=10499 text='uint32_t'
[1;36mdebug: [0mc_header: LOOP START token=81 line=10500 text='struct'
[1;36mdebug: [0mc_header: LOOP START token=81 line=10502 text='struct'
[1;36mdebug: [0mc_header: LOOP START token=1 line=10503 text='uint32_t'
[1;36mdebug: [0mc_header: LOOP START token=81 line=10504 text='struct'
[1;36mdebug: [0mc_header: LOOP START token=81 line=10506 text='struct'
[1;36mdebug: [0mc_header: LOOP START token=1 line=10507 text='uint32_t'
[1;36mdebug: [0mc_header: LOOP START token=81 line=10510 text='struct'
[1;36mdebug: [0mc_header: LOOP START token=81 line=10511 text='struct'
[1;36mdebug: [0mc_header: LOOP START token=1 line=10512 text='uint32_t'
[1;36mdebug: [0mc_header: LOOP START token=81 line=10513 text='struct'
[1;36mdebug: [0mc_header: LOOP START token=81 line=10515 text='struct'
[1;36mdebug: [0mc_header: LOOP START token=81 line=10516 text='struct'
[1;36mdebug: [0mc_header: LOOP START token=81 line=10517 text='struct'
[1;36mdebug: [0mc_header: LOOP START token=81 line=10519 text='struct'
[1;36mdebug: [0mc_header: LOOP START token=81 line=10520 text='struct'
[1;36mdebug: [0mc_header: LOOP START token=81 line=10521 text='struct'
[1;36mdebug: [0mc_header: LOOP START token=81 line=10522 text='struct'
[1;36mdebug: [0mc_header: LOOP START token=81 line=10524 text='struct'
[1;36mdebug: [0mc_header: LOOP START token=81 line=10525 text='struct'
[1;36mdebug: [0mc_header: LOOP START token=81 line=10526 text='struct'
[1;36mdebug: [0mc_header: LOOP START token=81 line=10528 text='struct'
[1;36mdebug: [0mc_header: LOOP START token=81 line=10529 text='struct'
[1;36mdebug: [0mc_header: LOOP START token=81 line=10531 text='struct'
[1;36mdebug: [0mc_header: LOOP START token=81 line=10532 text='struct'
[1;36mdebug: [0mc_header: LOOP START token=81 line=10535 text='struct'
[1;36mdebug: [0mc_header: LOOP START token=81 line=10540 text='struct'
[1;36mdebug: [0mc_header: LOOP START token=81 line=10542 text='struct'
[1;36mdebug: [0mc_header: LOOP START token=81 line=10547 text='struct'
[1;36mdebug: [0mc_header: LOOP START token=81 line=10549 text='struct'
[1;36mdebug: [0mc_header: LOOP START token=81 line=10552 text='struct'
[1;36mdebug: [0mc_header: LOOP START token=81 line=10553 text='struct'
[1;36mdebug: [0mc_header: LOOP START token=81 line=10555 text='struct'
[1;36mdebug: [0mc_header: LOOP START token=86 line=10558 text='void'
[1;36mdebug: [0mc_header: LOOP START token=81 line=10562 text='struct'
[1;36mdebug: [0mc_header: LOOP START token=81 line=10563 text='struct'
[1;36mdebug: [0mc_header: LOOP START token=1 line=10564 text='uint32_t'
[1;36mdebug: [0mc_header: LOOP START token=1 line=10565 text='int32_t'
[1;36mdebug: [0mc_header: LOOP START token=81 line=10569 text='struct'
[1;36mdebug: [0mc_header: LOOP START token=1 line=10570 text='uint32_t'
[1;36mdebug: [0mc_header: LOOP START token=81 line=10574 text='struct'
[1;36mdebug: [0mc_header: LOOP START token=1 line=10575 text='uint32_t'
[1;36mdebug: [0mc_header: LOOP START token=81 line=10579 text='struct'
[1;36mdebug: [0mc_header: LOOP START token=81 line=10580 text='struct'
[1;36mdebug: [0mc_header: LOOP START token=1 line=10581 text='uint32_t'
[1;36mdebug: [0mc_header: LOOP START token=81 line=10585 text='struct'
[1;36mdebug: [0mc_header: LOOP START token=81 line=10586 text='struct'
[1;36mdebug: [0mc_header: LOOP START token=63 line=10587 text='double'
[1;36mdebug: [0mc_header: LOOP START token=81 line=10591 text='struct'
[1;36mdebug: [0mc_header: LOOP START token=81 line=10592 text='struct'
[1;36mdebug: [0mc_header: w_name=wlr_seat_create
[1;36mdebug: [0mc_header: parsed function wlr_seat_create with 2 params (varargs=0) at line 10598
[1;36mdebug: [0mc_header: w_name=wlr_seat_destroy
[1;36mdebug: [0mc_header: parsed function wlr_seat_destroy with 1 params (varargs=0) at line 10603
[1;36mdebug: [0mc_header: w_name=wlr_seat_client_for_wl_client
[1;36mdebug: [0mc_header: parsed function wlr_seat_client_for_wl_client with 2 params (varargs=0) at line 10609
[1;36mdebug: [0mc_header: w_name=wlr_seat_set_capabilities
[1;36mdebug: [0mc_header: parsed function wlr_seat_set_capabilities with 2 params (varargs=0) at line 10615
[1;36mdebug: [0mc_header: w_name=wlr_seat_set_name
[1;36mdebug: [0mc_header: parsed function wlr_seat_set_name with 2 params (varargs=0) at line 10620
[1;36mdebug: [0mc_header: w_name=wlr_seat_pointer_surface_has_focus
[1;36mdebug: [0mc_header: parsed function wlr_seat_pointer_surface_has_focus with 2 params (varargs=0) at line 10626
[1;36mdebug: [0mc_header: w_name=wlr_seat_pointer_enter
[1;36mdebug: [0mc_header: parsed function wlr_seat_pointer_enter with 4 params (varargs=0) at line 10629
[1;36mdebug: [0mc_header: w_name=wlr_seat_pointer_clear_focus
[1;36mdebug: [0mc_header: parsed function wlr_seat_pointer_clear_focus with 1 params (varargs=0) at line 10636
[1;36mdebug: [0mc_header: w_name=wlr_seat_pointer_send_motion
[1;36mdebug: [0mc_header: parsed function wlr_seat_pointer_send_motion with 4 params (varargs=0) at line 10644
[1;36mdebug: [0mc_header: w_name=wlr_seat_pointer_send_button
[1;36mdebug: [0mc_header: parsed function wlr_seat_pointer_send_button with 4 params (varargs=0) at line 10653
[1;36mdebug: [0mc_header: w_name=wlr_seat_pointer_send_axis
[1;36mdebug: [0mc_header: parsed function wlr_seat_pointer_send_axis with 7 params (varargs=0) at line 10663
[1;36mdebug: [0mc_header: w_name=wlr_seat_pointer_send_frame
[1;36mdebug: [0mc_header: parsed function wlr_seat_pointer_send_frame with 1 params (varargs=0) at line 10670
[1;36mdebug: [0mc_header: w_name=wlr_seat_pointer_notify_enter
[1;36mdebug: [0mc_header: parsed function wlr_seat_pointer_notify_enter with 4 params (varargs=0) at line 10679
[1;36mdebug: [0mc_header: w_name=wlr_seat_pointer_notify_clear_focus
[1;36mdebug: [0mc_header: parsed function wlr_seat_pointer_notify_clear_focus with 1 params (varargs=0) at line 10685
[1;36mdebug: [0mc_header: w_name=wlr_seat_pointer_warp
[1;36mdebug: [0mc_header: parsed function wlr_seat_pointer_warp with 3 params (varargs=0) at line 10691
[1;36mdebug: [0mc_header: w_name=wlr_seat_pointer_notify_motion
[1;36mdebug: [0mc_header: parsed function wlr_seat_pointer_notify_motion with 4 params (varargs=0) at line 10699
[1;36mdebug: [0mc_header: w_name=wlr_seat_pointer_notify_button
[1;36mdebug: [0mc_header: parsed function wlr_seat_pointer_notify_button with 4 params (varargs=0) at line 10707
[1;36mdebug: [0mc_header: w_name=wlr_seat_pointer_notify_axis
[1;36mdebug: [0mc_header: parsed function wlr_seat_pointer_notify_axis with 7 params (varargs=0) at line 10715
[1;36mdebug: [0mc_header: w_name=wlr_seat_pointer_notify_frame
[1;36mdebug: [0mc_header: parsed function wlr_seat_pointer_notify_frame with 1 params (varargs=0) at line 10722
[1;36mdebug: [0mc_header: w_name=wlr_seat_pointer_start_grab
[1;36mdebug: [0mc_header: parsed function wlr_seat_pointer_start_grab with 2 params (varargs=0) at line 10729
[1;36mdebug: [0mc_header: w_name=wlr_seat_pointer_end_grab
[1;36mdebug: [0mc_header: parsed function wlr_seat_pointer_end_grab with 1 params (varargs=0) at line 10735
[1;36mdebug: [0mc_header: w_name=wlr_seat_pointer_has_grab
[1;36mdebug: [0mc_header: parsed function wlr_seat_pointer_has_grab with 1 params (varargs=0) at line 10740
[1;36mdebug: [0mc_header: w_name=wlr_seat_set_keyboard
[1;36mdebug: [0mc_header: parsed function wlr_seat_set_keyboard with 2 params (varargs=0) at line 10745
[1;36mdebug: [0mc_header: w_name=wlr_seat_get_keyboard
[1;36mdebug: [0mc_header: parsed function wlr_seat_get_keyboard with 1 params (varargs=0) at line 10750
[1;36mdebug: [0mc_header: w_name=wlr_seat_keyboard_send_key
[1;36mdebug: [0mc_header: parsed function wlr_seat_keyboard_send_key with 4 params (varargs=0) at line 10758
[1;36mdebug: [0mc_header: w_name=wlr_seat_keyboard_send_modifiers
[1;36mdebug: [0mc_header: parsed function wlr_seat_keyboard_send_modifiers with 2 params (varargs=0) at line 10766
[1;36mdebug: [0mc_header: w_name=wlr_seat_keyboard_enter
[1;36mdebug: [0mc_header: parsed function wlr_seat_keyboard_enter with 5 params (varargs=0) at line 10776
[1;36mdebug: [0mc_header: w_name=wlr_seat_keyboard_clear_focus
[1;36mdebug: [0mc_header: parsed function wlr_seat_keyboard_clear_focus with 1 params (varargs=0) at line 10783
[1;36mdebug: [0mc_header: w_name=wlr_seat_keyboard_notify_key
[1;36mdebug: [0mc_header: parsed function wlr_seat_keyboard_notify_key with 4 params (varargs=0) at line 10790
[1;36mdebug: [0mc_header: w_name=wlr_seat_keyboard_notify_modifiers
[1;36mdebug: [0mc_header: parsed function wlr_seat_keyboard_notify_modifiers with 2 params (varargs=0) at line 10797
[1;36mdebug: [0mc_header: w_name=wlr_seat_keyboard_notify_enter
[1;36mdebug: [0mc_header: parsed function wlr_seat_keyboard_notify_enter with 5 params (varargs=0) at line 10806
[1;36mdebug: [0mc_header: w_name=wlr_seat_keyboard_notify_clear_focus
[1;36mdebug: [0mc_header: parsed function wlr_seat_keyboard_notify_clear_focus with 1 params (varargs=0) at line 10812
[1;36mdebug: [0mc_header: w_name=wlr_seat_keyboard_start_grab
[1;36mdebug: [0mc_header: parsed function wlr_seat_keyboard_start_grab with 2 params (varargs=0) at line 10819
[1;36mdebug: [0mc_header: w_name=wlr_seat_keyboard_end_grab
[1;36mdebug: [0mc_header: parsed function wlr_seat_keyboard_end_grab with 1 params (varargs=0) at line 10825
[1;36mdebug: [0mc_header: w_name=wlr_seat_keyboard_has_grab
[1;36mdebug: [0mc_header: parsed function wlr_seat_keyboard_has_grab with 1 params (varargs=0) at line 10830
[1;36mdebug: [0mc_header: w_name=wlr_seat_touch_get_point
[1;36mdebug: [0mc_header: parsed function wlr_seat_touch_get_point with 2 params (varargs=0) at line 10837
[1;36mdebug: [0mc_header: w_name=wlr_seat_touch_point_focus
[1;36mdebug: [0mc_header: parsed function wlr_seat_touch_point_focus with 6 params (varargs=0) at line 10846
[1;36mdebug: [0mc_header: w_name=wlr_seat_touch_point_clear_focus
[1;36mdebug: [0mc_header: parsed function wlr_seat_touch_point_clear_focus with 3 params (varargs=0) at line 10852
[1;36mdebug: [0mc_header: w_name=wlr_seat_touch_send_down
[1;36mdebug: [0mc_header: parsed function wlr_seat_touch_send_down with 6 params (varargs=0) at line 10856
[1;36mdebug: [0mc_header: w_name=wlr_seat_touch_send_up
[1;36mdebug: [0mc_header: parsed function wlr_seat_touch_send_up with 3 params (varargs=0) at line 10865
[1;36mdebug: [0mc_header: w_name=wlr_seat_touch_send_motion
[1;36mdebug: [0mc_header: parsed function wlr_seat_touch_send_motion with 5 params (varargs=0) at line 10874
[1;36mdebug: [0mc_header: w_name=wlr_seat_touch_send_cancel
[1;36mdebug: [0mc_header: parsed function wlr_seat_touch_send_cancel with 2 params (varargs=0) at line 10883
[1;36mdebug: [0mc_header: w_name=wlr_seat_touch_send_frame
[1;36mdebug: [0mc_header: parsed function wlr_seat_touch_send_frame with 1 params (varargs=0) at line 10885
[1;36mdebug: [0mc_header: w_name=wlr_seat_touch_notify_down
[1;36mdebug: [0mc_header: parsed function wlr_seat_touch_notify_down with 6 params (varargs=0) at line 10893
[1;36mdebug: [0mc_header: w_name=wlr_seat_touch_notify_up
[1;36mdebug: [0mc_header: parsed function wlr_seat_touch_notify_up with 3 params (varargs=0) at line 10900
[1;36mdebug: [0mc_header: w_name=wlr_seat_touch_notify_motion
[1;36mdebug: [0mc_header: parsed function wlr_seat_touch_notify_motion with 5 params (varargs=0) at line 10909
[1;36mdebug: [0mc_header: w_name=wlr_seat_touch_notify_cancel
[1;36mdebug: [0mc_header: parsed function wlr_seat_touch_notify_cancel with 2 params (varargs=0) at line 10916
[1;36mdebug: [0mc_header: w_name=wlr_seat_touch_notify_frame
[1;36mdebug: [0mc_header: parsed function wlr_seat_touch_notify_frame with 1 params (varargs=0) at line 10918
[1;36mdebug: [0mc_header: w_name=wlr_seat_touch_num_points
[1;36mdebug: [0mc_header: parsed function wlr_seat_touch_num_points with 1 params (varargs=0) at line 10923
[1;36mdebug: [0mc_header: w_name=wlr_seat_touch_start_grab
[1;36mdebug: [0mc_header: parsed function wlr_seat_touch_start_grab with 2 params (varargs=0) at line 10930
[1;36mdebug: [0mc_header: w_name=wlr_seat_touch_end_grab
[1;36mdebug: [0mc_header: parsed function wlr_seat_touch_end_grab with 1 params (varargs=0) at line 10936
[1;36mdebug: [0mc_header: w_name=wlr_seat_touch_has_grab
[1;36mdebug: [0mc_header: parsed function wlr_seat_touch_has_grab with 1 params (varargs=0) at line 10941
[1;36mdebug: [0mc_header: w_name=wlr_seat_validate_pointer_grab_serial
[1;36mdebug: [0mc_header: parsed function wlr_seat_validate_pointer_grab_serial with 3 params (varargs=0) at line 10947
[1;36mdebug: [0mc_header: w_name=wlr_seat_validate_touch_grab_serial
[1;36mdebug: [0mc_header: parsed function wlr_seat_validate_touch_grab_serial with 4 params (varargs=0) at line 10956
[1;36mdebug: [0mc_header: w_name=wlr_seat_client_next_serial
[1;36mdebug: [0mc_header: parsed function wlr_seat_client_next_serial with 1 params (varargs=0) at line 10964
[1;36mdebug: [0mc_header: w_name=wlr_seat_client_validate_event_serial
[1;36mdebug: [0mc_header: parsed function wlr_seat_client_validate_event_serial with 2 params (varargs=0) at line 10967
[1;36mdebug: [0mc_header: w_name=wlr_seat_client_from_resource
[1;36mdebug: [0mc_header: parsed function wlr_seat_client_from_resource with 1 params (varargs=0) at line 10973
[1;36mdebug: [0mc_header: w_name=wlr_seat_client_from_pointer_resource
[1;36mdebug: [0mc_header: parsed function wlr_seat_client_from_pointer_resource with 1 params (varargs=0) at line 10979
[1;36mdebug: [0mc_header: w_name=wlr_surface_accepts_touch
[1;36mdebug: [0mc_header: parsed function wlr_surface_accepts_touch with 2 params (varargs=0) at line 10984
[1;36mdebug: [0mc_header: LOOP START token=72
[1;36mdebug: [0mc_header: LOOP START token=1 line=280 text='uint16_t'
[1;36mdebug: [0mc_header: LOOP START token=1 line=281 text='uint16_t'
[1;36mdebug: [0mc_header: LOOP START token=1 line=282 text='uint16_t'
[1;36mdebug: [0mc_header: LOOP START token=1 line=283 text='uint16_t'
[1;36mdebug: [0mc_header: LOOP START token=1 line=288 text='pixman_fixed_t'
[1;36mdebug: [0mc_header: LOOP START token=1 line=289 text='pixman_fixed_t'
[1;36mdebug: [0mc_header: LOOP START token=1 line=294 text='pixman_point_fixed_t'
[1;36mdebug: [0mc_header: LOOP START token=1 line=303 text='pixman_fixed_t'
[1;36mdebug: [0mc_header: LOOP START token=1 line=308 text='pixman_fixed_t'
[1;36mdebug: [0mc_header: w_name=pixman_transform_init_identity
[1;36mdebug: [0mc_header: parsed function pixman_transform_init_identity with 1 params (varargs=0) at line 316
[1;36mdebug: [0mc_header: w_name=pixman_transform_point_3d
[1;36mdebug: [0mc_header: parsed function pixman_transform_point_3d with 2 params (varargs=0) at line 320
[1;36mdebug: [0mc_header: w_name=pixman_transform_point
[1;36mdebug: [0mc_header: parsed function pixman_transform_point with 2 params (varargs=0) at line 324
[1;36mdebug: [0mc_header: w_name=pixman_transform_multiply
[1;36mdebug: [0mc_header: parsed function pixman_transform_multiply with 3 params (varargs=0) at line 329
[1;36mdebug: [0mc_header: w_name=pixman_transform_init_scale
[1;36mdebug: [0mc_header: parsed function pixman_transform_init_scale with 3 params (varargs=0) at line 334
[1;36mdebug: [0mc_header: w_name=pixman_transform_scale
[1;36mdebug: [0mc_header: parsed function pixman_transform_scale with 4 params (varargs=0) at line 340
[1;36mdebug: [0mc_header: w_name=pixman_transform_init_rotate
[1;36mdebug: [0mc_header: parsed function pixman_transform_init_rotate with 3 params (varargs=0) at line 345
[1;36mdebug: [0mc_header: w_name=pixman_transform_rotate
[1;36mdebug: [0mc_header: parsed function pixman_transform_rotate with 4 params (varargs=0) at line 351
[1;36mdebug: [0mc_header: w_name=pixman_transform_init_translate
[1;36mdebug: [0mc_header: parsed function pixman_transform_init_translate with 3 params (varargs=0) at line 356
[1;36mdebug: [0mc_header: w_name=pixman_transform_translate
[1;36mdebug: [0mc_header: parsed function pixman_transform_translate with 4 params (varargs=0) at line 362
[1;36mdebug: [0mc_header: w_name=pixman_transform_bounds
[1;36mdebug: [0mc_header: parsed function pixman_transform_bounds with 2 params (varargs=0) at line 366
[1;36mdebug: [0mc_header: w_name=pixman_transform_invert
[1;36mdebug: [0mc_header: parsed function pixman_transform_invert with 2 params (varargs=0) at line 370
[1;36mdebug: [0mc_header: w_name=pixman_transform_is_identity
[1;36mdebug: [0mc_header: parsed function pixman_transform_is_identity with 1 params (varargs=0) at line 373
[1;36mdebug: [0mc_header: w_name=pixman_transform_is_scale
[1;36mdebug: [0mc_header: parsed function pixman_transform_is_scale with 1 params (varargs=0) at line 376
[1;36mdebug: [0mc_header: w_name=pixman_transform_is_int_translate
[1;36mdebug: [0mc_header: parsed function pixman_transform_is_int_translate with 1 params (varargs=0) at line 379
[1;36mdebug: [0mc_header: w_name=pixman_transform_is_inverse
[1;36mdebug: [0mc_header: parsed function pixman_transform_is_inverse with 2 params (varargs=0) at line 383
[1;36mdebug: [0mc_header: LOOP START token=63 line=393 text='double'
[1;36mdebug: [0mc_header: LOOP START token=63 line=398 text='double'
[1;36mdebug: [0mc_header: w_name=pixman_transform_from_pixman_f_transform
[1;36mdebug: [0mc_header: parsed function pixman_transform_from_pixman_f_transform with 2 params (varargs=0) at line 404
[1;36mdebug: [0mc_header: w_name=pixman_f_transform_from_pixman_transform
[1;36mdebug: [0mc_header: parsed function pixman_f_transform_from_pixman_transform with 2 params (varargs=0) at line 408
[1;36mdebug: [0mc_header: w_name=pixman_f_transform_invert
[1;36mdebug: [0mc_header: parsed function pixman_f_transform_invert with 2 params (varargs=0) at line 412
[1;36mdebug: [0mc_header: w_name=pixman_f_transform_point
[1;36mdebug: [0mc_header: parsed function pixman_f_transform_point with 2 params (varargs=0) at line 416
[1;36mdebug: [0mc_header: w_name=pixman_f_transform_point_3d
[1;36mdebug: [0mc_header: parsed function pixman_f_transform_point_3d with 2 params (varargs=0) at line 420
[1;36mdebug: [0mc_header: w_name=pixman_f_transform_multiply
[1;36mdebug: [0mc_header: parsed function pixman_f_transform_multiply with 3 params (varargs=0) at line 425
[1;36mdebug: [0mc_header: w_name=pixman_f_transform_init_scale
[1;36mdebug: [0mc_header: parsed function pixman_f_transform_init_scale with 3 params (varargs=0) at line 430
[1;36mdebug: [0mc_header: w_name=pixman_f_transform_scale
[1;36mdebug: [0mc_header: parsed function pixman_f_transform_scale with 4 params (varargs=0) at line 436
[1;36mdebug: [0mc_header: w_name=pixman_f_transform_init_rotate
[1;36mdebug: [0mc_header: parsed function pixman_f_transform_init_rotate with 3 params (varargs=0) at line 441
[1;36mdebug: [0mc_header: w_name=pixman_f_transform_rotate
[1;36mdebug: [0mc_header: parsed function pixman_f_transform_rotate with 4 params (varargs=0) at line 447
[1;36mdebug: [0mc_header: w_name=pixman_f_transform_init_translate
[1;36mdebug: [0mc_header: parsed function pixman_f_transform_init_translate with 3 params (varargs=0) at line 452
[1;36mdebug: [0mc_header: w_name=pixman_f_transform_translate
[1;36mdebug: [0mc_header: parsed function pixman_f_transform_translate with 4 params (varargs=0) at line 458
[1;36mdebug: [0mc_header: w_name=pixman_f_transform_bounds
[1;36mdebug: [0mc_header: parsed function pixman_f_transform_bounds with 2 params (varargs=0) at line 462
[1;36mdebug: [0mc_header: w_name=pixman_f_transform_init_identity
[1;36mdebug: [0mc_header: parsed function pixman_f_transform_init_identity with 1 params (varargs=0) at line 465
[1;36mdebug: [0mc_header: LOOP START token=1
[1;36mdebug: [0mc_header: LOOP START token=1
[1;36mdebug: [0mc_header: LOOP START token=1
[1;36mdebug: [0mc_header: LOOP START token=1
[1;36mdebug: [0mc_header: LOOP START token=1
[1;36mdebug: [0mc_header: LOOP START token=1
[1;36mdebug: [0mc_header: LOOP START token=1
[1;36mdebug: [0mc_header: LOOP START token=1
[1;36mdebug: [0mc_header: LOOP START token=1
[1;36mdebug: [0mc_header: LOOP START token=1
[1;36mdebug: [0mc_header: LOOP START token=1
[1;36mdebug: [0mc_header: LOOP START token=1
[1;36mdebug: [0mc_header: LOOP START token=1
[1;36mdebug: [0mc_header: LOOP START token=1
[1;36mdebug: [0mc_header: LOOP START token=1
[1;36mdebug: [0mc_header: LOOP START token=1
[1;36mdebug: [0mc_header: LOOP START token=1
[1;36mdebug: [0mc_header: LOOP START token=1
[1;36mdebug: [0mc_header: LOOP START token=1
[1;36mdebug: [0mc_header: LOOP START token=1
[1;36mdebug: [0mc_header: LOOP START token=1
[1;36mdebug: [0mc_header: LOOP START token=1
[1;36mdebug: [0mc_header: LOOP START token=1
[1;36mdebug: [0mc_header: LOOP START token=1
[1;36mdebug: [0mc_header: LOOP START token=1
[1;36mdebug: [0mc_header: LOOP START token=1
[1;36mdebug: [0mc_header: LOOP START token=1
[1;36mdebug: [0mc_header: LOOP START token=1
[1;36mdebug: [0mc_header: LOOP START token=1
[1;36mdebug: [0mc_header: LOOP START token=1
[1;36mdebug: [0mc_header: LOOP START token=1
[1;36mdebug: [0mc_header: LOOP START token=1
[1;36mdebug: [0mc_header: LOOP START token=1
[1;36mdebug: [0mc_header: LOOP START token=1
[1;36mdebug: [0mc_header: LOOP START token=1
[1;36mdebug: [0mc_header: LOOP START token=1
[1;36mdebug: [0mc_header: LOOP START token=1
[1;36mdebug: [0mc_header: LOOP START token=1
[1;36mdebug: [0mc_header: LOOP START token=1
[1;36mdebug: [0mc_header: LOOP START token=1
[1;36mdebug: [0mc_header: LOOP START token=1
[1;36mdebug: [0mc_header: LOOP START token=1
[1;36mdebug: [0mc_header: LOOP START token=1
[1;36mdebug: [0mc_header: LOOP START token=1
[1;36mdebug: [0mc_header: LOOP START token=1
[1;36mdebug: [0mc_header: LOOP START token=1
[1;36mdebug: [0mc_header: LOOP START token=1
[1;36mdebug: [0mc_header: LOOP START token=1
[1;36mdebug: [0mc_header: LOOP START token=1
[1;36mdebug: [0mc_header: LOOP START token=1
[1;36mdebug: [0mc_header: LOOP START token=1
[1;36mdebug: [0mc_header: LOOP START token=1
[1;36mdebug: [0mc_header: LOOP START token=1
[1;36mdebug: [0mc_header: LOOP START token=1
[1;36mdebug: [0mc_header: LOOP START token=1
[1;36mdebug: [0mc_header: LOOP START token=1
[1;36mdebug: [0mc_header: LOOP START token=1
[1;36mdebug: [0mc_header: LOOP START token=1
[1;36mdebug: [0mc_header: LOOP START token=1
[1;36mdebug: [0mc_header: LOOP START token=1
[1;36mdebug: [0mc_header: LOOP START token=1
[1;36mdebug: [0mc_header: LOOP START token=1
[1;36mdebug: [0mc_header: LOOP START token=1
[1;36mdebug: [0mc_header: LOOP START token=1
[1;36mdebug: [0mc_header: LOOP START token=1
[1;36mdebug: [0mc_header: LOOP START token=1
[1;36mdebug: [0mc_header: LOOP START token=1
[1;36mdebug: [0mc_header: LOOP START token=1
[1;36mdebug: [0mc_header: LOOP START token=1
[1;36mdebug: [0mc_header: LOOP START token=1
[1;36mdebug: [0mc_header: LOOP START token=73 line=572 text='long'
[1;36mdebug: [0mc_header: LOOP START token=73 line=573 text='long'
[1;36mdebug: [0mc_header: LOOP START token=1 line=579 text='int16_t'
[1;36mdebug: [0mc_header: LOOP START token=1 line=580 text='uint16_t'
[1;36mdebug: [0mc_header: LOOP START token=1 line=585 text='int16_t'
[1;36mdebug: [0mc_header: LOOP START token=1 line=590 text='pixman_box16_t'
[1;36mdebug: [0mc_header: LOOP START token=1 line=591 text='pixman_region16_data_t'
[1;36mdebug: [0mc_header: LOOP START token=1
[1;36mdebug: [0mc_header: LOOP START token=1
[1;36mdebug: [0mc_header: LOOP START token=1
[1;36mdebug: [0mc_header: w_name=pixman_region_set_static_pointers
[1;36mdebug: [0mc_header: parsed function pixman_region_set_static_pointers with 3 params (varargs=0) at line 607
[1;36mdebug: [0mc_header: w_name=pixman_region_init
[1;36mdebug: [0mc_header: parsed function pixman_region_init with 1 params (varargs=0) at line 611
[1;36mdebug: [0mc_header: w_name=pixman_region_init_rect
[1;36mdebug: [0mc_header: parsed function pixman_region_init_rect with 5 params (varargs=0) at line 618
[1;36mdebug: [0mc_header: w_name=pixman_region_init_rects
[1;36mdebug: [0mc_header: parsed function pixman_region_init_rects with 3 params (varargs=0) at line 623
[1;36mdebug: [0mc_header: w_name=pixman_region_init_with_extents
[1;36mdebug: [0mc_header: parsed function pixman_region_init_with_extents with 2 params (varargs=0) at line 627
[1;36mdebug: [0mc_header: w_name=pixman_region_init_from_image
[1;36mdebug: [0mc_header: parsed function pixman_region_init_from_image with 2 params (varargs=0) at line 631
[1;36mdebug: [0mc_header: w_name=pixman_region_fini
[1;36mdebug: [0mc_header: parsed function pixman_region_fini with 1 params (varargs=0) at line 634
[1;36mdebug: [0mc_header: w_name=pixman_region_translate
[1;36mdebug: [0mc_header: parsed function pixman_region_translate with 3 params (varargs=0) at line 641
[1;36mdebug: [0mc_header: w_name=pixman_region_copy
[1;36mdebug: [0mc_header: parsed function pixman_region_copy with 2 params (varargs=0) at line 645
[1;36mdebug: [0mc_header: w_name=pixman_region_intersect
[1;36mdebug: [0mc_header: parsed function pixman_region_intersect with 3 params (varargs=0) at line 650
[1;36mdebug: [0mc_header: w_name=pixman_region_union
[1;36mdebug: [0mc_header: parsed function pixman_region_union with 3 params (varargs=0) at line 655
[1;36mdebug: [0mc_header: w_name=pixman_region_union_rect
[1;36mdebug: [0mc_header: parsed function pixman_region_union_rect with 6 params (varargs=0) at line 663
[1;36mdebug: [0mc_header: w_name=pixman_region_intersect_rect
[1;36mdebug: [0mc_header: parsed function pixman_region_intersect_rect with 6 params (varargs=0) at line 671
[1;36mdebug: [0mc_header: w_name=pixman_region_subtract
[1;36mdebug: [0mc_header: parsed function pixman_region_subtract with 3 params (varargs=0) at line 676
[1;36mdebug: [0mc_header: w_name=pixman_region_inverse
[1;36mdebug: [0mc_header: parsed function pixman_region_inverse with 3 params (varargs=0) at line 681
[1;36mdebug: [0mc_header: w_name=pixman_region_contains_point
[1;36mdebug: [0mc_header: parsed function pixman_region_contains_point with 4 params (varargs=0) at line 687
[1;36mdebug: [0mc_header: w_name=pixman_region_contains_rectangle
[1;36mdebug: [0mc_header: parsed function pixman_region_contains_rectangle with 2 params (varargs=0) at line 691
[1;36mdebug: [0mc_header: w_name=pixman_region_empty
[1;36mdebug: [0mc_header: parsed function pixman_region_empty with 1 params (varargs=0) at line 694
[1;36mdebug: [0mc_header: w_name=pixman_region_not_empty
[1;36mdebug: [0mc_header: parsed function pixman_region_not_empty with 1 params (varargs=0) at line 697
[1;36mdebug: [0mc_header: w_name=pixman_region_extents
[1;36mdebug: [0mc_header: parsed function pixman_region_extents with 1 params (varargs=0) at line 700
[1;36mdebug: [0mc_header: w_name=pixman_region_n_rects
[1;36mdebug: [0mc_header: parsed function pixman_region_n_rects with 1 params (varargs=0) at line 703
[1;36mdebug: [0mc_header: w_name=pixman_region_rectangles
[1;36mdebug: [0mc_header: parsed function pixman_region_rectangles with 2 params (varargs=0) at line 707
[1;36mdebug: [0mc_header: w_name=pixman_region_equal
[1;36mdebug: [0mc_header: parsed function pixman_region_equal with 2 params (varargs=0) at line 711
[1;36mdebug: [0mc_header: w_name=pixman_region_selfcheck
[1;36mdebug: [0mc_header: parsed function pixman_region_selfcheck with 1 params (varargs=0) at line 714
[1;36mdebug: [0mc_header: w_name=pixman_region_reset
[1;36mdebug: [0mc_header: parsed function pixman_region_reset with 2 params (varargs=0) at line 718
[1;36mdebug: [0mc_header: w_name=pixman_region_clear
[1;36mdebug: [0mc_header: parsed function pixman_region_clear with 1 params (varargs=0) at line 721
[1;36mdebug: [0mc_header: LOOP START token=73 line=731 text='long'
[1;36mdebug: [0mc_header: LOOP START token=73 line=732 text='long'
[1;36mdebug: [0mc_header: LOOP START token=1 line=738 text='int32_t'
[1;36mdebug: [0mc_header: LOOP START token=1 line=739 text='uint32_t'
[1;36mdebug: [0mc_header: LOOP START token=1 line=744 text='int32_t'
[1;36mdebug: [0mc_header: LOOP START token=1 line=749 text='pixman_box32_t'
[1;36mdebug: [0mc_header: LOOP START token=1 line=750 text='pixman_region32_data_t'
[1;36mdebug: [0mc_header: w_name=pixman_region32_init
[1;36mdebug: [0mc_header: parsed function pixman_region32_init with 1 params (varargs=0) at line 755
[1;36mdebug: [0mc_header: w_name=pixman_region32_init_rect
[1;36mdebug: [0mc_header: parsed function pixman_region32_init_rect with 5 params (varargs=0) at line 762
[1;36mdebug: [0mc_header: w_name=pixman_region32_init_rects
[1;36mdebug: [0mc_header: parsed function pixman_region32_init_rects with 3 params (varargs=0) at line 767
[1;36mdebug: [0mc_header: w_name=pixman_region32_init_with_extents
[1;36mdebug: [0mc_header: parsed function pixman_region32_init_with_extents with 2 params (varargs=0) at line 771
[1;36mdebug: [0mc_header: w_name=pixman_region32_init_from_image
[1;36mdebug: [0mc_header: parsed function pixman_region32_init_from_image with 2 params (varargs=0) at line 775
[1;36mdebug: [0mc_header: w_name=pixman_region32_fini
[1;36mdebug: [0mc_header: parsed function pixman_region32_fini with 1 params (varargs=0) at line 778
[1;36mdebug: [0mc_header: w_name=pixman_region32_translate
[1;36mdebug: [0mc_header: parsed function pixman_region32_translate with 3 params (varargs=0) at line 785
[1;36mdebug: [0mc_header: w_name=pixman_region32_copy
[1;36mdebug: [0mc_header: parsed function pixman_region32_copy with 2 params (varargs=0) at line 789
[1;36mdebug: [0mc_header: w_name=pixman_region32_intersect
[1;36mdebug: [0mc_header: parsed function pixman_region32_intersect with 3 params (varargs=0) at line 794
[1;36mdebug: [0mc_header: w_name=pixman_region32_union
[1;36mdebug: [0mc_header: parsed function pixman_region32_union with 3 params (varargs=0) at line 799
[1;36mdebug: [0mc_header: w_name=pixman_region32_intersect_rect
[1;36mdebug: [0mc_header: parsed function pixman_region32_intersect_rect with 6 params (varargs=0) at line 807
[1;36mdebug: [0mc_header: w_name=pixman_region32_union_rect
[1;36mdebug: [0mc_header: parsed function pixman_region32_union_rect with 6 params (varargs=0) at line 815
[1;36mdebug: [0mc_header: w_name=pixman_region32_subtract
[1;36mdebug: [0mc_header: parsed function pixman_region32_subtract with 3 params (varargs=0) at line 820
[1;36mdebug: [0mc_header: w_name=pixman_region32_inverse
[1;36mdebug: [0mc_header: parsed function pixman_region32_inverse with 3 params (varargs=0) at line 825
[1;36mdebug: [0mc_header: w_name=pixman_region32_contains_point
[1;36mdebug: [0mc_header: parsed function pixman_region32_contains_point with 4 params (varargs=0) at line 831
[1;36mdebug: [0mc_header: w_name=pixman_region32_contains_rectangle
[1;36mdebug: [0mc_header: parsed function pixman_region32_contains_rectangle with 2 params (varargs=0) at line 835
[1;36mdebug: [0mc_header: w_name=pixman_region32_empty
[1;36mdebug: [0mc_header: parsed function pixman_region32_empty with 1 params (varargs=0) at line 838
[1;36mdebug: [0mc_header: w_name=pixman_region32_not_empty
[1;36mdebug: [0mc_header: parsed function pixman_region32_not_empty with 1 params (varargs=0) at line 841
[1;36mdebug: [0mc_header: w_name=pixman_region32_extents
[1;36mdebug: [0mc_header: parsed function pixman_region32_extents with 1 params (varargs=0) at line 844
[1;36mdebug: [0mc_header: w_name=pixman_region32_n_rects
[1;36mdebug: [0mc_header: parsed function pixman_region32_n_rects with 1 params (varargs=0) at line 847
[1;36mdebug: [0mc_header: w_name=pixman_region32_rectangles
[1;36mdebug: [0mc_header: parsed function pixman_region32_rectangles with 2 params (varargs=0) at line 851
[1;36mdebug: [0mc_header: w_name=pixman_region32_equal
[1;36mdebug: [0mc_header: parsed function pixman_region32_equal with 2 params (varargs=0) at line 855
[1;36mdebug: [0mc_header: w_name=pixman_region32_selfcheck
[1;36mdebug: [0mc_header: parsed function pixman_region32_selfcheck with 1 params (varargs=0) at line 858
[1;36mdebug: [0mc_header: w_name=pixman_region32_reset
[1;36mdebug: [0mc_header: parsed function pixman_region32_reset with 2 params (varargs=0) at line 862
[1;36mdebug: [0mc_header: w_name=pixman_region32_clear
[1;36mdebug: [0mc_header: parsed function pixman_region32_clear with 1 params (varargs=0) at line 865
[1;36mdebug: [0mc_header: LOOP START token=73 line=875 text='long'
[1;36mdebug: [0mc_header: LOOP START token=73 line=876 text='long'
[1;36mdebug: [0mc_header: LOOP START token=63 line=882 text='double'
[1;36mdebug: [0mc_header: LOOP START token=63 line=883 text='double'
[1;36mdebug: [0mc_header: LOOP START token=63 line=888 text='double'
[1;36mdebug: [0mc_header: LOOP START token=1 line=893 text='pixman_box64f_t'
[1;36mdebug: [0mc_header: LOOP START token=1 line=894 text='pixman_region64f_data_t'
[1;36mdebug: [0mc_header: w_name=pixman_region64f_init
[1;36mdebug: [0mc_header: parsed function pixman_region64f_init with 1 params (varargs=0) at line 899
[1;36mdebug: [0mc_header: w_name=pixman_region64f_init_rect
[1;36mdebug: [0mc_header: parsed function pixman_region64f_init_rect with 5 params (varargs=0) at line 906
[1;36mdebug: [0mc_header: w_name=pixman_region64f_init_rectf
[1;36mdebug: [0mc_header: parsed function pixman_region64f_init_rectf with 5 params (varargs=0) at line 913
[1;36mdebug: [0mc_header: w_name=pixman_region64f_init_rects
[1;36mdebug: [0mc_header: parsed function pixman_region64f_init_rects with 3 params (varargs=0) at line 918
[1;36mdebug: [0mc_header: w_name=pixman_region64f_init_with_extents
[1;36mdebug: [0mc_header: parsed function pixman_region64f_init_with_extents with 2 params (varargs=0) at line 922
[1;36mdebug: [0mc_header: w_name=pixman_region64f_init_from_image
[1;36mdebug: [0mc_header: parsed function pixman_region64f_init_from_image with 2 params (varargs=0) at line 926
[1;36mdebug: [0mc_header: w_name=pixman_region64f_fini
[1;36mdebug: [0mc_header: parsed function pixman_region64f_fini with 1 params (varargs=0) at line 929
[1;36mdebug: [0mc_header: w_name=pixman_region64f_translate
[1;36mdebug: [0mc_header: parsed function pixman_region64f_translate with 3 params (varargs=0) at line 936
[1;36mdebug: [0mc_header: w_name=pixman_region64f_translatef
[1;36mdebug: [0mc_header: parsed function pixman_region64f_translatef with 3 params (varargs=0) at line 941
[1;36mdebug: [0mc_header: w_name=pixman_region64f_copy
[1;36mdebug: [0mc_header: parsed function pixman_region64f_copy with 2 params (varargs=0) at line 945
[1;36mdebug: [0mc_header: w_name=pixman_region64f_intersect
[1;36mdebug: [0mc_header: parsed function pixman_region64f_intersect with 3 params (varargs=0) at line 950
[1;36mdebug: [0mc_header: w_name=pixman_region64f_union
[1;36mdebug: [0mc_header: parsed function pixman_region64f_union with 3 params (varargs=0) at line 955
[1;36mdebug: [0mc_header: w_name=pixman_region64f_intersect_rect
[1;36mdebug: [0mc_header: parsed function pixman_region64f_intersect_rect with 6 params (varargs=0) at line 963
[1;36mdebug: [0mc_header: w_name=pixman_region64f_intersect_rectf
[1;36mdebug: [0mc_header: parsed function pixman_region64f_intersect_rectf with 6 params (varargs=0) at line 971
[1;36mdebug: [0mc_header: w_name=pixman_region64f_union_rect
[1;36mdebug: [0mc_header: parsed function pixman_region64f_union_rect with 6 params (varargs=0) at line 979
[1;36mdebug: [0mc_header: w_name=pixman_region64f_union_rectf
[1;36mdebug: [0mc_header: parsed function pixman_region64f_union_rectf with 6 params (varargs=0) at line 987
[1;36mdebug: [0mc_header: w_name=pixman_region64f_subtract
[1;36mdebug: [0mc_header: parsed function pixman_region64f_subtract with 3 params (varargs=0) at line 992
[1;36mdebug: [0mc_header: w_name=pixman_region64f_inverse
[1;36mdebug: [0mc_header: parsed function pixman_region64f_inverse with 3 params (varargs=0) at line 997
[1;36mdebug: [0mc_header: w_name=pixman_region64f_contains_point
[1;36mdebug: [0mc_header: parsed function pixman_region64f_contains_point with 4 params (varargs=0) at line 1003
[1;36mdebug: [0mc_header: w_name=pixman_region64f_contains_pointf
[1;36mdebug: [0mc_header: parsed function pixman_region64f_contains_pointf with 4 params (varargs=0) at line 1009
[1;36mdebug: [0mc_header: w_name=pixman_region64f_contains_rectangle
[1;36mdebug: [0mc_header: parsed function pixman_region64f_contains_rectangle with 2 params (varargs=0) at line 1013
[1;36mdebug: [0mc_header: w_name=pixman_region64f_empty
[1;36mdebug: [0mc_header: parsed function pixman_region64f_empty with 1 params (varargs=0) at line 1016
[1;36mdebug: [0mc_header: w_name=pixman_region64f_not_empty
[1;36mdebug: [0mc_header: parsed function pixman_region64f_not_empty with 1 params (varargs=0) at line 1019
[1;36mdebug: [0mc_header: w_name=pixman_region64f_extents
[1;36mdebug: [0mc_header: parsed function pixman_region64f_extents with 1 params (varargs=0) at line 1022
[1;36mdebug: [0mc_header: w_name=pixman_region64f_n_rects
[1;36mdebug: [0mc_header: parsed function pixman_region64f_n_rects with 1 params (varargs=0) at line 1025
[1;36mdebug: [0mc_header: w_name=pixman_region64f_rectangles
[1;36mdebug: [0mc_header: parsed function pixman_region64f_rectangles with 2 params (varargs=0) at line 1029
[1;36mdebug: [0mc_header: w_name=pixman_region64f_equal
[1;36mdebug: [0mc_header: parsed function pixman_region64f_equal with 2 params (varargs=0) at line 1033
[1;36mdebug: [0mc_header: w_name=pixman_region64f_selfcheck
[1;36mdebug: [0mc_header: parsed function pixman_region64f_selfcheck with 1 params (varargs=0) at line 1036
[1;36mdebug: [0mc_header: w_name=pixman_region64f_reset
[1;36mdebug: [0mc_header: parsed function pixman_region64f_reset with 2 params (varargs=0) at line 1040
[1;36mdebug: [0mc_header: w_name=pixman_region64f_clear
[1;36mdebug: [0mc_header: parsed function pixman_region64f_clear with 1 params (varargs=0) at line 1043
[1;36mdebug: [0mc_header: w_name=pixman_blt
[1;36mdebug: [0mc_header: parsed function pixman_blt with 12 params (varargs=0) at line 1059
[1;36mdebug: [0mc_header: w_name=pixman_fill
[1;36mdebug: [0mc_header: parsed function pixman_fill with 8 params (varargs=0) at line 1069
[1;36mdebug: [0mc_header: w_name=pixman_version
[1;36mdebug: [0mc_header: parsed function pixman_version with 0 params (varargs=0) at line 1073
[1;36mdebug: [0mc_header: w_name=pixman_version_string
[1;36mdebug: [0mc_header: parsed function pixman_version_string with 0 params (varargs=0) at line 1076
[1;36mdebug: [0mc_header: LOOP START token=1 line=1090 text='pixman_fixed_t'
[1;36mdebug: [0mc_header: LOOP START token=1 line=1091 text='pixman_color_t'
[1;36mdebug: [0mc_header: LOOP START token=1 line=1102 text='pixman_bool_t'
[1;36mdebug: [0mc_header: LOOP START token=1 line=1103 text='uint32_t'
[1;36mdebug: [0mc_header: LOOP START token=1 line=1104 text='pixman_index_type'
[1;36mdebug: [0mc_header: LOOP START token=1
[1;36mdebug: [0mc_header: LOOP START token=1
[1;36mdebug: [0mc_header: LOOP START token=1
[1;36mdebug: [0mc_header: LOOP START token=1
[1;36mdebug: [0mc_header: LOOP START token=1
[1;36mdebug: [0mc_header: LOOP START token=1
[1;36mdebug: [0mc_header: LOOP START token=1
[1;36mdebug: [0mc_header: LOOP START token=1
[1;36mdebug: [0mc_header: LOOP START token=1
[1;36mdebug: [0mc_header: LOOP START token=1
[1;36mdebug: [0mc_header: LOOP START token=1
[1;36mdebug: [0mc_header: LOOP START token=1
[1;36mdebug: [0mc_header: LOOP START token=1
[1;36mdebug: [0mc_header: LOOP START token=1
[1;36mdebug: [0mc_header: LOOP START token=1
[1;36mdebug: [0mc_header: LOOP START token=1
[1;36mdebug: [0mc_header: LOOP START token=1
[1;36mdebug: [0mc_header: LOOP START token=1
[1;36mdebug: [0mc_header: LOOP START token=1
[1;36mdebug: [0mc_header: LOOP START token=1
[1;36mdebug: [0mc_header: LOOP START token=1
[1;36mdebug: [0mc_header: LOOP START token=1
[1;36mdebug: [0mc_header: LOOP START token=1
[1;36mdebug: [0mc_header: LOOP START token=1
[1;36mdebug: [0mc_header: LOOP START token=1
[1;36mdebug: [0mc_header: LOOP START token=1
[1;36mdebug: [0mc_header: LOOP START token=1
[1;36mdebug: [0mc_header: LOOP START token=1
[1;36mdebug: [0mc_header: LOOP START token=1
[1;36mdebug: [0mc_header: LOOP START token=1
[1;36mdebug: [0mc_header: LOOP START token=1
[1;36mdebug: [0mc_header: LOOP START token=1
[1;36mdebug: [0mc_header: LOOP START token=1
[1;36mdebug: [0mc_header: LOOP START token=1
[1;36mdebug: [0mc_header: LOOP START token=1
[1;36mdebug: [0mc_header: LOOP START token=1
[1;36mdebug: [0mc_header: LOOP START token=1
[1;36mdebug: [0mc_header: LOOP START token=1
[1;36mdebug: [0mc_header: LOOP START token=1
[1;36mdebug: [0mc_header: LOOP START token=1
[1;36mdebug: [0mc_header: LOOP START token=1
[1;36mdebug: [0mc_header: LOOP START token=1
[1;36mdebug: [0mc_header: LOOP START token=1
[1;36mdebug: [0mc_header: LOOP START token=1
[1;36mdebug: [0mc_header: LOOP START token=1
[1;36mdebug: [0mc_header: LOOP START token=1
[1;36mdebug: [0mc_header: LOOP START token=1
[1;36mdebug: [0mc_header: LOOP START token=1
[1;36mdebug: [0mc_header: LOOP START token=1
[1;36mdebug: [0mc_header: LOOP START token=1
[1;36mdebug: [0mc_header: LOOP START token=1
[1;36mdebug: [0mc_header: w_name=pixman_format_supported_destination
[1;36mdebug: [0mc_header: parsed function pixman_format_supported_destination with 1 params (varargs=0) at line 1190
[1;36mdebug: [0mc_header: w_name=pixman_format_supported_source
[1;36mdebug: [0mc_header: parsed function pixman_format_supported_source with 1 params (varargs=0) at line 1193
[1;36mdebug: [0mc_header: w_name=pixman_image_create_solid_fill
[1;36mdebug: [0mc_header: parsed function pixman_image_create_solid_fill with 1 params (varargs=0) at line 1197
[1;36mdebug: [0mc_header: w_name=pixman_image_create_linear_gradient
[1;36mdebug: [0mc_header: parsed function pixman_image_create_linear_gradient with 4 params (varargs=0) at line 1203
[1;36mdebug: [0mc_header: w_name=pixman_image_create_radial_gradient
[1;36mdebug: [0mc_header: parsed function pixman_image_create_radial_gradient with 6 params (varargs=0) at line 1211
[1;36mdebug: [0mc_header: w_name=pixman_image_create_conical_gradient
[1;36mdebug: [0mc_header: parsed function pixman_image_create_conical_gradient with 4 params (varargs=0) at line 1217
[1;36mdebug: [0mc_header: w_name=pixman_image_create_bits
[1;36mdebug: [0mc_header: parsed function pixman_image_create_bits with 5 params (varargs=0) at line 1224
[1;36mdebug: [0mc_header: w_name=pixman_image_create_bits_no_clear
[1;36mdebug: [0mc_header: parsed function pixman_image_create_bits_no_clear with 5 params (varargs=0) at line 1231
[1;36mdebug: [0mc_header: w_name=pixman_image_ref
[1;36mdebug: [0mc_header: parsed function pixman_image_ref with 1 params (varargs=0) at line 1235
[1;36mdebug: [0mc_header: w_name=pixman_image_unref
[1;36mdebug: [0mc_header: parsed function pixman_image_unref with 1 params (varargs=0) at line 1238
[1;36mdebug: [0mc_header: w_name=pixman_image_set_destroy_function
[1;36mdebug: [0mc_header: parsed function pixman_image_set_destroy_function with 3 params (varargs=0) at line 1244
[1;36mdebug: [0mc_header: w_name=pixman_image_get_destroy_data
[1;36mdebug: [0mc_header: parsed function pixman_image_get_destroy_data with 1 params (varargs=0) at line 1247
[1;36mdebug: [0mc_header: w_name=pixman_image_set_clip_region
[1;36mdebug: [0mc_header: parsed function pixman_image_set_clip_region with 2 params (varargs=0) at line 1252
[1;36mdebug: [0mc_header: w_name=pixman_image_set_clip_region32
[1;36mdebug: [0mc_header: parsed function pixman_image_set_clip_region32 with 2 params (varargs=0) at line 1256
[1;36mdebug: [0mc_header: w_name=pixman_image_set_clip_region64f
[1;36mdebug: [0mc_header: parsed function pixman_image_set_clip_region64f with 2 params (varargs=0) at line 1260
[1;36mdebug: [0mc_header: w_name=pixman_image_set_has_client_clip
[1;36mdebug: [0mc_header: parsed function pixman_image_set_has_client_clip with 2 params (varargs=0) at line 1264
[1;36mdebug: [0mc_header: w_name=pixman_image_set_transform
[1;36mdebug: [0mc_header: parsed function pixman_image_set_transform with 2 params (varargs=0) at line 1268
[1;36mdebug: [0mc_header: w_name=pixman_image_set_repeat
[1;36mdebug: [0mc_header: parsed function pixman_image_set_repeat with 2 params (varargs=0) at line 1272
[1;36mdebug: [0mc_header: w_name=pixman_image_set_dither
[1;36mdebug: [0mc_header: parsed function pixman_image_set_dither with 2 params (varargs=0) at line 1276
[1;36mdebug: [0mc_header: w_name=pixman_image_set_dither_offset
[1;36mdebug: [0mc_header: parsed function pixman_image_set_dither_offset with 3 params (varargs=0) at line 1281
[1;36mdebug: [0mc_header: w_name=pixman_image_set_filter
[1;36mdebug: [0mc_header: parsed function pixman_image_set_filter with 4 params (varargs=0) at line 1287
[1;36mdebug: [0mc_header: w_name=pixman_image_set_source_clipping
[1;36mdebug: [0mc_header: parsed function pixman_image_set_source_clipping with 2 params (varargs=0) at line 1291
[1;36mdebug: [0mc_header: w_name=pixman_image_set_alpha_map
[1;36mdebug: [0mc_header: parsed function pixman_image_set_alpha_map with 4 params (varargs=0) at line 1297
[1;36mdebug: [0mc_header: w_name=pixman_image_set_component_alpha
[1;36mdebug: [0mc_header: parsed function pixman_image_set_component_alpha with 2 params (varargs=0) at line 1301
[1;36mdebug: [0mc_header: w_name=pixman_image_get_component_alpha
[1;36mdebug: [0mc_header: parsed function pixman_image_get_component_alpha with 1 params (varargs=0) at line 1304
[1;36mdebug: [0mc_header: w_name=pixman_image_set_accessors
[1;36mdebug: [0mc_header: parsed function pixman_image_set_accessors with 3 params (varargs=0) at line 1309
[1;36mdebug: [0mc_header: w_name=pixman_image_set_indexed
[1;36mdebug: [0mc_header: parsed function pixman_image_set_indexed with 2 params (varargs=0) at line 1313
[1;36mdebug: [0mc_header: w_name=pixman_image_get_data
[1;36mdebug: [0mc_header: parsed function pixman_image_get_data with 1 params (varargs=0) at line 1316
[1;36mdebug: [0mc_header: w_name=pixman_image_get_width
[1;36mdebug: [0mc_header: parsed function pixman_image_get_width with 1 params (varargs=0) at line 1319
[1;36mdebug: [0mc_header: w_name=pixman_image_get_height
[1;36mdebug: [0mc_header: parsed function pixman_image_get_height with 1 params (varargs=0) at line 1322
[1;36mdebug: [0mc_header: w_name=pixman_image_get_stride
[1;36mdebug: [0mc_header: parsed function pixman_image_get_stride with 1 params (varargs=0) at line 1325
[1;36mdebug: [0mc_header: w_name=pixman_image_get_depth
[1;36mdebug: [0mc_header: parsed function pixman_image_get_depth with 1 params (varargs=0) at line 1328
[1;36mdebug: [0mc_header: w_name=pixman_image_get_format
[1;36mdebug: [0mc_header: parsed function pixman_image_get_format with 1 params (varargs=0) at line 1331
[1;36mdebug: [0mc_header: LOOP START token=1
[1;36mdebug: [0mc_header: LOOP START token=1
[1;36mdebug: [0mc_header: LOOP START token=1
[1;36mdebug: [0mc_header: LOOP START token=1
[1;36mdebug: [0mc_header: LOOP START token=1
[1;36mdebug: [0mc_header: LOOP START token=1
[1;36mdebug: [0mc_header: LOOP START token=1
[1;36mdebug: [0mc_header: LOOP START token=1
[1;36mdebug: [0mc_header: w_name=pixman_filter_create_separable_convolution
[1;36mdebug: [0mc_header: parsed function pixman_filter_create_separable_convolution with 9 params (varargs=0) at line 1358
[1;36mdebug: [0mc_header: w_name=pixman_image_fill_rectangles
[1;36mdebug: [0mc_header: parsed function pixman_image_fill_rectangles with 5 params (varargs=0) at line 1366
[1;36mdebug: [0mc_header: w_name=pixman_image_fill_boxes
[1;36mdebug: [0mc_header: parsed function pixman_image_fill_boxes with 5 params (varargs=0) at line 1373
[1;36mdebug: [0mc_header: w_name=pixman_compute_composite_region
[1;36mdebug: [0mc_header: parsed function pixman_compute_composite_region with 12 params (varargs=0) at line 1388
[1;36mdebug: [0mc_header: w_name=pixman_image_composite
[1;36mdebug: [0mc_header: parsed function pixman_image_composite with 12 params (varargs=0) at line 1402
[1;36mdebug: [0mc_header: w_name=pixman_image_composite32
[1;36mdebug: [0mc_header: parsed function pixman_image_composite32 with 12 params (varargs=0) at line 1416
[1;36mdebug: [0mc_header: w_name=pixman_image_composite64f
[1;36mdebug: [0mc_header: parsed function pixman_image_composite64f with 12 params (varargs=0) at line 1430
[1;36mdebug: [0mc_header: w_name=pixman_disable_out_of_bounds_workaround
[1;36mdebug: [0mc_header: parsed function pixman_disable_out_of_bounds_workaround with 0 params (varargs=0) at line 1433
[1;36mdebug: [0mc_header: LOOP START token=72
[1;36mdebug: [0mc_header: LOOP START token=1
[1;36mdebug: [0mc_header: LOOP START token=59
[1;36mdebug: [0mc_header: w_name=pixman_glyph_cache_create
[1;36mdebug: [0mc_header: parsed function pixman_glyph_cache_create with 0 params (varargs=0) at line 1446
[1;36mdebug: [0mc_header: w_name=pixman_glyph_cache_destroy
[1;36mdebug: [0mc_header: parsed function pixman_glyph_cache_destroy with 1 params (varargs=0) at line 1449
[1;36mdebug: [0mc_header: w_name=pixman_glyph_cache_freeze
[1;36mdebug: [0mc_header: parsed function pixman_glyph_cache_freeze with 1 params (varargs=0) at line 1452
[1;36mdebug: [0mc_header: w_name=pixman_glyph_cache_thaw
[1;36mdebug: [0mc_header: parsed function pixman_glyph_cache_thaw with 1 params (varargs=0) at line 1455
[1;36mdebug: [0mc_header: w_name=pixman_glyph_cache_lookup
[1;36mdebug: [0mc_header: parsed function pixman_glyph_cache_lookup with 3 params (varargs=0) at line 1460
[1;36mdebug: [0mc_header: w_name=pixman_glyph_cache_insert
[1;36mdebug: [0mc_header: parsed function pixman_glyph_cache_insert with 6 params (varargs=0) at line 1468
[1;36mdebug: [0mc_header: w_name=pixman_glyph_cache_remove
[1;36mdebug: [0mc_header: parsed function pixman_glyph_cache_remove with 3 params (varargs=0) at line 1473
[1;36mdebug: [0mc_header: w_name=pixman_glyph_get_extents
[1;36mdebug: [0mc_header: parsed function pixman_glyph_get_extents with 4 params (varargs=0) at line 1479
[1;36mdebug: [0mc_header: w_name=pixman_glyph_get_mask_format
[1;36mdebug: [0mc_header: parsed function pixman_glyph_get_mask_format with 3 params (varargs=0) at line 1484
[1;36mdebug: [0mc_header: w_name=pixman_composite_glyphs
[1;36mdebug: [0mc_header: parsed function pixman_composite_glyphs with 15 params (varargs=0) at line 1501
[1;36mdebug: [0mc_header: w_name=pixman_composite_glyphs_no_mask
[1;36mdebug: [0mc_header: parsed function pixman_composite_glyphs_no_mask with 10 params (varargs=0) at line 1513
[1;36mdebug: [0mc_header: LOOP START token=1 line=1531 text='pixman_fixed_t'
[1;36mdebug: [0mc_header: LOOP START token=1 line=1532 text='pixman_fixed_t'
[1;36mdebug: [0mc_header: LOOP START token=1 line=1533 text='pixman_fixed_t'
[1;36mdebug: [0mc_header: LOOP START token=1 line=1534 text='pixman_fixed_t'
[1;36mdebug: [0mc_header: LOOP START token=1 line=1535 text='pixman_fixed_t'
[1;36mdebug: [0mc_header: LOOP START token=1 line=1536 text='pixman_fixed_t'
[1;36mdebug: [0mc_header: LOOP START token=1 line=1538 text='pixman_fixed_t'
[1;36mdebug: [0mc_header: LOOP START token=1 line=1539 text='pixman_fixed_t'
[1;36mdebug: [0mc_header: LOOP START token=1 line=1540 text='pixman_fixed_t'
[1;36mdebug: [0mc_header: LOOP START token=1 line=1541 text='pixman_fixed_t'
[1;36mdebug: [0mc_header: LOOP START token=1 line=1546 text='pixman_fixed_t'
[1;36mdebug: [0mc_header: LOOP START token=1 line=1547 text='pixman_line_fixed_t'
[1;36mdebug: [0mc_header: LOOP START token=1 line=1552 text='pixman_point_fixed_t'
[1;36mdebug: [0mc_header: LOOP START token=1 line=1563 text='pixman_fixed_t'
[1;36mdebug: [0mc_header: LOOP START token=1 line=1568 text='pixman_span_fix_t'
[1;36mdebug: [0mc_header: w_name=pixman_sample_ceil_y
[1;36mdebug: [0mc_header: parsed function pixman_sample_ceil_y with 2 params (varargs=0) at line 1573
[1;36mdebug: [0mc_header: w_name=pixman_sample_floor_y
[1;36mdebug: [0mc_header: parsed function pixman_sample_floor_y with 2 params (varargs=0) at line 1577
[1;36mdebug: [0mc_header: w_name=pixman_edge_step
[1;36mdebug: [0mc_header: parsed function pixman_edge_step with 2 params (varargs=0) at line 1581
[1;36mdebug: [0mc_header: w_name=pixman_edge_init
[1;36mdebug: [0mc_header: parsed function pixman_edge_init with 7 params (varargs=0) at line 1590
[1;36mdebug: [0mc_header: w_name=pixman_line_fixed_edge_init
[1;36mdebug: [0mc_header: parsed function pixman_line_fixed_edge_init with 6 params (varargs=0) at line 1598
[1;36mdebug: [0mc_header: w_name=pixman_rasterize_edges
[1;36mdebug: [0mc_header: parsed function pixman_rasterize_edges with 5 params (varargs=0) at line 1605
[1;36mdebug: [0mc_header: w_name=pixman_add_traps
[1;36mdebug: [0mc_header: parsed function pixman_add_traps with 5 params (varargs=0) at line 1612
[1;36mdebug: [0mc_header: w_name=pixman_add_trapezoids
[1;36mdebug: [0mc_header: parsed function pixman_add_trapezoids with 5 params (varargs=0) at line 1619
[1;36mdebug: [0mc_header: w_name=pixman_rasterize_trapezoid
[1;36mdebug: [0mc_header: parsed function pixman_rasterize_trapezoid with 4 params (varargs=0) at line 1625
[1;36mdebug: [0mc_header: w_name=pixman_composite_trapezoids
[1;36mdebug: [0mc_header: parsed function pixman_composite_trapezoids with 10 params (varargs=0) at line 1637
[1;36mdebug: [0mc_header: w_name=pixman_composite_triangles
[1;36mdebug: [0mc_header: parsed function pixman_composite_triangles with 10 params (varargs=0) at line 1649
[1;36mdebug: [0mc_header: w_name=pixman_add_triangles
[1;36mdebug: [0mc_header: parsed function pixman_add_triangles with 5 params (varargs=0) at line 1656
[1;36mdebug: [0mc_header: LOOP START token=72 line=1702 text='int'
[1;36mdebug: [0mc_header: LOOP START token=72 line=1703 text='int'
[1;36mdebug: [0mc_header: LOOP START token=72 line=1704 text='int'
[1;36mdebug: [0mc_header: LOOP START token=72 line=1705 text='int'
[1;36mdebug: [0mc_header: LOOP START token=72 line=1706 text='int'
[1;36mdebug: [0mc_header: LOOP START token=72 line=1707 text='int'
[1;36mdebug: [0mc_header: LOOP START token=72 line=1708 text='int'
[1;36mdebug: [0mc_header: LOOP START token=72 line=1709 text='int'
[1;36mdebug: [0mc_header: LOOP START token=72 line=1710 text='int'
[1;36mdebug: [0mc_header: LOOP START token=73 line=1713 text='long'
[1;36mdebug: [0mc_header: LOOP START token=59 line=1714 text='const'
[1;36mdebug: [0mc_header: LOOP START token=1 line=1743 text='__time_t'
[1;36mdebug: [0mc_header: LOOP START token=1 line=1748 text='__syscall_slong_t'
[1;36mdebug: [0mc_header: LOOP START token=81 line=1783 text='struct'
[1;36mdebug: [0mc_header: LOOP START token=81 line=1784 text='struct'
[1;36mdebug: [0mc_header: LOOP START token=81 line=1805 text='struct'
[1;36mdebug: [0mc_header: LOOP START token=59 line=1808 text='const'
[1;36mdebug: [0mc_header: LOOP START token=59 line=1809 text='const'
[1;36mdebug: [0mc_header: LOOP START token=59 line=1810 text='const'
[1;36mdebug: [0mc_header: LOOP START token=59 line=1813 text='const'
[1;36mdebug: [0mc_header: w_name=clock
[1;36mdebug: [0mc_header: parsed function clock with 0 params (varargs=0) at line 1826
[1;36mdebug: [0mc_header: w_name=time
[1;36mdebug: [0mc_header: parsed function time with 1 params (varargs=0) at line 1830
[1;36mdebug: [0mc_header: w_name=difftime
[1;36mdebug: [0mc_header: parsed function difftime with 2 params (varargs=0) at line 1833
[1;36mdebug: [0mc_header: w_name=mktime
[1;36mdebug: [0mc_header: parsed function mktime with 1 params (varargs=0) at line 1836
[1;36mdebug: [0mc_header: w_name=strftime
[1;36mdebug: [0mc_header: parsed function strftime with 4 params (varargs=0) at line 1841
[1;36mdebug: [0mc_header: w_name=strftime_l
[1;36mdebug: [0mc_header: parsed function strftime_l with 5 params (varargs=0) at line 1846
[1;36mdebug: [0mc_header: w_name=gmtime
[1;36mdebug: [0mc_header: parsed function gmtime with 1 params (varargs=0) at line 1848
[1;36mdebug: [0mc_header: w_name=localtime
[1;36mdebug: [0mc_header: parsed function localtime with 1 params (varargs=0) at line 1852
[1;36mdebug: [0mc_header: w_name=gmtime_r
[1;36mdebug: [0mc_header: parsed function gmtime_r with 2 params (varargs=0) at line 1855
[1;36mdebug: [0mc_header: w_name=localtime_r
[1;36mdebug: [0mc_header: parsed function localtime_r with 2 params (varargs=0) at line 1860
[1;36mdebug: [0mc_header: w_name=asctime
[1;36mdebug: [0mc_header: parsed function asctime with 1 params (varargs=0) at line 1862
[1;36mdebug: [0mc_header: w_name=ctime
[1;36mdebug: [0mc_header: parsed function ctime with 1 params (varargs=0) at line 1866
[1;36mdebug: [0mc_header: w_name=asctime_r
[1;36mdebug: [0mc_header: parsed function asctime_r with 2 params (varargs=0) at line 1869
[1;36mdebug: [0mc_header: w_name=ctime_r
[1;36mdebug: [0mc_header: parsed function ctime_r with 2 params (varargs=0) at line 1874
[1;36mdebug: [0mc_header: w_name=tzset
[1;36mdebug: [0mc_header: parsed function tzset with 0 params (varargs=0) at line 1887
[1;36mdebug: [0mc_header: w_name=timegm
[1;36mdebug: [0mc_header: parsed function timegm with 1 params (varargs=0) at line 1894
[1;36mdebug: [0mc_header: w_name=timelocal
[1;36mdebug: [0mc_header: parsed function timelocal with 1 params (varargs=0) at line 1896
[1;36mdebug: [0mc_header: w_name=dysize
[1;36mdebug: [0mc_header: parsed function dysize with 1 params (varargs=0) at line 1904
[1;36mdebug: [0mc_header: w_name=nanosleep
[1;36mdebug: [0mc_header: parsed function nanosleep with 2 params (varargs=0) at line 1907
[1;36mdebug: [0mc_header: w_name=clock_getres
[1;36mdebug: [0mc_header: parsed function clock_getres with 2 params (varargs=0) at line 1910
[1;36mdebug: [0mc_header: w_name=clock_gettime
[1;36mdebug: [0mc_header: parsed function clock_gettime with 2 params (varargs=0) at line 1914
[1;36mdebug: [0mc_header: w_name=clock_settime
[1;36mdebug: [0mc_header: parsed function clock_settime with 2 params (varargs=0) at line 1918
[1;36mdebug: [0mc_header: w_name=clock_nanosleep
[1;36mdebug: [0mc_header: parsed function clock_nanosleep with 4 params (varargs=0) at line 1922
[1;36mdebug: [0mc_header: w_name=clock_getcpuclockid
[1;36mdebug: [0mc_header: parsed function clock_getcpuclockid with 2 params (varargs=0) at line 1924
[1;36mdebug: [0mc_header: w_name=timer_create
[1;36mdebug: [0mc_header: parsed function timer_create with 3 params (varargs=0) at line 1931
[1;36mdebug: [0mc_header: w_name=timer_delete
[1;36mdebug: [0mc_header: parsed function timer_delete with 0 params (varargs=0) at line 1934
[1;36mdebug: [0mc_header: w_name=timer_settime
[1;36mdebug: [0mc_header: parsed function timer_settime with 4 params (varargs=0) at line 1940
[1;36mdebug: [0mc_header: w_name=timer_gettime
[1;36mdebug: [0mc_header: parsed function timer_gettime with 2 params (varargs=0) at line 1944
[1;36mdebug: [0mc_header: w_name=timer_getoverrun
[1;36mdebug: [0mc_header: parsed function timer_getoverrun with 0 params (varargs=0) at line 1946
[1;36mdebug: [0mc_header: w_name=timespec_get
[1;36mdebug: [0mc_header: parsed function timespec_get with 2 params (varargs=0) at line 1954
[1;36mdebug: [0mc_header: w_name=timespec_getres
[1;36mdebug: [0mc_header: parsed function timespec_getres with 2 params (varargs=0) at line 1957
[1;36mdebug: [0mc_header: w_name=__bswap_16
[1;36mdebug: [0mc_header: parsed function __bswap_16 with 1 params (varargs=0) at line 2064
[1;36mdebug: [0mc_header: w_name=__bswap_32
[1;36mdebug: [0mc_header: parsed function __bswap_32 with 1 params (varargs=0) at line 2079
[1;36mdebug: [0mc_header: w_name=__bswap_64
[1;36mdebug: [0mc_header: parsed function __bswap_64 with 1 params (varargs=0) at line 2089
[1;36mdebug: [0mc_header: w_name=__uint16_identity
[1;36mdebug: [0mc_header: parsed function __uint16_identity with 1 params (varargs=0) at line 2101
[1;36mdebug: [0mc_header: w_name=__uint32_identity
[1;36mdebug: [0mc_header: parsed function __uint32_identity with 1 params (varargs=0) at line 2107
[1;36mdebug: [0mc_header: w_name=__uint64_identity
[1;36mdebug: [0mc_header: parsed function __uint64_identity with 1 params (varargs=0) at line 2113
[1;36mdebug: [0mc_header: LOOP START token=85
[1;36mdebug: [0mc_header: LOOP START token=1 line=2161 text='__time_t'
[1;36mdebug: [0mc_header: LOOP START token=1 line=2162 text='__suseconds_t'
[1;36mdebug: [0mc_header: LOOP START token=1
[1;36mdebug: [0mc_header: w_name=select
[1;36mdebug: [0mc_header: parsed function select with 5 params (varargs=0) at line 2204
[1;36mdebug: [0mc_header: w_name=pselect
[1;36mdebug: [0mc_header: parsed function pselect with 6 params (varargs=0) at line 2210
[1;36mdebug: [0mc_header: LOOP START token=97
[1;36mdebug: [0mc_header: LOOP START token=81
[1;36mdebug: [0mc_header: LOOP START token=85
[1;36mdebug: [0mc_header: LOOP START token=85
[1;36mdebug: [0mc_header: LOOP START token=81
[1;36mdebug: [0mc_header: LOOP START token=81
[1;36mdebug: [0mc_header: LOOP START token=81
[1;36mdebug: [0mc_header: LOOP START token=72 line=2277 text='int'
[1;36mdebug: [0mc_header: LOOP START token=85 line=2278 text='unsigned'
[1;36mdebug: [0mc_header: LOOP START token=72 line=2279 text='int'
[1;36mdebug: [0mc_header: LOOP START token=85 line=2281 text='unsigned'
[1;36mdebug: [0mc_header: LOOP START token=72 line=2285 text='int'
[1;36mdebug: [0mc_header: LOOP START token=77 line=2287 text='short'
[1;36mdebug: [0mc_header: LOOP START token=77 line=2288 text='short'
[1;36mdebug: [0mc_header: LOOP START token=1 line=2289 text='__pthread_list_t'
[1;36mdebug: [0mc_header: LOOP START token=85 line=2298 text='unsigned'
[1;36mdebug: [0mc_header: LOOP START token=85 line=2299 text='unsigned'
[1;36mdebug: [0mc_header: LOOP START token=85 line=2300 text='unsigned'
[1;36mdebug: [0mc_header: LOOP START token=85 line=2301 text='unsigned'
[1;36mdebug: [0mc_header: LOOP START token=85 line=2302 text='unsigned'
[1;36mdebug: [0mc_header: LOOP START token=85 line=2303 text='unsigned'
[1;36mdebug: [0mc_header: LOOP START token=72 line=2305 text='int'
[1;36mdebug: [0mc_header: LOOP START token=72 line=2306 text='int'
[1;36mdebug: [0mc_header: LOOP START token=85 line=2307 text='unsigned'
[1;36mdebug: [0mc_header: LOOP START token=85 line=2308 text='unsigned'
[1;36mdebug: [0mc_header: LOOP START token=85 line=2311 text='unsigned'
[1;36mdebug: [0mc_header: LOOP START token=1 line=2321 text='__atomic_wide_counter'
[1;36mdebug: [0mc_header: LOOP START token=1 line=2322 text='__atomic_wide_counter'
[1;36mdebug: [0mc_header: LOOP START token=85 line=2323 text='unsigned'
[1;36mdebug: [0mc_header: LOOP START token=85 line=2324 text='unsigned'
[1;36mdebug: [0mc_header: LOOP START token=85 line=2325 text='unsigned'
[1;36mdebug: [0mc_header: LOOP START token=85 line=2326 text='unsigned'
[1;36mdebug: [0mc_header: LOOP START token=85 line=2327 text='unsigned'
[1;36mdebug: [0mc_header: LOOP START token=85 line=2328 text='unsigned'
[1;36mdebug: [0mc_header: LOOP START token=72
[1;36mdebug: [0mc_header: LOOP START token=58
[1;36mdebug: [0mc_header: LOOP START token=72
[1;36mdebug: [0mc_header: LOOP START token=58
[1;36mdebug: [0mc_header: LOOP START token=72
[1;36mdebug: [0mc_header: LOOP START token=58 line=2373 text='char'
[1;36mdebug: [0mc_header: LOOP START token=73 line=2374 text='long'
[1;36mdebug: [0mc_header: LOOP START token=81
[1;36mdebug: [0mc_header: LOOP START token=58
[1;36mdebug: [0mc_header: LOOP START token=73
[1;36mdebug: [0mc_header: LOOP START token=81
[1;36mdebug: [0mc_header: LOOP START token=58
[1;36mdebug: [0mc_header: LOOP START token=97
[1;36mdebug: [0mc_header: LOOP START token=81
[1;36mdebug: [0mc_header: LOOP START token=58
[1;36mdebug: [0mc_header: LOOP START token=73
[1;36mdebug: [0mc_header: LOOP START token=58
[1;36mdebug: [0mc_header: LOOP START token=73
[1;36mdebug: [0mc_header: LOOP START token=58
[1;36mdebug: [0mc_header: LOOP START token=73
[1;36mdebug: [0mc_header: LOOP START token=58
[1;36mdebug: [0mc_header: LOOP START token=72
[1;36mdebug: [0mc_header: LOOP START token=1
[1;36mdebug: [0mc_header: LOOP START token=1
[1;36mdebug: [0mc_header: LOOP START token=1
[1;36mdebug: [0mc_header: LOOP START token=1
[1;36mdebug: [0mc_header: LOOP START token=1
[1;36mdebug: [0mc_header: w_name=__fpclassify
[1;36mdebug: [0mc_header: parsed function __fpclassify with 1 params (varargs=0) at line 2516
[1;36mdebug: [0mc_header: w_name=__signbit
[1;36mdebug: [0mc_header: parsed function __signbit with 1 params (varargs=0) at line 2520
[1;36mdebug: [0mc_header: w_name=__isinf
[1;36mdebug: [0mc_header: parsed function __isinf with 1 params (varargs=0) at line 2525
[1;36mdebug: [0mc_header: w_name=__finite
[1;36mdebug: [0mc_header: parsed function __finite with 1 params (varargs=0) at line 2529
[1;36mdebug: [0mc_header: w_name=__isnan
[1;36mdebug: [0mc_header: parsed function __isnan with 1 params (varargs=0) at line 2533
[1;36mdebug: [0mc_header: w_name=__iseqsig
[1;36mdebug: [0mc_header: parsed function __iseqsig with 2 params (varargs=0) at line 2537
[1;36mdebug: [0mc_header: w_name=__issignaling
[1;36mdebug: [0mc_header: parsed function __issignaling with 1 params (varargs=0) at line 2540
[1;36mdebug: [0mc_header: w_name=acos
[1;36mdebug: [0mc_header: parsed function acos with 1 params (varargs=0) at line 2545
[1;36mdebug: [0mc_header: w_name=__acos
[1;36mdebug: [0mc_header: parsed function __acos with 1 params (varargs=0) at line 2545
[1;36mdebug: [0mc_header: w_name=asin
[1;36mdebug: [0mc_header: parsed function asin with 1 params (varargs=0) at line 2547
[1;36mdebug: [0mc_header: w_name=__asin
[1;36mdebug: [0mc_header: parsed function __asin with 1 params (varargs=0) at line 2547
[1;36mdebug: [0mc_header: w_name=atan
[1;36mdebug: [0mc_header: parsed function atan with 1 params (varargs=0) at line 2549
[1;36mdebug: [0mc_header: w_name=__atan
[1;36mdebug: [0mc_header: parsed function __atan with 1 params (varargs=0) at line 2549
[1;36mdebug: [0mc_header: w_name=atan2
[1;36mdebug: [0mc_header: parsed function atan2 with 2 params (varargs=0) at line 2551
[1;36mdebug: [0mc_header: w_name=__atan2
[1;36mdebug: [0mc_header: parsed function __atan2 with 2 params (varargs=0) at line 2551
[1;36mdebug: [0mc_header: w_name=cos
[1;36mdebug: [0mc_header: parsed function cos with 1 params (varargs=0) at line 2554
[1;36mdebug: [0mc_header: w_name=__cos
[1;36mdebug: [0mc_header: parsed function __cos with 1 params (varargs=0) at line 2554
[1;36mdebug: [0mc_header: w_name=sin
[1;36mdebug: [0mc_header: parsed function sin with 1 params (varargs=0) at line 2556
[1;36mdebug: [0mc_header: w_name=__sin
[1;36mdebug: [0mc_header: parsed function __sin with 1 params (varargs=0) at line 2556
[1;36mdebug: [0mc_header: w_name=tan
[1;36mdebug: [0mc_header: parsed function tan with 1 params (varargs=0) at line 2558
[1;36mdebug: [0mc_header: w_name=__tan
[1;36mdebug: [0mc_header: parsed function __tan with 1 params (varargs=0) at line 2558
[1;36mdebug: [0mc_header: w_name=acospi
[1;36mdebug: [0mc_header: parsed function acospi with 1 params (varargs=0) at line 2562
[1;36mdebug: [0mc_header: w_name=__acospi
[1;36mdebug: [0mc_header: parsed function __acospi with 1 params (varargs=0) at line 2562
[1;36mdebug: [0mc_header: w_name=acospi
[1;36mdebug: [0mc_header: parsed function acospi with 1 params (varargs=0) at line 2563
[1;36mdebug: [0mc_header: w_name=__acospi
[1;36mdebug: [0mc_header: parsed function __acospi with 1 params (varargs=0) at line 2563
[1;36mdebug: [0mc_header: w_name=asinpi
[1;36mdebug: [0mc_header: parsed function asinpi with 1 params (varargs=0) at line 2565
[1;36mdebug: [0mc_header: w_name=__asinpi
[1;36mdebug: [0mc_header: parsed function __asinpi with 1 params (varargs=0) at line 2565
[1;36mdebug: [0mc_header: w_name=asinpi
[1;36mdebug: [0mc_header: parsed function asinpi with 1 params (varargs=0) at line 2566
[1;36mdebug: [0mc_header: w_name=__asinpi
[1;36mdebug: [0mc_header: parsed function __asinpi with 1 params (varargs=0) at line 2566
[1;36mdebug: [0mc_header: w_name=atanpi
[1;36mdebug: [0mc_header: parsed function atanpi with 1 params (varargs=0) at line 2568
[1;36mdebug: [0mc_header: w_name=__atanpi
[1;36mdebug: [0mc_header: parsed function __atanpi with 1 params (varargs=0) at line 2568
[1;36mdebug: [0mc_header: w_name=atanpi
[1;36mdebug: [0mc_header: parsed function atanpi with 1 params (varargs=0) at line 2569
[1;36mdebug: [0mc_header: w_name=__atanpi
[1;36mdebug: [0mc_header: parsed function __atanpi with 1 params (varargs=0) at line 2569
[1;36mdebug: [0mc_header: w_name=atan2pi
[1;36mdebug: [0mc_header: parsed function atan2pi with 2 params (varargs=0) at line 2571
[1;36mdebug: [0mc_header: w_name=__atan2pi
[1;36mdebug: [0mc_header: parsed function __atan2pi with 2 params (varargs=0) at line 2571
[1;36mdebug: [0mc_header: w_name=atan2pi
[1;36mdebug: [0mc_header: parsed function atan2pi with 2 params (varargs=0) at line 2572
[1;36mdebug: [0mc_header: w_name=__atan2pi
[1;36mdebug: [0mc_header: parsed function __atan2pi with 2 params (varargs=0) at line 2572
[1;36mdebug: [0mc_header: w_name=cospi
[1;36mdebug: [0mc_header: parsed function cospi with 1 params (varargs=0) at line 2575
[1;36mdebug: [0mc_header: w_name=__cospi
[1;36mdebug: [0mc_header: parsed function __cospi with 1 params (varargs=0) at line 2575
[1;36mdebug: [0mc_header: w_name=sinpi
[1;36mdebug: [0mc_header: parsed function sinpi with 1 params (varargs=0) at line 2577
[1;36mdebug: [0mc_header: w_name=__sinpi
[1;36mdebug: [0mc_header: parsed function __sinpi with 1 params (varargs=0) at line 2577
[1;36mdebug: [0mc_header: w_name=tanpi
[1;36mdebug: [0mc_header: parsed function tanpi with 1 params (varargs=0) at line 2579
[1;36mdebug: [0mc_header: w_name=__tanpi
[1;36mdebug: [0mc_header: parsed function __tanpi with 1 params (varargs=0) at line 2579
[1;36mdebug: [0mc_header: w_name=cosh
[1;36mdebug: [0mc_header: parsed function cosh with 1 params (varargs=0) at line 2585
[1;36mdebug: [0mc_header: w_name=__cosh
[1;36mdebug: [0mc_header: parsed function __cosh with 1 params (varargs=0) at line 2585
[1;36mdebug: [0mc_header: w_name=sinh
[1;36mdebug: [0mc_header: parsed function sinh with 1 params (varargs=0) at line 2587
[1;36mdebug: [0mc_header: w_name=__sinh
[1;36mdebug: [0mc_header: parsed function __sinh with 1 params (varargs=0) at line 2587
[1;36mdebug: [0mc_header: w_name=tanh
[1;36mdebug: [0mc_header: parsed function tanh with 1 params (varargs=0) at line 2589
[1;36mdebug: [0mc_header: w_name=__tanh
[1;36mdebug: [0mc_header: parsed function __tanh with 1 params (varargs=0) at line 2589
[1;36mdebug: [0mc_header: w_name=acosh
[1;36mdebug: [0mc_header: parsed function acosh with 1 params (varargs=0) at line 2591
[1;36mdebug: [0mc_header: w_name=__acosh
[1;36mdebug: [0mc_header: parsed function __acosh with 1 params (varargs=0) at line 2591
[1;36mdebug: [0mc_header: w_name=asinh
[1;36mdebug: [0mc_header: parsed function asinh with 1 params (varargs=0) at line 2593
[1;36mdebug: [0mc_header: w_name=__asinh
[1;36mdebug: [0mc_header: parsed function __asinh with 1 params (varargs=0) at line 2593
[1;36mdebug: [0mc_header: w_name=atanh
[1;36mdebug: [0mc_header: parsed function atanh with 1 params (varargs=0) at line 2595
[1;36mdebug: [0mc_header: w_name=__atanh
[1;36mdebug: [0mc_header: parsed function __atanh with 1 params (varargs=0) at line 2595
[1;36mdebug: [0mc_header: w_name=exp
[1;36mdebug: [0mc_header: parsed function exp with 1 params (varargs=0) at line 2601
[1;36mdebug: [0mc_header: w_name=__exp
[1;36mdebug: [0mc_header: parsed function __exp with 1 params (varargs=0) at line 2601
[1;36mdebug: [0mc_header: w_name=frexp
[1;36mdebug: [0mc_header: parsed function frexp with 2 params (varargs=0) at line 2604
[1;36mdebug: [0mc_header: w_name=__frexp
[1;36mdebug: [0mc_header: parsed function __frexp with 2 params (varargs=0) at line 2604
[1;36mdebug: [0mc_header: w_name=ldexp
[1;36mdebug: [0mc_header: parsed function ldexp with 2 params (varargs=0) at line 2607
[1;36mdebug: [0mc_header: w_name=__ldexp
[1;36mdebug: [0mc_header: parsed function __ldexp with 2 params (varargs=0) at line 2607
[1;36mdebug: [0mc_header: w_name=log
[1;36mdebug: [0mc_header: parsed function log with 1 params (varargs=0) at line 2610
[1;36mdebug: [0mc_header: w_name=__log
[1;36mdebug: [0mc_header: parsed function __log with 1 params (varargs=0) at line 2610
[1;36mdebug: [0mc_header: w_name=log10
[1;36mdebug: [0mc_header: parsed function log10 with 1 params (varargs=0) at line 2613
[1;36mdebug: [0mc_header: w_name=__log10
[1;36mdebug: [0mc_header: parsed function __log10 with 1 params (varargs=0) at line 2613
[1;36mdebug: [0mc_header: w_name=modf
[1;36mdebug: [0mc_header: parsed function modf with 2 params (varargs=0) at line 2616
[1;36mdebug: [0mc_header: w_name=__modf
[1;36mdebug: [0mc_header: parsed function __modf with 2 params (varargs=0) at line 2616
[1;36mdebug: [0mc_header: w_name=exp10
[1;36mdebug: [0mc_header: parsed function exp10 with 1 params (varargs=0) at line 2620
[1;36mdebug: [0mc_header: w_name=__exp10
[1;36mdebug: [0mc_header: parsed function __exp10 with 1 params (varargs=0) at line 2620
[1;36mdebug: [0mc_header: w_name=exp2m1
[1;36mdebug: [0mc_header: parsed function exp2m1 with 1 params (varargs=0) at line 2623
[1;36mdebug: [0mc_header: w_name=__exp2m1
[1;36mdebug: [0mc_header: parsed function __exp2m1 with 1 params (varargs=0) at line 2623
[1;36mdebug: [0mc_header: w_name=exp10m1
[1;36mdebug: [0mc_header: parsed function exp10m1 with 1 params (varargs=0) at line 2626
[1;36mdebug: [0mc_header: w_name=__exp10m1
[1;36mdebug: [0mc_header: parsed function __exp10m1 with 1 params (varargs=0) at line 2626
[1;36mdebug: [0mc_header: w_name=log2p1
[1;36mdebug: [0mc_header: parsed function log2p1 with 1 params (varargs=0) at line 2629
[1;36mdebug: [0mc_header: w_name=__log2p1
[1;36mdebug: [0mc_header: parsed function __log2p1 with 1 params (varargs=0) at line 2629
[1;36mdebug: [0mc_header: w_name=log10p1
[1;36mdebug: [0mc_header: parsed function log10p1 with 1 params (varargs=0) at line 2632
[1;36mdebug: [0mc_header: w_name=__log10p1
[1;36mdebug: [0mc_header: parsed function __log10p1 with 1 params (varargs=0) at line 2632
[1;36mdebug: [0mc_header: w_name=logp1
[1;36mdebug: [0mc_header: parsed function logp1 with 1 params (varargs=0) at line 2635
[1;36mdebug: [0mc_header: w_name=__logp1
[1;36mdebug: [0mc_header: parsed function __logp1 with 1 params (varargs=0) at line 2635
[1;36mdebug: [0mc_header: w_name=expm1
[1;36mdebug: [0mc_header: parsed function expm1 with 1 params (varargs=0) at line 2640
[1;36mdebug: [0mc_header: w_name=__expm1
[1;36mdebug: [0mc_header: parsed function __expm1 with 1 params (varargs=0) at line 2640
[1;36mdebug: [0mc_header: w_name=log1p
[1;36mdebug: [0mc_header: parsed function log1p with 1 params (varargs=0) at line 2643
[1;36mdebug: [0mc_header: w_name=__log1p
[1;36mdebug: [0mc_header: parsed function __log1p with 1 params (varargs=0) at line 2643
[1;36mdebug: [0mc_header: w_name=logb
[1;36mdebug: [0mc_header: parsed function logb with 1 params (varargs=0) at line 2646
[1;36mdebug: [0mc_header: w_name=__logb
[1;36mdebug: [0mc_header: parsed function __logb with 1 params (varargs=0) at line 2646
[1;36mdebug: [0mc_header: w_name=exp2
[1;36mdebug: [0mc_header: parsed function exp2 with 1 params (varargs=0) at line 2651
[1;36mdebug: [0mc_header: w_name=__exp2
[1;36mdebug: [0mc_header: parsed function __exp2 with 1 params (varargs=0) at line 2651
[1;36mdebug: [0mc_header: w_name=log2
[1;36mdebug: [0mc_header: parsed function log2 with 1 params (varargs=0) at line 2654
[1;36mdebug: [0mc_header: w_name=__log2
[1;36mdebug: [0mc_header: parsed function __log2 with 1 params (varargs=0) at line 2654
[1;36mdebug: [0mc_header: w_name=pow
[1;36mdebug: [0mc_header: parsed function pow with 2 params (varargs=0) at line 2661
[1;36mdebug: [0mc_header: w_name=__pow
[1;36mdebug: [0mc_header: parsed function __pow with 2 params (varargs=0) at line 2661
[1;36mdebug: [0mc_header: w_name=sqrt
[1;36mdebug: [0mc_header: parsed function sqrt with 1 params (varargs=0) at line 2664
[1;36mdebug: [0mc_header: w_name=__sqrt
[1;36mdebug: [0mc_header: parsed function __sqrt with 1 params (varargs=0) at line 2664
[1;36mdebug: [0mc_header: w_name=hypot
[1;36mdebug: [0mc_header: parsed function hypot with 2 params (varargs=0) at line 2668
[1;36mdebug: [0mc_header: w_name=__hypot
[1;36mdebug: [0mc_header: parsed function __hypot with 2 params (varargs=0) at line 2668
[1;36mdebug: [0mc_header: w_name=cbrt
[1;36mdebug: [0mc_header: parsed function cbrt with 1 params (varargs=0) at line 2673
[1;36mdebug: [0mc_header: w_name=__cbrt
[1;36mdebug: [0mc_header: parsed function __cbrt with 1 params (varargs=0) at line 2673
[1;36mdebug: [0mc_header: w_name=compoundn
[1;36mdebug: [0mc_header: parsed function compoundn with 2 params (varargs=0) at line 2678
[1;36mdebug: [0mc_header: w_name=__compoundn
[1;36mdebug: [0mc_header: parsed function __compoundn with 2 params (varargs=0) at line 2678
[1;36mdebug: [0mc_header: w_name=pown
[1;36mdebug: [0mc_header: parsed function pown with 2 params (varargs=0) at line 2681
[1;36mdebug: [0mc_header: w_name=__pown
[1;36mdebug: [0mc_header: parsed function __pown with 2 params (varargs=0) at line 2681
[1;36mdebug: [0mc_header: w_name=powr
[1;36mdebug: [0mc_header: parsed function powr with 2 params (varargs=0) at line 2684
[1;36mdebug: [0mc_header: w_name=__powr
[1;36mdebug: [0mc_header: parsed function __powr with 2 params (varargs=0) at line 2684
[1;36mdebug: [0mc_header: w_name=powr
[1;36mdebug: [0mc_header: parsed function powr with 2 params (varargs=0) at line 2685
[1;36mdebug: [0mc_header: w_name=__powr
[1;36mdebug: [0mc_header: parsed function __powr with 2 params (varargs=0) at line 2685
[1;36mdebug: [0mc_header: w_name=rootn
[1;36mdebug: [0mc_header: parsed function rootn with 2 params (varargs=0) at line 2688
[1;36mdebug: [0mc_header: w_name=__rootn
[1;36mdebug: [0mc_header: parsed function __rootn with 2 params (varargs=0) at line 2688
[1;36mdebug: [0mc_header: w_name=rsqrt
[1;36mdebug: [0mc_header: parsed function rsqrt with 1 params (varargs=0) at line 2691
[1;36mdebug: [0mc_header: w_name=__rsqrt
[1;36mdebug: [0mc_header: parsed function __rsqrt with 1 params (varargs=0) at line 2691
[1;36mdebug: [0mc_header: w_name=ceil
[1;36mdebug: [0mc_header: parsed function ceil with 1 params (varargs=0) at line 2698
[1;36mdebug: [0mc_header: w_name=fabs
[1;36mdebug: [0mc_header: parsed function fabs with 1 params (varargs=0) at line 2701
[1;36mdebug: [0mc_header: w_name=floor
[1;36mdebug: [0mc_header: parsed function floor with 1 params (varargs=0) at line 2704
[1;36mdebug: [0mc_header: w_name=fmod
[1;36mdebug: [0mc_header: parsed function fmod with 2 params (varargs=0) at line 2707
[1;36mdebug: [0mc_header: w_name=__fmod
[1;36mdebug: [0mc_header: parsed function __fmod with 2 params (varargs=0) at line 2707
[1;36mdebug: [0mc_header: w_name=isinf
[1;36mdebug: [0mc_header: parsed function isinf with 1 params (varargs=0) at line 2709
[1;36mdebug: [0mc_header: w_name=finite
[1;36mdebug: [0mc_header: parsed function finite with 1 params (varargs=0) at line 2715
[1;36mdebug: [0mc_header: w_name=drem
[1;36mdebug: [0mc_header: parsed function drem with 2 params (varargs=0) at line 2719
[1;36mdebug: [0mc_header: w_name=__drem
[1;36mdebug: [0mc_header: parsed function __drem with 2 params (varargs=0) at line 2719
[1;36mdebug: [0mc_header: w_name=significand
[1;36mdebug: [0mc_header: parsed function significand with 1 params (varargs=0) at line 2723
[1;36mdebug: [0mc_header: w_name=__significand
[1;36mdebug: [0mc_header: parsed function __significand with 1 params (varargs=0) at line 2723
[1;36mdebug: [0mc_header: w_name=copysign
[1;36mdebug: [0mc_header: parsed function copysign with 2 params (varargs=0) at line 2730
[1;36mdebug: [0mc_header: w_name=nan
[1;36mdebug: [0mc_header: parsed function nan with 1 params (varargs=0) at line 2735
[1;36mdebug: [0mc_header: w_name=__nan
[1;36mdebug: [0mc_header: parsed function __nan with 1 params (varargs=0) at line 2735
[1;36mdebug: [0mc_header: w_name=isnan
[1;36mdebug: [0mc_header: parsed function isnan with 1 params (varargs=0) at line 2737
[1;36mdebug: [0mc_header: w_name=j0
[1;36mdebug: [0mc_header: parsed function j0 with 1 params (varargs=0) at line 2744
[1;36mdebug: [0mc_header: w_name=__j0
[1;36mdebug: [0mc_header: parsed function __j0 with 1 params (varargs=0) at line 2744
[1;36mdebug: [0mc_header: w_name=j1
[1;36mdebug: [0mc_header: parsed function j1 with 1 params (varargs=0) at line 2745
[1;36mdebug: [0mc_header: w_name=__j1
[1;36mdebug: [0mc_header: parsed function __j1 with 1 params (varargs=0) at line 2745
[1;36mdebug: [0mc_header: w_name=jn
[1;36mdebug: [0mc_header: parsed function jn with 2 params (varargs=0) at line 2746
[1;36mdebug: [0mc_header: w_name=__jn
[1;36mdebug: [0mc_header: parsed function __jn with 2 params (varargs=0) at line 2746
[1;36mdebug: [0mc_header: w_name=y0
[1;36mdebug: [0mc_header: parsed function y0 with 1 params (varargs=0) at line 2747
[1;36mdebug: [0mc_header: w_name=__y0
[1;36mdebug: [0mc_header: parsed function __y0 with 1 params (varargs=0) at line 2747
[1;36mdebug: [0mc_header: w_name=y1
[1;36mdebug: [0mc_header: parsed function y1 with 1 params (varargs=0) at line 2748
[1;36mdebug: [0mc_header: w_name=__y1
[1;36mdebug: [0mc_header: parsed function __y1 with 1 params (varargs=0) at line 2748
[1;36mdebug: [0mc_header: w_name=yn
[1;36mdebug: [0mc_header: parsed function yn with 2 params (varargs=0) at line 2749
[1;36mdebug: [0mc_header: w_name=__yn
[1;36mdebug: [0mc_header: parsed function __yn with 2 params (varargs=0) at line 2749
[1;36mdebug: [0mc_header: w_name=erf
[1;36mdebug: [0mc_header: parsed function erf with 1 params (varargs=0) at line 2755
[1;36mdebug: [0mc_header: w_name=__erf
[1;36mdebug: [0mc_header: parsed function __erf with 1 params (varargs=0) at line 2755
[1;36mdebug: [0mc_header: w_name=erfc
[1;36mdebug: [0mc_header: parsed function erfc with 1 params (varargs=0) at line 2756
[1;36mdebug: [0mc_header: w_name=__erfc
[1;36mdebug: [0mc_header: parsed function __erfc with 1 params (varargs=0) at line 2756
[1;36mdebug: [0mc_header: w_name=lgamma
[1;36mdebug: [0mc_header: parsed function lgamma with 1 params (varargs=0) at line 2757
[1;36mdebug: [0mc_header: w_name=__lgamma
[1;36mdebug: [0mc_header: parsed function __lgamma with 1 params (varargs=0) at line 2757
[1;36mdebug: [0mc_header: w_name=tgamma
[1;36mdebug: [0mc_header: parsed function tgamma with 1 params (varargs=0) at line 2762
[1;36mdebug: [0mc_header: w_name=__tgamma
[1;36mdebug: [0mc_header: parsed function __tgamma with 1 params (varargs=0) at line 2762
[1;36mdebug: [0mc_header: w_name=gamma
[1;36mdebug: [0mc_header: parsed function gamma with 1 params (varargs=0) at line 2768
[1;36mdebug: [0mc_header: w_name=__gamma
[1;36mdebug: [0mc_header: parsed function __gamma with 1 params (varargs=0) at line 2768
[1;36mdebug: [0mc_header: w_name=lgamma_r
[1;36mdebug: [0mc_header: parsed function lgamma_r with 2 params (varargs=0) at line 2776
[1;36mdebug: [0mc_header: w_name=__lgamma_r
[1;36mdebug: [0mc_header: parsed function __lgamma_r with 2 params (varargs=0) at line 2776
[1;36mdebug: [0mc_header: w_name=rint
[1;36mdebug: [0mc_header: parsed function rint with 1 params (varargs=0) at line 2783
[1;36mdebug: [0mc_header: w_name=__rint
[1;36mdebug: [0mc_header: parsed function __rint with 1 params (varargs=0) at line 2783
[1;36mdebug: [0mc_header: w_name=nextafter
[1;36mdebug: [0mc_header: parsed function nextafter with 2 params (varargs=0) at line 2786
[1;36mdebug: [0mc_header: w_name=__nextafter
[1;36mdebug: [0mc_header: parsed function __nextafter with 2 params (varargs=0) at line 2786
[1;36mdebug: [0mc_header: w_name=nexttoward
[1;36mdebug: [0mc_header: parsed function nexttoward with 2 params (varargs=0) at line 2788
[1;36mdebug: [0mc_header: w_name=__nexttoward
[1;36mdebug: [0mc_header: parsed function __nexttoward with 2 params (varargs=0) at line 2788
[1;36mdebug: [0mc_header: w_name=nextdown
[1;36mdebug: [0mc_header: parsed function nextdown with 1 params (varargs=0) at line 2793
[1;36mdebug: [0mc_header: w_name=__nextdown
[1;36mdebug: [0mc_header: parsed function __nextdown with 1 params (varargs=0) at line 2793
[1;36mdebug: [0mc_header: w_name=nextup
[1;36mdebug: [0mc_header: parsed function nextup with 1 params (varargs=0) at line 2795
[1;36mdebug: [0mc_header: w_name=__nextup
[1;36mdebug: [0mc_header: parsed function __nextup with 1 params (varargs=0) at line 2795
[1;36mdebug: [0mc_header: w_name=remainder
[1;36mdebug: [0mc_header: parsed function remainder with 2 params (varargs=0) at line 2799
[1;36mdebug: [0mc_header: w_name=__remainder
[1;36mdebug: [0mc_header: parsed function __remainder with 2 params (varargs=0) at line 2799
[1;36mdebug: [0mc_header: w_name=scalbn
[1;36mdebug: [0mc_header: parsed function scalbn with 2 params (varargs=0) at line 2803
[1;36mdebug: [0mc_header: w_name=__scalbn
[1;36mdebug: [0mc_header: parsed function __scalbn with 2 params (varargs=0) at line 2803
[1;36mdebug: [0mc_header: w_name=ilogb
[1;36mdebug: [0mc_header: parsed function ilogb with 1 params (varargs=0) at line 2807
[1;36mdebug: [0mc_header: w_name=__ilogb
[1;36mdebug: [0mc_header: parsed function __ilogb with 1 params (varargs=0) at line 2807
[1;36mdebug: [0mc_header: w_name=llogb
[1;36mdebug: [0mc_header: parsed function llogb with 1 params (varargs=0) at line 2812
[1;36mdebug: [0mc_header: w_name=__llogb
[1;36mdebug: [0mc_header: parsed function __llogb with 1 params (varargs=0) at line 2812
[1;36mdebug: [0mc_header: w_name=scalbln
[1;36mdebug: [0mc_header: parsed function scalbln with 2 params (varargs=0) at line 2817
[1;36mdebug: [0mc_header: w_name=__scalbln
[1;36mdebug: [0mc_header: parsed function __scalbln with 2 params (varargs=0) at line 2817
[1;36mdebug: [0mc_header: w_name=nearbyint
[1;36mdebug: [0mc_header: parsed function nearbyint with 1 params (varargs=0) at line 2821
[1;36mdebug: [0mc_header: w_name=__nearbyint
[1;36mdebug: [0mc_header: parsed function __nearbyint with 1 params (varargs=0) at line 2821
[1;36mdebug: [0mc_header: w_name=round
[1;36mdebug: [0mc_header: parsed function round with 1 params (varargs=0) at line 2825
[1;36mdebug: [0mc_header: w_name=trunc
[1;36mdebug: [0mc_header: parsed function trunc with 1 params (varargs=0) at line 2829
[1;36mdebug: [0mc_header: w_name=remquo
[1;36mdebug: [0mc_header: parsed function remquo with 3 params (varargs=0) at line 2834
[1;36mdebug: [0mc_header: w_name=__remquo
[1;36mdebug: [0mc_header: parsed function __remquo with 3 params (varargs=0) at line 2834
[1;36mdebug: [0mc_header: w_name=lrint
[1;36mdebug: [0mc_header: parsed function lrint with 1 params (varargs=0) at line 2841
[1;36mdebug: [0mc_header: w_name=__lrint
[1;36mdebug: [0mc_header: parsed function __lrint with 1 params (varargs=0) at line 2841
[1;36mdebug: [0mc_header: w_name=llrint
[1;36mdebug: [0mc_header: parsed function llrint with 1 params (varargs=0) at line 2843
[1;36mdebug: [0mc_header: w_name=__llrint
[1;36mdebug: [0mc_header: parsed function __llrint with 1 params (varargs=0) at line 2843
[1;36mdebug: [0mc_header: w_name=lround
[1;36mdebug: [0mc_header: parsed function lround with 1 params (varargs=0) at line 2847
[1;36mdebug: [0mc_header: w_name=__lround
[1;36mdebug: [0mc_header: parsed function __lround with 1 params (varargs=0) at line 2847
[1;36mdebug: [0mc_header: w_name=llround
[1;36mdebug: [0mc_header: parsed function llround with 1 params (varargs=0) at line 2849
[1;36mdebug: [0mc_header: w_name=__llround
[1;36mdebug: [0mc_header: parsed function __llround with 1 params (varargs=0) at line 2849
[1;36mdebug: [0mc_header: w_name=fdim
[1;36mdebug: [0mc_header: parsed function fdim with 2 params (varargs=0) at line 2853
[1;36mdebug: [0mc_header: w_name=__fdim
[1;36mdebug: [0mc_header: parsed function __fdim with 2 params (varargs=0) at line 2853
[1;36mdebug: [0mc_header: w_name=fmax
[1;36mdebug: [0mc_header: parsed function fmax with 2 params (varargs=0) at line 2857
[1;36mdebug: [0mc_header: w_name=fmin
[1;36mdebug: [0mc_header: parsed function fmin with 2 params (varargs=0) at line 2860
[1;36mdebug: [0mc_header: w_name=fma
[1;36mdebug: [0mc_header: parsed function fma with 3 params (varargs=0) at line 2864
[1;36mdebug: [0mc_header: w_name=__fma
[1;36mdebug: [0mc_header: parsed function __fma with 3 params (varargs=0) at line 2864
[1;36mdebug: [0mc_header: w_name=roundeven
[1;36mdebug: [0mc_header: parsed function roundeven with 1 params (varargs=0) at line 2869
[1;36mdebug: [0mc_header: w_name=fromfp
[1;36mdebug: [0mc_header: parsed function fromfp with 3 params (varargs=0) at line 2873
[1;36mdebug: [0mc_header: w_name=__fromfp
[1;36mdebug: [0mc_header: parsed function __fromfp with 3 params (varargs=0) at line 2873
[1;36mdebug: [0mc_header: w_name=ufromfp
[1;36mdebug: [0mc_header: parsed function ufromfp with 3 params (varargs=0) at line 2877
[1;36mdebug: [0mc_header: w_name=__ufromfp
[1;36mdebug: [0mc_header: parsed function __ufromfp with 3 params (varargs=0) at line 2877
[1;36mdebug: [0mc_header: w_name=fromfpx
[1;36mdebug: [0mc_header: parsed function fromfpx with 3 params (varargs=0) at line 2882
[1;36mdebug: [0mc_header: w_name=__fromfpx
[1;36mdebug: [0mc_header: parsed function __fromfpx with 3 params (varargs=0) at line 2882
[1;36mdebug: [0mc_header: w_name=ufromfpx
[1;36mdebug: [0mc_header: parsed function ufromfpx with 3 params (varargs=0) at line 2887
[1;36mdebug: [0mc_header: w_name=__ufromfpx
[1;36mdebug: [0mc_header: parsed function __ufromfpx with 3 params (varargs=0) at line 2887
[1;36mdebug: [0mc_header: w_name=canonicalize
[1;36mdebug: [0mc_header: parsed function canonicalize with 2 params (varargs=0) at line 2890
[1;36mdebug: [0mc_header: w_name=fmaximum
[1;36mdebug: [0mc_header: parsed function fmaximum with 2 params (varargs=0) at line 2892
[1;36mdebug: [0mc_header: w_name=fminimum
[1;36mdebug: [0mc_header: parsed function fminimum with 2 params (varargs=0) at line 2895
[1;36mdebug: [0mc_header: w_name=fmaximum_num
[1;36mdebug: [0mc_header: parsed function fmaximum_num with 2 params (varargs=0) at line 2898
[1;36mdebug: [0mc_header: w_name=fminimum_num
[1;36mdebug: [0mc_header: parsed function fminimum_num with 2 params (varargs=0) at line 2901
[1;36mdebug: [0mc_header: w_name=fmaximum_mag
[1;36mdebug: [0mc_header: parsed function fmaximum_mag with 2 params (varargs=0) at line 2904
[1;36mdebug: [0mc_header: w_name=fminimum_mag
[1;36mdebug: [0mc_header: parsed function fminimum_mag with 2 params (varargs=0) at line 2907
[1;36mdebug: [0mc_header: w_name=fmaximum_mag_num
[1;36mdebug: [0mc_header: parsed function fmaximum_mag_num with 2 params (varargs=0) at line 2910
[1;36mdebug: [0mc_header: w_name=fminimum_mag_num
[1;36mdebug: [0mc_header: parsed function fminimum_mag_num with 2 params (varargs=0) at line 2913
[1;36mdebug: [0mc_header: w_name=scalb
[1;36mdebug: [0mc_header: parsed function scalb with 2 params (varargs=0) at line 2915
[1;36mdebug: [0mc_header: w_name=__scalb
[1;36mdebug: [0mc_header: parsed function __scalb with 2 params (varargs=0) at line 2915
[1;36mdebug: [0mc_header: w_name=__fpclassifyf
[1;36mdebug: [0mc_header: parsed function __fpclassifyf with 1 params (varargs=0) at line 2920
[1;36mdebug: [0mc_header: w_name=__signbitf
[1;36mdebug: [0mc_header: parsed function __signbitf with 1 params (varargs=0) at line 2924
[1;36mdebug: [0mc_header: w_name=__isinff
[1;36mdebug: [0mc_header: parsed function __isinff with 1 params (varargs=0) at line 2929
[1;36mdebug: [0mc_header: w_name=__finitef
[1;36mdebug: [0mc_header: parsed function __finitef with 1 params (varargs=0) at line 2933
[1;36mdebug: [0mc_header: w_name=__isnanf
[1;36mdebug: [0mc_header: parsed function __isnanf with 1 params (varargs=0) at line 2937
[1;36mdebug: [0mc_header: w_name=__iseqsigf
[1;36mdebug: [0mc_header: parsed function __iseqsigf with 2 params (varargs=0) at line 2941
[1;36mdebug: [0mc_header: w_name=__issignalingf
[1;36mdebug: [0mc_header: parsed function __issignalingf with 1 params (varargs=0) at line 2944
[1;36mdebug: [0mc_header: w_name=acosf
[1;36mdebug: [0mc_header: parsed function acosf with 1 params (varargs=0) at line 2949
[1;36mdebug: [0mc_header: w_name=__acosf
[1;36mdebug: [0mc_header: parsed function __acosf with 1 params (varargs=0) at line 2949
[1;36mdebug: [0mc_header: w_name=asinf
[1;36mdebug: [0mc_header: parsed function asinf with 1 params (varargs=0) at line 2951
[1;36mdebug: [0mc_header: w_name=__asinf
[1;36mdebug: [0mc_header: parsed function __asinf with 1 params (varargs=0) at line 2951
[1;36mdebug: [0mc_header: w_name=atanf
[1;36mdebug: [0mc_header: parsed function atanf with 1 params (varargs=0) at line 2953
[1;36mdebug: [0mc_header: w_name=__atanf
[1;36mdebug: [0mc_header: parsed function __atanf with 1 params (varargs=0) at line 2953
[1;36mdebug: [0mc_header: w_name=atan2f
[1;36mdebug: [0mc_header: parsed function atan2f with 2 params (varargs=0) at line 2955
[1;36mdebug: [0mc_header: w_name=__atan2f
[1;36mdebug: [0mc_header: parsed function __atan2f with 2 params (varargs=0) at line 2955
[1;36mdebug: [0mc_header: w_name=cosf
[1;36mdebug: [0mc_header: parsed function cosf with 1 params (varargs=0) at line 2958
[1;36mdebug: [0mc_header: w_name=__cosf
[1;36mdebug: [0mc_header: parsed function __cosf with 1 params (varargs=0) at line 2958
[1;36mdebug: [0mc_header: w_name=sinf
[1;36mdebug: [0mc_header: parsed function sinf with 1 params (varargs=0) at line 2960
[1;36mdebug: [0mc_header: w_name=__sinf
[1;36mdebug: [0mc_header: parsed function __sinf with 1 params (varargs=0) at line 2960
[1;36mdebug: [0mc_header: w_name=tanf
[1;36mdebug: [0mc_header: parsed function tanf with 1 params (varargs=0) at line 2962
[1;36mdebug: [0mc_header: w_name=__tanf
[1;36mdebug: [0mc_header: parsed function __tanf with 1 params (varargs=0) at line 2962
[1;36mdebug: [0mc_header: w_name=acospif
[1;36mdebug: [0mc_header: parsed function acospif with 1 params (varargs=0) at line 2966
[1;36mdebug: [0mc_header: w_name=__acospif
[1;36mdebug: [0mc_header: parsed function __acospif with 1 params (varargs=0) at line 2966
[1;36mdebug: [0mc_header: w_name=acospif
[1;36mdebug: [0mc_header: parsed function acospif with 1 params (varargs=0) at line 2967
[1;36mdebug: [0mc_header: w_name=__acospif
[1;36mdebug: [0mc_header: parsed function __acospif with 1 params (varargs=0) at line 2967
[1;36mdebug: [0mc_header: w_name=asinpif
[1;36mdebug: [0mc_header: parsed function asinpif with 1 params (varargs=0) at line 2969
[1;36mdebug: [0mc_header: w_name=__asinpif
[1;36mdebug: [0mc_header: parsed function __asinpif with 1 params (varargs=0) at line 2969
[1;36mdebug: [0mc_header: w_name=asinpif
[1;36mdebug: [0mc_header: parsed function asinpif with 1 params (varargs=0) at line 2970
[1;36mdebug: [0mc_header: w_name=__asinpif
[1;36mdebug: [0mc_header: parsed function __asinpif with 1 params (varargs=0) at line 2970
[1;36mdebug: [0mc_header: w_name=atanpif
[1;36mdebug: [0mc_header: parsed function atanpif with 1 params (varargs=0) at line 2972
[1;36mdebug: [0mc_header: w_name=__atanpif
[1;36mdebug: [0mc_header: parsed function __atanpif with 1 params (varargs=0) at line 2972
[1;36mdebug: [0mc_header: w_name=atanpif
[1;36mdebug: [0mc_header: parsed function atanpif with 1 params (varargs=0) at line 2973
[1;36mdebug: [0mc_header: w_name=__atanpif
[1;36mdebug: [0mc_header: parsed function __atanpif with 1 params (varargs=0) at line 2973
[1;36mdebug: [0mc_header: w_name=atan2pif
[1;36mdebug: [0mc_header: parsed function atan2pif with 2 params (varargs=0) at line 2975
[1;36mdebug: [0mc_header: w_name=__atan2pif
[1;36mdebug: [0mc_header: parsed function __atan2pif with 2 params (varargs=0) at line 2975
[1;36mdebug: [0mc_header: w_name=atan2pif
[1;36mdebug: [0mc_header: parsed function atan2pif with 2 params (varargs=0) at line 2976
[1;36mdebug: [0mc_header: w_name=__atan2pif
[1;36mdebug: [0mc_header: parsed function __atan2pif with 2 params (varargs=0) at line 2976
[1;36mdebug: [0mc_header: w_name=cospif
[1;36mdebug: [0mc_header: parsed function cospif with 1 params (varargs=0) at line 2979
[1;36mdebug: [0mc_header: w_name=__cospif
[1;36mdebug: [0mc_header: parsed function __cospif with 1 params (varargs=0) at line 2979
[1;36mdebug: [0mc_header: w_name=sinpif
[1;36mdebug: [0mc_header: parsed function sinpif with 1 params (varargs=0) at line 2981
[1;36mdebug: [0mc_header: w_name=__sinpif
[1;36mdebug: [0mc_header: parsed function __sinpif with 1 params (varargs=0) at line 2981
[1;36mdebug: [0mc_header: w_name=tanpif
[1;36mdebug: [0mc_header: parsed function tanpif with 1 params (varargs=0) at line 2983
[1;36mdebug: [0mc_header: w_name=__tanpif
[1;36mdebug: [0mc_header: parsed function __tanpif with 1 params (varargs=0) at line 2983
[1;36mdebug: [0mc_header: w_name=coshf
[1;36mdebug: [0mc_header: parsed function coshf with 1 params (varargs=0) at line 2989
[1;36mdebug: [0mc_header: w_name=__coshf
[1;36mdebug: [0mc_header: parsed function __coshf with 1 params (varargs=0) at line 2989
[1;36mdebug: [0mc_header: w_name=sinhf
[1;36mdebug: [0mc_header: parsed function sinhf with 1 params (varargs=0) at line 2991
[1;36mdebug: [0mc_header: w_name=__sinhf
[1;36mdebug: [0mc_header: parsed function __sinhf with 1 params (varargs=0) at line 2991
[1;36mdebug: [0mc_header: w_name=tanhf
[1;36mdebug: [0mc_header: parsed function tanhf with 1 params (varargs=0) at line 2993
[1;36mdebug: [0mc_header: w_name=__tanhf
[1;36mdebug: [0mc_header: parsed function __tanhf with 1 params (varargs=0) at line 2993
[1;36mdebug: [0mc_header: w_name=acoshf
[1;36mdebug: [0mc_header: parsed function acoshf with 1 params (varargs=0) at line 2995
[1;36mdebug: [0mc_header: w_name=__acoshf
[1;36mdebug: [0mc_header: parsed function __acoshf with 1 params (varargs=0) at line 2995
[1;36mdebug: [0mc_header: w_name=asinhf
[1;36mdebug: [0mc_header: parsed function asinhf with 1 params (varargs=0) at line 2997
[1;36mdebug: [0mc_header: w_name=__asinhf
[1;36mdebug: [0mc_header: parsed function __asinhf with 1 params (varargs=0) at line 2997
[1;36mdebug: [0mc_header: w_name=atanhf
[1;36mdebug: [0mc_header: parsed function atanhf with 1 params (varargs=0) at line 2999
[1;36mdebug: [0mc_header: w_name=__atanhf
[1;36mdebug: [0mc_header: parsed function __atanhf with 1 params (varargs=0) at line 2999
[1;36mdebug: [0mc_header: w_name=expf
[1;36mdebug: [0mc_header: parsed function expf with 1 params (varargs=0) at line 3005
[1;36mdebug: [0mc_header: w_name=__expf
[1;36mdebug: [0mc_header: parsed function __expf with 1 params (varargs=0) at line 3005
[1;36mdebug: [0mc_header: w_name=frexpf
[1;36mdebug: [0mc_header: parsed function frexpf with 2 params (varargs=0) at line 3008
[1;36mdebug: [0mc_header: w_name=__frexpf
[1;36mdebug: [0mc_header: parsed function __frexpf with 2 params (varargs=0) at line 3008
[1;36mdebug: [0mc_header: w_name=ldexpf
[1;36mdebug: [0mc_header: parsed function ldexpf with 2 params (varargs=0) at line 3011
[1;36mdebug: [0mc_header: w_name=__ldexpf
[1;36mdebug: [0mc_header: parsed function __ldexpf with 2 params (varargs=0) at line 3011
[1;36mdebug: [0mc_header: w_name=logf
[1;36mdebug: [0mc_header: parsed function logf with 1 params (varargs=0) at line 3014
[1;36mdebug: [0mc_header: w_name=__logf
[1;36mdebug: [0mc_header: parsed function __logf with 1 params (varargs=0) at line 3014
[1;36mdebug: [0mc_header: w_name=log10f
[1;36mdebug: [0mc_header: parsed function log10f with 1 params (varargs=0) at line 3017
[1;36mdebug: [0mc_header: w_name=__log10f
[1;36mdebug: [0mc_header: parsed function __log10f with 1 params (varargs=0) at line 3017
[1;36mdebug: [0mc_header: w_name=modff
[1;36mdebug: [0mc_header: parsed function modff with 2 params (varargs=0) at line 3020
[1;36mdebug: [0mc_header: w_name=__modff
[1;36mdebug: [0mc_header: parsed function __modff with 2 params (varargs=0) at line 3020
[1;36mdebug: [0mc_header: w_name=exp10f
[1;36mdebug: [0mc_header: parsed function exp10f with 1 params (varargs=0) at line 3024
[1;36mdebug: [0mc_header: w_name=__exp10f
[1;36mdebug: [0mc_header: parsed function __exp10f with 1 params (varargs=0) at line 3024
[1;36mdebug: [0mc_header: w_name=exp2m1f
[1;36mdebug: [0mc_header: parsed function exp2m1f with 1 params (varargs=0) at line 3027
[1;36mdebug: [0mc_header: w_name=__exp2m1f
[1;36mdebug: [0mc_header: parsed function __exp2m1f with 1 params (varargs=0) at line 3027
[1;36mdebug: [0mc_header: w_name=exp10m1f
[1;36mdebug: [0mc_header: parsed function exp10m1f with 1 params (varargs=0) at line 3030
[1;36mdebug: [0mc_header: w_name=__exp10m1f
[1;36mdebug: [0mc_header: parsed function __exp10m1f with 1 params (varargs=0) at line 3030
[1;36mdebug: [0mc_header: w_name=log2p1f
[1;36mdebug: [0mc_header: parsed function log2p1f with 1 params (varargs=0) at line 3033
[1;36mdebug: [0mc_header: w_name=__log2p1f
[1;36mdebug: [0mc_header: parsed function __log2p1f with 1 params (varargs=0) at line 3033
[1;36mdebug: [0mc_header: w_name=log10p1f
[1;36mdebug: [0mc_header: parsed function log10p1f with 1 params (varargs=0) at line 3036
[1;36mdebug: [0mc_header: w_name=__log10p1f
[1;36mdebug: [0mc_header: parsed function __log10p1f with 1 params (varargs=0) at line 3036
[1;36mdebug: [0mc_header: w_name=logp1f
[1;36mdebug: [0mc_header: parsed function logp1f with 1 params (varargs=0) at line 3039
[1;36mdebug: [0mc_header: w_name=__logp1f
[1;36mdebug: [0mc_header: parsed function __logp1f with 1 params (varargs=0) at line 3039
[1;36mdebug: [0mc_header: w_name=expm1f
[1;36mdebug: [0mc_header: parsed function expm1f with 1 params (varargs=0) at line 3044
[1;36mdebug: [0mc_header: w_name=__expm1f
[1;36mdebug: [0mc_header: parsed function __expm1f with 1 params (varargs=0) at line 3044
[1;36mdebug: [0mc_header: w_name=log1pf
[1;36mdebug: [0mc_header: parsed function log1pf with 1 params (varargs=0) at line 3047
[1;36mdebug: [0mc_header: w_name=__log1pf
[1;36mdebug: [0mc_header: parsed function __log1pf with 1 params (varargs=0) at line 3047
[1;36mdebug: [0mc_header: w_name=logbf
[1;36mdebug: [0mc_header: parsed function logbf with 1 params (varargs=0) at line 3050
[1;36mdebug: [0mc_header: w_name=__logbf
[1;36mdebug: [0mc_header: parsed function __logbf with 1 params (varargs=0) at line 3050
[1;36mdebug: [0mc_header: w_name=exp2f
[1;36mdebug: [0mc_header: parsed function exp2f with 1 params (varargs=0) at line 3055
[1;36mdebug: [0mc_header: w_name=__exp2f
[1;36mdebug: [0mc_header: parsed function __exp2f with 1 params (varargs=0) at line 3055
[1;36mdebug: [0mc_header: w_name=log2f
[1;36mdebug: [0mc_header: parsed function log2f with 1 params (varargs=0) at line 3058
[1;36mdebug: [0mc_header: w_name=__log2f
[1;36mdebug: [0mc_header: parsed function __log2f with 1 params (varargs=0) at line 3058
[1;36mdebug: [0mc_header: w_name=powf
[1;36mdebug: [0mc_header: parsed function powf with 2 params (varargs=0) at line 3065
[1;36mdebug: [0mc_header: w_name=__powf
[1;36mdebug: [0mc_header: parsed function __powf with 2 params (varargs=0) at line 3065
[1;36mdebug: [0mc_header: w_name=sqrtf
[1;36mdebug: [0mc_header: parsed function sqrtf with 1 params (varargs=0) at line 3068
[1;36mdebug: [0mc_header: w_name=__sqrtf
[1;36mdebug: [0mc_header: parsed function __sqrtf with 1 params (varargs=0) at line 3068
[1;36mdebug: [0mc_header: w_name=hypotf
[1;36mdebug: [0mc_header: parsed function hypotf with 2 params (varargs=0) at line 3072
[1;36mdebug: [0mc_header: w_name=__hypotf
[1;36mdebug: [0mc_header: parsed function __hypotf with 2 params (varargs=0) at line 3072
[1;36mdebug: [0mc_header: w_name=cbrtf
[1;36mdebug: [0mc_header: parsed function cbrtf with 1 params (varargs=0) at line 3077
[1;36mdebug: [0mc_header: w_name=__cbrtf
[1;36mdebug: [0mc_header: parsed function __cbrtf with 1 params (varargs=0) at line 3077
[1;36mdebug: [0mc_header: w_name=compoundnf
[1;36mdebug: [0mc_header: parsed function compoundnf with 2 params (varargs=0) at line 3082
[1;36mdebug: [0mc_header: w_name=__compoundnf
[1;36mdebug: [0mc_header: parsed function __compoundnf with 2 params (varargs=0) at line 3082
[1;36mdebug: [0mc_header: w_name=pownf
[1;36mdebug: [0mc_header: parsed function pownf with 2 params (varargs=0) at line 3085
[1;36mdebug: [0mc_header: w_name=__pownf
[1;36mdebug: [0mc_header: parsed function __pownf with 2 params (varargs=0) at line 3085
[1;36mdebug: [0mc_header: w_name=powrf
[1;36mdebug: [0mc_header: parsed function powrf with 2 params (varargs=0) at line 3088
[1;36mdebug: [0mc_header: w_name=__powrf
[1;36mdebug: [0mc_header: parsed function __powrf with 2 params (varargs=0) at line 3088
[1;36mdebug: [0mc_header: w_name=powrf
[1;36mdebug: [0mc_header: parsed function powrf with 2 params (varargs=0) at line 3089
[1;36mdebug: [0mc_header: w_name=__powrf
[1;36mdebug: [0mc_header: parsed function __powrf with 2 params (varargs=0) at line 3089
[1;36mdebug: [0mc_header: w_name=rootnf
[1;36mdebug: [0mc_header: parsed function rootnf with 2 params (varargs=0) at line 3092
[1;36mdebug: [0mc_header: w_name=__rootnf
[1;36mdebug: [0mc_header: parsed function __rootnf with 2 params (varargs=0) at line 3092
[1;36mdebug: [0mc_header: w_name=rsqrtf
[1;36mdebug: [0mc_header: parsed function rsqrtf with 1 params (varargs=0) at line 3095
[1;36mdebug: [0mc_header: w_name=__rsqrtf
[1;36mdebug: [0mc_header: parsed function __rsqrtf with 1 params (varargs=0) at line 3095
[1;36mdebug: [0mc_header: w_name=ceilf
[1;36mdebug: [0mc_header: parsed function ceilf with 1 params (varargs=0) at line 3102
[1;36mdebug: [0mc_header: w_name=fabsf
[1;36mdebug: [0mc_header: parsed function fabsf with 1 params (varargs=0) at line 3105
[1;36mdebug: [0mc_header: w_name=floorf
[1;36mdebug: [0mc_header: parsed function floorf with 1 params (varargs=0) at line 3108
[1;36mdebug: [0mc_header: w_name=fmodf
[1;36mdebug: [0mc_header: parsed function fmodf with 2 params (varargs=0) at line 3111
[1;36mdebug: [0mc_header: w_name=__fmodf
[1;36mdebug: [0mc_header: parsed function __fmodf with 2 params (varargs=0) at line 3111
[1;36mdebug: [0mc_header: w_name=isinff
[1;36mdebug: [0mc_header: parsed function isinff with 1 params (varargs=0) at line 3113
[1;36mdebug: [0mc_header: w_name=finitef
[1;36mdebug: [0mc_header: parsed function finitef with 1 params (varargs=0) at line 3119
[1;36mdebug: [0mc_header: w_name=dremf
[1;36mdebug: [0mc_header: parsed function dremf with 2 params (varargs=0) at line 3123
[1;36mdebug: [0mc_header: w_name=__dremf
[1;36mdebug: [0mc_header: parsed function __dremf with 2 params (varargs=0) at line 3123
[1;36mdebug: [0mc_header: w_name=significandf
[1;36mdebug: [0mc_header: parsed function significandf with 1 params (varargs=0) at line 3127
[1;36mdebug: [0mc_header: w_name=__significandf
[1;36mdebug: [0mc_header: parsed function __significandf with 1 params (varargs=0) at line 3127
[1;36mdebug: [0mc_header: w_name=copysignf
[1;36mdebug: [0mc_header: parsed function copysignf with 2 params (varargs=0) at line 3134
[1;36mdebug: [0mc_header: w_name=nanf
[1;36mdebug: [0mc_header: parsed function nanf with 1 params (varargs=0) at line 3139
[1;36mdebug: [0mc_header: w_name=__nanf
[1;36mdebug: [0mc_header: parsed function __nanf with 1 params (varargs=0) at line 3139
[1;36mdebug: [0mc_header: w_name=isnanf
[1;36mdebug: [0mc_header: parsed function isnanf with 1 params (varargs=0) at line 3141
[1;36mdebug: [0mc_header: w_name=j0f
[1;36mdebug: [0mc_header: parsed function j0f with 1 params (varargs=0) at line 3148
[1;36mdebug: [0mc_header: w_name=__j0f
[1;36mdebug: [0mc_header: parsed function __j0f with 1 params (varargs=0) at line 3148
[1;36mdebug: [0mc_header: w_name=j1f
[1;36mdebug: [0mc_header: parsed function j1f with 1 params (varargs=0) at line 3149
[1;36mdebug: [0mc_header: w_name=__j1f
[1;36mdebug: [0mc_header: parsed function __j1f with 1 params (varargs=0) at line 3149
[1;36mdebug: [0mc_header: w_name=jnf
[1;36mdebug: [0mc_header: parsed function jnf with 2 params (varargs=0) at line 3150
[1;36mdebug: [0mc_header: w_name=__jnf
[1;36mdebug: [0mc_header: parsed function __jnf with 2 params (varargs=0) at line 3150
[1;36mdebug: [0mc_header: w_name=y0f
[1;36mdebug: [0mc_header: parsed function y0f with 1 params (varargs=0) at line 3151
[1;36mdebug: [0mc_header: w_name=__y0f
[1;36mdebug: [0mc_header: parsed function __y0f with 1 params (varargs=0) at line 3151
[1;36mdebug: [0mc_header: w_name=y1f
[1;36mdebug: [0mc_header: parsed function y1f with 1 params (varargs=0) at line 3152
[1;36mdebug: [0mc_header: w_name=__y1f
[1;36mdebug: [0mc_header: parsed function __y1f with 1 params (varargs=0) at line 3152
[1;36mdebug: [0mc_header: w_name=ynf
[1;36mdebug: [0mc_header: parsed function ynf with 2 params (varargs=0) at line 3153
[1;36mdebug: [0mc_header: w_name=__ynf
[1;36mdebug: [0mc_header: parsed function __ynf with 2 params (varargs=0) at line 3153
[1;36mdebug: [0mc_header: w_name=erff
[1;36mdebug: [0mc_header: parsed function erff with 1 params (varargs=0) at line 3159
[1;36mdebug: [0mc_header: w_name=__erff
[1;36mdebug: [0mc_header: parsed function __erff with 1 params (varargs=0) at line 3159
[1;36mdebug: [0mc_header: w_name=erfcf
[1;36mdebug: [0mc_header: parsed function erfcf with 1 params (varargs=0) at line 3160
[1;36mdebug: [0mc_header: w_name=__erfcf
[1;36mdebug: [0mc_header: parsed function __erfcf with 1 params (varargs=0) at line 3160
[1;36mdebug: [0mc_header: w_name=lgammaf
[1;36mdebug: [0mc_header: parsed function lgammaf with 1 params (varargs=0) at line 3161
[1;36mdebug: [0mc_header: w_name=__lgammaf
[1;36mdebug: [0mc_header: parsed function __lgammaf with 1 params (varargs=0) at line 3161
[1;36mdebug: [0mc_header: w_name=tgammaf
[1;36mdebug: [0mc_header: parsed function tgammaf with 1 params (varargs=0) at line 3166
[1;36mdebug: [0mc_header: w_name=__tgammaf
[1;36mdebug: [0mc_header: parsed function __tgammaf with 1 params (varargs=0) at line 3166
[1;36mdebug: [0mc_header: w_name=gammaf
[1;36mdebug: [0mc_header: parsed function gammaf with 1 params (varargs=0) at line 3172
[1;36mdebug: [0mc_header: w_name=__gammaf
[1;36mdebug: [0mc_header: parsed function __gammaf with 1 params (varargs=0) at line 3172
[1;36mdebug: [0mc_header: w_name=lgammaf_r
[1;36mdebug: [0mc_header: parsed function lgammaf_r with 2 params (varargs=0) at line 3180
[1;36mdebug: [0mc_header: w_name=__lgammaf_r
[1;36mdebug: [0mc_header: parsed function __lgammaf_r with 2 params (varargs=0) at line 3180
[1;36mdebug: [0mc_header: w_name=rintf
[1;36mdebug: [0mc_header: parsed function rintf with 1 params (varargs=0) at line 3187
[1;36mdebug: [0mc_header: w_name=__rintf
[1;36mdebug: [0mc_header: parsed function __rintf with 1 params (varargs=0) at line 3187
[1;36mdebug: [0mc_header: w_name=nextafterf
[1;36mdebug: [0mc_header: parsed function nextafterf with 2 params (varargs=0) at line 3190
[1;36mdebug: [0mc_header: w_name=__nextafterf
[1;36mdebug: [0mc_header: parsed function __nextafterf with 2 params (varargs=0) at line 3190
[1;36mdebug: [0mc_header: w_name=nexttowardf
[1;36mdebug: [0mc_header: parsed function nexttowardf with 2 params (varargs=0) at line 3192
[1;36mdebug: [0mc_header: w_name=__nexttowardf
[1;36mdebug: [0mc_header: parsed function __nexttowardf with 2 params (varargs=0) at line 3192
[1;36mdebug: [0mc_header: w_name=nextdownf
[1;36mdebug: [0mc_header: parsed function nextdownf with 1 params (varargs=0) at line 3197
[1;36mdebug: [0mc_header: w_name=__nextdownf
[1;36mdebug: [0mc_header: parsed function __nextdownf with 1 params (varargs=0) at line 3197
[1;36mdebug: [0mc_header: w_name=nextupf
[1;36mdebug: [0mc_header: parsed function nextupf with 1 params (varargs=0) at line 3199
[1;36mdebug: [0mc_header: w_name=__nextupf
[1;36mdebug: [0mc_header: parsed function __nextupf with 1 params (varargs=0) at line 3199
[1;36mdebug: [0mc_header: w_name=remainderf
[1;36mdebug: [0mc_header: parsed function remainderf with 2 params (varargs=0) at line 3203
[1;36mdebug: [0mc_header: w_name=__remainderf
[1;36mdebug: [0mc_header: parsed function __remainderf with 2 params (varargs=0) at line 3203
[1;36mdebug: [0mc_header: w_name=scalbnf
[1;36mdebug: [0mc_header: parsed function scalbnf with 2 params (varargs=0) at line 3207
[1;36mdebug: [0mc_header: w_name=__scalbnf
[1;36mdebug: [0mc_header: parsed function __scalbnf with 2 params (varargs=0) at line 3207
[1;36mdebug: [0mc_header: w_name=ilogbf
[1;36mdebug: [0mc_header: parsed function ilogbf with 1 params (varargs=0) at line 3211
[1;36mdebug: [0mc_header: w_name=__ilogbf
[1;36mdebug: [0mc_header: parsed function __ilogbf with 1 params (varargs=0) at line 3211
[1;36mdebug: [0mc_header: w_name=llogbf
[1;36mdebug: [0mc_header: parsed function llogbf with 1 params (varargs=0) at line 3216
[1;36mdebug: [0mc_header: w_name=__llogbf
[1;36mdebug: [0mc_header: parsed function __llogbf with 1 params (varargs=0) at line 3216
[1;36mdebug: [0mc_header: w_name=scalblnf
[1;36mdebug: [0mc_header: parsed function scalblnf with 2 params (varargs=0) at line 3221
[1;36mdebug: [0mc_header: w_name=__scalblnf
[1;36mdebug: [0mc_header: parsed function __scalblnf with 2 params (varargs=0) at line 3221
[1;36mdebug: [0mc_header: w_name=nearbyintf
[1;36mdebug: [0mc_header: parsed function nearbyintf with 1 params (varargs=0) at line 3225
[1;36mdebug: [0mc_header: w_name=__nearbyintf
[1;36mdebug: [0mc_header: parsed function __nearbyintf with 1 params (varargs=0) at line 3225
[1;36mdebug: [0mc_header: w_name=roundf
[1;36mdebug: [0mc_header: parsed function roundf with 1 params (varargs=0) at line 3229
[1;36mdebug: [0mc_header: w_name=truncf
[1;36mdebug: [0mc_header: parsed function truncf with 1 params (varargs=0) at line 3233
[1;36mdebug: [0mc_header: w_name=remquof
[1;36mdebug: [0mc_header: parsed function remquof with 3 params (varargs=0) at line 3238
[1;36mdebug: [0mc_header: w_name=__remquof
[1;36mdebug: [0mc_header: parsed function __remquof with 3 params (varargs=0) at line 3238
[1;36mdebug: [0mc_header: w_name=lrintf
[1;36mdebug: [0mc_header: parsed function lrintf with 1 params (varargs=0) at line 3245
[1;36mdebug: [0mc_header: w_name=__lrintf
[1;36mdebug: [0mc_header: parsed function __lrintf with 1 params (varargs=0) at line 3245
[1;36mdebug: [0mc_header: w_name=llrintf
[1;36mdebug: [0mc_header: parsed function llrintf with 1 params (varargs=0) at line 3247
[1;36mdebug: [0mc_header: w_name=__llrintf
[1;36mdebug: [0mc_header: parsed function __llrintf with 1 params (varargs=0) at line 3247
[1;36mdebug: [0mc_header: w_name=lroundf
[1;36mdebug: [0mc_header: parsed function lroundf with 1 params (varargs=0) at line 3251
[1;36mdebug: [0mc_header: w_name=__lroundf
[1;36mdebug: [0mc_header: parsed function __lroundf with 1 params (varargs=0) at line 3251
[1;36mdebug: [0mc_header: w_name=llroundf
[1;36mdebug: [0mc_header: parsed function llroundf with 1 params (varargs=0) at line 3253
[1;36mdebug: [0mc_header: w_name=__llroundf
[1;36mdebug: [0mc_header: parsed function __llroundf with 1 params (varargs=0) at line 3253
[1;36mdebug: [0mc_header: w_name=fdimf
[1;36mdebug: [0mc_header: parsed function fdimf with 2 params (varargs=0) at line 3257
[1;36mdebug: [0mc_header: w_name=__fdimf
[1;36mdebug: [0mc_header: parsed function __fdimf with 2 params (varargs=0) at line 3257
[1;36mdebug: [0mc_header: w_name=fmaxf
[1;36mdebug: [0mc_header: parsed function fmaxf with 2 params (varargs=0) at line 3261
[1;36mdebug: [0mc_header: w_name=fminf
[1;36mdebug: [0mc_header: parsed function fminf with 2 params (varargs=0) at line 3264
[1;36mdebug: [0mc_header: w_name=fmaf
[1;36mdebug: [0mc_header: parsed function fmaf with 3 params (varargs=0) at line 3268
[1;36mdebug: [0mc_header: w_name=__fmaf
[1;36mdebug: [0mc_header: parsed function __fmaf with 3 params (varargs=0) at line 3268
[1;36mdebug: [0mc_header: w_name=roundevenf
[1;36mdebug: [0mc_header: parsed function roundevenf with 1 params (varargs=0) at line 3273
[1;36mdebug: [0mc_header: w_name=fromfpf
[1;36mdebug: [0mc_header: parsed function fromfpf with 3 params (varargs=0) at line 3277
[1;36mdebug: [0mc_header: w_name=__fromfpf
[1;36mdebug: [0mc_header: parsed function __fromfpf with 3 params (varargs=0) at line 3277
[1;36mdebug: [0mc_header: w_name=ufromfpf
[1;36mdebug: [0mc_header: parsed function ufromfpf with 3 params (varargs=0) at line 3281
[1;36mdebug: [0mc_header: w_name=__ufromfpf
[1;36mdebug: [0mc_header: parsed function __ufromfpf with 3 params (varargs=0) at line 3281
[1;36mdebug: [0mc_header: w_name=fromfpxf
[1;36mdebug: [0mc_header: parsed function fromfpxf with 3 params (varargs=0) at line 3286
[1;36mdebug: [0mc_header: w_name=__fromfpxf
[1;36mdebug: [0mc_header: parsed function __fromfpxf with 3 params (varargs=0) at line 3286
[1;36mdebug: [0mc_header: w_name=ufromfpxf
[1;36mdebug: [0mc_header: parsed function ufromfpxf with 3 params (varargs=0) at line 3291
[1;36mdebug: [0mc_header: w_name=__ufromfpxf
[1;36mdebug: [0mc_header: parsed function __ufromfpxf with 3 params (varargs=0) at line 3291
[1;36mdebug: [0mc_header: w_name=canonicalizef
[1;36mdebug: [0mc_header: parsed function canonicalizef with 2 params (varargs=0) at line 3294
[1;36mdebug: [0mc_header: w_name=fmaximumf
[1;36mdebug: [0mc_header: parsed function fmaximumf with 2 params (varargs=0) at line 3296
[1;36mdebug: [0mc_header: w_name=fminimumf
[1;36mdebug: [0mc_header: parsed function fminimumf with 2 params (varargs=0) at line 3299
[1;36mdebug: [0mc_header: w_name=fmaximum_numf
[1;36mdebug: [0mc_header: parsed function fmaximum_numf with 2 params (varargs=0) at line 3302
[1;36mdebug: [0mc_header: w_name=fminimum_numf
[1;36mdebug: [0mc_header: parsed function fminimum_numf with 2 params (varargs=0) at line 3305
[1;36mdebug: [0mc_header: w_name=fmaximum_magf
[1;36mdebug: [0mc_header: parsed function fmaximum_magf with 2 params (varargs=0) at line 3308
[1;36mdebug: [0mc_header: w_name=fminimum_magf
[1;36mdebug: [0mc_header: parsed function fminimum_magf with 2 params (varargs=0) at line 3311
[1;36mdebug: [0mc_header: w_name=fmaximum_mag_numf
[1;36mdebug: [0mc_header: parsed function fmaximum_mag_numf with 2 params (varargs=0) at line 3314
[1;36mdebug: [0mc_header: w_name=fminimum_mag_numf
[1;36mdebug: [0mc_header: parsed function fminimum_mag_numf with 2 params (varargs=0) at line 3317
[1;36mdebug: [0mc_header: w_name=scalbf
[1;36mdebug: [0mc_header: parsed function scalbf with 2 params (varargs=0) at line 3319
[1;36mdebug: [0mc_header: w_name=__scalbf
[1;36mdebug: [0mc_header: parsed function __scalbf with 2 params (varargs=0) at line 3319
[1;36mdebug: [0mc_header: w_name=__fpclassifyl
[1;36mdebug: [0mc_header: parsed function __fpclassifyl with 1 params (varargs=0) at line 3324
[1;36mdebug: [0mc_header: w_name=__signbitl
[1;36mdebug: [0mc_header: parsed function __signbitl with 1 params (varargs=0) at line 3328
[1;36mdebug: [0mc_header: w_name=__isinfl
[1;36mdebug: [0mc_header: parsed function __isinfl with 1 params (varargs=0) at line 3333
[1;36mdebug: [0mc_header: w_name=__finitel
[1;36mdebug: [0mc_header: parsed function __finitel with 1 params (varargs=0) at line 3337
[1;36mdebug: [0mc_header: w_name=__isnanl
[1;36mdebug: [0mc_header: parsed function __isnanl with 1 params (varargs=0) at line 3341
[1;36mdebug: [0mc_header: w_name=__iseqsigl
[1;36mdebug: [0mc_header: parsed function __iseqsigl with 2 params (varargs=0) at line 3345
[1;36mdebug: [0mc_header: w_name=__issignalingl
[1;36mdebug: [0mc_header: parsed function __issignalingl with 1 params (varargs=0) at line 3348
[1;36mdebug: [0mc_header: w_name=acosl
[1;36mdebug: [0mc_header: parsed function acosl with 1 params (varargs=0) at line 3353
[1;36mdebug: [0mc_header: w_name=__acosl
[1;36mdebug: [0mc_header: parsed function __acosl with 1 params (varargs=0) at line 3353
[1;36mdebug: [0mc_header: w_name=asinl
[1;36mdebug: [0mc_header: parsed function asinl with 1 params (varargs=0) at line 3355
[1;36mdebug: [0mc_header: w_name=__asinl
[1;36mdebug: [0mc_header: parsed function __asinl with 1 params (varargs=0) at line 3355
[1;36mdebug: [0mc_header: w_name=atanl
[1;36mdebug: [0mc_header: parsed function atanl with 1 params (varargs=0) at line 3357
[1;36mdebug: [0mc_header: w_name=__atanl
[1;36mdebug: [0mc_header: parsed function __atanl with 1 params (varargs=0) at line 3357
[1;36mdebug: [0mc_header: w_name=atan2l
[1;36mdebug: [0mc_header: parsed function atan2l with 2 params (varargs=0) at line 3359
[1;36mdebug: [0mc_header: w_name=__atan2l
[1;36mdebug: [0mc_header: parsed function __atan2l with 2 params (varargs=0) at line 3359
[1;36mdebug: [0mc_header: w_name=cosl
[1;36mdebug: [0mc_header: parsed function cosl with 1 params (varargs=0) at line 3362
[1;36mdebug: [0mc_header: w_name=__cosl
[1;36mdebug: [0mc_header: parsed function __cosl with 1 params (varargs=0) at line 3362
[1;36mdebug: [0mc_header: w_name=sinl
[1;36mdebug: [0mc_header: parsed function sinl with 1 params (varargs=0) at line 3364
[1;36mdebug: [0mc_header: w_name=__sinl
[1;36mdebug: [0mc_header: parsed function __sinl with 1 params (varargs=0) at line 3364
[1;36mdebug: [0mc_header: w_name=tanl
[1;36mdebug: [0mc_header: parsed function tanl with 1 params (varargs=0) at line 3366
[1;36mdebug: [0mc_header: w_name=__tanl
[1;36mdebug: [0mc_header: parsed function __tanl with 1 params (varargs=0) at line 3366
[1;36mdebug: [0mc_header: w_name=acospil
[1;36mdebug: [0mc_header: parsed function acospil with 1 params (varargs=0) at line 3370
[1;36mdebug: [0mc_header: w_name=__acospil
[1;36mdebug: [0mc_header: parsed function __acospil with 1 params (varargs=0) at line 3370
[1;36mdebug: [0mc_header: w_name=acospil
[1;36mdebug: [0mc_header: parsed function acospil with 1 params (varargs=0) at line 3371
[1;36mdebug: [0mc_header: w_name=__acospil
[1;36mdebug: [0mc_header: parsed function __acospil with 1 params (varargs=0) at line 3371
[1;36mdebug: [0mc_header: w_name=asinpil
[1;36mdebug: [0mc_header: parsed function asinpil with 1 params (varargs=0) at line 3373
[1;36mdebug: [0mc_header: w_name=__asinpil
[1;36mdebug: [0mc_header: parsed function __asinpil with 1 params (varargs=0) at line 3373
[1;36mdebug: [0mc_header: w_name=asinpil
[1;36mdebug: [0mc_header: parsed function asinpil with 1 params (varargs=0) at line 3374
[1;36mdebug: [0mc_header: w_name=__asinpil
[1;36mdebug: [0mc_header: parsed function __asinpil with 1 params (varargs=0) at line 3374
[1;36mdebug: [0mc_header: w_name=atanpil
[1;36mdebug: [0mc_header: parsed function atanpil with 1 params (varargs=0) at line 3376
[1;36mdebug: [0mc_header: w_name=__atanpil
[1;36mdebug: [0mc_header: parsed function __atanpil with 1 params (varargs=0) at line 3376
[1;36mdebug: [0mc_header: w_name=atanpil
[1;36mdebug: [0mc_header: parsed function atanpil with 1 params (varargs=0) at line 3377
[1;36mdebug: [0mc_header: w_name=__atanpil
[1;36mdebug: [0mc_header: parsed function __atanpil with 1 params (varargs=0) at line 3377
[1;36mdebug: [0mc_header: w_name=atan2pil
[1;36mdebug: [0mc_header: parsed function atan2pil with 2 params (varargs=0) at line 3379
[1;36mdebug: [0mc_header: w_name=__atan2pil
[1;36mdebug: [0mc_header: parsed function __atan2pil with 2 params (varargs=0) at line 3379
[1;36mdebug: [0mc_header: w_name=atan2pil
[1;36mdebug: [0mc_header: parsed function atan2pil with 2 params (varargs=0) at line 3380
[1;36mdebug: [0mc_header: w_name=__atan2pil
[1;36mdebug: [0mc_header: parsed function __atan2pil with 2 params (varargs=0) at line 3380
[1;36mdebug: [0mc_header: w_name=cospil
[1;36mdebug: [0mc_header: parsed function cospil with 1 params (varargs=0) at line 3383
[1;36mdebug: [0mc_header: w_name=__cospil
[1;36mdebug: [0mc_header: parsed function __cospil with 1 params (varargs=0) at line 3383
[1;36mdebug: [0mc_header: w_name=sinpil
[1;36mdebug: [0mc_header: parsed function sinpil with 1 params (varargs=0) at line 3385
[1;36mdebug: [0mc_header: w_name=__sinpil
[1;36mdebug: [0mc_header: parsed function __sinpil with 1 params (varargs=0) at line 3385
[1;36mdebug: [0mc_header: w_name=tanpil
[1;36mdebug: [0mc_header: parsed function tanpil with 1 params (varargs=0) at line 3387
[1;36mdebug: [0mc_header: w_name=__tanpil
[1;36mdebug: [0mc_header: parsed function __tanpil with 1 params (varargs=0) at line 3387
[1;36mdebug: [0mc_header: w_name=coshl
[1;36mdebug: [0mc_header: parsed function coshl with 1 params (varargs=0) at line 3393
[1;36mdebug: [0mc_header: w_name=__coshl
[1;36mdebug: [0mc_header: parsed function __coshl with 1 params (varargs=0) at line 3393
[1;36mdebug: [0mc_header: w_name=sinhl
[1;36mdebug: [0mc_header: parsed function sinhl with 1 params (varargs=0) at line 3395
[1;36mdebug: [0mc_header: w_name=__sinhl
[1;36mdebug: [0mc_header: parsed function __sinhl with 1 params (varargs=0) at line 3395
[1;36mdebug: [0mc_header: w_name=tanhl
[1;36mdebug: [0mc_header: parsed function tanhl with 1 params (varargs=0) at line 3397
[1;36mdebug: [0mc_header: w_name=__tanhl
[1;36mdebug: [0mc_header: parsed function __tanhl with 1 params (varargs=0) at line 3397
[1;36mdebug: [0mc_header: w_name=acoshl
[1;36mdebug: [0mc_header: parsed function acoshl with 1 params (varargs=0) at line 3399
[1;36mdebug: [0mc_header: w_name=__acoshl
[1;36mdebug: [0mc_header: parsed function __acoshl with 1 params (varargs=0) at line 3399
[1;36mdebug: [0mc_header: w_name=asinhl
[1;36mdebug: [0mc_header: parsed function asinhl with 1 params (varargs=0) at line 3401
[1;36mdebug: [0mc_header: w_name=__asinhl
[1;36mdebug: [0mc_header: parsed function __asinhl with 1 params (varargs=0) at line 3401
[1;36mdebug: [0mc_header: w_name=atanhl
[1;36mdebug: [0mc_header: parsed function atanhl with 1 params (varargs=0) at line 3403
[1;36mdebug: [0mc_header: w_name=__atanhl
[1;36mdebug: [0mc_header: parsed function __atanhl with 1 params (varargs=0) at line 3403
[1;36mdebug: [0mc_header: w_name=expl
[1;36mdebug: [0mc_header: parsed function expl with 1 params (varargs=0) at line 3409
[1;36mdebug: [0mc_header: w_name=__expl
[1;36mdebug: [0mc_header: parsed function __expl with 1 params (varargs=0) at line 3409
[1;36mdebug: [0mc_header: w_name=frexpl
[1;36mdebug: [0mc_header: parsed function frexpl with 2 params (varargs=0) at line 3412
[1;36mdebug: [0mc_header: w_name=__frexpl
[1;36mdebug: [0mc_header: parsed function __frexpl with 2 params (varargs=0) at line 3412
[1;36mdebug: [0mc_header: w_name=ldexpl
[1;36mdebug: [0mc_header: parsed function ldexpl with 2 params (varargs=0) at line 3415
[1;36mdebug: [0mc_header: w_name=__ldexpl
[1;36mdebug: [0mc_header: parsed function __ldexpl with 2 params (varargs=0) at line 3415
[1;36mdebug: [0mc_header: w_name=logl
[1;36mdebug: [0mc_header: parsed function logl with 1 params (varargs=0) at line 3418
[1;36mdebug: [0mc_header: w_name=__logl
[1;36mdebug: [0mc_header: parsed function __logl with 1 params (varargs=0) at line 3418
[1;36mdebug: [0mc_header: w_name=log10l
[1;36mdebug: [0mc_header: parsed function log10l with 1 params (varargs=0) at line 3421
[1;36mdebug: [0mc_header: w_name=__log10l
[1;36mdebug: [0mc_header: parsed function __log10l with 1 params (varargs=0) at line 3421
[1;36mdebug: [0mc_header: w_name=modfl
[1;36mdebug: [0mc_header: parsed function modfl with 2 params (varargs=0) at line 3424
[1;36mdebug: [0mc_header: w_name=__modfl
[1;36mdebug: [0mc_header: parsed function __modfl with 2 params (varargs=0) at line 3424
[1;36mdebug: [0mc_header: w_name=exp10l
[1;36mdebug: [0mc_header: parsed function exp10l with 1 params (varargs=0) at line 3428
[1;36mdebug: [0mc_header: w_name=__exp10l
[1;36mdebug: [0mc_header: parsed function __exp10l with 1 params (varargs=0) at line 3428
[1;36mdebug: [0mc_header: w_name=exp2m1l
[1;36mdebug: [0mc_header: parsed function exp2m1l with 1 params (varargs=0) at line 3431
[1;36mdebug: [0mc_header: w_name=__exp2m1l
[1;36mdebug: [0mc_header: parsed function __exp2m1l with 1 params (varargs=0) at line 3431
[1;36mdebug: [0mc_header: w_name=exp10m1l
[1;36mdebug: [0mc_header: parsed function exp10m1l with 1 params (varargs=0) at line 3434
[1;36mdebug: [0mc_header: w_name=__exp10m1l
[1;36mdebug: [0mc_header: parsed function __exp10m1l with 1 params (varargs=0) at line 3434
[1;36mdebug: [0mc_header: w_name=log2p1l
[1;36mdebug: [0mc_header: parsed function log2p1l with 1 params (varargs=0) at line 3437
[1;36mdebug: [0mc_header: w_name=__log2p1l
[1;36mdebug: [0mc_header: parsed function __log2p1l with 1 params (varargs=0) at line 3437
[1;36mdebug: [0mc_header: w_name=log10p1l
[1;36mdebug: [0mc_header: parsed function log10p1l with 1 params (varargs=0) at line 3440
[1;36mdebug: [0mc_header: w_name=__log10p1l
[1;36mdebug: [0mc_header: parsed function __log10p1l with 1 params (varargs=0) at line 3440
[1;36mdebug: [0mc_header: w_name=logp1l
[1;36mdebug: [0mc_header: parsed function logp1l with 1 params (varargs=0) at line 3443
[1;36mdebug: [0mc_header: w_name=__logp1l
[1;36mdebug: [0mc_header: parsed function __logp1l with 1 params (varargs=0) at line 3443
[1;36mdebug: [0mc_header: w_name=expm1l
[1;36mdebug: [0mc_header: parsed function expm1l with 1 params (varargs=0) at line 3448
[1;36mdebug: [0mc_header: w_name=__expm1l
[1;36mdebug: [0mc_header: parsed function __expm1l with 1 params (varargs=0) at line 3448
[1;36mdebug: [0mc_header: w_name=log1pl
[1;36mdebug: [0mc_header: parsed function log1pl with 1 params (varargs=0) at line 3451
[1;36mdebug: [0mc_header: w_name=__log1pl
[1;36mdebug: [0mc_header: parsed function __log1pl with 1 params (varargs=0) at line 3451
[1;36mdebug: [0mc_header: w_name=logbl
[1;36mdebug: [0mc_header: parsed function logbl with 1 params (varargs=0) at line 3454
[1;36mdebug: [0mc_header: w_name=__logbl
[1;36mdebug: [0mc_header: parsed function __logbl with 1 params (varargs=0) at line 3454
[1;36mdebug: [0mc_header: w_name=exp2l
[1;36mdebug: [0mc_header: parsed function exp2l with 1 params (varargs=0) at line 3459
[1;36mdebug: [0mc_header: w_name=__exp2l
[1;36mdebug: [0mc_header: parsed function __exp2l with 1 params (varargs=0) at line 3459
[1;36mdebug: [0mc_header: w_name=log2l
[1;36mdebug: [0mc_header: parsed function log2l with 1 params (varargs=0) at line 3462
[1;36mdebug: [0mc_header: w_name=__log2l
[1;36mdebug: [0mc_header: parsed function __log2l with 1 params (varargs=0) at line 3462
[1;36mdebug: [0mc_header: w_name=powl
[1;36mdebug: [0mc_header: parsed function powl with 2 params (varargs=0) at line 3469
[1;36mdebug: [0mc_header: w_name=__powl
[1;36mdebug: [0mc_header: parsed function __powl with 2 params (varargs=0) at line 3469
[1;36mdebug: [0mc_header: w_name=sqrtl
[1;36mdebug: [0mc_header: parsed function sqrtl with 1 params (varargs=0) at line 3472
[1;36mdebug: [0mc_header: w_name=__sqrtl
[1;36mdebug: [0mc_header: parsed function __sqrtl with 1 params (varargs=0) at line 3472
[1;36mdebug: [0mc_header: w_name=hypotl
[1;36mdebug: [0mc_header: parsed function hypotl with 2 params (varargs=0) at line 3476
[1;36mdebug: [0mc_header: w_name=__hypotl
[1;36mdebug: [0mc_header: parsed function __hypotl with 2 params (varargs=0) at line 3476
[1;36mdebug: [0mc_header: w_name=cbrtl
[1;36mdebug: [0mc_header: parsed function cbrtl with 1 params (varargs=0) at line 3481
[1;36mdebug: [0mc_header: w_name=__cbrtl
[1;36mdebug: [0mc_header: parsed function __cbrtl with 1 params (varargs=0) at line 3481
[1;36mdebug: [0mc_header: w_name=compoundnl
[1;36mdebug: [0mc_header: parsed function compoundnl with 2 params (varargs=0) at line 3486
[1;36mdebug: [0mc_header: w_name=__compoundnl
[1;36mdebug: [0mc_header: parsed function __compoundnl with 2 params (varargs=0) at line 3486
[1;36mdebug: [0mc_header: w_name=pownl
[1;36mdebug: [0mc_header: parsed function pownl with 2 params (varargs=0) at line 3489
[1;36mdebug: [0mc_header: w_name=__pownl
[1;36mdebug: [0mc_header: parsed function __pownl with 2 params (varargs=0) at line 3489
[1;36mdebug: [0mc_header: w_name=powrl
[1;36mdebug: [0mc_header: parsed function powrl with 2 params (varargs=0) at line 3492
[1;36mdebug: [0mc_header: w_name=__powrl
[1;36mdebug: [0mc_header: parsed function __powrl with 2 params (varargs=0) at line 3492
[1;36mdebug: [0mc_header: w_name=powrl
[1;36mdebug: [0mc_header: parsed function powrl with 2 params (varargs=0) at line 3493
[1;36mdebug: [0mc_header: w_name=__powrl
[1;36mdebug: [0mc_header: parsed function __powrl with 2 params (varargs=0) at line 3493
[1;36mdebug: [0mc_header: w_name=rootnl
[1;36mdebug: [0mc_header: parsed function rootnl with 2 params (varargs=0) at line 3496
[1;36mdebug: [0mc_header: w_name=__rootnl
[1;36mdebug: [0mc_header: parsed function __rootnl with 2 params (varargs=0) at line 3496
[1;36mdebug: [0mc_header: w_name=rsqrtl
[1;36mdebug: [0mc_header: parsed function rsqrtl with 1 params (varargs=0) at line 3499
[1;36mdebug: [0mc_header: w_name=__rsqrtl
[1;36mdebug: [0mc_header: parsed function __rsqrtl with 1 params (varargs=0) at line 3499
[1;36mdebug: [0mc_header: w_name=ceill
[1;36mdebug: [0mc_header: parsed function ceill with 1 params (varargs=0) at line 3506
[1;36mdebug: [0mc_header: w_name=fabsl
[1;36mdebug: [0mc_header: parsed function fabsl with 1 params (varargs=0) at line 3509
[1;36mdebug: [0mc_header: w_name=floorl
[1;36mdebug: [0mc_header: parsed function floorl with 1 params (varargs=0) at line 3512
[1;36mdebug: [0mc_header: w_name=fmodl
[1;36mdebug: [0mc_header: parsed function fmodl with 2 params (varargs=0) at line 3515
[1;36mdebug: [0mc_header: w_name=__fmodl
[1;36mdebug: [0mc_header: parsed function __fmodl with 2 params (varargs=0) at line 3515
[1;36mdebug: [0mc_header: w_name=isinfl
[1;36mdebug: [0mc_header: parsed function isinfl with 1 params (varargs=0) at line 3517
[1;36mdebug: [0mc_header: w_name=finitel
[1;36mdebug: [0mc_header: parsed function finitel with 1 params (varargs=0) at line 3523
[1;36mdebug: [0mc_header: w_name=dreml
[1;36mdebug: [0mc_header: parsed function dreml with 2 params (varargs=0) at line 3527
[1;36mdebug: [0mc_header: w_name=__dreml
[1;36mdebug: [0mc_header: parsed function __dreml with 2 params (varargs=0) at line 3527
[1;36mdebug: [0mc_header: w_name=significandl
[1;36mdebug: [0mc_header: parsed function significandl with 1 params (varargs=0) at line 3531
[1;36mdebug: [0mc_header: w_name=__significandl
[1;36mdebug: [0mc_header: parsed function __significandl with 1 params (varargs=0) at line 3531
[1;36mdebug: [0mc_header: w_name=copysignl
[1;36mdebug: [0mc_header: parsed function copysignl with 2 params (varargs=0) at line 3538
[1;36mdebug: [0mc_header: w_name=nanl
[1;36mdebug: [0mc_header: parsed function nanl with 1 params (varargs=0) at line 3543
[1;36mdebug: [0mc_header: w_name=__nanl
[1;36mdebug: [0mc_header: parsed function __nanl with 1 params (varargs=0) at line 3543
[1;36mdebug: [0mc_header: w_name=isnanl
[1;36mdebug: [0mc_header: parsed function isnanl with 1 params (varargs=0) at line 3545
[1;36mdebug: [0mc_header: w_name=j0l
[1;36mdebug: [0mc_header: parsed function j0l with 1 params (varargs=0) at line 3552
[1;36mdebug: [0mc_header: w_name=__j0l
[1;36mdebug: [0mc_header: parsed function __j0l with 1 params (varargs=0) at line 3552
[1;36mdebug: [0mc_header: w_name=j1l
[1;36mdebug: [0mc_header: parsed function j1l with 1 params (varargs=0) at line 3553
[1;36mdebug: [0mc_header: w_name=__j1l
[1;36mdebug: [0mc_header: parsed function __j1l with 1 params (varargs=0) at line 3553
[1;36mdebug: [0mc_header: w_name=jnl
[1;36mdebug: [0mc_header: parsed function jnl with 2 params (varargs=0) at line 3554
[1;36mdebug: [0mc_header: w_name=__jnl
[1;36mdebug: [0mc_header: parsed function __jnl with 2 params (varargs=0) at line 3554
[1;36mdebug: [0mc_header: w_name=y0l
[1;36mdebug: [0mc_header: parsed function y0l with 1 params (varargs=0) at line 3555
[1;36mdebug: [0mc_header: w_name=__y0l
[1;36mdebug: [0mc_header: parsed function __y0l with 1 params (varargs=0) at line 3555
[1;36mdebug: [0mc_header: w_name=y1l
[1;36mdebug: [0mc_header: parsed function y1l with 1 params (varargs=0) at line 3556
[1;36mdebug: [0mc_header: w_name=__y1l
[1;36mdebug: [0mc_header: parsed function __y1l with 1 params (varargs=0) at line 3556
[1;36mdebug: [0mc_header: w_name=ynl
[1;36mdebug: [0mc_header: parsed function ynl with 2 params (varargs=0) at line 3557
[1;36mdebug: [0mc_header: w_name=__ynl
[1;36mdebug: [0mc_header: parsed function __ynl with 2 params (varargs=0) at line 3557
[1;36mdebug: [0mc_header: w_name=erfl
[1;36mdebug: [0mc_header: parsed function erfl with 1 params (varargs=0) at line 3563
[1;36mdebug: [0mc_header: w_name=__erfl
[1;36mdebug: [0mc_header: parsed function __erfl with 1 params (varargs=0) at line 3563
[1;36mdebug: [0mc_header: w_name=erfcl
[1;36mdebug: [0mc_header: parsed function erfcl with 1 params (varargs=0) at line 3564
[1;36mdebug: [0mc_header: w_name=__erfcl
[1;36mdebug: [0mc_header: parsed function __erfcl with 1 params (varargs=0) at line 3564
[1;36mdebug: [0mc_header: w_name=lgammal
[1;36mdebug: [0mc_header: parsed function lgammal with 1 params (varargs=0) at line 3565
[1;36mdebug: [0mc_header: w_name=__lgammal
[1;36mdebug: [0mc_header: parsed function __lgammal with 1 params (varargs=0) at line 3565
[1;36mdebug: [0mc_header: w_name=tgammal
[1;36mdebug: [0mc_header: parsed function tgammal with 1 params (varargs=0) at line 3570
[1;36mdebug: [0mc_header: w_name=__tgammal
[1;36mdebug: [0mc_header: parsed function __tgammal with 1 params (varargs=0) at line 3570
[1;36mdebug: [0mc_header: w_name=gammal
[1;36mdebug: [0mc_header: parsed function gammal with 1 params (varargs=0) at line 3576
[1;36mdebug: [0mc_header: w_name=__gammal
[1;36mdebug: [0mc_header: parsed function __gammal with 1 params (varargs=0) at line 3576
[1;36mdebug: [0mc_header: w_name=lgammal_r
[1;36mdebug: [0mc_header: parsed function lgammal_r with 2 params (varargs=0) at line 3584
[1;36mdebug: [0mc_header: w_name=__lgammal_r
[1;36mdebug: [0mc_header: parsed function __lgammal_r with 2 params (varargs=0) at line 3584
[1;36mdebug: [0mc_header: w_name=rintl
[1;36mdebug: [0mc_header: parsed function rintl with 1 params (varargs=0) at line 3591
[1;36mdebug: [0mc_header: w_name=__rintl
[1;36mdebug: [0mc_header: parsed function __rintl with 1 params (varargs=0) at line 3591
[1;36mdebug: [0mc_header: w_name=nextafterl
[1;36mdebug: [0mc_header: parsed function nextafterl with 2 params (varargs=0) at line 3594
[1;36mdebug: [0mc_header: w_name=__nextafterl
[1;36mdebug: [0mc_header: parsed function __nextafterl with 2 params (varargs=0) at line 3594
[1;36mdebug: [0mc_header: w_name=nexttowardl
[1;36mdebug: [0mc_header: parsed function nexttowardl with 2 params (varargs=0) at line 3596
[1;36mdebug: [0mc_header: w_name=__nexttowardl
[1;36mdebug: [0mc_header: parsed function __nexttowardl with 2 params (varargs=0) at line 3596
[1;36mdebug: [0mc_header: w_name=nextdownl
[1;36mdebug: [0mc_header: parsed function nextdownl with 1 params (varargs=0) at line 3601
[1;36mdebug: [0mc_header: w_name=__nextdownl
[1;36mdebug: [0mc_header: parsed function __nextdownl with 1 params (varargs=0) at line 3601
[1;36mdebug: [0mc_header: w_name=nextupl
[1;36mdebug: [0mc_header: parsed function nextupl with 1 params (varargs=0) at line 3603
[1;36mdebug: [0mc_header: w_name=__nextupl
[1;36mdebug: [0mc_header: parsed function __nextupl with 1 params (varargs=0) at line 3603
[1;36mdebug: [0mc_header: w_name=remainderl
[1;36mdebug: [0mc_header: parsed function remainderl with 2 params (varargs=0) at line 3607
[1;36mdebug: [0mc_header: w_name=__remainderl
[1;36mdebug: [0mc_header: parsed function __remainderl with 2 params (varargs=0) at line 3607
[1;36mdebug: [0mc_header: w_name=scalbnl
[1;36mdebug: [0mc_header: parsed function scalbnl with 2 params (varargs=0) at line 3611
[1;36mdebug: [0mc_header: w_name=__scalbnl
[1;36mdebug: [0mc_header: parsed function __scalbnl with 2 params (varargs=0) at line 3611
[1;36mdebug: [0mc_header: w_name=ilogbl
[1;36mdebug: [0mc_header: parsed function ilogbl with 1 params (varargs=0) at line 3615
[1;36mdebug: [0mc_header: w_name=__ilogbl
[1;36mdebug: [0mc_header: parsed function __ilogbl with 1 params (varargs=0) at line 3615
[1;36mdebug: [0mc_header: w_name=llogbl
[1;36mdebug: [0mc_header: parsed function llogbl with 1 params (varargs=0) at line 3620
[1;36mdebug: [0mc_header: w_name=__llogbl
[1;36mdebug: [0mc_header: parsed function __llogbl with 1 params (varargs=0) at line 3620
[1;36mdebug: [0mc_header: w_name=scalblnl
[1;36mdebug: [0mc_header: parsed function scalblnl with 2 params (varargs=0) at line 3625
[1;36mdebug: [0mc_header: w_name=__scalblnl
[1;36mdebug: [0mc_header: parsed function __scalblnl with 2 params (varargs=0) at line 3625
[1;36mdebug: [0mc_header: w_name=nearbyintl
[1;36mdebug: [0mc_header: parsed function nearbyintl with 1 params (varargs=0) at line 3629
[1;36mdebug: [0mc_header: w_name=__nearbyintl
[1;36mdebug: [0mc_header: parsed function __nearbyintl with 1 params (varargs=0) at line 3629
[1;36mdebug: [0mc_header: w_name=roundl
[1;36mdebug: [0mc_header: parsed function roundl with 1 params (varargs=0) at line 3633
[1;36mdebug: [0mc_header: w_name=truncl
[1;36mdebug: [0mc_header: parsed function truncl with 1 params (varargs=0) at line 3637
[1;36mdebug: [0mc_header: w_name=remquol
[1;36mdebug: [0mc_header: parsed function remquol with 3 params (varargs=0) at line 3642
[1;36mdebug: [0mc_header: w_name=__remquol
[1;36mdebug: [0mc_header: parsed function __remquol with 3 params (varargs=0) at line 3642
[1;36mdebug: [0mc_header: w_name=lrintl
[1;36mdebug: [0mc_header: parsed function lrintl with 1 params (varargs=0) at line 3649
[1;36mdebug: [0mc_header: w_name=__lrintl
[1;36mdebug: [0mc_header: parsed function __lrintl with 1 params (varargs=0) at line 3649
[1;36mdebug: [0mc_header: w_name=llrintl
[1;36mdebug: [0mc_header: parsed function llrintl with 1 params (varargs=0) at line 3651
[1;36mdebug: [0mc_header: w_name=__llrintl
[1;36mdebug: [0mc_header: parsed function __llrintl with 1 params (varargs=0) at line 3651
[1;36mdebug: [0mc_header: w_name=lroundl
[1;36mdebug: [0mc_header: parsed function lroundl with 1 params (varargs=0) at line 3655
[1;36mdebug: [0mc_header: w_name=__lroundl
[1;36mdebug: [0mc_header: parsed function __lroundl with 1 params (varargs=0) at line 3655
[1;36mdebug: [0mc_header: w_name=llroundl
[1;36mdebug: [0mc_header: parsed function llroundl with 1 params (varargs=0) at line 3657
[1;36mdebug: [0mc_header: w_name=__llroundl
[1;36mdebug: [0mc_header: parsed function __llroundl with 1 params (varargs=0) at line 3657
[1;36mdebug: [0mc_header: w_name=fdiml
[1;36mdebug: [0mc_header: parsed function fdiml with 2 params (varargs=0) at line 3661
[1;36mdebug: [0mc_header: w_name=__fdiml
[1;36mdebug: [0mc_header: parsed function __fdiml with 2 params (varargs=0) at line 3661
[1;36mdebug: [0mc_header: w_name=fmaxl
[1;36mdebug: [0mc_header: parsed function fmaxl with 2 params (varargs=0) at line 3665
[1;36mdebug: [0mc_header: w_name=fminl
[1;36mdebug: [0mc_header: parsed function fminl with 2 params (varargs=0) at line 3668
[1;36mdebug: [0mc_header: w_name=fmal
[1;36mdebug: [0mc_header: parsed function fmal with 3 params (varargs=0) at line 3672
[1;36mdebug: [0mc_header: w_name=__fmal
[1;36mdebug: [0mc_header: parsed function __fmal with 3 params (varargs=0) at line 3672
[1;36mdebug: [0mc_header: w_name=roundevenl
[1;36mdebug: [0mc_header: parsed function roundevenl with 1 params (varargs=0) at line 3677
[1;36mdebug: [0mc_header: w_name=fromfpl
[1;36mdebug: [0mc_header: parsed function fromfpl with 3 params (varargs=0) at line 3681
[1;36mdebug: [0mc_header: w_name=__fromfpl
[1;36mdebug: [0mc_header: parsed function __fromfpl with 3 params (varargs=0) at line 3681
[1;36mdebug: [0mc_header: w_name=ufromfpl
[1;36mdebug: [0mc_header: parsed function ufromfpl with 3 params (varargs=0) at line 3685
[1;36mdebug: [0mc_header: w_name=__ufromfpl
[1;36mdebug: [0mc_header: parsed function __ufromfpl with 3 params (varargs=0) at line 3685
[1;36mdebug: [0mc_header: w_name=fromfpxl
[1;36mdebug: [0mc_header: parsed function fromfpxl with 3 params (varargs=0) at line 3690
[1;36mdebug: [0mc_header: w_name=__fromfpxl
[1;36mdebug: [0mc_header: parsed function __fromfpxl with 3 params (varargs=0) at line 3690
[1;36mdebug: [0mc_header: w_name=ufromfpxl
[1;36mdebug: [0mc_header: parsed function ufromfpxl with 3 params (varargs=0) at line 3695
[1;36mdebug: [0mc_header: w_name=__ufromfpxl
[1;36mdebug: [0mc_header: parsed function __ufromfpxl with 3 params (varargs=0) at line 3695
[1;36mdebug: [0mc_header: w_name=canonicalizel
[1;36mdebug: [0mc_header: parsed function canonicalizel with 2 params (varargs=0) at line 3698
[1;36mdebug: [0mc_header: w_name=fmaximuml
[1;36mdebug: [0mc_header: parsed function fmaximuml with 2 params (varargs=0) at line 3700
[1;36mdebug: [0mc_header: w_name=fminimuml
[1;36mdebug: [0mc_header: parsed function fminimuml with 2 params (varargs=0) at line 3703
[1;36mdebug: [0mc_header: w_name=fmaximum_numl
[1;36mdebug: [0mc_header: parsed function fmaximum_numl with 2 params (varargs=0) at line 3706
[1;36mdebug: [0mc_header: w_name=fminimum_numl
[1;36mdebug: [0mc_header: parsed function fminimum_numl with 2 params (varargs=0) at line 3709
[1;36mdebug: [0mc_header: w_name=fmaximum_magl
[1;36mdebug: [0mc_header: parsed function fmaximum_magl with 2 params (varargs=0) at line 3712
[1;36mdebug: [0mc_header: w_name=fminimum_magl
[1;36mdebug: [0mc_header: parsed function fminimum_magl with 2 params (varargs=0) at line 3715
[1;36mdebug: [0mc_header: w_name=fmaximum_mag_numl
[1;36mdebug: [0mc_header: parsed function fmaximum_mag_numl with 2 params (varargs=0) at line 3718
[1;36mdebug: [0mc_header: w_name=fminimum_mag_numl
[1;36mdebug: [0mc_header: parsed function fminimum_mag_numl with 2 params (varargs=0) at line 3721
[1;36mdebug: [0mc_header: w_name=scalbl
[1;36mdebug: [0mc_header: parsed function scalbl with 2 params (varargs=0) at line 3723
[1;36mdebug: [0mc_header: w_name=__scalbl
[1;36mdebug: [0mc_header: parsed function __scalbl with 2 params (varargs=0) at line 3723
[1;36mdebug: [0mc_header: w_name=__fpclassifyf128
[1;36mdebug: [0mc_header: parsed function __fpclassifyf128 with 1 params (varargs=0) at line 3728
[1;36mdebug: [0mc_header: w_name=__signbitf128
[1;36mdebug: [0mc_header: parsed function __signbitf128 with 1 params (varargs=0) at line 3732
[1;36mdebug: [0mc_header: w_name=__isinff128
[1;36mdebug: [0mc_header: parsed function __isinff128 with 1 params (varargs=0) at line 3737
[1;36mdebug: [0mc_header: w_name=__finitef128
[1;36mdebug: [0mc_header: parsed function __finitef128 with 1 params (varargs=0) at line 3741
[1;36mdebug: [0mc_header: w_name=__isnanf128
[1;36mdebug: [0mc_header: parsed function __isnanf128 with 1 params (varargs=0) at line 3745
[1;36mdebug: [0mc_header: w_name=__iseqsigf128
[1;36mdebug: [0mc_header: parsed function __iseqsigf128 with 2 params (varargs=0) at line 3749
[1;36mdebug: [0mc_header: w_name=__issignalingf128
[1;36mdebug: [0mc_header: parsed function __issignalingf128 with 1 params (varargs=0) at line 3752
[1;36mdebug: [0mc_header: w_name=fadd
[1;36mdebug: [0mc_header: parsed function fadd with 2 params (varargs=0) at line 3758
[1;36mdebug: [0mc_header: w_name=fdiv
[1;36mdebug: [0mc_header: parsed function fdiv with 2 params (varargs=0) at line 3761
[1;36mdebug: [0mc_header: w_name=ffma
[1;36mdebug: [0mc_header: parsed function ffma with 3 params (varargs=0) at line 3764
[1;36mdebug: [0mc_header: w_name=fmul
[1;36mdebug: [0mc_header: parsed function fmul with 2 params (varargs=0) at line 3767
[1;36mdebug: [0mc_header: w_name=fsqrt
[1;36mdebug: [0mc_header: parsed function fsqrt with 1 params (varargs=0) at line 3770
[1;36mdebug: [0mc_header: w_name=fsub
[1;36mdebug: [0mc_header: parsed function fsub with 2 params (varargs=0) at line 3773
[1;36mdebug: [0mc_header: w_name=faddl
[1;36mdebug: [0mc_header: parsed function faddl with 2 params (varargs=0) at line 3778
[1;36mdebug: [0mc_header: w_name=fdivl
[1;36mdebug: [0mc_header: parsed function fdivl with 2 params (varargs=0) at line 3781
[1;36mdebug: [0mc_header: w_name=ffmal
[1;36mdebug: [0mc_header: parsed function ffmal with 3 params (varargs=0) at line 3784
[1;36mdebug: [0mc_header: w_name=fmull
[1;36mdebug: [0mc_header: parsed function fmull with 2 params (varargs=0) at line 3787
[1;36mdebug: [0mc_header: w_name=fsqrtl
[1;36mdebug: [0mc_header: parsed function fsqrtl with 1 params (varargs=0) at line 3790
[1;36mdebug: [0mc_header: w_name=fsubl
[1;36mdebug: [0mc_header: parsed function fsubl with 2 params (varargs=0) at line 3793
[1;36mdebug: [0mc_header: w_name=daddl
[1;36mdebug: [0mc_header: parsed function daddl with 2 params (varargs=0) at line 3798
[1;36mdebug: [0mc_header: w_name=ddivl
[1;36mdebug: [0mc_header: parsed function ddivl with 2 params (varargs=0) at line 3801
[1;36mdebug: [0mc_header: w_name=dfmal
[1;36mdebug: [0mc_header: parsed function dfmal with 3 params (varargs=0) at line 3804
[1;36mdebug: [0mc_header: w_name=dmull
[1;36mdebug: [0mc_header: parsed function dmull with 2 params (varargs=0) at line 3807
[1;36mdebug: [0mc_header: w_name=dsqrtl
[1;36mdebug: [0mc_header: parsed function dsqrtl with 1 params (varargs=0) at line 3810
[1;36mdebug: [0mc_header: w_name=dsubl
[1;36mdebug: [0mc_header: parsed function dsubl with 2 params (varargs=0) at line 3813
[1;36mdebug: [0mc_header: LOOP START token=1
[1;36mdebug: [0mc_header: LOOP START token=1
[1;36mdebug: [0mc_header: LOOP START token=1
[1;36mdebug: [0mc_header: LOOP START token=1
[1;36mdebug: [0mc_header: LOOP START token=1
[1;36mdebug: [0mc_header: w_name=__iscanonicall
[1;36mdebug: [0mc_header: parsed function __iscanonicall with 1 params (varargs=0) at line 3840
[1;36mdebug: [0mc_header: LOOP START token=73
[1;36mdebug: [0mc_header: LOOP START token=73
[1;36mdebug: [0mc_header: LOOP START token=73
[1;36mdebug: [0mc_header: LOOP START token=73
[1;36mdebug: [0mc_header: w_name=imaxabs
[1;36mdebug: [0mc_header: parsed function imaxabs with 1 params (varargs=0) at line 3874
[1;36mdebug: [0mc_header: w_name=imaxdiv
[1;36mdebug: [0mc_header: parsed function imaxdiv with 2 params (varargs=0) at line 3883
[1;36mdebug: [0mc_header: w_name=strtoimax
[1;36mdebug: [0mc_header: parsed function strtoimax with 3 params (varargs=0) at line 3887
[1;36mdebug: [0mc_header: w_name=strtoumax
[1;36mdebug: [0mc_header: parsed function strtoumax with 3 params (varargs=0) at line 3891
[1;36mdebug: [0mc_header: w_name=wcstoimax
[1;36mdebug: [0mc_header: parsed function wcstoimax with 3 params (varargs=0) at line 3896
[1;36mdebug: [0mc_header: w_name=wcstoumax
[1;36mdebug: [0mc_header: parsed function wcstoumax with 3 params (varargs=0) at line 3901
[1;36mdebug: [0mc_header: w_name=strtoimax
[1;36mdebug: [0mc_header: parsed function strtoimax with 3 params (varargs=0) at line 3907
[1;36mdebug: [0mc_header: w_name=strtoumax
[1;36mdebug: [0mc_header: parsed function strtoumax with 3 params (varargs=0) at line 3910
[1;36mdebug: [0mc_header: w_name=wcstoimax
[1;36mdebug: [0mc_header: parsed function wcstoimax with 3 params (varargs=0) at line 3913
[1;36mdebug: [0mc_header: w_name=wcstoumax
[1;36mdebug: [0mc_header: parsed function wcstoumax with 3 params (varargs=0) at line 3917
[1;36mdebug: [0mc_header: LOOP START token=59 line=3935 text='const'
[1;36mdebug: [0mc_header: LOOP START token=59 line=3937 text='const'
[1;36mdebug: [0mc_header: LOOP START token=59 line=3939 text='const'
[1;36mdebug: [0mc_header: LOOP START token=59 line=3944 text='const'
[1;36mdebug: [0mc_header: LOOP START token=72 line=3946 text='int'
[1;36mdebug: [0mc_header: LOOP START token=72 line=3948 text='int'
[1;36mdebug: [0mc_header: LOOP START token=59 line=3950 text='const'
[1;36mdebug: [0mc_header: LOOP START token=72 line=3952 text='int'
[1;36mdebug: [0mc_header: LOOP START token=59 line=3954 text='const'
[1;36mdebug: [0mc_header: LOOP START token=81 line=3959 text='struct'
[1;36mdebug: [0mc_header: LOOP START token=81 line=3961 text='struct'
[1;36mdebug: [0mc_header: w_name=wl_list_init
[1;36mdebug: [0mc_header: parsed function wl_list_init with 1 params (varargs=0) at line 3965
[1;36mdebug: [0mc_header: w_name=wl_list_insert
[1;36mdebug: [0mc_header: parsed function wl_list_insert with 2 params (varargs=0) at line 3968
[1;36mdebug: [0mc_header: w_name=wl_list_remove
[1;36mdebug: [0mc_header: parsed function wl_list_remove with 1 params (varargs=0) at line 3971
[1;36mdebug: [0mc_header: w_name=wl_list_length
[1;36mdebug: [0mc_header: parsed function wl_list_length with 1 params (varargs=0) at line 3974
[1;36mdebug: [0mc_header: w_name=wl_list_empty
[1;36mdebug: [0mc_header: parsed function wl_list_empty with 1 params (varargs=0) at line 3977
[1;36mdebug: [0mc_header: w_name=wl_list_insert_list
[1;36mdebug: [0mc_header: parsed function wl_list_insert_list with 2 params (varargs=0) at line 3980
[1;36mdebug: [0mc_header: LOOP START token=1 line=3984 text='size_t'
[1;36mdebug: [0mc_header: LOOP START token=1 line=3986 text='size_t'
[1;36mdebug: [0mc_header: LOOP START token=86 line=3988 text='void'
[1;36mdebug: [0mc_header: w_name=wl_array_init
[1;36mdebug: [0mc_header: parsed function wl_array_init with 1 params (varargs=0) at line 3992
[1;36mdebug: [0mc_header: w_name=wl_array_release
[1;36mdebug: [0mc_header: parsed function wl_array_release with 1 params (varargs=0) at line 3995
[1;36mdebug: [0mc_header: w_name=wl_array_add
[1;36mdebug: [0mc_header: parsed function wl_array_add with 2 params (varargs=0) at line 3998
[1;36mdebug: [0mc_header: w_name=wl_array_copy
[1;36mdebug: [0mc_header: parsed function wl_array_copy with 2 params (varargs=0) at line 4001
[1;36mdebug: [0mc_header: w_name=wl_fixed_to_double
[1;36mdebug: [0mc_header: parsed function wl_fixed_to_double with 1 params (varargs=0) at line 4007
[1;36mdebug: [0mc_header: w_name=wl_fixed_from_double
[1;36mdebug: [0mc_header: parsed function wl_fixed_from_double with 1 params (varargs=0) at line 4013
[1;36mdebug: [0mc_header: w_name=wl_fixed_to_int
[1;36mdebug: [0mc_header: parsed function wl_fixed_to_int with 1 params (varargs=0) at line 4019
[1;36mdebug: [0mc_header: w_name=wl_fixed_from_int
[1;36mdebug: [0mc_header: parsed function wl_fixed_from_int with 1 params (varargs=0) at line 4025
[1;36mdebug: [0mc_header: LOOP START token=1 line=4030 text='int32_t'
[1;36mdebug: [0mc_header: LOOP START token=1 line=4031 text='uint32_t'
[1;36mdebug: [0mc_header: LOOP START token=1 line=4032 text='wl_fixed_t'
[1;36mdebug: [0mc_header: LOOP START token=59 line=4033 text='const'
[1;36mdebug: [0mc_header: LOOP START token=81 line=4034 text='struct'
[1;36mdebug: [0mc_header: LOOP START token=1 line=4035 text='uint32_t'
[1;36mdebug: [0mc_header: LOOP START token=81 line=4036 text='struct'
[1;36mdebug: [0mc_header: LOOP START token=1 line=4037 text='int32_t'
[1;36mdebug: [0mc_header: LOOP START token=1
[1;36mdebug: [0mc_header: LOOP START token=1
[1;36mdebug: [0mc_header: LOOP START token=1
[1;36mdebug: [0mc_header: LOOP START token=1
[1;36mdebug: [0mc_header: LOOP START token=1
[1;36mdebug: [0mc_header: LOOP START token=1
[1;36mdebug: [0mc_header: w_name=wl_event_loop_create
[1;36mdebug: [0mc_header: parsed function wl_event_loop_create with 0 params (varargs=0) at line 4082
[1;36mdebug: [0mc_header: w_name=wl_event_loop_destroy
[1;36mdebug: [0mc_header: parsed function wl_event_loop_destroy with 1 params (varargs=0) at line 4085
[1;36mdebug: [0mc_header: w_name=wl_event_loop_add_fd
[1;36mdebug: [0mc_header: parsed function wl_event_loop_add_fd with 5 params (varargs=0) at line 4091
[1;36mdebug: [0mc_header: w_name=wl_event_source_fd_update
[1;36mdebug: [0mc_header: parsed function wl_event_source_fd_update with 2 params (varargs=0) at line 4094
[1;36mdebug: [0mc_header: w_name=wl_event_loop_add_timer
[1;36mdebug: [0mc_header: parsed function wl_event_loop_add_timer with 3 params (varargs=0) at line 4099
[1;36mdebug: [0mc_header: w_name=wl_event_loop_add_signal
[1;36mdebug: [0mc_header: parsed function wl_event_loop_add_signal with 4 params (varargs=0) at line 4105
[1;36mdebug: [0mc_header: w_name=wl_event_source_timer_update
[1;36mdebug: [0mc_header: parsed function wl_event_source_timer_update with 2 params (varargs=0) at line 4109
[1;36mdebug: [0mc_header: w_name=wl_event_source_remove
[1;36mdebug: [0mc_header: parsed function wl_event_source_remove with 1 params (varargs=0) at line 4112
[1;36mdebug: [0mc_header: w_name=wl_event_source_check
[1;36mdebug: [0mc_header: parsed function wl_event_source_check with 1 params (varargs=0) at line 4115
[1;36mdebug: [0mc_header: w_name=wl_event_loop_dispatch
[1;36mdebug: [0mc_header: parsed function wl_event_loop_dispatch with 2 params (varargs=0) at line 4118
[1;36mdebug: [0mc_header: w_name=wl_event_loop_dispatch_idle
[1;36mdebug: [0mc_header: parsed function wl_event_loop_dispatch_idle with 1 params (varargs=0) at line 4121
[1;36mdebug: [0mc_header: w_name=wl_event_loop_add_idle
[1;36mdebug: [0mc_header: parsed function wl_event_loop_add_idle with 3 params (varargs=0) at line 4126
[1;36mdebug: [0mc_header: w_name=wl_event_loop_get_fd
[1;36mdebug: [0mc_header: parsed function wl_event_loop_get_fd with 1 params (varargs=0) at line 4129
[1;36mdebug: [0mc_header: w_name=wl_event_loop_add_destroy_listener
[1;36mdebug: [0mc_header: parsed function wl_event_loop_add_destroy_listener with 2 params (varargs=0) at line 4137
[1;36mdebug: [0mc_header: w_name=wl_event_loop_get_destroy_listener
[1;36mdebug: [0mc_header: parsed function wl_event_loop_get_destroy_listener with 2 params (varargs=0) at line 4141
[1;36mdebug: [0mc_header: w_name=wl_display_create
[1;36mdebug: [0mc_header: parsed function wl_display_create with 0 params (varargs=0) at line 4144
[1;36mdebug: [0mc_header: w_name=wl_display_destroy
[1;36mdebug: [0mc_header: parsed function wl_display_destroy with 1 params (varargs=0) at line 4147
[1;36mdebug: [0mc_header: w_name=wl_display_get_event_loop
[1;36mdebug: [0mc_header: parsed function wl_display_get_event_loop with 1 params (varargs=0) at line 4150
[1;36mdebug: [0mc_header: w_name=wl_display_add_socket
[1;36mdebug: [0mc_header: parsed function wl_display_add_socket with 2 params (varargs=0) at line 4153
[1;36mdebug: [0mc_header: w_name=wl_display_add_socket_auto
[1;36mdebug: [0mc_header: parsed function wl_display_add_socket_auto with 1 params (varargs=0) at line 4156
[1;36mdebug: [0mc_header: w_name=wl_display_add_socket_fd
[1;36mdebug: [0mc_header: parsed function wl_display_add_socket_fd with 2 params (varargs=0) at line 4159
[1;36mdebug: [0mc_header: w_name=wl_display_remove_socket_fd
[1;36mdebug: [0mc_header: parsed function wl_display_remove_socket_fd with 2 params (varargs=0) at line 4162
[1;36mdebug: [0mc_header: w_name=wl_display_terminate
[1;36mdebug: [0mc_header: parsed function wl_display_terminate with 1 params (varargs=0) at line 4165
[1;36mdebug: [0mc_header: w_name=wl_display_run
[1;36mdebug: [0mc_header: parsed function wl_display_run with 1 params (varargs=0) at line 4168
[1;36mdebug: [0mc_header: w_name=wl_display_flush_clients
[1;36mdebug: [0mc_header: parsed function wl_display_flush_clients with 1 params (varargs=0) at line 4171
[1;36mdebug: [0mc_header: w_name=wl_display_destroy_clients
[1;36mdebug: [0mc_header: parsed function wl_display_destroy_clients with 1 params (varargs=0) at line 4174
[1;36mdebug: [0mc_header: w_name=wl_display_set_default_max_buffer_size
[1;36mdebug: [0mc_header: parsed function wl_display_set_default_max_buffer_size with 2 params (varargs=0) at line 4178
[1;36mdebug: [0mc_header: w_name=wl_display_get_serial
[1;36mdebug: [0mc_header: parsed function wl_display_get_serial with 1 params (varargs=0) at line 4189
[1;36mdebug: [0mc_header: w_name=wl_display_next_serial
[1;36mdebug: [0mc_header: parsed function wl_display_next_serial with 1 params (varargs=0) at line 4192
[1;36mdebug: [0mc_header: w_name=wl_display_add_destroy_listener
[1;36mdebug: [0mc_header: parsed function wl_display_add_destroy_listener with 2 params (varargs=0) at line 4196
[1;36mdebug: [0mc_header: w_name=wl_display_add_client_created_listener
[1;36mdebug: [0mc_header: parsed function wl_display_add_client_created_listener with 2 params (varargs=0) at line 4200
[1;36mdebug: [0mc_header: w_name=wl_display_get_destroy_listener
[1;36mdebug: [0mc_header: parsed function wl_display_get_destroy_listener with 2 params (varargs=0) at line 4204
[1;36mdebug: [0mc_header: w_name=wl_global_create
[1;36mdebug: [0mc_header: parsed function wl_global_create with 5 params (varargs=0) at line 4210
[1;36mdebug: [0mc_header: w_name=wl_global_remove
[1;36mdebug: [0mc_header: parsed function wl_global_remove with 1 params (varargs=0) at line 4213
[1;36mdebug: [0mc_header: w_name=wl_global_set_withdrawn_listener
[1;36mdebug: [0mc_header: parsed function wl_global_set_withdrawn_listener with 2 params (varargs=0) at line 4217
[1;36mdebug: [0mc_header: w_name=wl_global_destroy
[1;36mdebug: [0mc_header: parsed function wl_global_destroy with 1 params (varargs=0) at line 4220
[1;36mdebug: [0mc_header: w_name=wl_display_set_global_filter
[1;36mdebug: [0mc_header: parsed function wl_display_set_global_filter with 3 params (varargs=0) at line 4229
[1;36mdebug: [0mc_header: w_name=wl_global_get_interface
[1;36mdebug: [0mc_header: parsed function wl_global_get_interface with 1 params (varargs=0) at line 4232
[1;36mdebug: [0mc_header: w_name=wl_global_get_name
[1;36mdebug: [0mc_header: parsed function wl_global_get_name with 2 params (varargs=0) at line 4236
[1;36mdebug: [0mc_header: w_name=wl_global_get_version
[1;36mdebug: [0mc_header: parsed function wl_global_get_version with 1 params (varargs=0) at line 4239
[1;36mdebug: [0mc_header: w_name=wl_global_get_display
[1;36mdebug: [0mc_header: parsed function wl_global_get_display with 1 params (varargs=0) at line 4242
[1;36mdebug: [0mc_header: w_name=wl_global_get_user_data
[1;36mdebug: [0mc_header: parsed function wl_global_get_user_data with 1 params (varargs=0) at line 4245
[1;36mdebug: [0mc_header: w_name=wl_global_set_user_data
[1;36mdebug: [0mc_header: parsed function wl_global_set_user_data with 2 params (varargs=0) at line 4248
[1;36mdebug: [0mc_header: w_name=wl_client_create
[1;36mdebug: [0mc_header: parsed function wl_client_create with 2 params (varargs=0) at line 4251
[1;36mdebug: [0mc_header: w_name=wl_display_get_client_list
[1;36mdebug: [0mc_header: parsed function wl_display_get_client_list with 1 params (varargs=0) at line 4254
[1;36mdebug: [0mc_header: w_name=wl_client_get_link
[1;36mdebug: [0mc_header: parsed function wl_client_get_link with 1 params (varargs=0) at line 4257
[1;36mdebug: [0mc_header: w_name=wl_client_from_link
[1;36mdebug: [0mc_header: parsed function wl_client_from_link with 1 params (varargs=0) at line 4260
[1;36mdebug: [0mc_header: w_name=wl_client_destroy
[1;36mdebug: [0mc_header: parsed function wl_client_destroy with 1 params (varargs=0) at line 4269
[1;36mdebug: [0mc_header: w_name=wl_client_flush
[1;36mdebug: [0mc_header: parsed function wl_client_flush with 1 params (varargs=0) at line 4272
[1;36mdebug: [0mc_header: w_name=wl_client_get_credentials
[1;36mdebug: [0mc_header: parsed function wl_client_get_credentials with 4 params (varargs=0) at line 4276
[1;36mdebug: [0mc_header: w_name=wl_client_get_fd
[1;36mdebug: [0mc_header: parsed function wl_client_get_fd with 1 params (varargs=0) at line 4279
[1;36mdebug: [0mc_header: w_name=wl_client_add_destroy_listener
[1;36mdebug: [0mc_header: parsed function wl_client_add_destroy_listener with 2 params (varargs=0) at line 4283
[1;36mdebug: [0mc_header: w_name=wl_client_get_destroy_listener
[1;36mdebug: [0mc_header: parsed function wl_client_get_destroy_listener with 2 params (varargs=0) at line 4287
[1;36mdebug: [0mc_header: w_name=wl_client_add_destroy_late_listener
[1;36mdebug: [0mc_header: parsed function wl_client_add_destroy_late_listener with 2 params (varargs=0) at line 4291
[1;36mdebug: [0mc_header: w_name=wl_client_get_destroy_late_listener
[1;36mdebug: [0mc_header: parsed function wl_client_get_destroy_late_listener with 2 params (varargs=0) at line 4295
[1;36mdebug: [0mc_header: w_name=wl_client_get_object
[1;36mdebug: [0mc_header: parsed function wl_client_get_object with 2 params (varargs=0) at line 4298
[1;36mdebug: [0mc_header: w_name=wl_client_post_no_memory
[1;36mdebug: [0mc_header: parsed function wl_client_post_no_memory with 1 params (varargs=0) at line 4301
[1;36mdebug: [0mc_header: w_name=wl_client_post_implementation_error
[1;36mdebug: [0mc_header: parsed function wl_client_post_implementation_error with 2 params (varargs=1) at line 4305
[1;36mdebug: [0mc_header: w_name=wl_client_add_resource_created_listener
[1;36mdebug: [0mc_header: parsed function wl_client_add_resource_created_listener with 2 params (varargs=0) at line 4309
[1;36mdebug: [0mc_header: w_name=wl_client_for_each_resource
[1;36mdebug: [0mc_header: parsed function wl_client_for_each_resource with 3 params (varargs=0) at line 4319
[1;36mdebug: [0mc_header: w_name=wl_client_set_user_data
[1;36mdebug: [0mc_header: parsed function wl_client_set_user_data with 3 params (varargs=0) at line 4326
[1;36mdebug: [0mc_header: w_name=wl_client_get_user_data
[1;36mdebug: [0mc_header: parsed function wl_client_get_user_data with 1 params (varargs=0) at line 4329
[1;36mdebug: [0mc_header: w_name=wl_client_set_max_buffer_size
[1;36mdebug: [0mc_header: parsed function wl_client_set_max_buffer_size with 2 params (varargs=0) at line 4332
[1;36mdebug: [0mc_header: LOOP START token=81 line=4336 text='struct'
[1;36mdebug: [0mc_header: LOOP START token=1 line=4339 text='wl_notify_func_t'
[1;36mdebug: [0mc_header: LOOP START token=81 line=4343 text='struct'
[1;36mdebug: [0mc_header: w_name=wl_signal_init
[1;36mdebug: [0mc_header: parsed function wl_signal_init with 1 params (varargs=0) at line 4354
[1;36mdebug: [0mc_header: w_name=wl_signal_add
[1;36mdebug: [0mc_header: parsed function wl_signal_add with 2 params (varargs=0) at line 4360
[1;36mdebug: [0mc_header: w_name=wl_signal_get
[1;36mdebug: [0mc_header: parsed function wl_signal_get with 2 params (varargs=0) at line 4366
[1;36mdebug: [0mc_header: w_name=wl_signal_emit
[1;36mdebug: [0mc_header: parsed function wl_signal_emit with 2 params (varargs=0) at line 4378
[1;36mdebug: [0mc_header: w_name=wl_signal_emit_mutable
[1;36mdebug: [0mc_header: parsed function wl_signal_emit_mutable with 2 params (varargs=0) at line 4386
[1;36mdebug: [0mc_header: w_name=wl_resource_post_event
[1;36mdebug: [0mc_header: parsed function wl_resource_post_event with 2 params (varargs=1) at line 4392
[1;36mdebug: [0mc_header: w_name=wl_resource_post_event_array
[1;36mdebug: [0mc_header: parsed function wl_resource_post_event_array with 3 params (varargs=0) at line 4396
[1;36mdebug: [0mc_header: w_name=wl_resource_queue_event
[1;36mdebug: [0mc_header: parsed function wl_resource_queue_event with 2 params (varargs=1) at line 4400
[1;36mdebug: [0mc_header: w_name=wl_resource_queue_event_array
[1;36mdebug: [0mc_header: parsed function wl_resource_queue_event_array with 3 params (varargs=0) at line 4404
[1;36mdebug: [0mc_header: w_name=wl_resource_post_error_vargs
[1;36mdebug: [0mc_header: parsed function wl_resource_post_error_vargs with 4 params (varargs=0) at line 4408
[1;36mdebug: [0mc_header: w_name=wl_resource_post_error
[1;36mdebug: [0mc_header: parsed function wl_resource_post_error with 3 params (varargs=1) at line 4412
[1;36mdebug: [0mc_header: w_name=wl_resource_post_no_memory
[1;36mdebug: [0mc_header: parsed function wl_resource_post_no_memory with 1 params (varargs=0) at line 4415
[1;36mdebug: [0mc_header: w_name=wl_client_get_display
[1;36mdebug: [0mc_header: parsed function wl_client_get_display with 1 params (varargs=0) at line 4418
[1;36mdebug: [0mc_header: w_name=wl_resource_create
[1;36mdebug: [0mc_header: parsed function wl_resource_create with 4 params (varargs=0) at line 4423
[1;36mdebug: [0mc_header: w_name=wl_resource_set_implementation
[1;36mdebug: [0mc_header: parsed function wl_resource_set_implementation with 4 params (varargs=0) at line 4429
[1;36mdebug: [0mc_header: w_name=wl_resource_set_dispatcher
[1;36mdebug: [0mc_header: parsed function wl_resource_set_dispatcher with 5 params (varargs=0) at line 4436
[1;36mdebug: [0mc_header: w_name=wl_resource_destroy
[1;36mdebug: [0mc_header: parsed function wl_resource_destroy with 1 params (varargs=0) at line 4439
[1;36mdebug: [0mc_header: w_name=wl_resource_get_id
[1;36mdebug: [0mc_header: parsed function wl_resource_get_id with 1 params (varargs=0) at line 4442
[1;36mdebug: [0mc_header: w_name=wl_resource_get_link
[1;36mdebug: [0mc_header: parsed function wl_resource_get_link with 1 params (varargs=0) at line 4445
[1;36mdebug: [0mc_header: w_name=wl_resource_from_link
[1;36mdebug: [0mc_header: parsed function wl_resource_from_link with 1 params (varargs=0) at line 4448
[1;36mdebug: [0mc_header: w_name=wl_resource_find_for_client
[1;36mdebug: [0mc_header: parsed function wl_resource_find_for_client with 2 params (varargs=0) at line 4451
[1;36mdebug: [0mc_header: w_name=wl_resource_get_client
[1;36mdebug: [0mc_header: parsed function wl_resource_get_client with 1 params (varargs=0) at line 4454
[1;36mdebug: [0mc_header: w_name=wl_resource_set_user_data
[1;36mdebug: [0mc_header: parsed function wl_resource_set_user_data with 2 params (varargs=0) at line 4457
[1;36mdebug: [0mc_header: w_name=wl_resource_get_user_data
[1;36mdebug: [0mc_header: parsed function wl_resource_get_user_data with 1 params (varargs=0) at line 4460
[1;36mdebug: [0mc_header: w_name=wl_resource_get_version
[1;36mdebug: [0mc_header: parsed function wl_resource_get_version with 1 params (varargs=0) at line 4463
[1;36mdebug: [0mc_header: w_name=wl_resource_set_destructor
[1;36mdebug: [0mc_header: parsed function wl_resource_set_destructor with 2 params (varargs=0) at line 4467
[1;36mdebug: [0mc_header: w_name=wl_resource_instance_of
[1;36mdebug: [0mc_header: parsed function wl_resource_instance_of with 3 params (varargs=0) at line 4472
[1;36mdebug: [0mc_header: w_name=wl_resource_get_class
[1;36mdebug: [0mc_header: parsed function wl_resource_get_class with 1 params (varargs=0) at line 4475
[1;36mdebug: [0mc_header: w_name=wl_resource_get_interface
[1;36mdebug: [0mc_header: parsed function wl_resource_get_interface with 1 params (varargs=0) at line 4478
[1;36mdebug: [0mc_header: w_name=wl_resource_add_destroy_listener
[1;36mdebug: [0mc_header: parsed function wl_resource_add_destroy_listener with 2 params (varargs=0) at line 4482
[1;36mdebug: [0mc_header: w_name=wl_resource_get_destroy_listener
[1;36mdebug: [0mc_header: parsed function wl_resource_get_destroy_listener with 2 params (varargs=0) at line 4486
[1;36mdebug: [0mc_header: w_name=wl_shm_buffer_get
[1;36mdebug: [0mc_header: parsed function wl_shm_buffer_get with 1 params (varargs=0) at line 4489
[1;36mdebug: [0mc_header: w_name=wl_shm_buffer_begin_access
[1;36mdebug: [0mc_header: parsed function wl_shm_buffer_begin_access with 1 params (varargs=0) at line 4492
[1;36mdebug: [0mc_header: w_name=wl_shm_buffer_end_access
[1;36mdebug: [0mc_header: parsed function wl_shm_buffer_end_access with 1 params (varargs=0) at line 4495
[1;36mdebug: [0mc_header: w_name=wl_shm_buffer_get_data
[1;36mdebug: [0mc_header: parsed function wl_shm_buffer_get_data with 1 params (varargs=0) at line 4498
[1;36mdebug: [0mc_header: w_name=wl_shm_buffer_get_stride
[1;36mdebug: [0mc_header: parsed function wl_shm_buffer_get_stride with 1 params (varargs=0) at line 4501
[1;36mdebug: [0mc_header: w_name=wl_shm_buffer_get_format
[1;36mdebug: [0mc_header: parsed function wl_shm_buffer_get_format with 1 params (varargs=0) at line 4504
[1;36mdebug: [0mc_header: w_name=wl_shm_buffer_get_width
[1;36mdebug: [0mc_header: parsed function wl_shm_buffer_get_width with 1 params (varargs=0) at line 4507
[1;36mdebug: [0mc_header: w_name=wl_shm_buffer_get_height
[1;36mdebug: [0mc_header: parsed function wl_shm_buffer_get_height with 1 params (varargs=0) at line 4510
[1;36mdebug: [0mc_header: w_name=wl_shm_buffer_ref
[1;36mdebug: [0mc_header: parsed function wl_shm_buffer_ref with 1 params (varargs=0) at line 4513
[1;36mdebug: [0mc_header: w_name=wl_shm_buffer_unref
[1;36mdebug: [0mc_header: parsed function wl_shm_buffer_unref with 1 params (varargs=0) at line 4516
[1;36mdebug: [0mc_header: w_name=wl_shm_buffer_ref_pool
[1;36mdebug: [0mc_header: parsed function wl_shm_buffer_ref_pool with 1 params (varargs=0) at line 4519
[1;36mdebug: [0mc_header: w_name=wl_shm_pool_unref
[1;36mdebug: [0mc_header: parsed function wl_shm_pool_unref with 1 params (varargs=0) at line 4522
[1;36mdebug: [0mc_header: w_name=wl_display_init_shm
[1;36mdebug: [0mc_header: parsed function wl_display_init_shm with 1 params (varargs=0) at line 4525
[1;36mdebug: [0mc_header: w_name=wl_display_add_shm_format
[1;36mdebug: [0mc_header: parsed function wl_display_add_shm_format with 2 params (varargs=0) at line 4528
[1;36mdebug: [0mc_header: w_name=wl_log_set_handler_server
[1;36mdebug: [0mc_header: parsed function wl_log_set_handler_server with 1 params (varargs=0) at line 4537
[1;36mdebug: [0mc_header: LOOP START token=1
[1;36mdebug: [0mc_header: LOOP START token=1
[1;36mdebug: [0mc_header: LOOP START token=81 line=4545 text='struct'
[1;36mdebug: [0mc_header: LOOP START token=72 line=4546 text='int'
[1;36mdebug: [0mc_header: LOOP START token=59 line=4547 text='const'
[1;36mdebug: [0mc_header: LOOP START token=72 line=4548 text='int'
[1;36mdebug: [0mc_header: LOOP START token=59 line=4549 text='const'
[1;36mdebug: [0mc_header: w_name=wl_display_add_protocol_logger
[1;36mdebug: [0mc_header: parsed function wl_display_add_protocol_logger with 3 params (varargs=0) at line 4559
[1;36mdebug: [0mc_header: w_name=wl_protocol_logger_destroy
[1;36mdebug: [0mc_header: parsed function wl_protocol_logger_destroy with 1 params (varargs=0) at line 4562
[1;36mdebug: [0mc_header: w_name=wl_fixes_handle_ack_global_remove
[1;36mdebug: [0mc_header: parsed function wl_fixes_handle_ack_global_remove with 3 params (varargs=0) at line 4567
[1;36mdebug: [0mc_header: LOOP START token=59 line=4590 text='const'
[1;36mdebug: [0mc_header: LOOP START token=59 line=4591 text='const'
[1;36mdebug: [0mc_header: LOOP START token=1 line=4592 text='uint32_t'
[1;36mdebug: [0mc_header: LOOP START token=81 line=4596 text='struct'
[1;36mdebug: [0mc_header: LOOP START token=1 line=4597 text='wl_resource_destroy_func_t'
[1;36mdebug: [0mc_header: LOOP START token=81 line=4598 text='struct'
[1;36mdebug: [0mc_header: LOOP START token=81 line=4599 text='struct'
[1;36mdebug: [0mc_header: LOOP START token=81 line=4600 text='struct'
[1;36mdebug: [0mc_header: LOOP START token=86 line=4601 text='void'
[1;36mdebug: [0mc_header: LOOP START token=1
[1;36mdebug: [0mc_header: LOOP START token=1
[1;36mdebug: [0mc_header: LOOP START token=1
[1;36mdebug: [0mc_header: LOOP START token=1
[1;36mdebug: [0mc_header: w_name=wl_display_error_is_valid
[1;36mdebug: [0mc_header: parsed function wl_display_error_is_valid with 2 params (varargs=0) at line 4741
[1;36mdebug: [0mc_header: LOOP START token=86 line=4763 text='void'
[1;36mdebug: [0mc_header: LOOP START token=86 line=4767 text='void'
[1;36mdebug: [0mc_header: LOOP START token=86 line=4774 text='void'
[1;36mdebug: [0mc_header: w_name=wl_registry_send_global
[1;36mdebug: [0mc_header: parsed function wl_registry_send_global with 4 params (varargs=0) at line 4782
[1;36mdebug: [0mc_header: w_name=wl_registry_send_global_remove
[1;36mdebug: [0mc_header: parsed function wl_registry_send_global_remove with 2 params (varargs=0) at line 4794
[1;36mdebug: [0mc_header: w_name=wl_callback_send_done
[1;36mdebug: [0mc_header: parsed function wl_callback_send_done with 2 params (varargs=0) at line 4800
[1;36mdebug: [0mc_header: LOOP START token=86 line=4815 text='void'
[1;36mdebug: [0mc_header: LOOP START token=86 line=4824 text='void'
[1;36mdebug: [0mc_header: LOOP START token=86 line=4834 text='void'
[1;36mdebug: [0mc_header: LOOP START token=1
[1;36mdebug: [0mc_header: LOOP START token=1
[1;36mdebug: [0mc_header: w_name=wl_shm_pool_error_is_valid
[1;36mdebug: [0mc_header: parsed function wl_shm_pool_error_is_valid with 2 params (varargs=0) at line 4850
[1;36mdebug: [0mc_header: LOOP START token=86 line=4868 text='void'
[1;36mdebug: [0mc_header: LOOP START token=86 line=4877 text='void'
[1;36mdebug: [0mc_header: LOOP START token=86 line=4880 text='void'
[1;36mdebug: [0mc_header: LOOP START token=1
[1;36mdebug: [0mc_header: LOOP START token=1
[1;36mdebug: [0mc_header: LOOP START token=1
[1;36mdebug: [0mc_header: w_name=wl_shm_error_is_valid
[1;36mdebug: [0mc_header: parsed function wl_shm_error_is_valid with 2 params (varargs=0) at line 4902
[1;36mdebug: [0mc_header: LOOP START token=1
[1;36mdebug: [0mc_header: LOOP START token=1
[1;36mdebug: [0mc_header: LOOP START token=1
[1;36mdebug: [0mc_header: LOOP START token=1
[1;36mdebug: [0mc_header: LOOP START token=1
[1;36mdebug: [0mc_header: LOOP START token=1
[1;36mdebug: [0mc_header: LOOP START token=1
[1;36mdebug: [0mc_header: LOOP START token=1
[1;36mdebug: [0mc_header: LOOP START token=1
[1;36mdebug: [0mc_header: LOOP START token=1
[1;36mdebug: [0mc_header: LOOP START token=1
[1;36mdebug: [0mc_header: LOOP START token=1
[1;36mdebug: [0mc_header: LOOP START token=1
[1;36mdebug: [0mc_header: LOOP START token=1
[1;36mdebug: [0mc_header: LOOP START token=1
[1;36mdebug: [0mc_header: LOOP START token=1
[1;36mdebug: [0mc_header: LOOP START token=1
[1;36mdebug: [0mc_header: LOOP START token=1
[1;36mdebug: [0mc_header: LOOP START token=1
[1;36mdebug: [0mc_header: LOOP START token=1
[1;36mdebug: [0mc_header: LOOP START token=1
[1;36mdebug: [0mc_header: LOOP START token=1
[1;36mdebug: [0mc_header: LOOP START token=1
[1;36mdebug: [0mc_header: LOOP START token=1
[1;36mdebug: [0mc_header: LOOP START token=1
[1;36mdebug: [0mc_header: LOOP START token=1
[1;36mdebug: [0mc_header: LOOP START token=1
[1;36mdebug: [0mc_header: LOOP START token=1
[1;36mdebug: [0mc_header: LOOP START token=1
[1;36mdebug: [0mc_header: LOOP START token=1
[1;36mdebug: [0mc_header: LOOP START token=1
[1;36mdebug: [0mc_header: LOOP START token=1
[1;36mdebug: [0mc_header: LOOP START token=1
[1;36mdebug: [0mc_header: LOOP START token=1
[1;36mdebug: [0mc_header: LOOP START token=1
[1;36mdebug: [0mc_header: LOOP START token=1
[1;36mdebug: [0mc_header: LOOP START token=1
[1;36mdebug: [0mc_header: LOOP START token=1
[1;36mdebug: [0mc_header: LOOP START token=1
[1;36mdebug: [0mc_header: LOOP START token=1
[1;36mdebug: [0mc_header: LOOP START token=1
[1;36mdebug: [0mc_header: LOOP START token=1
[1;36mdebug: [0mc_header: LOOP START token=1
[1;36mdebug: [0mc_header: LOOP START token=1
[1;36mdebug: [0mc_header: LOOP START token=1
[1;36mdebug: [0mc_header: LOOP START token=1
[1;36mdebug: [0mc_header: LOOP START token=1
[1;36mdebug: [0mc_header: LOOP START token=1
[1;36mdebug: [0mc_header: LOOP START token=1
[1;36mdebug: [0mc_header: LOOP START token=1
[1;36mdebug: [0mc_header: LOOP START token=1
[1;36mdebug: [0mc_header: LOOP START token=1
[1;36mdebug: [0mc_header: LOOP START token=1
[1;36mdebug: [0mc_header: LOOP START token=1
[1;36mdebug: [0mc_header: LOOP START token=1
[1;36mdebug: [0mc_header: LOOP START token=1
[1;36mdebug: [0mc_header: LOOP START token=1
[1;36mdebug: [0mc_header: LOOP START token=1
[1;36mdebug: [0mc_header: LOOP START token=1
[1;36mdebug: [0mc_header: LOOP START token=1
[1;36mdebug: [0mc_header: LOOP START token=1
[1;36mdebug: [0mc_header: LOOP START token=1
[1;36mdebug: [0mc_header: LOOP START token=1
[1;36mdebug: [0mc_header: LOOP START token=1
[1;36mdebug: [0mc_header: LOOP START token=1
[1;36mdebug: [0mc_header: LOOP START token=1
[1;36mdebug: [0mc_header: LOOP START token=1
[1;36mdebug: [0mc_header: LOOP START token=1
[1;36mdebug: [0mc_header: LOOP START token=1
[1;36mdebug: [0mc_header: LOOP START token=1
[1;36mdebug: [0mc_header: LOOP START token=1
[1;36mdebug: [0mc_header: LOOP START token=1
[1;36mdebug: [0mc_header: LOOP START token=1
[1;36mdebug: [0mc_header: LOOP START token=1
[1;36mdebug: [0mc_header: LOOP START token=1
[1;36mdebug: [0mc_header: LOOP START token=1
[1;36mdebug: [0mc_header: LOOP START token=1
[1;36mdebug: [0mc_header: LOOP START token=1
[1;36mdebug: [0mc_header: LOOP START token=1
[1;36mdebug: [0mc_header: LOOP START token=1
[1;36mdebug: [0mc_header: LOOP START token=1
[1;36mdebug: [0mc_header: LOOP START token=1
[1;36mdebug: [0mc_header: LOOP START token=1
[1;36mdebug: [0mc_header: LOOP START token=1
[1;36mdebug: [0mc_header: LOOP START token=1
[1;36mdebug: [0mc_header: LOOP START token=1
[1;36mdebug: [0mc_header: LOOP START token=1
[1;36mdebug: [0mc_header: LOOP START token=1
[1;36mdebug: [0mc_header: LOOP START token=1
[1;36mdebug: [0mc_header: LOOP START token=1
[1;36mdebug: [0mc_header: LOOP START token=1
[1;36mdebug: [0mc_header: LOOP START token=1
[1;36mdebug: [0mc_header: LOOP START token=1
[1;36mdebug: [0mc_header: LOOP START token=1
[1;36mdebug: [0mc_header: LOOP START token=1
[1;36mdebug: [0mc_header: LOOP START token=1
[1;36mdebug: [0mc_header: LOOP START token=1
[1;36mdebug: [0mc_header: LOOP START token=1
[1;36mdebug: [0mc_header: LOOP START token=1
[1;36mdebug: [0mc_header: LOOP START token=1
[1;36mdebug: [0mc_header: LOOP START token=1
[1;36mdebug: [0mc_header: LOOP START token=1
[1;36mdebug: [0mc_header: LOOP START token=1
[1;36mdebug: [0mc_header: LOOP START token=1
[1;36mdebug: [0mc_header: LOOP START token=1
[1;36mdebug: [0mc_header: LOOP START token=1
[1;36mdebug: [0mc_header: LOOP START token=1
[1;36mdebug: [0mc_header: LOOP START token=1
[1;36mdebug: [0mc_header: LOOP START token=1
[1;36mdebug: [0mc_header: LOOP START token=1
[1;36mdebug: [0mc_header: LOOP START token=1
[1;36mdebug: [0mc_header: LOOP START token=1
[1;36mdebug: [0mc_header: LOOP START token=1
[1;36mdebug: [0mc_header: LOOP START token=1
[1;36mdebug: [0mc_header: LOOP START token=1
[1;36mdebug: [0mc_header: LOOP START token=1
[1;36mdebug: [0mc_header: LOOP START token=1
[1;36mdebug: [0mc_header: LOOP START token=1
[1;36mdebug: [0mc_header: LOOP START token=1
[1;36mdebug: [0mc_header: LOOP START token=1
[1;36mdebug: [0mc_header: LOOP START token=1
[1;36mdebug: [0mc_header: LOOP START token=1
[1;36mdebug: [0mc_header: LOOP START token=1
[1;36mdebug: [0mc_header: LOOP START token=1
[1;36mdebug: [0mc_header: LOOP START token=1
[1;36mdebug: [0mc_header: LOOP START token=1
[1;36mdebug: [0mc_header: LOOP START token=1
[1;36mdebug: [0mc_header: LOOP START token=1
[1;36mdebug: [0mc_header: LOOP START token=1
[1;36mdebug: [0mc_header: LOOP START token=1
[1;36mdebug: [0mc_header: LOOP START token=1
[1;36mdebug: [0mc_header: LOOP START token=1
[1;36mdebug: [0mc_header: LOOP START token=1
[1;36mdebug: [0mc_header: LOOP START token=1
[1;36mdebug: [0mc_header: LOOP START token=1
[1;36mdebug: [0mc_header: LOOP START token=1
[1;36mdebug: [0mc_header: LOOP START token=1
[1;36mdebug: [0mc_header: LOOP START token=1
[1;36mdebug: [0mc_header: LOOP START token=1
[1;36mdebug: [0mc_header: LOOP START token=1
[1;36mdebug: [0mc_header: LOOP START token=1
[1;36mdebug: [0mc_header: LOOP START token=1
[1;36mdebug: [0mc_header: LOOP START token=1
[1;36mdebug: [0mc_header: LOOP START token=1
[1;36mdebug: [0mc_header: LOOP START token=1
[1;36mdebug: [0mc_header: LOOP START token=1
[1;36mdebug: [0mc_header: LOOP START token=1
[1;36mdebug: [0mc_header: LOOP START token=1
[1;36mdebug: [0mc_header: w_name=wl_shm_format_is_valid
[1;36mdebug: [0mc_header: parsed function wl_shm_format_is_valid with 2 params (varargs=0) at line 5472
[1;36mdebug: [0mc_header: LOOP START token=86 line=5782 text='void'
[1;36mdebug: [0mc_header: LOOP START token=86 line=5788 text='void'
[1;36mdebug: [0mc_header: w_name=wl_shm_send_format
[1;36mdebug: [0mc_header: parsed function wl_shm_send_format with 2 params (varargs=0) at line 5794
[1;36mdebug: [0mc_header: LOOP START token=86 line=5804 text='void'
[1;36mdebug: [0mc_header: w_name=wl_buffer_send_release
[1;36mdebug: [0mc_header: parsed function wl_buffer_send_release with 1 params (varargs=0) at line 5810
[1;36mdebug: [0mc_header: LOOP START token=1
[1;36mdebug: [0mc_header: LOOP START token=1
[1;36mdebug: [0mc_header: LOOP START token=1
[1;36mdebug: [0mc_header: LOOP START token=1
[1;36mdebug: [0mc_header: w_name=wl_data_offer_error_is_valid
[1;36mdebug: [0mc_header: parsed function wl_data_offer_error_is_valid with 2 params (varargs=0) at line 5836
[1;36mdebug: [0mc_header: LOOP START token=86 line=5858 text='void'
[1;36mdebug: [0mc_header: LOOP START token=86 line=5863 text='void'
[1;36mdebug: [0mc_header: LOOP START token=86 line=5872 text='void'
[1;36mdebug: [0mc_header: LOOP START token=86 line=5875 text='void'
[1;36mdebug: [0mc_header: LOOP START token=86 line=5878 text='void'
[1;36mdebug: [0mc_header: w_name=wl_data_offer_send_offer
[1;36mdebug: [0mc_header: parsed function wl_data_offer_send_offer with 2 params (varargs=0) at line 5886
[1;36mdebug: [0mc_header: w_name=wl_data_offer_send_source_actions
[1;36mdebug: [0mc_header: parsed function wl_data_offer_send_source_actions with 2 params (varargs=0) at line 5898
[1;36mdebug: [0mc_header: w_name=wl_data_offer_send_action
[1;36mdebug: [0mc_header: parsed function wl_data_offer_send_action with 2 params (varargs=0) at line 5910
[1;36mdebug: [0mc_header: LOOP START token=1
[1;36mdebug: [0mc_header: LOOP START token=1
[1;36mdebug: [0mc_header: w_name=wl_data_source_error_is_valid
[1;36mdebug: [0mc_header: parsed function wl_data_source_error_is_valid with 2 params (varargs=0) at line 5928
[1;36mdebug: [0mc_header: LOOP START token=86 line=5946 text='void'
[1;36mdebug: [0mc_header: LOOP START token=86 line=5954 text='void'
[1;36mdebug: [0mc_header: LOOP START token=86 line=5957 text='void'
[1;36mdebug: [0mc_header: w_name=wl_data_source_send_target
[1;36mdebug: [0mc_header: parsed function wl_data_source_send_target with 2 params (varargs=0) at line 5964
[1;36mdebug: [0mc_header: w_name=wl_data_source_send_send
[1;36mdebug: [0mc_header: parsed function wl_data_source_send_send with 3 params (varargs=0) at line 5970
[1;36mdebug: [0mc_header: w_name=wl_data_source_send_cancelled
[1;36mdebug: [0mc_header: parsed function wl_data_source_send_cancelled with 1 params (varargs=0) at line 5981
[1;36mdebug: [0mc_header: w_name=wl_data_source_send_dnd_drop_performed
[1;36mdebug: [0mc_header: parsed function wl_data_source_send_dnd_drop_performed with 1 params (varargs=0) at line 5992
[1;36mdebug: [0mc_header: w_name=wl_data_source_send_dnd_finished
[1;36mdebug: [0mc_header: parsed function wl_data_source_send_dnd_finished with 1 params (varargs=0) at line 6003
[1;36mdebug: [0mc_header: w_name=wl_data_source_send_action
[1;36mdebug: [0mc_header: parsed function wl_data_source_send_action with 2 params (varargs=0) at line 6015
[1;36mdebug: [0mc_header: LOOP START token=1
[1;36mdebug: [0mc_header: LOOP START token=1
[1;36mdebug: [0mc_header: w_name=wl_data_device_error_is_valid
[1;36mdebug: [0mc_header: parsed function wl_data_device_error_is_valid with 2 params (varargs=0) at line 6033
[1;36mdebug: [0mc_header: LOOP START token=86 line=6051 text='void'
[1;36mdebug: [0mc_header: LOOP START token=86 line=6058 text='void'
[1;36mdebug: [0mc_header: LOOP START token=86 line=6068 text='void'
[1;36mdebug: [0mc_header: w_name=wl_data_device_send_data_offer
[1;36mdebug: [0mc_header: parsed function wl_data_device_send_data_offer with 2 params (varargs=0) at line 6074
[1;36mdebug: [0mc_header: w_name=wl_data_device_send_enter
[1;36mdebug: [0mc_header: parsed function wl_data_device_send_enter with 6 params (varargs=0) at line 6080
[1;36mdebug: [0mc_header: w_name=wl_data_device_send_leave
[1;36mdebug: [0mc_header: parsed function wl_data_device_send_leave with 1 params (varargs=0) at line 6091
[1;36mdebug: [0mc_header: w_name=wl_data_device_send_motion
[1;36mdebug: [0mc_header: parsed function wl_data_device_send_motion with 4 params (varargs=0) at line 6097
[1;36mdebug: [0mc_header: w_name=wl_data_device_send_drop
[1;36mdebug: [0mc_header: parsed function wl_data_device_send_drop with 1 params (varargs=0) at line 6108
[1;36mdebug: [0mc_header: w_name=wl_data_device_send_selection
[1;36mdebug: [0mc_header: parsed function wl_data_device_send_selection with 2 params (varargs=0) at line 6120
[1;36mdebug: [0mc_header: LOOP START token=1
[1;36mdebug: [0mc_header: LOOP START token=1
[1;36mdebug: [0mc_header: LOOP START token=1
[1;36mdebug: [0mc_header: LOOP START token=1
[1;36mdebug: [0mc_header: w_name=wl_data_device_manager_dnd_action_is_valid
[1;36mdebug: [0mc_header: parsed function wl_data_device_manager_dnd_action_is_valid with 2 params (varargs=0) at line 6144
[1;36mdebug: [0mc_header: LOOP START token=86 line=6169 text='void'
[1;36mdebug: [0mc_header: LOOP START token=86 line=6179 text='void'
[1;36mdebug: [0mc_header: LOOP START token=86 line=6190 text='void'
[1;36mdebug: [0mc_header: LOOP START token=1
[1;36mdebug: [0mc_header: w_name=wl_shell_error_is_valid
[1;36mdebug: [0mc_header: parsed function wl_shell_error_is_valid with 2 params (varargs=0) at line 6202
[1;36mdebug: [0mc_header: LOOP START token=86 line=6218 text='void'
[1;36mdebug: [0mc_header: LOOP START token=1
[1;36mdebug: [0mc_header: LOOP START token=1
[1;36mdebug: [0mc_header: LOOP START token=1
[1;36mdebug: [0mc_header: LOOP START token=1
[1;36mdebug: [0mc_header: LOOP START token=1
[1;36mdebug: [0mc_header: LOOP START token=1
[1;36mdebug: [0mc_header: LOOP START token=1
[1;36mdebug: [0mc_header: LOOP START token=1
[1;36mdebug: [0mc_header: LOOP START token=1
[1;36mdebug: [0mc_header: w_name=wl_shell_surface_resize_is_valid
[1;36mdebug: [0mc_header: parsed function wl_shell_surface_resize_is_valid with 2 params (varargs=0) at line 6264
[1;36mdebug: [0mc_header: LOOP START token=1
[1;36mdebug: [0mc_header: w_name=wl_shell_surface_transient_is_valid
[1;36mdebug: [0mc_header: parsed function wl_shell_surface_transient_is_valid with 2 params (varargs=0) at line 6295
[1;36mdebug: [0mc_header: LOOP START token=1
[1;36mdebug: [0mc_header: LOOP START token=1
[1;36mdebug: [0mc_header: LOOP START token=1
[1;36mdebug: [0mc_header: LOOP START token=1
[1;36mdebug: [0mc_header: w_name=wl_shell_surface_fullscreen_method_is_valid
[1;36mdebug: [0mc_header: parsed function wl_shell_surface_fullscreen_method_is_valid with 2 params (varargs=0) at line 6322
[1;36mdebug: [0mc_header: LOOP START token=86 line=6350 text='void'
[1;36mdebug: [0mc_header: LOOP START token=86 line=6354 text='void'
[1;36mdebug: [0mc_header: LOOP START token=86 line=6359 text='void'
[1;36mdebug: [0mc_header: LOOP START token=86 line=6371 text='void'
[1;36mdebug: [0mc_header: LOOP START token=86 line=6374 text='void'
[1;36mdebug: [0mc_header: LOOP START token=86 line=6381 text='void'
[1;36mdebug: [0mc_header: LOOP START token=86 line=6387 text='void'
[1;36mdebug: [0mc_header: LOOP START token=86 line=6396 text='void'
[1;36mdebug: [0mc_header: LOOP START token=86 line=6400 text='void'
[1;36mdebug: [0mc_header: LOOP START token=86 line=6404 text='void'
[1;36mdebug: [0mc_header: w_name=wl_shell_surface_send_ping
[1;36mdebug: [0mc_header: parsed function wl_shell_surface_send_ping with 2 params (varargs=0) at line 6411
[1;36mdebug: [0mc_header: w_name=wl_shell_surface_send_configure
[1;36mdebug: [0mc_header: parsed function wl_shell_surface_send_configure with 4 params (varargs=0) at line 6417
[1;36mdebug: [0mc_header: w_name=wl_shell_surface_send_popup_done
[1;36mdebug: [0mc_header: parsed function wl_shell_surface_send_popup_done with 1 params (varargs=0) at line 6428
[1;36mdebug: [0mc_header: LOOP START token=1
[1;36mdebug: [0mc_header: LOOP START token=1
[1;36mdebug: [0mc_header: LOOP START token=1
[1;36mdebug: [0mc_header: LOOP START token=1
[1;36mdebug: [0mc_header: LOOP START token=1
[1;36mdebug: [0mc_header: LOOP START token=1
[1;36mdebug: [0mc_header: w_name=wl_surface_error_is_valid
[1;36mdebug: [0mc_header: parsed function wl_surface_error_is_valid with 2 params (varargs=0) at line 6460
[1;36mdebug: [0mc_header: LOOP START token=86 line=6490 text='void'
[1;36mdebug: [0mc_header: LOOP START token=86 line=6493 text='void'
[1;36mdebug: [0mc_header: LOOP START token=86 line=6499 text='void'
[1;36mdebug: [0mc_header: LOOP START token=86 line=6506 text='void'
[1;36mdebug: [0mc_header: LOOP START token=86 line=6510 text='void'
[1;36mdebug: [0mc_header: LOOP START token=86 line=6514 text='void'
[1;36mdebug: [0mc_header: LOOP START token=86 line=6518 text='void'
[1;36mdebug: [0mc_header: LOOP START token=86 line=6521 text='void'
[1;36mdebug: [0mc_header: LOOP START token=86 line=6525 text='void'
[1;36mdebug: [0mc_header: LOOP START token=86 line=6529 text='void'
[1;36mdebug: [0mc_header: LOOP START token=86 line=6536 text='void'
[1;36mdebug: [0mc_header: LOOP START token=86 line=6541 text='void'
[1;36mdebug: [0mc_header: w_name=wl_surface_send_enter
[1;36mdebug: [0mc_header: parsed function wl_surface_send_enter with 2 params (varargs=0) at line 6548
[1;36mdebug: [0mc_header: w_name=wl_surface_send_leave
[1;36mdebug: [0mc_header: parsed function wl_surface_send_leave with 2 params (varargs=0) at line 6560
[1;36mdebug: [0mc_header: w_name=wl_surface_send_preferred_buffer_scale
[1;36mdebug: [0mc_header: parsed function wl_surface_send_preferred_buffer_scale with 2 params (varargs=0) at line 6572
[1;36mdebug: [0mc_header: w_name=wl_surface_send_preferred_buffer_transform
[1;36mdebug: [0mc_header: parsed function wl_surface_send_preferred_buffer_transform with 2 params (varargs=0) at line 6584
[1;36mdebug: [0mc_header: LOOP START token=1
[1;36mdebug: [0mc_header: LOOP START token=1
[1;36mdebug: [0mc_header: LOOP START token=1
[1;36mdebug: [0mc_header: w_name=wl_seat_capability_is_valid
[1;36mdebug: [0mc_header: parsed function wl_seat_capability_is_valid with 2 params (varargs=0) at line 6604
[1;36mdebug: [0mc_header: LOOP START token=1
[1;36mdebug: [0mc_header: w_name=wl_seat_error_is_valid
[1;36mdebug: [0mc_header: parsed function wl_seat_error_is_valid with 2 params (varargs=0) at line 6623
[1;36mdebug: [0mc_header: LOOP START token=86 line=6639 text='void'
[1;36mdebug: [0mc_header: LOOP START token=86 line=6643 text='void'
[1;36mdebug: [0mc_header: LOOP START token=86 line=6647 text='void'
[1;36mdebug: [0mc_header: LOOP START token=86 line=6657 text='void'
[1;36mdebug: [0mc_header: w_name=wl_seat_send_capabilities
[1;36mdebug: [0mc_header: parsed function wl_seat_send_capabilities with 2 params (varargs=0) at line 6663
[1;36mdebug: [0mc_header: w_name=wl_seat_send_name
[1;36mdebug: [0mc_header: parsed function wl_seat_send_name with 2 params (varargs=0) at line 6675
[1;36mdebug: [0mc_header: LOOP START token=1
[1;36mdebug: [0mc_header: w_name=wl_pointer_error_is_valid
[1;36mdebug: [0mc_header: parsed function wl_pointer_error_is_valid with 2 params (varargs=0) at line 6689
[1;36mdebug: [0mc_header: LOOP START token=1
[1;36mdebug: [0mc_header: LOOP START token=1
[1;36mdebug: [0mc_header: w_name=wl_pointer_button_state_is_valid
[1;36mdebug: [0mc_header: parsed function wl_pointer_button_state_is_valid with 2 params (varargs=0) at line 6710
[1;36mdebug: [0mc_header: LOOP START token=1
[1;36mdebug: [0mc_header: LOOP START token=1
[1;36mdebug: [0mc_header: w_name=wl_pointer_axis_is_valid
[1;36mdebug: [0mc_header: parsed function wl_pointer_axis_is_valid with 2 params (varargs=0) at line 6733
[1;36mdebug: [0mc_header: LOOP START token=1
[1;36mdebug: [0mc_header: LOOP START token=1
[1;36mdebug: [0mc_header: LOOP START token=1
[1;36mdebug: [0mc_header: LOOP START token=1
[1;36mdebug: [0mc_header: w_name=wl_pointer_axis_source_is_valid
[1;36mdebug: [0mc_header: parsed function wl_pointer_axis_source_is_valid with 2 params (varargs=0) at line 6765
[1;36mdebug: [0mc_header: LOOP START token=1
[1;36mdebug: [0mc_header: LOOP START token=1
[1;36mdebug: [0mc_header: w_name=wl_pointer_axis_relative_direction_is_valid
[1;36mdebug: [0mc_header: parsed function wl_pointer_axis_relative_direction_is_valid with 2 params (varargs=0) at line 6792
[1;36mdebug: [0mc_header: LOOP START token=86 line=6810 text='void'
[1;36mdebug: [0mc_header: LOOP START token=86 line=6817 text='void'
[1;36mdebug: [0mc_header: w_name=wl_pointer_send_enter
[1;36mdebug: [0mc_header: parsed function wl_pointer_send_enter with 5 params (varargs=0) at line 6823
[1;36mdebug: [0mc_header: w_name=wl_pointer_send_leave
[1;36mdebug: [0mc_header: parsed function wl_pointer_send_leave with 3 params (varargs=0) at line 6829
[1;36mdebug: [0mc_header: w_name=wl_pointer_send_motion
[1;36mdebug: [0mc_header: parsed function wl_pointer_send_motion with 4 params (varargs=0) at line 6835
[1;36mdebug: [0mc_header: w_name=wl_pointer_send_button
[1;36mdebug: [0mc_header: parsed function wl_pointer_send_button with 5 params (varargs=0) at line 6841
[1;36mdebug: [0mc_header: w_name=wl_pointer_send_axis
[1;36mdebug: [0mc_header: parsed function wl_pointer_send_axis with 4 params (varargs=0) at line 6847
[1;36mdebug: [0mc_header: w_name=wl_pointer_send_frame
[1;36mdebug: [0mc_header: parsed function wl_pointer_send_frame with 1 params (varargs=0) at line 6858
[1;36mdebug: [0mc_header: w_name=wl_pointer_send_axis_source
[1;36mdebug: [0mc_header: parsed function wl_pointer_send_axis_source with 2 params (varargs=0) at line 6870
[1;36mdebug: [0mc_header: w_name=wl_pointer_send_axis_stop
[1;36mdebug: [0mc_header: parsed function wl_pointer_send_axis_stop with 3 params (varargs=0) at line 6876
[1;36mdebug: [0mc_header: w_name=wl_pointer_send_axis_discrete
[1;36mdebug: [0mc_header: parsed function wl_pointer_send_axis_discrete with 3 params (varargs=0) at line 6882
[1;36mdebug: [0mc_header: w_name=wl_pointer_send_axis_value120
[1;36mdebug: [0mc_header: parsed function wl_pointer_send_axis_value120 with 3 params (varargs=0) at line 6888
[1;36mdebug: [0mc_header: w_name=wl_pointer_send_axis_relative_direction
[1;36mdebug: [0mc_header: parsed function wl_pointer_send_axis_relative_direction with 3 params (varargs=0) at line 6894
[1;36mdebug: [0mc_header: w_name=wl_pointer_send_warp
[1;36mdebug: [0mc_header: parsed function wl_pointer_send_warp with 3 params (varargs=0) at line 6900
[1;36mdebug: [0mc_header: LOOP START token=1
[1;36mdebug: [0mc_header: LOOP START token=1
[1;36mdebug: [0mc_header: w_name=wl_keyboard_keymap_format_is_valid
[1;36mdebug: [0mc_header: parsed function wl_keyboard_keymap_format_is_valid with 2 params (varargs=0) at line 6916
[1;36mdebug: [0mc_header: LOOP START token=1
[1;36mdebug: [0mc_header: LOOP START token=1
[1;36mdebug: [0mc_header: LOOP START token=1
[1;36mdebug: [0mc_header: w_name=wl_keyboard_key_state_is_valid
[1;36mdebug: [0mc_header: parsed function wl_keyboard_key_state_is_valid with 2 params (varargs=0) at line 6944
[1;36mdebug: [0mc_header: LOOP START token=86 line=6969 text='void'
[1;36mdebug: [0mc_header: w_name=wl_keyboard_send_keymap
[1;36mdebug: [0mc_header: parsed function wl_keyboard_send_keymap with 4 params (varargs=0) at line 6975
[1;36mdebug: [0mc_header: w_name=wl_keyboard_send_enter
[1;36mdebug: [0mc_header: parsed function wl_keyboard_send_enter with 4 params (varargs=0) at line 6981
[1;36mdebug: [0mc_header: w_name=wl_keyboard_send_leave
[1;36mdebug: [0mc_header: parsed function wl_keyboard_send_leave with 3 params (varargs=0) at line 6987
[1;36mdebug: [0mc_header: w_name=wl_keyboard_send_key
[1;36mdebug: [0mc_header: parsed function wl_keyboard_send_key with 5 params (varargs=0) at line 6993
[1;36mdebug: [0mc_header: w_name=wl_keyboard_send_modifiers
[1;36mdebug: [0mc_header: parsed function wl_keyboard_send_modifiers with 6 params (varargs=0) at line 6999
[1;36mdebug: [0mc_header: w_name=wl_keyboard_send_repeat_info
[1;36mdebug: [0mc_header: parsed function wl_keyboard_send_repeat_info with 3 params (varargs=0) at line 7005
[1;36mdebug: [0mc_header: LOOP START token=86 line=7020 text='void'
[1;36mdebug: [0mc_header: w_name=wl_touch_send_down
[1;36mdebug: [0mc_header: parsed function wl_touch_send_down with 7 params (varargs=0) at line 7026
[1;36mdebug: [0mc_header: w_name=wl_touch_send_up
[1;36mdebug: [0mc_header: parsed function wl_touch_send_up with 4 params (varargs=0) at line 7032
[1;36mdebug: [0mc_header: w_name=wl_touch_send_motion
[1;36mdebug: [0mc_header: parsed function wl_touch_send_motion with 5 params (varargs=0) at line 7038
[1;36mdebug: [0mc_header: w_name=wl_touch_send_frame
[1;36mdebug: [0mc_header: parsed function wl_touch_send_frame with 1 params (varargs=0) at line 7049
[1;36mdebug: [0mc_header: w_name=wl_touch_send_cancel
[1;36mdebug: [0mc_header: parsed function wl_touch_send_cancel with 1 params (varargs=0) at line 7060
[1;36mdebug: [0mc_header: w_name=wl_touch_send_shape
[1;36mdebug: [0mc_header: parsed function wl_touch_send_shape with 4 params (varargs=0) at line 7066
[1;36mdebug: [0mc_header: w_name=wl_touch_send_orientation
[1;36mdebug: [0mc_header: parsed function wl_touch_send_orientation with 3 params (varargs=0) at line 7072
[1;36mdebug: [0mc_header: LOOP START token=1
[1;36mdebug: [0mc_header: LOOP START token=1
[1;36mdebug: [0mc_header: LOOP START token=1
[1;36mdebug: [0mc_header: LOOP START token=1
[1;36mdebug: [0mc_header: LOOP START token=1
[1;36mdebug: [0mc_header: LOOP START token=1
[1;36mdebug: [0mc_header: w_name=wl_output_subpixel_is_valid
[1;36mdebug: [0mc_header: parsed function wl_output_subpixel_is_valid with 2 params (varargs=0) at line 7104
[1;36mdebug: [0mc_header: LOOP START token=1
[1;36mdebug: [0mc_header: LOOP START token=1
[1;36mdebug: [0mc_header: LOOP START token=1
[1;36mdebug: [0mc_header: LOOP START token=1
[1;36mdebug: [0mc_header: LOOP START token=1
[1;36mdebug: [0mc_header: LOOP START token=1
[1;36mdebug: [0mc_header: LOOP START token=1
[1;36mdebug: [0mc_header: LOOP START token=1
[1;36mdebug: [0mc_header: w_name=wl_output_transform_is_valid
[1;36mdebug: [0mc_header: parsed function wl_output_transform_is_valid with 2 params (varargs=0) at line 7159
[1;36mdebug: [0mc_header: LOOP START token=1
[1;36mdebug: [0mc_header: LOOP START token=1
[1;36mdebug: [0mc_header: w_name=wl_output_mode_is_valid
[1;36mdebug: [0mc_header: parsed function wl_output_mode_is_valid with 2 params (varargs=0) at line 7194
[1;36mdebug: [0mc_header: LOOP START token=86 line=7216 text='void'
[1;36mdebug: [0mc_header: w_name=wl_output_send_geometry
[1;36mdebug: [0mc_header: parsed function wl_output_send_geometry with 9 params (varargs=0) at line 7222
[1;36mdebug: [0mc_header: w_name=wl_output_send_mode
[1;36mdebug: [0mc_header: parsed function wl_output_send_mode with 5 params (varargs=0) at line 7228
[1;36mdebug: [0mc_header: w_name=wl_output_send_done
[1;36mdebug: [0mc_header: parsed function wl_output_send_done with 1 params (varargs=0) at line 7239
[1;36mdebug: [0mc_header: w_name=wl_output_send_scale
[1;36mdebug: [0mc_header: parsed function wl_output_send_scale with 2 params (varargs=0) at line 7251
[1;36mdebug: [0mc_header: w_name=wl_output_send_name
[1;36mdebug: [0mc_header: parsed function wl_output_send_name with 2 params (varargs=0) at line 7263
[1;36mdebug: [0mc_header: w_name=wl_output_send_description
[1;36mdebug: [0mc_header: parsed function wl_output_send_description with 2 params (varargs=0) at line 7275
[1;36mdebug: [0mc_header: LOOP START token=86 line=7289 text='void'
[1;36mdebug: [0mc_header: LOOP START token=86 line=7292 text='void'
[1;36mdebug: [0mc_header: LOOP START token=86 line=7299 text='void'
[1;36mdebug: [0mc_header: LOOP START token=1
[1;36mdebug: [0mc_header: LOOP START token=1
[1;36mdebug: [0mc_header: w_name=wl_subcompositor_error_is_valid
[1;36mdebug: [0mc_header: parsed function wl_subcompositor_error_is_valid with 2 params (varargs=0) at line 7319
[1;36mdebug: [0mc_header: LOOP START token=86 line=7343 text='void'
[1;36mdebug: [0mc_header: LOOP START token=86 line=7346 text='void'
[1;36mdebug: [0mc_header: LOOP START token=1
[1;36mdebug: [0mc_header: w_name=wl_subsurface_error_is_valid
[1;36mdebug: [0mc_header: parsed function wl_subsurface_error_is_valid with 2 params (varargs=0) at line 7361
[1;36mdebug: [0mc_header: LOOP START token=86 line=7377 text='void'
[1;36mdebug: [0mc_header: LOOP START token=86 line=7380 text='void'
[1;36mdebug: [0mc_header: LOOP START token=86 line=7385 text='void'
[1;36mdebug: [0mc_header: LOOP START token=86 line=7389 text='void'
[1;36mdebug: [0mc_header: LOOP START token=86 line=7393 text='void'
[1;36mdebug: [0mc_header: LOOP START token=86 line=7396 text='void'
[1;36mdebug: [0mc_header: LOOP START token=1
[1;36mdebug: [0mc_header: w_name=wl_fixes_error_is_valid
[1;36mdebug: [0mc_header: parsed function wl_fixes_error_is_valid with 2 params (varargs=0) at line 7408
[1;36mdebug: [0mc_header: LOOP START token=86 line=7428 text='void'
[1;36mdebug: [0mc_header: LOOP START token=86 line=7431 text='void'
[1;36mdebug: [0mc_header: LOOP START token=86 line=7435 text='void'
[1;36mdebug: [0mc_header: LOOP START token=72 line=7445 text='int'
[1;36mdebug: [0mc_header: LOOP START token=72 line=7446 text='int'
[1;36mdebug: [0mc_header: LOOP START token=63 line=7455 text='double'
[1;36mdebug: [0mc_header: LOOP START token=63 line=7456 text='double'
[1;36mdebug: [0mc_header: w_name=wlr_box_closest_point
[1;36mdebug: [0mc_header: parsed function wlr_box_closest_point with 5 params (varargs=0) at line 7460
[1;36mdebug: [0mc_header: w_name=wlr_box_intersection
[1;36mdebug: [0mc_header: parsed function wlr_box_intersection with 3 params (varargs=0) at line 7468
[1;36mdebug: [0mc_header: w_name=wlr_box_contains_point
[1;36mdebug: [0mc_header: parsed function wlr_box_contains_point with 3 params (varargs=0) at line 7470
[1;36mdebug: [0mc_header: w_name=wlr_box_empty
[1;36mdebug: [0mc_header: parsed function wlr_box_empty with 1 params (varargs=0) at line 7477
[1;36mdebug: [0mc_header: w_name=wlr_box_transform
[1;36mdebug: [0mc_header: parsed function wlr_box_transform with 5 params (varargs=0) at line 7483
[1;36mdebug: [0mc_header: w_name=wlr_fbox_empty
[1;36mdebug: [0mc_header: parsed function wlr_fbox_empty with 1 params (varargs=0) at line 7490
[1;36mdebug: [0mc_header: w_name=wlr_fbox_transform
[1;36mdebug: [0mc_header: parsed function wlr_fbox_transform with 5 params (varargs=0) at line 7496
[1;36mdebug: [0mc_header: w_name=wlr_box_equal
[1;36mdebug: [0mc_header: parsed function wlr_box_equal with 2 params (varargs=0) at line 7503
[1;36mdebug: [0mc_header: w_name=wlr_fbox_equal
[1;36mdebug: [0mc_header: parsed function wlr_fbox_equal with 2 params (varargs=0) at line 7508
[1;36mdebug: [0mc_header: LOOP START token=81 line=7526 text='struct'
[1;36mdebug: [0mc_header: LOOP START token=81 line=7529 text='struct'
[1;36mdebug: [0mc_header: w_name=wlr_renderer_begin_buffer_pass
[1;36mdebug: [0mc_header: parsed function wlr_renderer_begin_buffer_pass with 3 params (varargs=0) at line 7539
[1;36mdebug: [0mc_header: w_name=wlr_render_pass_submit
[1;36mdebug: [0mc_header: parsed function wlr_render_pass_submit with 1 params (varargs=0) at line 7546
[1;36mdebug: [0mc_header: LOOP START token=1
[1;36mdebug: [0mc_header: LOOP START token=1
[1;36mdebug: [0mc_header: LOOP START token=1
[1;36mdebug: [0mc_header: LOOP START token=1
[1;36mdebug: [0mc_header: LOOP START token=81 line=7570 text='struct'
[1;36mdebug: [0mc_header: LOOP START token=81 line=7572 text='struct'
[1;36mdebug: [0mc_header: LOOP START token=81 line=7574 text='struct'
[1;36mdebug: [0mc_header: LOOP START token=59 line=7576 text='const'
[1;36mdebug: [0mc_header: LOOP START token=59 line=7578 text='const'
[1;36mdebug: [0mc_header: LOOP START token=65 line=7580 text='enum'
[1;36mdebug: [0mc_header: LOOP START token=65 line=7582 text='enum'
[1;36mdebug: [0mc_header: LOOP START token=65 line=7584 text='enum'
[1;36mdebug: [0mc_header: w_name=wlr_render_pass_add_texture
[1;36mdebug: [0mc_header: parsed function wlr_render_pass_add_texture with 2 params (varargs=0) at line 7591
[1;36mdebug: [0mc_header: LOOP START token=67 line=7600 text='float'
[1;36mdebug: [0mc_header: LOOP START token=81 line=7605 text='struct'
[1;36mdebug: [0mc_header: LOOP START token=81 line=7607 text='struct'
[1;36mdebug: [0mc_header: LOOP START token=59 line=7609 text='const'
[1;36mdebug: [0mc_header: LOOP START token=65 line=7611 text='enum'
[1;36mdebug: [0mc_header: w_name=wlr_render_pass_add_rect
[1;36mdebug: [0mc_header: parsed function wlr_render_pass_add_rect with 2 params (varargs=0) at line 7618
[1;36mdebug: [0mc_header: LOOP START token=1 line=7625 text='int32_t'
[1;36mdebug: [0mc_header: LOOP START token=1 line=7626 text='uint32_t'
[1;36mdebug: [0mc_header: LOOP START token=1 line=7627 text='uint64_t'
[1;36mdebug: [0mc_header: LOOP START token=72 line=7629 text='int'
[1;36mdebug: [0mc_header: LOOP START token=1 line=7630 text='uint32_t'
[1;36mdebug: [0mc_header: LOOP START token=1 line=7631 text='uint32_t'
[1;36mdebug: [0mc_header: LOOP START token=72 line=7632 text='int'
[1;36mdebug: [0mc_header: w_name=wlr_dmabuf_attributes_finish
[1;36mdebug: [0mc_header: parsed function wlr_dmabuf_attributes_finish with 1 params (varargs=0) at line 7638
[1;36mdebug: [0mc_header: w_name=wlr_dmabuf_attributes_copy
[1;36mdebug: [0mc_header: parsed function wlr_dmabuf_attributes_copy with 2 params (varargs=0) at line 7643
[1;36mdebug: [0mc_header: LOOP START token=59 line=7652 text='const'
[1;36mdebug: [0mc_header: LOOP START token=1 line=7653 text='uint32_t'
[1;36mdebug: [0mc_header: LOOP START token=81 line=7655 text='struct'
[1;36mdebug: [0mc_header: LOOP START token=86 line=7660 text='void'
[1;36mdebug: [0mc_header: LOOP START token=1 line=7662 text='uint32_t'
[1;36mdebug: [0mc_header: LOOP START token=1 line=7664 text='uint32_t'
[1;36mdebug: [0mc_header: LOOP START token=1 line=7666 text='uint32_t'
[1;36mdebug: [0mc_header: LOOP START token=59 line=7668 text='const'
[1;36mdebug: [0mc_header: w_name=wlr_texture_read_pixels
[1;36mdebug: [0mc_header: parsed function wlr_texture_read_pixels with 2 params (varargs=0) at line 7672
[1;36mdebug: [0mc_header: w_name=wlr_texture_preferred_read_format
[1;36mdebug: [0mc_header: parsed function wlr_texture_preferred_read_format with 1 params (varargs=0) at line 7674
[1;36mdebug: [0mc_header: w_name=wlr_texture_from_pixels
[1;36mdebug: [0mc_header: parsed function wlr_texture_from_pixels with 6 params (varargs=0) at line 7682
[1;36mdebug: [0mc_header: w_name=wlr_texture_from_dmabuf
[1;36mdebug: [0mc_header: parsed function wlr_texture_from_dmabuf with 2 params (varargs=0) at line 7688
[1;36mdebug: [0mc_header: w_name=wlr_texture_update_from_buffer
[1;36mdebug: [0mc_header: parsed function wlr_texture_update_from_buffer with 3 params (varargs=0) at line 7691
[1;36mdebug: [0mc_header: w_name=wlr_texture_destroy
[1;36mdebug: [0mc_header: parsed function wlr_texture_destroy with 1 params (varargs=0) at line 7696
[1;36mdebug: [0mc_header: w_name=wlr_texture_from_buffer
[1;36mdebug: [0mc_header: parsed function wlr_texture_from_buffer with 2 params (varargs=0) at line 7702
[1;36mdebug: [0mc_header: LOOP START token=1 line=7719 text='uint32_t'
[1;36mdebug: [0mc_header: LOOP START token=81 line=7721 text='struct'
[1;36mdebug: [0mc_header: LOOP START token=81 line=7722 text='struct'
[1;36mdebug: [0mc_header: LOOP START token=81 line=7728 text='struct'
[1;36mdebug: [0mc_header: LOOP START token=81 line=7731 text='struct'
[1;36mdebug: [0mc_header: LOOP START token=89 line=7735 text='bool'
[1;36mdebug: [0mc_header: LOOP START token=59 line=7740 text='const'
[1;36mdebug: [0mc_header: w_name=wlr_renderer_autocreate
[1;36mdebug: [0mc_header: parsed function wlr_renderer_autocreate with 1 params (varargs=0) at line 7749
[1;36mdebug: [0mc_header: w_name=wlr_renderer_get_texture_formats
[1;36mdebug: [0mc_header: parsed function wlr_renderer_get_texture_formats with 2 params (varargs=0) at line 7752
[1;36mdebug: [0mc_header: w_name=wlr_renderer_init_wl_display
[1;36mdebug: [0mc_header: parsed function wlr_renderer_init_wl_display with 2 params (varargs=0) at line 7760
[1;36mdebug: [0mc_header: w_name=wlr_renderer_init_wl_shm
[1;36mdebug: [0mc_header: parsed function wlr_renderer_init_wl_shm with 2 params (varargs=0) at line 7766
[1;36mdebug: [0mc_header: w_name=wlr_renderer_get_drm_fd
[1;36mdebug: [0mc_header: parsed function wlr_renderer_get_drm_fd with 1 params (varargs=0) at line 7773
[1;36mdebug: [0mc_header: w_name=wlr_renderer_destroy
[1;36mdebug: [0mc_header: parsed function wlr_renderer_destroy with 1 params (varargs=0) at line 7780
[1;36mdebug: [0mc_header: w_name=wlr_render_timer_create
[1;36mdebug: [0mc_header: parsed function wlr_render_timer_create with 1 params (varargs=0) at line 7785
[1;36mdebug: [0mc_header: w_name=wlr_render_timer_get_duration_ns
[1;36mdebug: [0mc_header: parsed function wlr_render_timer_get_duration_ns with 1 params (varargs=0) at line 7792
[1;36mdebug: [0mc_header: w_name=wlr_render_timer_destroy
[1;36mdebug: [0mc_header: parsed function wlr_render_timer_destroy with 1 params (varargs=0) at line 7797
[1;36mdebug: [0mc_header: LOOP START token=81 line=7813 text='struct'
[1;36mdebug: [0mc_header: LOOP START token=81 line=7814 text='struct'
[1;36mdebug: [0mc_header: LOOP START token=1 line=7815 text='pixman_region32_t'
[1;36mdebug: [0mc_header: LOOP START token=81 line=7817 text='struct'
[1;36mdebug: [0mc_header: LOOP START token=81 line=7818 text='struct'
[1;36mdebug: [0mc_header: LOOP START token=1 line=7822 text='int32_t'
[1;36mdebug: [0mc_header: LOOP START token=1 line=7825 text='pixman_region32_t'
[1;36mdebug: [0mc_header: LOOP START token=1 line=7829 text='pixman_region32_t'
[1;36mdebug: [0mc_header: LOOP START token=1 line=7830 text='size_t'
[1;36mdebug: [0mc_header: LOOP START token=81 line=7832 text='struct'
[1;36mdebug: [0mc_header: w_name=wlr_damage_ring_init
[1;36mdebug: [0mc_header: parsed function wlr_damage_ring_init with 1 params (varargs=0) at line 7835
[1;36mdebug: [0mc_header: w_name=wlr_damage_ring_finish
[1;36mdebug: [0mc_header: parsed function wlr_damage_ring_finish with 1 params (varargs=0) at line 7837
[1;36mdebug: [0mc_header: w_name=wlr_damage_ring_set_bounds
[1;36mdebug: [0mc_header: parsed function wlr_damage_ring_set_bounds with 3 params (varargs=0) at line 7840
[1;36mdebug: [0mc_header: w_name=wlr_damage_ring_add
[1;36mdebug: [0mc_header: parsed function wlr_damage_ring_add with 2 params (varargs=0) at line 7848
[1;36mdebug: [0mc_header: w_name=wlr_damage_ring_add_box
[1;36mdebug: [0mc_header: parsed function wlr_damage_ring_add_box with 2 params (varargs=0) at line 7856
[1;36mdebug: [0mc_header: w_name=wlr_damage_ring_add_whole
[1;36mdebug: [0mc_header: parsed function wlr_damage_ring_add_whole with 1 params (varargs=0) at line 7861
[1;36mdebug: [0mc_header: w_name=wlr_damage_ring_rotate
[1;36mdebug: [0mc_header: parsed function wlr_damage_ring_rotate with 1 params (varargs=0) at line 7867
[1;36mdebug: [0mc_header: w_name=wlr_damage_ring_get_buffer_damage
[1;36mdebug: [0mc_header: parsed function wlr_damage_ring_get_buffer_damage with 3 params (varargs=0) at line 7875
[1;36mdebug: [0mc_header: w_name=wlr_damage_ring_rotate_buffer
[1;36mdebug: [0mc_header: parsed function wlr_damage_ring_rotate_buffer with 3 params (varargs=0) at line 7878
[1;36mdebug: [0mc_header: LOOP START token=1 line=7897 text='__dev_t'
[1;36mdebug: [0mc_header: LOOP START token=1 line=7902 text='__ino_t'
[1;36mdebug: [0mc_header: LOOP START token=1 line=7910 text='__nlink_t'
[1;36mdebug: [0mc_header: LOOP START token=1 line=7911 text='__mode_t'
[1;36mdebug: [0mc_header: LOOP START token=1 line=7913 text='__uid_t'
[1;36mdebug: [0mc_header: LOOP START token=1 line=7914 text='__gid_t'
[1;36mdebug: [0mc_header: LOOP START token=72 line=7916 text='int'
[1;36mdebug: [0mc_header: LOOP START token=1 line=7918 text='__dev_t'
[1;36mdebug: [0mc_header: LOOP START token=1 line=7923 text='__off_t'
[1;36mdebug: [0mc_header: LOOP START token=1 line=7927 text='__blksize_t'
[1;36mdebug: [0mc_header: LOOP START token=1 line=7929 text='__blkcnt_t'
[1;36mdebug: [0mc_header: LOOP START token=81 line=7931 text='struct'
[1;36mdebug: [0mc_header: LOOP START token=81 line=7932 text='struct'
[1;36mdebug: [0mc_header: LOOP START token=81 line=7933 text='struct'
[1;36mdebug: [0mc_header: LOOP START token=1 line=7935 text='__syscall_slong_t'
[1;36mdebug: [0mc_header: w_name=stat
[1;36mdebug: [0mc_header: parsed function stat with 2 params (varargs=0) at line 7942
[1;36mdebug: [0mc_header: w_name=fstat
[1;36mdebug: [0mc_header: parsed function fstat with 2 params (varargs=0) at line 7946
[1;36mdebug: [0mc_header: w_name=fstatat
[1;36mdebug: [0mc_header: parsed function fstatat with 4 params (varargs=0) at line 7950
[1;36mdebug: [0mc_header: w_name=lstat
[1;36mdebug: [0mc_header: parsed function lstat with 2 params (varargs=0) at line 7953
[1;36mdebug: [0mc_header: w_name=chmod
[1;36mdebug: [0mc_header: parsed function chmod with 2 params (varargs=0) at line 7956
[1;36mdebug: [0mc_header: w_name=lchmod
[1;36mdebug: [0mc_header: parsed function lchmod with 2 params (varargs=0) at line 7963
[1;36mdebug: [0mc_header: w_name=fchmod
[1;36mdebug: [0mc_header: parsed function fchmod with 2 params (varargs=0) at line 7968
[1;36mdebug: [0mc_header: w_name=fchmodat
[1;36mdebug: [0mc_header: parsed function fchmodat with 4 params (varargs=0) at line 7976
[1;36mdebug: [0mc_header: w_name=umask
[1;36mdebug: [0mc_header: parsed function umask with 1 params (varargs=0) at line 7983
[1;36mdebug: [0mc_header: w_name=mkdir
[1;36mdebug: [0mc_header: parsed function mkdir with 2 params (varargs=0) at line 7986
[1;36mdebug: [0mc_header: w_name=mkdirat
[1;36mdebug: [0mc_header: parsed function mkdirat with 3 params (varargs=0) at line 7993
[1;36mdebug: [0mc_header: w_name=mknod
[1;36mdebug: [0mc_header: parsed function mknod with 3 params (varargs=0) at line 8001
[1;36mdebug: [0mc_header: w_name=mknodat
[1;36mdebug: [0mc_header: parsed function mknodat with 4 params (varargs=0) at line 8008
[1;36mdebug: [0mc_header: w_name=mkfifo
[1;36mdebug: [0mc_header: parsed function mkfifo with 2 params (varargs=0) at line 8015
[1;36mdebug: [0mc_header: w_name=mkfifoat
[1;36mdebug: [0mc_header: parsed function mkfifoat with 3 params (varargs=0) at line 8022
[1;36mdebug: [0mc_header: w_name=utimensat
[1;36mdebug: [0mc_header: parsed function utimensat with 4 params (varargs=0) at line 8032
[1;36mdebug: [0mc_header: w_name=futimens
[1;36mdebug: [0mc_header: parsed function futimens with 2 params (varargs=0) at line 8034
[1;36mdebug: [0mc_header: LOOP START token=81 line=8049 text='struct'
[1;36mdebug: [0mc_header: LOOP START token=59 line=8055 text='const'
[1;36mdebug: [0mc_header: LOOP START token=86 line=8057 text='void'
[1;36mdebug: [0mc_header: LOOP START token=59 line=8061 text='const'
[1;36mdebug: [0mc_header: LOOP START token=59 line=8063 text='const'
[1;36mdebug: [0mc_header: LOOP START token=81 line=8064 text='struct'
[1;36mdebug: [0mc_header: w_name=wlr_addon_set_init
[1;36mdebug: [0mc_header: parsed function wlr_addon_set_init with 1 params (varargs=0) at line 8067
[1;36mdebug: [0mc_header: w_name=wlr_addon_set_finish
[1;36mdebug: [0mc_header: parsed function wlr_addon_set_finish with 1 params (varargs=0) at line 8068
[1;36mdebug: [0mc_header: w_name=wlr_addon_init
[1;36mdebug: [0mc_header: parsed function wlr_addon_init with 4 params (varargs=0) at line 8071
[1;36mdebug: [0mc_header: w_name=wlr_addon_finish
[1;36mdebug: [0mc_header: parsed function wlr_addon_finish with 1 params (varargs=0) at line 8072
[1;36mdebug: [0mc_header: w_name=wlr_addon_find
[1;36mdebug: [0mc_header: parsed function wlr_addon_find with 3 params (varargs=0) at line 8075
[1;36mdebug: [0mc_header: LOOP START token=72 line=8082 text='int'
[1;36mdebug: [0mc_header: LOOP START token=1 line=8083 text='uint32_t'
[1;36mdebug: [0mc_header: LOOP START token=72 line=8084 text='int'
[1;36mdebug: [0mc_header: LOOP START token=1 line=8085 text='off_t'
[1;36mdebug: [0mc_header: LOOP START token=1
[1;36mdebug: [0mc_header: LOOP START token=1
[1;36mdebug: [0mc_header: LOOP START token=1
[1;36mdebug: [0mc_header: LOOP START token=59 line=8101 text='const'
[1;36mdebug: [0mc_header: LOOP START token=72 line=8103 text='int'
[1;36mdebug: [0mc_header: LOOP START token=89 line=8105 text='bool'
[1;36mdebug: [0mc_header: LOOP START token=1 line=8106 text='size_t'
[1;36mdebug: [0mc_header: LOOP START token=89 line=8107 text='bool'
[1;36mdebug: [0mc_header: LOOP START token=81 line=8109 text='struct'
[1;36mdebug: [0mc_header: LOOP START token=81 line=8110 text='struct'
[1;36mdebug: [0mc_header: LOOP START token=81 line=8111 text='struct'
[1;36mdebug: [0mc_header: LOOP START token=81 line=8114 text='struct'
[1;36mdebug: [0mc_header: w_name=wlr_buffer_drop
[1;36mdebug: [0mc_header: parsed function wlr_buffer_drop with 1 params (varargs=0) at line 8121
[1;36mdebug: [0mc_header: w_name=wlr_buffer_lock
[1;36mdebug: [0mc_header: parsed function wlr_buffer_lock with 1 params (varargs=0) at line 8127
[1;36mdebug: [0mc_header: w_name=wlr_buffer_unlock
[1;36mdebug: [0mc_header: parsed function wlr_buffer_unlock with 1 params (varargs=0) at line 8132
[1;36mdebug: [0mc_header: w_name=wlr_buffer_get_dmabuf
[1;36mdebug: [0mc_header: parsed function wlr_buffer_get_dmabuf with 2 params (varargs=0) at line 8135
[1;36mdebug: [0mc_header: w_name=wlr_buffer_get_shm
[1;36mdebug: [0mc_header: parsed function wlr_buffer_get_shm with 2 params (varargs=0) at line 8138
[1;36mdebug: [0mc_header: w_name=wlr_buffer_try_from_resource
[1;36mdebug: [0mc_header: parsed function wlr_buffer_try_from_resource with 1 params (varargs=0) at line 8145
[1;36mdebug: [0mc_header: LOOP START token=1
[1;36mdebug: [0mc_header: LOOP START token=1
[1;36mdebug: [0mc_header: w_name=wlr_buffer_begin_data_ptr_access
[1;36mdebug: [0mc_header: parsed function wlr_buffer_begin_data_ptr_access with 5 params (varargs=0) at line 8162
[1;36mdebug: [0mc_header: w_name=wlr_buffer_end_data_ptr_access
[1;36mdebug: [0mc_header: parsed function wlr_buffer_end_data_ptr_access with 1 params (varargs=0) at line 8163
[1;36mdebug: [0mc_header: LOOP START token=81 line=8169 text='struct'
[1;36mdebug: [0mc_header: LOOP START token=81 line=8175 text='struct'
[1;36mdebug: [0mc_header: LOOP START token=81 line=8179 text='struct'
[1;36mdebug: [0mc_header: LOOP START token=81 line=8183 text='struct'
[1;36mdebug: [0mc_header: LOOP START token=81 line=8184 text='struct'
[1;36mdebug: [0mc_header: LOOP START token=1 line=8186 text='size_t'
[1;36mdebug: [0mc_header: w_name=wlr_client_buffer_get
[1;36mdebug: [0mc_header: parsed function wlr_client_buffer_get with 1 params (varargs=0) at line 8193
[1;36mdebug: [0mc_header: LOOP START token=1 line=8206 text='uint32_t'
[1;36mdebug: [0mc_header: LOOP START token=1 line=8208 text='size_t'
[1;36mdebug: [0mc_header: LOOP START token=1 line=8210 text='size_t'
[1;36mdebug: [0mc_header: LOOP START token=1 line=8212 text='uint64_t'
[1;36mdebug: [0mc_header: w_name=wlr_drm_format_finish
[1;36mdebug: [0mc_header: parsed function wlr_drm_format_finish with 1 params (varargs=0) at line 8218
[1;36mdebug: [0mc_header: LOOP START token=1 line=8222 text='size_t'
[1;36mdebug: [0mc_header: LOOP START token=1 line=8224 text='size_t'
[1;36mdebug: [0mc_header: LOOP START token=81 line=8226 text='struct'
[1;36mdebug: [0mc_header: w_name=wlr_drm_format_set_finish
[1;36mdebug: [0mc_header: parsed function wlr_drm_format_set_finish with 1 params (varargs=0) at line 8232
[1;36mdebug: [0mc_header: w_name=wlr_drm_format_set_get
[1;36mdebug: [0mc_header: parsed function wlr_drm_format_set_get with 2 params (varargs=0) at line 8239
[1;36mdebug: [0mc_header: w_name=wlr_drm_format_set_has
[1;36mdebug: [0mc_header: parsed function wlr_drm_format_set_has with 3 params (varargs=0) at line 8242
[1;36mdebug: [0mc_header: w_name=wlr_drm_format_set_add
[1;36mdebug: [0mc_header: parsed function wlr_drm_format_set_add with 3 params (varargs=0) at line 8245
[1;36mdebug: [0mc_header: w_name=wlr_drm_format_set_intersect
[1;36mdebug: [0mc_header: parsed function wlr_drm_format_set_intersect with 3 params (varargs=0) at line 8248
[1;36mdebug: [0mc_header: w_name=wlr_drm_format_set_union
[1;36mdebug: [0mc_header: parsed function wlr_drm_format_set_union with 3 params (varargs=0) at line 8251
[1;36mdebug: [0mc_header: LOOP START token=81 line=8257 text='struct'
[1;36mdebug: [0mc_header: LOOP START token=81 line=8259 text='struct'
[1;36mdebug: [0mc_header: LOOP START token=81 line=8260 text='struct'
[1;36mdebug: [0mc_header: LOOP START token=81 line=8264 text='struct'
[1;36mdebug: [0mc_header: w_name=wlr_dmabuf_v1_buffer_try_from_buffer_resource
[1;36mdebug: [0mc_header: parsed function wlr_dmabuf_v1_buffer_try_from_buffer_resource with 1 params (varargs=0) at line 8272
[1;36mdebug: [0mc_header: LOOP START token=1 line=8275 text='dev_t'
[1;36mdebug: [0mc_header: LOOP START token=81 line=8276 text='struct'
[1;36mdebug: [0mc_header: LOOP START token=1 line=8280 text='dev_t'
[1;36mdebug: [0mc_header: LOOP START token=1 line=8281 text='uint32_t'
[1;36mdebug: [0mc_header: LOOP START token=81 line=8282 text='struct'
[1;36mdebug: [0mc_header: LOOP START token=81 line=8287 text='struct'
[1;36mdebug: [0mc_header: LOOP START token=81 line=8289 text='struct'
[1;36mdebug: [0mc_header: LOOP START token=81 line=8290 text='struct'
[1;36mdebug: [0mc_header: LOOP START token=81 line=8295 text='struct'
[1;36mdebug: [0mc_header: LOOP START token=81 line=8296 text='struct'
[1;36mdebug: [0mc_header: LOOP START token=81 line=8297 text='struct'
[1;36mdebug: [0mc_header: LOOP START token=72 line=8299 text='int'
[1;36mdebug: [0mc_header: LOOP START token=81 line=8301 text='struct'
[1;36mdebug: [0mc_header: LOOP START token=89 line=8303 text='bool'
[1;36mdebug: [0mc_header: LOOP START token=86 line=8304 text='void'
[1;36mdebug: [0mc_header: w_name=wlr_linux_dmabuf_v1_create
[1;36mdebug: [0mc_header: parsed function wlr_linux_dmabuf_v1_create with 3 params (varargs=0) at line 8314
[1;36mdebug: [0mc_header: w_name=wlr_linux_dmabuf_v1_create_with_renderer
[1;36mdebug: [0mc_header: parsed function wlr_linux_dmabuf_v1_create_with_renderer with 3 params (varargs=0) at line 8322
[1;36mdebug: [0mc_header: w_name=wlr_linux_dmabuf_v1_set_check_dmabuf_callback
[1;36mdebug: [0mc_header: parsed function wlr_linux_dmabuf_v1_set_check_dmabuf_callback with 3 params (varargs=0) at line 8331
[1;36mdebug: [0mc_header: w_name=wlr_linux_dmabuf_v1_set_surface_feedback
[1;36mdebug: [0mc_header: parsed function wlr_linux_dmabuf_v1_set_surface_feedback with 3 params (varargs=0) at line 8340
[1;36mdebug: [0mc_header: w_name=wlr_linux_dmabuf_feedback_add_tranche
[1;36mdebug: [0mc_header: parsed function wlr_linux_dmabuf_feedback_add_tranche with 1 params (varargs=0) at line 8348
[1;36mdebug: [0mc_header: w_name=wlr_linux_dmabuf_feedback_v1_finish
[1;36mdebug: [0mc_header: parsed function wlr_linux_dmabuf_feedback_v1_finish with 1 params (varargs=0) at line 8353
[1;36mdebug: [0mc_header: LOOP START token=81 line=8357 text='struct'
[1;36mdebug: [0mc_header: LOOP START token=81 line=8359 text='struct'
[1;36mdebug: [0mc_header: LOOP START token=59 line=8361 text='const'
[1;36mdebug: [0mc_header: w_name=wlr_linux_dmabuf_feedback_v1_init_with_options
[1;36mdebug: [0mc_header: parsed function wlr_linux_dmabuf_feedback_v1_init_with_options with 2 params (varargs=0) at line 8370
[1;36mdebug: [0mc_header: LOOP START token=1
[1;36mdebug: [0mc_header: LOOP START token=1
[1;36mdebug: [0mc_header: LOOP START token=1
[1;36mdebug: [0mc_header: LOOP START token=65 line=8406 text='enum'
[1;36mdebug: [0mc_header: LOOP START token=81 line=8407 text='struct'
[1;36mdebug: [0mc_header: LOOP START token=81 line=8409 text='struct'
[1;36mdebug: [0mc_header: LOOP START token=89 line=8411 text='bool'
[1;36mdebug: [0mc_header: LOOP START token=72 line=8412 text='int'
[1;36mdebug: [0mc_header: LOOP START token=81 line=8414 text='struct'
[1;36mdebug: [0mc_header: LOOP START token=81 line=8415 text='struct'
[1;36mdebug: [0mc_header: LOOP START token=86 line=8418 text='void'
[1;36mdebug: [0mc_header: LOOP START token=81 line=8420 text='struct'
[1;36mdebug: [0mc_header: LOOP START token=1 line=8424 text='pixman_region32_t'
[1;36mdebug: [0mc_header: LOOP START token=1
[1;36mdebug: [0mc_header: LOOP START token=1
[1;36mdebug: [0mc_header: LOOP START token=1
[1;36mdebug: [0mc_header: LOOP START token=81 line=8435 text='struct'
[1;36mdebug: [0mc_header: LOOP START token=81 line=8437 text='struct'
[1;36mdebug: [0mc_header: LOOP START token=81 line=8442 text='struct'
[1;36mdebug: [0mc_header: LOOP START token=81 line=8444 text='struct'
[1;36mdebug: [0mc_header: LOOP START token=81 line=8447 text='struct'
[1;36mdebug: [0mc_header: LOOP START token=81 line=8451 text='struct'
[1;36mdebug: [0mc_header: LOOP START token=65 line=8453 text='enum'
[1;36mdebug: [0mc_header: LOOP START token=89 line=8454 text='bool'
[1;36mdebug: [0mc_header: LOOP START token=89 line=8455 text='bool'
[1;36mdebug: [0mc_header: LOOP START token=89 line=8456 text='bool'
[1;36mdebug: [0mc_header: LOOP START token=81 line=8461 text='struct'
[1;36mdebug: [0mc_header: LOOP START token=81 line=8462 text='struct'
[1;36mdebug: [0mc_header: LOOP START token=81 line=8466 text='struct'
[1;36mdebug: [0mc_header: LOOP START token=81 line=8468 text='struct'
[1;36mdebug: [0mc_header: LOOP START token=81 line=8470 text='struct'
[1;36mdebug: [0mc_header: LOOP START token=81 line=8471 text='struct'
[1;36mdebug: [0mc_header: LOOP START token=81 line=8472 text='struct'
[1;36mdebug: [0mc_header: LOOP START token=81 line=8473 text='struct'
[1;36mdebug: [0mc_header: LOOP START token=81 line=8474 text='struct'
[1;36mdebug: [0mc_header: LOOP START token=81 line=8475 text='struct'
[1;36mdebug: [0mc_header: LOOP START token=81 line=8476 text='struct'
[1;36mdebug: [0mc_header: LOOP START token=81 line=8481 text='struct'
[1;36mdebug: [0mc_header: LOOP START token=72 line=8482 text='int'
[1;36mdebug: [0mc_header: LOOP START token=67 line=8483 text='float'
[1;36mdebug: [0mc_header: LOOP START token=81 line=8487 text='struct'
[1;36mdebug: [0mc_header: LOOP START token=1 line=8488 text='size_t'
[1;36mdebug: [0mc_header: LOOP START token=81 line=8492 text='struct'
[1;36mdebug: [0mc_header: LOOP START token=89 line=8493 text='bool'
[1;36mdebug: [0mc_header: LOOP START token=81 line=8498 text='struct'
[1;36mdebug: [0mc_header: LOOP START token=81 line=8501 text='struct'
[1;36mdebug: [0mc_header: LOOP START token=81 line=8503 text='struct'
[1;36mdebug: [0mc_header: LOOP START token=81 line=8504 text='struct'
[1;36mdebug: [0mc_header: LOOP START token=81 line=8505 text='struct'
[1;36mdebug: [0mc_header: LOOP START token=81 line=8506 text='struct'
[1;36mdebug: [0mc_header: LOOP START token=81 line=8507 text='struct'
[1;36mdebug: [0mc_header: LOOP START token=81 line=8508 text='struct'
[1;36mdebug: [0mc_header: LOOP START token=1 line=8512 text='wlr_scene_buffer_point_accepts_input_func_t'
[1;36mdebug: [0mc_header: LOOP START token=81 line=8520 text='struct'
[1;36mdebug: [0mc_header: LOOP START token=67 line=8522 text='float'
[1;36mdebug: [0mc_header: LOOP START token=65 line=8523 text='enum'
[1;36mdebug: [0mc_header: LOOP START token=81 line=8524 text='struct'
[1;36mdebug: [0mc_header: LOOP START token=72 line=8525 text='int'
[1;36mdebug: [0mc_header: LOOP START token=65 line=8526 text='enum'
[1;36mdebug: [0mc_header: LOOP START token=1 line=8527 text='pixman_region32_t'
[1;36mdebug: [0mc_header: LOOP START token=1 line=8531 text='uint64_t'
[1;36mdebug: [0mc_header: LOOP START token=81 line=8532 text='struct'
[1;36mdebug: [0mc_header: LOOP START token=81 line=8533 text='struct'
[1;36mdebug: [0mc_header: LOOP START token=89 line=8535 text='bool'
[1;36mdebug: [0mc_header: LOOP START token=72 line=8536 text='int'
[1;36mdebug: [0mc_header: LOOP START token=89 line=8537 text='bool'
[1;36mdebug: [0mc_header: LOOP START token=81 line=8539 text='struct'
[1;36mdebug: [0mc_header: LOOP START token=81 line=8540 text='struct'
[1;36mdebug: [0mc_header: LOOP START token=81 line=8545 text='struct'
[1;36mdebug: [0mc_header: LOOP START token=81 line=8546 text='struct'
[1;36mdebug: [0mc_header: LOOP START token=81 line=8547 text='struct'
[1;36mdebug: [0mc_header: LOOP START token=81 line=8548 text='struct'
[1;36mdebug: [0mc_header: LOOP START token=81 line=8550 text='struct'
[1;36mdebug: [0mc_header: LOOP START token=72 line=8552 text='int'
[1;36mdebug: [0mc_header: LOOP START token=81 line=8554 text='struct'
[1;36mdebug: [0mc_header: LOOP START token=81 line=8555 text='struct'
[1;36mdebug: [0mc_header: LOOP START token=1 line=8560 text='pixman_region32_t'
[1;36mdebug: [0mc_header: LOOP START token=1 line=8562 text='uint8_t'
[1;36mdebug: [0mc_header: LOOP START token=89 line=8563 text='bool'
[1;36mdebug: [0mc_header: LOOP START token=81 line=8565 text='struct'
[1;36mdebug: [0mc_header: LOOP START token=81 line=8566 text='struct'
[1;36mdebug: [0mc_header: LOOP START token=81 line=8567 text='struct'
[1;36mdebug: [0mc_header: LOOP START token=81 line=8569 text='struct'
[1;36mdebug: [0mc_header: LOOP START token=81 line=8571 text='struct'
[1;36mdebug: [0mc_header: LOOP START token=1 line=8575 text='int64_t'
[1;36mdebug: [0mc_header: LOOP START token=81 line=8576 text='struct'
[1;36mdebug: [0mc_header: LOOP START token=81 line=8581 text='struct'
[1;36mdebug: [0mc_header: LOOP START token=81 line=8582 text='struct'
[1;36mdebug: [0mc_header: LOOP START token=81 line=8586 text='struct'
[1;36mdebug: [0mc_header: LOOP START token=81 line=8587 text='struct'
[1;36mdebug: [0mc_header: LOOP START token=81 line=8588 text='struct'
[1;36mdebug: [0mc_header: LOOP START token=81 line=8589 text='struct'
[1;36mdebug: [0mc_header: w_name=wlr_scene_node_destroy
[1;36mdebug: [0mc_header: parsed function wlr_scene_node_destroy with 1 params (varargs=0) at line 8595
[1;36mdebug: [0mc_header: w_name=wlr_scene_node_set_enabled
[1;36mdebug: [0mc_header: parsed function wlr_scene_node_set_enabled with 2 params (varargs=0) at line 8600
[1;36mdebug: [0mc_header: w_name=wlr_scene_node_set_position
[1;36mdebug: [0mc_header: parsed function wlr_scene_node_set_position with 3 params (varargs=0) at line 8604
[1;36mdebug: [0mc_header: w_name=wlr_scene_node_place_above
[1;36mdebug: [0mc_header: parsed function wlr_scene_node_place_above with 2 params (varargs=0) at line 8610
[1;36mdebug: [0mc_header: w_name=wlr_scene_node_place_below
[1;36mdebug: [0mc_header: parsed function wlr_scene_node_place_below with 2 params (varargs=0) at line 8616
[1;36mdebug: [0mc_header: w_name=wlr_scene_node_raise_to_top
[1;36mdebug: [0mc_header: parsed function wlr_scene_node_raise_to_top with 1 params (varargs=0) at line 8620
[1;36mdebug: [0mc_header: w_name=wlr_scene_node_lower_to_bottom
[1;36mdebug: [0mc_header: parsed function wlr_scene_node_lower_to_bottom with 1 params (varargs=0) at line 8624
[1;36mdebug: [0mc_header: w_name=wlr_scene_node_reparent
[1;36mdebug: [0mc_header: parsed function wlr_scene_node_reparent with 2 params (varargs=0) at line 8629
[1;36mdebug: [0mc_header: w_name=wlr_scene_node_coords
[1;36mdebug: [0mc_header: parsed function wlr_scene_node_coords with 3 params (varargs=0) at line 8635
[1;36mdebug: [0mc_header: w_name=wlr_scene_node_for_each_buffer
[1;36mdebug: [0mc_header: parsed function wlr_scene_node_for_each_buffer with 3 params (varargs=0) at line 8642
[1;36mdebug: [0mc_header: w_name=wlr_scene_node_at
[1;36mdebug: [0mc_header: parsed function wlr_scene_node_at with 5 params (varargs=0) at line 8650
[1;36mdebug: [0mc_header: w_name=wlr_scene_create
[1;36mdebug: [0mc_header: parsed function wlr_scene_create with 0 params (varargs=0) at line 8655
[1;36mdebug: [0mc_header: w_name=wlr_scene_set_linux_dmabuf_v1
[1;36mdebug: [0mc_header: parsed function wlr_scene_set_linux_dmabuf_v1 with 2 params (varargs=0) at line 8663
[1;36mdebug: [0mc_header: w_name=wlr_scene_tree_create
[1;36mdebug: [0mc_header: parsed function wlr_scene_tree_create with 1 params (varargs=0) at line 8669
[1;36mdebug: [0mc_header: w_name=wlr_scene_surface_create
[1;36mdebug: [0mc_header: parsed function wlr_scene_surface_create with 2 params (varargs=0) at line 8672
[1;36mdebug: [0mc_header: w_name=wlr_scene_buffer_from_node
[1;36mdebug: [0mc_header: parsed function wlr_scene_buffer_from_node with 1 params (varargs=0) at line 8678
[1;36mdebug: [0mc_header: w_name=wlr_scene_tree_from_node
[1;36mdebug: [0mc_header: parsed function wlr_scene_tree_from_node with 1 params (varargs=0) at line 8684
[1;36mdebug: [0mc_header: w_name=wlr_scene_rect_from_node
[1;36mdebug: [0mc_header: parsed function wlr_scene_rect_from_node with 1 params (varargs=0) at line 8690
[1;36mdebug: [0mc_header: w_name=wlr_scene_surface_try_from_buffer
[1;36mdebug: [0mc_header: parsed function wlr_scene_surface_try_from_buffer with 1 params (varargs=0) at line 8697
[1;36mdebug: [0mc_header: w_name=wlr_scene_rect_create
[1;36mdebug: [0mc_header: parsed function wlr_scene_rect_create with 4 params (varargs=0) at line 8703
[1;36mdebug: [0mc_header: w_name=wlr_scene_rect_set_size
[1;36mdebug: [0mc_header: parsed function wlr_scene_rect_set_size with 3 params (varargs=0) at line 8708
[1;36mdebug: [0mc_header: w_name=wlr_scene_rect_set_color
[1;36mdebug: [0mc_header: parsed function wlr_scene_rect_set_color with 2 params (varargs=0) at line 8713
[1;36mdebug: [0mc_header: w_name=wlr_scene_buffer_create
[1;36mdebug: [0mc_header: parsed function wlr_scene_buffer_create with 2 params (varargs=0) at line 8721
[1;36mdebug: [0mc_header: w_name=wlr_scene_buffer_set_buffer
[1;36mdebug: [0mc_header: parsed function wlr_scene_buffer_set_buffer with 2 params (varargs=0) at line 8729
[1;36mdebug: [0mc_header: w_name=wlr_scene_buffer_set_buffer_with_damage
[1;36mdebug: [0mc_header: parsed function wlr_scene_buffer_set_buffer_with_damage with 3 params (varargs=0) at line 8738
[1;36mdebug: [0mc_header: w_name=wlr_scene_buffer_set_opaque_region
[1;36mdebug: [0mc_header: parsed function wlr_scene_buffer_set_opaque_region with 2 params (varargs=0) at line 8745
[1;36mdebug: [0mc_header: w_name=wlr_scene_buffer_set_source_box
[1;36mdebug: [0mc_header: parsed function wlr_scene_buffer_set_source_box with 2 params (varargs=0) at line 8754
[1;36mdebug: [0mc_header: w_name=wlr_scene_buffer_set_dest_size
[1;36mdebug: [0mc_header: parsed function wlr_scene_buffer_set_dest_size with 3 params (varargs=0) at line 8757
[1;36mdebug: [0mc_header: w_name=wlr_scene_buffer_set_transform
[1;36mdebug: [0mc_header: parsed function wlr_scene_buffer_set_transform with 2 params (varargs=0) at line 8763
[1;36mdebug: [0mc_header: w_name=wlr_scene_buffer_set_opacity
[1;36mdebug: [0mc_header: parsed function wlr_scene_buffer_set_opacity with 2 params (varargs=0) at line 8769
[1;36mdebug: [0mc_header: w_name=wlr_scene_buffer_set_filter_mode
[1;36mdebug: [0mc_header: parsed function wlr_scene_buffer_set_filter_mode with 2 params (varargs=0) at line 8775
[1;36mdebug: [0mc_header: w_name=wlr_scene_buffer_send_frame_done
[1;36mdebug: [0mc_header: parsed function wlr_scene_buffer_send_frame_done with 2 params (varargs=0) at line 8781
[1;36mdebug: [0mc_header: w_name=wlr_scene_output_create
[1;36mdebug: [0mc_header: parsed function wlr_scene_output_create with 2 params (varargs=0) at line 8789
[1;36mdebug: [0mc_header: w_name=wlr_scene_output_destroy
[1;36mdebug: [0mc_header: parsed function wlr_scene_output_destroy with 1 params (varargs=0) at line 8793
[1;36mdebug: [0mc_header: w_name=wlr_scene_output_set_position
[1;36mdebug: [0mc_header: parsed function wlr_scene_output_set_position with 3 params (varargs=0) at line 8798
[1;36mdebug: [0mc_header: LOOP START token=81 line=8801 text='struct'
[1;36mdebug: [0mc_header: LOOP START token=81 line=8802 text='struct'
[1;36mdebug: [0mc_header: LOOP START token=81 line=8809 text='struct'
[1;36mdebug: [0mc_header: w_name=wlr_scene_output_commit
[1;36mdebug: [0mc_header: parsed function wlr_scene_output_commit with 2 params (varargs=0) at line 8816
[1;36mdebug: [0mc_header: w_name=wlr_scene_output_build_state
[1;36mdebug: [0mc_header: parsed function wlr_scene_output_build_state with 3 params (varargs=0) at line 8822
[1;36mdebug: [0mc_header: w_name=wlr_scene_timer_get_duration_ns
[1;36mdebug: [0mc_header: parsed function wlr_scene_timer_get_duration_ns with 1 params (varargs=0) at line 8830
[1;36mdebug: [0mc_header: w_name=wlr_scene_timer_finish
[1;36mdebug: [0mc_header: parsed function wlr_scene_timer_finish with 1 params (varargs=0) at line 8831
[1;36mdebug: [0mc_header: w_name=wlr_scene_output_send_frame_done
[1;36mdebug: [0mc_header: parsed function wlr_scene_output_send_frame_done with 2 params (varargs=0) at line 8839
[1;36mdebug: [0mc_header: w_name=wlr_scene_output_for_each_buffer
[1;36mdebug: [0mc_header: parsed function wlr_scene_output_for_each_buffer with 3 params (varargs=0) at line 8846
[1;36mdebug: [0mc_header: w_name=wlr_scene_get_scene_output
[1;36mdebug: [0mc_header: parsed function wlr_scene_get_scene_output with 2 params (varargs=0) at line 8853
[1;36mdebug: [0mc_header: w_name=wlr_scene_attach_output_layout
[1;36mdebug: [0mc_header: parsed function wlr_scene_attach_output_layout with 2 params (varargs=0) at line 8856
[1;36mdebug: [0mc_header: w_name=wlr_scene_output_layout_add_output
[1;36mdebug: [0mc_header: parsed function wlr_scene_output_layout_add_output with 3 params (varargs=0) at line 8865
[1;36mdebug: [0mc_header: w_name=wlr_scene_subsurface_tree_create
[1;36mdebug: [0mc_header: parsed function wlr_scene_subsurface_tree_create with 2 params (varargs=0) at line 8872
[1;36mdebug: [0mc_header: w_name=wlr_scene_subsurface_tree_set_clip
[1;36mdebug: [0mc_header: parsed function wlr_scene_subsurface_tree_set_clip with 2 params (varargs=0) at line 8875
[1;36mdebug: [0mc_header: w_name=wlr_scene_xdg_surface_create
[1;36mdebug: [0mc_header: parsed function wlr_scene_xdg_surface_create with 2 params (varargs=0) at line 8878
[1;36mdebug: [0mc_header: w_name=wlr_scene_layer_surface_v1_create
[1;36mdebug: [0mc_header: parsed function wlr_scene_layer_surface_v1_create with 2 params (varargs=0) at line 8881
[1;36mdebug: [0mc_header: w_name=wlr_scene_layer_surface_v1_configure
[1;36mdebug: [0mc_header: parsed function wlr_scene_layer_surface_v1_configure with 3 params (varargs=0) at line 8885
[1;36mdebug: [0mc_header: w_name=wlr_scene_drag_icon_create
[1;36mdebug: [0mc_header: parsed function wlr_scene_drag_icon_create with 2 params (varargs=0) at line 8892
[1;36mdebug: [0mc_header: LOOP START token=72
[1;36mdebug: [0mc_header: LOOP START token=72 line=215 text='int'
[1;36mdebug: [0mc_header: LOOP START token=72 line=216 text='int'
[1;36mdebug: [0mc_header: LOOP START token=72 line=217 text='int'
[1;36mdebug: [0mc_header: LOOP START token=72 line=218 text='int'
[1;36mdebug: [0mc_header: LOOP START token=72 line=219 text='int'
[1;36mdebug: [0mc_header: LOOP START token=72 line=220 text='int'
[1;36mdebug: [0mc_header: LOOP START token=72 line=221 text='int'
[1;36mdebug: [0mc_header: LOOP START token=72 line=222 text='int'
[1;36mdebug: [0mc_header: LOOP START token=72 line=223 text='int'
[1;36mdebug: [0mc_header: LOOP START token=73 line=226 text='long'
[1;36mdebug: [0mc_header: LOOP START token=59 line=227 text='const'
[1;36mdebug: [0mc_header: LOOP START token=1 line=256 text='__time_t'
[1;36mdebug: [0mc_header: LOOP START token=1 line=261 text='__syscall_slong_t'
[1;36mdebug: [0mc_header: LOOP START token=81 line=296 text='struct'
[1;36mdebug: [0mc_header: LOOP START token=81 line=297 text='struct'
[1;36mdebug: [0mc_header: LOOP START token=81 line=318 text='struct'
[1;36mdebug: [0mc_header: LOOP START token=59 line=321 text='const'
[1;36mdebug: [0mc_header: LOOP START token=59 line=322 text='const'
[1;36mdebug: [0mc_header: LOOP START token=59 line=323 text='const'
[1;36mdebug: [0mc_header: LOOP START token=59 line=326 text='const'
[1;36mdebug: [0mc_header: w_name=clock
[1;36mdebug: [0mc_header: parsed function clock with 0 params (varargs=0) at line 339
[1;36mdebug: [0mc_header: w_name=time
[1;36mdebug: [0mc_header: parsed function time with 1 params (varargs=0) at line 343
[1;36mdebug: [0mc_header: w_name=difftime
[1;36mdebug: [0mc_header: parsed function difftime with 2 params (varargs=0) at line 346
[1;36mdebug: [0mc_header: w_name=mktime
[1;36mdebug: [0mc_header: parsed function mktime with 1 params (varargs=0) at line 349
[1;36mdebug: [0mc_header: w_name=strftime
[1;36mdebug: [0mc_header: parsed function strftime with 4 params (varargs=0) at line 354
[1;36mdebug: [0mc_header: w_name=strftime_l
[1;36mdebug: [0mc_header: parsed function strftime_l with 5 params (varargs=0) at line 359
[1;36mdebug: [0mc_header: w_name=gmtime
[1;36mdebug: [0mc_header: parsed function gmtime with 1 params (varargs=0) at line 361
[1;36mdebug: [0mc_header: w_name=localtime
[1;36mdebug: [0mc_header: parsed function localtime with 1 params (varargs=0) at line 365
[1;36mdebug: [0mc_header: w_name=gmtime_r
[1;36mdebug: [0mc_header: parsed function gmtime_r with 2 params (varargs=0) at line 368
[1;36mdebug: [0mc_header: w_name=localtime_r
[1;36mdebug: [0mc_header: parsed function localtime_r with 2 params (varargs=0) at line 373
[1;36mdebug: [0mc_header: w_name=asctime
[1;36mdebug: [0mc_header: parsed function asctime with 1 params (varargs=0) at line 375
[1;36mdebug: [0mc_header: w_name=ctime
[1;36mdebug: [0mc_header: parsed function ctime with 1 params (varargs=0) at line 379
[1;36mdebug: [0mc_header: w_name=asctime_r
[1;36mdebug: [0mc_header: parsed function asctime_r with 2 params (varargs=0) at line 382
[1;36mdebug: [0mc_header: w_name=ctime_r
[1;36mdebug: [0mc_header: parsed function ctime_r with 2 params (varargs=0) at line 387
[1;36mdebug: [0mc_header: w_name=tzset
[1;36mdebug: [0mc_header: parsed function tzset with 0 params (varargs=0) at line 400
[1;36mdebug: [0mc_header: w_name=timegm
[1;36mdebug: [0mc_header: parsed function timegm with 1 params (varargs=0) at line 407
[1;36mdebug: [0mc_header: w_name=timelocal
[1;36mdebug: [0mc_header: parsed function timelocal with 1 params (varargs=0) at line 409
[1;36mdebug: [0mc_header: w_name=dysize
[1;36mdebug: [0mc_header: parsed function dysize with 1 params (varargs=0) at line 417
[1;36mdebug: [0mc_header: w_name=nanosleep
[1;36mdebug: [0mc_header: parsed function nanosleep with 2 params (varargs=0) at line 420
[1;36mdebug: [0mc_header: w_name=clock_getres
[1;36mdebug: [0mc_header: parsed function clock_getres with 2 params (varargs=0) at line 423
[1;36mdebug: [0mc_header: w_name=clock_gettime
[1;36mdebug: [0mc_header: parsed function clock_gettime with 2 params (varargs=0) at line 427
[1;36mdebug: [0mc_header: w_name=clock_settime
[1;36mdebug: [0mc_header: parsed function clock_settime with 2 params (varargs=0) at line 431
[1;36mdebug: [0mc_header: w_name=clock_nanosleep
[1;36mdebug: [0mc_header: parsed function clock_nanosleep with 4 params (varargs=0) at line 435
[1;36mdebug: [0mc_header: w_name=clock_getcpuclockid
[1;36mdebug: [0mc_header: parsed function clock_getcpuclockid with 2 params (varargs=0) at line 437
[1;36mdebug: [0mc_header: w_name=timer_create
[1;36mdebug: [0mc_header: parsed function timer_create with 3 params (varargs=0) at line 444
[1;36mdebug: [0mc_header: w_name=timer_delete
[1;36mdebug: [0mc_header: parsed function timer_delete with 0 params (varargs=0) at line 447
[1;36mdebug: [0mc_header: w_name=timer_settime
[1;36mdebug: [0mc_header: parsed function timer_settime with 4 params (varargs=0) at line 453
[1;36mdebug: [0mc_header: w_name=timer_gettime
[1;36mdebug: [0mc_header: parsed function timer_gettime with 2 params (varargs=0) at line 457
[1;36mdebug: [0mc_header: w_name=timer_getoverrun
[1;36mdebug: [0mc_header: parsed function timer_getoverrun with 0 params (varargs=0) at line 459
[1;36mdebug: [0mc_header: w_name=timespec_get
[1;36mdebug: [0mc_header: parsed function timespec_get with 2 params (varargs=0) at line 467
[1;36mdebug: [0mc_header: w_name=timespec_getres
[1;36mdebug: [0mc_header: parsed function timespec_getres with 2 params (varargs=0) at line 470
[1;36mdebug: [0mc_header: w_name=__bswap_16
[1;36mdebug: [0mc_header: parsed function __bswap_16 with 1 params (varargs=0) at line 583
[1;36mdebug: [0mc_header: w_name=__bswap_32
[1;36mdebug: [0mc_header: parsed function __bswap_32 with 1 params (varargs=0) at line 598
[1;36mdebug: [0mc_header: w_name=__bswap_64
[1;36mdebug: [0mc_header: parsed function __bswap_64 with 1 params (varargs=0) at line 608
[1;36mdebug: [0mc_header: w_name=__uint16_identity
[1;36mdebug: [0mc_header: parsed function __uint16_identity with 1 params (varargs=0) at line 620
[1;36mdebug: [0mc_header: w_name=__uint32_identity
[1;36mdebug: [0mc_header: parsed function __uint32_identity with 1 params (varargs=0) at line 626
[1;36mdebug: [0mc_header: w_name=__uint64_identity
[1;36mdebug: [0mc_header: parsed function __uint64_identity with 1 params (varargs=0) at line 632
[1;36mdebug: [0mc_header: LOOP START token=85
[1;36mdebug: [0mc_header: LOOP START token=1 line=680 text='__time_t'
[1;36mdebug: [0mc_header: LOOP START token=1 line=681 text='__suseconds_t'
[1;36mdebug: [0mc_header: LOOP START token=1
[1;36mdebug: [0mc_header: w_name=select
[1;36mdebug: [0mc_header: parsed function select with 5 params (varargs=0) at line 723
[1;36mdebug: [0mc_header: w_name=pselect
[1;36mdebug: [0mc_header: parsed function pselect with 6 params (varargs=0) at line 729
[1;36mdebug: [0mc_header: LOOP START token=97
[1;36mdebug: [0mc_header: LOOP START token=81
[1;36mdebug: [0mc_header: LOOP START token=85
[1;36mdebug: [0mc_header: LOOP START token=85
[1;36mdebug: [0mc_header: LOOP START token=81
[1;36mdebug: [0mc_header: LOOP START token=81
[1;36mdebug: [0mc_header: LOOP START token=81
[1;36mdebug: [0mc_header: LOOP START token=72 line=796 text='int'
[1;36mdebug: [0mc_header: LOOP START token=85 line=797 text='unsigned'
[1;36mdebug: [0mc_header: LOOP START token=72 line=798 text='int'
[1;36mdebug: [0mc_header: LOOP START token=85 line=800 text='unsigned'
[1;36mdebug: [0mc_header: LOOP START token=72 line=804 text='int'
[1;36mdebug: [0mc_header: LOOP START token=77 line=806 text='short'
[1;36mdebug: [0mc_header: LOOP START token=77 line=807 text='short'
[1;36mdebug: [0mc_header: LOOP START token=1 line=808 text='__pthread_list_t'
[1;36mdebug: [0mc_header: LOOP START token=85 line=817 text='unsigned'
[1;36mdebug: [0mc_header: LOOP START token=85 line=818 text='unsigned'
[1;36mdebug: [0mc_header: LOOP START token=85 line=819 text='unsigned'
[1;36mdebug: [0mc_header: LOOP START token=85 line=820 text='unsigned'
[1;36mdebug: [0mc_header: LOOP START token=85 line=821 text='unsigned'
[1;36mdebug: [0mc_header: LOOP START token=85 line=822 text='unsigned'
[1;36mdebug: [0mc_header: LOOP START token=72 line=824 text='int'
[1;36mdebug: [0mc_header: LOOP START token=72 line=825 text='int'
[1;36mdebug: [0mc_header: LOOP START token=85 line=826 text='unsigned'
[1;36mdebug: [0mc_header: LOOP START token=85 line=827 text='unsigned'
[1;36mdebug: [0mc_header: LOOP START token=85 line=830 text='unsigned'
[1;36mdebug: [0mc_header: LOOP START token=1 line=840 text='__atomic_wide_counter'
[1;36mdebug: [0mc_header: LOOP START token=1 line=841 text='__atomic_wide_counter'
[1;36mdebug: [0mc_header: LOOP START token=85 line=842 text='unsigned'
[1;36mdebug: [0mc_header: LOOP START token=85 line=843 text='unsigned'
[1;36mdebug: [0mc_header: LOOP START token=85 line=844 text='unsigned'
[1;36mdebug: [0mc_header: LOOP START token=85 line=845 text='unsigned'
[1;36mdebug: [0mc_header: LOOP START token=85 line=846 text='unsigned'
[1;36mdebug: [0mc_header: LOOP START token=85 line=847 text='unsigned'
[1;36mdebug: [0mc_header: LOOP START token=72
[1;36mdebug: [0mc_header: LOOP START token=58
[1;36mdebug: [0mc_header: LOOP START token=72
[1;36mdebug: [0mc_header: LOOP START token=58
[1;36mdebug: [0mc_header: LOOP START token=72
[1;36mdebug: [0mc_header: LOOP START token=58 line=892 text='char'
[1;36mdebug: [0mc_header: LOOP START token=73 line=893 text='long'
[1;36mdebug: [0mc_header: LOOP START token=81
[1;36mdebug: [0mc_header: LOOP START token=58
[1;36mdebug: [0mc_header: LOOP START token=73
[1;36mdebug: [0mc_header: LOOP START token=81
[1;36mdebug: [0mc_header: LOOP START token=58
[1;36mdebug: [0mc_header: LOOP START token=97
[1;36mdebug: [0mc_header: LOOP START token=81
[1;36mdebug: [0mc_header: LOOP START token=58
[1;36mdebug: [0mc_header: LOOP START token=73
[1;36mdebug: [0mc_header: LOOP START token=58
[1;36mdebug: [0mc_header: LOOP START token=73
[1;36mdebug: [0mc_header: LOOP START token=58
[1;36mdebug: [0mc_header: LOOP START token=73
[1;36mdebug: [0mc_header: LOOP START token=58
[1;36mdebug: [0mc_header: LOOP START token=72
[1;36mdebug: [0mc_header: LOOP START token=1
[1;36mdebug: [0mc_header: LOOP START token=1
[1;36mdebug: [0mc_header: LOOP START token=1
[1;36mdebug: [0mc_header: LOOP START token=1
[1;36mdebug: [0mc_header: LOOP START token=1
[1;36mdebug: [0mc_header: w_name=__fpclassify
[1;36mdebug: [0mc_header: parsed function __fpclassify with 1 params (varargs=0) at line 1100
[1;36mdebug: [0mc_header: w_name=__signbit
[1;36mdebug: [0mc_header: parsed function __signbit with 1 params (varargs=0) at line 1104
[1;36mdebug: [0mc_header: w_name=__isinf
[1;36mdebug: [0mc_header: parsed function __isinf with 1 params (varargs=0) at line 1109
[1;36mdebug: [0mc_header: w_name=__finite
[1;36mdebug: [0mc_header: parsed function __finite with 1 params (varargs=0) at line 1113
[1;36mdebug: [0mc_header: w_name=__isnan
[1;36mdebug: [0mc_header: parsed function __isnan with 1 params (varargs=0) at line 1117
[1;36mdebug: [0mc_header: w_name=__iseqsig
[1;36mdebug: [0mc_header: parsed function __iseqsig with 2 params (varargs=0) at line 1121
[1;36mdebug: [0mc_header: w_name=__issignaling
[1;36mdebug: [0mc_header: parsed function __issignaling with 1 params (varargs=0) at line 1124
[1;36mdebug: [0mc_header: w_name=acos
[1;36mdebug: [0mc_header: parsed function acos with 1 params (varargs=0) at line 1129
[1;36mdebug: [0mc_header: w_name=__acos
[1;36mdebug: [0mc_header: parsed function __acos with 1 params (varargs=0) at line 1129
[1;36mdebug: [0mc_header: w_name=asin
[1;36mdebug: [0mc_header: parsed function asin with 1 params (varargs=0) at line 1131
[1;36mdebug: [0mc_header: w_name=__asin
[1;36mdebug: [0mc_header: parsed function __asin with 1 params (varargs=0) at line 1131
[1;36mdebug: [0mc_header: w_name=atan
[1;36mdebug: [0mc_header: parsed function atan with 1 params (varargs=0) at line 1133
[1;36mdebug: [0mc_header: w_name=__atan
[1;36mdebug: [0mc_header: parsed function __atan with 1 params (varargs=0) at line 1133
[1;36mdebug: [0mc_header: w_name=atan2
[1;36mdebug: [0mc_header: parsed function atan2 with 2 params (varargs=0) at line 1135
[1;36mdebug: [0mc_header: w_name=__atan2
[1;36mdebug: [0mc_header: parsed function __atan2 with 2 params (varargs=0) at line 1135
[1;36mdebug: [0mc_header: w_name=cos
[1;36mdebug: [0mc_header: parsed function cos with 1 params (varargs=0) at line 1138
[1;36mdebug: [0mc_header: w_name=__cos
[1;36mdebug: [0mc_header: parsed function __cos with 1 params (varargs=0) at line 1138
[1;36mdebug: [0mc_header: w_name=sin
[1;36mdebug: [0mc_header: parsed function sin with 1 params (varargs=0) at line 1140
[1;36mdebug: [0mc_header: w_name=__sin
[1;36mdebug: [0mc_header: parsed function __sin with 1 params (varargs=0) at line 1140
[1;36mdebug: [0mc_header: w_name=tan
[1;36mdebug: [0mc_header: parsed function tan with 1 params (varargs=0) at line 1142
[1;36mdebug: [0mc_header: w_name=__tan
[1;36mdebug: [0mc_header: parsed function __tan with 1 params (varargs=0) at line 1142
[1;36mdebug: [0mc_header: w_name=acospi
[1;36mdebug: [0mc_header: parsed function acospi with 1 params (varargs=0) at line 1146
[1;36mdebug: [0mc_header: w_name=__acospi
[1;36mdebug: [0mc_header: parsed function __acospi with 1 params (varargs=0) at line 1146
[1;36mdebug: [0mc_header: w_name=acospi
[1;36mdebug: [0mc_header: parsed function acospi with 1 params (varargs=0) at line 1147
[1;36mdebug: [0mc_header: w_name=__acospi
[1;36mdebug: [0mc_header: parsed function __acospi with 1 params (varargs=0) at line 1147
[1;36mdebug: [0mc_header: w_name=asinpi
[1;36mdebug: [0mc_header: parsed function asinpi with 1 params (varargs=0) at line 1149
[1;36mdebug: [0mc_header: w_name=__asinpi
[1;36mdebug: [0mc_header: parsed function __asinpi with 1 params (varargs=0) at line 1149
[1;36mdebug: [0mc_header: w_name=asinpi
[1;36mdebug: [0mc_header: parsed function asinpi with 1 params (varargs=0) at line 1150
[1;36mdebug: [0mc_header: w_name=__asinpi
[1;36mdebug: [0mc_header: parsed function __asinpi with 1 params (varargs=0) at line 1150
[1;36mdebug: [0mc_header: w_name=atanpi
[1;36mdebug: [0mc_header: parsed function atanpi with 1 params (varargs=0) at line 1152
[1;36mdebug: [0mc_header: w_name=__atanpi
[1;36mdebug: [0mc_header: parsed function __atanpi with 1 params (varargs=0) at line 1152
[1;36mdebug: [0mc_header: w_name=atanpi
[1;36mdebug: [0mc_header: parsed function atanpi with 1 params (varargs=0) at line 1153
[1;36mdebug: [0mc_header: w_name=__atanpi
[1;36mdebug: [0mc_header: parsed function __atanpi with 1 params (varargs=0) at line 1153
[1;36mdebug: [0mc_header: w_name=atan2pi
[1;36mdebug: [0mc_header: parsed function atan2pi with 2 params (varargs=0) at line 1155
[1;36mdebug: [0mc_header: w_name=__atan2pi
[1;36mdebug: [0mc_header: parsed function __atan2pi with 2 params (varargs=0) at line 1155
[1;36mdebug: [0mc_header: w_name=atan2pi
[1;36mdebug: [0mc_header: parsed function atan2pi with 2 params (varargs=0) at line 1156
[1;36mdebug: [0mc_header: w_name=__atan2pi
[1;36mdebug: [0mc_header: parsed function __atan2pi with 2 params (varargs=0) at line 1156
[1;36mdebug: [0mc_header: w_name=cospi
[1;36mdebug: [0mc_header: parsed function cospi with 1 params (varargs=0) at line 1159
[1;36mdebug: [0mc_header: w_name=__cospi
[1;36mdebug: [0mc_header: parsed function __cospi with 1 params (varargs=0) at line 1159
[1;36mdebug: [0mc_header: w_name=sinpi
[1;36mdebug: [0mc_header: parsed function sinpi with 1 params (varargs=0) at line 1161
[1;36mdebug: [0mc_header: w_name=__sinpi
[1;36mdebug: [0mc_header: parsed function __sinpi with 1 params (varargs=0) at line 1161
[1;36mdebug: [0mc_header: w_name=tanpi
[1;36mdebug: [0mc_header: parsed function tanpi with 1 params (varargs=0) at line 1163
[1;36mdebug: [0mc_header: w_name=__tanpi
[1;36mdebug: [0mc_header: parsed function __tanpi with 1 params (varargs=0) at line 1163
[1;36mdebug: [0mc_header: w_name=cosh
[1;36mdebug: [0mc_header: parsed function cosh with 1 params (varargs=0) at line 1169
[1;36mdebug: [0mc_header: w_name=__cosh
[1;36mdebug: [0mc_header: parsed function __cosh with 1 params (varargs=0) at line 1169
[1;36mdebug: [0mc_header: w_name=sinh
[1;36mdebug: [0mc_header: parsed function sinh with 1 params (varargs=0) at line 1171
[1;36mdebug: [0mc_header: w_name=__sinh
[1;36mdebug: [0mc_header: parsed function __sinh with 1 params (varargs=0) at line 1171
[1;36mdebug: [0mc_header: w_name=tanh
[1;36mdebug: [0mc_header: parsed function tanh with 1 params (varargs=0) at line 1173
[1;36mdebug: [0mc_header: w_name=__tanh
[1;36mdebug: [0mc_header: parsed function __tanh with 1 params (varargs=0) at line 1173
[1;36mdebug: [0mc_header: w_name=acosh
[1;36mdebug: [0mc_header: parsed function acosh with 1 params (varargs=0) at line 1175
[1;36mdebug: [0mc_header: w_name=__acosh
[1;36mdebug: [0mc_header: parsed function __acosh with 1 params (varargs=0) at line 1175
[1;36mdebug: [0mc_header: w_name=asinh
[1;36mdebug: [0mc_header: parsed function asinh with 1 params (varargs=0) at line 1177
[1;36mdebug: [0mc_header: w_name=__asinh
[1;36mdebug: [0mc_header: parsed function __asinh with 1 params (varargs=0) at line 1177
[1;36mdebug: [0mc_header: w_name=atanh
[1;36mdebug: [0mc_header: parsed function atanh with 1 params (varargs=0) at line 1179
[1;36mdebug: [0mc_header: w_name=__atanh
[1;36mdebug: [0mc_header: parsed function __atanh with 1 params (varargs=0) at line 1179
[1;36mdebug: [0mc_header: w_name=exp
[1;36mdebug: [0mc_header: parsed function exp with 1 params (varargs=0) at line 1185
[1;36mdebug: [0mc_header: w_name=__exp
[1;36mdebug: [0mc_header: parsed function __exp with 1 params (varargs=0) at line 1185
[1;36mdebug: [0mc_header: w_name=frexp
[1;36mdebug: [0mc_header: parsed function frexp with 2 params (varargs=0) at line 1188
[1;36mdebug: [0mc_header: w_name=__frexp
[1;36mdebug: [0mc_header: parsed function __frexp with 2 params (varargs=0) at line 1188
[1;36mdebug: [0mc_header: w_name=ldexp
[1;36mdebug: [0mc_header: parsed function ldexp with 2 params (varargs=0) at line 1191
[1;36mdebug: [0mc_header: w_name=__ldexp
[1;36mdebug: [0mc_header: parsed function __ldexp with 2 params (varargs=0) at line 1191
[1;36mdebug: [0mc_header: w_name=log
[1;36mdebug: [0mc_header: parsed function log with 1 params (varargs=0) at line 1194
[1;36mdebug: [0mc_header: w_name=__log
[1;36mdebug: [0mc_header: parsed function __log with 1 params (varargs=0) at line 1194
[1;36mdebug: [0mc_header: w_name=log10
[1;36mdebug: [0mc_header: parsed function log10 with 1 params (varargs=0) at line 1197
[1;36mdebug: [0mc_header: w_name=__log10
[1;36mdebug: [0mc_header: parsed function __log10 with 1 params (varargs=0) at line 1197
[1;36mdebug: [0mc_header: w_name=modf
[1;36mdebug: [0mc_header: parsed function modf with 2 params (varargs=0) at line 1200
[1;36mdebug: [0mc_header: w_name=__modf
[1;36mdebug: [0mc_header: parsed function __modf with 2 params (varargs=0) at line 1200
[1;36mdebug: [0mc_header: w_name=exp10
[1;36mdebug: [0mc_header: parsed function exp10 with 1 params (varargs=0) at line 1204
[1;36mdebug: [0mc_header: w_name=__exp10
[1;36mdebug: [0mc_header: parsed function __exp10 with 1 params (varargs=0) at line 1204
[1;36mdebug: [0mc_header: w_name=exp2m1
[1;36mdebug: [0mc_header: parsed function exp2m1 with 1 params (varargs=0) at line 1207
[1;36mdebug: [0mc_header: w_name=__exp2m1
[1;36mdebug: [0mc_header: parsed function __exp2m1 with 1 params (varargs=0) at line 1207
[1;36mdebug: [0mc_header: w_name=exp10m1
[1;36mdebug: [0mc_header: parsed function exp10m1 with 1 params (varargs=0) at line 1210
[1;36mdebug: [0mc_header: w_name=__exp10m1
[1;36mdebug: [0mc_header: parsed function __exp10m1 with 1 params (varargs=0) at line 1210
[1;36mdebug: [0mc_header: w_name=log2p1
[1;36mdebug: [0mc_header: parsed function log2p1 with 1 params (varargs=0) at line 1213
[1;36mdebug: [0mc_header: w_name=__log2p1
[1;36mdebug: [0mc_header: parsed function __log2p1 with 1 params (varargs=0) at line 1213
[1;36mdebug: [0mc_header: w_name=log10p1
[1;36mdebug: [0mc_header: parsed function log10p1 with 1 params (varargs=0) at line 1216
[1;36mdebug: [0mc_header: w_name=__log10p1
[1;36mdebug: [0mc_header: parsed function __log10p1 with 1 params (varargs=0) at line 1216
[1;36mdebug: [0mc_header: w_name=logp1
[1;36mdebug: [0mc_header: parsed function logp1 with 1 params (varargs=0) at line 1219
[1;36mdebug: [0mc_header: w_name=__logp1
[1;36mdebug: [0mc_header: parsed function __logp1 with 1 params (varargs=0) at line 1219
[1;36mdebug: [0mc_header: w_name=expm1
[1;36mdebug: [0mc_header: parsed function expm1 with 1 params (varargs=0) at line 1224
[1;36mdebug: [0mc_header: w_name=__expm1
[1;36mdebug: [0mc_header: parsed function __expm1 with 1 params (varargs=0) at line 1224
[1;36mdebug: [0mc_header: w_name=log1p
[1;36mdebug: [0mc_header: parsed function log1p with 1 params (varargs=0) at line 1227
[1;36mdebug: [0mc_header: w_name=__log1p
[1;36mdebug: [0mc_header: parsed function __log1p with 1 params (varargs=0) at line 1227
[1;36mdebug: [0mc_header: w_name=logb
[1;36mdebug: [0mc_header: parsed function logb with 1 params (varargs=0) at line 1230
[1;36mdebug: [0mc_header: w_name=__logb
[1;36mdebug: [0mc_header: parsed function __logb with 1 params (varargs=0) at line 1230
[1;36mdebug: [0mc_header: w_name=exp2
[1;36mdebug: [0mc_header: parsed function exp2 with 1 params (varargs=0) at line 1235
[1;36mdebug: [0mc_header: w_name=__exp2
[1;36mdebug: [0mc_header: parsed function __exp2 with 1 params (varargs=0) at line 1235
[1;36mdebug: [0mc_header: w_name=log2
[1;36mdebug: [0mc_header: parsed function log2 with 1 params (varargs=0) at line 1238
[1;36mdebug: [0mc_header: w_name=__log2
[1;36mdebug: [0mc_header: parsed function __log2 with 1 params (varargs=0) at line 1238
[1;36mdebug: [0mc_header: w_name=pow
[1;36mdebug: [0mc_header: parsed function pow with 2 params (varargs=0) at line 1245
[1;36mdebug: [0mc_header: w_name=__pow
[1;36mdebug: [0mc_header: parsed function __pow with 2 params (varargs=0) at line 1245
[1;36mdebug: [0mc_header: w_name=sqrt
[1;36mdebug: [0mc_header: parsed function sqrt with 1 params (varargs=0) at line 1248
[1;36mdebug: [0mc_header: w_name=__sqrt
[1;36mdebug: [0mc_header: parsed function __sqrt with 1 params (varargs=0) at line 1248
[1;36mdebug: [0mc_header: w_name=hypot
[1;36mdebug: [0mc_header: parsed function hypot with 2 params (varargs=0) at line 1252
[1;36mdebug: [0mc_header: w_name=__hypot
[1;36mdebug: [0mc_header: parsed function __hypot with 2 params (varargs=0) at line 1252
[1;36mdebug: [0mc_header: w_name=cbrt
[1;36mdebug: [0mc_header: parsed function cbrt with 1 params (varargs=0) at line 1257
[1;36mdebug: [0mc_header: w_name=__cbrt
[1;36mdebug: [0mc_header: parsed function __cbrt with 1 params (varargs=0) at line 1257
[1;36mdebug: [0mc_header: w_name=compoundn
[1;36mdebug: [0mc_header: parsed function compoundn with 2 params (varargs=0) at line 1262
[1;36mdebug: [0mc_header: w_name=__compoundn
[1;36mdebug: [0mc_header: parsed function __compoundn with 2 params (varargs=0) at line 1262
[1;36mdebug: [0mc_header: w_name=pown
[1;36mdebug: [0mc_header: parsed function pown with 2 params (varargs=0) at line 1265
[1;36mdebug: [0mc_header: w_name=__pown
[1;36mdebug: [0mc_header: parsed function __pown with 2 params (varargs=0) at line 1265
[1;36mdebug: [0mc_header: w_name=powr
[1;36mdebug: [0mc_header: parsed function powr with 2 params (varargs=0) at line 1268
[1;36mdebug: [0mc_header: w_name=__powr
[1;36mdebug: [0mc_header: parsed function __powr with 2 params (varargs=0) at line 1268
[1;36mdebug: [0mc_header: w_name=powr
[1;36mdebug: [0mc_header: parsed function powr with 2 params (varargs=0) at line 1269
[1;36mdebug: [0mc_header: w_name=__powr
[1;36mdebug: [0mc_header: parsed function __powr with 2 params (varargs=0) at line 1269
[1;36mdebug: [0mc_header: w_name=rootn
[1;36mdebug: [0mc_header: parsed function rootn with 2 params (varargs=0) at line 1272
[1;36mdebug: [0mc_header: w_name=__rootn
[1;36mdebug: [0mc_header: parsed function __rootn with 2 params (varargs=0) at line 1272
[1;36mdebug: [0mc_header: w_name=rsqrt
[1;36mdebug: [0mc_header: parsed function rsqrt with 1 params (varargs=0) at line 1275
[1;36mdebug: [0mc_header: w_name=__rsqrt
[1;36mdebug: [0mc_header: parsed function __rsqrt with 1 params (varargs=0) at line 1275
[1;36mdebug: [0mc_header: w_name=ceil
[1;36mdebug: [0mc_header: parsed function ceil with 1 params (varargs=0) at line 1282
[1;36mdebug: [0mc_header: w_name=fabs
[1;36mdebug: [0mc_header: parsed function fabs with 1 params (varargs=0) at line 1285
[1;36mdebug: [0mc_header: w_name=floor
[1;36mdebug: [0mc_header: parsed function floor with 1 params (varargs=0) at line 1288
[1;36mdebug: [0mc_header: w_name=fmod
[1;36mdebug: [0mc_header: parsed function fmod with 2 params (varargs=0) at line 1291
[1;36mdebug: [0mc_header: w_name=__fmod
[1;36mdebug: [0mc_header: parsed function __fmod with 2 params (varargs=0) at line 1291
[1;36mdebug: [0mc_header: w_name=isinf
[1;36mdebug: [0mc_header: parsed function isinf with 1 params (varargs=0) at line 1293
[1;36mdebug: [0mc_header: w_name=finite
[1;36mdebug: [0mc_header: parsed function finite with 1 params (varargs=0) at line 1299
[1;36mdebug: [0mc_header: w_name=drem
[1;36mdebug: [0mc_header: parsed function drem with 2 params (varargs=0) at line 1303
[1;36mdebug: [0mc_header: w_name=__drem
[1;36mdebug: [0mc_header: parsed function __drem with 2 params (varargs=0) at line 1303
[1;36mdebug: [0mc_header: w_name=significand
[1;36mdebug: [0mc_header: parsed function significand with 1 params (varargs=0) at line 1307
[1;36mdebug: [0mc_header: w_name=__significand
[1;36mdebug: [0mc_header: parsed function __significand with 1 params (varargs=0) at line 1307
[1;36mdebug: [0mc_header: w_name=copysign
[1;36mdebug: [0mc_header: parsed function copysign with 2 params (varargs=0) at line 1314
[1;36mdebug: [0mc_header: w_name=nan
[1;36mdebug: [0mc_header: parsed function nan with 1 params (varargs=0) at line 1319
[1;36mdebug: [0mc_header: w_name=__nan
[1;36mdebug: [0mc_header: parsed function __nan with 1 params (varargs=0) at line 1319
[1;36mdebug: [0mc_header: w_name=isnan
[1;36mdebug: [0mc_header: parsed function isnan with 1 params (varargs=0) at line 1321
[1;36mdebug: [0mc_header: w_name=j0
[1;36mdebug: [0mc_header: parsed function j0 with 1 params (varargs=0) at line 1328
[1;36mdebug: [0mc_header: w_name=__j0
[1;36mdebug: [0mc_header: parsed function __j0 with 1 params (varargs=0) at line 1328
[1;36mdebug: [0mc_header: w_name=j1
[1;36mdebug: [0mc_header: parsed function j1 with 1 params (varargs=0) at line 1329
[1;36mdebug: [0mc_header: w_name=__j1
[1;36mdebug: [0mc_header: parsed function __j1 with 1 params (varargs=0) at line 1329
[1;36mdebug: [0mc_header: w_name=jn
[1;36mdebug: [0mc_header: parsed function jn with 2 params (varargs=0) at line 1330
[1;36mdebug: [0mc_header: w_name=__jn
[1;36mdebug: [0mc_header: parsed function __jn with 2 params (varargs=0) at line 1330
[1;36mdebug: [0mc_header: w_name=y0
[1;36mdebug: [0mc_header: parsed function y0 with 1 params (varargs=0) at line 1331
[1;36mdebug: [0mc_header: w_name=__y0
[1;36mdebug: [0mc_header: parsed function __y0 with 1 params (varargs=0) at line 1331
[1;36mdebug: [0mc_header: w_name=y1
[1;36mdebug: [0mc_header: parsed function y1 with 1 params (varargs=0) at line 1332
[1;36mdebug: [0mc_header: w_name=__y1
[1;36mdebug: [0mc_header: parsed function __y1 with 1 params (varargs=0) at line 1332
[1;36mdebug: [0mc_header: w_name=yn
[1;36mdebug: [0mc_header: parsed function yn with 2 params (varargs=0) at line 1333
[1;36mdebug: [0mc_header: w_name=__yn
[1;36mdebug: [0mc_header: parsed function __yn with 2 params (varargs=0) at line 1333
[1;36mdebug: [0mc_header: w_name=erf
[1;36mdebug: [0mc_header: parsed function erf with 1 params (varargs=0) at line 1339
[1;36mdebug: [0mc_header: w_name=__erf
[1;36mdebug: [0mc_header: parsed function __erf with 1 params (varargs=0) at line 1339
[1;36mdebug: [0mc_header: w_name=erfc
[1;36mdebug: [0mc_header: parsed function erfc with 1 params (varargs=0) at line 1340
[1;36mdebug: [0mc_header: w_name=__erfc
[1;36mdebug: [0mc_header: parsed function __erfc with 1 params (varargs=0) at line 1340
[1;36mdebug: [0mc_header: w_name=lgamma
[1;36mdebug: [0mc_header: parsed function lgamma with 1 params (varargs=0) at line 1341
[1;36mdebug: [0mc_header: w_name=__lgamma
[1;36mdebug: [0mc_header: parsed function __lgamma with 1 params (varargs=0) at line 1341
[1;36mdebug: [0mc_header: w_name=tgamma
[1;36mdebug: [0mc_header: parsed function tgamma with 1 params (varargs=0) at line 1346
[1;36mdebug: [0mc_header: w_name=__tgamma
[1;36mdebug: [0mc_header: parsed function __tgamma with 1 params (varargs=0) at line 1346
[1;36mdebug: [0mc_header: w_name=gamma
[1;36mdebug: [0mc_header: parsed function gamma with 1 params (varargs=0) at line 1352
[1;36mdebug: [0mc_header: w_name=__gamma
[1;36mdebug: [0mc_header: parsed function __gamma with 1 params (varargs=0) at line 1352
[1;36mdebug: [0mc_header: w_name=lgamma_r
[1;36mdebug: [0mc_header: parsed function lgamma_r with 2 params (varargs=0) at line 1360
[1;36mdebug: [0mc_header: w_name=__lgamma_r
[1;36mdebug: [0mc_header: parsed function __lgamma_r with 2 params (varargs=0) at line 1360
[1;36mdebug: [0mc_header: w_name=rint
[1;36mdebug: [0mc_header: parsed function rint with 1 params (varargs=0) at line 1367
[1;36mdebug: [0mc_header: w_name=__rint
[1;36mdebug: [0mc_header: parsed function __rint with 1 params (varargs=0) at line 1367
[1;36mdebug: [0mc_header: w_name=nextafter
[1;36mdebug: [0mc_header: parsed function nextafter with 2 params (varargs=0) at line 1370
[1;36mdebug: [0mc_header: w_name=__nextafter
[1;36mdebug: [0mc_header: parsed function __nextafter with 2 params (varargs=0) at line 1370
[1;36mdebug: [0mc_header: w_name=nexttoward
[1;36mdebug: [0mc_header: parsed function nexttoward with 2 params (varargs=0) at line 1372
[1;36mdebug: [0mc_header: w_name=__nexttoward
[1;36mdebug: [0mc_header: parsed function __nexttoward with 2 params (varargs=0) at line 1372
[1;36mdebug: [0mc_header: w_name=nextdown
[1;36mdebug: [0mc_header: parsed function nextdown with 1 params (varargs=0) at line 1377
[1;36mdebug: [0mc_header: w_name=__nextdown
[1;36mdebug: [0mc_header: parsed function __nextdown with 1 params (varargs=0) at line 1377
[1;36mdebug: [0mc_header: w_name=nextup
[1;36mdebug: [0mc_header: parsed function nextup with 1 params (varargs=0) at line 1379
[1;36mdebug: [0mc_header: w_name=__nextup
[1;36mdebug: [0mc_header: parsed function __nextup with 1 params (varargs=0) at line 1379
[1;36mdebug: [0mc_header: w_name=remainder
[1;36mdebug: [0mc_header: parsed function remainder with 2 params (varargs=0) at line 1383
[1;36mdebug: [0mc_header: w_name=__remainder
[1;36mdebug: [0mc_header: parsed function __remainder with 2 params (varargs=0) at line 1383
[1;36mdebug: [0mc_header: w_name=scalbn
[1;36mdebug: [0mc_header: parsed function scalbn with 2 params (varargs=0) at line 1387
[1;36mdebug: [0mc_header: w_name=__scalbn
[1;36mdebug: [0mc_header: parsed function __scalbn with 2 params (varargs=0) at line 1387
[1;36mdebug: [0mc_header: w_name=ilogb
[1;36mdebug: [0mc_header: parsed function ilogb with 1 params (varargs=0) at line 1391
[1;36mdebug: [0mc_header: w_name=__ilogb
[1;36mdebug: [0mc_header: parsed function __ilogb with 1 params (varargs=0) at line 1391
[1;36mdebug: [0mc_header: w_name=llogb
[1;36mdebug: [0mc_header: parsed function llogb with 1 params (varargs=0) at line 1396
[1;36mdebug: [0mc_header: w_name=__llogb
[1;36mdebug: [0mc_header: parsed function __llogb with 1 params (varargs=0) at line 1396
[1;36mdebug: [0mc_header: w_name=scalbln
[1;36mdebug: [0mc_header: parsed function scalbln with 2 params (varargs=0) at line 1401
[1;36mdebug: [0mc_header: w_name=__scalbln
[1;36mdebug: [0mc_header: parsed function __scalbln with 2 params (varargs=0) at line 1401
[1;36mdebug: [0mc_header: w_name=nearbyint
[1;36mdebug: [0mc_header: parsed function nearbyint with 1 params (varargs=0) at line 1405
[1;36mdebug: [0mc_header: w_name=__nearbyint
[1;36mdebug: [0mc_header: parsed function __nearbyint with 1 params (varargs=0) at line 1405
[1;36mdebug: [0mc_header: w_name=round
[1;36mdebug: [0mc_header: parsed function round with 1 params (varargs=0) at line 1409
[1;36mdebug: [0mc_header: w_name=trunc
[1;36mdebug: [0mc_header: parsed function trunc with 1 params (varargs=0) at line 1413
[1;36mdebug: [0mc_header: w_name=remquo
[1;36mdebug: [0mc_header: parsed function remquo with 3 params (varargs=0) at line 1418
[1;36mdebug: [0mc_header: w_name=__remquo
[1;36mdebug: [0mc_header: parsed function __remquo with 3 params (varargs=0) at line 1418
[1;36mdebug: [0mc_header: w_name=lrint
[1;36mdebug: [0mc_header: parsed function lrint with 1 params (varargs=0) at line 1425
[1;36mdebug: [0mc_header: w_name=__lrint
[1;36mdebug: [0mc_header: parsed function __lrint with 1 params (varargs=0) at line 1425
[1;36mdebug: [0mc_header: w_name=llrint
[1;36mdebug: [0mc_header: parsed function llrint with 1 params (varargs=0) at line 1427
[1;36mdebug: [0mc_header: w_name=__llrint
[1;36mdebug: [0mc_header: parsed function __llrint with 1 params (varargs=0) at line 1427
[1;36mdebug: [0mc_header: w_name=lround
[1;36mdebug: [0mc_header: parsed function lround with 1 params (varargs=0) at line 1431
[1;36mdebug: [0mc_header: w_name=__lround
[1;36mdebug: [0mc_header: parsed function __lround with 1 params (varargs=0) at line 1431
[1;36mdebug: [0mc_header: w_name=llround
[1;36mdebug: [0mc_header: parsed function llround with 1 params (varargs=0) at line 1433
[1;36mdebug: [0mc_header: w_name=__llround
[1;36mdebug: [0mc_header: parsed function __llround with 1 params (varargs=0) at line 1433
[1;36mdebug: [0mc_header: w_name=fdim
[1;36mdebug: [0mc_header: parsed function fdim with 2 params (varargs=0) at line 1437
[1;36mdebug: [0mc_header: w_name=__fdim
[1;36mdebug: [0mc_header: parsed function __fdim with 2 params (varargs=0) at line 1437
[1;36mdebug: [0mc_header: w_name=fmax
[1;36mdebug: [0mc_header: parsed function fmax with 2 params (varargs=0) at line 1441
[1;36mdebug: [0mc_header: w_name=fmin
[1;36mdebug: [0mc_header: parsed function fmin with 2 params (varargs=0) at line 1444
[1;36mdebug: [0mc_header: w_name=fma
[1;36mdebug: [0mc_header: parsed function fma with 3 params (varargs=0) at line 1448
[1;36mdebug: [0mc_header: w_name=__fma
[1;36mdebug: [0mc_header: parsed function __fma with 3 params (varargs=0) at line 1448
[1;36mdebug: [0mc_header: w_name=roundeven
[1;36mdebug: [0mc_header: parsed function roundeven with 1 params (varargs=0) at line 1453
[1;36mdebug: [0mc_header: w_name=fromfp
[1;36mdebug: [0mc_header: parsed function fromfp with 3 params (varargs=0) at line 1457
[1;36mdebug: [0mc_header: w_name=__fromfp
[1;36mdebug: [0mc_header: parsed function __fromfp with 3 params (varargs=0) at line 1457
[1;36mdebug: [0mc_header: w_name=ufromfp
[1;36mdebug: [0mc_header: parsed function ufromfp with 3 params (varargs=0) at line 1461
[1;36mdebug: [0mc_header: w_name=__ufromfp
[1;36mdebug: [0mc_header: parsed function __ufromfp with 3 params (varargs=0) at line 1461
[1;36mdebug: [0mc_header: w_name=fromfpx
[1;36mdebug: [0mc_header: parsed function fromfpx with 3 params (varargs=0) at line 1466
[1;36mdebug: [0mc_header: w_name=__fromfpx
[1;36mdebug: [0mc_header: parsed function __fromfpx with 3 params (varargs=0) at line 1466
[1;36mdebug: [0mc_header: w_name=ufromfpx
[1;36mdebug: [0mc_header: parsed function ufromfpx with 3 params (varargs=0) at line 1471
[1;36mdebug: [0mc_header: w_name=__ufromfpx
[1;36mdebug: [0mc_header: parsed function __ufromfpx with 3 params (varargs=0) at line 1471
[1;36mdebug: [0mc_header: w_name=canonicalize
[1;36mdebug: [0mc_header: parsed function canonicalize with 2 params (varargs=0) at line 1474
[1;36mdebug: [0mc_header: w_name=fmaximum
[1;36mdebug: [0mc_header: parsed function fmaximum with 2 params (varargs=0) at line 1476
[1;36mdebug: [0mc_header: w_name=fminimum
[1;36mdebug: [0mc_header: parsed function fminimum with 2 params (varargs=0) at line 1479
[1;36mdebug: [0mc_header: w_name=fmaximum_num
[1;36mdebug: [0mc_header: parsed function fmaximum_num with 2 params (varargs=0) at line 1482
[1;36mdebug: [0mc_header: w_name=fminimum_num
[1;36mdebug: [0mc_header: parsed function fminimum_num with 2 params (varargs=0) at line 1485
[1;36mdebug: [0mc_header: w_name=fmaximum_mag
[1;36mdebug: [0mc_header: parsed function fmaximum_mag with 2 params (varargs=0) at line 1488
[1;36mdebug: [0mc_header: w_name=fminimum_mag
[1;36mdebug: [0mc_header: parsed function fminimum_mag with 2 params (varargs=0) at line 1491
[1;36mdebug: [0mc_header: w_name=fmaximum_mag_num
[1;36mdebug: [0mc_header: parsed function fmaximum_mag_num with 2 params (varargs=0) at line 1494
[1;36mdebug: [0mc_header: w_name=fminimum_mag_num
[1;36mdebug: [0mc_header: parsed function fminimum_mag_num with 2 params (varargs=0) at line 1497
[1;36mdebug: [0mc_header: w_name=scalb
[1;36mdebug: [0mc_header: parsed function scalb with 2 params (varargs=0) at line 1499
[1;36mdebug: [0mc_header: w_name=__scalb
[1;36mdebug: [0mc_header: parsed function __scalb with 2 params (varargs=0) at line 1499
[1;36mdebug: [0mc_header: w_name=__fpclassifyf
[1;36mdebug: [0mc_header: parsed function __fpclassifyf with 1 params (varargs=0) at line 1504
[1;36mdebug: [0mc_header: w_name=__signbitf
[1;36mdebug: [0mc_header: parsed function __signbitf with 1 params (varargs=0) at line 1508
[1;36mdebug: [0mc_header: w_name=__isinff
[1;36mdebug: [0mc_header: parsed function __isinff with 1 params (varargs=0) at line 1513
[1;36mdebug: [0mc_header: w_name=__finitef
[1;36mdebug: [0mc_header: parsed function __finitef with 1 params (varargs=0) at line 1517
[1;36mdebug: [0mc_header: w_name=__isnanf
[1;36mdebug: [0mc_header: parsed function __isnanf with 1 params (varargs=0) at line 1521
[1;36mdebug: [0mc_header: w_name=__iseqsigf
[1;36mdebug: [0mc_header: parsed function __iseqsigf with 2 params (varargs=0) at line 1525
[1;36mdebug: [0mc_header: w_name=__issignalingf
[1;36mdebug: [0mc_header: parsed function __issignalingf with 1 params (varargs=0) at line 1528
[1;36mdebug: [0mc_header: w_name=acosf
[1;36mdebug: [0mc_header: parsed function acosf with 1 params (varargs=0) at line 1533
[1;36mdebug: [0mc_header: w_name=__acosf
[1;36mdebug: [0mc_header: parsed function __acosf with 1 params (varargs=0) at line 1533
[1;36mdebug: [0mc_header: w_name=asinf
[1;36mdebug: [0mc_header: parsed function asinf with 1 params (varargs=0) at line 1535
[1;36mdebug: [0mc_header: w_name=__asinf
[1;36mdebug: [0mc_header: parsed function __asinf with 1 params (varargs=0) at line 1535
[1;36mdebug: [0mc_header: w_name=atanf
[1;36mdebug: [0mc_header: parsed function atanf with 1 params (varargs=0) at line 1537
[1;36mdebug: [0mc_header: w_name=__atanf
[1;36mdebug: [0mc_header: parsed function __atanf with 1 params (varargs=0) at line 1537
[1;36mdebug: [0mc_header: w_name=atan2f
[1;36mdebug: [0mc_header: parsed function atan2f with 2 params (varargs=0) at line 1539
[1;36mdebug: [0mc_header: w_name=__atan2f
[1;36mdebug: [0mc_header: parsed function __atan2f with 2 params (varargs=0) at line 1539
[1;36mdebug: [0mc_header: w_name=cosf
[1;36mdebug: [0mc_header: parsed function cosf with 1 params (varargs=0) at line 1542
[1;36mdebug: [0mc_header: w_name=__cosf
[1;36mdebug: [0mc_header: parsed function __cosf with 1 params (varargs=0) at line 1542
[1;36mdebug: [0mc_header: w_name=sinf
[1;36mdebug: [0mc_header: parsed function sinf with 1 params (varargs=0) at line 1544
[1;36mdebug: [0mc_header: w_name=__sinf
[1;36mdebug: [0mc_header: parsed function __sinf with 1 params (varargs=0) at line 1544
[1;36mdebug: [0mc_header: w_name=tanf
[1;36mdebug: [0mc_header: parsed function tanf with 1 params (varargs=0) at line 1546
[1;36mdebug: [0mc_header: w_name=__tanf
[1;36mdebug: [0mc_header: parsed function __tanf with 1 params (varargs=0) at line 1546
[1;36mdebug: [0mc_header: w_name=acospif
[1;36mdebug: [0mc_header: parsed function acospif with 1 params (varargs=0) at line 1550
[1;36mdebug: [0mc_header: w_name=__acospif
[1;36mdebug: [0mc_header: parsed function __acospif with 1 params (varargs=0) at line 1550
[1;36mdebug: [0mc_header: w_name=acospif
[1;36mdebug: [0mc_header: parsed function acospif with 1 params (varargs=0) at line 1551
[1;36mdebug: [0mc_header: w_name=__acospif
[1;36mdebug: [0mc_header: parsed function __acospif with 1 params (varargs=0) at line 1551
[1;36mdebug: [0mc_header: w_name=asinpif
[1;36mdebug: [0mc_header: parsed function asinpif with 1 params (varargs=0) at line 1553
[1;36mdebug: [0mc_header: w_name=__asinpif
[1;36mdebug: [0mc_header: parsed function __asinpif with 1 params (varargs=0) at line 1553
[1;36mdebug: [0mc_header: w_name=asinpif
[1;36mdebug: [0mc_header: parsed function asinpif with 1 params (varargs=0) at line 1554
[1;36mdebug: [0mc_header: w_name=__asinpif
[1;36mdebug: [0mc_header: parsed function __asinpif with 1 params (varargs=0) at line 1554
[1;36mdebug: [0mc_header: w_name=atanpif
[1;36mdebug: [0mc_header: parsed function atanpif with 1 params (varargs=0) at line 1556
[1;36mdebug: [0mc_header: w_name=__atanpif
[1;36mdebug: [0mc_header: parsed function __atanpif with 1 params (varargs=0) at line 1556
[1;36mdebug: [0mc_header: w_name=atanpif
[1;36mdebug: [0mc_header: parsed function atanpif with 1 params (varargs=0) at line 1557
[1;36mdebug: [0mc_header: w_name=__atanpif
[1;36mdebug: [0mc_header: parsed function __atanpif with 1 params (varargs=0) at line 1557
[1;36mdebug: [0mc_header: w_name=atan2pif
[1;36mdebug: [0mc_header: parsed function atan2pif with 2 params (varargs=0) at line 1559
[1;36mdebug: [0mc_header: w_name=__atan2pif
[1;36mdebug: [0mc_header: parsed function __atan2pif with 2 params (varargs=0) at line 1559
[1;36mdebug: [0mc_header: w_name=atan2pif
[1;36mdebug: [0mc_header: parsed function atan2pif with 2 params (varargs=0) at line 1560
[1;36mdebug: [0mc_header: w_name=__atan2pif
[1;36mdebug: [0mc_header: parsed function __atan2pif with 2 params (varargs=0) at line 1560
[1;36mdebug: [0mc_header: w_name=cospif
[1;36mdebug: [0mc_header: parsed function cospif with 1 params (varargs=0) at line 1563
[1;36mdebug: [0mc_header: w_name=__cospif
[1;36mdebug: [0mc_header: parsed function __cospif with 1 params (varargs=0) at line 1563
[1;36mdebug: [0mc_header: w_name=sinpif
[1;36mdebug: [0mc_header: parsed function sinpif with 1 params (varargs=0) at line 1565
[1;36mdebug: [0mc_header: w_name=__sinpif
[1;36mdebug: [0mc_header: parsed function __sinpif with 1 params (varargs=0) at line 1565
[1;36mdebug: [0mc_header: w_name=tanpif
[1;36mdebug: [0mc_header: parsed function tanpif with 1 params (varargs=0) at line 1567
[1;36mdebug: [0mc_header: w_name=__tanpif
[1;36mdebug: [0mc_header: parsed function __tanpif with 1 params (varargs=0) at line 1567
[1;36mdebug: [0mc_header: w_name=coshf
[1;36mdebug: [0mc_header: parsed function coshf with 1 params (varargs=0) at line 1573
[1;36mdebug: [0mc_header: w_name=__coshf
[1;36mdebug: [0mc_header: parsed function __coshf with 1 params (varargs=0) at line 1573
[1;36mdebug: [0mc_header: w_name=sinhf
[1;36mdebug: [0mc_header: parsed function sinhf with 1 params (varargs=0) at line 1575
[1;36mdebug: [0mc_header: w_name=__sinhf
[1;36mdebug: [0mc_header: parsed function __sinhf with 1 params (varargs=0) at line 1575
[1;36mdebug: [0mc_header: w_name=tanhf
[1;36mdebug: [0mc_header: parsed function tanhf with 1 params (varargs=0) at line 1577
[1;36mdebug: [0mc_header: w_name=__tanhf
[1;36mdebug: [0mc_header: parsed function __tanhf with 1 params (varargs=0) at line 1577
[1;36mdebug: [0mc_header: w_name=acoshf
[1;36mdebug: [0mc_header: parsed function acoshf with 1 params (varargs=0) at line 1579
[1;36mdebug: [0mc_header: w_name=__acoshf
[1;36mdebug: [0mc_header: parsed function __acoshf with 1 params (varargs=0) at line 1579
[1;36mdebug: [0mc_header: w_name=asinhf
[1;36mdebug: [0mc_header: parsed function asinhf with 1 params (varargs=0) at line 1581
[1;36mdebug: [0mc_header: w_name=__asinhf
[1;36mdebug: [0mc_header: parsed function __asinhf with 1 params (varargs=0) at line 1581
[1;36mdebug: [0mc_header: w_name=atanhf
[1;36mdebug: [0mc_header: parsed function atanhf with 1 params (varargs=0) at line 1583
[1;36mdebug: [0mc_header: w_name=__atanhf
[1;36mdebug: [0mc_header: parsed function __atanhf with 1 params (varargs=0) at line 1583
[1;36mdebug: [0mc_header: w_name=expf
[1;36mdebug: [0mc_header: parsed function expf with 1 params (varargs=0) at line 1589
[1;36mdebug: [0mc_header: w_name=__expf
[1;36mdebug: [0mc_header: parsed function __expf with 1 params (varargs=0) at line 1589
[1;36mdebug: [0mc_header: w_name=frexpf
[1;36mdebug: [0mc_header: parsed function frexpf with 2 params (varargs=0) at line 1592
[1;36mdebug: [0mc_header: w_name=__frexpf
[1;36mdebug: [0mc_header: parsed function __frexpf with 2 params (varargs=0) at line 1592
[1;36mdebug: [0mc_header: w_name=ldexpf
[1;36mdebug: [0mc_header: parsed function ldexpf with 2 params (varargs=0) at line 1595
[1;36mdebug: [0mc_header: w_name=__ldexpf
[1;36mdebug: [0mc_header: parsed function __ldexpf with 2 params (varargs=0) at line 1595
[1;36mdebug: [0mc_header: w_name=logf
[1;36mdebug: [0mc_header: parsed function logf with 1 params (varargs=0) at line 1598
[1;36mdebug: [0mc_header: w_name=__logf
[1;36mdebug: [0mc_header: parsed function __logf with 1 params (varargs=0) at line 1598
[1;36mdebug: [0mc_header: w_name=log10f
[1;36mdebug: [0mc_header: parsed function log10f with 1 params (varargs=0) at line 1601
[1;36mdebug: [0mc_header: w_name=__log10f
[1;36mdebug: [0mc_header: parsed function __log10f with 1 params (varargs=0) at line 1601
[1;36mdebug: [0mc_header: w_name=modff
[1;36mdebug: [0mc_header: parsed function modff with 2 params (varargs=0) at line 1604
[1;36mdebug: [0mc_header: w_name=__modff
[1;36mdebug: [0mc_header: parsed function __modff with 2 params (varargs=0) at line 1604
[1;36mdebug: [0mc_header: w_name=exp10f
[1;36mdebug: [0mc_header: parsed function exp10f with 1 params (varargs=0) at line 1608
[1;36mdebug: [0mc_header: w_name=__exp10f
[1;36mdebug: [0mc_header: parsed function __exp10f with 1 params (varargs=0) at line 1608
[1;36mdebug: [0mc_header: w_name=exp2m1f
[1;36mdebug: [0mc_header: parsed function exp2m1f with 1 params (varargs=0) at line 1611
[1;36mdebug: [0mc_header: w_name=__exp2m1f
[1;36mdebug: [0mc_header: parsed function __exp2m1f with 1 params (varargs=0) at line 1611
[1;36mdebug: [0mc_header: w_name=exp10m1f
[1;36mdebug: [0mc_header: parsed function exp10m1f with 1 params (varargs=0) at line 1614
[1;36mdebug: [0mc_header: w_name=__exp10m1f
[1;36mdebug: [0mc_header: parsed function __exp10m1f with 1 params (varargs=0) at line 1614
[1;36mdebug: [0mc_header: w_name=log2p1f
[1;36mdebug: [0mc_header: parsed function log2p1f with 1 params (varargs=0) at line 1617
[1;36mdebug: [0mc_header: w_name=__log2p1f
[1;36mdebug: [0mc_header: parsed function __log2p1f with 1 params (varargs=0) at line 1617
[1;36mdebug: [0mc_header: w_name=log10p1f
[1;36mdebug: [0mc_header: parsed function log10p1f with 1 params (varargs=0) at line 1620
[1;36mdebug: [0mc_header: w_name=__log10p1f
[1;36mdebug: [0mc_header: parsed function __log10p1f with 1 params (varargs=0) at line 1620
[1;36mdebug: [0mc_header: w_name=logp1f
[1;36mdebug: [0mc_header: parsed function logp1f with 1 params (varargs=0) at line 1623
[1;36mdebug: [0mc_header: w_name=__logp1f
[1;36mdebug: [0mc_header: parsed function __logp1f with 1 params (varargs=0) at line 1623
[1;36mdebug: [0mc_header: w_name=expm1f
[1;36mdebug: [0mc_header: parsed function expm1f with 1 params (varargs=0) at line 1628
[1;36mdebug: [0mc_header: w_name=__expm1f
[1;36mdebug: [0mc_header: parsed function __expm1f with 1 params (varargs=0) at line 1628
[1;36mdebug: [0mc_header: w_name=log1pf
[1;36mdebug: [0mc_header: parsed function log1pf with 1 params (varargs=0) at line 1631
[1;36mdebug: [0mc_header: w_name=__log1pf
[1;36mdebug: [0mc_header: parsed function __log1pf with 1 params (varargs=0) at line 1631
[1;36mdebug: [0mc_header: w_name=logbf
[1;36mdebug: [0mc_header: parsed function logbf with 1 params (varargs=0) at line 1634
[1;36mdebug: [0mc_header: w_name=__logbf
[1;36mdebug: [0mc_header: parsed function __logbf with 1 params (varargs=0) at line 1634
[1;36mdebug: [0mc_header: w_name=exp2f
[1;36mdebug: [0mc_header: parsed function exp2f with 1 params (varargs=0) at line 1639
[1;36mdebug: [0mc_header: w_name=__exp2f
[1;36mdebug: [0mc_header: parsed function __exp2f with 1 params (varargs=0) at line 1639
[1;36mdebug: [0mc_header: w_name=log2f
[1;36mdebug: [0mc_header: parsed function log2f with 1 params (varargs=0) at line 1642
[1;36mdebug: [0mc_header: w_name=__log2f
[1;36mdebug: [0mc_header: parsed function __log2f with 1 params (varargs=0) at line 1642
[1;36mdebug: [0mc_header: w_name=powf
[1;36mdebug: [0mc_header: parsed function powf with 2 params (varargs=0) at line 1649
[1;36mdebug: [0mc_header: w_name=__powf
[1;36mdebug: [0mc_header: parsed function __powf with 2 params (varargs=0) at line 1649
[1;36mdebug: [0mc_header: w_name=sqrtf
[1;36mdebug: [0mc_header: parsed function sqrtf with 1 params (varargs=0) at line 1652
[1;36mdebug: [0mc_header: w_name=__sqrtf
[1;36mdebug: [0mc_header: parsed function __sqrtf with 1 params (varargs=0) at line 1652
[1;36mdebug: [0mc_header: w_name=hypotf
[1;36mdebug: [0mc_header: parsed function hypotf with 2 params (varargs=0) at line 1656
[1;36mdebug: [0mc_header: w_name=__hypotf
[1;36mdebug: [0mc_header: parsed function __hypotf with 2 params (varargs=0) at line 1656
[1;36mdebug: [0mc_header: w_name=cbrtf
[1;36mdebug: [0mc_header: parsed function cbrtf with 1 params (varargs=0) at line 1661
[1;36mdebug: [0mc_header: w_name=__cbrtf
[1;36mdebug: [0mc_header: parsed function __cbrtf with 1 params (varargs=0) at line 1661
[1;36mdebug: [0mc_header: w_name=compoundnf
[1;36mdebug: [0mc_header: parsed function compoundnf with 2 params (varargs=0) at line 1666
[1;36mdebug: [0mc_header: w_name=__compoundnf
[1;36mdebug: [0mc_header: parsed function __compoundnf with 2 params (varargs=0) at line 1666
[1;36mdebug: [0mc_header: w_name=pownf
[1;36mdebug: [0mc_header: parsed function pownf with 2 params (varargs=0) at line 1669
[1;36mdebug: [0mc_header: w_name=__pownf
[1;36mdebug: [0mc_header: parsed function __pownf with 2 params (varargs=0) at line 1669
[1;36mdebug: [0mc_header: w_name=powrf
[1;36mdebug: [0mc_header: parsed function powrf with 2 params (varargs=0) at line 1672
[1;36mdebug: [0mc_header: w_name=__powrf
[1;36mdebug: [0mc_header: parsed function __powrf with 2 params (varargs=0) at line 1672
[1;36mdebug: [0mc_header: w_name=powrf
[1;36mdebug: [0mc_header: parsed function powrf with 2 params (varargs=0) at line 1673
[1;36mdebug: [0mc_header: w_name=__powrf
[1;36mdebug: [0mc_header: parsed function __powrf with 2 params (varargs=0) at line 1673
[1;36mdebug: [0mc_header: w_name=rootnf
[1;36mdebug: [0mc_header: parsed function rootnf with 2 params (varargs=0) at line 1676
[1;36mdebug: [0mc_header: w_name=__rootnf
[1;36mdebug: [0mc_header: parsed function __rootnf with 2 params (varargs=0) at line 1676
[1;36mdebug: [0mc_header: w_name=rsqrtf
[1;36mdebug: [0mc_header: parsed function rsqrtf with 1 params (varargs=0) at line 1679
[1;36mdebug: [0mc_header: w_name=__rsqrtf
[1;36mdebug: [0mc_header: parsed function __rsqrtf with 1 params (varargs=0) at line 1679
[1;36mdebug: [0mc_header: w_name=ceilf
[1;36mdebug: [0mc_header: parsed function ceilf with 1 params (varargs=0) at line 1686
[1;36mdebug: [0mc_header: w_name=fabsf
[1;36mdebug: [0mc_header: parsed function fabsf with 1 params (varargs=0) at line 1689
[1;36mdebug: [0mc_header: w_name=floorf
[1;36mdebug: [0mc_header: parsed function floorf with 1 params (varargs=0) at line 1692
[1;36mdebug: [0mc_header: w_name=fmodf
[1;36mdebug: [0mc_header: parsed function fmodf with 2 params (varargs=0) at line 1695
[1;36mdebug: [0mc_header: w_name=__fmodf
[1;36mdebug: [0mc_header: parsed function __fmodf with 2 params (varargs=0) at line 1695
[1;36mdebug: [0mc_header: w_name=isinff
[1;36mdebug: [0mc_header: parsed function isinff with 1 params (varargs=0) at line 1697
[1;36mdebug: [0mc_header: w_name=finitef
[1;36mdebug: [0mc_header: parsed function finitef with 1 params (varargs=0) at line 1703
[1;36mdebug: [0mc_header: w_name=dremf
[1;36mdebug: [0mc_header: parsed function dremf with 2 params (varargs=0) at line 1707
[1;36mdebug: [0mc_header: w_name=__dremf
[1;36mdebug: [0mc_header: parsed function __dremf with 2 params (varargs=0) at line 1707
[1;36mdebug: [0mc_header: w_name=significandf
[1;36mdebug: [0mc_header: parsed function significandf with 1 params (varargs=0) at line 1711
[1;36mdebug: [0mc_header: w_name=__significandf
[1;36mdebug: [0mc_header: parsed function __significandf with 1 params (varargs=0) at line 1711
[1;36mdebug: [0mc_header: w_name=copysignf
[1;36mdebug: [0mc_header: parsed function copysignf with 2 params (varargs=0) at line 1718
[1;36mdebug: [0mc_header: w_name=nanf
[1;36mdebug: [0mc_header: parsed function nanf with 1 params (varargs=0) at line 1723
[1;36mdebug: [0mc_header: w_name=__nanf
[1;36mdebug: [0mc_header: parsed function __nanf with 1 params (varargs=0) at line 1723
[1;36mdebug: [0mc_header: w_name=isnanf
[1;36mdebug: [0mc_header: parsed function isnanf with 1 params (varargs=0) at line 1725
[1;36mdebug: [0mc_header: w_name=j0f
[1;36mdebug: [0mc_header: parsed function j0f with 1 params (varargs=0) at line 1732
[1;36mdebug: [0mc_header: w_name=__j0f
[1;36mdebug: [0mc_header: parsed function __j0f with 1 params (varargs=0) at line 1732
[1;36mdebug: [0mc_header: w_name=j1f
[1;36mdebug: [0mc_header: parsed function j1f with 1 params (varargs=0) at line 1733
[1;36mdebug: [0mc_header: w_name=__j1f
[1;36mdebug: [0mc_header: parsed function __j1f with 1 params (varargs=0) at line 1733
[1;36mdebug: [0mc_header: w_name=jnf
[1;36mdebug: [0mc_header: parsed function jnf with 2 params (varargs=0) at line 1734
[1;36mdebug: [0mc_header: w_name=__jnf
[1;36mdebug: [0mc_header: parsed function __jnf with 2 params (varargs=0) at line 1734
[1;36mdebug: [0mc_header: w_name=y0f
[1;36mdebug: [0mc_header: parsed function y0f with 1 params (varargs=0) at line 1735
[1;36mdebug: [0mc_header: w_name=__y0f
[1;36mdebug: [0mc_header: parsed function __y0f with 1 params (varargs=0) at line 1735
[1;36mdebug: [0mc_header: w_name=y1f
[1;36mdebug: [0mc_header: parsed function y1f with 1 params (varargs=0) at line 1736
[1;36mdebug: [0mc_header: w_name=__y1f
[1;36mdebug: [0mc_header: parsed function __y1f with 1 params (varargs=0) at line 1736
[1;36mdebug: [0mc_header: w_name=ynf
[1;36mdebug: [0mc_header: parsed function ynf with 2 params (varargs=0) at line 1737
[1;36mdebug: [0mc_header: w_name=__ynf
[1;36mdebug: [0mc_header: parsed function __ynf with 2 params (varargs=0) at line 1737
[1;36mdebug: [0mc_header: w_name=erff
[1;36mdebug: [0mc_header: parsed function erff with 1 params (varargs=0) at line 1743
[1;36mdebug: [0mc_header: w_name=__erff
[1;36mdebug: [0mc_header: parsed function __erff with 1 params (varargs=0) at line 1743
[1;36mdebug: [0mc_header: w_name=erfcf
[1;36mdebug: [0mc_header: parsed function erfcf with 1 params (varargs=0) at line 1744
[1;36mdebug: [0mc_header: w_name=__erfcf
[1;36mdebug: [0mc_header: parsed function __erfcf with 1 params (varargs=0) at line 1744
[1;36mdebug: [0mc_header: w_name=lgammaf
[1;36mdebug: [0mc_header: parsed function lgammaf with 1 params (varargs=0) at line 1745
[1;36mdebug: [0mc_header: w_name=__lgammaf
[1;36mdebug: [0mc_header: parsed function __lgammaf with 1 params (varargs=0) at line 1745
[1;36mdebug: [0mc_header: w_name=tgammaf
[1;36mdebug: [0mc_header: parsed function tgammaf with 1 params (varargs=0) at line 1750
[1;36mdebug: [0mc_header: w_name=__tgammaf
[1;36mdebug: [0mc_header: parsed function __tgammaf with 1 params (varargs=0) at line 1750
[1;36mdebug: [0mc_header: w_name=gammaf
[1;36mdebug: [0mc_header: parsed function gammaf with 1 params (varargs=0) at line 1756
[1;36mdebug: [0mc_header: w_name=__gammaf
[1;36mdebug: [0mc_header: parsed function __gammaf with 1 params (varargs=0) at line 1756
[1;36mdebug: [0mc_header: w_name=lgammaf_r
[1;36mdebug: [0mc_header: parsed function lgammaf_r with 2 params (varargs=0) at line 1764
[1;36mdebug: [0mc_header: w_name=__lgammaf_r
[1;36mdebug: [0mc_header: parsed function __lgammaf_r with 2 params (varargs=0) at line 1764
[1;36mdebug: [0mc_header: w_name=rintf
[1;36mdebug: [0mc_header: parsed function rintf with 1 params (varargs=0) at line 1771
[1;36mdebug: [0mc_header: w_name=__rintf
[1;36mdebug: [0mc_header: parsed function __rintf with 1 params (varargs=0) at line 1771
[1;36mdebug: [0mc_header: w_name=nextafterf
[1;36mdebug: [0mc_header: parsed function nextafterf with 2 params (varargs=0) at line 1774
[1;36mdebug: [0mc_header: w_name=__nextafterf
[1;36mdebug: [0mc_header: parsed function __nextafterf with 2 params (varargs=0) at line 1774
[1;36mdebug: [0mc_header: w_name=nexttowardf
[1;36mdebug: [0mc_header: parsed function nexttowardf with 2 params (varargs=0) at line 1776
[1;36mdebug: [0mc_header: w_name=__nexttowardf
[1;36mdebug: [0mc_header: parsed function __nexttowardf with 2 params (varargs=0) at line 1776
[1;36mdebug: [0mc_header: w_name=nextdownf
[1;36mdebug: [0mc_header: parsed function nextdownf with 1 params (varargs=0) at line 1781
[1;36mdebug: [0mc_header: w_name=__nextdownf
[1;36mdebug: [0mc_header: parsed function __nextdownf with 1 params (varargs=0) at line 1781
[1;36mdebug: [0mc_header: w_name=nextupf
[1;36mdebug: [0mc_header: parsed function nextupf with 1 params (varargs=0) at line 1783
[1;36mdebug: [0mc_header: w_name=__nextupf
[1;36mdebug: [0mc_header: parsed function __nextupf with 1 params (varargs=0) at line 1783
[1;36mdebug: [0mc_header: w_name=remainderf
[1;36mdebug: [0mc_header: parsed function remainderf with 2 params (varargs=0) at line 1787
[1;36mdebug: [0mc_header: w_name=__remainderf
[1;36mdebug: [0mc_header: parsed function __remainderf with 2 params (varargs=0) at line 1787
[1;36mdebug: [0mc_header: w_name=scalbnf
[1;36mdebug: [0mc_header: parsed function scalbnf with 2 params (varargs=0) at line 1791
[1;36mdebug: [0mc_header: w_name=__scalbnf
[1;36mdebug: [0mc_header: parsed function __scalbnf with 2 params (varargs=0) at line 1791
[1;36mdebug: [0mc_header: w_name=ilogbf
[1;36mdebug: [0mc_header: parsed function ilogbf with 1 params (varargs=0) at line 1795
[1;36mdebug: [0mc_header: w_name=__ilogbf
[1;36mdebug: [0mc_header: parsed function __ilogbf with 1 params (varargs=0) at line 1795
[1;36mdebug: [0mc_header: w_name=llogbf
[1;36mdebug: [0mc_header: parsed function llogbf with 1 params (varargs=0) at line 1800
[1;36mdebug: [0mc_header: w_name=__llogbf
[1;36mdebug: [0mc_header: parsed function __llogbf with 1 params (varargs=0) at line 1800
[1;36mdebug: [0mc_header: w_name=scalblnf
[1;36mdebug: [0mc_header: parsed function scalblnf with 2 params (varargs=0) at line 1805
[1;36mdebug: [0mc_header: w_name=__scalblnf
[1;36mdebug: [0mc_header: parsed function __scalblnf with 2 params (varargs=0) at line 1805
[1;36mdebug: [0mc_header: w_name=nearbyintf
[1;36mdebug: [0mc_header: parsed function nearbyintf with 1 params (varargs=0) at line 1809
[1;36mdebug: [0mc_header: w_name=__nearbyintf
[1;36mdebug: [0mc_header: parsed function __nearbyintf with 1 params (varargs=0) at line 1809
[1;36mdebug: [0mc_header: w_name=roundf
[1;36mdebug: [0mc_header: parsed function roundf with 1 params (varargs=0) at line 1813
[1;36mdebug: [0mc_header: w_name=truncf
[1;36mdebug: [0mc_header: parsed function truncf with 1 params (varargs=0) at line 1817
[1;36mdebug: [0mc_header: w_name=remquof
[1;36mdebug: [0mc_header: parsed function remquof with 3 params (varargs=0) at line 1822
[1;36mdebug: [0mc_header: w_name=__remquof
[1;36mdebug: [0mc_header: parsed function __remquof with 3 params (varargs=0) at line 1822
[1;36mdebug: [0mc_header: w_name=lrintf
[1;36mdebug: [0mc_header: parsed function lrintf with 1 params (varargs=0) at line 1829
[1;36mdebug: [0mc_header: w_name=__lrintf
[1;36mdebug: [0mc_header: parsed function __lrintf with 1 params (varargs=0) at line 1829
[1;36mdebug: [0mc_header: w_name=llrintf
[1;36mdebug: [0mc_header: parsed function llrintf with 1 params (varargs=0) at line 1831
[1;36mdebug: [0mc_header: w_name=__llrintf
[1;36mdebug: [0mc_header: parsed function __llrintf with 1 params (varargs=0) at line 1831
[1;36mdebug: [0mc_header: w_name=lroundf
[1;36mdebug: [0mc_header: parsed function lroundf with 1 params (varargs=0) at line 1835
[1;36mdebug: [0mc_header: w_name=__lroundf
[1;36mdebug: [0mc_header: parsed function __lroundf with 1 params (varargs=0) at line 1835
[1;36mdebug: [0mc_header: w_name=llroundf
[1;36mdebug: [0mc_header: parsed function llroundf with 1 params (varargs=0) at line 1837
[1;36mdebug: [0mc_header: w_name=__llroundf
[1;36mdebug: [0mc_header: parsed function __llroundf with 1 params (varargs=0) at line 1837
[1;36mdebug: [0mc_header: w_name=fdimf
[1;36mdebug: [0mc_header: parsed function fdimf with 2 params (varargs=0) at line 1841
[1;36mdebug: [0mc_header: w_name=__fdimf
[1;36mdebug: [0mc_header: parsed function __fdimf with 2 params (varargs=0) at line 1841
[1;36mdebug: [0mc_header: w_name=fmaxf
[1;36mdebug: [0mc_header: parsed function fmaxf with 2 params (varargs=0) at line 1845
[1;36mdebug: [0mc_header: w_name=fminf
[1;36mdebug: [0mc_header: parsed function fminf with 2 params (varargs=0) at line 1848
[1;36mdebug: [0mc_header: w_name=fmaf
[1;36mdebug: [0mc_header: parsed function fmaf with 3 params (varargs=0) at line 1852
[1;36mdebug: [0mc_header: w_name=__fmaf
[1;36mdebug: [0mc_header: parsed function __fmaf with 3 params (varargs=0) at line 1852
[1;36mdebug: [0mc_header: w_name=roundevenf
[1;36mdebug: [0mc_header: parsed function roundevenf with 1 params (varargs=0) at line 1857
[1;36mdebug: [0mc_header: w_name=fromfpf
[1;36mdebug: [0mc_header: parsed function fromfpf with 3 params (varargs=0) at line 1861
[1;36mdebug: [0mc_header: w_name=__fromfpf
[1;36mdebug: [0mc_header: parsed function __fromfpf with 3 params (varargs=0) at line 1861
[1;36mdebug: [0mc_header: w_name=ufromfpf
[1;36mdebug: [0mc_header: parsed function ufromfpf with 3 params (varargs=0) at line 1865
[1;36mdebug: [0mc_header: w_name=__ufromfpf
[1;36mdebug: [0mc_header: parsed function __ufromfpf with 3 params (varargs=0) at line 1865
[1;36mdebug: [0mc_header: w_name=fromfpxf
[1;36mdebug: [0mc_header: parsed function fromfpxf with 3 params (varargs=0) at line 1870
[1;36mdebug: [0mc_header: w_name=__fromfpxf
[1;36mdebug: [0mc_header: parsed function __fromfpxf with 3 params (varargs=0) at line 1870
[1;36mdebug: [0mc_header: w_name=ufromfpxf
[1;36mdebug: [0mc_header: parsed function ufromfpxf with 3 params (varargs=0) at line 1875
[1;36mdebug: [0mc_header: w_name=__ufromfpxf
[1;36mdebug: [0mc_header: parsed function __ufromfpxf with 3 params (varargs=0) at line 1875
[1;36mdebug: [0mc_header: w_name=canonicalizef
[1;36mdebug: [0mc_header: parsed function canonicalizef with 2 params (varargs=0) at line 1878
[1;36mdebug: [0mc_header: w_name=fmaximumf
[1;36mdebug: [0mc_header: parsed function fmaximumf with 2 params (varargs=0) at line 1880
[1;36mdebug: [0mc_header: w_name=fminimumf
[1;36mdebug: [0mc_header: parsed function fminimumf with 2 params (varargs=0) at line 1883
[1;36mdebug: [0mc_header: w_name=fmaximum_numf
[1;36mdebug: [0mc_header: parsed function fmaximum_numf with 2 params (varargs=0) at line 1886
[1;36mdebug: [0mc_header: w_name=fminimum_numf
[1;36mdebug: [0mc_header: parsed function fminimum_numf with 2 params (varargs=0) at line 1889
[1;36mdebug: [0mc_header: w_name=fmaximum_magf
[1;36mdebug: [0mc_header: parsed function fmaximum_magf with 2 params (varargs=0) at line 1892
[1;36mdebug: [0mc_header: w_name=fminimum_magf
[1;36mdebug: [0mc_header: parsed function fminimum_magf with 2 params (varargs=0) at line 1895
[1;36mdebug: [0mc_header: w_name=fmaximum_mag_numf
[1;36mdebug: [0mc_header: parsed function fmaximum_mag_numf with 2 params (varargs=0) at line 1898
[1;36mdebug: [0mc_header: w_name=fminimum_mag_numf
[1;36mdebug: [0mc_header: parsed function fminimum_mag_numf with 2 params (varargs=0) at line 1901
[1;36mdebug: [0mc_header: w_name=scalbf
[1;36mdebug: [0mc_header: parsed function scalbf with 2 params (varargs=0) at line 1903
[1;36mdebug: [0mc_header: w_name=__scalbf
[1;36mdebug: [0mc_header: parsed function __scalbf with 2 params (varargs=0) at line 1903
[1;36mdebug: [0mc_header: w_name=__fpclassifyl
[1;36mdebug: [0mc_header: parsed function __fpclassifyl with 1 params (varargs=0) at line 1908
[1;36mdebug: [0mc_header: w_name=__signbitl
[1;36mdebug: [0mc_header: parsed function __signbitl with 1 params (varargs=0) at line 1912
[1;36mdebug: [0mc_header: w_name=__isinfl
[1;36mdebug: [0mc_header: parsed function __isinfl with 1 params (varargs=0) at line 1917
[1;36mdebug: [0mc_header: w_name=__finitel
[1;36mdebug: [0mc_header: parsed function __finitel with 1 params (varargs=0) at line 1921
[1;36mdebug: [0mc_header: w_name=__isnanl
[1;36mdebug: [0mc_header: parsed function __isnanl with 1 params (varargs=0) at line 1925
[1;36mdebug: [0mc_header: w_name=__iseqsigl
[1;36mdebug: [0mc_header: parsed function __iseqsigl with 2 params (varargs=0) at line 1929
[1;36mdebug: [0mc_header: w_name=__issignalingl
[1;36mdebug: [0mc_header: parsed function __issignalingl with 1 params (varargs=0) at line 1932
[1;36mdebug: [0mc_header: w_name=acosl
[1;36mdebug: [0mc_header: parsed function acosl with 1 params (varargs=0) at line 1937
[1;36mdebug: [0mc_header: w_name=__acosl
[1;36mdebug: [0mc_header: parsed function __acosl with 1 params (varargs=0) at line 1937
[1;36mdebug: [0mc_header: w_name=asinl
[1;36mdebug: [0mc_header: parsed function asinl with 1 params (varargs=0) at line 1939
[1;36mdebug: [0mc_header: w_name=__asinl
[1;36mdebug: [0mc_header: parsed function __asinl with 1 params (varargs=0) at line 1939
[1;36mdebug: [0mc_header: w_name=atanl
[1;36mdebug: [0mc_header: parsed function atanl with 1 params (varargs=0) at line 1941
[1;36mdebug: [0mc_header: w_name=__atanl
[1;36mdebug: [0mc_header: parsed function __atanl with 1 params (varargs=0) at line 1941
[1;36mdebug: [0mc_header: w_name=atan2l
[1;36mdebug: [0mc_header: parsed function atan2l with 2 params (varargs=0) at line 1943
[1;36mdebug: [0mc_header: w_name=__atan2l
[1;36mdebug: [0mc_header: parsed function __atan2l with 2 params (varargs=0) at line 1943
[1;36mdebug: [0mc_header: w_name=cosl
[1;36mdebug: [0mc_header: parsed function cosl with 1 params (varargs=0) at line 1946
[1;36mdebug: [0mc_header: w_name=__cosl
[1;36mdebug: [0mc_header: parsed function __cosl with 1 params (varargs=0) at line 1946
[1;36mdebug: [0mc_header: w_name=sinl
[1;36mdebug: [0mc_header: parsed function sinl with 1 params (varargs=0) at line 1948
[1;36mdebug: [0mc_header: w_name=__sinl
[1;36mdebug: [0mc_header: parsed function __sinl with 1 params (varargs=0) at line 1948
[1;36mdebug: [0mc_header: w_name=tanl
[1;36mdebug: [0mc_header: parsed function tanl with 1 params (varargs=0) at line 1950
[1;36mdebug: [0mc_header: w_name=__tanl
[1;36mdebug: [0mc_header: parsed function __tanl with 1 params (varargs=0) at line 1950
[1;36mdebug: [0mc_header: w_name=acospil
[1;36mdebug: [0mc_header: parsed function acospil with 1 params (varargs=0) at line 1954
[1;36mdebug: [0mc_header: w_name=__acospil
[1;36mdebug: [0mc_header: parsed function __acospil with 1 params (varargs=0) at line 1954
[1;36mdebug: [0mc_header: w_name=acospil
[1;36mdebug: [0mc_header: parsed function acospil with 1 params (varargs=0) at line 1955
[1;36mdebug: [0mc_header: w_name=__acospil
[1;36mdebug: [0mc_header: parsed function __acospil with 1 params (varargs=0) at line 1955
[1;36mdebug: [0mc_header: w_name=asinpil
[1;36mdebug: [0mc_header: parsed function asinpil with 1 params (varargs=0) at line 1957
[1;36mdebug: [0mc_header: w_name=__asinpil
[1;36mdebug: [0mc_header: parsed function __asinpil with 1 params (varargs=0) at line 1957
[1;36mdebug: [0mc_header: w_name=asinpil
[1;36mdebug: [0mc_header: parsed function asinpil with 1 params (varargs=0) at line 1958
[1;36mdebug: [0mc_header: w_name=__asinpil
[1;36mdebug: [0mc_header: parsed function __asinpil with 1 params (varargs=0) at line 1958
[1;36mdebug: [0mc_header: w_name=atanpil
[1;36mdebug: [0mc_header: parsed function atanpil with 1 params (varargs=0) at line 1960
[1;36mdebug: [0mc_header: w_name=__atanpil
[1;36mdebug: [0mc_header: parsed function __atanpil with 1 params (varargs=0) at line 1960
[1;36mdebug: [0mc_header: w_name=atanpil
[1;36mdebug: [0mc_header: parsed function atanpil with 1 params (varargs=0) at line 1961
[1;36mdebug: [0mc_header: w_name=__atanpil
[1;36mdebug: [0mc_header: parsed function __atanpil with 1 params (varargs=0) at line 1961
[1;36mdebug: [0mc_header: w_name=atan2pil
[1;36mdebug: [0mc_header: parsed function atan2pil with 2 params (varargs=0) at line 1963
[1;36mdebug: [0mc_header: w_name=__atan2pil
[1;36mdebug: [0mc_header: parsed function __atan2pil with 2 params (varargs=0) at line 1963
[1;36mdebug: [0mc_header: w_name=atan2pil
[1;36mdebug: [0mc_header: parsed function atan2pil with 2 params (varargs=0) at line 1964
[1;36mdebug: [0mc_header: w_name=__atan2pil
[1;36mdebug: [0mc_header: parsed function __atan2pil with 2 params (varargs=0) at line 1964
[1;36mdebug: [0mc_header: w_name=cospil
[1;36mdebug: [0mc_header: parsed function cospil with 1 params (varargs=0) at line 1967
[1;36mdebug: [0mc_header: w_name=__cospil
[1;36mdebug: [0mc_header: parsed function __cospil with 1 params (varargs=0) at line 1967
[1;36mdebug: [0mc_header: w_name=sinpil
[1;36mdebug: [0mc_header: parsed function sinpil with 1 params (varargs=0) at line 1969
[1;36mdebug: [0mc_header: w_name=__sinpil
[1;36mdebug: [0mc_header: parsed function __sinpil with 1 params (varargs=0) at line 1969
[1;36mdebug: [0mc_header: w_name=tanpil
[1;36mdebug: [0mc_header: parsed function tanpil with 1 params (varargs=0) at line 1971
[1;36mdebug: [0mc_header: w_name=__tanpil
[1;36mdebug: [0mc_header: parsed function __tanpil with 1 params (varargs=0) at line 1971
[1;36mdebug: [0mc_header: w_name=coshl
[1;36mdebug: [0mc_header: parsed function coshl with 1 params (varargs=0) at line 1977
[1;36mdebug: [0mc_header: w_name=__coshl
[1;36mdebug: [0mc_header: parsed function __coshl with 1 params (varargs=0) at line 1977
[1;36mdebug: [0mc_header: w_name=sinhl
[1;36mdebug: [0mc_header: parsed function sinhl with 1 params (varargs=0) at line 1979
[1;36mdebug: [0mc_header: w_name=__sinhl
[1;36mdebug: [0mc_header: parsed function __sinhl with 1 params (varargs=0) at line 1979
[1;36mdebug: [0mc_header: w_name=tanhl
[1;36mdebug: [0mc_header: parsed function tanhl with 1 params (varargs=0) at line 1981
[1;36mdebug: [0mc_header: w_name=__tanhl
[1;36mdebug: [0mc_header: parsed function __tanhl with 1 params (varargs=0) at line 1981
[1;36mdebug: [0mc_header: w_name=acoshl
[1;36mdebug: [0mc_header: parsed function acoshl with 1 params (varargs=0) at line 1983
[1;36mdebug: [0mc_header: w_name=__acoshl
[1;36mdebug: [0mc_header: parsed function __acoshl with 1 params (varargs=0) at line 1983
[1;36mdebug: [0mc_header: w_name=asinhl
[1;36mdebug: [0mc_header: parsed function asinhl with 1 params (varargs=0) at line 1985
[1;36mdebug: [0mc_header: w_name=__asinhl
[1;36mdebug: [0mc_header: parsed function __asinhl with 1 params (varargs=0) at line 1985
[1;36mdebug: [0mc_header: w_name=atanhl
[1;36mdebug: [0mc_header: parsed function atanhl with 1 params (varargs=0) at line 1987
[1;36mdebug: [0mc_header: w_name=__atanhl
[1;36mdebug: [0mc_header: parsed function __atanhl with 1 params (varargs=0) at line 1987
[1;36mdebug: [0mc_header: w_name=expl
[1;36mdebug: [0mc_header: parsed function expl with 1 params (varargs=0) at line 1993
[1;36mdebug: [0mc_header: w_name=__expl
[1;36mdebug: [0mc_header: parsed function __expl with 1 params (varargs=0) at line 1993
[1;36mdebug: [0mc_header: w_name=frexpl
[1;36mdebug: [0mc_header: parsed function frexpl with 2 params (varargs=0) at line 1996
[1;36mdebug: [0mc_header: w_name=__frexpl
[1;36mdebug: [0mc_header: parsed function __frexpl with 2 params (varargs=0) at line 1996
[1;36mdebug: [0mc_header: w_name=ldexpl
[1;36mdebug: [0mc_header: parsed function ldexpl with 2 params (varargs=0) at line 1999
[1;36mdebug: [0mc_header: w_name=__ldexpl
[1;36mdebug: [0mc_header: parsed function __ldexpl with 2 params (varargs=0) at line 1999
[1;36mdebug: [0mc_header: w_name=logl
[1;36mdebug: [0mc_header: parsed function logl with 1 params (varargs=0) at line 2002
[1;36mdebug: [0mc_header: w_name=__logl
[1;36mdebug: [0mc_header: parsed function __logl with 1 params (varargs=0) at line 2002
[1;36mdebug: [0mc_header: w_name=log10l
[1;36mdebug: [0mc_header: parsed function log10l with 1 params (varargs=0) at line 2005
[1;36mdebug: [0mc_header: w_name=__log10l
[1;36mdebug: [0mc_header: parsed function __log10l with 1 params (varargs=0) at line 2005
[1;36mdebug: [0mc_header: w_name=modfl
[1;36mdebug: [0mc_header: parsed function modfl with 2 params (varargs=0) at line 2008
[1;36mdebug: [0mc_header: w_name=__modfl
[1;36mdebug: [0mc_header: parsed function __modfl with 2 params (varargs=0) at line 2008
[1;36mdebug: [0mc_header: w_name=exp10l
[1;36mdebug: [0mc_header: parsed function exp10l with 1 params (varargs=0) at line 2012
[1;36mdebug: [0mc_header: w_name=__exp10l
[1;36mdebug: [0mc_header: parsed function __exp10l with 1 params (varargs=0) at line 2012
[1;36mdebug: [0mc_header: w_name=exp2m1l
[1;36mdebug: [0mc_header: parsed function exp2m1l with 1 params (varargs=0) at line 2015
[1;36mdebug: [0mc_header: w_name=__exp2m1l
[1;36mdebug: [0mc_header: parsed function __exp2m1l with 1 params (varargs=0) at line 2015
[1;36mdebug: [0mc_header: w_name=exp10m1l
[1;36mdebug: [0mc_header: parsed function exp10m1l with 1 params (varargs=0) at line 2018
[1;36mdebug: [0mc_header: w_name=__exp10m1l
[1;36mdebug: [0mc_header: parsed function __exp10m1l with 1 params (varargs=0) at line 2018
[1;36mdebug: [0mc_header: w_name=log2p1l
[1;36mdebug: [0mc_header: parsed function log2p1l with 1 params (varargs=0) at line 2021
[1;36mdebug: [0mc_header: w_name=__log2p1l
[1;36mdebug: [0mc_header: parsed function __log2p1l with 1 params (varargs=0) at line 2021
[1;36mdebug: [0mc_header: w_name=log10p1l
[1;36mdebug: [0mc_header: parsed function log10p1l with 1 params (varargs=0) at line 2024
[1;36mdebug: [0mc_header: w_name=__log10p1l
[1;36mdebug: [0mc_header: parsed function __log10p1l with 1 params (varargs=0) at line 2024
[1;36mdebug: [0mc_header: w_name=logp1l
[1;36mdebug: [0mc_header: parsed function logp1l with 1 params (varargs=0) at line 2027
[1;36mdebug: [0mc_header: w_name=__logp1l
[1;36mdebug: [0mc_header: parsed function __logp1l with 1 params (varargs=0) at line 2027
[1;36mdebug: [0mc_header: w_name=expm1l
[1;36mdebug: [0mc_header: parsed function expm1l with 1 params (varargs=0) at line 2032
[1;36mdebug: [0mc_header: w_name=__expm1l
[1;36mdebug: [0mc_header: parsed function __expm1l with 1 params (varargs=0) at line 2032
[1;36mdebug: [0mc_header: w_name=log1pl
[1;36mdebug: [0mc_header: parsed function log1pl with 1 params (varargs=0) at line 2035
[1;36mdebug: [0mc_header: w_name=__log1pl
[1;36mdebug: [0mc_header: parsed function __log1pl with 1 params (varargs=0) at line 2035
[1;36mdebug: [0mc_header: w_name=logbl
[1;36mdebug: [0mc_header: parsed function logbl with 1 params (varargs=0) at line 2038
[1;36mdebug: [0mc_header: w_name=__logbl
[1;36mdebug: [0mc_header: parsed function __logbl with 1 params (varargs=0) at line 2038
[1;36mdebug: [0mc_header: w_name=exp2l
[1;36mdebug: [0mc_header: parsed function exp2l with 1 params (varargs=0) at line 2043
[1;36mdebug: [0mc_header: w_name=__exp2l
[1;36mdebug: [0mc_header: parsed function __exp2l with 1 params (varargs=0) at line 2043
[1;36mdebug: [0mc_header: w_name=log2l
[1;36mdebug: [0mc_header: parsed function log2l with 1 params (varargs=0) at line 2046
[1;36mdebug: [0mc_header: w_name=__log2l
[1;36mdebug: [0mc_header: parsed function __log2l with 1 params (varargs=0) at line 2046
[1;36mdebug: [0mc_header: w_name=powl
[1;36mdebug: [0mc_header: parsed function powl with 2 params (varargs=0) at line 2053
[1;36mdebug: [0mc_header: w_name=__powl
[1;36mdebug: [0mc_header: parsed function __powl with 2 params (varargs=0) at line 2053
[1;36mdebug: [0mc_header: w_name=sqrtl
[1;36mdebug: [0mc_header: parsed function sqrtl with 1 params (varargs=0) at line 2056
[1;36mdebug: [0mc_header: w_name=__sqrtl
[1;36mdebug: [0mc_header: parsed function __sqrtl with 1 params (varargs=0) at line 2056
[1;36mdebug: [0mc_header: w_name=hypotl
[1;36mdebug: [0mc_header: parsed function hypotl with 2 params (varargs=0) at line 2060
[1;36mdebug: [0mc_header: w_name=__hypotl
[1;36mdebug: [0mc_header: parsed function __hypotl with 2 params (varargs=0) at line 2060
[1;36mdebug: [0mc_header: w_name=cbrtl
[1;36mdebug: [0mc_header: parsed function cbrtl with 1 params (varargs=0) at line 2065
[1;36mdebug: [0mc_header: w_name=__cbrtl
[1;36mdebug: [0mc_header: parsed function __cbrtl with 1 params (varargs=0) at line 2065
[1;36mdebug: [0mc_header: w_name=compoundnl
[1;36mdebug: [0mc_header: parsed function compoundnl with 2 params (varargs=0) at line 2070
[1;36mdebug: [0mc_header: w_name=__compoundnl
[1;36mdebug: [0mc_header: parsed function __compoundnl with 2 params (varargs=0) at line 2070
[1;36mdebug: [0mc_header: w_name=pownl
[1;36mdebug: [0mc_header: parsed function pownl with 2 params (varargs=0) at line 2073
[1;36mdebug: [0mc_header: w_name=__pownl
[1;36mdebug: [0mc_header: parsed function __pownl with 2 params (varargs=0) at line 2073
[1;36mdebug: [0mc_header: w_name=powrl
[1;36mdebug: [0mc_header: parsed function powrl with 2 params (varargs=0) at line 2076
[1;36mdebug: [0mc_header: w_name=__powrl
[1;36mdebug: [0mc_header: parsed function __powrl with 2 params (varargs=0) at line 2076
[1;36mdebug: [0mc_header: w_name=powrl
[1;36mdebug: [0mc_header: parsed function powrl with 2 params (varargs=0) at line 2077
[1;36mdebug: [0mc_header: w_name=__powrl
[1;36mdebug: [0mc_header: parsed function __powrl with 2 params (varargs=0) at line 2077
[1;36mdebug: [0mc_header: w_name=rootnl
[1;36mdebug: [0mc_header: parsed function rootnl with 2 params (varargs=0) at line 2080
[1;36mdebug: [0mc_header: w_name=__rootnl
[1;36mdebug: [0mc_header: parsed function __rootnl with 2 params (varargs=0) at line 2080
[1;36mdebug: [0mc_header: w_name=rsqrtl
[1;36mdebug: [0mc_header: parsed function rsqrtl with 1 params (varargs=0) at line 2083
[1;36mdebug: [0mc_header: w_name=__rsqrtl
[1;36mdebug: [0mc_header: parsed function __rsqrtl with 1 params (varargs=0) at line 2083
[1;36mdebug: [0mc_header: w_name=ceill
[1;36mdebug: [0mc_header: parsed function ceill with 1 params (varargs=0) at line 2090
[1;36mdebug: [0mc_header: w_name=fabsl
[1;36mdebug: [0mc_header: parsed function fabsl with 1 params (varargs=0) at line 2093
[1;36mdebug: [0mc_header: w_name=floorl
[1;36mdebug: [0mc_header: parsed function floorl with 1 params (varargs=0) at line 2096
[1;36mdebug: [0mc_header: w_name=fmodl
[1;36mdebug: [0mc_header: parsed function fmodl with 2 params (varargs=0) at line 2099
[1;36mdebug: [0mc_header: w_name=__fmodl
[1;36mdebug: [0mc_header: parsed function __fmodl with 2 params (varargs=0) at line 2099
[1;36mdebug: [0mc_header: w_name=isinfl
[1;36mdebug: [0mc_header: parsed function isinfl with 1 params (varargs=0) at line 2101
[1;36mdebug: [0mc_header: w_name=finitel
[1;36mdebug: [0mc_header: parsed function finitel with 1 params (varargs=0) at line 2107
[1;36mdebug: [0mc_header: w_name=dreml
[1;36mdebug: [0mc_header: parsed function dreml with 2 params (varargs=0) at line 2111
[1;36mdebug: [0mc_header: w_name=__dreml
[1;36mdebug: [0mc_header: parsed function __dreml with 2 params (varargs=0) at line 2111
[1;36mdebug: [0mc_header: w_name=significandl
[1;36mdebug: [0mc_header: parsed function significandl with 1 params (varargs=0) at line 2115
[1;36mdebug: [0mc_header: w_name=__significandl
[1;36mdebug: [0mc_header: parsed function __significandl with 1 params (varargs=0) at line 2115
[1;36mdebug: [0mc_header: w_name=copysignl
[1;36mdebug: [0mc_header: parsed function copysignl with 2 params (varargs=0) at line 2122
[1;36mdebug: [0mc_header: w_name=nanl
[1;36mdebug: [0mc_header: parsed function nanl with 1 params (varargs=0) at line 2127
[1;36mdebug: [0mc_header: w_name=__nanl
[1;36mdebug: [0mc_header: parsed function __nanl with 1 params (varargs=0) at line 2127
[1;36mdebug: [0mc_header: w_name=isnanl
[1;36mdebug: [0mc_header: parsed function isnanl with 1 params (varargs=0) at line 2129
[1;36mdebug: [0mc_header: w_name=j0l
[1;36mdebug: [0mc_header: parsed function j0l with 1 params (varargs=0) at line 2136
[1;36mdebug: [0mc_header: w_name=__j0l
[1;36mdebug: [0mc_header: parsed function __j0l with 1 params (varargs=0) at line 2136
[1;36mdebug: [0mc_header: w_name=j1l
[1;36mdebug: [0mc_header: parsed function j1l with 1 params (varargs=0) at line 2137
[1;36mdebug: [0mc_header: w_name=__j1l
[1;36mdebug: [0mc_header: parsed function __j1l with 1 params (varargs=0) at line 2137
[1;36mdebug: [0mc_header: w_name=jnl
[1;36mdebug: [0mc_header: parsed function jnl with 2 params (varargs=0) at line 2138
[1;36mdebug: [0mc_header: w_name=__jnl
[1;36mdebug: [0mc_header: parsed function __jnl with 2 params (varargs=0) at line 2138
[1;36mdebug: [0mc_header: w_name=y0l
[1;36mdebug: [0mc_header: parsed function y0l with 1 params (varargs=0) at line 2139
[1;36mdebug: [0mc_header: w_name=__y0l
[1;36mdebug: [0mc_header: parsed function __y0l with 1 params (varargs=0) at line 2139
[1;36mdebug: [0mc_header: w_name=y1l
[1;36mdebug: [0mc_header: parsed function y1l with 1 params (varargs=0) at line 2140
[1;36mdebug: [0mc_header: w_name=__y1l
[1;36mdebug: [0mc_header: parsed function __y1l with 1 params (varargs=0) at line 2140
[1;36mdebug: [0mc_header: w_name=ynl
[1;36mdebug: [0mc_header: parsed function ynl with 2 params (varargs=0) at line 2141
[1;36mdebug: [0mc_header: w_name=__ynl
[1;36mdebug: [0mc_header: parsed function __ynl with 2 params (varargs=0) at line 2141
[1;36mdebug: [0mc_header: w_name=erfl
[1;36mdebug: [0mc_header: parsed function erfl with 1 params (varargs=0) at line 2147
[1;36mdebug: [0mc_header: w_name=__erfl
[1;36mdebug: [0mc_header: parsed function __erfl with 1 params (varargs=0) at line 2147
[1;36mdebug: [0mc_header: w_name=erfcl
[1;36mdebug: [0mc_header: parsed function erfcl with 1 params (varargs=0) at line 2148
[1;36mdebug: [0mc_header: w_name=__erfcl
[1;36mdebug: [0mc_header: parsed function __erfcl with 1 params (varargs=0) at line 2148
[1;36mdebug: [0mc_header: w_name=lgammal
[1;36mdebug: [0mc_header: parsed function lgammal with 1 params (varargs=0) at line 2149
[1;36mdebug: [0mc_header: w_name=__lgammal
[1;36mdebug: [0mc_header: parsed function __lgammal with 1 params (varargs=0) at line 2149
[1;36mdebug: [0mc_header: w_name=tgammal
[1;36mdebug: [0mc_header: parsed function tgammal with 1 params (varargs=0) at line 2154
[1;36mdebug: [0mc_header: w_name=__tgammal
[1;36mdebug: [0mc_header: parsed function __tgammal with 1 params (varargs=0) at line 2154
[1;36mdebug: [0mc_header: w_name=gammal
[1;36mdebug: [0mc_header: parsed function gammal with 1 params (varargs=0) at line 2160
[1;36mdebug: [0mc_header: w_name=__gammal
[1;36mdebug: [0mc_header: parsed function __gammal with 1 params (varargs=0) at line 2160
[1;36mdebug: [0mc_header: w_name=lgammal_r
[1;36mdebug: [0mc_header: parsed function lgammal_r with 2 params (varargs=0) at line 2168
[1;36mdebug: [0mc_header: w_name=__lgammal_r
[1;36mdebug: [0mc_header: parsed function __lgammal_r with 2 params (varargs=0) at line 2168
[1;36mdebug: [0mc_header: w_name=rintl
[1;36mdebug: [0mc_header: parsed function rintl with 1 params (varargs=0) at line 2175
[1;36mdebug: [0mc_header: w_name=__rintl
[1;36mdebug: [0mc_header: parsed function __rintl with 1 params (varargs=0) at line 2175
[1;36mdebug: [0mc_header: w_name=nextafterl
[1;36mdebug: [0mc_header: parsed function nextafterl with 2 params (varargs=0) at line 2178
[1;36mdebug: [0mc_header: w_name=__nextafterl
[1;36mdebug: [0mc_header: parsed function __nextafterl with 2 params (varargs=0) at line 2178
[1;36mdebug: [0mc_header: w_name=nexttowardl
[1;36mdebug: [0mc_header: parsed function nexttowardl with 2 params (varargs=0) at line 2180
[1;36mdebug: [0mc_header: w_name=__nexttowardl
[1;36mdebug: [0mc_header: parsed function __nexttowardl with 2 params (varargs=0) at line 2180
[1;36mdebug: [0mc_header: w_name=nextdownl
[1;36mdebug: [0mc_header: parsed function nextdownl with 1 params (varargs=0) at line 2185
[1;36mdebug: [0mc_header: w_name=__nextdownl
[1;36mdebug: [0mc_header: parsed function __nextdownl with 1 params (varargs=0) at line 2185
[1;36mdebug: [0mc_header: w_name=nextupl
[1;36mdebug: [0mc_header: parsed function nextupl with 1 params (varargs=0) at line 2187
[1;36mdebug: [0mc_header: w_name=__nextupl
[1;36mdebug: [0mc_header: parsed function __nextupl with 1 params (varargs=0) at line 2187
[1;36mdebug: [0mc_header: w_name=remainderl
[1;36mdebug: [0mc_header: parsed function remainderl with 2 params (varargs=0) at line 2191
[1;36mdebug: [0mc_header: w_name=__remainderl
[1;36mdebug: [0mc_header: parsed function __remainderl with 2 params (varargs=0) at line 2191
[1;36mdebug: [0mc_header: w_name=scalbnl
[1;36mdebug: [0mc_header: parsed function scalbnl with 2 params (varargs=0) at line 2195
[1;36mdebug: [0mc_header: w_name=__scalbnl
[1;36mdebug: [0mc_header: parsed function __scalbnl with 2 params (varargs=0) at line 2195
[1;36mdebug: [0mc_header: w_name=ilogbl
[1;36mdebug: [0mc_header: parsed function ilogbl with 1 params (varargs=0) at line 2199
[1;36mdebug: [0mc_header: w_name=__ilogbl
[1;36mdebug: [0mc_header: parsed function __ilogbl with 1 params (varargs=0) at line 2199
[1;36mdebug: [0mc_header: w_name=llogbl
[1;36mdebug: [0mc_header: parsed function llogbl with 1 params (varargs=0) at line 2204
[1;36mdebug: [0mc_header: w_name=__llogbl
[1;36mdebug: [0mc_header: parsed function __llogbl with 1 params (varargs=0) at line 2204
[1;36mdebug: [0mc_header: w_name=scalblnl
[1;36mdebug: [0mc_header: parsed function scalblnl with 2 params (varargs=0) at line 2209
[1;36mdebug: [0mc_header: w_name=__scalblnl
[1;36mdebug: [0mc_header: parsed function __scalblnl with 2 params (varargs=0) at line 2209
[1;36mdebug: [0mc_header: w_name=nearbyintl
[1;36mdebug: [0mc_header: parsed function nearbyintl with 1 params (varargs=0) at line 2213
[1;36mdebug: [0mc_header: w_name=__nearbyintl
[1;36mdebug: [0mc_header: parsed function __nearbyintl with 1 params (varargs=0) at line 2213
[1;36mdebug: [0mc_header: w_name=roundl
[1;36mdebug: [0mc_header: parsed function roundl with 1 params (varargs=0) at line 2217
[1;36mdebug: [0mc_header: w_name=truncl
[1;36mdebug: [0mc_header: parsed function truncl with 1 params (varargs=0) at line 2221
[1;36mdebug: [0mc_header: w_name=remquol
[1;36mdebug: [0mc_header: parsed function remquol with 3 params (varargs=0) at line 2226
[1;36mdebug: [0mc_header: w_name=__remquol
[1;36mdebug: [0mc_header: parsed function __remquol with 3 params (varargs=0) at line 2226
[1;36mdebug: [0mc_header: w_name=lrintl
[1;36mdebug: [0mc_header: parsed function lrintl with 1 params (varargs=0) at line 2233
[1;36mdebug: [0mc_header: w_name=__lrintl
[1;36mdebug: [0mc_header: parsed function __lrintl with 1 params (varargs=0) at line 2233
[1;36mdebug: [0mc_header: w_name=llrintl
[1;36mdebug: [0mc_header: parsed function llrintl with 1 params (varargs=0) at line 2235
[1;36mdebug: [0mc_header: w_name=__llrintl
[1;36mdebug: [0mc_header: parsed function __llrintl with 1 params (varargs=0) at line 2235
[1;36mdebug: [0mc_header: w_name=lroundl
[1;36mdebug: [0mc_header: parsed function lroundl with 1 params (varargs=0) at line 2239
[1;36mdebug: [0mc_header: w_name=__lroundl
[1;36mdebug: [0mc_header: parsed function __lroundl with 1 params (varargs=0) at line 2239
[1;36mdebug: [0mc_header: w_name=llroundl
[1;36mdebug: [0mc_header: parsed function llroundl with 1 params (varargs=0) at line 2241
[1;36mdebug: [0mc_header: w_name=__llroundl
[1;36mdebug: [0mc_header: parsed function __llroundl with 1 params (varargs=0) at line 2241
[1;36mdebug: [0mc_header: w_name=fdiml
[1;36mdebug: [0mc_header: parsed function fdiml with 2 params (varargs=0) at line 2245
[1;36mdebug: [0mc_header: w_name=__fdiml
[1;36mdebug: [0mc_header: parsed function __fdiml with 2 params (varargs=0) at line 2245
[1;36mdebug: [0mc_header: w_name=fmaxl
[1;36mdebug: [0mc_header: parsed function fmaxl with 2 params (varargs=0) at line 2249
[1;36mdebug: [0mc_header: w_name=fminl
[1;36mdebug: [0mc_header: parsed function fminl with 2 params (varargs=0) at line 2252
[1;36mdebug: [0mc_header: w_name=fmal
[1;36mdebug: [0mc_header: parsed function fmal with 3 params (varargs=0) at line 2256
[1;36mdebug: [0mc_header: w_name=__fmal
[1;36mdebug: [0mc_header: parsed function __fmal with 3 params (varargs=0) at line 2256
[1;36mdebug: [0mc_header: w_name=roundevenl
[1;36mdebug: [0mc_header: parsed function roundevenl with 1 params (varargs=0) at line 2261
[1;36mdebug: [0mc_header: w_name=fromfpl
[1;36mdebug: [0mc_header: parsed function fromfpl with 3 params (varargs=0) at line 2265
[1;36mdebug: [0mc_header: w_name=__fromfpl
[1;36mdebug: [0mc_header: parsed function __fromfpl with 3 params (varargs=0) at line 2265
[1;36mdebug: [0mc_header: w_name=ufromfpl
[1;36mdebug: [0mc_header: parsed function ufromfpl with 3 params (varargs=0) at line 2269
[1;36mdebug: [0mc_header: w_name=__ufromfpl
[1;36mdebug: [0mc_header: parsed function __ufromfpl with 3 params (varargs=0) at line 2269
[1;36mdebug: [0mc_header: w_name=fromfpxl
[1;36mdebug: [0mc_header: parsed function fromfpxl with 3 params (varargs=0) at line 2274
[1;36mdebug: [0mc_header: w_name=__fromfpxl
[1;36mdebug: [0mc_header: parsed function __fromfpxl with 3 params (varargs=0) at line 2274
[1;36mdebug: [0mc_header: w_name=ufromfpxl
[1;36mdebug: [0mc_header: parsed function ufromfpxl with 3 params (varargs=0) at line 2279
[1;36mdebug: [0mc_header: w_name=__ufromfpxl
[1;36mdebug: [0mc_header: parsed function __ufromfpxl with 3 params (varargs=0) at line 2279
[1;36mdebug: [0mc_header: w_name=canonicalizel
[1;36mdebug: [0mc_header: parsed function canonicalizel with 2 params (varargs=0) at line 2282
[1;36mdebug: [0mc_header: w_name=fmaximuml
[1;36mdebug: [0mc_header: parsed function fmaximuml with 2 params (varargs=0) at line 2284
[1;36mdebug: [0mc_header: w_name=fminimuml
[1;36mdebug: [0mc_header: parsed function fminimuml with 2 params (varargs=0) at line 2287
[1;36mdebug: [0mc_header: w_name=fmaximum_numl
[1;36mdebug: [0mc_header: parsed function fmaximum_numl with 2 params (varargs=0) at line 2290
[1;36mdebug: [0mc_header: w_name=fminimum_numl
[1;36mdebug: [0mc_header: parsed function fminimum_numl with 2 params (varargs=0) at line 2293
[1;36mdebug: [0mc_header: w_name=fmaximum_magl
[1;36mdebug: [0mc_header: parsed function fmaximum_magl with 2 params (varargs=0) at line 2296
[1;36mdebug: [0mc_header: w_name=fminimum_magl
[1;36mdebug: [0mc_header: parsed function fminimum_magl with 2 params (varargs=0) at line 2299
[1;36mdebug: [0mc_header: w_name=fmaximum_mag_numl
[1;36mdebug: [0mc_header: parsed function fmaximum_mag_numl with 2 params (varargs=0) at line 2302
[1;36mdebug: [0mc_header: w_name=fminimum_mag_numl
[1;36mdebug: [0mc_header: parsed function fminimum_mag_numl with 2 params (varargs=0) at line 2305
[1;36mdebug: [0mc_header: w_name=scalbl
[1;36mdebug: [0mc_header: parsed function scalbl with 2 params (varargs=0) at line 2307
[1;36mdebug: [0mc_header: w_name=__scalbl
[1;36mdebug: [0mc_header: parsed function __scalbl with 2 params (varargs=0) at line 2307
[1;36mdebug: [0mc_header: w_name=__fpclassifyf128
[1;36mdebug: [0mc_header: parsed function __fpclassifyf128 with 1 params (varargs=0) at line 2312
[1;36mdebug: [0mc_header: w_name=__signbitf128
[1;36mdebug: [0mc_header: parsed function __signbitf128 with 1 params (varargs=0) at line 2316
[1;36mdebug: [0mc_header: w_name=__isinff128
[1;36mdebug: [0mc_header: parsed function __isinff128 with 1 params (varargs=0) at line 2321
[1;36mdebug: [0mc_header: w_name=__finitef128
[1;36mdebug: [0mc_header: parsed function __finitef128 with 1 params (varargs=0) at line 2325
[1;36mdebug: [0mc_header: w_name=__isnanf128
[1;36mdebug: [0mc_header: parsed function __isnanf128 with 1 params (varargs=0) at line 2329
[1;36mdebug: [0mc_header: w_name=__iseqsigf128
[1;36mdebug: [0mc_header: parsed function __iseqsigf128 with 2 params (varargs=0) at line 2333
[1;36mdebug: [0mc_header: w_name=__issignalingf128
[1;36mdebug: [0mc_header: parsed function __issignalingf128 with 1 params (varargs=0) at line 2336
[1;36mdebug: [0mc_header: w_name=fadd
[1;36mdebug: [0mc_header: parsed function fadd with 2 params (varargs=0) at line 2342
[1;36mdebug: [0mc_header: w_name=fdiv
[1;36mdebug: [0mc_header: parsed function fdiv with 2 params (varargs=0) at line 2345
[1;36mdebug: [0mc_header: w_name=ffma
[1;36mdebug: [0mc_header: parsed function ffma with 3 params (varargs=0) at line 2348
[1;36mdebug: [0mc_header: w_name=fmul
[1;36mdebug: [0mc_header: parsed function fmul with 2 params (varargs=0) at line 2351
[1;36mdebug: [0mc_header: w_name=fsqrt
[1;36mdebug: [0mc_header: parsed function fsqrt with 1 params (varargs=0) at line 2354
[1;36mdebug: [0mc_header: w_name=fsub
[1;36mdebug: [0mc_header: parsed function fsub with 2 params (varargs=0) at line 2357
[1;36mdebug: [0mc_header: w_name=faddl
[1;36mdebug: [0mc_header: parsed function faddl with 2 params (varargs=0) at line 2362
[1;36mdebug: [0mc_header: w_name=fdivl
[1;36mdebug: [0mc_header: parsed function fdivl with 2 params (varargs=0) at line 2365
[1;36mdebug: [0mc_header: w_name=ffmal
[1;36mdebug: [0mc_header: parsed function ffmal with 3 params (varargs=0) at line 2368
[1;36mdebug: [0mc_header: w_name=fmull
[1;36mdebug: [0mc_header: parsed function fmull with 2 params (varargs=0) at line 2371
[1;36mdebug: [0mc_header: w_name=fsqrtl
[1;36mdebug: [0mc_header: parsed function fsqrtl with 1 params (varargs=0) at line 2374
[1;36mdebug: [0mc_header: w_name=fsubl
[1;36mdebug: [0mc_header: parsed function fsubl with 2 params (varargs=0) at line 2377
[1;36mdebug: [0mc_header: w_name=daddl
[1;36mdebug: [0mc_header: parsed function daddl with 2 params (varargs=0) at line 2382
[1;36mdebug: [0mc_header: w_name=ddivl
[1;36mdebug: [0mc_header: parsed function ddivl with 2 params (varargs=0) at line 2385
[1;36mdebug: [0mc_header: w_name=dfmal
[1;36mdebug: [0mc_header: parsed function dfmal with 3 params (varargs=0) at line 2388
[1;36mdebug: [0mc_header: w_name=dmull
[1;36mdebug: [0mc_header: parsed function dmull with 2 params (varargs=0) at line 2391
[1;36mdebug: [0mc_header: w_name=dsqrtl
[1;36mdebug: [0mc_header: parsed function dsqrtl with 1 params (varargs=0) at line 2394
[1;36mdebug: [0mc_header: w_name=dsubl
[1;36mdebug: [0mc_header: parsed function dsubl with 2 params (varargs=0) at line 2397
[1;36mdebug: [0mc_header: LOOP START token=1
[1;36mdebug: [0mc_header: LOOP START token=1
[1;36mdebug: [0mc_header: LOOP START token=1
[1;36mdebug: [0mc_header: LOOP START token=1
[1;36mdebug: [0mc_header: LOOP START token=1
[1;36mdebug: [0mc_header: w_name=__iscanonicall
[1;36mdebug: [0mc_header: parsed function __iscanonicall with 1 params (varargs=0) at line 2424
[1;36mdebug: [0mc_header: LOOP START token=73
[1;36mdebug: [0mc_header: LOOP START token=73
[1;36mdebug: [0mc_header: LOOP START token=73
[1;36mdebug: [0mc_header: LOOP START token=73
[1;36mdebug: [0mc_header: w_name=imaxabs
[1;36mdebug: [0mc_header: parsed function imaxabs with 1 params (varargs=0) at line 2458
[1;36mdebug: [0mc_header: w_name=imaxdiv
[1;36mdebug: [0mc_header: parsed function imaxdiv with 2 params (varargs=0) at line 2467
[1;36mdebug: [0mc_header: w_name=strtoimax
[1;36mdebug: [0mc_header: parsed function strtoimax with 3 params (varargs=0) at line 2471
[1;36mdebug: [0mc_header: w_name=strtoumax
[1;36mdebug: [0mc_header: parsed function strtoumax with 3 params (varargs=0) at line 2475
[1;36mdebug: [0mc_header: w_name=wcstoimax
[1;36mdebug: [0mc_header: parsed function wcstoimax with 3 params (varargs=0) at line 2480
[1;36mdebug: [0mc_header: w_name=wcstoumax
[1;36mdebug: [0mc_header: parsed function wcstoumax with 3 params (varargs=0) at line 2485
[1;36mdebug: [0mc_header: w_name=strtoimax
[1;36mdebug: [0mc_header: parsed function strtoimax with 3 params (varargs=0) at line 2491
[1;36mdebug: [0mc_header: w_name=strtoumax
[1;36mdebug: [0mc_header: parsed function strtoumax with 3 params (varargs=0) at line 2494
[1;36mdebug: [0mc_header: w_name=wcstoimax
[1;36mdebug: [0mc_header: parsed function wcstoimax with 3 params (varargs=0) at line 2497
[1;36mdebug: [0mc_header: w_name=wcstoumax
[1;36mdebug: [0mc_header: parsed function wcstoumax with 3 params (varargs=0) at line 2501
[1;36mdebug: [0mc_header: LOOP START token=59 line=2519 text='const'
[1;36mdebug: [0mc_header: LOOP START token=59 line=2521 text='const'
[1;36mdebug: [0mc_header: LOOP START token=59 line=2523 text='const'
[1;36mdebug: [0mc_header: LOOP START token=59 line=2528 text='const'
[1;36mdebug: [0mc_header: LOOP START token=72 line=2530 text='int'
[1;36mdebug: [0mc_header: LOOP START token=72 line=2532 text='int'
[1;36mdebug: [0mc_header: LOOP START token=59 line=2534 text='const'
[1;36mdebug: [0mc_header: LOOP START token=72 line=2536 text='int'
[1;36mdebug: [0mc_header: LOOP START token=59 line=2538 text='const'
[1;36mdebug: [0mc_header: LOOP START token=81 line=2543 text='struct'
[1;36mdebug: [0mc_header: LOOP START token=81 line=2545 text='struct'
[1;36mdebug: [0mc_header: w_name=wl_list_init
[1;36mdebug: [0mc_header: parsed function wl_list_init with 1 params (varargs=0) at line 2549
[1;36mdebug: [0mc_header: w_name=wl_list_insert
[1;36mdebug: [0mc_header: parsed function wl_list_insert with 2 params (varargs=0) at line 2552
[1;36mdebug: [0mc_header: w_name=wl_list_remove
[1;36mdebug: [0mc_header: parsed function wl_list_remove with 1 params (varargs=0) at line 2555
[1;36mdebug: [0mc_header: w_name=wl_list_length
[1;36mdebug: [0mc_header: parsed function wl_list_length with 1 params (varargs=0) at line 2558
[1;36mdebug: [0mc_header: w_name=wl_list_empty
[1;36mdebug: [0mc_header: parsed function wl_list_empty with 1 params (varargs=0) at line 2561
[1;36mdebug: [0mc_header: w_name=wl_list_insert_list
[1;36mdebug: [0mc_header: parsed function wl_list_insert_list with 2 params (varargs=0) at line 2564
[1;36mdebug: [0mc_header: LOOP START token=1 line=2568 text='size_t'
[1;36mdebug: [0mc_header: LOOP START token=1 line=2570 text='size_t'
[1;36mdebug: [0mc_header: LOOP START token=86 line=2572 text='void'
[1;36mdebug: [0mc_header: w_name=wl_array_init
[1;36mdebug: [0mc_header: parsed function wl_array_init with 1 params (varargs=0) at line 2576
[1;36mdebug: [0mc_header: w_name=wl_array_release
[1;36mdebug: [0mc_header: parsed function wl_array_release with 1 params (varargs=0) at line 2579
[1;36mdebug: [0mc_header: w_name=wl_array_add
[1;36mdebug: [0mc_header: parsed function wl_array_add with 2 params (varargs=0) at line 2582
[1;36mdebug: [0mc_header: w_name=wl_array_copy
[1;36mdebug: [0mc_header: parsed function wl_array_copy with 2 params (varargs=0) at line 2585
[1;36mdebug: [0mc_header: w_name=wl_fixed_to_double
[1;36mdebug: [0mc_header: parsed function wl_fixed_to_double with 1 params (varargs=0) at line 2591
[1;36mdebug: [0mc_header: w_name=wl_fixed_from_double
[1;36mdebug: [0mc_header: parsed function wl_fixed_from_double with 1 params (varargs=0) at line 2597
[1;36mdebug: [0mc_header: w_name=wl_fixed_to_int
[1;36mdebug: [0mc_header: parsed function wl_fixed_to_int with 1 params (varargs=0) at line 2603
[1;36mdebug: [0mc_header: w_name=wl_fixed_from_int
[1;36mdebug: [0mc_header: parsed function wl_fixed_from_int with 1 params (varargs=0) at line 2609
[1;36mdebug: [0mc_header: LOOP START token=1 line=2614 text='int32_t'
[1;36mdebug: [0mc_header: LOOP START token=1 line=2615 text='uint32_t'
[1;36mdebug: [0mc_header: LOOP START token=1 line=2616 text='wl_fixed_t'
[1;36mdebug: [0mc_header: LOOP START token=59 line=2617 text='const'
[1;36mdebug: [0mc_header: LOOP START token=81 line=2618 text='struct'
[1;36mdebug: [0mc_header: LOOP START token=1 line=2619 text='uint32_t'
[1;36mdebug: [0mc_header: LOOP START token=81 line=2620 text='struct'
[1;36mdebug: [0mc_header: LOOP START token=1 line=2621 text='int32_t'
[1;36mdebug: [0mc_header: LOOP START token=1
[1;36mdebug: [0mc_header: LOOP START token=1
[1;36mdebug: [0mc_header: LOOP START token=1
[1;36mdebug: [0mc_header: LOOP START token=1
[1;36mdebug: [0mc_header: LOOP START token=1
[1;36mdebug: [0mc_header: LOOP START token=1
[1;36mdebug: [0mc_header: w_name=wl_event_loop_create
[1;36mdebug: [0mc_header: parsed function wl_event_loop_create with 0 params (varargs=0) at line 2666
[1;36mdebug: [0mc_header: w_name=wl_event_loop_destroy
[1;36mdebug: [0mc_header: parsed function wl_event_loop_destroy with 1 params (varargs=0) at line 2669
[1;36mdebug: [0mc_header: w_name=wl_event_loop_add_fd
[1;36mdebug: [0mc_header: parsed function wl_event_loop_add_fd with 5 params (varargs=0) at line 2675
[1;36mdebug: [0mc_header: w_name=wl_event_source_fd_update
[1;36mdebug: [0mc_header: parsed function wl_event_source_fd_update with 2 params (varargs=0) at line 2678
[1;36mdebug: [0mc_header: w_name=wl_event_loop_add_timer
[1;36mdebug: [0mc_header: parsed function wl_event_loop_add_timer with 3 params (varargs=0) at line 2683
[1;36mdebug: [0mc_header: w_name=wl_event_loop_add_signal
[1;36mdebug: [0mc_header: parsed function wl_event_loop_add_signal with 4 params (varargs=0) at line 2689
[1;36mdebug: [0mc_header: w_name=wl_event_source_timer_update
[1;36mdebug: [0mc_header: parsed function wl_event_source_timer_update with 2 params (varargs=0) at line 2693
[1;36mdebug: [0mc_header: w_name=wl_event_source_remove
[1;36mdebug: [0mc_header: parsed function wl_event_source_remove with 1 params (varargs=0) at line 2696
[1;36mdebug: [0mc_header: w_name=wl_event_source_check
[1;36mdebug: [0mc_header: parsed function wl_event_source_check with 1 params (varargs=0) at line 2699
[1;36mdebug: [0mc_header: w_name=wl_event_loop_dispatch
[1;36mdebug: [0mc_header: parsed function wl_event_loop_dispatch with 2 params (varargs=0) at line 2702
[1;36mdebug: [0mc_header: w_name=wl_event_loop_dispatch_idle
[1;36mdebug: [0mc_header: parsed function wl_event_loop_dispatch_idle with 1 params (varargs=0) at line 2705
[1;36mdebug: [0mc_header: w_name=wl_event_loop_add_idle
[1;36mdebug: [0mc_header: parsed function wl_event_loop_add_idle with 3 params (varargs=0) at line 2710
[1;36mdebug: [0mc_header: w_name=wl_event_loop_get_fd
[1;36mdebug: [0mc_header: parsed function wl_event_loop_get_fd with 1 params (varargs=0) at line 2713
[1;36mdebug: [0mc_header: w_name=wl_event_loop_add_destroy_listener
[1;36mdebug: [0mc_header: parsed function wl_event_loop_add_destroy_listener with 2 params (varargs=0) at line 2721
[1;36mdebug: [0mc_header: w_name=wl_event_loop_get_destroy_listener
[1;36mdebug: [0mc_header: parsed function wl_event_loop_get_destroy_listener with 2 params (varargs=0) at line 2725
[1;36mdebug: [0mc_header: w_name=wl_display_create
[1;36mdebug: [0mc_header: parsed function wl_display_create with 0 params (varargs=0) at line 2728
[1;36mdebug: [0mc_header: w_name=wl_display_destroy
[1;36mdebug: [0mc_header: parsed function wl_display_destroy with 1 params (varargs=0) at line 2731
[1;36mdebug: [0mc_header: w_name=wl_display_get_event_loop
[1;36mdebug: [0mc_header: parsed function wl_display_get_event_loop with 1 params (varargs=0) at line 2734
[1;36mdebug: [0mc_header: w_name=wl_display_add_socket
[1;36mdebug: [0mc_header: parsed function wl_display_add_socket with 2 params (varargs=0) at line 2737
[1;36mdebug: [0mc_header: w_name=wl_display_add_socket_auto
[1;36mdebug: [0mc_header: parsed function wl_display_add_socket_auto with 1 params (varargs=0) at line 2740
[1;36mdebug: [0mc_header: w_name=wl_display_add_socket_fd
[1;36mdebug: [0mc_header: parsed function wl_display_add_socket_fd with 2 params (varargs=0) at line 2743
[1;36mdebug: [0mc_header: w_name=wl_display_remove_socket_fd
[1;36mdebug: [0mc_header: parsed function wl_display_remove_socket_fd with 2 params (varargs=0) at line 2746
[1;36mdebug: [0mc_header: w_name=wl_display_terminate
[1;36mdebug: [0mc_header: parsed function wl_display_terminate with 1 params (varargs=0) at line 2749
[1;36mdebug: [0mc_header: w_name=wl_display_run
[1;36mdebug: [0mc_header: parsed function wl_display_run with 1 params (varargs=0) at line 2752
[1;36mdebug: [0mc_header: w_name=wl_display_flush_clients
[1;36mdebug: [0mc_header: parsed function wl_display_flush_clients with 1 params (varargs=0) at line 2755
[1;36mdebug: [0mc_header: w_name=wl_display_destroy_clients
[1;36mdebug: [0mc_header: parsed function wl_display_destroy_clients with 1 params (varargs=0) at line 2758
[1;36mdebug: [0mc_header: w_name=wl_display_set_default_max_buffer_size
[1;36mdebug: [0mc_header: parsed function wl_display_set_default_max_buffer_size with 2 params (varargs=0) at line 2762
[1;36mdebug: [0mc_header: w_name=wl_display_get_serial
[1;36mdebug: [0mc_header: parsed function wl_display_get_serial with 1 params (varargs=0) at line 2773
[1;36mdebug: [0mc_header: w_name=wl_display_next_serial
[1;36mdebug: [0mc_header: parsed function wl_display_next_serial with 1 params (varargs=0) at line 2776
[1;36mdebug: [0mc_header: w_name=wl_display_add_destroy_listener
[1;36mdebug: [0mc_header: parsed function wl_display_add_destroy_listener with 2 params (varargs=0) at line 2780
[1;36mdebug: [0mc_header: w_name=wl_display_add_client_created_listener
[1;36mdebug: [0mc_header: parsed function wl_display_add_client_created_listener with 2 params (varargs=0) at line 2784
[1;36mdebug: [0mc_header: w_name=wl_display_get_destroy_listener
[1;36mdebug: [0mc_header: parsed function wl_display_get_destroy_listener with 2 params (varargs=0) at line 2788
[1;36mdebug: [0mc_header: w_name=wl_global_create
[1;36mdebug: [0mc_header: parsed function wl_global_create with 5 params (varargs=0) at line 2794
[1;36mdebug: [0mc_header: w_name=wl_global_remove
[1;36mdebug: [0mc_header: parsed function wl_global_remove with 1 params (varargs=0) at line 2797
[1;36mdebug: [0mc_header: w_name=wl_global_set_withdrawn_listener
[1;36mdebug: [0mc_header: parsed function wl_global_set_withdrawn_listener with 2 params (varargs=0) at line 2801
[1;36mdebug: [0mc_header: w_name=wl_global_destroy
[1;36mdebug: [0mc_header: parsed function wl_global_destroy with 1 params (varargs=0) at line 2804
[1;36mdebug: [0mc_header: w_name=wl_display_set_global_filter
[1;36mdebug: [0mc_header: parsed function wl_display_set_global_filter with 3 params (varargs=0) at line 2813
[1;36mdebug: [0mc_header: w_name=wl_global_get_interface
[1;36mdebug: [0mc_header: parsed function wl_global_get_interface with 1 params (varargs=0) at line 2816
[1;36mdebug: [0mc_header: w_name=wl_global_get_name
[1;36mdebug: [0mc_header: parsed function wl_global_get_name with 2 params (varargs=0) at line 2820
[1;36mdebug: [0mc_header: w_name=wl_global_get_version
[1;36mdebug: [0mc_header: parsed function wl_global_get_version with 1 params (varargs=0) at line 2823
[1;36mdebug: [0mc_header: w_name=wl_global_get_display
[1;36mdebug: [0mc_header: parsed function wl_global_get_display with 1 params (varargs=0) at line 2826
[1;36mdebug: [0mc_header: w_name=wl_global_get_user_data
[1;36mdebug: [0mc_header: parsed function wl_global_get_user_data with 1 params (varargs=0) at line 2829
[1;36mdebug: [0mc_header: w_name=wl_global_set_user_data
[1;36mdebug: [0mc_header: parsed function wl_global_set_user_data with 2 params (varargs=0) at line 2832
[1;36mdebug: [0mc_header: w_name=wl_client_create
[1;36mdebug: [0mc_header: parsed function wl_client_create with 2 params (varargs=0) at line 2835
[1;36mdebug: [0mc_header: w_name=wl_display_get_client_list
[1;36mdebug: [0mc_header: parsed function wl_display_get_client_list with 1 params (varargs=0) at line 2838
[1;36mdebug: [0mc_header: w_name=wl_client_get_link
[1;36mdebug: [0mc_header: parsed function wl_client_get_link with 1 params (varargs=0) at line 2841
[1;36mdebug: [0mc_header: w_name=wl_client_from_link
[1;36mdebug: [0mc_header: parsed function wl_client_from_link with 1 params (varargs=0) at line 2844
[1;36mdebug: [0mc_header: w_name=wl_client_destroy
[1;36mdebug: [0mc_header: parsed function wl_client_destroy with 1 params (varargs=0) at line 2853
[1;36mdebug: [0mc_header: w_name=wl_client_flush
[1;36mdebug: [0mc_header: parsed function wl_client_flush with 1 params (varargs=0) at line 2856
[1;36mdebug: [0mc_header: w_name=wl_client_get_credentials
[1;36mdebug: [0mc_header: parsed function wl_client_get_credentials with 4 params (varargs=0) at line 2860
[1;36mdebug: [0mc_header: w_name=wl_client_get_fd
[1;36mdebug: [0mc_header: parsed function wl_client_get_fd with 1 params (varargs=0) at line 2863
[1;36mdebug: [0mc_header: w_name=wl_client_add_destroy_listener
[1;36mdebug: [0mc_header: parsed function wl_client_add_destroy_listener with 2 params (varargs=0) at line 2867
[1;36mdebug: [0mc_header: w_name=wl_client_get_destroy_listener
[1;36mdebug: [0mc_header: parsed function wl_client_get_destroy_listener with 2 params (varargs=0) at line 2871
[1;36mdebug: [0mc_header: w_name=wl_client_add_destroy_late_listener
[1;36mdebug: [0mc_header: parsed function wl_client_add_destroy_late_listener with 2 params (varargs=0) at line 2875
[1;36mdebug: [0mc_header: w_name=wl_client_get_destroy_late_listener
[1;36mdebug: [0mc_header: parsed function wl_client_get_destroy_late_listener with 2 params (varargs=0) at line 2879
[1;36mdebug: [0mc_header: w_name=wl_client_get_object
[1;36mdebug: [0mc_header: parsed function wl_client_get_object with 2 params (varargs=0) at line 2882
[1;36mdebug: [0mc_header: w_name=wl_client_post_no_memory
[1;36mdebug: [0mc_header: parsed function wl_client_post_no_memory with 1 params (varargs=0) at line 2885
[1;36mdebug: [0mc_header: w_name=wl_client_post_implementation_error
[1;36mdebug: [0mc_header: parsed function wl_client_post_implementation_error with 2 params (varargs=1) at line 2889
[1;36mdebug: [0mc_header: w_name=wl_client_add_resource_created_listener
[1;36mdebug: [0mc_header: parsed function wl_client_add_resource_created_listener with 2 params (varargs=0) at line 2893
[1;36mdebug: [0mc_header: w_name=wl_client_for_each_resource
[1;36mdebug: [0mc_header: parsed function wl_client_for_each_resource with 3 params (varargs=0) at line 2903
[1;36mdebug: [0mc_header: w_name=wl_client_set_user_data
[1;36mdebug: [0mc_header: parsed function wl_client_set_user_data with 3 params (varargs=0) at line 2910
[1;36mdebug: [0mc_header: w_name=wl_client_get_user_data
[1;36mdebug: [0mc_header: parsed function wl_client_get_user_data with 1 params (varargs=0) at line 2913
[1;36mdebug: [0mc_header: w_name=wl_client_set_max_buffer_size
[1;36mdebug: [0mc_header: parsed function wl_client_set_max_buffer_size with 2 params (varargs=0) at line 2916
[1;36mdebug: [0mc_header: LOOP START token=81 line=2920 text='struct'
[1;36mdebug: [0mc_header: LOOP START token=1 line=2923 text='wl_notify_func_t'
[1;36mdebug: [0mc_header: LOOP START token=81 line=2927 text='struct'
[1;36mdebug: [0mc_header: w_name=wl_signal_init
[1;36mdebug: [0mc_header: parsed function wl_signal_init with 1 params (varargs=0) at line 2938
[1;36mdebug: [0mc_header: w_name=wl_signal_add
[1;36mdebug: [0mc_header: parsed function wl_signal_add with 2 params (varargs=0) at line 2944
[1;36mdebug: [0mc_header: w_name=wl_signal_get
[1;36mdebug: [0mc_header: parsed function wl_signal_get with 2 params (varargs=0) at line 2950
[1;36mdebug: [0mc_header: w_name=wl_signal_emit
[1;36mdebug: [0mc_header: parsed function wl_signal_emit with 2 params (varargs=0) at line 2962
[1;36mdebug: [0mc_header: w_name=wl_signal_emit_mutable
[1;36mdebug: [0mc_header: parsed function wl_signal_emit_mutable with 2 params (varargs=0) at line 2970
[1;36mdebug: [0mc_header: w_name=wl_resource_post_event
[1;36mdebug: [0mc_header: parsed function wl_resource_post_event with 2 params (varargs=1) at line 2976
[1;36mdebug: [0mc_header: w_name=wl_resource_post_event_array
[1;36mdebug: [0mc_header: parsed function wl_resource_post_event_array with 3 params (varargs=0) at line 2980
[1;36mdebug: [0mc_header: w_name=wl_resource_queue_event
[1;36mdebug: [0mc_header: parsed function wl_resource_queue_event with 2 params (varargs=1) at line 2984
[1;36mdebug: [0mc_header: w_name=wl_resource_queue_event_array
[1;36mdebug: [0mc_header: parsed function wl_resource_queue_event_array with 3 params (varargs=0) at line 2988
[1;36mdebug: [0mc_header: w_name=wl_resource_post_error_vargs
[1;36mdebug: [0mc_header: parsed function wl_resource_post_error_vargs with 4 params (varargs=0) at line 2992
[1;36mdebug: [0mc_header: w_name=wl_resource_post_error
[1;36mdebug: [0mc_header: parsed function wl_resource_post_error with 3 params (varargs=1) at line 2996
[1;36mdebug: [0mc_header: w_name=wl_resource_post_no_memory
[1;36mdebug: [0mc_header: parsed function wl_resource_post_no_memory with 1 params (varargs=0) at line 2999
[1;36mdebug: [0mc_header: w_name=wl_client_get_display
[1;36mdebug: [0mc_header: parsed function wl_client_get_display with 1 params (varargs=0) at line 3002
[1;36mdebug: [0mc_header: w_name=wl_resource_create
[1;36mdebug: [0mc_header: parsed function wl_resource_create with 4 params (varargs=0) at line 3007
[1;36mdebug: [0mc_header: w_name=wl_resource_set_implementation
[1;36mdebug: [0mc_header: parsed function wl_resource_set_implementation with 4 params (varargs=0) at line 3013
[1;36mdebug: [0mc_header: w_name=wl_resource_set_dispatcher
[1;36mdebug: [0mc_header: parsed function wl_resource_set_dispatcher with 5 params (varargs=0) at line 3020
[1;36mdebug: [0mc_header: w_name=wl_resource_destroy
[1;36mdebug: [0mc_header: parsed function wl_resource_destroy with 1 params (varargs=0) at line 3023
[1;36mdebug: [0mc_header: w_name=wl_resource_get_id
[1;36mdebug: [0mc_header: parsed function wl_resource_get_id with 1 params (varargs=0) at line 3026
[1;36mdebug: [0mc_header: w_name=wl_resource_get_link
[1;36mdebug: [0mc_header: parsed function wl_resource_get_link with 1 params (varargs=0) at line 3029
[1;36mdebug: [0mc_header: w_name=wl_resource_from_link
[1;36mdebug: [0mc_header: parsed function wl_resource_from_link with 1 params (varargs=0) at line 3032
[1;36mdebug: [0mc_header: w_name=wl_resource_find_for_client
[1;36mdebug: [0mc_header: parsed function wl_resource_find_for_client with 2 params (varargs=0) at line 3035
[1;36mdebug: [0mc_header: w_name=wl_resource_get_client
[1;36mdebug: [0mc_header: parsed function wl_resource_get_client with 1 params (varargs=0) at line 3038
[1;36mdebug: [0mc_header: w_name=wl_resource_set_user_data
[1;36mdebug: [0mc_header: parsed function wl_resource_set_user_data with 2 params (varargs=0) at line 3041
[1;36mdebug: [0mc_header: w_name=wl_resource_get_user_data
[1;36mdebug: [0mc_header: parsed function wl_resource_get_user_data with 1 params (varargs=0) at line 3044
[1;36mdebug: [0mc_header: w_name=wl_resource_get_version
[1;36mdebug: [0mc_header: parsed function wl_resource_get_version with 1 params (varargs=0) at line 3047
[1;36mdebug: [0mc_header: w_name=wl_resource_set_destructor
[1;36mdebug: [0mc_header: parsed function wl_resource_set_destructor with 2 params (varargs=0) at line 3051
[1;36mdebug: [0mc_header: w_name=wl_resource_instance_of
[1;36mdebug: [0mc_header: parsed function wl_resource_instance_of with 3 params (varargs=0) at line 3056
[1;36mdebug: [0mc_header: w_name=wl_resource_get_class
[1;36mdebug: [0mc_header: parsed function wl_resource_get_class with 1 params (varargs=0) at line 3059
[1;36mdebug: [0mc_header: w_name=wl_resource_get_interface
[1;36mdebug: [0mc_header: parsed function wl_resource_get_interface with 1 params (varargs=0) at line 3062
[1;36mdebug: [0mc_header: w_name=wl_resource_add_destroy_listener
[1;36mdebug: [0mc_header: parsed function wl_resource_add_destroy_listener with 2 params (varargs=0) at line 3066
[1;36mdebug: [0mc_header: w_name=wl_resource_get_destroy_listener
[1;36mdebug: [0mc_header: parsed function wl_resource_get_destroy_listener with 2 params (varargs=0) at line 3070
[1;36mdebug: [0mc_header: w_name=wl_shm_buffer_get
[1;36mdebug: [0mc_header: parsed function wl_shm_buffer_get with 1 params (varargs=0) at line 3073
[1;36mdebug: [0mc_header: w_name=wl_shm_buffer_begin_access
[1;36mdebug: [0mc_header: parsed function wl_shm_buffer_begin_access with 1 params (varargs=0) at line 3076
[1;36mdebug: [0mc_header: w_name=wl_shm_buffer_end_access
[1;36mdebug: [0mc_header: parsed function wl_shm_buffer_end_access with 1 params (varargs=0) at line 3079
[1;36mdebug: [0mc_header: w_name=wl_shm_buffer_get_data
[1;36mdebug: [0mc_header: parsed function wl_shm_buffer_get_data with 1 params (varargs=0) at line 3082
[1;36mdebug: [0mc_header: w_name=wl_shm_buffer_get_stride
[1;36mdebug: [0mc_header: parsed function wl_shm_buffer_get_stride with 1 params (varargs=0) at line 3085
[1;36mdebug: [0mc_header: w_name=wl_shm_buffer_get_format
[1;36mdebug: [0mc_header: parsed function wl_shm_buffer_get_format with 1 params (varargs=0) at line 3088
[1;36mdebug: [0mc_header: w_name=wl_shm_buffer_get_width
[1;36mdebug: [0mc_header: parsed function wl_shm_buffer_get_width with 1 params (varargs=0) at line 3091
[1;36mdebug: [0mc_header: w_name=wl_shm_buffer_get_height
[1;36mdebug: [0mc_header: parsed function wl_shm_buffer_get_height with 1 params (varargs=0) at line 3094
[1;36mdebug: [0mc_header: w_name=wl_shm_buffer_ref
[1;36mdebug: [0mc_header: parsed function wl_shm_buffer_ref with 1 params (varargs=0) at line 3097
[1;36mdebug: [0mc_header: w_name=wl_shm_buffer_unref
[1;36mdebug: [0mc_header: parsed function wl_shm_buffer_unref with 1 params (varargs=0) at line 3100
[1;36mdebug: [0mc_header: w_name=wl_shm_buffer_ref_pool
[1;36mdebug: [0mc_header: parsed function wl_shm_buffer_ref_pool with 1 params (varargs=0) at line 3103
[1;36mdebug: [0mc_header: w_name=wl_shm_pool_unref
[1;36mdebug: [0mc_header: parsed function wl_shm_pool_unref with 1 params (varargs=0) at line 3106
[1;36mdebug: [0mc_header: w_name=wl_display_init_shm
[1;36mdebug: [0mc_header: parsed function wl_display_init_shm with 1 params (varargs=0) at line 3109
[1;36mdebug: [0mc_header: w_name=wl_display_add_shm_format
[1;36mdebug: [0mc_header: parsed function wl_display_add_shm_format with 2 params (varargs=0) at line 3112
[1;36mdebug: [0mc_header: w_name=wl_log_set_handler_server
[1;36mdebug: [0mc_header: parsed function wl_log_set_handler_server with 1 params (varargs=0) at line 3121
[1;36mdebug: [0mc_header: LOOP START token=1
[1;36mdebug: [0mc_header: LOOP START token=1
[1;36mdebug: [0mc_header: LOOP START token=81 line=3129 text='struct'
[1;36mdebug: [0mc_header: LOOP START token=72 line=3130 text='int'
[1;36mdebug: [0mc_header: LOOP START token=59 line=3131 text='const'
[1;36mdebug: [0mc_header: LOOP START token=72 line=3132 text='int'
[1;36mdebug: [0mc_header: LOOP START token=59 line=3133 text='const'
[1;36mdebug: [0mc_header: w_name=wl_display_add_protocol_logger
[1;36mdebug: [0mc_header: parsed function wl_display_add_protocol_logger with 3 params (varargs=0) at line 3143
[1;36mdebug: [0mc_header: w_name=wl_protocol_logger_destroy
[1;36mdebug: [0mc_header: parsed function wl_protocol_logger_destroy with 1 params (varargs=0) at line 3146
[1;36mdebug: [0mc_header: w_name=wl_fixes_handle_ack_global_remove
[1;36mdebug: [0mc_header: parsed function wl_fixes_handle_ack_global_remove with 3 params (varargs=0) at line 3151
[1;36mdebug: [0mc_header: LOOP START token=1
[1;36mdebug: [0mc_header: LOOP START token=1
[1;36mdebug: [0mc_header: LOOP START token=1
[1;36mdebug: [0mc_header: LOOP START token=1
[1;36mdebug: [0mc_header: LOOP START token=1
[1;36mdebug: [0mc_header: LOOP START token=1
[1;36mdebug: [0mc_header: LOOP START token=1
[1;36mdebug: [0mc_header: LOOP START token=1
[1;36mdebug: [0mc_header: LOOP START token=65 line=3175 text='enum'
[1;36mdebug: [0mc_header: LOOP START token=58 line=3176 text='char'
[1;36mdebug: [0mc_header: LOOP START token=81 line=3178 text='struct'
[1;36mdebug: [0mc_header: LOOP START token=81 line=3179 text='struct'
[1;36mdebug: [0mc_header: LOOP START token=86 line=3182 text='void'
[1;36mdebug: [0mc_header: LOOP START token=59 line=3204 text='const'
[1;36mdebug: [0mc_header: LOOP START token=59 line=3205 text='const'
[1;36mdebug: [0mc_header: LOOP START token=1 line=3206 text='uint32_t'
[1;36mdebug: [0mc_header: LOOP START token=81 line=3210 text='struct'
[1;36mdebug: [0mc_header: LOOP START token=1 line=3211 text='wl_resource_destroy_func_t'
[1;36mdebug: [0mc_header: LOOP START token=81 line=3212 text='struct'
[1;36mdebug: [0mc_header: LOOP START token=81 line=3213 text='struct'
[1;36mdebug: [0mc_header: LOOP START token=81 line=3214 text='struct'
[1;36mdebug: [0mc_header: LOOP START token=86 line=3215 text='void'
[1;36mdebug: [0mc_header: LOOP START token=1
[1;36mdebug: [0mc_header: LOOP START token=1
[1;36mdebug: [0mc_header: LOOP START token=1
[1;36mdebug: [0mc_header: LOOP START token=1
[1;36mdebug: [0mc_header: w_name=wl_display_error_is_valid
[1;36mdebug: [0mc_header: parsed function wl_display_error_is_valid with 2 params (varargs=0) at line 3355
[1;36mdebug: [0mc_header: LOOP START token=86 line=3377 text='void'
[1;36mdebug: [0mc_header: LOOP START token=86 line=3381 text='void'
[1;36mdebug: [0mc_header: LOOP START token=86 line=3388 text='void'
[1;36mdebug: [0mc_header: w_name=wl_registry_send_global
[1;36mdebug: [0mc_header: parsed function wl_registry_send_global with 4 params (varargs=0) at line 3396
[1;36mdebug: [0mc_header: w_name=wl_registry_send_global_remove
[1;36mdebug: [0mc_header: parsed function wl_registry_send_global_remove with 2 params (varargs=0) at line 3408
[1;36mdebug: [0mc_header: w_name=wl_callback_send_done
[1;36mdebug: [0mc_header: parsed function wl_callback_send_done with 2 params (varargs=0) at line 3414
[1;36mdebug: [0mc_header: LOOP START token=86 line=3429 text='void'
[1;36mdebug: [0mc_header: LOOP START token=86 line=3438 text='void'
[1;36mdebug: [0mc_header: LOOP START token=86 line=3448 text='void'
[1;36mdebug: [0mc_header: LOOP START token=1
[1;36mdebug: [0mc_header: LOOP START token=1
[1;36mdebug: [0mc_header: w_name=wl_shm_pool_error_is_valid
[1;36mdebug: [0mc_header: parsed function wl_shm_pool_error_is_valid with 2 params (varargs=0) at line 3464
[1;36mdebug: [0mc_header: LOOP START token=86 line=3482 text='void'
[1;36mdebug: [0mc_header: LOOP START token=86 line=3491 text='void'
[1;36mdebug: [0mc_header: LOOP START token=86 line=3494 text='void'
[1;36mdebug: [0mc_header: LOOP START token=1
[1;36mdebug: [0mc_header: LOOP START token=1
[1;36mdebug: [0mc_header: LOOP START token=1
[1;36mdebug: [0mc_header: w_name=wl_shm_error_is_valid
[1;36mdebug: [0mc_header: parsed function wl_shm_error_is_valid with 2 params (varargs=0) at line 3516
[1;36mdebug: [0mc_header: LOOP START token=1
[1;36mdebug: [0mc_header: LOOP START token=1
[1;36mdebug: [0mc_header: LOOP START token=1
[1;36mdebug: [0mc_header: LOOP START token=1
[1;36mdebug: [0mc_header: LOOP START token=1
[1;36mdebug: [0mc_header: LOOP START token=1
[1;36mdebug: [0mc_header: LOOP START token=1
[1;36mdebug: [0mc_header: LOOP START token=1
[1;36mdebug: [0mc_header: LOOP START token=1
[1;36mdebug: [0mc_header: LOOP START token=1
[1;36mdebug: [0mc_header: LOOP START token=1
[1;36mdebug: [0mc_header: LOOP START token=1
[1;36mdebug: [0mc_header: LOOP START token=1
[1;36mdebug: [0mc_header: LOOP START token=1
[1;36mdebug: [0mc_header: LOOP START token=1
[1;36mdebug: [0mc_header: LOOP START token=1
[1;36mdebug: [0mc_header: LOOP START token=1
[1;36mdebug: [0mc_header: LOOP START token=1
[1;36mdebug: [0mc_header: LOOP START token=1
[1;36mdebug: [0mc_header: LOOP START token=1
[1;36mdebug: [0mc_header: LOOP START token=1
[1;36mdebug: [0mc_header: LOOP START token=1
[1;36mdebug: [0mc_header: LOOP START token=1
[1;36mdebug: [0mc_header: LOOP START token=1
[1;36mdebug: [0mc_header: LOOP START token=1
[1;36mdebug: [0mc_header: LOOP START token=1
[1;36mdebug: [0mc_header: LOOP START token=1
[1;36mdebug: [0mc_header: LOOP START token=1
[1;36mdebug: [0mc_header: LOOP START token=1
[1;36mdebug: [0mc_header: LOOP START token=1
[1;36mdebug: [0mc_header: LOOP START token=1
[1;36mdebug: [0mc_header: LOOP START token=1
[1;36mdebug: [0mc_header: LOOP START token=1
[1;36mdebug: [0mc_header: LOOP START token=1
[1;36mdebug: [0mc_header: LOOP START token=1
[1;36mdebug: [0mc_header: LOOP START token=1
[1;36mdebug: [0mc_header: LOOP START token=1
[1;36mdebug: [0mc_header: LOOP START token=1
[1;36mdebug: [0mc_header: LOOP START token=1
[1;36mdebug: [0mc_header: LOOP START token=1
[1;36mdebug: [0mc_header: LOOP START token=1
[1;36mdebug: [0mc_header: LOOP START token=1
[1;36mdebug: [0mc_header: LOOP START token=1
[1;36mdebug: [0mc_header: LOOP START token=1
[1;36mdebug: [0mc_header: LOOP START token=1
[1;36mdebug: [0mc_header: LOOP START token=1
[1;36mdebug: [0mc_header: LOOP START token=1
[1;36mdebug: [0mc_header: LOOP START token=1
[1;36mdebug: [0mc_header: LOOP START token=1
[1;36mdebug: [0mc_header: LOOP START token=1
[1;36mdebug: [0mc_header: LOOP START token=1
[1;36mdebug: [0mc_header: LOOP START token=1
[1;36mdebug: [0mc_header: LOOP START token=1
[1;36mdebug: [0mc_header: LOOP START token=1
[1;36mdebug: [0mc_header: LOOP START token=1
[1;36mdebug: [0mc_header: LOOP START token=1
[1;36mdebug: [0mc_header: LOOP START token=1
[1;36mdebug: [0mc_header: LOOP START token=1
[1;36mdebug: [0mc_header: LOOP START token=1
[1;36mdebug: [0mc_header: LOOP START token=1
[1;36mdebug: [0mc_header: LOOP START token=1
[1;36mdebug: [0mc_header: LOOP START token=1
[1;36mdebug: [0mc_header: LOOP START token=1
[1;36mdebug: [0mc_header: LOOP START token=1
[1;36mdebug: [0mc_header: LOOP START token=1
[1;36mdebug: [0mc_header: LOOP START token=1
[1;36mdebug: [0mc_header: LOOP START token=1
[1;36mdebug: [0mc_header: LOOP START token=1
[1;36mdebug: [0mc_header: LOOP START token=1
[1;36mdebug: [0mc_header: LOOP START token=1
[1;36mdebug: [0mc_header: LOOP START token=1
[1;36mdebug: [0mc_header: LOOP START token=1
[1;36mdebug: [0mc_header: LOOP START token=1
[1;36mdebug: [0mc_header: LOOP START token=1
[1;36mdebug: [0mc_header: LOOP START token=1
[1;36mdebug: [0mc_header: LOOP START token=1
[1;36mdebug: [0mc_header: LOOP START token=1
[1;36mdebug: [0mc_header: LOOP START token=1
[1;36mdebug: [0mc_header: LOOP START token=1
[1;36mdebug: [0mc_header: LOOP START token=1
[1;36mdebug: [0mc_header: LOOP START token=1
[1;36mdebug: [0mc_header: LOOP START token=1
[1;36mdebug: [0mc_header: LOOP START token=1
[1;36mdebug: [0mc_header: LOOP START token=1
[1;36mdebug: [0mc_header: LOOP START token=1
[1;36mdebug: [0mc_header: LOOP START token=1
[1;36mdebug: [0mc_header: LOOP START token=1
[1;36mdebug: [0mc_header: LOOP START token=1
[1;36mdebug: [0mc_header: LOOP START token=1
[1;36mdebug: [0mc_header: LOOP START token=1
[1;36mdebug: [0mc_header: LOOP START token=1
[1;36mdebug: [0mc_header: LOOP START token=1
[1;36mdebug: [0mc_header: LOOP START token=1
[1;36mdebug: [0mc_header: LOOP START token=1
[1;36mdebug: [0mc_header: LOOP START token=1
[1;36mdebug: [0mc_header: LOOP START token=1
[1;36mdebug: [0mc_header: LOOP START token=1
[1;36mdebug: [0mc_header: LOOP START token=1
[1;36mdebug: [0mc_header: LOOP START token=1
[1;36mdebug: [0mc_header: LOOP START token=1
[1;36mdebug: [0mc_header: LOOP START token=1
[1;36mdebug: [0mc_header: LOOP START token=1
[1;36mdebug: [0mc_header: LOOP START token=1
[1;36mdebug: [0mc_header: LOOP START token=1
[1;36mdebug: [0mc_header: LOOP START token=1
[1;36mdebug: [0mc_header: LOOP START token=1
[1;36mdebug: [0mc_header: LOOP START token=1
[1;36mdebug: [0mc_header: LOOP START token=1
[1;36mdebug: [0mc_header: LOOP START token=1
[1;36mdebug: [0mc_header: LOOP START token=1
[1;36mdebug: [0mc_header: LOOP START token=1
[1;36mdebug: [0mc_header: LOOP START token=1
[1;36mdebug: [0mc_header: LOOP START token=1
[1;36mdebug: [0mc_header: LOOP START token=1
[1;36mdebug: [0mc_header: LOOP START token=1
[1;36mdebug: [0mc_header: LOOP START token=1
[1;36mdebug: [0mc_header: LOOP START token=1
[1;36mdebug: [0mc_header: LOOP START token=1
[1;36mdebug: [0mc_header: LOOP START token=1
[1;36mdebug: [0mc_header: LOOP START token=1
[1;36mdebug: [0mc_header: LOOP START token=1
[1;36mdebug: [0mc_header: LOOP START token=1
[1;36mdebug: [0mc_header: LOOP START token=1
[1;36mdebug: [0mc_header: LOOP START token=1
[1;36mdebug: [0mc_header: LOOP START token=1
[1;36mdebug: [0mc_header: LOOP START token=1
[1;36mdebug: [0mc_header: LOOP START token=1
[1;36mdebug: [0mc_header: LOOP START token=1
[1;36mdebug: [0mc_header: LOOP START token=1
[1;36mdebug: [0mc_header: LOOP START token=1
[1;36mdebug: [0mc_header: LOOP START token=1
[1;36mdebug: [0mc_header: LOOP START token=1
[1;36mdebug: [0mc_header: LOOP START token=1
[1;36mdebug: [0mc_header: LOOP START token=1
[1;36mdebug: [0mc_header: LOOP START token=1
[1;36mdebug: [0mc_header: LOOP START token=1
[1;36mdebug: [0mc_header: LOOP START token=1
[1;36mdebug: [0mc_header: LOOP START token=1
[1;36mdebug: [0mc_header: LOOP START token=1
[1;36mdebug: [0mc_header: LOOP START token=1
[1;36mdebug: [0mc_header: LOOP START token=1
[1;36mdebug: [0mc_header: LOOP START token=1
[1;36mdebug: [0mc_header: LOOP START token=1
[1;36mdebug: [0mc_header: LOOP START token=1
[1;36mdebug: [0mc_header: LOOP START token=1
[1;36mdebug: [0mc_header: LOOP START token=1
[1;36mdebug: [0mc_header: LOOP START token=1
[1;36mdebug: [0mc_header: LOOP START token=1
[1;36mdebug: [0mc_header: w_name=wl_shm_format_is_valid
[1;36mdebug: [0mc_header: parsed function wl_shm_format_is_valid with 2 params (varargs=0) at line 4086
[1;36mdebug: [0mc_header: LOOP START token=86 line=4396 text='void'
[1;36mdebug: [0mc_header: LOOP START token=86 line=4402 text='void'
[1;36mdebug: [0mc_header: w_name=wl_shm_send_format
[1;36mdebug: [0mc_header: parsed function wl_shm_send_format with 2 params (varargs=0) at line 4408
[1;36mdebug: [0mc_header: LOOP START token=86 line=4418 text='void'
[1;36mdebug: [0mc_header: w_name=wl_buffer_send_release
[1;36mdebug: [0mc_header: parsed function wl_buffer_send_release with 1 params (varargs=0) at line 4424
[1;36mdebug: [0mc_header: LOOP START token=1
[1;36mdebug: [0mc_header: LOOP START token=1
[1;36mdebug: [0mc_header: LOOP START token=1
[1;36mdebug: [0mc_header: LOOP START token=1
[1;36mdebug: [0mc_header: w_name=wl_data_offer_error_is_valid
[1;36mdebug: [0mc_header: parsed function wl_data_offer_error_is_valid with 2 params (varargs=0) at line 4450
[1;36mdebug: [0mc_header: LOOP START token=86 line=4472 text='void'
[1;36mdebug: [0mc_header: LOOP START token=86 line=4477 text='void'
[1;36mdebug: [0mc_header: LOOP START token=86 line=4486 text='void'
[1;36mdebug: [0mc_header: LOOP START token=86 line=4489 text='void'
[1;36mdebug: [0mc_header: LOOP START token=86 line=4492 text='void'
[1;36mdebug: [0mc_header: w_name=wl_data_offer_send_offer
[1;36mdebug: [0mc_header: parsed function wl_data_offer_send_offer with 2 params (varargs=0) at line 4500
[1;36mdebug: [0mc_header: w_name=wl_data_offer_send_source_actions
[1;36mdebug: [0mc_header: parsed function wl_data_offer_send_source_actions with 2 params (varargs=0) at line 4512
[1;36mdebug: [0mc_header: w_name=wl_data_offer_send_action
[1;36mdebug: [0mc_header: parsed function wl_data_offer_send_action with 2 params (varargs=0) at line 4524
[1;36mdebug: [0mc_header: LOOP START token=1
[1;36mdebug: [0mc_header: LOOP START token=1
[1;36mdebug: [0mc_header: w_name=wl_data_source_error_is_valid
[1;36mdebug: [0mc_header: parsed function wl_data_source_error_is_valid with 2 params (varargs=0) at line 4542
[1;36mdebug: [0mc_header: LOOP START token=86 line=4560 text='void'
[1;36mdebug: [0mc_header: LOOP START token=86 line=4568 text='void'
[1;36mdebug: [0mc_header: LOOP START token=86 line=4571 text='void'
[1;36mdebug: [0mc_header: w_name=wl_data_source_send_target
[1;36mdebug: [0mc_header: parsed function wl_data_source_send_target with 2 params (varargs=0) at line 4578
[1;36mdebug: [0mc_header: w_name=wl_data_source_send_send
[1;36mdebug: [0mc_header: parsed function wl_data_source_send_send with 3 params (varargs=0) at line 4584
[1;36mdebug: [0mc_header: w_name=wl_data_source_send_cancelled
[1;36mdebug: [0mc_header: parsed function wl_data_source_send_cancelled with 1 params (varargs=0) at line 4595
[1;36mdebug: [0mc_header: w_name=wl_data_source_send_dnd_drop_performed
[1;36mdebug: [0mc_header: parsed function wl_data_source_send_dnd_drop_performed with 1 params (varargs=0) at line 4606
[1;36mdebug: [0mc_header: w_name=wl_data_source_send_dnd_finished
[1;36mdebug: [0mc_header: parsed function wl_data_source_send_dnd_finished with 1 params (varargs=0) at line 4617
[1;36mdebug: [0mc_header: w_name=wl_data_source_send_action
[1;36mdebug: [0mc_header: parsed function wl_data_source_send_action with 2 params (varargs=0) at line 4629
[1;36mdebug: [0mc_header: LOOP START token=1
[1;36mdebug: [0mc_header: LOOP START token=1
[1;36mdebug: [0mc_header: w_name=wl_data_device_error_is_valid
[1;36mdebug: [0mc_header: parsed function wl_data_device_error_is_valid with 2 params (varargs=0) at line 4647
[1;36mdebug: [0mc_header: LOOP START token=86 line=4665 text='void'
[1;36mdebug: [0mc_header: LOOP START token=86 line=4672 text='void'
[1;36mdebug: [0mc_header: LOOP START token=86 line=4682 text='void'
[1;36mdebug: [0mc_header: w_name=wl_data_device_send_data_offer
[1;36mdebug: [0mc_header: parsed function wl_data_device_send_data_offer with 2 params (varargs=0) at line 4688
[1;36mdebug: [0mc_header: w_name=wl_data_device_send_enter
[1;36mdebug: [0mc_header: parsed function wl_data_device_send_enter with 6 params (varargs=0) at line 4694
[1;36mdebug: [0mc_header: w_name=wl_data_device_send_leave
[1;36mdebug: [0mc_header: parsed function wl_data_device_send_leave with 1 params (varargs=0) at line 4705
[1;36mdebug: [0mc_header: w_name=wl_data_device_send_motion
[1;36mdebug: [0mc_header: parsed function wl_data_device_send_motion with 4 params (varargs=0) at line 4711
[1;36mdebug: [0mc_header: w_name=wl_data_device_send_drop
[1;36mdebug: [0mc_header: parsed function wl_data_device_send_drop with 1 params (varargs=0) at line 4722
[1;36mdebug: [0mc_header: w_name=wl_data_device_send_selection
[1;36mdebug: [0mc_header: parsed function wl_data_device_send_selection with 2 params (varargs=0) at line 4734
[1;36mdebug: [0mc_header: LOOP START token=1
[1;36mdebug: [0mc_header: LOOP START token=1
[1;36mdebug: [0mc_header: LOOP START token=1
[1;36mdebug: [0mc_header: LOOP START token=1
[1;36mdebug: [0mc_header: w_name=wl_data_device_manager_dnd_action_is_valid
[1;36mdebug: [0mc_header: parsed function wl_data_device_manager_dnd_action_is_valid with 2 params (varargs=0) at line 4758
[1;36mdebug: [0mc_header: LOOP START token=86 line=4783 text='void'
[1;36mdebug: [0mc_header: LOOP START token=86 line=4793 text='void'
[1;36mdebug: [0mc_header: LOOP START token=86 line=4804 text='void'
[1;36mdebug: [0mc_header: LOOP START token=1
[1;36mdebug: [0mc_header: w_name=wl_shell_error_is_valid
[1;36mdebug: [0mc_header: parsed function wl_shell_error_is_valid with 2 params (varargs=0) at line 4816
[1;36mdebug: [0mc_header: LOOP START token=86 line=4832 text='void'
[1;36mdebug: [0mc_header: LOOP START token=1
[1;36mdebug: [0mc_header: LOOP START token=1
[1;36mdebug: [0mc_header: LOOP START token=1
[1;36mdebug: [0mc_header: LOOP START token=1
[1;36mdebug: [0mc_header: LOOP START token=1
[1;36mdebug: [0mc_header: LOOP START token=1
[1;36mdebug: [0mc_header: LOOP START token=1
[1;36mdebug: [0mc_header: LOOP START token=1
[1;36mdebug: [0mc_header: LOOP START token=1
[1;36mdebug: [0mc_header: w_name=wl_shell_surface_resize_is_valid
[1;36mdebug: [0mc_header: parsed function wl_shell_surface_resize_is_valid with 2 params (varargs=0) at line 4878
[1;36mdebug: [0mc_header: LOOP START token=1
[1;36mdebug: [0mc_header: w_name=wl_shell_surface_transient_is_valid
[1;36mdebug: [0mc_header: parsed function wl_shell_surface_transient_is_valid with 2 params (varargs=0) at line 4909
[1;36mdebug: [0mc_header: LOOP START token=1
[1;36mdebug: [0mc_header: LOOP START token=1
[1;36mdebug: [0mc_header: LOOP START token=1
[1;36mdebug: [0mc_header: LOOP START token=1
[1;36mdebug: [0mc_header: w_name=wl_shell_surface_fullscreen_method_is_valid
[1;36mdebug: [0mc_header: parsed function wl_shell_surface_fullscreen_method_is_valid with 2 params (varargs=0) at line 4936
[1;36mdebug: [0mc_header: LOOP START token=86 line=4964 text='void'
[1;36mdebug: [0mc_header: LOOP START token=86 line=4968 text='void'
[1;36mdebug: [0mc_header: LOOP START token=86 line=4973 text='void'
[1;36mdebug: [0mc_header: LOOP START token=86 line=4985 text='void'
[1;36mdebug: [0mc_header: LOOP START token=86 line=4988 text='void'
[1;36mdebug: [0mc_header: LOOP START token=86 line=4995 text='void'
[1;36mdebug: [0mc_header: LOOP START token=86 line=5001 text='void'
[1;36mdebug: [0mc_header: LOOP START token=86 line=5010 text='void'
[1;36mdebug: [0mc_header: LOOP START token=86 line=5014 text='void'
[1;36mdebug: [0mc_header: LOOP START token=86 line=5018 text='void'
[1;36mdebug: [0mc_header: w_name=wl_shell_surface_send_ping
[1;36mdebug: [0mc_header: parsed function wl_shell_surface_send_ping with 2 params (varargs=0) at line 5025
[1;36mdebug: [0mc_header: w_name=wl_shell_surface_send_configure
[1;36mdebug: [0mc_header: parsed function wl_shell_surface_send_configure with 4 params (varargs=0) at line 5031
[1;36mdebug: [0mc_header: w_name=wl_shell_surface_send_popup_done
[1;36mdebug: [0mc_header: parsed function wl_shell_surface_send_popup_done with 1 params (varargs=0) at line 5042
[1;36mdebug: [0mc_header: LOOP START token=1
[1;36mdebug: [0mc_header: LOOP START token=1
[1;36mdebug: [0mc_header: LOOP START token=1
[1;36mdebug: [0mc_header: LOOP START token=1
[1;36mdebug: [0mc_header: LOOP START token=1
[1;36mdebug: [0mc_header: LOOP START token=1
[1;36mdebug: [0mc_header: w_name=wl_surface_error_is_valid
[1;36mdebug: [0mc_header: parsed function wl_surface_error_is_valid with 2 params (varargs=0) at line 5074
[1;36mdebug: [0mc_header: LOOP START token=86 line=5104 text='void'
[1;36mdebug: [0mc_header: LOOP START token=86 line=5107 text='void'
[1;36mdebug: [0mc_header: LOOP START token=86 line=5113 text='void'
[1;36mdebug: [0mc_header: LOOP START token=86 line=5120 text='void'
[1;36mdebug: [0mc_header: LOOP START token=86 line=5124 text='void'
[1;36mdebug: [0mc_header: LOOP START token=86 line=5128 text='void'
[1;36mdebug: [0mc_header: LOOP START token=86 line=5132 text='void'
[1;36mdebug: [0mc_header: LOOP START token=86 line=5135 text='void'
[1;36mdebug: [0mc_header: LOOP START token=86 line=5139 text='void'
[1;36mdebug: [0mc_header: LOOP START token=86 line=5143 text='void'
[1;36mdebug: [0mc_header: LOOP START token=86 line=5150 text='void'
[1;36mdebug: [0mc_header: LOOP START token=86 line=5155 text='void'
[1;36mdebug: [0mc_header: w_name=wl_surface_send_enter
[1;36mdebug: [0mc_header: parsed function wl_surface_send_enter with 2 params (varargs=0) at line 5162
[1;36mdebug: [0mc_header: w_name=wl_surface_send_leave
[1;36mdebug: [0mc_header: parsed function wl_surface_send_leave with 2 params (varargs=0) at line 5174
[1;36mdebug: [0mc_header: w_name=wl_surface_send_preferred_buffer_scale
[1;36mdebug: [0mc_header: parsed function wl_surface_send_preferred_buffer_scale with 2 params (varargs=0) at line 5186
[1;36mdebug: [0mc_header: w_name=wl_surface_send_preferred_buffer_transform
[1;36mdebug: [0mc_header: parsed function wl_surface_send_preferred_buffer_transform with 2 params (varargs=0) at line 5198
[1;36mdebug: [0mc_header: LOOP START token=1
[1;36mdebug: [0mc_header: LOOP START token=1
[1;36mdebug: [0mc_header: LOOP START token=1
[1;36mdebug: [0mc_header: w_name=wl_seat_capability_is_valid
[1;36mdebug: [0mc_header: parsed function wl_seat_capability_is_valid with 2 params (varargs=0) at line 5218
[1;36mdebug: [0mc_header: LOOP START token=1
[1;36mdebug: [0mc_header: w_name=wl_seat_error_is_valid
[1;36mdebug: [0mc_header: parsed function wl_seat_error_is_valid with 2 params (varargs=0) at line 5237
[1;36mdebug: [0mc_header: LOOP START token=86 line=5253 text='void'
[1;36mdebug: [0mc_header: LOOP START token=86 line=5257 text='void'
[1;36mdebug: [0mc_header: LOOP START token=86 line=5261 text='void'
[1;36mdebug: [0mc_header: LOOP START token=86 line=5271 text='void'
[1;36mdebug: [0mc_header: w_name=wl_seat_send_capabilities
[1;36mdebug: [0mc_header: parsed function wl_seat_send_capabilities with 2 params (varargs=0) at line 5277
[1;36mdebug: [0mc_header: w_name=wl_seat_send_name
[1;36mdebug: [0mc_header: parsed function wl_seat_send_name with 2 params (varargs=0) at line 5289
[1;36mdebug: [0mc_header: LOOP START token=1
[1;36mdebug: [0mc_header: w_name=wl_pointer_error_is_valid
[1;36mdebug: [0mc_header: parsed function wl_pointer_error_is_valid with 2 params (varargs=0) at line 5303
[1;36mdebug: [0mc_header: LOOP START token=1
[1;36mdebug: [0mc_header: LOOP START token=1
[1;36mdebug: [0mc_header: w_name=wl_pointer_button_state_is_valid
[1;36mdebug: [0mc_header: parsed function wl_pointer_button_state_is_valid with 2 params (varargs=0) at line 5324
[1;36mdebug: [0mc_header: LOOP START token=1
[1;36mdebug: [0mc_header: LOOP START token=1
[1;36mdebug: [0mc_header: w_name=wl_pointer_axis_is_valid
[1;36mdebug: [0mc_header: parsed function wl_pointer_axis_is_valid with 2 params (varargs=0) at line 5347
[1;36mdebug: [0mc_header: LOOP START token=1
[1;36mdebug: [0mc_header: LOOP START token=1
[1;36mdebug: [0mc_header: LOOP START token=1
[1;36mdebug: [0mc_header: LOOP START token=1
[1;36mdebug: [0mc_header: w_name=wl_pointer_axis_source_is_valid
[1;36mdebug: [0mc_header: parsed function wl_pointer_axis_source_is_valid with 2 params (varargs=0) at line 5379
[1;36mdebug: [0mc_header: LOOP START token=1
[1;36mdebug: [0mc_header: LOOP START token=1
[1;36mdebug: [0mc_header: w_name=wl_pointer_axis_relative_direction_is_valid
[1;36mdebug: [0mc_header: parsed function wl_pointer_axis_relative_direction_is_valid with 2 params (varargs=0) at line 5406
[1;36mdebug: [0mc_header: LOOP START token=86 line=5424 text='void'
[1;36mdebug: [0mc_header: LOOP START token=86 line=5431 text='void'
[1;36mdebug: [0mc_header: w_name=wl_pointer_send_enter
[1;36mdebug: [0mc_header: parsed function wl_pointer_send_enter with 5 params (varargs=0) at line 5437
[1;36mdebug: [0mc_header: w_name=wl_pointer_send_leave
[1;36mdebug: [0mc_header: parsed function wl_pointer_send_leave with 3 params (varargs=0) at line 5443
[1;36mdebug: [0mc_header: w_name=wl_pointer_send_motion
[1;36mdebug: [0mc_header: parsed function wl_pointer_send_motion with 4 params (varargs=0) at line 5449
[1;36mdebug: [0mc_header: w_name=wl_pointer_send_button
[1;36mdebug: [0mc_header: parsed function wl_pointer_send_button with 5 params (varargs=0) at line 5455
[1;36mdebug: [0mc_header: w_name=wl_pointer_send_axis
[1;36mdebug: [0mc_header: parsed function wl_pointer_send_axis with 4 params (varargs=0) at line 5461
[1;36mdebug: [0mc_header: w_name=wl_pointer_send_frame
[1;36mdebug: [0mc_header: parsed function wl_pointer_send_frame with 1 params (varargs=0) at line 5472
[1;36mdebug: [0mc_header: w_name=wl_pointer_send_axis_source
[1;36mdebug: [0mc_header: parsed function wl_pointer_send_axis_source with 2 params (varargs=0) at line 5484
[1;36mdebug: [0mc_header: w_name=wl_pointer_send_axis_stop
[1;36mdebug: [0mc_header: parsed function wl_pointer_send_axis_stop with 3 params (varargs=0) at line 5490
[1;36mdebug: [0mc_header: w_name=wl_pointer_send_axis_discrete
[1;36mdebug: [0mc_header: parsed function wl_pointer_send_axis_discrete with 3 params (varargs=0) at line 5496
[1;36mdebug: [0mc_header: w_name=wl_pointer_send_axis_value120
[1;36mdebug: [0mc_header: parsed function wl_pointer_send_axis_value120 with 3 params (varargs=0) at line 5502
[1;36mdebug: [0mc_header: w_name=wl_pointer_send_axis_relative_direction
[1;36mdebug: [0mc_header: parsed function wl_pointer_send_axis_relative_direction with 3 params (varargs=0) at line 5508
[1;36mdebug: [0mc_header: w_name=wl_pointer_send_warp
[1;36mdebug: [0mc_header: parsed function wl_pointer_send_warp with 3 params (varargs=0) at line 5514
[1;36mdebug: [0mc_header: LOOP START token=1
[1;36mdebug: [0mc_header: LOOP START token=1
[1;36mdebug: [0mc_header: w_name=wl_keyboard_keymap_format_is_valid
[1;36mdebug: [0mc_header: parsed function wl_keyboard_keymap_format_is_valid with 2 params (varargs=0) at line 5530
[1;36mdebug: [0mc_header: LOOP START token=1
[1;36mdebug: [0mc_header: LOOP START token=1
[1;36mdebug: [0mc_header: LOOP START token=1
[1;36mdebug: [0mc_header: w_name=wl_keyboard_key_state_is_valid
[1;36mdebug: [0mc_header: parsed function wl_keyboard_key_state_is_valid with 2 params (varargs=0) at line 5558
[1;36mdebug: [0mc_header: LOOP START token=86 line=5583 text='void'
[1;36mdebug: [0mc_header: w_name=wl_keyboard_send_keymap
[1;36mdebug: [0mc_header: parsed function wl_keyboard_send_keymap with 4 params (varargs=0) at line 5589
[1;36mdebug: [0mc_header: w_name=wl_keyboard_send_enter
[1;36mdebug: [0mc_header: parsed function wl_keyboard_send_enter with 4 params (varargs=0) at line 5595
[1;36mdebug: [0mc_header: w_name=wl_keyboard_send_leave
[1;36mdebug: [0mc_header: parsed function wl_keyboard_send_leave with 3 params (varargs=0) at line 5601
[1;36mdebug: [0mc_header: w_name=wl_keyboard_send_key
[1;36mdebug: [0mc_header: parsed function wl_keyboard_send_key with 5 params (varargs=0) at line 5607
[1;36mdebug: [0mc_header: w_name=wl_keyboard_send_modifiers
[1;36mdebug: [0mc_header: parsed function wl_keyboard_send_modifiers with 6 params (varargs=0) at line 5613
[1;36mdebug: [0mc_header: w_name=wl_keyboard_send_repeat_info
[1;36mdebug: [0mc_header: parsed function wl_keyboard_send_repeat_info with 3 params (varargs=0) at line 5619
[1;36mdebug: [0mc_header: LOOP START token=86 line=5634 text='void'
[1;36mdebug: [0mc_header: w_name=wl_touch_send_down
[1;36mdebug: [0mc_header: parsed function wl_touch_send_down with 7 params (varargs=0) at line 5640
[1;36mdebug: [0mc_header: w_name=wl_touch_send_up
[1;36mdebug: [0mc_header: parsed function wl_touch_send_up with 4 params (varargs=0) at line 5646
[1;36mdebug: [0mc_header: w_name=wl_touch_send_motion
[1;36mdebug: [0mc_header: parsed function wl_touch_send_motion with 5 params (varargs=0) at line 5652
[1;36mdebug: [0mc_header: w_name=wl_touch_send_frame
[1;36mdebug: [0mc_header: parsed function wl_touch_send_frame with 1 params (varargs=0) at line 5663
[1;36mdebug: [0mc_header: w_name=wl_touch_send_cancel
[1;36mdebug: [0mc_header: parsed function wl_touch_send_cancel with 1 params (varargs=0) at line 5674
[1;36mdebug: [0mc_header: w_name=wl_touch_send_shape
[1;36mdebug: [0mc_header: parsed function wl_touch_send_shape with 4 params (varargs=0) at line 5680
[1;36mdebug: [0mc_header: w_name=wl_touch_send_orientation
[1;36mdebug: [0mc_header: parsed function wl_touch_send_orientation with 3 params (varargs=0) at line 5686
[1;36mdebug: [0mc_header: LOOP START token=1
[1;36mdebug: [0mc_header: LOOP START token=1
[1;36mdebug: [0mc_header: LOOP START token=1
[1;36mdebug: [0mc_header: LOOP START token=1
[1;36mdebug: [0mc_header: LOOP START token=1
[1;36mdebug: [0mc_header: LOOP START token=1
[1;36mdebug: [0mc_header: w_name=wl_output_subpixel_is_valid
[1;36mdebug: [0mc_header: parsed function wl_output_subpixel_is_valid with 2 params (varargs=0) at line 5718
[1;36mdebug: [0mc_header: LOOP START token=1
[1;36mdebug: [0mc_header: LOOP START token=1
[1;36mdebug: [0mc_header: LOOP START token=1
[1;36mdebug: [0mc_header: LOOP START token=1
[1;36mdebug: [0mc_header: LOOP START token=1
[1;36mdebug: [0mc_header: LOOP START token=1
[1;36mdebug: [0mc_header: LOOP START token=1
[1;36mdebug: [0mc_header: LOOP START token=1
[1;36mdebug: [0mc_header: w_name=wl_output_transform_is_valid
[1;36mdebug: [0mc_header: parsed function wl_output_transform_is_valid with 2 params (varargs=0) at line 5773
[1;36mdebug: [0mc_header: LOOP START token=1
[1;36mdebug: [0mc_header: LOOP START token=1
[1;36mdebug: [0mc_header: w_name=wl_output_mode_is_valid
[1;36mdebug: [0mc_header: parsed function wl_output_mode_is_valid with 2 params (varargs=0) at line 5808
[1;36mdebug: [0mc_header: LOOP START token=86 line=5830 text='void'
[1;36mdebug: [0mc_header: w_name=wl_output_send_geometry
[1;36mdebug: [0mc_header: parsed function wl_output_send_geometry with 9 params (varargs=0) at line 5836
[1;36mdebug: [0mc_header: w_name=wl_output_send_mode
[1;36mdebug: [0mc_header: parsed function wl_output_send_mode with 5 params (varargs=0) at line 5842
[1;36mdebug: [0mc_header: w_name=wl_output_send_done
[1;36mdebug: [0mc_header: parsed function wl_output_send_done with 1 params (varargs=0) at line 5853
[1;36mdebug: [0mc_header: w_name=wl_output_send_scale
[1;36mdebug: [0mc_header: parsed function wl_output_send_scale with 2 params (varargs=0) at line 5865
[1;36mdebug: [0mc_header: w_name=wl_output_send_name
[1;36mdebug: [0mc_header: parsed function wl_output_send_name with 2 params (varargs=0) at line 5877
[1;36mdebug: [0mc_header: w_name=wl_output_send_description
[1;36mdebug: [0mc_header: parsed function wl_output_send_description with 2 params (varargs=0) at line 5889
[1;36mdebug: [0mc_header: LOOP START token=86 line=5903 text='void'
[1;36mdebug: [0mc_header: LOOP START token=86 line=5906 text='void'
[1;36mdebug: [0mc_header: LOOP START token=86 line=5913 text='void'
[1;36mdebug: [0mc_header: LOOP START token=1
[1;36mdebug: [0mc_header: LOOP START token=1
[1;36mdebug: [0mc_header: w_name=wl_subcompositor_error_is_valid
[1;36mdebug: [0mc_header: parsed function wl_subcompositor_error_is_valid with 2 params (varargs=0) at line 5933
[1;36mdebug: [0mc_header: LOOP START token=86 line=5957 text='void'
[1;36mdebug: [0mc_header: LOOP START token=86 line=5960 text='void'
[1;36mdebug: [0mc_header: LOOP START token=1
[1;36mdebug: [0mc_header: w_name=wl_subsurface_error_is_valid
[1;36mdebug: [0mc_header: parsed function wl_subsurface_error_is_valid with 2 params (varargs=0) at line 5975
[1;36mdebug: [0mc_header: LOOP START token=86 line=5991 text='void'
[1;36mdebug: [0mc_header: LOOP START token=86 line=5994 text='void'
[1;36mdebug: [0mc_header: LOOP START token=86 line=5999 text='void'
[1;36mdebug: [0mc_header: LOOP START token=86 line=6003 text='void'
[1;36mdebug: [0mc_header: LOOP START token=86 line=6007 text='void'
[1;36mdebug: [0mc_header: LOOP START token=86 line=6010 text='void'
[1;36mdebug: [0mc_header: LOOP START token=1
[1;36mdebug: [0mc_header: w_name=wl_fixes_error_is_valid
[1;36mdebug: [0mc_header: parsed function wl_fixes_error_is_valid with 2 params (varargs=0) at line 6022
[1;36mdebug: [0mc_header: LOOP START token=86 line=6042 text='void'
[1;36mdebug: [0mc_header: LOOP START token=86 line=6045 text='void'
[1;36mdebug: [0mc_header: LOOP START token=86 line=6049 text='void'
[1;36mdebug: [0mc_header: LOOP START token=72
[1;36mdebug: [0mc_header: LOOP START token=84
[1;36mdebug: [0mc_header: LOOP START token=85
[1;36mdebug: [0mc_header: LOOP START token=58
[1;36mdebug: [0mc_header: LOOP START token=1
[1;36mdebug: [0mc_header: LOOP START token=1
[1;36mdebug: [0mc_header: LOOP START token=1
[1;36mdebug: [0mc_header: LOOP START token=1
[1;36mdebug: [0mc_header: LOOP START token=72 line=6151 text='int'
[1;36mdebug: [0mc_header: LOOP START token=58 line=6154 text='char'
[1;36mdebug: [0mc_header: LOOP START token=58 line=6155 text='char'
[1;36mdebug: [0mc_header: LOOP START token=58 line=6156 text='char'
[1;36mdebug: [0mc_header: LOOP START token=58 line=6157 text='char'
[1;36mdebug: [0mc_header: LOOP START token=58 line=6158 text='char'
[1;36mdebug: [0mc_header: LOOP START token=58 line=6159 text='char'
[1;36mdebug: [0mc_header: LOOP START token=58 line=6160 text='char'
[1;36mdebug: [0mc_header: LOOP START token=58 line=6161 text='char'
[1;36mdebug: [0mc_header: LOOP START token=58 line=6164 text='char'
[1;36mdebug: [0mc_header: LOOP START token=58 line=6165 text='char'
[1;36mdebug: [0mc_header: LOOP START token=58 line=6166 text='char'
[1;36mdebug: [0mc_header: LOOP START token=81 line=6168 text='struct'
[1;36mdebug: [0mc_header: LOOP START token=81 line=6170 text='struct'
[1;36mdebug: [0mc_header: LOOP START token=72 line=6172 text='int'
[1;36mdebug: [0mc_header: LOOP START token=72 line=6173 text='int'
[1;36mdebug: [0mc_header: LOOP START token=58 line=6175 text='char'
[1;36mdebug: [0mc_header: LOOP START token=1 line=6176 text='__off_t'
[1;36mdebug: [0mc_header: LOOP START token=85 line=6179 text='unsigned'
[1;36mdebug: [0mc_header: LOOP START token=78 line=6180 text='signed'
[1;36mdebug: [0mc_header: LOOP START token=58 line=6181 text='char'
[1;36mdebug: [0mc_header: LOOP START token=1 line=6183 text='_IO_lock_t'
[1;36mdebug: [0mc_header: LOOP START token=1 line=6191 text='__off64_t'
[1;36mdebug: [0mc_header: LOOP START token=81 line=6193 text='struct'
[1;36mdebug: [0mc_header: LOOP START token=81 line=6194 text='struct'
[1;36mdebug: [0mc_header: LOOP START token=81 line=6195 text='struct'
[1;36mdebug: [0mc_header: LOOP START token=86 line=6196 text='void'
[1;36mdebug: [0mc_header: LOOP START token=81 line=6197 text='struct'
[1;36mdebug: [0mc_header: LOOP START token=72 line=6198 text='int'
[1;36mdebug: [0mc_header: LOOP START token=72 line=6200 text='int'
[1;36mdebug: [0mc_header: LOOP START token=1 line=6202 text='__uint64_t'
[1;36mdebug: [0mc_header: LOOP START token=58 line=6207 text='char'
[1;36mdebug: [0mc_header: LOOP START token=1
[1;36mdebug: [0mc_header: LOOP START token=1
[1;36mdebug: [0mc_header: LOOP START token=1
[1;36mdebug: [0mc_header: LOOP START token=1
[1;36mdebug: [0mc_header: w_name=remove
[1;36mdebug: [0mc_header: parsed function remove with 1 params (varargs=0) at line 6265
[1;36mdebug: [0mc_header: w_name=rename
[1;36mdebug: [0mc_header: parsed function rename with 2 params (varargs=0) at line 6267
[1;36mdebug: [0mc_header: w_name=renameat
[1;36mdebug: [0mc_header: parsed function renameat with 4 params (varargs=0) at line 6272
[1;36mdebug: [0mc_header: w_name=fclose
[1;36mdebug: [0mc_header: parsed function fclose with 1 params (varargs=0) at line 6274
[1;36mdebug: [0mc_header: w_name=tmpfile
[1;36mdebug: [0mc_header: parsed function tmpfile with 0 params (varargs=0) at line 6277
[1;36mdebug: [0mc_header: w_name=tmpnam
[1;36mdebug: [0mc_header: parsed function tmpnam with 1 params (varargs=0) at line 6279
[1;36mdebug: [0mc_header: w_name=tmpnam_r
[1;36mdebug: [0mc_header: parsed function tmpnam_r with 1 params (varargs=0) at line 6284
[1;36mdebug: [0mc_header: w_name=tempnam
[1;36mdebug: [0mc_header: parsed function tempnam with 2 params (varargs=0) at line 6287
[1;36mdebug: [0mc_header: w_name=fflush
[1;36mdebug: [0mc_header: parsed function fflush with 1 params (varargs=0) at line 6294
[1;36mdebug: [0mc_header: w_name=fflush_unlocked
[1;36mdebug: [0mc_header: parsed function fflush_unlocked with 1 params (varargs=0) at line 6296
[1;36mdebug: [0mc_header: w_name=fopen
[1;36mdebug: [0mc_header: parsed function fopen with 2 params (varargs=0) at line 6300
[1;36mdebug: [0mc_header: w_name=freopen
[1;36mdebug: [0mc_header: parsed function freopen with 3 params (varargs=0) at line 6307
[1;36mdebug: [0mc_header: w_name=fdopen
[1;36mdebug: [0mc_header: parsed function fdopen with 2 params (varargs=0) at line 6309
[1;36mdebug: [0mc_header: w_name=fopencookie
[1;36mdebug: [0mc_header: parsed function fopencookie with 3 params (varargs=0) at line 6318
[1;36mdebug: [0mc_header: w_name=fmemopen
[1;36mdebug: [0mc_header: parsed function fmemopen with 3 params (varargs=0) at line 6325
[1;36mdebug: [0mc_header: w_name=open_memstream
[1;36mdebug: [0mc_header: parsed function open_memstream with 2 params (varargs=0) at line 6330
[1;36mdebug: [0mc_header: w_name=setbuf
[1;36mdebug: [0mc_header: parsed function setbuf with 2 params (varargs=0) at line 6333
[1;36mdebug: [0mc_header: w_name=setvbuf
[1;36mdebug: [0mc_header: parsed function setvbuf with 4 params (varargs=0) at line 6339
[1;36mdebug: [0mc_header: w_name=setbuffer
[1;36mdebug: [0mc_header: parsed function setbuffer with 3 params (varargs=0) at line 6345
[1;36mdebug: [0mc_header: w_name=setlinebuf
[1;36mdebug: [0mc_header: parsed function setlinebuf with 1 params (varargs=0) at line 6348
[1;36mdebug: [0mc_header: w_name=fprintf
[1;36mdebug: [0mc_header: parsed function fprintf with 2 params (varargs=1) at line 6357
[1;36mdebug: [0mc_header: w_name=printf
[1;36mdebug: [0mc_header: parsed function printf with 1 params (varargs=1) at line 6362
[1;36mdebug: [0mc_header: w_name=sprintf
[1;36mdebug: [0mc_header: parsed function sprintf with 2 params (varargs=1) at line 6365
[1;36mdebug: [0mc_header: w_name=vfprintf
[1;36mdebug: [0mc_header: parsed function vfprintf with 3 params (varargs=0) at line 6372
[1;36mdebug: [0mc_header: w_name=vprintf
[1;36mdebug: [0mc_header: parsed function vprintf with 2 params (varargs=0) at line 6377
[1;36mdebug: [0mc_header: w_name=vsprintf
[1;36mdebug: [0mc_header: parsed function vsprintf with 3 params (varargs=0) at line 6380
[1;36mdebug: [0mc_header: w_name=snprintf
[1;36mdebug: [0mc_header: parsed function snprintf with 3 params (varargs=1) at line 6386
[1;36mdebug: [0mc_header: w_name=vsnprintf
[1;36mdebug: [0mc_header: parsed function vsnprintf with 4 params (varargs=0) at line 6390
[1;36mdebug: [0mc_header: w_name=vasprintf
[1;36mdebug: [0mc_header: parsed function vasprintf with 3 params (varargs=0) at line 6398
[1;36mdebug: [0mc_header: w_name=__asprintf
[1;36mdebug: [0mc_header: parsed function __asprintf with 2 params (varargs=1) at line 6401
[1;36mdebug: [0mc_header: w_name=asprintf
[1;36mdebug: [0mc_header: parsed function asprintf with 2 params (varargs=1) at line 6404
[1;36mdebug: [0mc_header: w_name=vdprintf
[1;36mdebug: [0mc_header: parsed function vdprintf with 3 params (varargs=0) at line 6411
[1;36mdebug: [0mc_header: w_name=dprintf
[1;36mdebug: [0mc_header: parsed function dprintf with 2 params (varargs=1) at line 6413
[1;36mdebug: [0mc_header: w_name=fscanf
[1;36mdebug: [0mc_header: parsed function fscanf with 2 params (varargs=1) at line 6422
[1;36mdebug: [0mc_header: w_name=scanf
[1;36mdebug: [0mc_header: parsed function scanf with 1 params (varargs=1) at line 6427
[1;36mdebug: [0mc_header: w_name=sscanf
[1;36mdebug: [0mc_header: parsed function sscanf with 2 params (varargs=1) at line 6430
[1;36mdebug: [0mc_header: w_name=fscanf
[1;36mdebug: [0mc_header: parsed function fscanf with 2 params (varargs=1) at line 6432
[1;36mdebug: [0mc_header: w_name=scanf
[1;36mdebug: [0mc_header: parsed function scanf with 1 params (varargs=1) at line 6435
[1;36mdebug: [0mc_header: w_name=sscanf
[1;36mdebug: [0mc_header: parsed function sscanf with 2 params (varargs=1) at line 6437
[1;36mdebug: [0mc_header: w_name=vfscanf
[1;36mdebug: [0mc_header: parsed function vfscanf with 3 params (varargs=0) at line 6443
[1;36mdebug: [0mc_header: w_name=vscanf
[1;36mdebug: [0mc_header: parsed function vscanf with 2 params (varargs=0) at line 6450
[1;36mdebug: [0mc_header: w_name=vsscanf
[1;36mdebug: [0mc_header: parsed function vsscanf with 3 params (varargs=0) at line 6455
[1;36mdebug: [0mc_header: w_name=vfscanf
[1;36mdebug: [0mc_header: parsed function vfscanf with 3 params (varargs=0) at line 6462
[1;36mdebug: [0mc_header: w_name=vscanf
[1;36mdebug: [0mc_header: parsed function vscanf with 2 params (varargs=0) at line 6467
[1;36mdebug: [0mc_header: w_name=vsscanf
[1;36mdebug: [0mc_header: parsed function vsscanf with 3 params (varargs=0) at line 6470
[1;36mdebug: [0mc_header: w_name=fgetc
[1;36mdebug: [0mc_header: parsed function fgetc with 1 params (varargs=0) at line 6476
[1;36mdebug: [0mc_header: w_name=getc
[1;36mdebug: [0mc_header: parsed function getc with 1 params (varargs=0) at line 6477
[1;36mdebug: [0mc_header: w_name=getchar
[1;36mdebug: [0mc_header: parsed function getchar with 0 params (varargs=0) at line 6483
[1;36mdebug: [0mc_header: w_name=getc_unlocked
[1;36mdebug: [0mc_header: parsed function getc_unlocked with 1 params (varargs=0) at line 6490
[1;36mdebug: [0mc_header: w_name=getchar_unlocked
[1;36mdebug: [0mc_header: parsed function getchar_unlocked with 0 params (varargs=0) at line 6491
[1;36mdebug: [0mc_header: w_name=fgetc_unlocked
[1;36mdebug: [0mc_header: parsed function fgetc_unlocked with 1 params (varargs=0) at line 6493
[1;36mdebug: [0mc_header: w_name=fputc
[1;36mdebug: [0mc_header: parsed function fputc with 2 params (varargs=0) at line 6501
[1;36mdebug: [0mc_header: w_name=putc
[1;36mdebug: [0mc_header: parsed function putc with 2 params (varargs=0) at line 6502
[1;36mdebug: [0mc_header: w_name=putchar
[1;36mdebug: [0mc_header: parsed function putchar with 1 params (varargs=0) at line 6508
[1;36mdebug: [0mc_header: w_name=fputc_unlocked
[1;36mdebug: [0mc_header: parsed function fputc_unlocked with 2 params (varargs=0) at line 6510
[1;36mdebug: [0mc_header: w_name=putc_unlocked
[1;36mdebug: [0mc_header: parsed function putc_unlocked with 2 params (varargs=0) at line 6518
[1;36mdebug: [0mc_header: w_name=putchar_unlocked
[1;36mdebug: [0mc_header: parsed function putchar_unlocked with 1 params (varargs=0) at line 6519
[1;36mdebug: [0mc_header: w_name=getw
[1;36mdebug: [0mc_header: parsed function getw with 1 params (varargs=0) at line 6526
[1;36mdebug: [0mc_header: w_name=putw
[1;36mdebug: [0mc_header: parsed function putw with 2 params (varargs=0) at line 6529
[1;36mdebug: [0mc_header: w_name=fgets
[1;36mdebug: [0mc_header: parsed function fgets with 3 params (varargs=0) at line 6538
[1;36mdebug: [0mc_header: w_name=__getdelim
[1;36mdebug: [0mc_header: parsed function __getdelim with 4 params (varargs=0) at line 6542
[1;36mdebug: [0mc_header: w_name=getdelim
[1;36mdebug: [0mc_header: parsed function getdelim with 4 params (varargs=0) at line 6545
[1;36mdebug: [0mc_header: w_name=getline
[1;36mdebug: [0mc_header: parsed function getline with 3 params (varargs=0) at line 6550
[1;36mdebug: [0mc_header: w_name=fputs
[1;36mdebug: [0mc_header: parsed function fputs with 2 params (varargs=0) at line 6559
[1;36mdebug: [0mc_header: w_name=puts
[1;36mdebug: [0mc_header: parsed function puts with 1 params (varargs=0) at line 6565
[1;36mdebug: [0mc_header: w_name=ungetc
[1;36mdebug: [0mc_header: parsed function ungetc with 2 params (varargs=0) at line 6572
[1;36mdebug: [0mc_header: w_name=fread
[1;36mdebug: [0mc_header: parsed function fread with 4 params (varargs=0) at line 6581
[1;36mdebug: [0mc_header: w_name=fwrite
[1;36mdebug: [0mc_header: parsed function fwrite with 4 params (varargs=0) at line 6587
[1;36mdebug: [0mc_header: w_name=fread_unlocked
[1;36mdebug: [0mc_header: parsed function fread_unlocked with 4 params (varargs=0) at line 6591
[1;36mdebug: [0mc_header: w_name=fwrite_unlocked
[1;36mdebug: [0mc_header: parsed function fwrite_unlocked with 4 params (varargs=0) at line 6594
[1;36mdebug: [0mc_header: w_name=fseek
[1;36mdebug: [0mc_header: parsed function fseek with 3 params (varargs=0) at line 6603
[1;36mdebug: [0mc_header: w_name=ftell
[1;36mdebug: [0mc_header: parsed function ftell with 1 params (varargs=0) at line 6608
[1;36mdebug: [0mc_header: w_name=rewind
[1;36mdebug: [0mc_header: parsed function rewind with 1 params (varargs=0) at line 6613
[1;36mdebug: [0mc_header: w_name=fseeko
[1;36mdebug: [0mc_header: parsed function fseeko with 3 params (varargs=0) at line 6616
[1;36mdebug: [0mc_header: w_name=ftello
[1;36mdebug: [0mc_header: parsed function ftello with 1 params (varargs=0) at line 6621
[1;36mdebug: [0mc_header: w_name=fgetpos
[1;36mdebug: [0mc_header: parsed function fgetpos with 2 params (varargs=0) at line 6624
[1;36mdebug: [0mc_header: w_name=fsetpos
[1;36mdebug: [0mc_header: parsed function fsetpos with 2 params (varargs=0) at line 6629
[1;36mdebug: [0mc_header: w_name=clearerr
[1;36mdebug: [0mc_header: parsed function clearerr with 1 params (varargs=0) at line 6631
[1;36mdebug: [0mc_header: w_name=feof
[1;36mdebug: [0mc_header: parsed function feof with 1 params (varargs=0) at line 6633
[1;36mdebug: [0mc_header: w_name=ferror
[1;36mdebug: [0mc_header: parsed function ferror with 1 params (varargs=0) at line 6635
[1;36mdebug: [0mc_header: w_name=clearerr_unlocked
[1;36mdebug: [0mc_header: parsed function clearerr_unlocked with 1 params (varargs=0) at line 6639
[1;36mdebug: [0mc_header: w_name=feof_unlocked
[1;36mdebug: [0mc_header: parsed function feof_unlocked with 1 params (varargs=0) at line 6640
[1;36mdebug: [0mc_header: w_name=ferror_unlocked
[1;36mdebug: [0mc_header: parsed function ferror_unlocked with 1 params (varargs=0) at line 6641
[1;36mdebug: [0mc_header: w_name=perror
[1;36mdebug: [0mc_header: parsed function perror with 1 params (varargs=0) at line 6649
[1;36mdebug: [0mc_header: w_name=fileno
[1;36mdebug: [0mc_header: parsed function fileno with 1 params (varargs=0) at line 6654
[1;36mdebug: [0mc_header: w_name=fileno_unlocked
[1;36mdebug: [0mc_header: parsed function fileno_unlocked with 1 params (varargs=0) at line 6659
[1;36mdebug: [0mc_header: w_name=pclose
[1;36mdebug: [0mc_header: parsed function pclose with 1 params (varargs=0) at line 6661
[1;36mdebug: [0mc_header: w_name=popen
[1;36mdebug: [0mc_header: parsed function popen with 2 params (varargs=0) at line 6668
[1;36mdebug: [0mc_header: w_name=ctermid
[1;36mdebug: [0mc_header: parsed function ctermid with 1 params (varargs=0) at line 6675
[1;36mdebug: [0mc_header: w_name=flockfile
[1;36mdebug: [0mc_header: parsed function flockfile with 1 params (varargs=0) at line 6678
[1;36mdebug: [0mc_header: w_name=ftrylockfile
[1;36mdebug: [0mc_header: parsed function ftrylockfile with 1 params (varargs=0) at line 6682
[1;36mdebug: [0mc_header: w_name=funlockfile
[1;36mdebug: [0mc_header: parsed function funlockfile with 1 params (varargs=0) at line 6685
[1;36mdebug: [0mc_header: w_name=__uflow
[1;36mdebug: [0mc_header: parsed function __uflow with 1 params (varargs=0) at line 6687
[1;36mdebug: [0mc_header: w_name=__overflow
[1;36mdebug: [0mc_header: parsed function __overflow with 2 params (varargs=0) at line 6688
[1;36mdebug: [0mc_header: LOOP START token=1
[1;36mdebug: [0mc_header: w_name=xkb_rmlvo_builder_new
[1;36mdebug: [0mc_header: parsed function xkb_rmlvo_builder_new with 4 params (varargs=0) at line 6732
[1;36mdebug: [0mc_header: w_name=xkb_rmlvo_builder_append_layout
[1;36mdebug: [0mc_header: parsed function xkb_rmlvo_builder_append_layout with 5 params (varargs=0) at line 6737
[1;36mdebug: [0mc_header: w_name=xkb_rmlvo_builder_append_option
[1;36mdebug: [0mc_header: parsed function xkb_rmlvo_builder_append_option with 2 params (varargs=0) at line 6741
[1;36mdebug: [0mc_header: w_name=xkb_rmlvo_builder_ref
[1;36mdebug: [0mc_header: parsed function xkb_rmlvo_builder_ref with 1 params (varargs=0) at line 6744
[1;36mdebug: [0mc_header: w_name=xkb_rmlvo_builder_unref
[1;36mdebug: [0mc_header: parsed function xkb_rmlvo_builder_unref with 1 params (varargs=0) at line 6747
[1;36mdebug: [0mc_header: LOOP START token=59 line=6751 text='const'
[1;36mdebug: [0mc_header: LOOP START token=59 line=6759 text='const'
[1;36mdebug: [0mc_header: LOOP START token=59 line=6761 text='const'
[1;36mdebug: [0mc_header: LOOP START token=59 line=6763 text='const'
[1;36mdebug: [0mc_header: LOOP START token=59 line=6765 text='const'
[1;36mdebug: [0mc_header: LOOP START token=58 line=6769 text='char'
[1;36mdebug: [0mc_header: LOOP START token=58 line=6770 text='char'
[1;36mdebug: [0mc_header: LOOP START token=58 line=6771 text='char'
[1;36mdebug: [0mc_header: LOOP START token=58 line=6772 text='char'
[1;36mdebug: [0mc_header: LOOP START token=58 line=6773 text='char'
[1;36mdebug: [0mc_header: w_name=xkb_components_names_from_rules
[1;36mdebug: [0mc_header: parsed function xkb_components_names_from_rules with 4 params (varargs=0) at line 6780
[1;36mdebug: [0mc_header: w_name=xkb_keysym_get_name
[1;36mdebug: [0mc_header: parsed function xkb_keysym_get_name with 3 params (varargs=0) at line 6783
[1;36mdebug: [0mc_header: LOOP START token=1
[1;36mdebug: [0mc_header: LOOP START token=1
[1;36mdebug: [0mc_header: w_name=xkb_keysym_from_name
[1;36mdebug: [0mc_header: parsed function xkb_keysym_from_name with 2 params (varargs=0) at line 6794
[1;36mdebug: [0mc_header: w_name=xkb_keysym_to_utf8
[1;36mdebug: [0mc_header: parsed function xkb_keysym_to_utf8 with 3 params (varargs=0) at line 6797
[1;36mdebug: [0mc_header: w_name=xkb_keysym_to_utf32
[1;36mdebug: [0mc_header: parsed function xkb_keysym_to_utf32 with 1 params (varargs=0) at line 6800
[1;36mdebug: [0mc_header: w_name=xkb_utf32_to_keysym
[1;36mdebug: [0mc_header: parsed function xkb_utf32_to_keysym with 1 params (varargs=0) at line 6803
[1;36mdebug: [0mc_header: w_name=xkb_keysym_to_upper
[1;36mdebug: [0mc_header: parsed function xkb_keysym_to_upper with 1 params (varargs=0) at line 6806
[1;36mdebug: [0mc_header: w_name=xkb_keysym_to_lower
[1;36mdebug: [0mc_header: parsed function xkb_keysym_to_lower with 1 params (varargs=0) at line 6809
[1;36mdebug: [0mc_header: LOOP START token=1
[1;36mdebug: [0mc_header: LOOP START token=1
[1;36mdebug: [0mc_header: LOOP START token=1
[1;36mdebug: [0mc_header: LOOP START token=1
[1;36mdebug: [0mc_header: w_name=xkb_context_new
[1;36mdebug: [0mc_header: parsed function xkb_context_new with 1 params (varargs=0) at line 6832
[1;36mdebug: [0mc_header: w_name=xkb_context_ref
[1;36mdebug: [0mc_header: parsed function xkb_context_ref with 1 params (varargs=0) at line 6835
[1;36mdebug: [0mc_header: w_name=xkb_context_unref
[1;36mdebug: [0mc_header: parsed function xkb_context_unref with 1 params (varargs=0) at line 6838
[1;36mdebug: [0mc_header: w_name=xkb_context_set_user_data
[1;36mdebug: [0mc_header: parsed function xkb_context_set_user_data with 2 params (varargs=0) at line 6841
[1;36mdebug: [0mc_header: w_name=xkb_context_get_user_data
[1;36mdebug: [0mc_header: parsed function xkb_context_get_user_data with 1 params (varargs=0) at line 6844
[1;36mdebug: [0mc_header: w_name=xkb_context_include_path_append
[1;36mdebug: [0mc_header: parsed function xkb_context_include_path_append with 2 params (varargs=0) at line 6847
[1;36mdebug: [0mc_header: w_name=xkb_context_include_path_append_default
[1;36mdebug: [0mc_header: parsed function xkb_context_include_path_append_default with 1 params (varargs=0) at line 6850
[1;36mdebug: [0mc_header: w_name=xkb_context_include_path_reset_defaults
[1;36mdebug: [0mc_header: parsed function xkb_context_include_path_reset_defaults with 1 params (varargs=0) at line 6853
[1;36mdebug: [0mc_header: w_name=xkb_context_include_path_clear
[1;36mdebug: [0mc_header: parsed function xkb_context_include_path_clear with 1 params (varargs=0) at line 6861
[1;36mdebug: [0mc_header: w_name=xkb_context_num_include_paths
[1;36mdebug: [0mc_header: parsed function xkb_context_num_include_paths with 1 params (varargs=0) at line 6869
[1;36mdebug: [0mc_header: w_name=xkb_context_include_path_get
[1;36mdebug: [0mc_header: parsed function xkb_context_include_path_get with 2 params (varargs=0) at line 6872
[1;36mdebug: [0mc_header: LOOP START token=1
[1;36mdebug: [0mc_header: LOOP START token=1
[1;36mdebug: [0mc_header: LOOP START token=1
[1;36mdebug: [0mc_header: LOOP START token=1
[1;36mdebug: [0mc_header: LOOP START token=1
[1;36mdebug: [0mc_header: w_name=xkb_context_set_log_level
[1;36mdebug: [0mc_header: parsed function xkb_context_set_log_level with 2 params (varargs=0) at line 6884
[1;36mdebug: [0mc_header: w_name=xkb_context_get_log_level
[1;36mdebug: [0mc_header: parsed function xkb_context_get_log_level with 1 params (varargs=0) at line 6892
[1;36mdebug: [0mc_header: w_name=xkb_context_set_log_verbosity
[1;36mdebug: [0mc_header: parsed function xkb_context_set_log_verbosity with 2 params (varargs=0) at line 6895
[1;36mdebug: [0mc_header: w_name=xkb_context_get_log_verbosity
[1;36mdebug: [0mc_header: parsed function xkb_context_get_log_verbosity with 1 params (varargs=0) at line 6903
[1;36mdebug: [0mc_header: w_name=xkb_context_set_log_fn
[1;36mdebug: [0mc_header: parsed function xkb_context_set_log_fn with 2 params (varargs=0) at line 6909
[1;36mdebug: [0mc_header: LOOP START token=1
[1;36mdebug: [0mc_header: LOOP START token=1
[1;36mdebug: [0mc_header: LOOP START token=1
[1;36mdebug: [0mc_header: w_name=xkb_keymap_new_from_rmlvo
[1;36mdebug: [0mc_header: parsed function xkb_keymap_new_from_rmlvo with 3 params (varargs=0) at line 6926
[1;36mdebug: [0mc_header: w_name=xkb_keymap_new_from_names
[1;36mdebug: [0mc_header: parsed function xkb_keymap_new_from_names with 3 params (varargs=0) at line 6931
[1;36mdebug: [0mc_header: w_name=xkb_keymap_new_from_names2
[1;36mdebug: [0mc_header: parsed function xkb_keymap_new_from_names2 with 4 params (varargs=0) at line 6937
[1;36mdebug: [0mc_header: w_name=xkb_keymap_new_from_file
[1;36mdebug: [0mc_header: parsed function xkb_keymap_new_from_file with 4 params (varargs=0) at line 6942
[1;36mdebug: [0mc_header: w_name=xkb_keymap_new_from_string
[1;36mdebug: [0mc_header: parsed function xkb_keymap_new_from_string with 4 params (varargs=0) at line 6947
[1;36mdebug: [0mc_header: w_name=xkb_keymap_new_from_buffer
[1;36mdebug: [0mc_header: parsed function xkb_keymap_new_from_buffer with 5 params (varargs=0) at line 6952
[1;36mdebug: [0mc_header: w_name=xkb_keymap_ref
[1;36mdebug: [0mc_header: parsed function xkb_keymap_ref with 1 params (varargs=0) at line 6955
[1;36mdebug: [0mc_header: w_name=xkb_keymap_unref
[1;36mdebug: [0mc_header: parsed function xkb_keymap_unref with 1 params (varargs=0) at line 6958
[1;36mdebug: [0mc_header: LOOP START token=1
[1;36mdebug: [0mc_header: LOOP START token=1
[1;36mdebug: [0mc_header: LOOP START token=1
[1;36mdebug: [0mc_header: w_name=xkb_keymap_get_as_string
[1;36mdebug: [0mc_header: parsed function xkb_keymap_get_as_string with 2 params (varargs=0) at line 6971
[1;36mdebug: [0mc_header: w_name=xkb_keymap_get_as_string2
[1;36mdebug: [0mc_header: parsed function xkb_keymap_get_as_string2 with 3 params (varargs=0) at line 6976
[1;36mdebug: [0mc_header: w_name=xkb_keymap_min_keycode
[1;36mdebug: [0mc_header: parsed function xkb_keymap_min_keycode with 1 params (varargs=0) at line 6979
[1;36mdebug: [0mc_header: w_name=xkb_keymap_max_keycode
[1;36mdebug: [0mc_header: parsed function xkb_keymap_max_keycode with 1 params (varargs=0) at line 6982
[1;36mdebug: [0mc_header: w_name=xkb_keymap_key_for_each
[1;36mdebug: [0mc_header: parsed function xkb_keymap_key_for_each with 3 params (varargs=0) at line 6990
[1;36mdebug: [0mc_header: w_name=xkb_keymap_key_get_name
[1;36mdebug: [0mc_header: parsed function xkb_keymap_key_get_name with 2 params (varargs=0) at line 6993
[1;36mdebug: [0mc_header: w_name=xkb_keymap_key_by_name
[1;36mdebug: [0mc_header: parsed function xkb_keymap_key_by_name with 2 params (varargs=0) at line 6996
[1;36mdebug: [0mc_header: w_name=xkb_keymap_num_mods
[1;36mdebug: [0mc_header: parsed function xkb_keymap_num_mods with 1 params (varargs=0) at line 7005
[1;36mdebug: [0mc_header: w_name=xkb_keymap_mod_get_name
[1;36mdebug: [0mc_header: parsed function xkb_keymap_mod_get_name with 2 params (varargs=0) at line 7008
[1;36mdebug: [0mc_header: w_name=xkb_keymap_mod_get_index
[1;36mdebug: [0mc_header: parsed function xkb_keymap_mod_get_index with 2 params (varargs=0) at line 7011
[1;36mdebug: [0mc_header: w_name=xkb_keymap_mod_get_mask
[1;36mdebug: [0mc_header: parsed function xkb_keymap_mod_get_mask with 2 params (varargs=0) at line 7014
[1;36mdebug: [0mc_header: w_name=xkb_keymap_mod_get_mask2
[1;36mdebug: [0mc_header: parsed function xkb_keymap_mod_get_mask2 with 2 params (varargs=0) at line 7017
[1;36mdebug: [0mc_header: w_name=xkb_keymap_num_layouts
[1;36mdebug: [0mc_header: parsed function xkb_keymap_num_layouts with 1 params (varargs=0) at line 7020
[1;36mdebug: [0mc_header: w_name=xkb_keymap_layout_get_name
[1;36mdebug: [0mc_header: parsed function xkb_keymap_layout_get_name with 2 params (varargs=0) at line 7023
[1;36mdebug: [0mc_header: w_name=xkb_keymap_layout_get_index
[1;36mdebug: [0mc_header: parsed function xkb_keymap_layout_get_index with 2 params (varargs=0) at line 7026
[1;36mdebug: [0mc_header: w_name=xkb_keymap_num_leds
[1;36mdebug: [0mc_header: parsed function xkb_keymap_num_leds with 1 params (varargs=0) at line 7029
[1;36mdebug: [0mc_header: w_name=xkb_keymap_led_get_name
[1;36mdebug: [0mc_header: parsed function xkb_keymap_led_get_name with 2 params (varargs=0) at line 7032
[1;36mdebug: [0mc_header: w_name=xkb_keymap_led_get_index
[1;36mdebug: [0mc_header: parsed function xkb_keymap_led_get_index with 2 params (varargs=0) at line 7035
[1;36mdebug: [0mc_header: w_name=xkb_keymap_num_layouts_for_key
[1;36mdebug: [0mc_header: parsed function xkb_keymap_num_layouts_for_key with 2 params (varargs=0) at line 7038
[1;36mdebug: [0mc_header: w_name=xkb_keymap_num_levels_for_key
[1;36mdebug: [0mc_header: parsed function xkb_keymap_num_levels_for_key with 3 params (varargs=0) at line 7042
[1;36mdebug: [0mc_header: w_name=xkb_keymap_key_get_mods_for_level
[1;36mdebug: [0mc_header: parsed function xkb_keymap_key_get_mods_for_level with 6 params (varargs=0) at line 7050
[1;36mdebug: [0mc_header: w_name=xkb_keymap_key_get_syms_by_level
[1;36mdebug: [0mc_header: parsed function xkb_keymap_key_get_syms_by_level with 5 params (varargs=0) at line 7057
[1;36mdebug: [0mc_header: w_name=xkb_keymap_key_repeats
[1;36mdebug: [0mc_header: parsed function xkb_keymap_key_repeats with 2 params (varargs=0) at line 7060
[1;36mdebug: [0mc_header: w_name=xkb_state_new
[1;36mdebug: [0mc_header: parsed function xkb_state_new with 1 params (varargs=0) at line 7063
[1;36mdebug: [0mc_header: w_name=xkb_state_ref
[1;36mdebug: [0mc_header: parsed function xkb_state_ref with 1 params (varargs=0) at line 7066
[1;36mdebug: [0mc_header: w_name=xkb_state_unref
[1;36mdebug: [0mc_header: parsed function xkb_state_unref with 1 params (varargs=0) at line 7069
[1;36mdebug: [0mc_header: w_name=xkb_state_get_keymap
[1;36mdebug: [0mc_header: parsed function xkb_state_get_keymap with 1 params (varargs=0) at line 7072
[1;36mdebug: [0mc_header: LOOP START token=1
[1;36mdebug: [0mc_header: LOOP START token=1
[1;36mdebug: [0mc_header: LOOP START token=1
[1;36mdebug: [0mc_header: LOOP START token=1
[1;36mdebug: [0mc_header: LOOP START token=1
[1;36mdebug: [0mc_header: LOOP START token=1
[1;36mdebug: [0mc_header: LOOP START token=1
[1;36mdebug: [0mc_header: LOOP START token=1
[1;36mdebug: [0mc_header: LOOP START token=1
[1;36mdebug: [0mc_header: LOOP START token=1
[1;36mdebug: [0mc_header: LOOP START token=1
[1;36mdebug: [0mc_header: w_name=xkb_state_update_key
[1;36mdebug: [0mc_header: parsed function xkb_state_update_key with 3 params (varargs=0) at line 7110
[1;36mdebug: [0mc_header: w_name=xkb_state_update_latched_locked
[1;36mdebug: [0mc_header: parsed function xkb_state_update_latched_locked with 9 params (varargs=0) at line 7121
[1;36mdebug: [0mc_header: w_name=xkb_state_update_mask
[1;36mdebug: [0mc_header: parsed function xkb_state_update_mask with 7 params (varargs=0) at line 7130
[1;36mdebug: [0mc_header: w_name=xkb_state_key_get_syms
[1;36mdebug: [0mc_header: parsed function xkb_state_key_get_syms with 3 params (varargs=0) at line 7134
[1;36mdebug: [0mc_header: w_name=xkb_state_key_get_utf8
[1;36mdebug: [0mc_header: parsed function xkb_state_key_get_utf8 with 4 params (varargs=0) at line 7138
[1;36mdebug: [0mc_header: w_name=xkb_state_key_get_utf32
[1;36mdebug: [0mc_header: parsed function xkb_state_key_get_utf32 with 2 params (varargs=0) at line 7141
[1;36mdebug: [0mc_header: w_name=xkb_state_key_get_one_sym
[1;36mdebug: [0mc_header: parsed function xkb_state_key_get_one_sym with 2 params (varargs=0) at line 7144
[1;36mdebug: [0mc_header: w_name=xkb_state_key_get_layout
[1;36mdebug: [0mc_header: parsed function xkb_state_key_get_layout with 2 params (varargs=0) at line 7147
[1;36mdebug: [0mc_header: w_name=xkb_state_key_get_level
[1;36mdebug: [0mc_header: parsed function xkb_state_key_get_level with 3 params (varargs=0) at line 7151
[1;36mdebug: [0mc_header: LOOP START token=1
[1;36mdebug: [0mc_header: LOOP START token=1
[1;36mdebug: [0mc_header: LOOP START token=1
[1;36mdebug: [0mc_header: w_name=xkb_state_serialize_mods
[1;36mdebug: [0mc_header: parsed function xkb_state_serialize_mods with 2 params (varargs=0) at line 7171
[1;36mdebug: [0mc_header: w_name=xkb_state_serialize_layout
[1;36mdebug: [0mc_header: parsed function xkb_state_serialize_layout with 2 params (varargs=0) at line 7175
[1;36mdebug: [0mc_header: w_name=xkb_state_mod_name_is_active
[1;36mdebug: [0mc_header: parsed function xkb_state_mod_name_is_active with 3 params (varargs=0) at line 7179
[1;36mdebug: [0mc_header: w_name=xkb_state_mod_names_are_active
[1;36mdebug: [0mc_header: parsed function xkb_state_mod_names_are_active with 3 params (varargs=1) at line 7185
[1;36mdebug: [0mc_header: w_name=xkb_state_mod_index_is_active
[1;36mdebug: [0mc_header: parsed function xkb_state_mod_index_is_active with 3 params (varargs=0) at line 7189
[1;36mdebug: [0mc_header: w_name=xkb_state_mod_indices_are_active
[1;36mdebug: [0mc_header: parsed function xkb_state_mod_indices_are_active with 3 params (varargs=1) at line 7195
[1;36mdebug: [0mc_header: LOOP START token=1
[1;36mdebug: [0mc_header: LOOP START token=1
[1;36mdebug: [0mc_header: w_name=xkb_state_key_get_consumed_mods2
[1;36mdebug: [0mc_header: parsed function xkb_state_key_get_consumed_mods2 with 3 params (varargs=0) at line 7206
[1;36mdebug: [0mc_header: w_name=xkb_state_key_get_consumed_mods
[1;36mdebug: [0mc_header: parsed function xkb_state_key_get_consumed_mods with 2 params (varargs=0) at line 7215
[1;36mdebug: [0mc_header: w_name=xkb_state_mod_index_is_consumed2
[1;36mdebug: [0mc_header: parsed function xkb_state_mod_index_is_consumed2 with 4 params (varargs=0) at line 7221
[1;36mdebug: [0mc_header: w_name=xkb_state_mod_index_is_consumed
[1;36mdebug: [0mc_header: parsed function xkb_state_mod_index_is_consumed with 3 params (varargs=0) at line 7225
[1;36mdebug: [0mc_header: w_name=xkb_state_mod_mask_remove_consumed
[1;36mdebug: [0mc_header: parsed function xkb_state_mod_mask_remove_consumed with 3 params (varargs=0) at line 7229
[1;36mdebug: [0mc_header: w_name=xkb_state_layout_name_is_active
[1;36mdebug: [0mc_header: parsed function xkb_state_layout_name_is_active with 3 params (varargs=0) at line 7233
[1;36mdebug: [0mc_header: w_name=xkb_state_layout_index_is_active
[1;36mdebug: [0mc_header: parsed function xkb_state_layout_index_is_active with 3 params (varargs=0) at line 7238
[1;36mdebug: [0mc_header: w_name=xkb_state_led_name_is_active
[1;36mdebug: [0mc_header: parsed function xkb_state_led_name_is_active with 2 params (varargs=0) at line 7241
[1;36mdebug: [0mc_header: w_name=xkb_state_led_index_is_active
[1;36mdebug: [0mc_header: parsed function xkb_state_led_index_is_active with 2 params (varargs=0) at line 7244
[1;36mdebug: [0mc_header: LOOP START token=1
[1;36mdebug: [0mc_header: LOOP START token=1
[1;36mdebug: [0mc_header: LOOP START token=1
[1;36mdebug: [0mc_header: LOOP START token=1
[1;36mdebug: [0mc_header: LOOP START token=1
[1;36mdebug: [0mc_header: LOOP START token=1
[1;36mdebug: [0mc_header: LOOP START token=1
[1;36mdebug: [0mc_header: LOOP START token=1
[1;36mdebug: [0mc_header: LOOP START token=1
[1;36mdebug: [0mc_header: LOOP START token=1
[1;36mdebug: [0mc_header: LOOP START token=1
[1;36mdebug: [0mc_header: LOOP START token=1 line=7281 text='xkb_mod_mask_t'
[1;36mdebug: [0mc_header: LOOP START token=1 line=7282 text='xkb_mod_mask_t'
[1;36mdebug: [0mc_header: LOOP START token=1 line=7283 text='xkb_mod_mask_t'
[1;36mdebug: [0mc_header: LOOP START token=1 line=7284 text='xkb_layout_index_t'
[1;36mdebug: [0mc_header: LOOP START token=81 line=7288 text='struct'
[1;36mdebug: [0mc_header: LOOP START token=59 line=7290 text='const'
[1;36mdebug: [0mc_header: LOOP START token=81 line=7291 text='struct'
[1;36mdebug: [0mc_header: LOOP START token=58 line=7293 text='char'
[1;36mdebug: [0mc_header: LOOP START token=1 line=7294 text='size_t'
[1;36mdebug: [0mc_header: LOOP START token=72 line=7295 text='int'
[1;36mdebug: [0mc_header: LOOP START token=81 line=7296 text='struct'
[1;36mdebug: [0mc_header: LOOP START token=81 line=7297 text='struct'
[1;36mdebug: [0mc_header: LOOP START token=1 line=7298 text='xkb_led_index_t'
[1;36mdebug: [0mc_header: LOOP START token=1 line=7299 text='xkb_mod_index_t'
[1;36mdebug: [0mc_header: LOOP START token=1 line=7301 text='uint32_t'
[1;36mdebug: [0mc_header: LOOP START token=1 line=7302 text='uint32_t'
[1;36mdebug: [0mc_header: LOOP START token=1 line=7303 text='size_t'
[1;36mdebug: [0mc_header: LOOP START token=81 line=7304 text='struct'
[1;36mdebug: [0mc_header: LOOP START token=81 line=7306 text='struct'
[1;36mdebug: [0mc_header: LOOP START token=1 line=7307 text='int32_t'
[1;36mdebug: [0mc_header: LOOP START token=1 line=7308 text='int32_t'
[1;36mdebug: [0mc_header: LOOP START token=81 line=7311 text='struct'
[1;36mdebug: [0mc_header: LOOP START token=81 line=7318 text='struct'
[1;36mdebug: [0mc_header: LOOP START token=81 line=7326 text='struct'
[1;36mdebug: [0mc_header: LOOP START token=81 line=7327 text='struct'
[1;36mdebug: [0mc_header: LOOP START token=81 line=7328 text='struct'
[1;36mdebug: [0mc_header: LOOP START token=86 line=7331 text='void'
[1;36mdebug: [0mc_header: LOOP START token=1 line=7335 text='uint32_t'
[1;36mdebug: [0mc_header: LOOP START token=1 line=7336 text='uint32_t'
[1;36mdebug: [0mc_header: LOOP START token=89 line=7337 text='bool'
[1;36mdebug: [0mc_header: LOOP START token=65 line=7338 text='enum'
[1;36mdebug: [0mc_header: w_name=wlr_keyboard_from_input_device
[1;36mdebug: [0mc_header: parsed function wlr_keyboard_from_input_device with 1 params (varargs=0) at line 7347
[1;36mdebug: [0mc_header: w_name=wlr_keyboard_set_keymap
[1;36mdebug: [0mc_header: parsed function wlr_keyboard_set_keymap with 2 params (varargs=0) at line 7350
[1;36mdebug: [0mc_header: w_name=wlr_keyboard_keymaps_match
[1;36mdebug: [0mc_header: parsed function wlr_keyboard_keymaps_match with 2 params (varargs=0) at line 7352
[1;36mdebug: [0mc_header: w_name=wlr_keyboard_set_repeat_info
[1;36mdebug: [0mc_header: parsed function wlr_keyboard_set_repeat_info with 3 params (varargs=0) at line 7360
[1;36mdebug: [0mc_header: w_name=wlr_keyboard_led_update
[1;36mdebug: [0mc_header: parsed function wlr_keyboard_led_update with 2 params (varargs=0) at line 7362
[1;36mdebug: [0mc_header: w_name=wlr_keyboard_get_modifiers
[1;36mdebug: [0mc_header: parsed function wlr_keyboard_get_modifiers with 1 params (varargs=0) at line 7369
[1;36mdebug: [0mc_header: LOOP START token=81 line=7379 text='struct'
[1;36mdebug: [0mc_header: LOOP START token=59 line=7381 text='const'
[1;36mdebug: [0mc_header: LOOP START token=58 line=7383 text='char'
[1;36mdebug: [0mc_header: LOOP START token=81 line=7385 text='struct'
[1;36mdebug: [0mc_header: LOOP START token=81 line=7386 text='struct'
[1;36mdebug: [0mc_header: LOOP START token=81 line=7387 text='struct'
[1;36mdebug: [0mc_header: LOOP START token=81 line=7388 text='struct'
[1;36mdebug: [0mc_header: LOOP START token=81 line=7389 text='struct'
[1;36mdebug: [0mc_header: LOOP START token=81 line=7390 text='struct'
[1;36mdebug: [0mc_header: LOOP START token=81 line=7392 text='struct'
[1;36mdebug: [0mc_header: LOOP START token=81 line=7393 text='struct'
[1;36mdebug: [0mc_header: LOOP START token=81 line=7394 text='struct'
[1;36mdebug: [0mc_header: LOOP START token=81 line=7396 text='struct'
[1;36mdebug: [0mc_header: LOOP START token=81 line=7397 text='struct'
[1;36mdebug: [0mc_header: LOOP START token=81 line=7398 text='struct'
[1;36mdebug: [0mc_header: LOOP START token=81 line=7400 text='struct'
[1;36mdebug: [0mc_header: LOOP START token=81 line=7401 text='struct'
[1;36mdebug: [0mc_header: LOOP START token=86 line=7404 text='void'
[1;36mdebug: [0mc_header: LOOP START token=81 line=7408 text='struct'
[1;36mdebug: [0mc_header: LOOP START token=1 line=7409 text='uint32_t'
[1;36mdebug: [0mc_header: LOOP START token=63 line=7410 text='double'
[1;36mdebug: [0mc_header: LOOP START token=63 line=7411 text='double'
[1;36mdebug: [0mc_header: LOOP START token=81 line=7415 text='struct'
[1;36mdebug: [0mc_header: LOOP START token=1 line=7416 text='uint32_t'
[1;36mdebug: [0mc_header: LOOP START token=63 line=7418 text='double'
[1;36mdebug: [0mc_header: LOOP START token=81 line=7422 text='struct'
[1;36mdebug: [0mc_header: LOOP START token=1 line=7423 text='uint32_t'
[1;36mdebug: [0mc_header: LOOP START token=1 line=7424 text='uint32_t'
[1;36mdebug: [0mc_header: LOOP START token=65 line=7425 text='enum'
[1;36mdebug: [0mc_header: LOOP START token=81 line=7431 text='struct'
[1;36mdebug: [0mc_header: LOOP START token=1 line=7432 text='uint32_t'
[1;36mdebug: [0mc_header: LOOP START token=65 line=7433 text='enum'
[1;36mdebug: [0mc_header: LOOP START token=65 line=7434 text='enum'
[1;36mdebug: [0mc_header: LOOP START token=65 line=7435 text='enum'
[1;36mdebug: [0mc_header: LOOP START token=63 line=7436 text='double'
[1;36mdebug: [0mc_header: LOOP START token=1 line=7437 text='int32_t'
[1;36mdebug: [0mc_header: LOOP START token=81 line=7441 text='struct'
[1;36mdebug: [0mc_header: LOOP START token=1 line=7442 text='uint32_t'
[1;36mdebug: [0mc_header: LOOP START token=1 line=7443 text='uint32_t'
[1;36mdebug: [0mc_header: LOOP START token=81 line=7447 text='struct'
[1;36mdebug: [0mc_header: LOOP START token=1 line=7448 text='uint32_t'
[1;36mdebug: [0mc_header: LOOP START token=1 line=7449 text='uint32_t'
[1;36mdebug: [0mc_header: LOOP START token=63 line=7452 text='double'
[1;36mdebug: [0mc_header: LOOP START token=81 line=7456 text='struct'
[1;36mdebug: [0mc_header: LOOP START token=1 line=7457 text='uint32_t'
[1;36mdebug: [0mc_header: LOOP START token=89 line=7458 text='bool'
[1;36mdebug: [0mc_header: LOOP START token=81 line=7462 text='struct'
[1;36mdebug: [0mc_header: LOOP START token=1 line=7463 text='uint32_t'
[1;36mdebug: [0mc_header: LOOP START token=1 line=7464 text='uint32_t'
[1;36mdebug: [0mc_header: LOOP START token=81 line=7468 text='struct'
[1;36mdebug: [0mc_header: LOOP START token=1 line=7469 text='uint32_t'
[1;36mdebug: [0mc_header: LOOP START token=1 line=7470 text='uint32_t'
[1;36mdebug: [0mc_header: LOOP START token=63 line=7473 text='double'
[1;36mdebug: [0mc_header: LOOP START token=63 line=7475 text='double'
[1;36mdebug: [0mc_header: LOOP START token=63 line=7477 text='double'
[1;36mdebug: [0mc_header: LOOP START token=81 line=7481 text='struct'
[1;36mdebug: [0mc_header: LOOP START token=1 line=7482 text='uint32_t'
[1;36mdebug: [0mc_header: LOOP START token=89 line=7483 text='bool'
[1;36mdebug: [0mc_header: LOOP START token=81 line=7487 text='struct'
[1;36mdebug: [0mc_header: LOOP START token=1 line=7488 text='uint32_t'
[1;36mdebug: [0mc_header: LOOP START token=1 line=7489 text='uint32_t'
[1;36mdebug: [0mc_header: LOOP START token=81 line=7493 text='struct'
[1;36mdebug: [0mc_header: LOOP START token=1 line=7494 text='uint32_t'
[1;36mdebug: [0mc_header: LOOP START token=89 line=7495 text='bool'
[1;36mdebug: [0mc_header: w_name=wlr_pointer_from_input_device
[1;36mdebug: [0mc_header: parsed function wlr_pointer_from_input_device with 1 params (varargs=0) at line 7504
[1;36mdebug: [0mc_header: LOOP START token=1 line=7512 text='uint32_t'
[1;36mdebug: [0mc_header: LOOP START token=1 line=7513 text='uint32_t'
[1;36mdebug: [0mc_header: LOOP START token=81 line=7516 text='struct'
[1;36mdebug: [0mc_header: LOOP START token=72 line=7517 text='int'
[1;36mdebug: [0mc_header: LOOP START token=72 line=7518 text='int'
[1;36mdebug: [0mc_header: LOOP START token=81 line=7527 text='struct'
[1;36mdebug: [0mc_header: LOOP START token=81 line=7528 text='struct'
[1;36mdebug: [0mc_header: LOOP START token=81 line=7529 text='struct'
[1;36mdebug: [0mc_header: LOOP START token=81 line=7532 text='struct'
[1;36mdebug: [0mc_header: LOOP START token=81 line=7533 text='struct'
[1;36mdebug: [0mc_header: LOOP START token=81 line=7534 text='struct'
[1;36mdebug: [0mc_header: LOOP START token=81 line=7535 text='struct'
[1;36mdebug: [0mc_header: LOOP START token=81 line=7536 text='struct'
[1;36mdebug: [0mc_header: LOOP START token=81 line=7538 text='struct'
[1;36mdebug: [0mc_header: LOOP START token=81 line=7539 text='struct'
[1;36mdebug: [0mc_header: LOOP START token=81 line=7544 text='struct'
[1;36mdebug: [0mc_header: LOOP START token=89 line=7545 text='bool'
[1;36mdebug: [0mc_header: LOOP START token=81 line=7547 text='struct'
[1;36mdebug: [0mc_header: LOOP START token=1 line=7548 text='int32_t'
[1;36mdebug: [0mc_header: LOOP START token=1 line=7549 text='int32_t'
[1;36mdebug: [0mc_header: LOOP START token=63 line=7550 text='double'
[1;36mdebug: [0mc_header: LOOP START token=1 line=7555 text='int32_t'
[1;36mdebug: [0mc_header: LOOP START token=81 line=7556 text='struct'
[1;36mdebug: [0mc_header: LOOP START token=81 line=7557 text='struct'
[1;36mdebug: [0mc_header: LOOP START token=81 line=7559 text='struct'
[1;36mdebug: [0mc_header: LOOP START token=81 line=7560 text='struct'
[1;36mdebug: [0mc_header: LOOP START token=63 line=7561 text='double'
[1;36mdebug: [0mc_header: LOOP START token=81 line=7563 text='struct'
[1;36mdebug: [0mc_header: LOOP START token=81 line=7564 text='struct'
[1;36mdebug: [0mc_header: LOOP START token=81 line=7565 text='struct'
[1;36mdebug: [0mc_header: LOOP START token=81 line=7567 text='struct'
[1;36mdebug: [0mc_header: LOOP START token=81 line=7568 text='struct'
[1;36mdebug: [0mc_header: LOOP START token=81 line=7571 text='struct'
[1;36mdebug: [0mc_header: LOOP START token=86 line=7577 text='void'
[1;36mdebug: [0mc_header: LOOP START token=86 line=7579 text='void'
[1;36mdebug: [0mc_header: LOOP START token=86 line=7580 text='void'
[1;36mdebug: [0mc_header: LOOP START token=1 line=7582 text='uint32_t'
[1;36mdebug: [0mc_header: LOOP START token=86 line=7584 text='void'
[1;36mdebug: [0mc_header: LOOP START token=86 line=7588 text='void'
[1;36mdebug: [0mc_header: LOOP START token=86 line=7589 text='void'
[1;36mdebug: [0mc_header: LOOP START token=86 line=7595 text='void'
[1;36mdebug: [0mc_header: LOOP START token=86 line=7598 text='void'
[1;36mdebug: [0mc_header: LOOP START token=86 line=7599 text='void'
[1;36mdebug: [0mc_header: LOOP START token=86 line=7601 text='void'
[1;36mdebug: [0mc_header: LOOP START token=86 line=7603 text='void'
[1;36mdebug: [0mc_header: LOOP START token=1 line=7609 text='uint32_t'
[1;36mdebug: [0mc_header: LOOP START token=1 line=7611 text='uint32_t'
[1;36mdebug: [0mc_header: LOOP START token=86 line=7613 text='void'
[1;36mdebug: [0mc_header: LOOP START token=86 line=7615 text='void'
[1;36mdebug: [0mc_header: LOOP START token=86 line=7617 text='void'
[1;36mdebug: [0mc_header: LOOP START token=86 line=7619 text='void'
[1;36mdebug: [0mc_header: LOOP START token=86 line=7621 text='void'
[1;36mdebug: [0mc_header: LOOP START token=59 line=7630 text='const'
[1;36mdebug: [0mc_header: LOOP START token=81 line=7631 text='struct'
[1;36mdebug: [0mc_header: LOOP START token=86 line=7632 text='void'
[1;36mdebug: [0mc_header: LOOP START token=59 line=7640 text='const'
[1;36mdebug: [0mc_header: LOOP START token=81 line=7641 text='struct'
[1;36mdebug: [0mc_header: LOOP START token=86 line=7642 text='void'
[1;36mdebug: [0mc_header: LOOP START token=59 line=7650 text='const'
[1;36mdebug: [0mc_header: LOOP START token=81 line=7651 text='struct'
[1;36mdebug: [0mc_header: LOOP START token=86 line=7652 text='void'
[1;36mdebug: [0mc_header: LOOP START token=81 line=7658 text='struct'
[1;36mdebug: [0mc_header: LOOP START token=81 line=7659 text='struct'
[1;36mdebug: [0mc_header: LOOP START token=81 line=7660 text='struct'
[1;36mdebug: [0mc_header: LOOP START token=63 line=7661 text='double'
[1;36mdebug: [0mc_header: LOOP START token=81 line=7663 text='struct'
[1;36mdebug: [0mc_header: LOOP START token=81 line=7664 text='struct'
[1;36mdebug: [0mc_header: LOOP START token=89 line=7666 text='bool'
[1;36mdebug: [0mc_header: LOOP START token=65 line=7667 text='enum'
[1;36mdebug: [0mc_header: LOOP START token=1 line=7669 text='uint32_t'
[1;36mdebug: [0mc_header: LOOP START token=1 line=7670 text='size_t'
[1;36mdebug: [0mc_header: LOOP START token=1 line=7671 text='uint32_t'
[1;36mdebug: [0mc_header: LOOP START token=1 line=7672 text='uint32_t'
[1;36mdebug: [0mc_header: LOOP START token=1 line=7673 text='uint32_t'
[1;36mdebug: [0mc_header: LOOP START token=81 line=7675 text='struct'
[1;36mdebug: [0mc_header: LOOP START token=81 line=7677 text='struct'
[1;36mdebug: [0mc_header: LOOP START token=81 line=7678 text='struct'
[1;36mdebug: [0mc_header: LOOP START token=81 line=7683 text='struct'
[1;36mdebug: [0mc_header: LOOP START token=81 line=7684 text='struct'
[1;36mdebug: [0mc_header: LOOP START token=81 line=7686 text='struct'
[1;36mdebug: [0mc_header: LOOP START token=81 line=7687 text='struct'
[1;36mdebug: [0mc_header: LOOP START token=81 line=7689 text='struct'
[1;36mdebug: [0mc_header: LOOP START token=81 line=7690 text='struct'
[1;36mdebug: [0mc_header: LOOP START token=81 line=7691 text='struct'
[1;36mdebug: [0mc_header: LOOP START token=81 line=7693 text='struct'
[1;36mdebug: [0mc_header: LOOP START token=81 line=7695 text='struct'
[1;36mdebug: [0mc_header: LOOP START token=81 line=7696 text='struct'
[1;36mdebug: [0mc_header: LOOP START token=81 line=7698 text='struct'
[1;36mdebug: [0mc_header: LOOP START token=81 line=7699 text='struct'
[1;36mdebug: [0mc_header: LOOP START token=81 line=7704 text='struct'
[1;36mdebug: [0mc_header: LOOP START token=81 line=7705 text='struct'
[1;36mdebug: [0mc_header: LOOP START token=1 line=7707 text='uint32_t'
[1;36mdebug: [0mc_header: LOOP START token=1 line=7708 text='uint32_t'
[1;36mdebug: [0mc_header: LOOP START token=81 line=7710 text='struct'
[1;36mdebug: [0mc_header: LOOP START token=81 line=7711 text='struct'
[1;36mdebug: [0mc_header: LOOP START token=81 line=7717 text='struct'
[1;36mdebug: [0mc_header: LOOP START token=81 line=7718 text='struct'
[1;36mdebug: [0mc_header: LOOP START token=81 line=7719 text='struct'
[1;36mdebug: [0mc_header: LOOP START token=58 line=7721 text='char'
[1;36mdebug: [0mc_header: LOOP START token=1 line=7722 text='uint32_t'
[1;36mdebug: [0mc_header: LOOP START token=1 line=7723 text='uint32_t'
[1;36mdebug: [0mc_header: LOOP START token=81 line=7724 text='struct'
[1;36mdebug: [0mc_header: LOOP START token=81 line=7726 text='struct'
[1;36mdebug: [0mc_header: LOOP START token=1 line=7727 text='uint32_t'
[1;36mdebug: [0mc_header: LOOP START token=81 line=7728 text='struct'
[1;36mdebug: [0mc_header: LOOP START token=81 line=7730 text='struct'
[1;36mdebug: [0mc_header: LOOP START token=1 line=7731 text='uint32_t'
[1;36mdebug: [0mc_header: LOOP START token=81 line=7734 text='struct'
[1;36mdebug: [0mc_header: LOOP START token=81 line=7735 text='struct'
[1;36mdebug: [0mc_header: LOOP START token=1 line=7736 text='uint32_t'
[1;36mdebug: [0mc_header: LOOP START token=81 line=7737 text='struct'
[1;36mdebug: [0mc_header: LOOP START token=81 line=7739 text='struct'
[1;36mdebug: [0mc_header: LOOP START token=81 line=7740 text='struct'
[1;36mdebug: [0mc_header: LOOP START token=81 line=7741 text='struct'
[1;36mdebug: [0mc_header: LOOP START token=81 line=7743 text='struct'
[1;36mdebug: [0mc_header: LOOP START token=81 line=7744 text='struct'
[1;36mdebug: [0mc_header: LOOP START token=81 line=7745 text='struct'
[1;36mdebug: [0mc_header: LOOP START token=81 line=7746 text='struct'
[1;36mdebug: [0mc_header: LOOP START token=81 line=7748 text='struct'
[1;36mdebug: [0mc_header: LOOP START token=81 line=7749 text='struct'
[1;36mdebug: [0mc_header: LOOP START token=81 line=7750 text='struct'
[1;36mdebug: [0mc_header: LOOP START token=81 line=7752 text='struct'
[1;36mdebug: [0mc_header: LOOP START token=81 line=7753 text='struct'
[1;36mdebug: [0mc_header: LOOP START token=81 line=7755 text='struct'
[1;36mdebug: [0mc_header: LOOP START token=81 line=7756 text='struct'
[1;36mdebug: [0mc_header: LOOP START token=81 line=7759 text='struct'
[1;36mdebug: [0mc_header: LOOP START token=81 line=7764 text='struct'
[1;36mdebug: [0mc_header: LOOP START token=81 line=7766 text='struct'
[1;36mdebug: [0mc_header: LOOP START token=81 line=7771 text='struct'
[1;36mdebug: [0mc_header: LOOP START token=81 line=7773 text='struct'
[1;36mdebug: [0mc_header: LOOP START token=81 line=7776 text='struct'
[1;36mdebug: [0mc_header: LOOP START token=81 line=7777 text='struct'
[1;36mdebug: [0mc_header: LOOP START token=81 line=7779 text='struct'
[1;36mdebug: [0mc_header: LOOP START token=86 line=7782 text='void'
[1;36mdebug: [0mc_header: LOOP START token=81 line=7786 text='struct'
[1;36mdebug: [0mc_header: LOOP START token=81 line=7787 text='struct'
[1;36mdebug: [0mc_header: LOOP START token=1 line=7788 text='uint32_t'
[1;36mdebug: [0mc_header: LOOP START token=1 line=7789 text='int32_t'
[1;36mdebug: [0mc_header: LOOP START token=81 line=7793 text='struct'
[1;36mdebug: [0mc_header: LOOP START token=1 line=7794 text='uint32_t'
[1;36mdebug: [0mc_header: LOOP START token=81 line=7798 text='struct'
[1;36mdebug: [0mc_header: LOOP START token=1 line=7799 text='uint32_t'
[1;36mdebug: [0mc_header: LOOP START token=81 line=7803 text='struct'
[1;36mdebug: [0mc_header: LOOP START token=81 line=7804 text='struct'
[1;36mdebug: [0mc_header: LOOP START token=1 line=7805 text='uint32_t'
[1;36mdebug: [0mc_header: LOOP START token=81 line=7809 text='struct'
[1;36mdebug: [0mc_header: LOOP START token=81 line=7810 text='struct'
[1;36mdebug: [0mc_header: LOOP START token=63 line=7811 text='double'
[1;36mdebug: [0mc_header: LOOP START token=81 line=7815 text='struct'
[1;36mdebug: [0mc_header: LOOP START token=81 line=7816 text='struct'
[1;36mdebug: [0mc_header: w_name=wlr_seat_create
[1;36mdebug: [0mc_header: parsed function wlr_seat_create with 2 params (varargs=0) at line 7822
[1;36mdebug: [0mc_header: w_name=wlr_seat_destroy
[1;36mdebug: [0mc_header: parsed function wlr_seat_destroy with 1 params (varargs=0) at line 7827
[1;36mdebug: [0mc_header: w_name=wlr_seat_client_for_wl_client
[1;36mdebug: [0mc_header: parsed function wlr_seat_client_for_wl_client with 2 params (varargs=0) at line 7833
[1;36mdebug: [0mc_header: w_name=wlr_seat_set_capabilities
[1;36mdebug: [0mc_header: parsed function wlr_seat_set_capabilities with 2 params (varargs=0) at line 7839
[1;36mdebug: [0mc_header: w_name=wlr_seat_set_name
[1;36mdebug: [0mc_header: parsed function wlr_seat_set_name with 2 params (varargs=0) at line 7844
[1;36mdebug: [0mc_header: w_name=wlr_seat_pointer_surface_has_focus
[1;36mdebug: [0mc_header: parsed function wlr_seat_pointer_surface_has_focus with 2 params (varargs=0) at line 7850
[1;36mdebug: [0mc_header: w_name=wlr_seat_pointer_enter
[1;36mdebug: [0mc_header: parsed function wlr_seat_pointer_enter with 4 params (varargs=0) at line 7853
[1;36mdebug: [0mc_header: w_name=wlr_seat_pointer_clear_focus
[1;36mdebug: [0mc_header: parsed function wlr_seat_pointer_clear_focus with 1 params (varargs=0) at line 7860
[1;36mdebug: [0mc_header: w_name=wlr_seat_pointer_send_motion
[1;36mdebug: [0mc_header: parsed function wlr_seat_pointer_send_motion with 4 params (varargs=0) at line 7868
[1;36mdebug: [0mc_header: w_name=wlr_seat_pointer_send_button
[1;36mdebug: [0mc_header: parsed function wlr_seat_pointer_send_button with 4 params (varargs=0) at line 7877
[1;36mdebug: [0mc_header: w_name=wlr_seat_pointer_send_axis
[1;36mdebug: [0mc_header: parsed function wlr_seat_pointer_send_axis with 7 params (varargs=0) at line 7887
[1;36mdebug: [0mc_header: w_name=wlr_seat_pointer_send_frame
[1;36mdebug: [0mc_header: parsed function wlr_seat_pointer_send_frame with 1 params (varargs=0) at line 7894
[1;36mdebug: [0mc_header: w_name=wlr_seat_pointer_notify_enter
[1;36mdebug: [0mc_header: parsed function wlr_seat_pointer_notify_enter with 4 params (varargs=0) at line 7903
[1;36mdebug: [0mc_header: w_name=wlr_seat_pointer_notify_clear_focus
[1;36mdebug: [0mc_header: parsed function wlr_seat_pointer_notify_clear_focus with 1 params (varargs=0) at line 7909
[1;36mdebug: [0mc_header: w_name=wlr_seat_pointer_warp
[1;36mdebug: [0mc_header: parsed function wlr_seat_pointer_warp with 3 params (varargs=0) at line 7915
[1;36mdebug: [0mc_header: w_name=wlr_seat_pointer_notify_motion
[1;36mdebug: [0mc_header: parsed function wlr_seat_pointer_notify_motion with 4 params (varargs=0) at line 7923
[1;36mdebug: [0mc_header: w_name=wlr_seat_pointer_notify_button
[1;36mdebug: [0mc_header: parsed function wlr_seat_pointer_notify_button with 4 params (varargs=0) at line 7931
[1;36mdebug: [0mc_header: w_name=wlr_seat_pointer_notify_axis
[1;36mdebug: [0mc_header: parsed function wlr_seat_pointer_notify_axis with 7 params (varargs=0) at line 7939
[1;36mdebug: [0mc_header: w_name=wlr_seat_pointer_notify_frame
[1;36mdebug: [0mc_header: parsed function wlr_seat_pointer_notify_frame with 1 params (varargs=0) at line 7946
[1;36mdebug: [0mc_header: w_name=wlr_seat_pointer_start_grab
[1;36mdebug: [0mc_header: parsed function wlr_seat_pointer_start_grab with 2 params (varargs=0) at line 7953
[1;36mdebug: [0mc_header: w_name=wlr_seat_pointer_end_grab
[1;36mdebug: [0mc_header: parsed function wlr_seat_pointer_end_grab with 1 params (varargs=0) at line 7959
[1;36mdebug: [0mc_header: w_name=wlr_seat_pointer_has_grab
[1;36mdebug: [0mc_header: parsed function wlr_seat_pointer_has_grab with 1 params (varargs=0) at line 7964
[1;36mdebug: [0mc_header: w_name=wlr_seat_set_keyboard
[1;36mdebug: [0mc_header: parsed function wlr_seat_set_keyboard with 2 params (varargs=0) at line 7969
[1;36mdebug: [0mc_header: w_name=wlr_seat_get_keyboard
[1;36mdebug: [0mc_header: parsed function wlr_seat_get_keyboard with 1 params (varargs=0) at line 7974
[1;36mdebug: [0mc_header: w_name=wlr_seat_keyboard_send_key
[1;36mdebug: [0mc_header: parsed function wlr_seat_keyboard_send_key with 4 params (varargs=0) at line 7982
[1;36mdebug: [0mc_header: w_name=wlr_seat_keyboard_send_modifiers
[1;36mdebug: [0mc_header: parsed function wlr_seat_keyboard_send_modifiers with 2 params (varargs=0) at line 7990
[1;36mdebug: [0mc_header: w_name=wlr_seat_keyboard_enter
[1;36mdebug: [0mc_header: parsed function wlr_seat_keyboard_enter with 5 params (varargs=0) at line 8000
[1;36mdebug: [0mc_header: w_name=wlr_seat_keyboard_clear_focus
[1;36mdebug: [0mc_header: parsed function wlr_seat_keyboard_clear_focus with 1 params (varargs=0) at line 8007
[1;36mdebug: [0mc_header: w_name=wlr_seat_keyboard_notify_key
[1;36mdebug: [0mc_header: parsed function wlr_seat_keyboard_notify_key with 4 params (varargs=0) at line 8014
[1;36mdebug: [0mc_header: w_name=wlr_seat_keyboard_notify_modifiers
[1;36mdebug: [0mc_header: parsed function wlr_seat_keyboard_notify_modifiers with 2 params (varargs=0) at line 8021
[1;36mdebug: [0mc_header: w_name=wlr_seat_keyboard_notify_enter
[1;36mdebug: [0mc_header: parsed function wlr_seat_keyboard_notify_enter with 5 params (varargs=0) at line 8030
[1;36mdebug: [0mc_header: w_name=wlr_seat_keyboard_notify_clear_focus
[1;36mdebug: [0mc_header: parsed function wlr_seat_keyboard_notify_clear_focus with 1 params (varargs=0) at line 8036
[1;36mdebug: [0mc_header: w_name=wlr_seat_keyboard_start_grab
[1;36mdebug: [0mc_header: parsed function wlr_seat_keyboard_start_grab with 2 params (varargs=0) at line 8043
[1;36mdebug: [0mc_header: w_name=wlr_seat_keyboard_end_grab
[1;36mdebug: [0mc_header: parsed function wlr_seat_keyboard_end_grab with 1 params (varargs=0) at line 8049
[1;36mdebug: [0mc_header: w_name=wlr_seat_keyboard_has_grab
[1;36mdebug: [0mc_header: parsed function wlr_seat_keyboard_has_grab with 1 params (varargs=0) at line 8054
[1;36mdebug: [0mc_header: w_name=wlr_seat_touch_get_point
[1;36mdebug: [0mc_header: parsed function wlr_seat_touch_get_point with 2 params (varargs=0) at line 8061
[1;36mdebug: [0mc_header: w_name=wlr_seat_touch_point_focus
[1;36mdebug: [0mc_header: parsed function wlr_seat_touch_point_focus with 6 params (varargs=0) at line 8070
[1;36mdebug: [0mc_header: w_name=wlr_seat_touch_point_clear_focus
[1;36mdebug: [0mc_header: parsed function wlr_seat_touch_point_clear_focus with 3 params (varargs=0) at line 8076
[1;36mdebug: [0mc_header: w_name=wlr_seat_touch_send_down
[1;36mdebug: [0mc_header: parsed function wlr_seat_touch_send_down with 6 params (varargs=0) at line 8080
[1;36mdebug: [0mc_header: w_name=wlr_seat_touch_send_up
[1;36mdebug: [0mc_header: parsed function wlr_seat_touch_send_up with 3 params (varargs=0) at line 8089
[1;36mdebug: [0mc_header: w_name=wlr_seat_touch_send_motion
[1;36mdebug: [0mc_header: parsed function wlr_seat_touch_send_motion with 5 params (varargs=0) at line 8098
[1;36mdebug: [0mc_header: w_name=wlr_seat_touch_send_cancel
[1;36mdebug: [0mc_header: parsed function wlr_seat_touch_send_cancel with 2 params (varargs=0) at line 8107
[1;36mdebug: [0mc_header: w_name=wlr_seat_touch_send_frame
[1;36mdebug: [0mc_header: parsed function wlr_seat_touch_send_frame with 1 params (varargs=0) at line 8109
[1;36mdebug: [0mc_header: w_name=wlr_seat_touch_notify_down
[1;36mdebug: [0mc_header: parsed function wlr_seat_touch_notify_down with 6 params (varargs=0) at line 8117
[1;36mdebug: [0mc_header: w_name=wlr_seat_touch_notify_up
[1;36mdebug: [0mc_header: parsed function wlr_seat_touch_notify_up with 3 params (varargs=0) at line 8124
[1;36mdebug: [0mc_header: w_name=wlr_seat_touch_notify_motion
[1;36mdebug: [0mc_header: parsed function wlr_seat_touch_notify_motion with 5 params (varargs=0) at line 8133
[1;36mdebug: [0mc_header: w_name=wlr_seat_touch_notify_cancel
[1;36mdebug: [0mc_header: parsed function wlr_seat_touch_notify_cancel with 2 params (varargs=0) at line 8140
[1;36mdebug: [0mc_header: w_name=wlr_seat_touch_notify_frame
[1;36mdebug: [0mc_header: parsed function wlr_seat_touch_notify_frame with 1 params (varargs=0) at line 8142
[1;36mdebug: [0mc_header: w_name=wlr_seat_touch_num_points
[1;36mdebug: [0mc_header: parsed function wlr_seat_touch_num_points with 1 params (varargs=0) at line 8147
[1;36mdebug: [0mc_header: w_name=wlr_seat_touch_start_grab
[1;36mdebug: [0mc_header: parsed function wlr_seat_touch_start_grab with 2 params (varargs=0) at line 8154
[1;36mdebug: [0mc_header: w_name=wlr_seat_touch_end_grab
[1;36mdebug: [0mc_header: parsed function wlr_seat_touch_end_grab with 1 params (varargs=0) at line 8160
[1;36mdebug: [0mc_header: w_name=wlr_seat_touch_has_grab
[1;36mdebug: [0mc_header: parsed function wlr_seat_touch_has_grab with 1 params (varargs=0) at line 8165
[1;36mdebug: [0mc_header: w_name=wlr_seat_validate_pointer_grab_serial
[1;36mdebug: [0mc_header: parsed function wlr_seat_validate_pointer_grab_serial with 3 params (varargs=0) at line 8171
[1;36mdebug: [0mc_header: w_name=wlr_seat_validate_touch_grab_serial
[1;36mdebug: [0mc_header: parsed function wlr_seat_validate_touch_grab_serial with 4 params (varargs=0) at line 8180
[1;36mdebug: [0mc_header: w_name=wlr_seat_client_next_serial
[1;36mdebug: [0mc_header: parsed function wlr_seat_client_next_serial with 1 params (varargs=0) at line 8188
[1;36mdebug: [0mc_header: w_name=wlr_seat_client_validate_event_serial
[1;36mdebug: [0mc_header: parsed function wlr_seat_client_validate_event_serial with 2 params (varargs=0) at line 8191
[1;36mdebug: [0mc_header: w_name=wlr_seat_client_from_resource
[1;36mdebug: [0mc_header: parsed function wlr_seat_client_from_resource with 1 params (varargs=0) at line 8197
[1;36mdebug: [0mc_header: w_name=wlr_seat_client_from_pointer_resource
[1;36mdebug: [0mc_header: parsed function wlr_seat_client_from_pointer_resource with 1 params (varargs=0) at line 8203
[1;36mdebug: [0mc_header: w_name=wlr_surface_accepts_touch
[1;36mdebug: [0mc_header: parsed function wlr_surface_accepts_touch with 2 params (varargs=0) at line 8208
[1;36mdebug: [0mc_header: LOOP START token=72
[1;36mdebug: [0mc_header: LOOP START token=1 line=280 text='uint16_t'
[1;36mdebug: [0mc_header: LOOP START token=1 line=281 text='uint16_t'
[1;36mdebug: [0mc_header: LOOP START token=1 line=282 text='uint16_t'
[1;36mdebug: [0mc_header: LOOP START token=1 line=283 text='uint16_t'
[1;36mdebug: [0mc_header: LOOP START token=1 line=288 text='pixman_fixed_t'
[1;36mdebug: [0mc_header: LOOP START token=1 line=289 text='pixman_fixed_t'
[1;36mdebug: [0mc_header: LOOP START token=1 line=294 text='pixman_point_fixed_t'
[1;36mdebug: [0mc_header: LOOP START token=1 line=303 text='pixman_fixed_t'
[1;36mdebug: [0mc_header: LOOP START token=1 line=308 text='pixman_fixed_t'
[1;36mdebug: [0mc_header: w_name=pixman_transform_init_identity
[1;36mdebug: [0mc_header: parsed function pixman_transform_init_identity with 1 params (varargs=0) at line 316
[1;36mdebug: [0mc_header: w_name=pixman_transform_point_3d
[1;36mdebug: [0mc_header: parsed function pixman_transform_point_3d with 2 params (varargs=0) at line 320
[1;36mdebug: [0mc_header: w_name=pixman_transform_point
[1;36mdebug: [0mc_header: parsed function pixman_transform_point with 2 params (varargs=0) at line 324
[1;36mdebug: [0mc_header: w_name=pixman_transform_multiply
[1;36mdebug: [0mc_header: parsed function pixman_transform_multiply with 3 params (varargs=0) at line 329
[1;36mdebug: [0mc_header: w_name=pixman_transform_init_scale
[1;36mdebug: [0mc_header: parsed function pixman_transform_init_scale with 3 params (varargs=0) at line 334
[1;36mdebug: [0mc_header: w_name=pixman_transform_scale
[1;36mdebug: [0mc_header: parsed function pixman_transform_scale with 4 params (varargs=0) at line 340
[1;36mdebug: [0mc_header: w_name=pixman_transform_init_rotate
[1;36mdebug: [0mc_header: parsed function pixman_transform_init_rotate with 3 params (varargs=0) at line 345
[1;36mdebug: [0mc_header: w_name=pixman_transform_rotate
[1;36mdebug: [0mc_header: parsed function pixman_transform_rotate with 4 params (varargs=0) at line 351
[1;36mdebug: [0mc_header: w_name=pixman_transform_init_translate
[1;36mdebug: [0mc_header: parsed function pixman_transform_init_translate with 3 params (varargs=0) at line 356
[1;36mdebug: [0mc_header: w_name=pixman_transform_translate
[1;36mdebug: [0mc_header: parsed function pixman_transform_translate with 4 params (varargs=0) at line 362
[1;36mdebug: [0mc_header: w_name=pixman_transform_bounds
[1;36mdebug: [0mc_header: parsed function pixman_transform_bounds with 2 params (varargs=0) at line 366
[1;36mdebug: [0mc_header: w_name=pixman_transform_invert
[1;36mdebug: [0mc_header: parsed function pixman_transform_invert with 2 params (varargs=0) at line 370
[1;36mdebug: [0mc_header: w_name=pixman_transform_is_identity
[1;36mdebug: [0mc_header: parsed function pixman_transform_is_identity with 1 params (varargs=0) at line 373
[1;36mdebug: [0mc_header: w_name=pixman_transform_is_scale
[1;36mdebug: [0mc_header: parsed function pixman_transform_is_scale with 1 params (varargs=0) at line 376
[1;36mdebug: [0mc_header: w_name=pixman_transform_is_int_translate
[1;36mdebug: [0mc_header: parsed function pixman_transform_is_int_translate with 1 params (varargs=0) at line 379
[1;36mdebug: [0mc_header: w_name=pixman_transform_is_inverse
[1;36mdebug: [0mc_header: parsed function pixman_transform_is_inverse with 2 params (varargs=0) at line 383
[1;36mdebug: [0mc_header: LOOP START token=63 line=393 text='double'
[1;36mdebug: [0mc_header: LOOP START token=63 line=398 text='double'
[1;36mdebug: [0mc_header: w_name=pixman_transform_from_pixman_f_transform
[1;36mdebug: [0mc_header: parsed function pixman_transform_from_pixman_f_transform with 2 params (varargs=0) at line 404
[1;36mdebug: [0mc_header: w_name=pixman_f_transform_from_pixman_transform
[1;36mdebug: [0mc_header: parsed function pixman_f_transform_from_pixman_transform with 2 params (varargs=0) at line 408
[1;36mdebug: [0mc_header: w_name=pixman_f_transform_invert
[1;36mdebug: [0mc_header: parsed function pixman_f_transform_invert with 2 params (varargs=0) at line 412
[1;36mdebug: [0mc_header: w_name=pixman_f_transform_point
[1;36mdebug: [0mc_header: parsed function pixman_f_transform_point with 2 params (varargs=0) at line 416
[1;36mdebug: [0mc_header: w_name=pixman_f_transform_point_3d
[1;36mdebug: [0mc_header: parsed function pixman_f_transform_point_3d with 2 params (varargs=0) at line 420
[1;36mdebug: [0mc_header: w_name=pixman_f_transform_multiply
[1;36mdebug: [0mc_header: parsed function pixman_f_transform_multiply with 3 params (varargs=0) at line 425
[1;36mdebug: [0mc_header: w_name=pixman_f_transform_init_scale
[1;36mdebug: [0mc_header: parsed function pixman_f_transform_init_scale with 3 params (varargs=0) at line 430
[1;36mdebug: [0mc_header: w_name=pixman_f_transform_scale
[1;36mdebug: [0mc_header: parsed function pixman_f_transform_scale with 4 params (varargs=0) at line 436
[1;36mdebug: [0mc_header: w_name=pixman_f_transform_init_rotate
[1;36mdebug: [0mc_header: parsed function pixman_f_transform_init_rotate with 3 params (varargs=0) at line 441
[1;36mdebug: [0mc_header: w_name=pixman_f_transform_rotate
[1;36mdebug: [0mc_header: parsed function pixman_f_transform_rotate with 4 params (varargs=0) at line 447
[1;36mdebug: [0mc_header: w_name=pixman_f_transform_init_translate
[1;36mdebug: [0mc_header: parsed function pixman_f_transform_init_translate with 3 params (varargs=0) at line 452
[1;36mdebug: [0mc_header: w_name=pixman_f_transform_translate
[1;36mdebug: [0mc_header: parsed function pixman_f_transform_translate with 4 params (varargs=0) at line 458
[1;36mdebug: [0mc_header: w_name=pixman_f_transform_bounds
[1;36mdebug: [0mc_header: parsed function pixman_f_transform_bounds with 2 params (varargs=0) at line 462
[1;36mdebug: [0mc_header: w_name=pixman_f_transform_init_identity
[1;36mdebug: [0mc_header: parsed function pixman_f_transform_init_identity with 1 params (varargs=0) at line 465
[1;36mdebug: [0mc_header: LOOP START token=1
[1;36mdebug: [0mc_header: LOOP START token=1
[1;36mdebug: [0mc_header: LOOP START token=1
[1;36mdebug: [0mc_header: LOOP START token=1
[1;36mdebug: [0mc_header: LOOP START token=1
[1;36mdebug: [0mc_header: LOOP START token=1
[1;36mdebug: [0mc_header: LOOP START token=1
[1;36mdebug: [0mc_header: LOOP START token=1
[1;36mdebug: [0mc_header: LOOP START token=1
[1;36mdebug: [0mc_header: LOOP START token=1
[1;36mdebug: [0mc_header: LOOP START token=1
[1;36mdebug: [0mc_header: LOOP START token=1
[1;36mdebug: [0mc_header: LOOP START token=1
[1;36mdebug: [0mc_header: LOOP START token=1
[1;36mdebug: [0mc_header: LOOP START token=1
[1;36mdebug: [0mc_header: LOOP START token=1
[1;36mdebug: [0mc_header: LOOP START token=1
[1;36mdebug: [0mc_header: LOOP START token=1
[1;36mdebug: [0mc_header: LOOP START token=1
[1;36mdebug: [0mc_header: LOOP START token=1
[1;36mdebug: [0mc_header: LOOP START token=1
[1;36mdebug: [0mc_header: LOOP START token=1
[1;36mdebug: [0mc_header: LOOP START token=1
[1;36mdebug: [0mc_header: LOOP START token=1
[1;36mdebug: [0mc_header: LOOP START token=1
[1;36mdebug: [0mc_header: LOOP START token=1
[1;36mdebug: [0mc_header: LOOP START token=1
[1;36mdebug: [0mc_header: LOOP START token=1
[1;36mdebug: [0mc_header: LOOP START token=1
[1;36mdebug: [0mc_header: LOOP START token=1
[1;36mdebug: [0mc_header: LOOP START token=1
[1;36mdebug: [0mc_header: LOOP START token=1
[1;36mdebug: [0mc_header: LOOP START token=1
[1;36mdebug: [0mc_header: LOOP START token=1
[1;36mdebug: [0mc_header: LOOP START token=1
[1;36mdebug: [0mc_header: LOOP START token=1
[1;36mdebug: [0mc_header: LOOP START token=1
[1;36mdebug: [0mc_header: LOOP START token=1
[1;36mdebug: [0mc_header: LOOP START token=1
[1;36mdebug: [0mc_header: LOOP START token=1
[1;36mdebug: [0mc_header: LOOP START token=1
[1;36mdebug: [0mc_header: LOOP START token=1
[1;36mdebug: [0mc_header: LOOP START token=1
[1;36mdebug: [0mc_header: LOOP START token=1
[1;36mdebug: [0mc_header: LOOP START token=1
[1;36mdebug: [0mc_header: LOOP START token=1
[1;36mdebug: [0mc_header: LOOP START token=1
[1;36mdebug: [0mc_header: LOOP START token=1
[1;36mdebug: [0mc_header: LOOP START token=1
[1;36mdebug: [0mc_header: LOOP START token=1
[1;36mdebug: [0mc_header: LOOP START token=1
[1;36mdebug: [0mc_header: LOOP START token=1
[1;36mdebug: [0mc_header: LOOP START token=1
[1;36mdebug: [0mc_header: LOOP START token=1
[1;36mdebug: [0mc_header: LOOP START token=1
[1;36mdebug: [0mc_header: LOOP START token=1
[1;36mdebug: [0mc_header: LOOP START token=1
[1;36mdebug: [0mc_header: LOOP START token=1
[1;36mdebug: [0mc_header: LOOP START token=1
[1;36mdebug: [0mc_header: LOOP START token=1
[1;36mdebug: [0mc_header: LOOP START token=1
[1;36mdebug: [0mc_header: LOOP START token=1
[1;36mdebug: [0mc_header: LOOP START token=1
[1;36mdebug: [0mc_header: LOOP START token=1
[1;36mdebug: [0mc_header: LOOP START token=1
[1;36mdebug: [0mc_header: LOOP START token=1
[1;36mdebug: [0mc_header: LOOP START token=1
[1;36mdebug: [0mc_header: LOOP START token=1
[1;36mdebug: [0mc_header: LOOP START token=1
[1;36mdebug: [0mc_header: LOOP START token=1
[1;36mdebug: [0mc_header: LOOP START token=73 line=572 text='long'
[1;36mdebug: [0mc_header: LOOP START token=73 line=573 text='long'
[1;36mdebug: [0mc_header: LOOP START token=1 line=579 text='int16_t'
[1;36mdebug: [0mc_header: LOOP START token=1 line=580 text='uint16_t'
[1;36mdebug: [0mc_header: LOOP START token=1 line=585 text='int16_t'
[1;36mdebug: [0mc_header: LOOP START token=1 line=590 text='pixman_box16_t'
[1;36mdebug: [0mc_header: LOOP START token=1 line=591 text='pixman_region16_data_t'
[1;36mdebug: [0mc_header: LOOP START token=1
[1;36mdebug: [0mc_header: LOOP START token=1
[1;36mdebug: [0mc_header: LOOP START token=1
[1;36mdebug: [0mc_header: w_name=pixman_region_set_static_pointers
[1;36mdebug: [0mc_header: parsed function pixman_region_set_static_pointers with 3 params (varargs=0) at line 607
[1;36mdebug: [0mc_header: w_name=pixman_region_init
[1;36mdebug: [0mc_header: parsed function pixman_region_init with 1 params (varargs=0) at line 611
[1;36mdebug: [0mc_header: w_name=pixman_region_init_rect
[1;36mdebug: [0mc_header: parsed function pixman_region_init_rect with 5 params (varargs=0) at line 618
[1;36mdebug: [0mc_header: w_name=pixman_region_init_rects
[1;36mdebug: [0mc_header: parsed function pixman_region_init_rects with 3 params (varargs=0) at line 623
[1;36mdebug: [0mc_header: w_name=pixman_region_init_with_extents
[1;36mdebug: [0mc_header: parsed function pixman_region_init_with_extents with 2 params (varargs=0) at line 627
[1;36mdebug: [0mc_header: w_name=pixman_region_init_from_image
[1;36mdebug: [0mc_header: parsed function pixman_region_init_from_image with 2 params (varargs=0) at line 631
[1;36mdebug: [0mc_header: w_name=pixman_region_fini
[1;36mdebug: [0mc_header: parsed function pixman_region_fini with 1 params (varargs=0) at line 634
[1;36mdebug: [0mc_header: w_name=pixman_region_translate
[1;36mdebug: [0mc_header: parsed function pixman_region_translate with 3 params (varargs=0) at line 641
[1;36mdebug: [0mc_header: w_name=pixman_region_copy
[1;36mdebug: [0mc_header: parsed function pixman_region_copy with 2 params (varargs=0) at line 645
[1;36mdebug: [0mc_header: w_name=pixman_region_intersect
[1;36mdebug: [0mc_header: parsed function pixman_region_intersect with 3 params (varargs=0) at line 650
[1;36mdebug: [0mc_header: w_name=pixman_region_union
[1;36mdebug: [0mc_header: parsed function pixman_region_union with 3 params (varargs=0) at line 655
[1;36mdebug: [0mc_header: w_name=pixman_region_union_rect
[1;36mdebug: [0mc_header: parsed function pixman_region_union_rect with 6 params (varargs=0) at line 663
[1;36mdebug: [0mc_header: w_name=pixman_region_intersect_rect
[1;36mdebug: [0mc_header: parsed function pixman_region_intersect_rect with 6 params (varargs=0) at line 671
[1;36mdebug: [0mc_header: w_name=pixman_region_subtract
[1;36mdebug: [0mc_header: parsed function pixman_region_subtract with 3 params (varargs=0) at line 676
[1;36mdebug: [0mc_header: w_name=pixman_region_inverse
[1;36mdebug: [0mc_header: parsed function pixman_region_inverse with 3 params (varargs=0) at line 681
[1;36mdebug: [0mc_header: w_name=pixman_region_contains_point
[1;36mdebug: [0mc_header: parsed function pixman_region_contains_point with 4 params (varargs=0) at line 687
[1;36mdebug: [0mc_header: w_name=pixman_region_contains_rectangle
[1;36mdebug: [0mc_header: parsed function pixman_region_contains_rectangle with 2 params (varargs=0) at line 691
[1;36mdebug: [0mc_header: w_name=pixman_region_empty
[1;36mdebug: [0mc_header: parsed function pixman_region_empty with 1 params (varargs=0) at line 694
[1;36mdebug: [0mc_header: w_name=pixman_region_not_empty
[1;36mdebug: [0mc_header: parsed function pixman_region_not_empty with 1 params (varargs=0) at line 697
[1;36mdebug: [0mc_header: w_name=pixman_region_extents
[1;36mdebug: [0mc_header: parsed function pixman_region_extents with 1 params (varargs=0) at line 700
[1;36mdebug: [0mc_header: w_name=pixman_region_n_rects
[1;36mdebug: [0mc_header: parsed function pixman_region_n_rects with 1 params (varargs=0) at line 703
[1;36mdebug: [0mc_header: w_name=pixman_region_rectangles
[1;36mdebug: [0mc_header: parsed function pixman_region_rectangles with 2 params (varargs=0) at line 707
[1;36mdebug: [0mc_header: w_name=pixman_region_equal
[1;36mdebug: [0mc_header: parsed function pixman_region_equal with 2 params (varargs=0) at line 711
[1;36mdebug: [0mc_header: w_name=pixman_region_selfcheck
[1;36mdebug: [0mc_header: parsed function pixman_region_selfcheck with 1 params (varargs=0) at line 714
[1;36mdebug: [0mc_header: w_name=pixman_region_reset
[1;36mdebug: [0mc_header: parsed function pixman_region_reset with 2 params (varargs=0) at line 718
[1;36mdebug: [0mc_header: w_name=pixman_region_clear
[1;36mdebug: [0mc_header: parsed function pixman_region_clear with 1 params (varargs=0) at line 721
[1;36mdebug: [0mc_header: LOOP START token=73 line=731 text='long'
[1;36mdebug: [0mc_header: LOOP START token=73 line=732 text='long'
[1;36mdebug: [0mc_header: LOOP START token=1 line=738 text='int32_t'
[1;36mdebug: [0mc_header: LOOP START token=1 line=739 text='uint32_t'
[1;36mdebug: [0mc_header: LOOP START token=1 line=744 text='int32_t'
[1;36mdebug: [0mc_header: LOOP START token=1 line=749 text='pixman_box32_t'
[1;36mdebug: [0mc_header: LOOP START token=1 line=750 text='pixman_region32_data_t'
[1;36mdebug: [0mc_header: w_name=pixman_region32_init
[1;36mdebug: [0mc_header: parsed function pixman_region32_init with 1 params (varargs=0) at line 755
[1;36mdebug: [0mc_header: w_name=pixman_region32_init_rect
[1;36mdebug: [0mc_header: parsed function pixman_region32_init_rect with 5 params (varargs=0) at line 762
[1;36mdebug: [0mc_header: w_name=pixman_region32_init_rects
[1;36mdebug: [0mc_header: parsed function pixman_region32_init_rects with 3 params (varargs=0) at line 767
[1;36mdebug: [0mc_header: w_name=pixman_region32_init_with_extents
[1;36mdebug: [0mc_header: parsed function pixman_region32_init_with_extents with 2 params (varargs=0) at line 771
[1;36mdebug: [0mc_header: w_name=pixman_region32_init_from_image
[1;36mdebug: [0mc_header: parsed function pixman_region32_init_from_image with 2 params (varargs=0) at line 775
[1;36mdebug: [0mc_header: w_name=pixman_region32_fini
[1;36mdebug: [0mc_header: parsed function pixman_region32_fini with 1 params (varargs=0) at line 778
[1;36mdebug: [0mc_header: w_name=pixman_region32_translate
[1;36mdebug: [0mc_header: parsed function pixman_region32_translate with 3 params (varargs=0) at line 785
[1;36mdebug: [0mc_header: w_name=pixman_region32_copy
[1;36mdebug: [0mc_header: parsed function pixman_region32_copy with 2 params (varargs=0) at line 789
[1;36mdebug: [0mc_header: w_name=pixman_region32_intersect
[1;36mdebug: [0mc_header: parsed function pixman_region32_intersect with 3 params (varargs=0) at line 794
[1;36mdebug: [0mc_header: w_name=pixman_region32_union
[1;36mdebug: [0mc_header: parsed function pixman_region32_union with 3 params (varargs=0) at line 799
[1;36mdebug: [0mc_header: w_name=pixman_region32_intersect_rect
[1;36mdebug: [0mc_header: parsed function pixman_region32_intersect_rect with 6 params (varargs=0) at line 807
[1;36mdebug: [0mc_header: w_name=pixman_region32_union_rect
[1;36mdebug: [0mc_header: parsed function pixman_region32_union_rect with 6 params (varargs=0) at line 815
[1;36mdebug: [0mc_header: w_name=pixman_region32_subtract
[1;36mdebug: [0mc_header: parsed function pixman_region32_subtract with 3 params (varargs=0) at line 820
[1;36mdebug: [0mc_header: w_name=pixman_region32_inverse
[1;36mdebug: [0mc_header: parsed function pixman_region32_inverse with 3 params (varargs=0) at line 825
[1;36mdebug: [0mc_header: w_name=pixman_region32_contains_point
[1;36mdebug: [0mc_header: parsed function pixman_region32_contains_point with 4 params (varargs=0) at line 831
[1;36mdebug: [0mc_header: w_name=pixman_region32_contains_rectangle
[1;36mdebug: [0mc_header: parsed function pixman_region32_contains_rectangle with 2 params (varargs=0) at line 835
[1;36mdebug: [0mc_header: w_name=pixman_region32_empty
[1;36mdebug: [0mc_header: parsed function pixman_region32_empty with 1 params (varargs=0) at line 838
[1;36mdebug: [0mc_header: w_name=pixman_region32_not_empty
[1;36mdebug: [0mc_header: parsed function pixman_region32_not_empty with 1 params (varargs=0) at line 841
[1;36mdebug: [0mc_header: w_name=pixman_region32_extents
[1;36mdebug: [0mc_header: parsed function pixman_region32_extents with 1 params (varargs=0) at line 844
[1;36mdebug: [0mc_header: w_name=pixman_region32_n_rects
[1;36mdebug: [0mc_header: parsed function pixman_region32_n_rects with 1 params (varargs=0) at line 847
[1;36mdebug: [0mc_header: w_name=pixman_region32_rectangles
[1;36mdebug: [0mc_header: parsed function pixman_region32_rectangles with 2 params (varargs=0) at line 851
[1;36mdebug: [0mc_header: w_name=pixman_region32_equal
[1;36mdebug: [0mc_header: parsed function pixman_region32_equal with 2 params (varargs=0) at line 855
[1;36mdebug: [0mc_header: w_name=pixman_region32_selfcheck
[1;36mdebug: [0mc_header: parsed function pixman_region32_selfcheck with 1 params (varargs=0) at line 858
[1;36mdebug: [0mc_header: w_name=pixman_region32_reset
[1;36mdebug: [0mc_header: parsed function pixman_region32_reset with 2 params (varargs=0) at line 862
[1;36mdebug: [0mc_header: w_name=pixman_region32_clear
[1;36mdebug: [0mc_header: parsed function pixman_region32_clear with 1 params (varargs=0) at line 865
[1;36mdebug: [0mc_header: LOOP START token=73 line=875 text='long'
[1;36mdebug: [0mc_header: LOOP START token=73 line=876 text='long'
[1;36mdebug: [0mc_header: LOOP START token=63 line=882 text='double'
[1;36mdebug: [0mc_header: LOOP START token=63 line=883 text='double'
[1;36mdebug: [0mc_header: LOOP START token=63 line=888 text='double'
[1;36mdebug: [0mc_header: LOOP START token=1 line=893 text='pixman_box64f_t'
[1;36mdebug: [0mc_header: LOOP START token=1 line=894 text='pixman_region64f_data_t'
[1;36mdebug: [0mc_header: w_name=pixman_region64f_init
[1;36mdebug: [0mc_header: parsed function pixman_region64f_init with 1 params (varargs=0) at line 899
[1;36mdebug: [0mc_header: w_name=pixman_region64f_init_rect
[1;36mdebug: [0mc_header: parsed function pixman_region64f_init_rect with 5 params (varargs=0) at line 906
[1;36mdebug: [0mc_header: w_name=pixman_region64f_init_rectf
[1;36mdebug: [0mc_header: parsed function pixman_region64f_init_rectf with 5 params (varargs=0) at line 913
[1;36mdebug: [0mc_header: w_name=pixman_region64f_init_rects
[1;36mdebug: [0mc_header: parsed function pixman_region64f_init_rects with 3 params (varargs=0) at line 918
[1;36mdebug: [0mc_header: w_name=pixman_region64f_init_with_extents
[1;36mdebug: [0mc_header: parsed function pixman_region64f_init_with_extents with 2 params (varargs=0) at line 922
[1;36mdebug: [0mc_header: w_name=pixman_region64f_init_from_image
[1;36mdebug: [0mc_header: parsed function pixman_region64f_init_from_image with 2 params (varargs=0) at line 926
[1;36mdebug: [0mc_header: w_name=pixman_region64f_fini
[1;36mdebug: [0mc_header: parsed function pixman_region64f_fini with 1 params (varargs=0) at line 929
[1;36mdebug: [0mc_header: w_name=pixman_region64f_translate
[1;36mdebug: [0mc_header: parsed function pixman_region64f_translate with 3 params (varargs=0) at line 936
[1;36mdebug: [0mc_header: w_name=pixman_region64f_translatef
[1;36mdebug: [0mc_header: parsed function pixman_region64f_translatef with 3 params (varargs=0) at line 941
[1;36mdebug: [0mc_header: w_name=pixman_region64f_copy
[1;36mdebug: [0mc_header: parsed function pixman_region64f_copy with 2 params (varargs=0) at line 945
[1;36mdebug: [0mc_header: w_name=pixman_region64f_intersect
[1;36mdebug: [0mc_header: parsed function pixman_region64f_intersect with 3 params (varargs=0) at line 950
[1;36mdebug: [0mc_header: w_name=pixman_region64f_union
[1;36mdebug: [0mc_header: parsed function pixman_region64f_union with 3 params (varargs=0) at line 955
[1;36mdebug: [0mc_header: w_name=pixman_region64f_intersect_rect
[1;36mdebug: [0mc_header: parsed function pixman_region64f_intersect_rect with 6 params (varargs=0) at line 963
[1;36mdebug: [0mc_header: w_name=pixman_region64f_intersect_rectf
[1;36mdebug: [0mc_header: parsed function pixman_region64f_intersect_rectf with 6 params (varargs=0) at line 971
[1;36mdebug: [0mc_header: w_name=pixman_region64f_union_rect
[1;36mdebug: [0mc_header: parsed function pixman_region64f_union_rect with 6 params (varargs=0) at line 979
[1;36mdebug: [0mc_header: w_name=pixman_region64f_union_rectf
[1;36mdebug: [0mc_header: parsed function pixman_region64f_union_rectf with 6 params (varargs=0) at line 987
[1;36mdebug: [0mc_header: w_name=pixman_region64f_subtract
[1;36mdebug: [0mc_header: parsed function pixman_region64f_subtract with 3 params (varargs=0) at line 992
[1;36mdebug: [0mc_header: w_name=pixman_region64f_inverse
[1;36mdebug: [0mc_header: parsed function pixman_region64f_inverse with 3 params (varargs=0) at line 997
[1;36mdebug: [0mc_header: w_name=pixman_region64f_contains_point
[1;36mdebug: [0mc_header: parsed function pixman_region64f_contains_point with 4 params (varargs=0) at line 1003
[1;36mdebug: [0mc_header: w_name=pixman_region64f_contains_pointf
[1;36mdebug: [0mc_header: parsed function pixman_region64f_contains_pointf with 4 params (varargs=0) at line 1009
[1;36mdebug: [0mc_header: w_name=pixman_region64f_contains_rectangle
[1;36mdebug: [0mc_header: parsed function pixman_region64f_contains_rectangle with 2 params (varargs=0) at line 1013
[1;36mdebug: [0mc_header: w_name=pixman_region64f_empty
[1;36mdebug: [0mc_header: parsed function pixman_region64f_empty with 1 params (varargs=0) at line 1016
[1;36mdebug: [0mc_header: w_name=pixman_region64f_not_empty
[1;36mdebug: [0mc_header: parsed function pixman_region64f_not_empty with 1 params (varargs=0) at line 1019
[1;36mdebug: [0mc_header: w_name=pixman_region64f_extents
[1;36mdebug: [0mc_header: parsed function pixman_region64f_extents with 1 params (varargs=0) at line 1022
[1;36mdebug: [0mc_header: w_name=pixman_region64f_n_rects
[1;36mdebug: [0mc_header: parsed function pixman_region64f_n_rects with 1 params (varargs=0) at line 1025
[1;36mdebug: [0mc_header: w_name=pixman_region64f_rectangles
[1;36mdebug: [0mc_header: parsed function pixman_region64f_rectangles with 2 params (varargs=0) at line 1029
[1;36mdebug: [0mc_header: w_name=pixman_region64f_equal
[1;36mdebug: [0mc_header: parsed function pixman_region64f_equal with 2 params (varargs=0) at line 1033
[1;36mdebug: [0mc_header: w_name=pixman_region64f_selfcheck
[1;36mdebug: [0mc_header: parsed function pixman_region64f_selfcheck with 1 params (varargs=0) at line 1036
[1;36mdebug: [0mc_header: w_name=pixman_region64f_reset
[1;36mdebug: [0mc_header: parsed function pixman_region64f_reset with 2 params (varargs=0) at line 1040
[1;36mdebug: [0mc_header: w_name=pixman_region64f_clear
[1;36mdebug: [0mc_header: parsed function pixman_region64f_clear with 1 params (varargs=0) at line 1043
[1;36mdebug: [0mc_header: w_name=pixman_blt
[1;36mdebug: [0mc_header: parsed function pixman_blt with 12 params (varargs=0) at line 1059
[1;36mdebug: [0mc_header: w_name=pixman_fill
[1;36mdebug: [0mc_header: parsed function pixman_fill with 8 params (varargs=0) at line 1069
[1;36mdebug: [0mc_header: w_name=pixman_version
[1;36mdebug: [0mc_header: parsed function pixman_version with 0 params (varargs=0) at line 1073
[1;36mdebug: [0mc_header: w_name=pixman_version_string
[1;36mdebug: [0mc_header: parsed function pixman_version_string with 0 params (varargs=0) at line 1076
[1;36mdebug: [0mc_header: LOOP START token=1 line=1090 text='pixman_fixed_t'
[1;36mdebug: [0mc_header: LOOP START token=1 line=1091 text='pixman_color_t'
[1;36mdebug: [0mc_header: LOOP START token=1 line=1102 text='pixman_bool_t'
[1;36mdebug: [0mc_header: LOOP START token=1 line=1103 text='uint32_t'
[1;36mdebug: [0mc_header: LOOP START token=1 line=1104 text='pixman_index_type'
[1;36mdebug: [0mc_header: LOOP START token=1
[1;36mdebug: [0mc_header: LOOP START token=1
[1;36mdebug: [0mc_header: LOOP START token=1
[1;36mdebug: [0mc_header: LOOP START token=1
[1;36mdebug: [0mc_header: LOOP START token=1
[1;36mdebug: [0mc_header: LOOP START token=1
[1;36mdebug: [0mc_header: LOOP START token=1
[1;36mdebug: [0mc_header: LOOP START token=1
[1;36mdebug: [0mc_header: LOOP START token=1
[1;36mdebug: [0mc_header: LOOP START token=1
[1;36mdebug: [0mc_header: LOOP START token=1
[1;36mdebug: [0mc_header: LOOP START token=1
[1;36mdebug: [0mc_header: LOOP START token=1
[1;36mdebug: [0mc_header: LOOP START token=1
[1;36mdebug: [0mc_header: LOOP START token=1
[1;36mdebug: [0mc_header: LOOP START token=1
[1;36mdebug: [0mc_header: LOOP START token=1
[1;36mdebug: [0mc_header: LOOP START token=1
[1;36mdebug: [0mc_header: LOOP START token=1
[1;36mdebug: [0mc_header: LOOP START token=1
[1;36mdebug: [0mc_header: LOOP START token=1
[1;36mdebug: [0mc_header: LOOP START token=1
[1;36mdebug: [0mc_header: LOOP START token=1
[1;36mdebug: [0mc_header: LOOP START token=1
[1;36mdebug: [0mc_header: LOOP START token=1
[1;36mdebug: [0mc_header: LOOP START token=1
[1;36mdebug: [0mc_header: LOOP START token=1
[1;36mdebug: [0mc_header: LOOP START token=1
[1;36mdebug: [0mc_header: LOOP START token=1
[1;36mdebug: [0mc_header: LOOP START token=1
[1;36mdebug: [0mc_header: LOOP START token=1
[1;36mdebug: [0mc_header: LOOP START token=1
[1;36mdebug: [0mc_header: LOOP START token=1
[1;36mdebug: [0mc_header: LOOP START token=1
[1;36mdebug: [0mc_header: LOOP START token=1
[1;36mdebug: [0mc_header: LOOP START token=1
[1;36mdebug: [0mc_header: LOOP START token=1
[1;36mdebug: [0mc_header: LOOP START token=1
[1;36mdebug: [0mc_header: LOOP START token=1
[1;36mdebug: [0mc_header: LOOP START token=1
[1;36mdebug: [0mc_header: LOOP START token=1
[1;36mdebug: [0mc_header: LOOP START token=1
[1;36mdebug: [0mc_header: LOOP START token=1
[1;36mdebug: [0mc_header: LOOP START token=1
[1;36mdebug: [0mc_header: LOOP START token=1
[1;36mdebug: [0mc_header: LOOP START token=1
[1;36mdebug: [0mc_header: LOOP START token=1
[1;36mdebug: [0mc_header: LOOP START token=1
[1;36mdebug: [0mc_header: LOOP START token=1
[1;36mdebug: [0mc_header: LOOP START token=1
[1;36mdebug: [0mc_header: LOOP START token=1
[1;36mdebug: [0mc_header: w_name=pixman_format_supported_destination
[1;36mdebug: [0mc_header: parsed function pixman_format_supported_destination with 1 params (varargs=0) at line 1190
[1;36mdebug: [0mc_header: w_name=pixman_format_supported_source
[1;36mdebug: [0mc_header: parsed function pixman_format_supported_source with 1 params (varargs=0) at line 1193
[1;36mdebug: [0mc_header: w_name=pixman_image_create_solid_fill
[1;36mdebug: [0mc_header: parsed function pixman_image_create_solid_fill with 1 params (varargs=0) at line 1197
[1;36mdebug: [0mc_header: w_name=pixman_image_create_linear_gradient
[1;36mdebug: [0mc_header: parsed function pixman_image_create_linear_gradient with 4 params (varargs=0) at line 1203
[1;36mdebug: [0mc_header: w_name=pixman_image_create_radial_gradient
[1;36mdebug: [0mc_header: parsed function pixman_image_create_radial_gradient with 6 params (varargs=0) at line 1211
[1;36mdebug: [0mc_header: w_name=pixman_image_create_conical_gradient
[1;36mdebug: [0mc_header: parsed function pixman_image_create_conical_gradient with 4 params (varargs=0) at line 1217
[1;36mdebug: [0mc_header: w_name=pixman_image_create_bits
[1;36mdebug: [0mc_header: parsed function pixman_image_create_bits with 5 params (varargs=0) at line 1224
[1;36mdebug: [0mc_header: w_name=pixman_image_create_bits_no_clear
[1;36mdebug: [0mc_header: parsed function pixman_image_create_bits_no_clear with 5 params (varargs=0) at line 1231
[1;36mdebug: [0mc_header: w_name=pixman_image_ref
[1;36mdebug: [0mc_header: parsed function pixman_image_ref with 1 params (varargs=0) at line 1235
[1;36mdebug: [0mc_header: w_name=pixman_image_unref
[1;36mdebug: [0mc_header: parsed function pixman_image_unref with 1 params (varargs=0) at line 1238
[1;36mdebug: [0mc_header: w_name=pixman_image_set_destroy_function
[1;36mdebug: [0mc_header: parsed function pixman_image_set_destroy_function with 3 params (varargs=0) at line 1244
[1;36mdebug: [0mc_header: w_name=pixman_image_get_destroy_data
[1;36mdebug: [0mc_header: parsed function pixman_image_get_destroy_data with 1 params (varargs=0) at line 1247
[1;36mdebug: [0mc_header: w_name=pixman_image_set_clip_region
[1;36mdebug: [0mc_header: parsed function pixman_image_set_clip_region with 2 params (varargs=0) at line 1252
[1;36mdebug: [0mc_header: w_name=pixman_image_set_clip_region32
[1;36mdebug: [0mc_header: parsed function pixman_image_set_clip_region32 with 2 params (varargs=0) at line 1256
[1;36mdebug: [0mc_header: w_name=pixman_image_set_clip_region64f
[1;36mdebug: [0mc_header: parsed function pixman_image_set_clip_region64f with 2 params (varargs=0) at line 1260
[1;36mdebug: [0mc_header: w_name=pixman_image_set_has_client_clip
[1;36mdebug: [0mc_header: parsed function pixman_image_set_has_client_clip with 2 params (varargs=0) at line 1264
[1;36mdebug: [0mc_header: w_name=pixman_image_set_transform
[1;36mdebug: [0mc_header: parsed function pixman_image_set_transform with 2 params (varargs=0) at line 1268
[1;36mdebug: [0mc_header: w_name=pixman_image_set_repeat
[1;36mdebug: [0mc_header: parsed function pixman_image_set_repeat with 2 params (varargs=0) at line 1272
[1;36mdebug: [0mc_header: w_name=pixman_image_set_dither
[1;36mdebug: [0mc_header: parsed function pixman_image_set_dither with 2 params (varargs=0) at line 1276
[1;36mdebug: [0mc_header: w_name=pixman_image_set_dither_offset
[1;36mdebug: [0mc_header: parsed function pixman_image_set_dither_offset with 3 params (varargs=0) at line 1281
[1;36mdebug: [0mc_header: w_name=pixman_image_set_filter
[1;36mdebug: [0mc_header: parsed function pixman_image_set_filter with 4 params (varargs=0) at line 1287
[1;36mdebug: [0mc_header: w_name=pixman_image_set_source_clipping
[1;36mdebug: [0mc_header: parsed function pixman_image_set_source_clipping with 2 params (varargs=0) at line 1291
[1;36mdebug: [0mc_header: w_name=pixman_image_set_alpha_map
[1;36mdebug: [0mc_header: parsed function pixman_image_set_alpha_map with 4 params (varargs=0) at line 1297
[1;36mdebug: [0mc_header: w_name=pixman_image_set_component_alpha
[1;36mdebug: [0mc_header: parsed function pixman_image_set_component_alpha with 2 params (varargs=0) at line 1301
[1;36mdebug: [0mc_header: w_name=pixman_image_get_component_alpha
[1;36mdebug: [0mc_header: parsed function pixman_image_get_component_alpha with 1 params (varargs=0) at line 1304
[1;36mdebug: [0mc_header: w_name=pixman_image_set_accessors
[1;36mdebug: [0mc_header: parsed function pixman_image_set_accessors with 3 params (varargs=0) at line 1309
[1;36mdebug: [0mc_header: w_name=pixman_image_set_indexed
[1;36mdebug: [0mc_header: parsed function pixman_image_set_indexed with 2 params (varargs=0) at line 1313
[1;36mdebug: [0mc_header: w_name=pixman_image_get_data
[1;36mdebug: [0mc_header: parsed function pixman_image_get_data with 1 params (varargs=0) at line 1316
[1;36mdebug: [0mc_header: w_name=pixman_image_get_width
[1;36mdebug: [0mc_header: parsed function pixman_image_get_width with 1 params (varargs=0) at line 1319
[1;36mdebug: [0mc_header: w_name=pixman_image_get_height
[1;36mdebug: [0mc_header: parsed function pixman_image_get_height with 1 params (varargs=0) at line 1322
[1;36mdebug: [0mc_header: w_name=pixman_image_get_stride
[1;36mdebug: [0mc_header: parsed function pixman_image_get_stride with 1 params (varargs=0) at line 1325
[1;36mdebug: [0mc_header: w_name=pixman_image_get_depth
[1;36mdebug: [0mc_header: parsed function pixman_image_get_depth with 1 params (varargs=0) at line 1328
[1;36mdebug: [0mc_header: w_name=pixman_image_get_format
[1;36mdebug: [0mc_header: parsed function pixman_image_get_format with 1 params (varargs=0) at line 1331
[1;36mdebug: [0mc_header: LOOP START token=1
[1;36mdebug: [0mc_header: LOOP START token=1
[1;36mdebug: [0mc_header: LOOP START token=1
[1;36mdebug: [0mc_header: LOOP START token=1
[1;36mdebug: [0mc_header: LOOP START token=1
[1;36mdebug: [0mc_header: LOOP START token=1
[1;36mdebug: [0mc_header: LOOP START token=1
[1;36mdebug: [0mc_header: LOOP START token=1
[1;36mdebug: [0mc_header: w_name=pixman_filter_create_separable_convolution
[1;36mdebug: [0mc_header: parsed function pixman_filter_create_separable_convolution with 9 params (varargs=0) at line 1358
[1;36mdebug: [0mc_header: w_name=pixman_image_fill_rectangles
[1;36mdebug: [0mc_header: parsed function pixman_image_fill_rectangles with 5 params (varargs=0) at line 1366
[1;36mdebug: [0mc_header: w_name=pixman_image_fill_boxes
[1;36mdebug: [0mc_header: parsed function pixman_image_fill_boxes with 5 params (varargs=0) at line 1373
[1;36mdebug: [0mc_header: w_name=pixman_compute_composite_region
[1;36mdebug: [0mc_header: parsed function pixman_compute_composite_region with 12 params (varargs=0) at line 1388
[1;36mdebug: [0mc_header: w_name=pixman_image_composite
[1;36mdebug: [0mc_header: parsed function pixman_image_composite with 12 params (varargs=0) at line 1402
[1;36mdebug: [0mc_header: w_name=pixman_image_composite32
[1;36mdebug: [0mc_header: parsed function pixman_image_composite32 with 12 params (varargs=0) at line 1416
[1;36mdebug: [0mc_header: w_name=pixman_image_composite64f
[1;36mdebug: [0mc_header: parsed function pixman_image_composite64f with 12 params (varargs=0) at line 1430
[1;36mdebug: [0mc_header: w_name=pixman_disable_out_of_bounds_workaround
[1;36mdebug: [0mc_header: parsed function pixman_disable_out_of_bounds_workaround with 0 params (varargs=0) at line 1433
[1;36mdebug: [0mc_header: LOOP START token=72
[1;36mdebug: [0mc_header: LOOP START token=1
[1;36mdebug: [0mc_header: LOOP START token=59
[1;36mdebug: [0mc_header: w_name=pixman_glyph_cache_create
[1;36mdebug: [0mc_header: parsed function pixman_glyph_cache_create with 0 params (varargs=0) at line 1446
[1;36mdebug: [0mc_header: w_name=pixman_glyph_cache_destroy
[1;36mdebug: [0mc_header: parsed function pixman_glyph_cache_destroy with 1 params (varargs=0) at line 1449
[1;36mdebug: [0mc_header: w_name=pixman_glyph_cache_freeze
[1;36mdebug: [0mc_header: parsed function pixman_glyph_cache_freeze with 1 params (varargs=0) at line 1452
[1;36mdebug: [0mc_header: w_name=pixman_glyph_cache_thaw
[1;36mdebug: [0mc_header: parsed function pixman_glyph_cache_thaw with 1 params (varargs=0) at line 1455
[1;36mdebug: [0mc_header: w_name=pixman_glyph_cache_lookup
[1;36mdebug: [0mc_header: parsed function pixman_glyph_cache_lookup with 3 params (varargs=0) at line 1460
[1;36mdebug: [0mc_header: w_name=pixman_glyph_cache_insert
[1;36mdebug: [0mc_header: parsed function pixman_glyph_cache_insert with 6 params (varargs=0) at line 1468
[1;36mdebug: [0mc_header: w_name=pixman_glyph_cache_remove
[1;36mdebug: [0mc_header: parsed function pixman_glyph_cache_remove with 3 params (varargs=0) at line 1473
[1;36mdebug: [0mc_header: w_name=pixman_glyph_get_extents
[1;36mdebug: [0mc_header: parsed function pixman_glyph_get_extents with 4 params (varargs=0) at line 1479
[1;36mdebug: [0mc_header: w_name=pixman_glyph_get_mask_format
[1;36mdebug: [0mc_header: parsed function pixman_glyph_get_mask_format with 3 params (varargs=0) at line 1484
[1;36mdebug: [0mc_header: w_name=pixman_composite_glyphs
[1;36mdebug: [0mc_header: parsed function pixman_composite_glyphs with 15 params (varargs=0) at line 1501
[1;36mdebug: [0mc_header: w_name=pixman_composite_glyphs_no_mask
[1;36mdebug: [0mc_header: parsed function pixman_composite_glyphs_no_mask with 10 params (varargs=0) at line 1513
[1;36mdebug: [0mc_header: LOOP START token=1 line=1531 text='pixman_fixed_t'
[1;36mdebug: [0mc_header: LOOP START token=1 line=1532 text='pixman_fixed_t'
[1;36mdebug: [0mc_header: LOOP START token=1 line=1533 text='pixman_fixed_t'
[1;36mdebug: [0mc_header: LOOP START token=1 line=1534 text='pixman_fixed_t'
[1;36mdebug: [0mc_header: LOOP START token=1 line=1535 text='pixman_fixed_t'
[1;36mdebug: [0mc_header: LOOP START token=1 line=1536 text='pixman_fixed_t'
[1;36mdebug: [0mc_header: LOOP START token=1 line=1538 text='pixman_fixed_t'
[1;36mdebug: [0mc_header: LOOP START token=1 line=1539 text='pixman_fixed_t'
[1;36mdebug: [0mc_header: LOOP START token=1 line=1540 text='pixman_fixed_t'
[1;36mdebug: [0mc_header: LOOP START token=1 line=1541 text='pixman_fixed_t'
[1;36mdebug: [0mc_header: LOOP START token=1 line=1546 text='pixman_fixed_t'
[1;36mdebug: [0mc_header: LOOP START token=1 line=1547 text='pixman_line_fixed_t'
[1;36mdebug: [0mc_header: LOOP START token=1 line=1552 text='pixman_point_fixed_t'
[1;36mdebug: [0mc_header: LOOP START token=1 line=1563 text='pixman_fixed_t'
[1;36mdebug: [0mc_header: LOOP START token=1 line=1568 text='pixman_span_fix_t'
[1;36mdebug: [0mc_header: w_name=pixman_sample_ceil_y
[1;36mdebug: [0mc_header: parsed function pixman_sample_ceil_y with 2 params (varargs=0) at line 1573
[1;36mdebug: [0mc_header: w_name=pixman_sample_floor_y
[1;36mdebug: [0mc_header: parsed function pixman_sample_floor_y with 2 params (varargs=0) at line 1577
[1;36mdebug: [0mc_header: w_name=pixman_edge_step
[1;36mdebug: [0mc_header: parsed function pixman_edge_step with 2 params (varargs=0) at line 1581
[1;36mdebug: [0mc_header: w_name=pixman_edge_init
[1;36mdebug: [0mc_header: parsed function pixman_edge_init with 7 params (varargs=0) at line 1590
[1;36mdebug: [0mc_header: w_name=pixman_line_fixed_edge_init
[1;36mdebug: [0mc_header: parsed function pixman_line_fixed_edge_init with 6 params (varargs=0) at line 1598
[1;36mdebug: [0mc_header: w_name=pixman_rasterize_edges
[1;36mdebug: [0mc_header: parsed function pixman_rasterize_edges with 5 params (varargs=0) at line 1605
[1;36mdebug: [0mc_header: w_name=pixman_add_traps
[1;36mdebug: [0mc_header: parsed function pixman_add_traps with 5 params (varargs=0) at line 1612
[1;36mdebug: [0mc_header: w_name=pixman_add_trapezoids
[1;36mdebug: [0mc_header: parsed function pixman_add_trapezoids with 5 params (varargs=0) at line 1619
[1;36mdebug: [0mc_header: w_name=pixman_rasterize_trapezoid
[1;36mdebug: [0mc_header: parsed function pixman_rasterize_trapezoid with 4 params (varargs=0) at line 1625
[1;36mdebug: [0mc_header: w_name=pixman_composite_trapezoids
[1;36mdebug: [0mc_header: parsed function pixman_composite_trapezoids with 10 params (varargs=0) at line 1637
[1;36mdebug: [0mc_header: w_name=pixman_composite_triangles
[1;36mdebug: [0mc_header: parsed function pixman_composite_triangles with 10 params (varargs=0) at line 1649
[1;36mdebug: [0mc_header: w_name=pixman_add_triangles
[1;36mdebug: [0mc_header: parsed function pixman_add_triangles with 5 params (varargs=0) at line 1656
[1;36mdebug: [0mc_header: LOOP START token=72 line=1705 text='int'
[1;36mdebug: [0mc_header: LOOP START token=72 line=1706 text='int'
[1;36mdebug: [0mc_header: LOOP START token=72 line=1707 text='int'
[1;36mdebug: [0mc_header: LOOP START token=72 line=1708 text='int'
[1;36mdebug: [0mc_header: LOOP START token=72 line=1709 text='int'
[1;36mdebug: [0mc_header: LOOP START token=72 line=1710 text='int'
[1;36mdebug: [0mc_header: LOOP START token=72 line=1711 text='int'
[1;36mdebug: [0mc_header: LOOP START token=72 line=1712 text='int'
[1;36mdebug: [0mc_header: LOOP START token=72 line=1713 text='int'
[1;36mdebug: [0mc_header: LOOP START token=73 line=1716 text='long'
[1;36mdebug: [0mc_header: LOOP START token=59 line=1717 text='const'
[1;36mdebug: [0mc_header: LOOP START token=1 line=1746 text='__time_t'
[1;36mdebug: [0mc_header: LOOP START token=1 line=1751 text='__syscall_slong_t'
[1;36mdebug: [0mc_header: LOOP START token=81 line=1786 text='struct'
[1;36mdebug: [0mc_header: LOOP START token=81 line=1787 text='struct'
[1;36mdebug: [0mc_header: LOOP START token=81 line=1808 text='struct'
[1;36mdebug: [0mc_header: LOOP START token=59 line=1811 text='const'
[1;36mdebug: [0mc_header: LOOP START token=59 line=1812 text='const'
[1;36mdebug: [0mc_header: LOOP START token=59 line=1813 text='const'
[1;36mdebug: [0mc_header: LOOP START token=59 line=1816 text='const'
[1;36mdebug: [0mc_header: w_name=clock
[1;36mdebug: [0mc_header: parsed function clock with 0 params (varargs=0) at line 1829
[1;36mdebug: [0mc_header: w_name=time
[1;36mdebug: [0mc_header: parsed function time with 1 params (varargs=0) at line 1833
[1;36mdebug: [0mc_header: w_name=difftime
[1;36mdebug: [0mc_header: parsed function difftime with 2 params (varargs=0) at line 1836
[1;36mdebug: [0mc_header: w_name=mktime
[1;36mdebug: [0mc_header: parsed function mktime with 1 params (varargs=0) at line 1839
[1;36mdebug: [0mc_header: w_name=strftime
[1;36mdebug: [0mc_header: parsed function strftime with 4 params (varargs=0) at line 1844
[1;36mdebug: [0mc_header: w_name=strftime_l
[1;36mdebug: [0mc_header: parsed function strftime_l with 5 params (varargs=0) at line 1849
[1;36mdebug: [0mc_header: w_name=gmtime
[1;36mdebug: [0mc_header: parsed function gmtime with 1 params (varargs=0) at line 1851
[1;36mdebug: [0mc_header: w_name=localtime
[1;36mdebug: [0mc_header: parsed function localtime with 1 params (varargs=0) at line 1855
[1;36mdebug: [0mc_header: w_name=gmtime_r
[1;36mdebug: [0mc_header: parsed function gmtime_r with 2 params (varargs=0) at line 1858
[1;36mdebug: [0mc_header: w_name=localtime_r
[1;36mdebug: [0mc_header: parsed function localtime_r with 2 params (varargs=0) at line 1863
[1;36mdebug: [0mc_header: w_name=asctime
[1;36mdebug: [0mc_header: parsed function asctime with 1 params (varargs=0) at line 1865
[1;36mdebug: [0mc_header: w_name=ctime
[1;36mdebug: [0mc_header: parsed function ctime with 1 params (varargs=0) at line 1869
[1;36mdebug: [0mc_header: w_name=asctime_r
[1;36mdebug: [0mc_header: parsed function asctime_r with 2 params (varargs=0) at line 1872
[1;36mdebug: [0mc_header: w_name=ctime_r
[1;36mdebug: [0mc_header: parsed function ctime_r with 2 params (varargs=0) at line 1877
[1;36mdebug: [0mc_header: w_name=tzset
[1;36mdebug: [0mc_header: parsed function tzset with 0 params (varargs=0) at line 1890
[1;36mdebug: [0mc_header: w_name=timegm
[1;36mdebug: [0mc_header: parsed function timegm with 1 params (varargs=0) at line 1897
[1;36mdebug: [0mc_header: w_name=timelocal
[1;36mdebug: [0mc_header: parsed function timelocal with 1 params (varargs=0) at line 1899
[1;36mdebug: [0mc_header: w_name=dysize
[1;36mdebug: [0mc_header: parsed function dysize with 1 params (varargs=0) at line 1907
[1;36mdebug: [0mc_header: w_name=nanosleep
[1;36mdebug: [0mc_header: parsed function nanosleep with 2 params (varargs=0) at line 1910
[1;36mdebug: [0mc_header: w_name=clock_getres
[1;36mdebug: [0mc_header: parsed function clock_getres with 2 params (varargs=0) at line 1913
[1;36mdebug: [0mc_header: w_name=clock_gettime
[1;36mdebug: [0mc_header: parsed function clock_gettime with 2 params (varargs=0) at line 1917
[1;36mdebug: [0mc_header: w_name=clock_settime
[1;36mdebug: [0mc_header: parsed function clock_settime with 2 params (varargs=0) at line 1921
[1;36mdebug: [0mc_header: w_name=clock_nanosleep
[1;36mdebug: [0mc_header: parsed function clock_nanosleep with 4 params (varargs=0) at line 1925
[1;36mdebug: [0mc_header: w_name=clock_getcpuclockid
[1;36mdebug: [0mc_header: parsed function clock_getcpuclockid with 2 params (varargs=0) at line 1927
[1;36mdebug: [0mc_header: w_name=timer_create
[1;36mdebug: [0mc_header: parsed function timer_create with 3 params (varargs=0) at line 1934
[1;36mdebug: [0mc_header: w_name=timer_delete
[1;36mdebug: [0mc_header: parsed function timer_delete with 0 params (varargs=0) at line 1937
[1;36mdebug: [0mc_header: w_name=timer_settime
[1;36mdebug: [0mc_header: parsed function timer_settime with 4 params (varargs=0) at line 1943
[1;36mdebug: [0mc_header: w_name=timer_gettime
[1;36mdebug: [0mc_header: parsed function timer_gettime with 2 params (varargs=0) at line 1947
[1;36mdebug: [0mc_header: w_name=timer_getoverrun
[1;36mdebug: [0mc_header: parsed function timer_getoverrun with 0 params (varargs=0) at line 1949
[1;36mdebug: [0mc_header: w_name=timespec_get
[1;36mdebug: [0mc_header: parsed function timespec_get with 2 params (varargs=0) at line 1957
[1;36mdebug: [0mc_header: w_name=timespec_getres
[1;36mdebug: [0mc_header: parsed function timespec_getres with 2 params (varargs=0) at line 1960
[1;36mdebug: [0mc_header: w_name=__bswap_16
[1;36mdebug: [0mc_header: parsed function __bswap_16 with 1 params (varargs=0) at line 2067
[1;36mdebug: [0mc_header: w_name=__bswap_32
[1;36mdebug: [0mc_header: parsed function __bswap_32 with 1 params (varargs=0) at line 2082
[1;36mdebug: [0mc_header: w_name=__bswap_64
[1;36mdebug: [0mc_header: parsed function __bswap_64 with 1 params (varargs=0) at line 2092
[1;36mdebug: [0mc_header: w_name=__uint16_identity
[1;36mdebug: [0mc_header: parsed function __uint16_identity with 1 params (varargs=0) at line 2104
[1;36mdebug: [0mc_header: w_name=__uint32_identity
[1;36mdebug: [0mc_header: parsed function __uint32_identity with 1 params (varargs=0) at line 2110
[1;36mdebug: [0mc_header: w_name=__uint64_identity
[1;36mdebug: [0mc_header: parsed function __uint64_identity with 1 params (varargs=0) at line 2116
[1;36mdebug: [0mc_header: LOOP START token=85
[1;36mdebug: [0mc_header: LOOP START token=1 line=2164 text='__time_t'
[1;36mdebug: [0mc_header: LOOP START token=1 line=2165 text='__suseconds_t'
[1;36mdebug: [0mc_header: LOOP START token=1
[1;36mdebug: [0mc_header: w_name=select
[1;36mdebug: [0mc_header: parsed function select with 5 params (varargs=0) at line 2207
[1;36mdebug: [0mc_header: w_name=pselect
[1;36mdebug: [0mc_header: parsed function pselect with 6 params (varargs=0) at line 2213
[1;36mdebug: [0mc_header: LOOP START token=97
[1;36mdebug: [0mc_header: LOOP START token=81
[1;36mdebug: [0mc_header: LOOP START token=85
[1;36mdebug: [0mc_header: LOOP START token=85
[1;36mdebug: [0mc_header: LOOP START token=81
[1;36mdebug: [0mc_header: LOOP START token=81
[1;36mdebug: [0mc_header: LOOP START token=81
[1;36mdebug: [0mc_header: LOOP START token=72 line=2280 text='int'
[1;36mdebug: [0mc_header: LOOP START token=85 line=2281 text='unsigned'
[1;36mdebug: [0mc_header: LOOP START token=72 line=2282 text='int'
[1;36mdebug: [0mc_header: LOOP START token=85 line=2284 text='unsigned'
[1;36mdebug: [0mc_header: LOOP START token=72 line=2288 text='int'
[1;36mdebug: [0mc_header: LOOP START token=77 line=2290 text='short'
[1;36mdebug: [0mc_header: LOOP START token=77 line=2291 text='short'
[1;36mdebug: [0mc_header: LOOP START token=1 line=2292 text='__pthread_list_t'
[1;36mdebug: [0mc_header: LOOP START token=85 line=2301 text='unsigned'
[1;36mdebug: [0mc_header: LOOP START token=85 line=2302 text='unsigned'
[1;36mdebug: [0mc_header: LOOP START token=85 line=2303 text='unsigned'
[1;36mdebug: [0mc_header: LOOP START token=85 line=2304 text='unsigned'
[1;36mdebug: [0mc_header: LOOP START token=85 line=2305 text='unsigned'
[1;36mdebug: [0mc_header: LOOP START token=85 line=2306 text='unsigned'
[1;36mdebug: [0mc_header: LOOP START token=72 line=2308 text='int'
[1;36mdebug: [0mc_header: LOOP START token=72 line=2309 text='int'
[1;36mdebug: [0mc_header: LOOP START token=85 line=2310 text='unsigned'
[1;36mdebug: [0mc_header: LOOP START token=85 line=2311 text='unsigned'
[1;36mdebug: [0mc_header: LOOP START token=85 line=2314 text='unsigned'
[1;36mdebug: [0mc_header: LOOP START token=1 line=2324 text='__atomic_wide_counter'
[1;36mdebug: [0mc_header: LOOP START token=1 line=2325 text='__atomic_wide_counter'
[1;36mdebug: [0mc_header: LOOP START token=85 line=2326 text='unsigned'
[1;36mdebug: [0mc_header: LOOP START token=85 line=2327 text='unsigned'
[1;36mdebug: [0mc_header: LOOP START token=85 line=2328 text='unsigned'
[1;36mdebug: [0mc_header: LOOP START token=85 line=2329 text='unsigned'
[1;36mdebug: [0mc_header: LOOP START token=85 line=2330 text='unsigned'
[1;36mdebug: [0mc_header: LOOP START token=85 line=2331 text='unsigned'
[1;36mdebug: [0mc_header: LOOP START token=72
[1;36mdebug: [0mc_header: LOOP START token=58
[1;36mdebug: [0mc_header: LOOP START token=72
[1;36mdebug: [0mc_header: LOOP START token=58
[1;36mdebug: [0mc_header: LOOP START token=72
[1;36mdebug: [0mc_header: LOOP START token=58 line=2376 text='char'
[1;36mdebug: [0mc_header: LOOP START token=73 line=2377 text='long'
[1;36mdebug: [0mc_header: LOOP START token=81
[1;36mdebug: [0mc_header: LOOP START token=58
[1;36mdebug: [0mc_header: LOOP START token=73
[1;36mdebug: [0mc_header: LOOP START token=81
[1;36mdebug: [0mc_header: LOOP START token=58
[1;36mdebug: [0mc_header: LOOP START token=97
[1;36mdebug: [0mc_header: LOOP START token=81
[1;36mdebug: [0mc_header: LOOP START token=58
[1;36mdebug: [0mc_header: LOOP START token=73
[1;36mdebug: [0mc_header: LOOP START token=58
[1;36mdebug: [0mc_header: LOOP START token=73
[1;36mdebug: [0mc_header: LOOP START token=58
[1;36mdebug: [0mc_header: LOOP START token=73
[1;36mdebug: [0mc_header: LOOP START token=58
[1;36mdebug: [0mc_header: LOOP START token=72
[1;36mdebug: [0mc_header: LOOP START token=1
[1;36mdebug: [0mc_header: LOOP START token=1
[1;36mdebug: [0mc_header: LOOP START token=1
[1;36mdebug: [0mc_header: LOOP START token=1
[1;36mdebug: [0mc_header: LOOP START token=1
[1;36mdebug: [0mc_header: w_name=__fpclassify
[1;36mdebug: [0mc_header: parsed function __fpclassify with 1 params (varargs=0) at line 2518
[1;36mdebug: [0mc_header: w_name=__signbit
[1;36mdebug: [0mc_header: parsed function __signbit with 1 params (varargs=0) at line 2522
[1;36mdebug: [0mc_header: w_name=__isinf
[1;36mdebug: [0mc_header: parsed function __isinf with 1 params (varargs=0) at line 2527
[1;36mdebug: [0mc_header: w_name=__finite
[1;36mdebug: [0mc_header: parsed function __finite with 1 params (varargs=0) at line 2531
[1;36mdebug: [0mc_header: w_name=__isnan
[1;36mdebug: [0mc_header: parsed function __isnan with 1 params (varargs=0) at line 2535
[1;36mdebug: [0mc_header: w_name=__iseqsig
[1;36mdebug: [0mc_header: parsed function __iseqsig with 2 params (varargs=0) at line 2539
[1;36mdebug: [0mc_header: w_name=__issignaling
[1;36mdebug: [0mc_header: parsed function __issignaling with 1 params (varargs=0) at line 2542
[1;36mdebug: [0mc_header: w_name=acos
[1;36mdebug: [0mc_header: parsed function acos with 1 params (varargs=0) at line 2547
[1;36mdebug: [0mc_header: w_name=__acos
[1;36mdebug: [0mc_header: parsed function __acos with 1 params (varargs=0) at line 2547
[1;36mdebug: [0mc_header: w_name=asin
[1;36mdebug: [0mc_header: parsed function asin with 1 params (varargs=0) at line 2549
[1;36mdebug: [0mc_header: w_name=__asin
[1;36mdebug: [0mc_header: parsed function __asin with 1 params (varargs=0) at line 2549
[1;36mdebug: [0mc_header: w_name=atan
[1;36mdebug: [0mc_header: parsed function atan with 1 params (varargs=0) at line 2551
[1;36mdebug: [0mc_header: w_name=__atan
[1;36mdebug: [0mc_header: parsed function __atan with 1 params (varargs=0) at line 2551
[1;36mdebug: [0mc_header: w_name=atan2
[1;36mdebug: [0mc_header: parsed function atan2 with 2 params (varargs=0) at line 2553
[1;36mdebug: [0mc_header: w_name=__atan2
[1;36mdebug: [0mc_header: parsed function __atan2 with 2 params (varargs=0) at line 2553
[1;36mdebug: [0mc_header: w_name=cos
[1;36mdebug: [0mc_header: parsed function cos with 1 params (varargs=0) at line 2556
[1;36mdebug: [0mc_header: w_name=__cos
[1;36mdebug: [0mc_header: parsed function __cos with 1 params (varargs=0) at line 2556
[1;36mdebug: [0mc_header: w_name=sin
[1;36mdebug: [0mc_header: parsed function sin with 1 params (varargs=0) at line 2558
[1;36mdebug: [0mc_header: w_name=__sin
[1;36mdebug: [0mc_header: parsed function __sin with 1 params (varargs=0) at line 2558
[1;36mdebug: [0mc_header: w_name=tan
[1;36mdebug: [0mc_header: parsed function tan with 1 params (varargs=0) at line 2560
[1;36mdebug: [0mc_header: w_name=__tan
[1;36mdebug: [0mc_header: parsed function __tan with 1 params (varargs=0) at line 2560
[1;36mdebug: [0mc_header: w_name=acospi
[1;36mdebug: [0mc_header: parsed function acospi with 1 params (varargs=0) at line 2564
[1;36mdebug: [0mc_header: w_name=__acospi
[1;36mdebug: [0mc_header: parsed function __acospi with 1 params (varargs=0) at line 2564
[1;36mdebug: [0mc_header: w_name=acospi
[1;36mdebug: [0mc_header: parsed function acospi with 1 params (varargs=0) at line 2565
[1;36mdebug: [0mc_header: w_name=__acospi
[1;36mdebug: [0mc_header: parsed function __acospi with 1 params (varargs=0) at line 2565
[1;36mdebug: [0mc_header: w_name=asinpi
[1;36mdebug: [0mc_header: parsed function asinpi with 1 params (varargs=0) at line 2567
[1;36mdebug: [0mc_header: w_name=__asinpi
[1;36mdebug: [0mc_header: parsed function __asinpi with 1 params (varargs=0) at line 2567
[1;36mdebug: [0mc_header: w_name=asinpi
[1;36mdebug: [0mc_header: parsed function asinpi with 1 params (varargs=0) at line 2568
[1;36mdebug: [0mc_header: w_name=__asinpi
[1;36mdebug: [0mc_header: parsed function __asinpi with 1 params (varargs=0) at line 2568
[1;36mdebug: [0mc_header: w_name=atanpi
[1;36mdebug: [0mc_header: parsed function atanpi with 1 params (varargs=0) at line 2570
[1;36mdebug: [0mc_header: w_name=__atanpi
[1;36mdebug: [0mc_header: parsed function __atanpi with 1 params (varargs=0) at line 2570
[1;36mdebug: [0mc_header: w_name=atanpi
[1;36mdebug: [0mc_header: parsed function atanpi with 1 params (varargs=0) at line 2571
[1;36mdebug: [0mc_header: w_name=__atanpi
[1;36mdebug: [0mc_header: parsed function __atanpi with 1 params (varargs=0) at line 2571
[1;36mdebug: [0mc_header: w_name=atan2pi
[1;36mdebug: [0mc_header: parsed function atan2pi with 2 params (varargs=0) at line 2573
[1;36mdebug: [0mc_header: w_name=__atan2pi
[1;36mdebug: [0mc_header: parsed function __atan2pi with 2 params (varargs=0) at line 2573
[1;36mdebug: [0mc_header: w_name=atan2pi
[1;36mdebug: [0mc_header: parsed function atan2pi with 2 params (varargs=0) at line 2574
[1;36mdebug: [0mc_header: w_name=__atan2pi
[1;36mdebug: [0mc_header: parsed function __atan2pi with 2 params (varargs=0) at line 2574
[1;36mdebug: [0mc_header: w_name=cospi
[1;36mdebug: [0mc_header: parsed function cospi with 1 params (varargs=0) at line 2577
[1;36mdebug: [0mc_header: w_name=__cospi
[1;36mdebug: [0mc_header: parsed function __cospi with 1 params (varargs=0) at line 2577
[1;36mdebug: [0mc_header: w_name=sinpi
[1;36mdebug: [0mc_header: parsed function sinpi with 1 params (varargs=0) at line 2579
[1;36mdebug: [0mc_header: w_name=__sinpi
[1;36mdebug: [0mc_header: parsed function __sinpi with 1 params (varargs=0) at line 2579
[1;36mdebug: [0mc_header: w_name=tanpi
[1;36mdebug: [0mc_header: parsed function tanpi with 1 params (varargs=0) at line 2581
[1;36mdebug: [0mc_header: w_name=__tanpi
[1;36mdebug: [0mc_header: parsed function __tanpi with 1 params (varargs=0) at line 2581
[1;36mdebug: [0mc_header: w_name=cosh
[1;36mdebug: [0mc_header: parsed function cosh with 1 params (varargs=0) at line 2587
[1;36mdebug: [0mc_header: w_name=__cosh
[1;36mdebug: [0mc_header: parsed function __cosh with 1 params (varargs=0) at line 2587
[1;36mdebug: [0mc_header: w_name=sinh
[1;36mdebug: [0mc_header: parsed function sinh with 1 params (varargs=0) at line 2589
[1;36mdebug: [0mc_header: w_name=__sinh
[1;36mdebug: [0mc_header: parsed function __sinh with 1 params (varargs=0) at line 2589
[1;36mdebug: [0mc_header: w_name=tanh
[1;36mdebug: [0mc_header: parsed function tanh with 1 params (varargs=0) at line 2591
[1;36mdebug: [0mc_header: w_name=__tanh
[1;36mdebug: [0mc_header: parsed function __tanh with 1 params (varargs=0) at line 2591
[1;36mdebug: [0mc_header: w_name=acosh
[1;36mdebug: [0mc_header: parsed function acosh with 1 params (varargs=0) at line 2593
[1;36mdebug: [0mc_header: w_name=__acosh
[1;36mdebug: [0mc_header: parsed function __acosh with 1 params (varargs=0) at line 2593
[1;36mdebug: [0mc_header: w_name=asinh
[1;36mdebug: [0mc_header: parsed function asinh with 1 params (varargs=0) at line 2595
[1;36mdebug: [0mc_header: w_name=__asinh
[1;36mdebug: [0mc_header: parsed function __asinh with 1 params (varargs=0) at line 2595
[1;36mdebug: [0mc_header: w_name=atanh
[1;36mdebug: [0mc_header: parsed function atanh with 1 params (varargs=0) at line 2597
[1;36mdebug: [0mc_header: w_name=__atanh
[1;36mdebug: [0mc_header: parsed function __atanh with 1 params (varargs=0) at line 2597
[1;36mdebug: [0mc_header: w_name=exp
[1;36mdebug: [0mc_header: parsed function exp with 1 params (varargs=0) at line 2603
[1;36mdebug: [0mc_header: w_name=__exp
[1;36mdebug: [0mc_header: parsed function __exp with 1 params (varargs=0) at line 2603
[1;36mdebug: [0mc_header: w_name=frexp
[1;36mdebug: [0mc_header: parsed function frexp with 2 params (varargs=0) at line 2606
[1;36mdebug: [0mc_header: w_name=__frexp
[1;36mdebug: [0mc_header: parsed function __frexp with 2 params (varargs=0) at line 2606
[1;36mdebug: [0mc_header: w_name=ldexp
[1;36mdebug: [0mc_header: parsed function ldexp with 2 params (varargs=0) at line 2609
[1;36mdebug: [0mc_header: w_name=__ldexp
[1;36mdebug: [0mc_header: parsed function __ldexp with 2 params (varargs=0) at line 2609
[1;36mdebug: [0mc_header: w_name=log
[1;36mdebug: [0mc_header: parsed function log with 1 params (varargs=0) at line 2612
[1;36mdebug: [0mc_header: w_name=__log
[1;36mdebug: [0mc_header: parsed function __log with 1 params (varargs=0) at line 2612
[1;36mdebug: [0mc_header: w_name=log10
[1;36mdebug: [0mc_header: parsed function log10 with 1 params (varargs=0) at line 2615
[1;36mdebug: [0mc_header: w_name=__log10
[1;36mdebug: [0mc_header: parsed function __log10 with 1 params (varargs=0) at line 2615
[1;36mdebug: [0mc_header: w_name=modf
[1;36mdebug: [0mc_header: parsed function modf with 2 params (varargs=0) at line 2618
[1;36mdebug: [0mc_header: w_name=__modf
[1;36mdebug: [0mc_header: parsed function __modf with 2 params (varargs=0) at line 2618
[1;36mdebug: [0mc_header: w_name=exp10
[1;36mdebug: [0mc_header: parsed function exp10 with 1 params (varargs=0) at line 2622
[1;36mdebug: [0mc_header: w_name=__exp10
[1;36mdebug: [0mc_header: parsed function __exp10 with 1 params (varargs=0) at line 2622
[1;36mdebug: [0mc_header: w_name=exp2m1
[1;36mdebug: [0mc_header: parsed function exp2m1 with 1 params (varargs=0) at line 2625
[1;36mdebug: [0mc_header: w_name=__exp2m1
[1;36mdebug: [0mc_header: parsed function __exp2m1 with 1 params (varargs=0) at line 2625
[1;36mdebug: [0mc_header: w_name=exp10m1
[1;36mdebug: [0mc_header: parsed function exp10m1 with 1 params (varargs=0) at line 2628
[1;36mdebug: [0mc_header: w_name=__exp10m1
[1;36mdebug: [0mc_header: parsed function __exp10m1 with 1 params (varargs=0) at line 2628
[1;36mdebug: [0mc_header: w_name=log2p1
[1;36mdebug: [0mc_header: parsed function log2p1 with 1 params (varargs=0) at line 2631
[1;36mdebug: [0mc_header: w_name=__log2p1
[1;36mdebug: [0mc_header: parsed function __log2p1 with 1 params (varargs=0) at line 2631
[1;36mdebug: [0mc_header: w_name=log10p1
[1;36mdebug: [0mc_header: parsed function log10p1 with 1 params (varargs=0) at line 2634
[1;36mdebug: [0mc_header: w_name=__log10p1
[1;36mdebug: [0mc_header: parsed function __log10p1 with 1 params (varargs=0) at line 2634
[1;36mdebug: [0mc_header: w_name=logp1
[1;36mdebug: [0mc_header: parsed function logp1 with 1 params (varargs=0) at line 2637
[1;36mdebug: [0mc_header: w_name=__logp1
[1;36mdebug: [0mc_header: parsed function __logp1 with 1 params (varargs=0) at line 2637
[1;36mdebug: [0mc_header: w_name=expm1
[1;36mdebug: [0mc_header: parsed function expm1 with 1 params (varargs=0) at line 2642
[1;36mdebug: [0mc_header: w_name=__expm1
[1;36mdebug: [0mc_header: parsed function __expm1 with 1 params (varargs=0) at line 2642
[1;36mdebug: [0mc_header: w_name=log1p
[1;36mdebug: [0mc_header: parsed function log1p with 1 params (varargs=0) at line 2645
[1;36mdebug: [0mc_header: w_name=__log1p
[1;36mdebug: [0mc_header: parsed function __log1p with 1 params (varargs=0) at line 2645
[1;36mdebug: [0mc_header: w_name=logb
[1;36mdebug: [0mc_header: parsed function logb with 1 params (varargs=0) at line 2648
[1;36mdebug: [0mc_header: w_name=__logb
[1;36mdebug: [0mc_header: parsed function __logb with 1 params (varargs=0) at line 2648
[1;36mdebug: [0mc_header: w_name=exp2
[1;36mdebug: [0mc_header: parsed function exp2 with 1 params (varargs=0) at line 2653
[1;36mdebug: [0mc_header: w_name=__exp2
[1;36mdebug: [0mc_header: parsed function __exp2 with 1 params (varargs=0) at line 2653
[1;36mdebug: [0mc_header: w_name=log2
[1;36mdebug: [0mc_header: parsed function log2 with 1 params (varargs=0) at line 2656
[1;36mdebug: [0mc_header: w_name=__log2
[1;36mdebug: [0mc_header: parsed function __log2 with 1 params (varargs=0) at line 2656
[1;36mdebug: [0mc_header: w_name=pow
[1;36mdebug: [0mc_header: parsed function pow with 2 params (varargs=0) at line 2663
[1;36mdebug: [0mc_header: w_name=__pow
[1;36mdebug: [0mc_header: parsed function __pow with 2 params (varargs=0) at line 2663
[1;36mdebug: [0mc_header: w_name=sqrt
[1;36mdebug: [0mc_header: parsed function sqrt with 1 params (varargs=0) at line 2666
[1;36mdebug: [0mc_header: w_name=__sqrt
[1;36mdebug: [0mc_header: parsed function __sqrt with 1 params (varargs=0) at line 2666
[1;36mdebug: [0mc_header: w_name=hypot
[1;36mdebug: [0mc_header: parsed function hypot with 2 params (varargs=0) at line 2670
[1;36mdebug: [0mc_header: w_name=__hypot
[1;36mdebug: [0mc_header: parsed function __hypot with 2 params (varargs=0) at line 2670
[1;36mdebug: [0mc_header: w_name=cbrt
[1;36mdebug: [0mc_header: parsed function cbrt with 1 params (varargs=0) at line 2675
[1;36mdebug: [0mc_header: w_name=__cbrt
[1;36mdebug: [0mc_header: parsed function __cbrt with 1 params (varargs=0) at line 2675
[1;36mdebug: [0mc_header: w_name=compoundn
[1;36mdebug: [0mc_header: parsed function compoundn with 2 params (varargs=0) at line 2680
[1;36mdebug: [0mc_header: w_name=__compoundn
[1;36mdebug: [0mc_header: parsed function __compoundn with 2 params (varargs=0) at line 2680
[1;36mdebug: [0mc_header: w_name=pown
[1;36mdebug: [0mc_header: parsed function pown with 2 params (varargs=0) at line 2683
[1;36mdebug: [0mc_header: w_name=__pown
[1;36mdebug: [0mc_header: parsed function __pown with 2 params (varargs=0) at line 2683
[1;36mdebug: [0mc_header: w_name=powr
[1;36mdebug: [0mc_header: parsed function powr with 2 params (varargs=0) at line 2686
[1;36mdebug: [0mc_header: w_name=__powr
[1;36mdebug: [0mc_header: parsed function __powr with 2 params (varargs=0) at line 2686
[1;36mdebug: [0mc_header: w_name=powr
[1;36mdebug: [0mc_header: parsed function powr with 2 params (varargs=0) at line 2687
[1;36mdebug: [0mc_header: w_name=__powr
[1;36mdebug: [0mc_header: parsed function __powr with 2 params (varargs=0) at line 2687
[1;36mdebug: [0mc_header: w_name=rootn
[1;36mdebug: [0mc_header: parsed function rootn with 2 params (varargs=0) at line 2690
[1;36mdebug: [0mc_header: w_name=__rootn
[1;36mdebug: [0mc_header: parsed function __rootn with 2 params (varargs=0) at line 2690
[1;36mdebug: [0mc_header: w_name=rsqrt
[1;36mdebug: [0mc_header: parsed function rsqrt with 1 params (varargs=0) at line 2693
[1;36mdebug: [0mc_header: w_name=__rsqrt
[1;36mdebug: [0mc_header: parsed function __rsqrt with 1 params (varargs=0) at line 2693
[1;36mdebug: [0mc_header: w_name=ceil
[1;36mdebug: [0mc_header: parsed function ceil with 1 params (varargs=0) at line 2700
[1;36mdebug: [0mc_header: w_name=fabs
[1;36mdebug: [0mc_header: parsed function fabs with 1 params (varargs=0) at line 2703
[1;36mdebug: [0mc_header: w_name=floor
[1;36mdebug: [0mc_header: parsed function floor with 1 params (varargs=0) at line 2706
[1;36mdebug: [0mc_header: w_name=fmod
[1;36mdebug: [0mc_header: parsed function fmod with 2 params (varargs=0) at line 2709
[1;36mdebug: [0mc_header: w_name=__fmod
[1;36mdebug: [0mc_header: parsed function __fmod with 2 params (varargs=0) at line 2709
[1;36mdebug: [0mc_header: w_name=isinf
[1;36mdebug: [0mc_header: parsed function isinf with 1 params (varargs=0) at line 2711
[1;36mdebug: [0mc_header: w_name=finite
[1;36mdebug: [0mc_header: parsed function finite with 1 params (varargs=0) at line 2717
[1;36mdebug: [0mc_header: w_name=drem
[1;36mdebug: [0mc_header: parsed function drem with 2 params (varargs=0) at line 2721
[1;36mdebug: [0mc_header: w_name=__drem
[1;36mdebug: [0mc_header: parsed function __drem with 2 params (varargs=0) at line 2721
[1;36mdebug: [0mc_header: w_name=significand
[1;36mdebug: [0mc_header: parsed function significand with 1 params (varargs=0) at line 2725
[1;36mdebug: [0mc_header: w_name=__significand
[1;36mdebug: [0mc_header: parsed function __significand with 1 params (varargs=0) at line 2725
[1;36mdebug: [0mc_header: w_name=copysign
[1;36mdebug: [0mc_header: parsed function copysign with 2 params (varargs=0) at line 2732
[1;36mdebug: [0mc_header: w_name=nan
[1;36mdebug: [0mc_header: parsed function nan with 1 params (varargs=0) at line 2737
[1;36mdebug: [0mc_header: w_name=__nan
[1;36mdebug: [0mc_header: parsed function __nan with 1 params (varargs=0) at line 2737
[1;36mdebug: [0mc_header: w_name=isnan
[1;36mdebug: [0mc_header: parsed function isnan with 1 params (varargs=0) at line 2739
[1;36mdebug: [0mc_header: w_name=j0
[1;36mdebug: [0mc_header: parsed function j0 with 1 params (varargs=0) at line 2746
[1;36mdebug: [0mc_header: w_name=__j0
[1;36mdebug: [0mc_header: parsed function __j0 with 1 params (varargs=0) at line 2746
[1;36mdebug: [0mc_header: w_name=j1
[1;36mdebug: [0mc_header: parsed function j1 with 1 params (varargs=0) at line 2747
[1;36mdebug: [0mc_header: w_name=__j1
[1;36mdebug: [0mc_header: parsed function __j1 with 1 params (varargs=0) at line 2747
[1;36mdebug: [0mc_header: w_name=jn
[1;36mdebug: [0mc_header: parsed function jn with 2 params (varargs=0) at line 2748
[1;36mdebug: [0mc_header: w_name=__jn
[1;36mdebug: [0mc_header: parsed function __jn with 2 params (varargs=0) at line 2748
[1;36mdebug: [0mc_header: w_name=y0
[1;36mdebug: [0mc_header: parsed function y0 with 1 params (varargs=0) at line 2749
[1;36mdebug: [0mc_header: w_name=__y0
[1;36mdebug: [0mc_header: parsed function __y0 with 1 params (varargs=0) at line 2749
[1;36mdebug: [0mc_header: w_name=y1
[1;36mdebug: [0mc_header: parsed function y1 with 1 params (varargs=0) at line 2750
[1;36mdebug: [0mc_header: w_name=__y1
[1;36mdebug: [0mc_header: parsed function __y1 with 1 params (varargs=0) at line 2750
[1;36mdebug: [0mc_header: w_name=yn
[1;36mdebug: [0mc_header: parsed function yn with 2 params (varargs=0) at line 2751
[1;36mdebug: [0mc_header: w_name=__yn
[1;36mdebug: [0mc_header: parsed function __yn with 2 params (varargs=0) at line 2751
[1;36mdebug: [0mc_header: w_name=erf
[1;36mdebug: [0mc_header: parsed function erf with 1 params (varargs=0) at line 2757
[1;36mdebug: [0mc_header: w_name=__erf
[1;36mdebug: [0mc_header: parsed function __erf with 1 params (varargs=0) at line 2757
[1;36mdebug: [0mc_header: w_name=erfc
[1;36mdebug: [0mc_header: parsed function erfc with 1 params (varargs=0) at line 2758
[1;36mdebug: [0mc_header: w_name=__erfc
[1;36mdebug: [0mc_header: parsed function __erfc with 1 params (varargs=0) at line 2758
[1;36mdebug: [0mc_header: w_name=lgamma
[1;36mdebug: [0mc_header: parsed function lgamma with 1 params (varargs=0) at line 2759
[1;36mdebug: [0mc_header: w_name=__lgamma
[1;36mdebug: [0mc_header: parsed function __lgamma with 1 params (varargs=0) at line 2759
[1;36mdebug: [0mc_header: w_name=tgamma
[1;36mdebug: [0mc_header: parsed function tgamma with 1 params (varargs=0) at line 2764
[1;36mdebug: [0mc_header: w_name=__tgamma
[1;36mdebug: [0mc_header: parsed function __tgamma with 1 params (varargs=0) at line 2764
[1;36mdebug: [0mc_header: w_name=gamma
[1;36mdebug: [0mc_header: parsed function gamma with 1 params (varargs=0) at line 2770
[1;36mdebug: [0mc_header: w_name=__gamma
[1;36mdebug: [0mc_header: parsed function __gamma with 1 params (varargs=0) at line 2770
[1;36mdebug: [0mc_header: w_name=lgamma_r
[1;36mdebug: [0mc_header: parsed function lgamma_r with 2 params (varargs=0) at line 2778
[1;36mdebug: [0mc_header: w_name=__lgamma_r
[1;36mdebug: [0mc_header: parsed function __lgamma_r with 2 params (varargs=0) at line 2778
[1;36mdebug: [0mc_header: w_name=rint
[1;36mdebug: [0mc_header: parsed function rint with 1 params (varargs=0) at line 2785
[1;36mdebug: [0mc_header: w_name=__rint
[1;36mdebug: [0mc_header: parsed function __rint with 1 params (varargs=0) at line 2785
[1;36mdebug: [0mc_header: w_name=nextafter
[1;36mdebug: [0mc_header: parsed function nextafter with 2 params (varargs=0) at line 2788
[1;36mdebug: [0mc_header: w_name=__nextafter
[1;36mdebug: [0mc_header: parsed function __nextafter with 2 params (varargs=0) at line 2788
[1;36mdebug: [0mc_header: w_name=nexttoward
[1;36mdebug: [0mc_header: parsed function nexttoward with 2 params (varargs=0) at line 2790
[1;36mdebug: [0mc_header: w_name=__nexttoward
[1;36mdebug: [0mc_header: parsed function __nexttoward with 2 params (varargs=0) at line 2790
[1;36mdebug: [0mc_header: w_name=nextdown
[1;36mdebug: [0mc_header: parsed function nextdown with 1 params (varargs=0) at line 2795
[1;36mdebug: [0mc_header: w_name=__nextdown
[1;36mdebug: [0mc_header: parsed function __nextdown with 1 params (varargs=0) at line 2795
[1;36mdebug: [0mc_header: w_name=nextup
[1;36mdebug: [0mc_header: parsed function nextup with 1 params (varargs=0) at line 2797
[1;36mdebug: [0mc_header: w_name=__nextup
[1;36mdebug: [0mc_header: parsed function __nextup with 1 params (varargs=0) at line 2797
[1;36mdebug: [0mc_header: w_name=remainder
[1;36mdebug: [0mc_header: parsed function remainder with 2 params (varargs=0) at line 2801
[1;36mdebug: [0mc_header: w_name=__remainder
[1;36mdebug: [0mc_header: parsed function __remainder with 2 params (varargs=0) at line 2801
[1;36mdebug: [0mc_header: w_name=scalbn
[1;36mdebug: [0mc_header: parsed function scalbn with 2 params (varargs=0) at line 2805
[1;36mdebug: [0mc_header: w_name=__scalbn
[1;36mdebug: [0mc_header: parsed function __scalbn with 2 params (varargs=0) at line 2805
[1;36mdebug: [0mc_header: w_name=ilogb
[1;36mdebug: [0mc_header: parsed function ilogb with 1 params (varargs=0) at line 2809
[1;36mdebug: [0mc_header: w_name=__ilogb
[1;36mdebug: [0mc_header: parsed function __ilogb with 1 params (varargs=0) at line 2809
[1;36mdebug: [0mc_header: w_name=llogb
[1;36mdebug: [0mc_header: parsed function llogb with 1 params (varargs=0) at line 2814
[1;36mdebug: [0mc_header: w_name=__llogb
[1;36mdebug: [0mc_header: parsed function __llogb with 1 params (varargs=0) at line 2814
[1;36mdebug: [0mc_header: w_name=scalbln
[1;36mdebug: [0mc_header: parsed function scalbln with 2 params (varargs=0) at line 2819
[1;36mdebug: [0mc_header: w_name=__scalbln
[1;36mdebug: [0mc_header: parsed function __scalbln with 2 params (varargs=0) at line 2819
[1;36mdebug: [0mc_header: w_name=nearbyint
[1;36mdebug: [0mc_header: parsed function nearbyint with 1 params (varargs=0) at line 2823
[1;36mdebug: [0mc_header: w_name=__nearbyint
[1;36mdebug: [0mc_header: parsed function __nearbyint with 1 params (varargs=0) at line 2823
[1;36mdebug: [0mc_header: w_name=round
[1;36mdebug: [0mc_header: parsed function round with 1 params (varargs=0) at line 2827
[1;36mdebug: [0mc_header: w_name=trunc
[1;36mdebug: [0mc_header: parsed function trunc with 1 params (varargs=0) at line 2831
[1;36mdebug: [0mc_header: w_name=remquo
[1;36mdebug: [0mc_header: parsed function remquo with 3 params (varargs=0) at line 2836
[1;36mdebug: [0mc_header: w_name=__remquo
[1;36mdebug: [0mc_header: parsed function __remquo with 3 params (varargs=0) at line 2836
[1;36mdebug: [0mc_header: w_name=lrint
[1;36mdebug: [0mc_header: parsed function lrint with 1 params (varargs=0) at line 2843
[1;36mdebug: [0mc_header: w_name=__lrint
[1;36mdebug: [0mc_header: parsed function __lrint with 1 params (varargs=0) at line 2843
[1;36mdebug: [0mc_header: w_name=llrint
[1;36mdebug: [0mc_header: parsed function llrint with 1 params (varargs=0) at line 2845
[1;36mdebug: [0mc_header: w_name=__llrint
[1;36mdebug: [0mc_header: parsed function __llrint with 1 params (varargs=0) at line 2845
[1;36mdebug: [0mc_header: w_name=lround
[1;36mdebug: [0mc_header: parsed function lround with 1 params (varargs=0) at line 2849
[1;36mdebug: [0mc_header: w_name=__lround
[1;36mdebug: [0mc_header: parsed function __lround with 1 params (varargs=0) at line 2849
[1;36mdebug: [0mc_header: w_name=llround
[1;36mdebug: [0mc_header: parsed function llround with 1 params (varargs=0) at line 2851
[1;36mdebug: [0mc_header: w_name=__llround
[1;36mdebug: [0mc_header: parsed function __llround with 1 params (varargs=0) at line 2851
[1;36mdebug: [0mc_header: w_name=fdim
[1;36mdebug: [0mc_header: parsed function fdim with 2 params (varargs=0) at line 2855
[1;36mdebug: [0mc_header: w_name=__fdim
[1;36mdebug: [0mc_header: parsed function __fdim with 2 params (varargs=0) at line 2855
[1;36mdebug: [0mc_header: w_name=fmax
[1;36mdebug: [0mc_header: parsed function fmax with 2 params (varargs=0) at line 2859
[1;36mdebug: [0mc_header: w_name=fmin
[1;36mdebug: [0mc_header: parsed function fmin with 2 params (varargs=0) at line 2862
[1;36mdebug: [0mc_header: w_name=fma
[1;36mdebug: [0mc_header: parsed function fma with 3 params (varargs=0) at line 2866
[1;36mdebug: [0mc_header: w_name=__fma
[1;36mdebug: [0mc_header: parsed function __fma with 3 params (varargs=0) at line 2866
[1;36mdebug: [0mc_header: w_name=roundeven
[1;36mdebug: [0mc_header: parsed function roundeven with 1 params (varargs=0) at line 2871
[1;36mdebug: [0mc_header: w_name=fromfp
[1;36mdebug: [0mc_header: parsed function fromfp with 3 params (varargs=0) at line 2875
[1;36mdebug: [0mc_header: w_name=__fromfp
[1;36mdebug: [0mc_header: parsed function __fromfp with 3 params (varargs=0) at line 2875
[1;36mdebug: [0mc_header: w_name=ufromfp
[1;36mdebug: [0mc_header: parsed function ufromfp with 3 params (varargs=0) at line 2879
[1;36mdebug: [0mc_header: w_name=__ufromfp
[1;36mdebug: [0mc_header: parsed function __ufromfp with 3 params (varargs=0) at line 2879
[1;36mdebug: [0mc_header: w_name=fromfpx
[1;36mdebug: [0mc_header: parsed function fromfpx with 3 params (varargs=0) at line 2884
[1;36mdebug: [0mc_header: w_name=__fromfpx
[1;36mdebug: [0mc_header: parsed function __fromfpx with 3 params (varargs=0) at line 2884
[1;36mdebug: [0mc_header: w_name=ufromfpx
[1;36mdebug: [0mc_header: parsed function ufromfpx with 3 params (varargs=0) at line 2889
[1;36mdebug: [0mc_header: w_name=__ufromfpx
[1;36mdebug: [0mc_header: parsed function __ufromfpx with 3 params (varargs=0) at line 2889
[1;36mdebug: [0mc_header: w_name=canonicalize
[1;36mdebug: [0mc_header: parsed function canonicalize with 2 params (varargs=0) at line 2892
[1;36mdebug: [0mc_header: w_name=fmaximum
[1;36mdebug: [0mc_header: parsed function fmaximum with 2 params (varargs=0) at line 2894
[1;36mdebug: [0mc_header: w_name=fminimum
[1;36mdebug: [0mc_header: parsed function fminimum with 2 params (varargs=0) at line 2897
[1;36mdebug: [0mc_header: w_name=fmaximum_num
[1;36mdebug: [0mc_header: parsed function fmaximum_num with 2 params (varargs=0) at line 2900
[1;36mdebug: [0mc_header: w_name=fminimum_num
[1;36mdebug: [0mc_header: parsed function fminimum_num with 2 params (varargs=0) at line 2903
[1;36mdebug: [0mc_header: w_name=fmaximum_mag
[1;36mdebug: [0mc_header: parsed function fmaximum_mag with 2 params (varargs=0) at line 2906
[1;36mdebug: [0mc_header: w_name=fminimum_mag
[1;36mdebug: [0mc_header: parsed function fminimum_mag with 2 params (varargs=0) at line 2909
[1;36mdebug: [0mc_header: w_name=fmaximum_mag_num
[1;36mdebug: [0mc_header: parsed function fmaximum_mag_num with 2 params (varargs=0) at line 2912
[1;36mdebug: [0mc_header: w_name=fminimum_mag_num
[1;36mdebug: [0mc_header: parsed function fminimum_mag_num with 2 params (varargs=0) at line 2915
[1;36mdebug: [0mc_header: w_name=scalb
[1;36mdebug: [0mc_header: parsed function scalb with 2 params (varargs=0) at line 2917
[1;36mdebug: [0mc_header: w_name=__scalb
[1;36mdebug: [0mc_header: parsed function __scalb with 2 params (varargs=0) at line 2917
[1;36mdebug: [0mc_header: w_name=__fpclassifyf
[1;36mdebug: [0mc_header: parsed function __fpclassifyf with 1 params (varargs=0) at line 2922
[1;36mdebug: [0mc_header: w_name=__signbitf
[1;36mdebug: [0mc_header: parsed function __signbitf with 1 params (varargs=0) at line 2926
[1;36mdebug: [0mc_header: w_name=__isinff
[1;36mdebug: [0mc_header: parsed function __isinff with 1 params (varargs=0) at line 2931
[1;36mdebug: [0mc_header: w_name=__finitef
[1;36mdebug: [0mc_header: parsed function __finitef with 1 params (varargs=0) at line 2935
[1;36mdebug: [0mc_header: w_name=__isnanf
[1;36mdebug: [0mc_header: parsed function __isnanf with 1 params (varargs=0) at line 2939
[1;36mdebug: [0mc_header: w_name=__iseqsigf
[1;36mdebug: [0mc_header: parsed function __iseqsigf with 2 params (varargs=0) at line 2943
[1;36mdebug: [0mc_header: w_name=__issignalingf
[1;36mdebug: [0mc_header: parsed function __issignalingf with 1 params (varargs=0) at line 2946
[1;36mdebug: [0mc_header: w_name=acosf
[1;36mdebug: [0mc_header: parsed function acosf with 1 params (varargs=0) at line 2951
[1;36mdebug: [0mc_header: w_name=__acosf
[1;36mdebug: [0mc_header: parsed function __acosf with 1 params (varargs=0) at line 2951
[1;36mdebug: [0mc_header: w_name=asinf
[1;36mdebug: [0mc_header: parsed function asinf with 1 params (varargs=0) at line 2953
[1;36mdebug: [0mc_header: w_name=__asinf
[1;36mdebug: [0mc_header: parsed function __asinf with 1 params (varargs=0) at line 2953
[1;36mdebug: [0mc_header: w_name=atanf
[1;36mdebug: [0mc_header: parsed function atanf with 1 params (varargs=0) at line 2955
[1;36mdebug: [0mc_header: w_name=__atanf
[1;36mdebug: [0mc_header: parsed function __atanf with 1 params (varargs=0) at line 2955
[1;36mdebug: [0mc_header: w_name=atan2f
[1;36mdebug: [0mc_header: parsed function atan2f with 2 params (varargs=0) at line 2957
[1;36mdebug: [0mc_header: w_name=__atan2f
[1;36mdebug: [0mc_header: parsed function __atan2f with 2 params (varargs=0) at line 2957
[1;36mdebug: [0mc_header: w_name=cosf
[1;36mdebug: [0mc_header: parsed function cosf with 1 params (varargs=0) at line 2960
[1;36mdebug: [0mc_header: w_name=__cosf
[1;36mdebug: [0mc_header: parsed function __cosf with 1 params (varargs=0) at line 2960
[1;36mdebug: [0mc_header: w_name=sinf
[1;36mdebug: [0mc_header: parsed function sinf with 1 params (varargs=0) at line 2962
[1;36mdebug: [0mc_header: w_name=__sinf
[1;36mdebug: [0mc_header: parsed function __sinf with 1 params (varargs=0) at line 2962
[1;36mdebug: [0mc_header: w_name=tanf
[1;36mdebug: [0mc_header: parsed function tanf with 1 params (varargs=0) at line 2964
[1;36mdebug: [0mc_header: w_name=__tanf
[1;36mdebug: [0mc_header: parsed function __tanf with 1 params (varargs=0) at line 2964
[1;36mdebug: [0mc_header: w_name=acospif
[1;36mdebug: [0mc_header: parsed function acospif with 1 params (varargs=0) at line 2968
[1;36mdebug: [0mc_header: w_name=__acospif
[1;36mdebug: [0mc_header: parsed function __acospif with 1 params (varargs=0) at line 2968
[1;36mdebug: [0mc_header: w_name=acospif
[1;36mdebug: [0mc_header: parsed function acospif with 1 params (varargs=0) at line 2969
[1;36mdebug: [0mc_header: w_name=__acospif
[1;36mdebug: [0mc_header: parsed function __acospif with 1 params (varargs=0) at line 2969
[1;36mdebug: [0mc_header: w_name=asinpif
[1;36mdebug: [0mc_header: parsed function asinpif with 1 params (varargs=0) at line 2971
[1;36mdebug: [0mc_header: w_name=__asinpif
[1;36mdebug: [0mc_header: parsed function __asinpif with 1 params (varargs=0) at line 2971
[1;36mdebug: [0mc_header: w_name=asinpif
[1;36mdebug: [0mc_header: parsed function asinpif with 1 params (varargs=0) at line 2972
[1;36mdebug: [0mc_header: w_name=__asinpif
[1;36mdebug: [0mc_header: parsed function __asinpif with 1 params (varargs=0) at line 2972
[1;36mdebug: [0mc_header: w_name=atanpif
[1;36mdebug: [0mc_header: parsed function atanpif with 1 params (varargs=0) at line 2974
[1;36mdebug: [0mc_header: w_name=__atanpif
[1;36mdebug: [0mc_header: parsed function __atanpif with 1 params (varargs=0) at line 2974
[1;36mdebug: [0mc_header: w_name=atanpif
[1;36mdebug: [0mc_header: parsed function atanpif with 1 params (varargs=0) at line 2975
[1;36mdebug: [0mc_header: w_name=__atanpif
[1;36mdebug: [0mc_header: parsed function __atanpif with 1 params (varargs=0) at line 2975
[1;36mdebug: [0mc_header: w_name=atan2pif
[1;36mdebug: [0mc_header: parsed function atan2pif with 2 params (varargs=0) at line 2977
[1;36mdebug: [0mc_header: w_name=__atan2pif
[1;36mdebug: [0mc_header: parsed function __atan2pif with 2 params (varargs=0) at line 2977
[1;36mdebug: [0mc_header: w_name=atan2pif
[1;36mdebug: [0mc_header: parsed function atan2pif with 2 params (varargs=0) at line 2978
[1;36mdebug: [0mc_header: w_name=__atan2pif
[1;36mdebug: [0mc_header: parsed function __atan2pif with 2 params (varargs=0) at line 2978
[1;36mdebug: [0mc_header: w_name=cospif
[1;36mdebug: [0mc_header: parsed function cospif with 1 params (varargs=0) at line 2981
[1;36mdebug: [0mc_header: w_name=__cospif
[1;36mdebug: [0mc_header: parsed function __cospif with 1 params (varargs=0) at line 2981
[1;36mdebug: [0mc_header: w_name=sinpif
[1;36mdebug: [0mc_header: parsed function sinpif with 1 params (varargs=0) at line 2983
[1;36mdebug: [0mc_header: w_name=__sinpif
[1;36mdebug: [0mc_header: parsed function __sinpif with 1 params (varargs=0) at line 2983
[1;36mdebug: [0mc_header: w_name=tanpif
[1;36mdebug: [0mc_header: parsed function tanpif with 1 params (varargs=0) at line 2985
[1;36mdebug: [0mc_header: w_name=__tanpif
[1;36mdebug: [0mc_header: parsed function __tanpif with 1 params (varargs=0) at line 2985
[1;36mdebug: [0mc_header: w_name=coshf
[1;36mdebug: [0mc_header: parsed function coshf with 1 params (varargs=0) at line 2991
[1;36mdebug: [0mc_header: w_name=__coshf
[1;36mdebug: [0mc_header: parsed function __coshf with 1 params (varargs=0) at line 2991
[1;36mdebug: [0mc_header: w_name=sinhf
[1;36mdebug: [0mc_header: parsed function sinhf with 1 params (varargs=0) at line 2993
[1;36mdebug: [0mc_header: w_name=__sinhf
[1;36mdebug: [0mc_header: parsed function __sinhf with 1 params (varargs=0) at line 2993
[1;36mdebug: [0mc_header: w_name=tanhf
[1;36mdebug: [0mc_header: parsed function tanhf with 1 params (varargs=0) at line 2995
[1;36mdebug: [0mc_header: w_name=__tanhf
[1;36mdebug: [0mc_header: parsed function __tanhf with 1 params (varargs=0) at line 2995
[1;36mdebug: [0mc_header: w_name=acoshf
[1;36mdebug: [0mc_header: parsed function acoshf with 1 params (varargs=0) at line 2997
[1;36mdebug: [0mc_header: w_name=__acoshf
[1;36mdebug: [0mc_header: parsed function __acoshf with 1 params (varargs=0) at line 2997
[1;36mdebug: [0mc_header: w_name=asinhf
[1;36mdebug: [0mc_header: parsed function asinhf with 1 params (varargs=0) at line 2999
[1;36mdebug: [0mc_header: w_name=__asinhf
[1;36mdebug: [0mc_header: parsed function __asinhf with 1 params (varargs=0) at line 2999
[1;36mdebug: [0mc_header: w_name=atanhf
[1;36mdebug: [0mc_header: parsed function atanhf with 1 params (varargs=0) at line 3001
[1;36mdebug: [0mc_header: w_name=__atanhf
[1;36mdebug: [0mc_header: parsed function __atanhf with 1 params (varargs=0) at line 3001
[1;36mdebug: [0mc_header: w_name=expf
[1;36mdebug: [0mc_header: parsed function expf with 1 params (varargs=0) at line 3007
[1;36mdebug: [0mc_header: w_name=__expf
[1;36mdebug: [0mc_header: parsed function __expf with 1 params (varargs=0) at line 3007
[1;36mdebug: [0mc_header: w_name=frexpf
[1;36mdebug: [0mc_header: parsed function frexpf with 2 params (varargs=0) at line 3010
[1;36mdebug: [0mc_header: w_name=__frexpf
[1;36mdebug: [0mc_header: parsed function __frexpf with 2 params (varargs=0) at line 3010
[1;36mdebug: [0mc_header: w_name=ldexpf
[1;36mdebug: [0mc_header: parsed function ldexpf with 2 params (varargs=0) at line 3013
[1;36mdebug: [0mc_header: w_name=__ldexpf
[1;36mdebug: [0mc_header: parsed function __ldexpf with 2 params (varargs=0) at line 3013
[1;36mdebug: [0mc_header: w_name=logf
[1;36mdebug: [0mc_header: parsed function logf with 1 params (varargs=0) at line 3016
[1;36mdebug: [0mc_header: w_name=__logf
[1;36mdebug: [0mc_header: parsed function __logf with 1 params (varargs=0) at line 3016
[1;36mdebug: [0mc_header: w_name=log10f
[1;36mdebug: [0mc_header: parsed function log10f with 1 params (varargs=0) at line 3019
[1;36mdebug: [0mc_header: w_name=__log10f
[1;36mdebug: [0mc_header: parsed function __log10f with 1 params (varargs=0) at line 3019
[1;36mdebug: [0mc_header: w_name=modff
[1;36mdebug: [0mc_header: parsed function modff with 2 params (varargs=0) at line 3022
[1;36mdebug: [0mc_header: w_name=__modff
[1;36mdebug: [0mc_header: parsed function __modff with 2 params (varargs=0) at line 3022
[1;36mdebug: [0mc_header: w_name=exp10f
[1;36mdebug: [0mc_header: parsed function exp10f with 1 params (varargs=0) at line 3026
[1;36mdebug: [0mc_header: w_name=__exp10f
[1;36mdebug: [0mc_header: parsed function __exp10f with 1 params (varargs=0) at line 3026
[1;36mdebug: [0mc_header: w_name=exp2m1f
[1;36mdebug: [0mc_header: parsed function exp2m1f with 1 params (varargs=0) at line 3029
[1;36mdebug: [0mc_header: w_name=__exp2m1f
[1;36mdebug: [0mc_header: parsed function __exp2m1f with 1 params (varargs=0) at line 3029
[1;36mdebug: [0mc_header: w_name=exp10m1f
[1;36mdebug: [0mc_header: parsed function exp10m1f with 1 params (varargs=0) at line 3032
[1;36mdebug: [0mc_header: w_name=__exp10m1f
[1;36mdebug: [0mc_header: parsed function __exp10m1f with 1 params (varargs=0) at line 3032
[1;36mdebug: [0mc_header: w_name=log2p1f
[1;36mdebug: [0mc_header: parsed function log2p1f with 1 params (varargs=0) at line 3035
[1;36mdebug: [0mc_header: w_name=__log2p1f
[1;36mdebug: [0mc_header: parsed function __log2p1f with 1 params (varargs=0) at line 3035
[1;36mdebug: [0mc_header: w_name=log10p1f
[1;36mdebug: [0mc_header: parsed function log10p1f with 1 params (varargs=0) at line 3038
[1;36mdebug: [0mc_header: w_name=__log10p1f
[1;36mdebug: [0mc_header: parsed function __log10p1f with 1 params (varargs=0) at line 3038
[1;36mdebug: [0mc_header: w_name=logp1f
[1;36mdebug: [0mc_header: parsed function logp1f with 1 params (varargs=0) at line 3041
[1;36mdebug: [0mc_header: w_name=__logp1f
[1;36mdebug: [0mc_header: parsed function __logp1f with 1 params (varargs=0) at line 3041
[1;36mdebug: [0mc_header: w_name=expm1f
[1;36mdebug: [0mc_header: parsed function expm1f with 1 params (varargs=0) at line 3046
[1;36mdebug: [0mc_header: w_name=__expm1f
[1;36mdebug: [0mc_header: parsed function __expm1f with 1 params (varargs=0) at line 3046
[1;36mdebug: [0mc_header: w_name=log1pf
[1;36mdebug: [0mc_header: parsed function log1pf with 1 params (varargs=0) at line 3049
[1;36mdebug: [0mc_header: w_name=__log1pf
[1;36mdebug: [0mc_header: parsed function __log1pf with 1 params (varargs=0) at line 3049
[1;36mdebug: [0mc_header: w_name=logbf
[1;36mdebug: [0mc_header: parsed function logbf with 1 params (varargs=0) at line 3052
[1;36mdebug: [0mc_header: w_name=__logbf
[1;36mdebug: [0mc_header: parsed function __logbf with 1 params (varargs=0) at line 3052
[1;36mdebug: [0mc_header: w_name=exp2f
[1;36mdebug: [0mc_header: parsed function exp2f with 1 params (varargs=0) at line 3057
[1;36mdebug: [0mc_header: w_name=__exp2f
[1;36mdebug: [0mc_header: parsed function __exp2f with 1 params (varargs=0) at line 3057
[1;36mdebug: [0mc_header: w_name=log2f
[1;36mdebug: [0mc_header: parsed function log2f with 1 params (varargs=0) at line 3060
[1;36mdebug: [0mc_header: w_name=__log2f
[1;36mdebug: [0mc_header: parsed function __log2f with 1 params (varargs=0) at line 3060
[1;36mdebug: [0mc_header: w_name=powf
[1;36mdebug: [0mc_header: parsed function powf with 2 params (varargs=0) at line 3067
[1;36mdebug: [0mc_header: w_name=__powf
[1;36mdebug: [0mc_header: parsed function __powf with 2 params (varargs=0) at line 3067
[1;36mdebug: [0mc_header: w_name=sqrtf
[1;36mdebug: [0mc_header: parsed function sqrtf with 1 params (varargs=0) at line 3070
[1;36mdebug: [0mc_header: w_name=__sqrtf
[1;36mdebug: [0mc_header: parsed function __sqrtf with 1 params (varargs=0) at line 3070
[1;36mdebug: [0mc_header: w_name=hypotf
[1;36mdebug: [0mc_header: parsed function hypotf with 2 params (varargs=0) at line 3074
[1;36mdebug: [0mc_header: w_name=__hypotf
[1;36mdebug: [0mc_header: parsed function __hypotf with 2 params (varargs=0) at line 3074
[1;36mdebug: [0mc_header: w_name=cbrtf
[1;36mdebug: [0mc_header: parsed function cbrtf with 1 params (varargs=0) at line 3079
[1;36mdebug: [0mc_header: w_name=__cbrtf
[1;36mdebug: [0mc_header: parsed function __cbrtf with 1 params (varargs=0) at line 3079
[1;36mdebug: [0mc_header: w_name=compoundnf
[1;36mdebug: [0mc_header: parsed function compoundnf with 2 params (varargs=0) at line 3084
[1;36mdebug: [0mc_header: w_name=__compoundnf
[1;36mdebug: [0mc_header: parsed function __compoundnf with 2 params (varargs=0) at line 3084
[1;36mdebug: [0mc_header: w_name=pownf
[1;36mdebug: [0mc_header: parsed function pownf with 2 params (varargs=0) at line 3087
[1;36mdebug: [0mc_header: w_name=__pownf
[1;36mdebug: [0mc_header: parsed function __pownf with 2 params (varargs=0) at line 3087
[1;36mdebug: [0mc_header: w_name=powrf
[1;36mdebug: [0mc_header: parsed function powrf with 2 params (varargs=0) at line 3090
[1;36mdebug: [0mc_header: w_name=__powrf
[1;36mdebug: [0mc_header: parsed function __powrf with 2 params (varargs=0) at line 3090
[1;36mdebug: [0mc_header: w_name=powrf
[1;36mdebug: [0mc_header: parsed function powrf with 2 params (varargs=0) at line 3091
[1;36mdebug: [0mc_header: w_name=__powrf
[1;36mdebug: [0mc_header: parsed function __powrf with 2 params (varargs=0) at line 3091
[1;36mdebug: [0mc_header: w_name=rootnf
[1;36mdebug: [0mc_header: parsed function rootnf with 2 params (varargs=0) at line 3094
[1;36mdebug: [0mc_header: w_name=__rootnf
[1;36mdebug: [0mc_header: parsed function __rootnf with 2 params (varargs=0) at line 3094
[1;36mdebug: [0mc_header: w_name=rsqrtf
[1;36mdebug: [0mc_header: parsed function rsqrtf with 1 params (varargs=0) at line 3097
[1;36mdebug: [0mc_header: w_name=__rsqrtf
[1;36mdebug: [0mc_header: parsed function __rsqrtf with 1 params (varargs=0) at line 3097
[1;36mdebug: [0mc_header: w_name=ceilf
[1;36mdebug: [0mc_header: parsed function ceilf with 1 params (varargs=0) at line 3104
[1;36mdebug: [0mc_header: w_name=fabsf
[1;36mdebug: [0mc_header: parsed function fabsf with 1 params (varargs=0) at line 3107
[1;36mdebug: [0mc_header: w_name=floorf
[1;36mdebug: [0mc_header: parsed function floorf with 1 params (varargs=0) at line 3110
[1;36mdebug: [0mc_header: w_name=fmodf
[1;36mdebug: [0mc_header: parsed function fmodf with 2 params (varargs=0) at line 3113
[1;36mdebug: [0mc_header: w_name=__fmodf
[1;36mdebug: [0mc_header: parsed function __fmodf with 2 params (varargs=0) at line 3113
[1;36mdebug: [0mc_header: w_name=isinff
[1;36mdebug: [0mc_header: parsed function isinff with 1 params (varargs=0) at line 3115
[1;36mdebug: [0mc_header: w_name=finitef
[1;36mdebug: [0mc_header: parsed function finitef with 1 params (varargs=0) at line 3121
[1;36mdebug: [0mc_header: w_name=dremf
[1;36mdebug: [0mc_header: parsed function dremf with 2 params (varargs=0) at line 3125
[1;36mdebug: [0mc_header: w_name=__dremf
[1;36mdebug: [0mc_header: parsed function __dremf with 2 params (varargs=0) at line 3125
[1;36mdebug: [0mc_header: w_name=significandf
[1;36mdebug: [0mc_header: parsed function significandf with 1 params (varargs=0) at line 3129
[1;36mdebug: [0mc_header: w_name=__significandf
[1;36mdebug: [0mc_header: parsed function __significandf with 1 params (varargs=0) at line 3129
[1;36mdebug: [0mc_header: w_name=copysignf
[1;36mdebug: [0mc_header: parsed function copysignf with 2 params (varargs=0) at line 3136
[1;36mdebug: [0mc_header: w_name=nanf
[1;36mdebug: [0mc_header: parsed function nanf with 1 params (varargs=0) at line 3141
[1;36mdebug: [0mc_header: w_name=__nanf
[1;36mdebug: [0mc_header: parsed function __nanf with 1 params (varargs=0) at line 3141
[1;36mdebug: [0mc_header: w_name=isnanf
[1;36mdebug: [0mc_header: parsed function isnanf with 1 params (varargs=0) at line 3143
[1;36mdebug: [0mc_header: w_name=j0f
[1;36mdebug: [0mc_header: parsed function j0f with 1 params (varargs=0) at line 3150
[1;36mdebug: [0mc_header: w_name=__j0f
[1;36mdebug: [0mc_header: parsed function __j0f with 1 params (varargs=0) at line 3150
[1;36mdebug: [0mc_header: w_name=j1f
[1;36mdebug: [0mc_header: parsed function j1f with 1 params (varargs=0) at line 3151
[1;36mdebug: [0mc_header: w_name=__j1f
[1;36mdebug: [0mc_header: parsed function __j1f with 1 params (varargs=0) at line 3151
[1;36mdebug: [0mc_header: w_name=jnf
[1;36mdebug: [0mc_header: parsed function jnf with 2 params (varargs=0) at line 3152
[1;36mdebug: [0mc_header: w_name=__jnf
[1;36mdebug: [0mc_header: parsed function __jnf with 2 params (varargs=0) at line 3152
[1;36mdebug: [0mc_header: w_name=y0f
[1;36mdebug: [0mc_header: parsed function y0f with 1 params (varargs=0) at line 3153
[1;36mdebug: [0mc_header: w_name=__y0f
[1;36mdebug: [0mc_header: parsed function __y0f with 1 params (varargs=0) at line 3153
[1;36mdebug: [0mc_header: w_name=y1f
[1;36mdebug: [0mc_header: parsed function y1f with 1 params (varargs=0) at line 3154
[1;36mdebug: [0mc_header: w_name=__y1f
[1;36mdebug: [0mc_header: parsed function __y1f with 1 params (varargs=0) at line 3154
[1;36mdebug: [0mc_header: w_name=ynf
[1;36mdebug: [0mc_header: parsed function ynf with 2 params (varargs=0) at line 3155
[1;36mdebug: [0mc_header: w_name=__ynf
[1;36mdebug: [0mc_header: parsed function __ynf with 2 params (varargs=0) at line 3155
[1;36mdebug: [0mc_header: w_name=erff
[1;36mdebug: [0mc_header: parsed function erff with 1 params (varargs=0) at line 3161
[1;36mdebug: [0mc_header: w_name=__erff
[1;36mdebug: [0mc_header: parsed function __erff with 1 params (varargs=0) at line 3161
[1;36mdebug: [0mc_header: w_name=erfcf
[1;36mdebug: [0mc_header: parsed function erfcf with 1 params (varargs=0) at line 3162
[1;36mdebug: [0mc_header: w_name=__erfcf
[1;36mdebug: [0mc_header: parsed function __erfcf with 1 params (varargs=0) at line 3162
[1;36mdebug: [0mc_header: w_name=lgammaf
[1;36mdebug: [0mc_header: parsed function lgammaf with 1 params (varargs=0) at line 3163
[1;36mdebug: [0mc_header: w_name=__lgammaf
[1;36mdebug: [0mc_header: parsed function __lgammaf with 1 params (varargs=0) at line 3163
[1;36mdebug: [0mc_header: w_name=tgammaf
[1;36mdebug: [0mc_header: parsed function tgammaf with 1 params (varargs=0) at line 3168
[1;36mdebug: [0mc_header: w_name=__tgammaf
[1;36mdebug: [0mc_header: parsed function __tgammaf with 1 params (varargs=0) at line 3168
[1;36mdebug: [0mc_header: w_name=gammaf
[1;36mdebug: [0mc_header: parsed function gammaf with 1 params (varargs=0) at line 3174
[1;36mdebug: [0mc_header: w_name=__gammaf
[1;36mdebug: [0mc_header: parsed function __gammaf with 1 params (varargs=0) at line 3174
[1;36mdebug: [0mc_header: w_name=lgammaf_r
[1;36mdebug: [0mc_header: parsed function lgammaf_r with 2 params (varargs=0) at line 3182
[1;36mdebug: [0mc_header: w_name=__lgammaf_r
[1;36mdebug: [0mc_header: parsed function __lgammaf_r with 2 params (varargs=0) at line 3182
[1;36mdebug: [0mc_header: w_name=rintf
[1;36mdebug: [0mc_header: parsed function rintf with 1 params (varargs=0) at line 3189
[1;36mdebug: [0mc_header: w_name=__rintf
[1;36mdebug: [0mc_header: parsed function __rintf with 1 params (varargs=0) at line 3189
[1;36mdebug: [0mc_header: w_name=nextafterf
[1;36mdebug: [0mc_header: parsed function nextafterf with 2 params (varargs=0) at line 3192
[1;36mdebug: [0mc_header: w_name=__nextafterf
[1;36mdebug: [0mc_header: parsed function __nextafterf with 2 params (varargs=0) at line 3192
[1;36mdebug: [0mc_header: w_name=nexttowardf
[1;36mdebug: [0mc_header: parsed function nexttowardf with 2 params (varargs=0) at line 3194
[1;36mdebug: [0mc_header: w_name=__nexttowardf
[1;36mdebug: [0mc_header: parsed function __nexttowardf with 2 params (varargs=0) at line 3194
[1;36mdebug: [0mc_header: w_name=nextdownf
[1;36mdebug: [0mc_header: parsed function nextdownf with 1 params (varargs=0) at line 3199
[1;36mdebug: [0mc_header: w_name=__nextdownf
[1;36mdebug: [0mc_header: parsed function __nextdownf with 1 params (varargs=0) at line 3199
[1;36mdebug: [0mc_header: w_name=nextupf
[1;36mdebug: [0mc_header: parsed function nextupf with 1 params (varargs=0) at line 3201
[1;36mdebug: [0mc_header: w_name=__nextupf
[1;36mdebug: [0mc_header: parsed function __nextupf with 1 params (varargs=0) at line 3201
[1;36mdebug: [0mc_header: w_name=remainderf
[1;36mdebug: [0mc_header: parsed function remainderf with 2 params (varargs=0) at line 3205
[1;36mdebug: [0mc_header: w_name=__remainderf
[1;36mdebug: [0mc_header: parsed function __remainderf with 2 params (varargs=0) at line 3205
[1;36mdebug: [0mc_header: w_name=scalbnf
[1;36mdebug: [0mc_header: parsed function scalbnf with 2 params (varargs=0) at line 3209
[1;36mdebug: [0mc_header: w_name=__scalbnf
[1;36mdebug: [0mc_header: parsed function __scalbnf with 2 params (varargs=0) at line 3209
[1;36mdebug: [0mc_header: w_name=ilogbf
[1;36mdebug: [0mc_header: parsed function ilogbf with 1 params (varargs=0) at line 3213
[1;36mdebug: [0mc_header: w_name=__ilogbf
[1;36mdebug: [0mc_header: parsed function __ilogbf with 1 params (varargs=0) at line 3213
[1;36mdebug: [0mc_header: w_name=llogbf
[1;36mdebug: [0mc_header: parsed function llogbf with 1 params (varargs=0) at line 3218
[1;36mdebug: [0mc_header: w_name=__llogbf
[1;36mdebug: [0mc_header: parsed function __llogbf with 1 params (varargs=0) at line 3218
[1;36mdebug: [0mc_header: w_name=scalblnf
[1;36mdebug: [0mc_header: parsed function scalblnf with 2 params (varargs=0) at line 3223
[1;36mdebug: [0mc_header: w_name=__scalblnf
[1;36mdebug: [0mc_header: parsed function __scalblnf with 2 params (varargs=0) at line 3223
[1;36mdebug: [0mc_header: w_name=nearbyintf
[1;36mdebug: [0mc_header: parsed function nearbyintf with 1 params (varargs=0) at line 3227
[1;36mdebug: [0mc_header: w_name=__nearbyintf
[1;36mdebug: [0mc_header: parsed function __nearbyintf with 1 params (varargs=0) at line 3227
[1;36mdebug: [0mc_header: w_name=roundf
[1;36mdebug: [0mc_header: parsed function roundf with 1 params (varargs=0) at line 3231
[1;36mdebug: [0mc_header: w_name=truncf
[1;36mdebug: [0mc_header: parsed function truncf with 1 params (varargs=0) at line 3235
[1;36mdebug: [0mc_header: w_name=remquof
[1;36mdebug: [0mc_header: parsed function remquof with 3 params (varargs=0) at line 3240
[1;36mdebug: [0mc_header: w_name=__remquof
[1;36mdebug: [0mc_header: parsed function __remquof with 3 params (varargs=0) at line 3240
[1;36mdebug: [0mc_header: w_name=lrintf
[1;36mdebug: [0mc_header: parsed function lrintf with 1 params (varargs=0) at line 3247
[1;36mdebug: [0mc_header: w_name=__lrintf
[1;36mdebug: [0mc_header: parsed function __lrintf with 1 params (varargs=0) at line 3247
[1;36mdebug: [0mc_header: w_name=llrintf
[1;36mdebug: [0mc_header: parsed function llrintf with 1 params (varargs=0) at line 3249
[1;36mdebug: [0mc_header: w_name=__llrintf
[1;36mdebug: [0mc_header: parsed function __llrintf with 1 params (varargs=0) at line 3249
[1;36mdebug: [0mc_header: w_name=lroundf
[1;36mdebug: [0mc_header: parsed function lroundf with 1 params (varargs=0) at line 3253
[1;36mdebug: [0mc_header: w_name=__lroundf
[1;36mdebug: [0mc_header: parsed function __lroundf with 1 params (varargs=0) at line 3253
[1;36mdebug: [0mc_header: w_name=llroundf
[1;36mdebug: [0mc_header: parsed function llroundf with 1 params (varargs=0) at line 3255
[1;36mdebug: [0mc_header: w_name=__llroundf
[1;36mdebug: [0mc_header: parsed function __llroundf with 1 params (varargs=0) at line 3255
[1;36mdebug: [0mc_header: w_name=fdimf
[1;36mdebug: [0mc_header: parsed function fdimf with 2 params (varargs=0) at line 3259
[1;36mdebug: [0mc_header: w_name=__fdimf
[1;36mdebug: [0mc_header: parsed function __fdimf with 2 params (varargs=0) at line 3259
[1;36mdebug: [0mc_header: w_name=fmaxf
[1;36mdebug: [0mc_header: parsed function fmaxf with 2 params (varargs=0) at line 3263
[1;36mdebug: [0mc_header: w_name=fminf
[1;36mdebug: [0mc_header: parsed function fminf with 2 params (varargs=0) at line 3266
[1;36mdebug: [0mc_header: w_name=fmaf
[1;36mdebug: [0mc_header: parsed function fmaf with 3 params (varargs=0) at line 3270
[1;36mdebug: [0mc_header: w_name=__fmaf
[1;36mdebug: [0mc_header: parsed function __fmaf with 3 params (varargs=0) at line 3270
[1;36mdebug: [0mc_header: w_name=roundevenf
[1;36mdebug: [0mc_header: parsed function roundevenf with 1 params (varargs=0) at line 3275
[1;36mdebug: [0mc_header: w_name=fromfpf
[1;36mdebug: [0mc_header: parsed function fromfpf with 3 params (varargs=0) at line 3279
[1;36mdebug: [0mc_header: w_name=__fromfpf
[1;36mdebug: [0mc_header: parsed function __fromfpf with 3 params (varargs=0) at line 3279
[1;36mdebug: [0mc_header: w_name=ufromfpf
[1;36mdebug: [0mc_header: parsed function ufromfpf with 3 params (varargs=0) at line 3283
[1;36mdebug: [0mc_header: w_name=__ufromfpf
[1;36mdebug: [0mc_header: parsed function __ufromfpf with 3 params (varargs=0) at line 3283
[1;36mdebug: [0mc_header: w_name=fromfpxf
[1;36mdebug: [0mc_header: parsed function fromfpxf with 3 params (varargs=0) at line 3288
[1;36mdebug: [0mc_header: w_name=__fromfpxf
[1;36mdebug: [0mc_header: parsed function __fromfpxf with 3 params (varargs=0) at line 3288
[1;36mdebug: [0mc_header: w_name=ufromfpxf
[1;36mdebug: [0mc_header: parsed function ufromfpxf with 3 params (varargs=0) at line 3293
[1;36mdebug: [0mc_header: w_name=__ufromfpxf
[1;36mdebug: [0mc_header: parsed function __ufromfpxf with 3 params (varargs=0) at line 3293
[1;36mdebug: [0mc_header: w_name=canonicalizef
[1;36mdebug: [0mc_header: parsed function canonicalizef with 2 params (varargs=0) at line 3296
[1;36mdebug: [0mc_header: w_name=fmaximumf
[1;36mdebug: [0mc_header: parsed function fmaximumf with 2 params (varargs=0) at line 3298
[1;36mdebug: [0mc_header: w_name=fminimumf
[1;36mdebug: [0mc_header: parsed function fminimumf with 2 params (varargs=0) at line 3301
[1;36mdebug: [0mc_header: w_name=fmaximum_numf
[1;36mdebug: [0mc_header: parsed function fmaximum_numf with 2 params (varargs=0) at line 3304
[1;36mdebug: [0mc_header: w_name=fminimum_numf
[1;36mdebug: [0mc_header: parsed function fminimum_numf with 2 params (varargs=0) at line 3307
[1;36mdebug: [0mc_header: w_name=fmaximum_magf
[1;36mdebug: [0mc_header: parsed function fmaximum_magf with 2 params (varargs=0) at line 3310
[1;36mdebug: [0mc_header: w_name=fminimum_magf
[1;36mdebug: [0mc_header: parsed function fminimum_magf with 2 params (varargs=0) at line 3313
[1;36mdebug: [0mc_header: w_name=fmaximum_mag_numf
[1;36mdebug: [0mc_header: parsed function fmaximum_mag_numf with 2 params (varargs=0) at line 3316
[1;36mdebug: [0mc_header: w_name=fminimum_mag_numf
[1;36mdebug: [0mc_header: parsed function fminimum_mag_numf with 2 params (varargs=0) at line 3319
[1;36mdebug: [0mc_header: w_name=scalbf
[1;36mdebug: [0mc_header: parsed function scalbf with 2 params (varargs=0) at line 3321
[1;36mdebug: [0mc_header: w_name=__scalbf
[1;36mdebug: [0mc_header: parsed function __scalbf with 2 params (varargs=0) at line 3321
[1;36mdebug: [0mc_header: w_name=__fpclassifyl
[1;36mdebug: [0mc_header: parsed function __fpclassifyl with 1 params (varargs=0) at line 3326
[1;36mdebug: [0mc_header: w_name=__signbitl
[1;36mdebug: [0mc_header: parsed function __signbitl with 1 params (varargs=0) at line 3330
[1;36mdebug: [0mc_header: w_name=__isinfl
[1;36mdebug: [0mc_header: parsed function __isinfl with 1 params (varargs=0) at line 3335
[1;36mdebug: [0mc_header: w_name=__finitel
[1;36mdebug: [0mc_header: parsed function __finitel with 1 params (varargs=0) at line 3339
[1;36mdebug: [0mc_header: w_name=__isnanl
[1;36mdebug: [0mc_header: parsed function __isnanl with 1 params (varargs=0) at line 3343
[1;36mdebug: [0mc_header: w_name=__iseqsigl
[1;36mdebug: [0mc_header: parsed function __iseqsigl with 2 params (varargs=0) at line 3347
[1;36mdebug: [0mc_header: w_name=__issignalingl
[1;36mdebug: [0mc_header: parsed function __issignalingl with 1 params (varargs=0) at line 3350
[1;36mdebug: [0mc_header: w_name=acosl
[1;36mdebug: [0mc_header: parsed function acosl with 1 params (varargs=0) at line 3355
[1;36mdebug: [0mc_header: w_name=__acosl
[1;36mdebug: [0mc_header: parsed function __acosl with 1 params (varargs=0) at line 3355
[1;36mdebug: [0mc_header: w_name=asinl
[1;36mdebug: [0mc_header: parsed function asinl with 1 params (varargs=0) at line 3357
[1;36mdebug: [0mc_header: w_name=__asinl
[1;36mdebug: [0mc_header: parsed function __asinl with 1 params (varargs=0) at line 3357
[1;36mdebug: [0mc_header: w_name=atanl
[1;36mdebug: [0mc_header: parsed function atanl with 1 params (varargs=0) at line 3359
[1;36mdebug: [0mc_header: w_name=__atanl
[1;36mdebug: [0mc_header: parsed function __atanl with 1 params (varargs=0) at line 3359
[1;36mdebug: [0mc_header: w_name=atan2l
[1;36mdebug: [0mc_header: parsed function atan2l with 2 params (varargs=0) at line 3361
[1;36mdebug: [0mc_header: w_name=__atan2l
[1;36mdebug: [0mc_header: parsed function __atan2l with 2 params (varargs=0) at line 3361
[1;36mdebug: [0mc_header: w_name=cosl
[1;36mdebug: [0mc_header: parsed function cosl with 1 params (varargs=0) at line 3364
[1;36mdebug: [0mc_header: w_name=__cosl
[1;36mdebug: [0mc_header: parsed function __cosl with 1 params (varargs=0) at line 3364
[1;36mdebug: [0mc_header: w_name=sinl
[1;36mdebug: [0mc_header: parsed function sinl with 1 params (varargs=0) at line 3366
[1;36mdebug: [0mc_header: w_name=__sinl
[1;36mdebug: [0mc_header: parsed function __sinl with 1 params (varargs=0) at line 3366
[1;36mdebug: [0mc_header: w_name=tanl
[1;36mdebug: [0mc_header: parsed function tanl with 1 params (varargs=0) at line 3368
[1;36mdebug: [0mc_header: w_name=__tanl
[1;36mdebug: [0mc_header: parsed function __tanl with 1 params (varargs=0) at line 3368
[1;36mdebug: [0mc_header: w_name=acospil
[1;36mdebug: [0mc_header: parsed function acospil with 1 params (varargs=0) at line 3372
[1;36mdebug: [0mc_header: w_name=__acospil
[1;36mdebug: [0mc_header: parsed function __acospil with 1 params (varargs=0) at line 3372
[1;36mdebug: [0mc_header: w_name=acospil
[1;36mdebug: [0mc_header: parsed function acospil with 1 params (varargs=0) at line 3373
[1;36mdebug: [0mc_header: w_name=__acospil
[1;36mdebug: [0mc_header: parsed function __acospil with 1 params (varargs=0) at line 3373
[1;36mdebug: [0mc_header: w_name=asinpil
[1;36mdebug: [0mc_header: parsed function asinpil with 1 params (varargs=0) at line 3375
[1;36mdebug: [0mc_header: w_name=__asinpil
[1;36mdebug: [0mc_header: parsed function __asinpil with 1 params (varargs=0) at line 3375
[1;36mdebug: [0mc_header: w_name=asinpil
[1;36mdebug: [0mc_header: parsed function asinpil with 1 params (varargs=0) at line 3376
[1;36mdebug: [0mc_header: w_name=__asinpil
[1;36mdebug: [0mc_header: parsed function __asinpil with 1 params (varargs=0) at line 3376
[1;36mdebug: [0mc_header: w_name=atanpil
[1;36mdebug: [0mc_header: parsed function atanpil with 1 params (varargs=0) at line 3378
[1;36mdebug: [0mc_header: w_name=__atanpil
[1;36mdebug: [0mc_header: parsed function __atanpil with 1 params (varargs=0) at line 3378
[1;36mdebug: [0mc_header: w_name=atanpil
[1;36mdebug: [0mc_header: parsed function atanpil with 1 params (varargs=0) at line 3379
[1;36mdebug: [0mc_header: w_name=__atanpil
[1;36mdebug: [0mc_header: parsed function __atanpil with 1 params (varargs=0) at line 3379
[1;36mdebug: [0mc_header: w_name=atan2pil
[1;36mdebug: [0mc_header: parsed function atan2pil with 2 params (varargs=0) at line 3381
[1;36mdebug: [0mc_header: w_name=__atan2pil
[1;36mdebug: [0mc_header: parsed function __atan2pil with 2 params (varargs=0) at line 3381
[1;36mdebug: [0mc_header: w_name=atan2pil
[1;36mdebug: [0mc_header: parsed function atan2pil with 2 params (varargs=0) at line 3382
[1;36mdebug: [0mc_header: w_name=__atan2pil
[1;36mdebug: [0mc_header: parsed function __atan2pil with 2 params (varargs=0) at line 3382
[1;36mdebug: [0mc_header: w_name=cospil
[1;36mdebug: [0mc_header: parsed function cospil with 1 params (varargs=0) at line 3385
[1;36mdebug: [0mc_header: w_name=__cospil
[1;36mdebug: [0mc_header: parsed function __cospil with 1 params (varargs=0) at line 3385
[1;36mdebug: [0mc_header: w_name=sinpil
[1;36mdebug: [0mc_header: parsed function sinpil with 1 params (varargs=0) at line 3387
[1;36mdebug: [0mc_header: w_name=__sinpil
[1;36mdebug: [0mc_header: parsed function __sinpil with 1 params (varargs=0) at line 3387
[1;36mdebug: [0mc_header: w_name=tanpil
[1;36mdebug: [0mc_header: parsed function tanpil with 1 params (varargs=0) at line 3389
[1;36mdebug: [0mc_header: w_name=__tanpil
[1;36mdebug: [0mc_header: parsed function __tanpil with 1 params (varargs=0) at line 3389
[1;36mdebug: [0mc_header: w_name=coshl
[1;36mdebug: [0mc_header: parsed function coshl with 1 params (varargs=0) at line 3395
[1;36mdebug: [0mc_header: w_name=__coshl
[1;36mdebug: [0mc_header: parsed function __coshl with 1 params (varargs=0) at line 3395
[1;36mdebug: [0mc_header: w_name=sinhl
[1;36mdebug: [0mc_header: parsed function sinhl with 1 params (varargs=0) at line 3397
[1;36mdebug: [0mc_header: w_name=__sinhl
[1;36mdebug: [0mc_header: parsed function __sinhl with 1 params (varargs=0) at line 3397
[1;36mdebug: [0mc_header: w_name=tanhl
[1;36mdebug: [0mc_header: parsed function tanhl with 1 params (varargs=0) at line 3399
[1;36mdebug: [0mc_header: w_name=__tanhl
[1;36mdebug: [0mc_header: parsed function __tanhl with 1 params (varargs=0) at line 3399
[1;36mdebug: [0mc_header: w_name=acoshl
[1;36mdebug: [0mc_header: parsed function acoshl with 1 params (varargs=0) at line 3401
[1;36mdebug: [0mc_header: w_name=__acoshl
[1;36mdebug: [0mc_header: parsed function __acoshl with 1 params (varargs=0) at line 3401
[1;36mdebug: [0mc_header: w_name=asinhl
[1;36mdebug: [0mc_header: parsed function asinhl with 1 params (varargs=0) at line 3403
[1;36mdebug: [0mc_header: w_name=__asinhl
[1;36mdebug: [0mc_header: parsed function __asinhl with 1 params (varargs=0) at line 3403
[1;36mdebug: [0mc_header: w_name=atanhl
[1;36mdebug: [0mc_header: parsed function atanhl with 1 params (varargs=0) at line 3405
[1;36mdebug: [0mc_header: w_name=__atanhl
[1;36mdebug: [0mc_header: parsed function __atanhl with 1 params (varargs=0) at line 3405
[1;36mdebug: [0mc_header: w_name=expl
[1;36mdebug: [0mc_header: parsed function expl with 1 params (varargs=0) at line 3411
[1;36mdebug: [0mc_header: w_name=__expl
[1;36mdebug: [0mc_header: parsed function __expl with 1 params (varargs=0) at line 3411
[1;36mdebug: [0mc_header: w_name=frexpl
[1;36mdebug: [0mc_header: parsed function frexpl with 2 params (varargs=0) at line 3414
[1;36mdebug: [0mc_header: w_name=__frexpl
[1;36mdebug: [0mc_header: parsed function __frexpl with 2 params (varargs=0) at line 3414
[1;36mdebug: [0mc_header: w_name=ldexpl
[1;36mdebug: [0mc_header: parsed function ldexpl with 2 params (varargs=0) at line 3417
[1;36mdebug: [0mc_header: w_name=__ldexpl
[1;36mdebug: [0mc_header: parsed function __ldexpl with 2 params (varargs=0) at line 3417
[1;36mdebug: [0mc_header: w_name=logl
[1;36mdebug: [0mc_header: parsed function logl with 1 params (varargs=0) at line 3420
[1;36mdebug: [0mc_header: w_name=__logl
[1;36mdebug: [0mc_header: parsed function __logl with 1 params (varargs=0) at line 3420
[1;36mdebug: [0mc_header: w_name=log10l
[1;36mdebug: [0mc_header: parsed function log10l with 1 params (varargs=0) at line 3423
[1;36mdebug: [0mc_header: w_name=__log10l
[1;36mdebug: [0mc_header: parsed function __log10l with 1 params (varargs=0) at line 3423
[1;36mdebug: [0mc_header: w_name=modfl
[1;36mdebug: [0mc_header: parsed function modfl with 2 params (varargs=0) at line 3426
[1;36mdebug: [0mc_header: w_name=__modfl
[1;36mdebug: [0mc_header: parsed function __modfl with 2 params (varargs=0) at line 3426
[1;36mdebug: [0mc_header: w_name=exp10l
[1;36mdebug: [0mc_header: parsed function exp10l with 1 params (varargs=0) at line 3430
[1;36mdebug: [0mc_header: w_name=__exp10l
[1;36mdebug: [0mc_header: parsed function __exp10l with 1 params (varargs=0) at line 3430
[1;36mdebug: [0mc_header: w_name=exp2m1l
[1;36mdebug: [0mc_header: parsed function exp2m1l with 1 params (varargs=0) at line 3433
[1;36mdebug: [0mc_header: w_name=__exp2m1l
[1;36mdebug: [0mc_header: parsed function __exp2m1l with 1 params (varargs=0) at line 3433
[1;36mdebug: [0mc_header: w_name=exp10m1l
[1;36mdebug: [0mc_header: parsed function exp10m1l with 1 params (varargs=0) at line 3436
[1;36mdebug: [0mc_header: w_name=__exp10m1l
[1;36mdebug: [0mc_header: parsed function __exp10m1l with 1 params (varargs=0) at line 3436
[1;36mdebug: [0mc_header: w_name=log2p1l
[1;36mdebug: [0mc_header: parsed function log2p1l with 1 params (varargs=0) at line 3439
[1;36mdebug: [0mc_header: w_name=__log2p1l
[1;36mdebug: [0mc_header: parsed function __log2p1l with 1 params (varargs=0) at line 3439
[1;36mdebug: [0mc_header: w_name=log10p1l
[1;36mdebug: [0mc_header: parsed function log10p1l with 1 params (varargs=0) at line 3442
[1;36mdebug: [0mc_header: w_name=__log10p1l
[1;36mdebug: [0mc_header: parsed function __log10p1l with 1 params (varargs=0) at line 3442
[1;36mdebug: [0mc_header: w_name=logp1l
[1;36mdebug: [0mc_header: parsed function logp1l with 1 params (varargs=0) at line 3445
[1;36mdebug: [0mc_header: w_name=__logp1l
[1;36mdebug: [0mc_header: parsed function __logp1l with 1 params (varargs=0) at line 3445
[1;36mdebug: [0mc_header: w_name=expm1l
[1;36mdebug: [0mc_header: parsed function expm1l with 1 params (varargs=0) at line 3450
[1;36mdebug: [0mc_header: w_name=__expm1l
[1;36mdebug: [0mc_header: parsed function __expm1l with 1 params (varargs=0) at line 3450
[1;36mdebug: [0mc_header: w_name=log1pl
[1;36mdebug: [0mc_header: parsed function log1pl with 1 params (varargs=0) at line 3453
[1;36mdebug: [0mc_header: w_name=__log1pl
[1;36mdebug: [0mc_header: parsed function __log1pl with 1 params (varargs=0) at line 3453
[1;36mdebug: [0mc_header: w_name=logbl
[1;36mdebug: [0mc_header: parsed function logbl with 1 params (varargs=0) at line 3456
[1;36mdebug: [0mc_header: w_name=__logbl
[1;36mdebug: [0mc_header: parsed function __logbl with 1 params (varargs=0) at line 3456
[1;36mdebug: [0mc_header: w_name=exp2l
[1;36mdebug: [0mc_header: parsed function exp2l with 1 params (varargs=0) at line 3461
[1;36mdebug: [0mc_header: w_name=__exp2l
[1;36mdebug: [0mc_header: parsed function __exp2l with 1 params (varargs=0) at line 3461
[1;36mdebug: [0mc_header: w_name=log2l
[1;36mdebug: [0mc_header: parsed function log2l with 1 params (varargs=0) at line 3464
[1;36mdebug: [0mc_header: w_name=__log2l
[1;36mdebug: [0mc_header: parsed function __log2l with 1 params (varargs=0) at line 3464
[1;36mdebug: [0mc_header: w_name=powl
[1;36mdebug: [0mc_header: parsed function powl with 2 params (varargs=0) at line 3471
[1;36mdebug: [0mc_header: w_name=__powl
[1;36mdebug: [0mc_header: parsed function __powl with 2 params (varargs=0) at line 3471
[1;36mdebug: [0mc_header: w_name=sqrtl
[1;36mdebug: [0mc_header: parsed function sqrtl with 1 params (varargs=0) at line 3474
[1;36mdebug: [0mc_header: w_name=__sqrtl
[1;36mdebug: [0mc_header: parsed function __sqrtl with 1 params (varargs=0) at line 3474
[1;36mdebug: [0mc_header: w_name=hypotl
[1;36mdebug: [0mc_header: parsed function hypotl with 2 params (varargs=0) at line 3478
[1;36mdebug: [0mc_header: w_name=__hypotl
[1;36mdebug: [0mc_header: parsed function __hypotl with 2 params (varargs=0) at line 3478
[1;36mdebug: [0mc_header: w_name=cbrtl
[1;36mdebug: [0mc_header: parsed function cbrtl with 1 params (varargs=0) at line 3483
[1;36mdebug: [0mc_header: w_name=__cbrtl
[1;36mdebug: [0mc_header: parsed function __cbrtl with 1 params (varargs=0) at line 3483
[1;36mdebug: [0mc_header: w_name=compoundnl
[1;36mdebug: [0mc_header: parsed function compoundnl with 2 params (varargs=0) at line 3488
[1;36mdebug: [0mc_header: w_name=__compoundnl
[1;36mdebug: [0mc_header: parsed function __compoundnl with 2 params (varargs=0) at line 3488
[1;36mdebug: [0mc_header: w_name=pownl
[1;36mdebug: [0mc_header: parsed function pownl with 2 params (varargs=0) at line 3491
[1;36mdebug: [0mc_header: w_name=__pownl
[1;36mdebug: [0mc_header: parsed function __pownl with 2 params (varargs=0) at line 3491
[1;36mdebug: [0mc_header: w_name=powrl
[1;36mdebug: [0mc_header: parsed function powrl with 2 params (varargs=0) at line 3494
[1;36mdebug: [0mc_header: w_name=__powrl
[1;36mdebug: [0mc_header: parsed function __powrl with 2 params (varargs=0) at line 3494
[1;36mdebug: [0mc_header: w_name=powrl
[1;36mdebug: [0mc_header: parsed function powrl with 2 params (varargs=0) at line 3495
[1;36mdebug: [0mc_header: w_name=__powrl
[1;36mdebug: [0mc_header: parsed function __powrl with 2 params (varargs=0) at line 3495
[1;36mdebug: [0mc_header: w_name=rootnl
[1;36mdebug: [0mc_header: parsed function rootnl with 2 params (varargs=0) at line 3498
[1;36mdebug: [0mc_header: w_name=__rootnl
[1;36mdebug: [0mc_header: parsed function __rootnl with 2 params (varargs=0) at line 3498
[1;36mdebug: [0mc_header: w_name=rsqrtl
[1;36mdebug: [0mc_header: parsed function rsqrtl with 1 params (varargs=0) at line 3501
[1;36mdebug: [0mc_header: w_name=__rsqrtl
[1;36mdebug: [0mc_header: parsed function __rsqrtl with 1 params (varargs=0) at line 3501
[1;36mdebug: [0mc_header: w_name=ceill
[1;36mdebug: [0mc_header: parsed function ceill with 1 params (varargs=0) at line 3508
[1;36mdebug: [0mc_header: w_name=fabsl
[1;36mdebug: [0mc_header: parsed function fabsl with 1 params (varargs=0) at line 3511
[1;36mdebug: [0mc_header: w_name=floorl
[1;36mdebug: [0mc_header: parsed function floorl with 1 params (varargs=0) at line 3514
[1;36mdebug: [0mc_header: w_name=fmodl
[1;36mdebug: [0mc_header: parsed function fmodl with 2 params (varargs=0) at line 3517
[1;36mdebug: [0mc_header: w_name=__fmodl
[1;36mdebug: [0mc_header: parsed function __fmodl with 2 params (varargs=0) at line 3517
[1;36mdebug: [0mc_header: w_name=isinfl
[1;36mdebug: [0mc_header: parsed function isinfl with 1 params (varargs=0) at line 3519
[1;36mdebug: [0mc_header: w_name=finitel
[1;36mdebug: [0mc_header: parsed function finitel with 1 params (varargs=0) at line 3525
[1;36mdebug: [0mc_header: w_name=dreml
[1;36mdebug: [0mc_header: parsed function dreml with 2 params (varargs=0) at line 3529
[1;36mdebug: [0mc_header: w_name=__dreml
[1;36mdebug: [0mc_header: parsed function __dreml with 2 params (varargs=0) at line 3529
[1;36mdebug: [0mc_header: w_name=significandl
[1;36mdebug: [0mc_header: parsed function significandl with 1 params (varargs=0) at line 3533
[1;36mdebug: [0mc_header: w_name=__significandl
[1;36mdebug: [0mc_header: parsed function __significandl with 1 params (varargs=0) at line 3533
[1;36mdebug: [0mc_header: w_name=copysignl
[1;36mdebug: [0mc_header: parsed function copysignl with 2 params (varargs=0) at line 3540
[1;36mdebug: [0mc_header: w_name=nanl
[1;36mdebug: [0mc_header: parsed function nanl with 1 params (varargs=0) at line 3545
[1;36mdebug: [0mc_header: w_name=__nanl
[1;36mdebug: [0mc_header: parsed function __nanl with 1 params (varargs=0) at line 3545
[1;36mdebug: [0mc_header: w_name=isnanl
[1;36mdebug: [0mc_header: parsed function isnanl with 1 params (varargs=0) at line 3547
[1;36mdebug: [0mc_header: w_name=j0l
[1;36mdebug: [0mc_header: parsed function j0l with 1 params (varargs=0) at line 3554
[1;36mdebug: [0mc_header: w_name=__j0l
[1;36mdebug: [0mc_header: parsed function __j0l with 1 params (varargs=0) at line 3554
[1;36mdebug: [0mc_header: w_name=j1l
[1;36mdebug: [0mc_header: parsed function j1l with 1 params (varargs=0) at line 3555
[1;36mdebug: [0mc_header: w_name=__j1l
[1;36mdebug: [0mc_header: parsed function __j1l with 1 params (varargs=0) at line 3555
[1;36mdebug: [0mc_header: w_name=jnl
[1;36mdebug: [0mc_header: parsed function jnl with 2 params (varargs=0) at line 3556
[1;36mdebug: [0mc_header: w_name=__jnl
[1;36mdebug: [0mc_header: parsed function __jnl with 2 params (varargs=0) at line 3556
[1;36mdebug: [0mc_header: w_name=y0l
[1;36mdebug: [0mc_header: parsed function y0l with 1 params (varargs=0) at line 3557
[1;36mdebug: [0mc_header: w_name=__y0l
[1;36mdebug: [0mc_header: parsed function __y0l with 1 params (varargs=0) at line 3557
[1;36mdebug: [0mc_header: w_name=y1l
[1;36mdebug: [0mc_header: parsed function y1l with 1 params (varargs=0) at line 3558
[1;36mdebug: [0mc_header: w_name=__y1l
[1;36mdebug: [0mc_header: parsed function __y1l with 1 params (varargs=0) at line 3558
[1;36mdebug: [0mc_header: w_name=ynl
[1;36mdebug: [0mc_header: parsed function ynl with 2 params (varargs=0) at line 3559
[1;36mdebug: [0mc_header: w_name=__ynl
[1;36mdebug: [0mc_header: parsed function __ynl with 2 params (varargs=0) at line 3559
[1;36mdebug: [0mc_header: w_name=erfl
[1;36mdebug: [0mc_header: parsed function erfl with 1 params (varargs=0) at line 3565
[1;36mdebug: [0mc_header: w_name=__erfl
[1;36mdebug: [0mc_header: parsed function __erfl with 1 params (varargs=0) at line 3565
[1;36mdebug: [0mc_header: w_name=erfcl
[1;36mdebug: [0mc_header: parsed function erfcl with 1 params (varargs=0) at line 3566
[1;36mdebug: [0mc_header: w_name=__erfcl
[1;36mdebug: [0mc_header: parsed function __erfcl with 1 params (varargs=0) at line 3566
[1;36mdebug: [0mc_header: w_name=lgammal
[1;36mdebug: [0mc_header: parsed function lgammal with 1 params (varargs=0) at line 3567
[1;36mdebug: [0mc_header: w_name=__lgammal
[1;36mdebug: [0mc_header: parsed function __lgammal with 1 params (varargs=0) at line 3567
[1;36mdebug: [0mc_header: w_name=tgammal
[1;36mdebug: [0mc_header: parsed function tgammal with 1 params (varargs=0) at line 3572
[1;36mdebug: [0mc_header: w_name=__tgammal
[1;36mdebug: [0mc_header: parsed function __tgammal with 1 params (varargs=0) at line 3572
[1;36mdebug: [0mc_header: w_name=gammal
[1;36mdebug: [0mc_header: parsed function gammal with 1 params (varargs=0) at line 3578
[1;36mdebug: [0mc_header: w_name=__gammal
[1;36mdebug: [0mc_header: parsed function __gammal with 1 params (varargs=0) at line 3578
[1;36mdebug: [0mc_header: w_name=lgammal_r
[1;36mdebug: [0mc_header: parsed function lgammal_r with 2 params (varargs=0) at line 3586
[1;36mdebug: [0mc_header: w_name=__lgammal_r
[1;36mdebug: [0mc_header: parsed function __lgammal_r with 2 params (varargs=0) at line 3586
[1;36mdebug: [0mc_header: w_name=rintl
[1;36mdebug: [0mc_header: parsed function rintl with 1 params (varargs=0) at line 3593
[1;36mdebug: [0mc_header: w_name=__rintl
[1;36mdebug: [0mc_header: parsed function __rintl with 1 params (varargs=0) at line 3593
[1;36mdebug: [0mc_header: w_name=nextafterl
[1;36mdebug: [0mc_header: parsed function nextafterl with 2 params (varargs=0) at line 3596
[1;36mdebug: [0mc_header: w_name=__nextafterl
[1;36mdebug: [0mc_header: parsed function __nextafterl with 2 params (varargs=0) at line 3596
[1;36mdebug: [0mc_header: w_name=nexttowardl
[1;36mdebug: [0mc_header: parsed function nexttowardl with 2 params (varargs=0) at line 3598
[1;36mdebug: [0mc_header: w_name=__nexttowardl
[1;36mdebug: [0mc_header: parsed function __nexttowardl with 2 params (varargs=0) at line 3598
[1;36mdebug: [0mc_header: w_name=nextdownl
[1;36mdebug: [0mc_header: parsed function nextdownl with 1 params (varargs=0) at line 3603
[1;36mdebug: [0mc_header: w_name=__nextdownl
[1;36mdebug: [0mc_header: parsed function __nextdownl with 1 params (varargs=0) at line 3603
[1;36mdebug: [0mc_header: w_name=nextupl
[1;36mdebug: [0mc_header: parsed function nextupl with 1 params (varargs=0) at line 3605
[1;36mdebug: [0mc_header: w_name=__nextupl
[1;36mdebug: [0mc_header: parsed function __nextupl with 1 params (varargs=0) at line 3605
[1;36mdebug: [0mc_header: w_name=remainderl
[1;36mdebug: [0mc_header: parsed function remainderl with 2 params (varargs=0) at line 3609
[1;36mdebug: [0mc_header: w_name=__remainderl
[1;36mdebug: [0mc_header: parsed function __remainderl with 2 params (varargs=0) at line 3609
[1;36mdebug: [0mc_header: w_name=scalbnl
[1;36mdebug: [0mc_header: parsed function scalbnl with 2 params (varargs=0) at line 3613
[1;36mdebug: [0mc_header: w_name=__scalbnl
[1;36mdebug: [0mc_header: parsed function __scalbnl with 2 params (varargs=0) at line 3613
[1;36mdebug: [0mc_header: w_name=ilogbl
[1;36mdebug: [0mc_header: parsed function ilogbl with 1 params (varargs=0) at line 3617
[1;36mdebug: [0mc_header: w_name=__ilogbl
[1;36mdebug: [0mc_header: parsed function __ilogbl with 1 params (varargs=0) at line 3617
[1;36mdebug: [0mc_header: w_name=llogbl
[1;36mdebug: [0mc_header: parsed function llogbl with 1 params (varargs=0) at line 3622
[1;36mdebug: [0mc_header: w_name=__llogbl
[1;36mdebug: [0mc_header: parsed function __llogbl with 1 params (varargs=0) at line 3622
[1;36mdebug: [0mc_header: w_name=scalblnl
[1;36mdebug: [0mc_header: parsed function scalblnl with 2 params (varargs=0) at line 3627
[1;36mdebug: [0mc_header: w_name=__scalblnl
[1;36mdebug: [0mc_header: parsed function __scalblnl with 2 params (varargs=0) at line 3627
[1;36mdebug: [0mc_header: w_name=nearbyintl
[1;36mdebug: [0mc_header: parsed function nearbyintl with 1 params (varargs=0) at line 3631
[1;36mdebug: [0mc_header: w_name=__nearbyintl
[1;36mdebug: [0mc_header: parsed function __nearbyintl with 1 params (varargs=0) at line 3631
[1;36mdebug: [0mc_header: w_name=roundl
[1;36mdebug: [0mc_header: parsed function roundl with 1 params (varargs=0) at line 3635
[1;36mdebug: [0mc_header: w_name=truncl
[1;36mdebug: [0mc_header: parsed function truncl with 1 params (varargs=0) at line 3639
[1;36mdebug: [0mc_header: w_name=remquol
[1;36mdebug: [0mc_header: parsed function remquol with 3 params (varargs=0) at line 3644
[1;36mdebug: [0mc_header: w_name=__remquol
[1;36mdebug: [0mc_header: parsed function __remquol with 3 params (varargs=0) at line 3644
[1;36mdebug: [0mc_header: w_name=lrintl
[1;36mdebug: [0mc_header: parsed function lrintl with 1 params (varargs=0) at line 3651
[1;36mdebug: [0mc_header: w_name=__lrintl
[1;36mdebug: [0mc_header: parsed function __lrintl with 1 params (varargs=0) at line 3651
[1;36mdebug: [0mc_header: w_name=llrintl
[1;36mdebug: [0mc_header: parsed function llrintl with 1 params (varargs=0) at line 3653
[1;36mdebug: [0mc_header: w_name=__llrintl
[1;36mdebug: [0mc_header: parsed function __llrintl with 1 params (varargs=0) at line 3653
[1;36mdebug: [0mc_header: w_name=lroundl
[1;36mdebug: [0mc_header: parsed function lroundl with 1 params (varargs=0) at line 3657
[1;36mdebug: [0mc_header: w_name=__lroundl
[1;36mdebug: [0mc_header: parsed function __lroundl with 1 params (varargs=0) at line 3657
[1;36mdebug: [0mc_header: w_name=llroundl
[1;36mdebug: [0mc_header: parsed function llroundl with 1 params (varargs=0) at line 3659
[1;36mdebug: [0mc_header: w_name=__llroundl
[1;36mdebug: [0mc_header: parsed function __llroundl with 1 params (varargs=0) at line 3659
[1;36mdebug: [0mc_header: w_name=fdiml
[1;36mdebug: [0mc_header: parsed function fdiml with 2 params (varargs=0) at line 3663
[1;36mdebug: [0mc_header: w_name=__fdiml
[1;36mdebug: [0mc_header: parsed function __fdiml with 2 params (varargs=0) at line 3663
[1;36mdebug: [0mc_header: w_name=fmaxl
[1;36mdebug: [0mc_header: parsed function fmaxl with 2 params (varargs=0) at line 3667
[1;36mdebug: [0mc_header: w_name=fminl
[1;36mdebug: [0mc_header: parsed function fminl with 2 params (varargs=0) at line 3670
[1;36mdebug: [0mc_header: w_name=fmal
[1;36mdebug: [0mc_header: parsed function fmal with 3 params (varargs=0) at line 3674
[1;36mdebug: [0mc_header: w_name=__fmal
[1;36mdebug: [0mc_header: parsed function __fmal with 3 params (varargs=0) at line 3674
[1;36mdebug: [0mc_header: w_name=roundevenl
[1;36mdebug: [0mc_header: parsed function roundevenl with 1 params (varargs=0) at line 3679
[1;36mdebug: [0mc_header: w_name=fromfpl
[1;36mdebug: [0mc_header: parsed function fromfpl with 3 params (varargs=0) at line 3683
[1;36mdebug: [0mc_header: w_name=__fromfpl
[1;36mdebug: [0mc_header: parsed function __fromfpl with 3 params (varargs=0) at line 3683
[1;36mdebug: [0mc_header: w_name=ufromfpl
[1;36mdebug: [0mc_header: parsed function ufromfpl with 3 params (varargs=0) at line 3687
[1;36mdebug: [0mc_header: w_name=__ufromfpl
[1;36mdebug: [0mc_header: parsed function __ufromfpl with 3 params (varargs=0) at line 3687
[1;36mdebug: [0mc_header: w_name=fromfpxl
[1;36mdebug: [0mc_header: parsed function fromfpxl with 3 params (varargs=0) at line 3692
[1;36mdebug: [0mc_header: w_name=__fromfpxl
[1;36mdebug: [0mc_header: parsed function __fromfpxl with 3 params (varargs=0) at line 3692
[1;36mdebug: [0mc_header: w_name=ufromfpxl
[1;36mdebug: [0mc_header: parsed function ufromfpxl with 3 params (varargs=0) at line 3697
[1;36mdebug: [0mc_header: w_name=__ufromfpxl
[1;36mdebug: [0mc_header: parsed function __ufromfpxl with 3 params (varargs=0) at line 3697
[1;36mdebug: [0mc_header: w_name=canonicalizel
[1;36mdebug: [0mc_header: parsed function canonicalizel with 2 params (varargs=0) at line 3700
[1;36mdebug: [0mc_header: w_name=fmaximuml
[1;36mdebug: [0mc_header: parsed function fmaximuml with 2 params (varargs=0) at line 3702
[1;36mdebug: [0mc_header: w_name=fminimuml
[1;36mdebug: [0mc_header: parsed function fminimuml with 2 params (varargs=0) at line 3705
[1;36mdebug: [0mc_header: w_name=fmaximum_numl
[1;36mdebug: [0mc_header: parsed function fmaximum_numl with 2 params (varargs=0) at line 3708
[1;36mdebug: [0mc_header: w_name=fminimum_numl
[1;36mdebug: [0mc_header: parsed function fminimum_numl with 2 params (varargs=0) at line 3711
[1;36mdebug: [0mc_header: w_name=fmaximum_magl
[1;36mdebug: [0mc_header: parsed function fmaximum_magl with 2 params (varargs=0) at line 3714
[1;36mdebug: [0mc_header: w_name=fminimum_magl
[1;36mdebug: [0mc_header: parsed function fminimum_magl with 2 params (varargs=0) at line 3717
[1;36mdebug: [0mc_header: w_name=fmaximum_mag_numl
[1;36mdebug: [0mc_header: parsed function fmaximum_mag_numl with 2 params (varargs=0) at line 3720
[1;36mdebug: [0mc_header: w_name=fminimum_mag_numl
[1;36mdebug: [0mc_header: parsed function fminimum_mag_numl with 2 params (varargs=0) at line 3723
[1;36mdebug: [0mc_header: w_name=scalbl
[1;36mdebug: [0mc_header: parsed function scalbl with 2 params (varargs=0) at line 3725
[1;36mdebug: [0mc_header: w_name=__scalbl
[1;36mdebug: [0mc_header: parsed function __scalbl with 2 params (varargs=0) at line 3725
[1;36mdebug: [0mc_header: w_name=__fpclassifyf128
[1;36mdebug: [0mc_header: parsed function __fpclassifyf128 with 1 params (varargs=0) at line 3730
[1;36mdebug: [0mc_header: w_name=__signbitf128
[1;36mdebug: [0mc_header: parsed function __signbitf128 with 1 params (varargs=0) at line 3734
[1;36mdebug: [0mc_header: w_name=__isinff128
[1;36mdebug: [0mc_header: parsed function __isinff128 with 1 params (varargs=0) at line 3739
[1;36mdebug: [0mc_header: w_name=__finitef128
[1;36mdebug: [0mc_header: parsed function __finitef128 with 1 params (varargs=0) at line 3743
[1;36mdebug: [0mc_header: w_name=__isnanf128
[1;36mdebug: [0mc_header: parsed function __isnanf128 with 1 params (varargs=0) at line 3747
[1;36mdebug: [0mc_header: w_name=__iseqsigf128
[1;36mdebug: [0mc_header: parsed function __iseqsigf128 with 2 params (varargs=0) at line 3751
[1;36mdebug: [0mc_header: w_name=__issignalingf128
[1;36mdebug: [0mc_header: parsed function __issignalingf128 with 1 params (varargs=0) at line 3754
[1;36mdebug: [0mc_header: w_name=fadd
[1;36mdebug: [0mc_header: parsed function fadd with 2 params (varargs=0) at line 3760
[1;36mdebug: [0mc_header: w_name=fdiv
[1;36mdebug: [0mc_header: parsed function fdiv with 2 params (varargs=0) at line 3763
[1;36mdebug: [0mc_header: w_name=ffma
[1;36mdebug: [0mc_header: parsed function ffma with 3 params (varargs=0) at line 3766
[1;36mdebug: [0mc_header: w_name=fmul
[1;36mdebug: [0mc_header: parsed function fmul with 2 params (varargs=0) at line 3769
[1;36mdebug: [0mc_header: w_name=fsqrt
[1;36mdebug: [0mc_header: parsed function fsqrt with 1 params (varargs=0) at line 3772
[1;36mdebug: [0mc_header: w_name=fsub
[1;36mdebug: [0mc_header: parsed function fsub with 2 params (varargs=0) at line 3775
[1;36mdebug: [0mc_header: w_name=faddl
[1;36mdebug: [0mc_header: parsed function faddl with 2 params (varargs=0) at line 3780
[1;36mdebug: [0mc_header: w_name=fdivl
[1;36mdebug: [0mc_header: parsed function fdivl with 2 params (varargs=0) at line 3783
[1;36mdebug: [0mc_header: w_name=ffmal
[1;36mdebug: [0mc_header: parsed function ffmal with 3 params (varargs=0) at line 3786
[1;36mdebug: [0mc_header: w_name=fmull
[1;36mdebug: [0mc_header: parsed function fmull with 2 params (varargs=0) at line 3789
[1;36mdebug: [0mc_header: w_name=fsqrtl
[1;36mdebug: [0mc_header: parsed function fsqrtl with 1 params (varargs=0) at line 3792
[1;36mdebug: [0mc_header: w_name=fsubl
[1;36mdebug: [0mc_header: parsed function fsubl with 2 params (varargs=0) at line 3795
[1;36mdebug: [0mc_header: w_name=daddl
[1;36mdebug: [0mc_header: parsed function daddl with 2 params (varargs=0) at line 3800
[1;36mdebug: [0mc_header: w_name=ddivl
[1;36mdebug: [0mc_header: parsed function ddivl with 2 params (varargs=0) at line 3803
[1;36mdebug: [0mc_header: w_name=dfmal
[1;36mdebug: [0mc_header: parsed function dfmal with 3 params (varargs=0) at line 3806
[1;36mdebug: [0mc_header: w_name=dmull
[1;36mdebug: [0mc_header: parsed function dmull with 2 params (varargs=0) at line 3809
[1;36mdebug: [0mc_header: w_name=dsqrtl
[1;36mdebug: [0mc_header: parsed function dsqrtl with 1 params (varargs=0) at line 3812
[1;36mdebug: [0mc_header: w_name=dsubl
[1;36mdebug: [0mc_header: parsed function dsubl with 2 params (varargs=0) at line 3815
[1;36mdebug: [0mc_header: LOOP START token=1
[1;36mdebug: [0mc_header: LOOP START token=1
[1;36mdebug: [0mc_header: LOOP START token=1
[1;36mdebug: [0mc_header: LOOP START token=1
[1;36mdebug: [0mc_header: LOOP START token=1
[1;36mdebug: [0mc_header: w_name=__iscanonicall
[1;36mdebug: [0mc_header: parsed function __iscanonicall with 1 params (varargs=0) at line 3842
[1;36mdebug: [0mc_header: LOOP START token=73
[1;36mdebug: [0mc_header: LOOP START token=73
[1;36mdebug: [0mc_header: LOOP START token=73
[1;36mdebug: [0mc_header: LOOP START token=73
[1;36mdebug: [0mc_header: w_name=imaxabs
[1;36mdebug: [0mc_header: parsed function imaxabs with 1 params (varargs=0) at line 3876
[1;36mdebug: [0mc_header: w_name=imaxdiv
[1;36mdebug: [0mc_header: parsed function imaxdiv with 2 params (varargs=0) at line 3885
[1;36mdebug: [0mc_header: w_name=strtoimax
[1;36mdebug: [0mc_header: parsed function strtoimax with 3 params (varargs=0) at line 3889
[1;36mdebug: [0mc_header: w_name=strtoumax
[1;36mdebug: [0mc_header: parsed function strtoumax with 3 params (varargs=0) at line 3893
[1;36mdebug: [0mc_header: w_name=wcstoimax
[1;36mdebug: [0mc_header: parsed function wcstoimax with 3 params (varargs=0) at line 3898
[1;36mdebug: [0mc_header: w_name=wcstoumax
[1;36mdebug: [0mc_header: parsed function wcstoumax with 3 params (varargs=0) at line 3903
[1;36mdebug: [0mc_header: w_name=strtoimax
[1;36mdebug: [0mc_header: parsed function strtoimax with 3 params (varargs=0) at line 3909
[1;36mdebug: [0mc_header: w_name=strtoumax
[1;36mdebug: [0mc_header: parsed function strtoumax with 3 params (varargs=0) at line 3912
[1;36mdebug: [0mc_header: w_name=wcstoimax
[1;36mdebug: [0mc_header: parsed function wcstoimax with 3 params (varargs=0) at line 3915
[1;36mdebug: [0mc_header: w_name=wcstoumax
[1;36mdebug: [0mc_header: parsed function wcstoumax with 3 params (varargs=0) at line 3919
[1;36mdebug: [0mc_header: LOOP START token=59 line=3937 text='const'
[1;36mdebug: [0mc_header: LOOP START token=59 line=3939 text='const'
[1;36mdebug: [0mc_header: LOOP START token=59 line=3941 text='const'
[1;36mdebug: [0mc_header: LOOP START token=59 line=3946 text='const'
[1;36mdebug: [0mc_header: LOOP START token=72 line=3948 text='int'
[1;36mdebug: [0mc_header: LOOP START token=72 line=3950 text='int'
[1;36mdebug: [0mc_header: LOOP START token=59 line=3952 text='const'
[1;36mdebug: [0mc_header: LOOP START token=72 line=3954 text='int'
[1;36mdebug: [0mc_header: LOOP START token=59 line=3956 text='const'
[1;36mdebug: [0mc_header: LOOP START token=81 line=3961 text='struct'
[1;36mdebug: [0mc_header: LOOP START token=81 line=3963 text='struct'
[1;36mdebug: [0mc_header: w_name=wl_list_init
[1;36mdebug: [0mc_header: parsed function wl_list_init with 1 params (varargs=0) at line 3967
[1;36mdebug: [0mc_header: w_name=wl_list_insert
[1;36mdebug: [0mc_header: parsed function wl_list_insert with 2 params (varargs=0) at line 3970
[1;36mdebug: [0mc_header: w_name=wl_list_remove
[1;36mdebug: [0mc_header: parsed function wl_list_remove with 1 params (varargs=0) at line 3973
[1;36mdebug: [0mc_header: w_name=wl_list_length
[1;36mdebug: [0mc_header: parsed function wl_list_length with 1 params (varargs=0) at line 3976
[1;36mdebug: [0mc_header: w_name=wl_list_empty
[1;36mdebug: [0mc_header: parsed function wl_list_empty with 1 params (varargs=0) at line 3979
[1;36mdebug: [0mc_header: w_name=wl_list_insert_list
[1;36mdebug: [0mc_header: parsed function wl_list_insert_list with 2 params (varargs=0) at line 3982
[1;36mdebug: [0mc_header: LOOP START token=1 line=3986 text='size_t'
[1;36mdebug: [0mc_header: LOOP START token=1 line=3988 text='size_t'
[1;36mdebug: [0mc_header: LOOP START token=86 line=3990 text='void'
[1;36mdebug: [0mc_header: w_name=wl_array_init
[1;36mdebug: [0mc_header: parsed function wl_array_init with 1 params (varargs=0) at line 3994
[1;36mdebug: [0mc_header: w_name=wl_array_release
[1;36mdebug: [0mc_header: parsed function wl_array_release with 1 params (varargs=0) at line 3997
[1;36mdebug: [0mc_header: w_name=wl_array_add
[1;36mdebug: [0mc_header: parsed function wl_array_add with 2 params (varargs=0) at line 4000
[1;36mdebug: [0mc_header: w_name=wl_array_copy
[1;36mdebug: [0mc_header: parsed function wl_array_copy with 2 params (varargs=0) at line 4003
[1;36mdebug: [0mc_header: w_name=wl_fixed_to_double
[1;36mdebug: [0mc_header: parsed function wl_fixed_to_double with 1 params (varargs=0) at line 4009
[1;36mdebug: [0mc_header: w_name=wl_fixed_from_double
[1;36mdebug: [0mc_header: parsed function wl_fixed_from_double with 1 params (varargs=0) at line 4015
[1;36mdebug: [0mc_header: w_name=wl_fixed_to_int
[1;36mdebug: [0mc_header: parsed function wl_fixed_to_int with 1 params (varargs=0) at line 4021
[1;36mdebug: [0mc_header: w_name=wl_fixed_from_int
[1;36mdebug: [0mc_header: parsed function wl_fixed_from_int with 1 params (varargs=0) at line 4027
[1;36mdebug: [0mc_header: LOOP START token=1 line=4032 text='int32_t'
[1;36mdebug: [0mc_header: LOOP START token=1 line=4033 text='uint32_t'
[1;36mdebug: [0mc_header: LOOP START token=1 line=4034 text='wl_fixed_t'
[1;36mdebug: [0mc_header: LOOP START token=59 line=4035 text='const'
[1;36mdebug: [0mc_header: LOOP START token=81 line=4036 text='struct'
[1;36mdebug: [0mc_header: LOOP START token=1 line=4037 text='uint32_t'
[1;36mdebug: [0mc_header: LOOP START token=81 line=4038 text='struct'
[1;36mdebug: [0mc_header: LOOP START token=1 line=4039 text='int32_t'
[1;36mdebug: [0mc_header: LOOP START token=1
[1;36mdebug: [0mc_header: LOOP START token=1
[1;36mdebug: [0mc_header: LOOP START token=1
[1;36mdebug: [0mc_header: LOOP START token=1
[1;36mdebug: [0mc_header: LOOP START token=1
[1;36mdebug: [0mc_header: LOOP START token=1
[1;36mdebug: [0mc_header: w_name=wl_event_loop_create
[1;36mdebug: [0mc_header: parsed function wl_event_loop_create with 0 params (varargs=0) at line 4084
[1;36mdebug: [0mc_header: w_name=wl_event_loop_destroy
[1;36mdebug: [0mc_header: parsed function wl_event_loop_destroy with 1 params (varargs=0) at line 4087
[1;36mdebug: [0mc_header: w_name=wl_event_loop_add_fd
[1;36mdebug: [0mc_header: parsed function wl_event_loop_add_fd with 5 params (varargs=0) at line 4093
[1;36mdebug: [0mc_header: w_name=wl_event_source_fd_update
[1;36mdebug: [0mc_header: parsed function wl_event_source_fd_update with 2 params (varargs=0) at line 4096
[1;36mdebug: [0mc_header: w_name=wl_event_loop_add_timer
[1;36mdebug: [0mc_header: parsed function wl_event_loop_add_timer with 3 params (varargs=0) at line 4101
[1;36mdebug: [0mc_header: w_name=wl_event_loop_add_signal
[1;36mdebug: [0mc_header: parsed function wl_event_loop_add_signal with 4 params (varargs=0) at line 4107
[1;36mdebug: [0mc_header: w_name=wl_event_source_timer_update
[1;36mdebug: [0mc_header: parsed function wl_event_source_timer_update with 2 params (varargs=0) at line 4111
[1;36mdebug: [0mc_header: w_name=wl_event_source_remove
[1;36mdebug: [0mc_header: parsed function wl_event_source_remove with 1 params (varargs=0) at line 4114
[1;36mdebug: [0mc_header: w_name=wl_event_source_check
[1;36mdebug: [0mc_header: parsed function wl_event_source_check with 1 params (varargs=0) at line 4117
[1;36mdebug: [0mc_header: w_name=wl_event_loop_dispatch
[1;36mdebug: [0mc_header: parsed function wl_event_loop_dispatch with 2 params (varargs=0) at line 4120
[1;36mdebug: [0mc_header: w_name=wl_event_loop_dispatch_idle
[1;36mdebug: [0mc_header: parsed function wl_event_loop_dispatch_idle with 1 params (varargs=0) at line 4123
[1;36mdebug: [0mc_header: w_name=wl_event_loop_add_idle
[1;36mdebug: [0mc_header: parsed function wl_event_loop_add_idle with 3 params (varargs=0) at line 4128
[1;36mdebug: [0mc_header: w_name=wl_event_loop_get_fd
[1;36mdebug: [0mc_header: parsed function wl_event_loop_get_fd with 1 params (varargs=0) at line 4131
[1;36mdebug: [0mc_header: w_name=wl_event_loop_add_destroy_listener
[1;36mdebug: [0mc_header: parsed function wl_event_loop_add_destroy_listener with 2 params (varargs=0) at line 4139
[1;36mdebug: [0mc_header: w_name=wl_event_loop_get_destroy_listener
[1;36mdebug: [0mc_header: parsed function wl_event_loop_get_destroy_listener with 2 params (varargs=0) at line 4143
[1;36mdebug: [0mc_header: w_name=wl_display_create
[1;36mdebug: [0mc_header: parsed function wl_display_create with 0 params (varargs=0) at line 4146
[1;36mdebug: [0mc_header: w_name=wl_display_destroy
[1;36mdebug: [0mc_header: parsed function wl_display_destroy with 1 params (varargs=0) at line 4149
[1;36mdebug: [0mc_header: w_name=wl_display_get_event_loop
[1;36mdebug: [0mc_header: parsed function wl_display_get_event_loop with 1 params (varargs=0) at line 4152
[1;36mdebug: [0mc_header: w_name=wl_display_add_socket
[1;36mdebug: [0mc_header: parsed function wl_display_add_socket with 2 params (varargs=0) at line 4155
[1;36mdebug: [0mc_header: w_name=wl_display_add_socket_auto
[1;36mdebug: [0mc_header: parsed function wl_display_add_socket_auto with 1 params (varargs=0) at line 4158
[1;36mdebug: [0mc_header: w_name=wl_display_add_socket_fd
[1;36mdebug: [0mc_header: parsed function wl_display_add_socket_fd with 2 params (varargs=0) at line 4161
[1;36mdebug: [0mc_header: w_name=wl_display_remove_socket_fd
[1;36mdebug: [0mc_header: parsed function wl_display_remove_socket_fd with 2 params (varargs=0) at line 4164
[1;36mdebug: [0mc_header: w_name=wl_display_terminate
[1;36mdebug: [0mc_header: parsed function wl_display_terminate with 1 params (varargs=0) at line 4167
[1;36mdebug: [0mc_header: w_name=wl_display_run
[1;36mdebug: [0mc_header: parsed function wl_display_run with 1 params (varargs=0) at line 4170
[1;36mdebug: [0mc_header: w_name=wl_display_flush_clients
[1;36mdebug: [0mc_header: parsed function wl_display_flush_clients with 1 params (varargs=0) at line 4173
[1;36mdebug: [0mc_header: w_name=wl_display_destroy_clients
[1;36mdebug: [0mc_header: parsed function wl_display_destroy_clients with 1 params (varargs=0) at line 4176
[1;36mdebug: [0mc_header: w_name=wl_display_set_default_max_buffer_size
[1;36mdebug: [0mc_header: parsed function wl_display_set_default_max_buffer_size with 2 params (varargs=0) at line 4180
[1;36mdebug: [0mc_header: w_name=wl_display_get_serial
[1;36mdebug: [0mc_header: parsed function wl_display_get_serial with 1 params (varargs=0) at line 4191
[1;36mdebug: [0mc_header: w_name=wl_display_next_serial
[1;36mdebug: [0mc_header: parsed function wl_display_next_serial with 1 params (varargs=0) at line 4194
[1;36mdebug: [0mc_header: w_name=wl_display_add_destroy_listener
[1;36mdebug: [0mc_header: parsed function wl_display_add_destroy_listener with 2 params (varargs=0) at line 4198
[1;36mdebug: [0mc_header: w_name=wl_display_add_client_created_listener
[1;36mdebug: [0mc_header: parsed function wl_display_add_client_created_listener with 2 params (varargs=0) at line 4202
[1;36mdebug: [0mc_header: w_name=wl_display_get_destroy_listener
[1;36mdebug: [0mc_header: parsed function wl_display_get_destroy_listener with 2 params (varargs=0) at line 4206
[1;36mdebug: [0mc_header: w_name=wl_global_create
[1;36mdebug: [0mc_header: parsed function wl_global_create with 5 params (varargs=0) at line 4212
[1;36mdebug: [0mc_header: w_name=wl_global_remove
[1;36mdebug: [0mc_header: parsed function wl_global_remove with 1 params (varargs=0) at line 4215
[1;36mdebug: [0mc_header: w_name=wl_global_set_withdrawn_listener
[1;36mdebug: [0mc_header: parsed function wl_global_set_withdrawn_listener with 2 params (varargs=0) at line 4219
[1;36mdebug: [0mc_header: w_name=wl_global_destroy
[1;36mdebug: [0mc_header: parsed function wl_global_destroy with 1 params (varargs=0) at line 4222
[1;36mdebug: [0mc_header: w_name=wl_display_set_global_filter
[1;36mdebug: [0mc_header: parsed function wl_display_set_global_filter with 3 params (varargs=0) at line 4231
[1;36mdebug: [0mc_header: w_name=wl_global_get_interface
[1;36mdebug: [0mc_header: parsed function wl_global_get_interface with 1 params (varargs=0) at line 4234
[1;36mdebug: [0mc_header: w_name=wl_global_get_name
[1;36mdebug: [0mc_header: parsed function wl_global_get_name with 2 params (varargs=0) at line 4238
[1;36mdebug: [0mc_header: w_name=wl_global_get_version
[1;36mdebug: [0mc_header: parsed function wl_global_get_version with 1 params (varargs=0) at line 4241
[1;36mdebug: [0mc_header: w_name=wl_global_get_display
[1;36mdebug: [0mc_header: parsed function wl_global_get_display with 1 params (varargs=0) at line 4244
[1;36mdebug: [0mc_header: w_name=wl_global_get_user_data
[1;36mdebug: [0mc_header: parsed function wl_global_get_user_data with 1 params (varargs=0) at line 4247
[1;36mdebug: [0mc_header: w_name=wl_global_set_user_data
[1;36mdebug: [0mc_header: parsed function wl_global_set_user_data with 2 params (varargs=0) at line 4250
[1;36mdebug: [0mc_header: w_name=wl_client_create
[1;36mdebug: [0mc_header: parsed function wl_client_create with 2 params (varargs=0) at line 4253
[1;36mdebug: [0mc_header: w_name=wl_display_get_client_list
[1;36mdebug: [0mc_header: parsed function wl_display_get_client_list with 1 params (varargs=0) at line 4256
[1;36mdebug: [0mc_header: w_name=wl_client_get_link
[1;36mdebug: [0mc_header: parsed function wl_client_get_link with 1 params (varargs=0) at line 4259
[1;36mdebug: [0mc_header: w_name=wl_client_from_link
[1;36mdebug: [0mc_header: parsed function wl_client_from_link with 1 params (varargs=0) at line 4262
[1;36mdebug: [0mc_header: w_name=wl_client_destroy
[1;36mdebug: [0mc_header: parsed function wl_client_destroy with 1 params (varargs=0) at line 4271
[1;36mdebug: [0mc_header: w_name=wl_client_flush
[1;36mdebug: [0mc_header: parsed function wl_client_flush with 1 params (varargs=0) at line 4274
[1;36mdebug: [0mc_header: w_name=wl_client_get_credentials
[1;36mdebug: [0mc_header: parsed function wl_client_get_credentials with 4 params (varargs=0) at line 4278
[1;36mdebug: [0mc_header: w_name=wl_client_get_fd
[1;36mdebug: [0mc_header: parsed function wl_client_get_fd with 1 params (varargs=0) at line 4281
[1;36mdebug: [0mc_header: w_name=wl_client_add_destroy_listener
[1;36mdebug: [0mc_header: parsed function wl_client_add_destroy_listener with 2 params (varargs=0) at line 4285
[1;36mdebug: [0mc_header: w_name=wl_client_get_destroy_listener
[1;36mdebug: [0mc_header: parsed function wl_client_get_destroy_listener with 2 params (varargs=0) at line 4289
[1;36mdebug: [0mc_header: w_name=wl_client_add_destroy_late_listener
[1;36mdebug: [0mc_header: parsed function wl_client_add_destroy_late_listener with 2 params (varargs=0) at line 4293
[1;36mdebug: [0mc_header: w_name=wl_client_get_destroy_late_listener
[1;36mdebug: [0mc_header: parsed function wl_client_get_destroy_late_listener with 2 params (varargs=0) at line 4297
[1;36mdebug: [0mc_header: w_name=wl_client_get_object
[1;36mdebug: [0mc_header: parsed function wl_client_get_object with 2 params (varargs=0) at line 4300
[1;36mdebug: [0mc_header: w_name=wl_client_post_no_memory
[1;36mdebug: [0mc_header: parsed function wl_client_post_no_memory with 1 params (varargs=0) at line 4303
[1;36mdebug: [0mc_header: w_name=wl_client_post_implementation_error
[1;36mdebug: [0mc_header: parsed function wl_client_post_implementation_error with 2 params (varargs=1) at line 4307
[1;36mdebug: [0mc_header: w_name=wl_client_add_resource_created_listener
[1;36mdebug: [0mc_header: parsed function wl_client_add_resource_created_listener with 2 params (varargs=0) at line 4311
[1;36mdebug: [0mc_header: w_name=wl_client_for_each_resource
[1;36mdebug: [0mc_header: parsed function wl_client_for_each_resource with 3 params (varargs=0) at line 4321
[1;36mdebug: [0mc_header: w_name=wl_client_set_user_data
[1;36mdebug: [0mc_header: parsed function wl_client_set_user_data with 3 params (varargs=0) at line 4328
[1;36mdebug: [0mc_header: w_name=wl_client_get_user_data
[1;36mdebug: [0mc_header: parsed function wl_client_get_user_data with 1 params (varargs=0) at line 4331
[1;36mdebug: [0mc_header: w_name=wl_client_set_max_buffer_size
[1;36mdebug: [0mc_header: parsed function wl_client_set_max_buffer_size with 2 params (varargs=0) at line 4334
[1;36mdebug: [0mc_header: LOOP START token=81 line=4338 text='struct'
[1;36mdebug: [0mc_header: LOOP START token=1 line=4341 text='wl_notify_func_t'
[1;36mdebug: [0mc_header: LOOP START token=81 line=4345 text='struct'
[1;36mdebug: [0mc_header: w_name=wl_signal_init
[1;36mdebug: [0mc_header: parsed function wl_signal_init with 1 params (varargs=0) at line 4356
[1;36mdebug: [0mc_header: w_name=wl_signal_add
[1;36mdebug: [0mc_header: parsed function wl_signal_add with 2 params (varargs=0) at line 4362
[1;36mdebug: [0mc_header: w_name=wl_signal_get
[1;36mdebug: [0mc_header: parsed function wl_signal_get with 2 params (varargs=0) at line 4368
[1;36mdebug: [0mc_header: w_name=wl_signal_emit
[1;36mdebug: [0mc_header: parsed function wl_signal_emit with 2 params (varargs=0) at line 4380
[1;36mdebug: [0mc_header: w_name=wl_signal_emit_mutable
[1;36mdebug: [0mc_header: parsed function wl_signal_emit_mutable with 2 params (varargs=0) at line 4388
[1;36mdebug: [0mc_header: w_name=wl_resource_post_event
[1;36mdebug: [0mc_header: parsed function wl_resource_post_event with 2 params (varargs=1) at line 4394
[1;36mdebug: [0mc_header: w_name=wl_resource_post_event_array
[1;36mdebug: [0mc_header: parsed function wl_resource_post_event_array with 3 params (varargs=0) at line 4398
[1;36mdebug: [0mc_header: w_name=wl_resource_queue_event
[1;36mdebug: [0mc_header: parsed function wl_resource_queue_event with 2 params (varargs=1) at line 4402
[1;36mdebug: [0mc_header: w_name=wl_resource_queue_event_array
[1;36mdebug: [0mc_header: parsed function wl_resource_queue_event_array with 3 params (varargs=0) at line 4406
[1;36mdebug: [0mc_header: w_name=wl_resource_post_error_vargs
[1;36mdebug: [0mc_header: parsed function wl_resource_post_error_vargs with 4 params (varargs=0) at line 4410
[1;36mdebug: [0mc_header: w_name=wl_resource_post_error
[1;36mdebug: [0mc_header: parsed function wl_resource_post_error with 3 params (varargs=1) at line 4414
[1;36mdebug: [0mc_header: w_name=wl_resource_post_no_memory
[1;36mdebug: [0mc_header: parsed function wl_resource_post_no_memory with 1 params (varargs=0) at line 4417
[1;36mdebug: [0mc_header: w_name=wl_client_get_display
[1;36mdebug: [0mc_header: parsed function wl_client_get_display with 1 params (varargs=0) at line 4420
[1;36mdebug: [0mc_header: w_name=wl_resource_create
[1;36mdebug: [0mc_header: parsed function wl_resource_create with 4 params (varargs=0) at line 4425
[1;36mdebug: [0mc_header: w_name=wl_resource_set_implementation
[1;36mdebug: [0mc_header: parsed function wl_resource_set_implementation with 4 params (varargs=0) at line 4431
[1;36mdebug: [0mc_header: w_name=wl_resource_set_dispatcher
[1;36mdebug: [0mc_header: parsed function wl_resource_set_dispatcher with 5 params (varargs=0) at line 4438
[1;36mdebug: [0mc_header: w_name=wl_resource_destroy
[1;36mdebug: [0mc_header: parsed function wl_resource_destroy with 1 params (varargs=0) at line 4441
[1;36mdebug: [0mc_header: w_name=wl_resource_get_id
[1;36mdebug: [0mc_header: parsed function wl_resource_get_id with 1 params (varargs=0) at line 4444
[1;36mdebug: [0mc_header: w_name=wl_resource_get_link
[1;36mdebug: [0mc_header: parsed function wl_resource_get_link with 1 params (varargs=0) at line 4447
[1;36mdebug: [0mc_header: w_name=wl_resource_from_link
[1;36mdebug: [0mc_header: parsed function wl_resource_from_link with 1 params (varargs=0) at line 4450
[1;36mdebug: [0mc_header: w_name=wl_resource_find_for_client
[1;36mdebug: [0mc_header: parsed function wl_resource_find_for_client with 2 params (varargs=0) at line 4453
[1;36mdebug: [0mc_header: w_name=wl_resource_get_client
[1;36mdebug: [0mc_header: parsed function wl_resource_get_client with 1 params (varargs=0) at line 4456
[1;36mdebug: [0mc_header: w_name=wl_resource_set_user_data
[1;36mdebug: [0mc_header: parsed function wl_resource_set_user_data with 2 params (varargs=0) at line 4459
[1;36mdebug: [0mc_header: w_name=wl_resource_get_user_data
[1;36mdebug: [0mc_header: parsed function wl_resource_get_user_data with 1 params (varargs=0) at line 4462
[1;36mdebug: [0mc_header: w_name=wl_resource_get_version
[1;36mdebug: [0mc_header: parsed function wl_resource_get_version with 1 params (varargs=0) at line 4465
[1;36mdebug: [0mc_header: w_name=wl_resource_set_destructor
[1;36mdebug: [0mc_header: parsed function wl_resource_set_destructor with 2 params (varargs=0) at line 4469
[1;36mdebug: [0mc_header: w_name=wl_resource_instance_of
[1;36mdebug: [0mc_header: parsed function wl_resource_instance_of with 3 params (varargs=0) at line 4474
[1;36mdebug: [0mc_header: w_name=wl_resource_get_class
[1;36mdebug: [0mc_header: parsed function wl_resource_get_class with 1 params (varargs=0) at line 4477
[1;36mdebug: [0mc_header: w_name=wl_resource_get_interface
[1;36mdebug: [0mc_header: parsed function wl_resource_get_interface with 1 params (varargs=0) at line 4480
[1;36mdebug: [0mc_header: w_name=wl_resource_add_destroy_listener
[1;36mdebug: [0mc_header: parsed function wl_resource_add_destroy_listener with 2 params (varargs=0) at line 4484
[1;36mdebug: [0mc_header: w_name=wl_resource_get_destroy_listener
[1;36mdebug: [0mc_header: parsed function wl_resource_get_destroy_listener with 2 params (varargs=0) at line 4488
[1;36mdebug: [0mc_header: w_name=wl_shm_buffer_get
[1;36mdebug: [0mc_header: parsed function wl_shm_buffer_get with 1 params (varargs=0) at line 4491
[1;36mdebug: [0mc_header: w_name=wl_shm_buffer_begin_access
[1;36mdebug: [0mc_header: parsed function wl_shm_buffer_begin_access with 1 params (varargs=0) at line 4494
[1;36mdebug: [0mc_header: w_name=wl_shm_buffer_end_access
[1;36mdebug: [0mc_header: parsed function wl_shm_buffer_end_access with 1 params (varargs=0) at line 4497
[1;36mdebug: [0mc_header: w_name=wl_shm_buffer_get_data
[1;36mdebug: [0mc_header: parsed function wl_shm_buffer_get_data with 1 params (varargs=0) at line 4500
[1;36mdebug: [0mc_header: w_name=wl_shm_buffer_get_stride
[1;36mdebug: [0mc_header: parsed function wl_shm_buffer_get_stride with 1 params (varargs=0) at line 4503
[1;36mdebug: [0mc_header: w_name=wl_shm_buffer_get_format
[1;36mdebug: [0mc_header: parsed function wl_shm_buffer_get_format with 1 params (varargs=0) at line 4506
[1;36mdebug: [0mc_header: w_name=wl_shm_buffer_get_width
[1;36mdebug: [0mc_header: parsed function wl_shm_buffer_get_width with 1 params (varargs=0) at line 4509
[1;36mdebug: [0mc_header: w_name=wl_shm_buffer_get_height
[1;36mdebug: [0mc_header: parsed function wl_shm_buffer_get_height with 1 params (varargs=0) at line 4512
[1;36mdebug: [0mc_header: w_name=wl_shm_buffer_ref
[1;36mdebug: [0mc_header: parsed function wl_shm_buffer_ref with 1 params (varargs=0) at line 4515
[1;36mdebug: [0mc_header: w_name=wl_shm_buffer_unref
[1;36mdebug: [0mc_header: parsed function wl_shm_buffer_unref with 1 params (varargs=0) at line 4518
[1;36mdebug: [0mc_header: w_name=wl_shm_buffer_ref_pool
[1;36mdebug: [0mc_header: parsed function wl_shm_buffer_ref_pool with 1 params (varargs=0) at line 4521
[1;36mdebug: [0mc_header: w_name=wl_shm_pool_unref
[1;36mdebug: [0mc_header: parsed function wl_shm_pool_unref with 1 params (varargs=0) at line 4524
[1;36mdebug: [0mc_header: w_name=wl_display_init_shm
[1;36mdebug: [0mc_header: parsed function wl_display_init_shm with 1 params (varargs=0) at line 4527
[1;36mdebug: [0mc_header: w_name=wl_display_add_shm_format
[1;36mdebug: [0mc_header: parsed function wl_display_add_shm_format with 2 params (varargs=0) at line 4530
[1;36mdebug: [0mc_header: w_name=wl_log_set_handler_server
[1;36mdebug: [0mc_header: parsed function wl_log_set_handler_server with 1 params (varargs=0) at line 4539
[1;36mdebug: [0mc_header: LOOP START token=1
[1;36mdebug: [0mc_header: LOOP START token=1
[1;36mdebug: [0mc_header: LOOP START token=81 line=4547 text='struct'
[1;36mdebug: [0mc_header: LOOP START token=72 line=4548 text='int'
[1;36mdebug: [0mc_header: LOOP START token=59 line=4549 text='const'
[1;36mdebug: [0mc_header: LOOP START token=72 line=4550 text='int'
[1;36mdebug: [0mc_header: LOOP START token=59 line=4551 text='const'
[1;36mdebug: [0mc_header: w_name=wl_display_add_protocol_logger
[1;36mdebug: [0mc_header: parsed function wl_display_add_protocol_logger with 3 params (varargs=0) at line 4561
[1;36mdebug: [0mc_header: w_name=wl_protocol_logger_destroy
[1;36mdebug: [0mc_header: parsed function wl_protocol_logger_destroy with 1 params (varargs=0) at line 4564
[1;36mdebug: [0mc_header: w_name=wl_fixes_handle_ack_global_remove
[1;36mdebug: [0mc_header: parsed function wl_fixes_handle_ack_global_remove with 3 params (varargs=0) at line 4569
[1;36mdebug: [0mc_header: LOOP START token=59 line=4588 text='const'
[1;36mdebug: [0mc_header: LOOP START token=59 line=4589 text='const'
[1;36mdebug: [0mc_header: LOOP START token=1 line=4590 text='uint32_t'
[1;36mdebug: [0mc_header: LOOP START token=81 line=4594 text='struct'
[1;36mdebug: [0mc_header: LOOP START token=1 line=4595 text='wl_resource_destroy_func_t'
[1;36mdebug: [0mc_header: LOOP START token=81 line=4596 text='struct'
[1;36mdebug: [0mc_header: LOOP START token=81 line=4597 text='struct'
[1;36mdebug: [0mc_header: LOOP START token=81 line=4598 text='struct'
[1;36mdebug: [0mc_header: LOOP START token=86 line=4599 text='void'
[1;36mdebug: [0mc_header: LOOP START token=1
[1;36mdebug: [0mc_header: LOOP START token=1
[1;36mdebug: [0mc_header: LOOP START token=1
[1;36mdebug: [0mc_header: LOOP START token=1
[1;36mdebug: [0mc_header: w_name=wl_display_error_is_valid
[1;36mdebug: [0mc_header: parsed function wl_display_error_is_valid with 2 params (varargs=0) at line 4739
[1;36mdebug: [0mc_header: LOOP START token=86 line=4761 text='void'
[1;36mdebug: [0mc_header: LOOP START token=86 line=4765 text='void'
[1;36mdebug: [0mc_header: LOOP START token=86 line=4772 text='void'
[1;36mdebug: [0mc_header: w_name=wl_registry_send_global
[1;36mdebug: [0mc_header: parsed function wl_registry_send_global with 4 params (varargs=0) at line 4780
[1;36mdebug: [0mc_header: w_name=wl_registry_send_global_remove
[1;36mdebug: [0mc_header: parsed function wl_registry_send_global_remove with 2 params (varargs=0) at line 4792
[1;36mdebug: [0mc_header: w_name=wl_callback_send_done
[1;36mdebug: [0mc_header: parsed function wl_callback_send_done with 2 params (varargs=0) at line 4798
[1;36mdebug: [0mc_header: LOOP START token=86 line=4813 text='void'
[1;36mdebug: [0mc_header: LOOP START token=86 line=4822 text='void'
[1;36mdebug: [0mc_header: LOOP START token=86 line=4832 text='void'
[1;36mdebug: [0mc_header: LOOP START token=1
[1;36mdebug: [0mc_header: LOOP START token=1
[1;36mdebug: [0mc_header: w_name=wl_shm_pool_error_is_valid
[1;36mdebug: [0mc_header: parsed function wl_shm_pool_error_is_valid with 2 params (varargs=0) at line 4848
[1;36mdebug: [0mc_header: LOOP START token=86 line=4866 text='void'
[1;36mdebug: [0mc_header: LOOP START token=86 line=4875 text='void'
[1;36mdebug: [0mc_header: LOOP START token=86 line=4878 text='void'
[1;36mdebug: [0mc_header: LOOP START token=1
[1;36mdebug: [0mc_header: LOOP START token=1
[1;36mdebug: [0mc_header: LOOP START token=1
[1;36mdebug: [0mc_header: w_name=wl_shm_error_is_valid
[1;36mdebug: [0mc_header: parsed function wl_shm_error_is_valid with 2 params (varargs=0) at line 4900
[1;36mdebug: [0mc_header: LOOP START token=1
[1;36mdebug: [0mc_header: LOOP START token=1
[1;36mdebug: [0mc_header: LOOP START token=1
[1;36mdebug: [0mc_header: LOOP START token=1
[1;36mdebug: [0mc_header: LOOP START token=1
[1;36mdebug: [0mc_header: LOOP START token=1
[1;36mdebug: [0mc_header: LOOP START token=1
[1;36mdebug: [0mc_header: LOOP START token=1
[1;36mdebug: [0mc_header: LOOP START token=1
[1;36mdebug: [0mc_header: LOOP START token=1
[1;36mdebug: [0mc_header: LOOP START token=1
[1;36mdebug: [0mc_header: LOOP START token=1
[1;36mdebug: [0mc_header: LOOP START token=1
[1;36mdebug: [0mc_header: LOOP START token=1
[1;36mdebug: [0mc_header: LOOP START token=1
[1;36mdebug: [0mc_header: LOOP START token=1
[1;36mdebug: [0mc_header: LOOP START token=1
[1;36mdebug: [0mc_header: LOOP START token=1
[1;36mdebug: [0mc_header: LOOP START token=1
[1;36mdebug: [0mc_header: LOOP START token=1
[1;36mdebug: [0mc_header: LOOP START token=1
[1;36mdebug: [0mc_header: LOOP START token=1
[1;36mdebug: [0mc_header: LOOP START token=1
[1;36mdebug: [0mc_header: LOOP START token=1
[1;36mdebug: [0mc_header: LOOP START token=1
[1;36mdebug: [0mc_header: LOOP START token=1
[1;36mdebug: [0mc_header: LOOP START token=1
[1;36mdebug: [0mc_header: LOOP START token=1
[1;36mdebug: [0mc_header: LOOP START token=1
[1;36mdebug: [0mc_header: LOOP START token=1
[1;36mdebug: [0mc_header: LOOP START token=1
[1;36mdebug: [0mc_header: LOOP START token=1
[1;36mdebug: [0mc_header: LOOP START token=1
[1;36mdebug: [0mc_header: LOOP START token=1
[1;36mdebug: [0mc_header: LOOP START token=1
[1;36mdebug: [0mc_header: LOOP START token=1
[1;36mdebug: [0mc_header: LOOP START token=1
[1;36mdebug: [0mc_header: LOOP START token=1
[1;36mdebug: [0mc_header: LOOP START token=1
[1;36mdebug: [0mc_header: LOOP START token=1
[1;36mdebug: [0mc_header: LOOP START token=1
[1;36mdebug: [0mc_header: LOOP START token=1
[1;36mdebug: [0mc_header: LOOP START token=1
[1;36mdebug: [0mc_header: LOOP START token=1
[1;36mdebug: [0mc_header: LOOP START token=1
[1;36mdebug: [0mc_header: LOOP START token=1
[1;36mdebug: [0mc_header: LOOP START token=1
[1;36mdebug: [0mc_header: LOOP START token=1
[1;36mdebug: [0mc_header: LOOP START token=1
[1;36mdebug: [0mc_header: LOOP START token=1
[1;36mdebug: [0mc_header: LOOP START token=1
[1;36mdebug: [0mc_header: LOOP START token=1
[1;36mdebug: [0mc_header: LOOP START token=1
[1;36mdebug: [0mc_header: LOOP START token=1
[1;36mdebug: [0mc_header: LOOP START token=1
[1;36mdebug: [0mc_header: LOOP START token=1
[1;36mdebug: [0mc_header: LOOP START token=1
[1;36mdebug: [0mc_header: LOOP START token=1
[1;36mdebug: [0mc_header: LOOP START token=1
[1;36mdebug: [0mc_header: LOOP START token=1
[1;36mdebug: [0mc_header: LOOP START token=1
[1;36mdebug: [0mc_header: LOOP START token=1
[1;36mdebug: [0mc_header: LOOP START token=1
[1;36mdebug: [0mc_header: LOOP START token=1
[1;36mdebug: [0mc_header: LOOP START token=1
[1;36mdebug: [0mc_header: LOOP START token=1
[1;36mdebug: [0mc_header: LOOP START token=1
[1;36mdebug: [0mc_header: LOOP START token=1
[1;36mdebug: [0mc_header: LOOP START token=1
[1;36mdebug: [0mc_header: LOOP START token=1
[1;36mdebug: [0mc_header: LOOP START token=1
[1;36mdebug: [0mc_header: LOOP START token=1
[1;36mdebug: [0mc_header: LOOP START token=1
[1;36mdebug: [0mc_header: LOOP START token=1
[1;36mdebug: [0mc_header: LOOP START token=1
[1;36mdebug: [0mc_header: LOOP START token=1
[1;36mdebug: [0mc_header: LOOP START token=1
[1;36mdebug: [0mc_header: LOOP START token=1
[1;36mdebug: [0mc_header: LOOP START token=1
[1;36mdebug: [0mc_header: LOOP START token=1
[1;36mdebug: [0mc_header: LOOP START token=1
[1;36mdebug: [0mc_header: LOOP START token=1
[1;36mdebug: [0mc_header: LOOP START token=1
[1;36mdebug: [0mc_header: LOOP START token=1
[1;36mdebug: [0mc_header: LOOP START token=1
[1;36mdebug: [0mc_header: LOOP START token=1
[1;36mdebug: [0mc_header: LOOP START token=1
[1;36mdebug: [0mc_header: LOOP START token=1
[1;36mdebug: [0mc_header: LOOP START token=1
[1;36mdebug: [0mc_header: LOOP START token=1
[1;36mdebug: [0mc_header: LOOP START token=1
[1;36mdebug: [0mc_header: LOOP START token=1
[1;36mdebug: [0mc_header: LOOP START token=1
[1;36mdebug: [0mc_header: LOOP START token=1
[1;36mdebug: [0mc_header: LOOP START token=1
[1;36mdebug: [0mc_header: LOOP START token=1
[1;36mdebug: [0mc_header: LOOP START token=1
[1;36mdebug: [0mc_header: LOOP START token=1
[1;36mdebug: [0mc_header: LOOP START token=1
[1;36mdebug: [0mc_header: LOOP START token=1
[1;36mdebug: [0mc_header: LOOP START token=1
[1;36mdebug: [0mc_header: LOOP START token=1
[1;36mdebug: [0mc_header: LOOP START token=1
[1;36mdebug: [0mc_header: LOOP START token=1
[1;36mdebug: [0mc_header: LOOP START token=1
[1;36mdebug: [0mc_header: LOOP START token=1
[1;36mdebug: [0mc_header: LOOP START token=1
[1;36mdebug: [0mc_header: LOOP START token=1
[1;36mdebug: [0mc_header: LOOP START token=1
[1;36mdebug: [0mc_header: LOOP START token=1
[1;36mdebug: [0mc_header: LOOP START token=1
[1;36mdebug: [0mc_header: LOOP START token=1
[1;36mdebug: [0mc_header: LOOP START token=1
[1;36mdebug: [0mc_header: LOOP START token=1
[1;36mdebug: [0mc_header: LOOP START token=1
[1;36mdebug: [0mc_header: LOOP START token=1
[1;36mdebug: [0mc_header: LOOP START token=1
[1;36mdebug: [0mc_header: LOOP START token=1
[1;36mdebug: [0mc_header: LOOP START token=1
[1;36mdebug: [0mc_header: LOOP START token=1
[1;36mdebug: [0mc_header: LOOP START token=1
[1;36mdebug: [0mc_header: LOOP START token=1
[1;36mdebug: [0mc_header: LOOP START token=1
[1;36mdebug: [0mc_header: LOOP START token=1
[1;36mdebug: [0mc_header: LOOP START token=1
[1;36mdebug: [0mc_header: LOOP START token=1
[1;36mdebug: [0mc_header: LOOP START token=1
[1;36mdebug: [0mc_header: LOOP START token=1
[1;36mdebug: [0mc_header: LOOP START token=1
[1;36mdebug: [0mc_header: LOOP START token=1
[1;36mdebug: [0mc_header: LOOP START token=1
[1;36mdebug: [0mc_header: LOOP START token=1
[1;36mdebug: [0mc_header: LOOP START token=1
[1;36mdebug: [0mc_header: LOOP START token=1
[1;36mdebug: [0mc_header: LOOP START token=1
[1;36mdebug: [0mc_header: LOOP START token=1
[1;36mdebug: [0mc_header: LOOP START token=1
[1;36mdebug: [0mc_header: LOOP START token=1
[1;36mdebug: [0mc_header: LOOP START token=1
[1;36mdebug: [0mc_header: LOOP START token=1
[1;36mdebug: [0mc_header: LOOP START token=1
[1;36mdebug: [0mc_header: LOOP START token=1
[1;36mdebug: [0mc_header: LOOP START token=1
[1;36mdebug: [0mc_header: LOOP START token=1
[1;36mdebug: [0mc_header: LOOP START token=1
[1;36mdebug: [0mc_header: LOOP START token=1
[1;36mdebug: [0mc_header: LOOP START token=1
[1;36mdebug: [0mc_header: LOOP START token=1
[1;36mdebug: [0mc_header: w_name=wl_shm_format_is_valid
[1;36mdebug: [0mc_header: parsed function wl_shm_format_is_valid with 2 params (varargs=0) at line 5470
[1;36mdebug: [0mc_header: LOOP START token=86 line=5780 text='void'
[1;36mdebug: [0mc_header: LOOP START token=86 line=5786 text='void'
[1;36mdebug: [0mc_header: w_name=wl_shm_send_format
[1;36mdebug: [0mc_header: parsed function wl_shm_send_format with 2 params (varargs=0) at line 5792
[1;36mdebug: [0mc_header: LOOP START token=86 line=5802 text='void'
[1;36mdebug: [0mc_header: w_name=wl_buffer_send_release
[1;36mdebug: [0mc_header: parsed function wl_buffer_send_release with 1 params (varargs=0) at line 5808
[1;36mdebug: [0mc_header: LOOP START token=1
[1;36mdebug: [0mc_header: LOOP START token=1
[1;36mdebug: [0mc_header: LOOP START token=1
[1;36mdebug: [0mc_header: LOOP START token=1
[1;36mdebug: [0mc_header: w_name=wl_data_offer_error_is_valid
[1;36mdebug: [0mc_header: parsed function wl_data_offer_error_is_valid with 2 params (varargs=0) at line 5834
[1;36mdebug: [0mc_header: LOOP START token=86 line=5856 text='void'
[1;36mdebug: [0mc_header: LOOP START token=86 line=5861 text='void'
[1;36mdebug: [0mc_header: LOOP START token=86 line=5870 text='void'
[1;36mdebug: [0mc_header: LOOP START token=86 line=5873 text='void'
[1;36mdebug: [0mc_header: LOOP START token=86 line=5876 text='void'
[1;36mdebug: [0mc_header: w_name=wl_data_offer_send_offer
[1;36mdebug: [0mc_header: parsed function wl_data_offer_send_offer with 2 params (varargs=0) at line 5884
[1;36mdebug: [0mc_header: w_name=wl_data_offer_send_source_actions
[1;36mdebug: [0mc_header: parsed function wl_data_offer_send_source_actions with 2 params (varargs=0) at line 5896
[1;36mdebug: [0mc_header: w_name=wl_data_offer_send_action
[1;36mdebug: [0mc_header: parsed function wl_data_offer_send_action with 2 params (varargs=0) at line 5908
[1;36mdebug: [0mc_header: LOOP START token=1
[1;36mdebug: [0mc_header: LOOP START token=1
[1;36mdebug: [0mc_header: w_name=wl_data_source_error_is_valid
[1;36mdebug: [0mc_header: parsed function wl_data_source_error_is_valid with 2 params (varargs=0) at line 5926
[1;36mdebug: [0mc_header: LOOP START token=86 line=5944 text='void'
[1;36mdebug: [0mc_header: LOOP START token=86 line=5952 text='void'
[1;36mdebug: [0mc_header: LOOP START token=86 line=5955 text='void'
[1;36mdebug: [0mc_header: w_name=wl_data_source_send_target
[1;36mdebug: [0mc_header: parsed function wl_data_source_send_target with 2 params (varargs=0) at line 5962
[1;36mdebug: [0mc_header: w_name=wl_data_source_send_send
[1;36mdebug: [0mc_header: parsed function wl_data_source_send_send with 3 params (varargs=0) at line 5968
[1;36mdebug: [0mc_header: w_name=wl_data_source_send_cancelled
[1;36mdebug: [0mc_header: parsed function wl_data_source_send_cancelled with 1 params (varargs=0) at line 5979
[1;36mdebug: [0mc_header: w_name=wl_data_source_send_dnd_drop_performed
[1;36mdebug: [0mc_header: parsed function wl_data_source_send_dnd_drop_performed with 1 params (varargs=0) at line 5990
[1;36mdebug: [0mc_header: w_name=wl_data_source_send_dnd_finished
[1;36mdebug: [0mc_header: parsed function wl_data_source_send_dnd_finished with 1 params (varargs=0) at line 6001
[1;36mdebug: [0mc_header: w_name=wl_data_source_send_action
[1;36mdebug: [0mc_header: parsed function wl_data_source_send_action with 2 params (varargs=0) at line 6013
[1;36mdebug: [0mc_header: LOOP START token=1
[1;36mdebug: [0mc_header: LOOP START token=1
[1;36mdebug: [0mc_header: w_name=wl_data_device_error_is_valid
[1;36mdebug: [0mc_header: parsed function wl_data_device_error_is_valid with 2 params (varargs=0) at line 6031
[1;36mdebug: [0mc_header: LOOP START token=86 line=6049 text='void'
[1;36mdebug: [0mc_header: LOOP START token=86 line=6056 text='void'
[1;36mdebug: [0mc_header: LOOP START token=86 line=6066 text='void'
[1;36mdebug: [0mc_header: w_name=wl_data_device_send_data_offer
[1;36mdebug: [0mc_header: parsed function wl_data_device_send_data_offer with 2 params (varargs=0) at line 6072
[1;36mdebug: [0mc_header: w_name=wl_data_device_send_enter
[1;36mdebug: [0mc_header: parsed function wl_data_device_send_enter with 6 params (varargs=0) at line 6078
[1;36mdebug: [0mc_header: w_name=wl_data_device_send_leave
[1;36mdebug: [0mc_header: parsed function wl_data_device_send_leave with 1 params (varargs=0) at line 6089
[1;36mdebug: [0mc_header: w_name=wl_data_device_send_motion
[1;36mdebug: [0mc_header: parsed function wl_data_device_send_motion with 4 params (varargs=0) at line 6095
[1;36mdebug: [0mc_header: w_name=wl_data_device_send_drop
[1;36mdebug: [0mc_header: parsed function wl_data_device_send_drop with 1 params (varargs=0) at line 6106
[1;36mdebug: [0mc_header: w_name=wl_data_device_send_selection
[1;36mdebug: [0mc_header: parsed function wl_data_device_send_selection with 2 params (varargs=0) at line 6118
[1;36mdebug: [0mc_header: LOOP START token=1
[1;36mdebug: [0mc_header: LOOP START token=1
[1;36mdebug: [0mc_header: LOOP START token=1
[1;36mdebug: [0mc_header: LOOP START token=1
[1;36mdebug: [0mc_header: w_name=wl_data_device_manager_dnd_action_is_valid
[1;36mdebug: [0mc_header: parsed function wl_data_device_manager_dnd_action_is_valid with 2 params (varargs=0) at line 6142
[1;36mdebug: [0mc_header: LOOP START token=86 line=6167 text='void'
[1;36mdebug: [0mc_header: LOOP START token=86 line=6177 text='void'
[1;36mdebug: [0mc_header: LOOP START token=86 line=6188 text='void'
[1;36mdebug: [0mc_header: LOOP START token=1
[1;36mdebug: [0mc_header: w_name=wl_shell_error_is_valid
[1;36mdebug: [0mc_header: parsed function wl_shell_error_is_valid with 2 params (varargs=0) at line 6200
[1;36mdebug: [0mc_header: LOOP START token=86 line=6216 text='void'
[1;36mdebug: [0mc_header: LOOP START token=1
[1;36mdebug: [0mc_header: LOOP START token=1
[1;36mdebug: [0mc_header: LOOP START token=1
[1;36mdebug: [0mc_header: LOOP START token=1
[1;36mdebug: [0mc_header: LOOP START token=1
[1;36mdebug: [0mc_header: LOOP START token=1
[1;36mdebug: [0mc_header: LOOP START token=1
[1;36mdebug: [0mc_header: LOOP START token=1
[1;36mdebug: [0mc_header: LOOP START token=1
[1;36mdebug: [0mc_header: w_name=wl_shell_surface_resize_is_valid
[1;36mdebug: [0mc_header: parsed function wl_shell_surface_resize_is_valid with 2 params (varargs=0) at line 6262
[1;36mdebug: [0mc_header: LOOP START token=1
[1;36mdebug: [0mc_header: w_name=wl_shell_surface_transient_is_valid
[1;36mdebug: [0mc_header: parsed function wl_shell_surface_transient_is_valid with 2 params (varargs=0) at line 6293
[1;36mdebug: [0mc_header: LOOP START token=1
[1;36mdebug: [0mc_header: LOOP START token=1
[1;36mdebug: [0mc_header: LOOP START token=1
[1;36mdebug: [0mc_header: LOOP START token=1
[1;36mdebug: [0mc_header: w_name=wl_shell_surface_fullscreen_method_is_valid
[1;36mdebug: [0mc_header: parsed function wl_shell_surface_fullscreen_method_is_valid with 2 params (varargs=0) at line 6320
[1;36mdebug: [0mc_header: LOOP START token=86 line=6348 text='void'
[1;36mdebug: [0mc_header: LOOP START token=86 line=6352 text='void'
[1;36mdebug: [0mc_header: LOOP START token=86 line=6357 text='void'
[1;36mdebug: [0mc_header: LOOP START token=86 line=6369 text='void'
[1;36mdebug: [0mc_header: LOOP START token=86 line=6372 text='void'
[1;36mdebug: [0mc_header: LOOP START token=86 line=6379 text='void'
[1;36mdebug: [0mc_header: LOOP START token=86 line=6385 text='void'
[1;36mdebug: [0mc_header: LOOP START token=86 line=6394 text='void'
[1;36mdebug: [0mc_header: LOOP START token=86 line=6398 text='void'
[1;36mdebug: [0mc_header: LOOP START token=86 line=6402 text='void'
[1;36mdebug: [0mc_header: w_name=wl_shell_surface_send_ping
[1;36mdebug: [0mc_header: parsed function wl_shell_surface_send_ping with 2 params (varargs=0) at line 6409
[1;36mdebug: [0mc_header: w_name=wl_shell_surface_send_configure
[1;36mdebug: [0mc_header: parsed function wl_shell_surface_send_configure with 4 params (varargs=0) at line 6415
[1;36mdebug: [0mc_header: w_name=wl_shell_surface_send_popup_done
[1;36mdebug: [0mc_header: parsed function wl_shell_surface_send_popup_done with 1 params (varargs=0) at line 6426
[1;36mdebug: [0mc_header: LOOP START token=1
[1;36mdebug: [0mc_header: LOOP START token=1
[1;36mdebug: [0mc_header: LOOP START token=1
[1;36mdebug: [0mc_header: LOOP START token=1
[1;36mdebug: [0mc_header: LOOP START token=1
[1;36mdebug: [0mc_header: LOOP START token=1
[1;36mdebug: [0mc_header: w_name=wl_surface_error_is_valid
[1;36mdebug: [0mc_header: parsed function wl_surface_error_is_valid with 2 params (varargs=0) at line 6458
[1;36mdebug: [0mc_header: LOOP START token=86 line=6488 text='void'
[1;36mdebug: [0mc_header: LOOP START token=86 line=6491 text='void'
[1;36mdebug: [0mc_header: LOOP START token=86 line=6497 text='void'
[1;36mdebug: [0mc_header: LOOP START token=86 line=6504 text='void'
[1;36mdebug: [0mc_header: LOOP START token=86 line=6508 text='void'
[1;36mdebug: [0mc_header: LOOP START token=86 line=6512 text='void'
[1;36mdebug: [0mc_header: LOOP START token=86 line=6516 text='void'
[1;36mdebug: [0mc_header: LOOP START token=86 line=6519 text='void'
[1;36mdebug: [0mc_header: LOOP START token=86 line=6523 text='void'
[1;36mdebug: [0mc_header: LOOP START token=86 line=6527 text='void'
[1;36mdebug: [0mc_header: LOOP START token=86 line=6534 text='void'
[1;36mdebug: [0mc_header: LOOP START token=86 line=6539 text='void'
[1;36mdebug: [0mc_header: w_name=wl_surface_send_enter
[1;36mdebug: [0mc_header: parsed function wl_surface_send_enter with 2 params (varargs=0) at line 6546
[1;36mdebug: [0mc_header: w_name=wl_surface_send_leave
[1;36mdebug: [0mc_header: parsed function wl_surface_send_leave with 2 params (varargs=0) at line 6558
[1;36mdebug: [0mc_header: w_name=wl_surface_send_preferred_buffer_scale
[1;36mdebug: [0mc_header: parsed function wl_surface_send_preferred_buffer_scale with 2 params (varargs=0) at line 6570
[1;36mdebug: [0mc_header: w_name=wl_surface_send_preferred_buffer_transform
[1;36mdebug: [0mc_header: parsed function wl_surface_send_preferred_buffer_transform with 2 params (varargs=0) at line 6582
[1;36mdebug: [0mc_header: LOOP START token=1
[1;36mdebug: [0mc_header: LOOP START token=1
[1;36mdebug: [0mc_header: LOOP START token=1
[1;36mdebug: [0mc_header: w_name=wl_seat_capability_is_valid
[1;36mdebug: [0mc_header: parsed function wl_seat_capability_is_valid with 2 params (varargs=0) at line 6602
[1;36mdebug: [0mc_header: LOOP START token=1
[1;36mdebug: [0mc_header: w_name=wl_seat_error_is_valid
[1;36mdebug: [0mc_header: parsed function wl_seat_error_is_valid with 2 params (varargs=0) at line 6621
[1;36mdebug: [0mc_header: LOOP START token=86 line=6637 text='void'
[1;36mdebug: [0mc_header: LOOP START token=86 line=6641 text='void'
[1;36mdebug: [0mc_header: LOOP START token=86 line=6645 text='void'
[1;36mdebug: [0mc_header: LOOP START token=86 line=6655 text='void'
[1;36mdebug: [0mc_header: w_name=wl_seat_send_capabilities
[1;36mdebug: [0mc_header: parsed function wl_seat_send_capabilities with 2 params (varargs=0) at line 6661
[1;36mdebug: [0mc_header: w_name=wl_seat_send_name
[1;36mdebug: [0mc_header: parsed function wl_seat_send_name with 2 params (varargs=0) at line 6673
[1;36mdebug: [0mc_header: LOOP START token=1
[1;36mdebug: [0mc_header: w_name=wl_pointer_error_is_valid
[1;36mdebug: [0mc_header: parsed function wl_pointer_error_is_valid with 2 params (varargs=0) at line 6687
[1;36mdebug: [0mc_header: LOOP START token=1
[1;36mdebug: [0mc_header: LOOP START token=1
[1;36mdebug: [0mc_header: w_name=wl_pointer_button_state_is_valid
[1;36mdebug: [0mc_header: parsed function wl_pointer_button_state_is_valid with 2 params (varargs=0) at line 6708
[1;36mdebug: [0mc_header: LOOP START token=1
[1;36mdebug: [0mc_header: LOOP START token=1
[1;36mdebug: [0mc_header: w_name=wl_pointer_axis_is_valid
[1;36mdebug: [0mc_header: parsed function wl_pointer_axis_is_valid with 2 params (varargs=0) at line 6731
[1;36mdebug: [0mc_header: LOOP START token=1
[1;36mdebug: [0mc_header: LOOP START token=1
[1;36mdebug: [0mc_header: LOOP START token=1
[1;36mdebug: [0mc_header: LOOP START token=1
[1;36mdebug: [0mc_header: w_name=wl_pointer_axis_source_is_valid
[1;36mdebug: [0mc_header: parsed function wl_pointer_axis_source_is_valid with 2 params (varargs=0) at line 6763
[1;36mdebug: [0mc_header: LOOP START token=1
[1;36mdebug: [0mc_header: LOOP START token=1
[1;36mdebug: [0mc_header: w_name=wl_pointer_axis_relative_direction_is_valid
[1;36mdebug: [0mc_header: parsed function wl_pointer_axis_relative_direction_is_valid with 2 params (varargs=0) at line 6790
[1;36mdebug: [0mc_header: LOOP START token=86 line=6808 text='void'
[1;36mdebug: [0mc_header: LOOP START token=86 line=6815 text='void'
[1;36mdebug: [0mc_header: w_name=wl_pointer_send_enter
[1;36mdebug: [0mc_header: parsed function wl_pointer_send_enter with 5 params (varargs=0) at line 6821
[1;36mdebug: [0mc_header: w_name=wl_pointer_send_leave
[1;36mdebug: [0mc_header: parsed function wl_pointer_send_leave with 3 params (varargs=0) at line 6827
[1;36mdebug: [0mc_header: w_name=wl_pointer_send_motion
[1;36mdebug: [0mc_header: parsed function wl_pointer_send_motion with 4 params (varargs=0) at line 6833
[1;36mdebug: [0mc_header: w_name=wl_pointer_send_button
[1;36mdebug: [0mc_header: parsed function wl_pointer_send_button with 5 params (varargs=0) at line 6839
[1;36mdebug: [0mc_header: w_name=wl_pointer_send_axis
[1;36mdebug: [0mc_header: parsed function wl_pointer_send_axis with 4 params (varargs=0) at line 6845
[1;36mdebug: [0mc_header: w_name=wl_pointer_send_frame
[1;36mdebug: [0mc_header: parsed function wl_pointer_send_frame with 1 params (varargs=0) at line 6856
[1;36mdebug: [0mc_header: w_name=wl_pointer_send_axis_source
[1;36mdebug: [0mc_header: parsed function wl_pointer_send_axis_source with 2 params (varargs=0) at line 6868
[1;36mdebug: [0mc_header: w_name=wl_pointer_send_axis_stop
[1;36mdebug: [0mc_header: parsed function wl_pointer_send_axis_stop with 3 params (varargs=0) at line 6874
[1;36mdebug: [0mc_header: w_name=wl_pointer_send_axis_discrete
[1;36mdebug: [0mc_header: parsed function wl_pointer_send_axis_discrete with 3 params (varargs=0) at line 6880
[1;36mdebug: [0mc_header: w_name=wl_pointer_send_axis_value120
[1;36mdebug: [0mc_header: parsed function wl_pointer_send_axis_value120 with 3 params (varargs=0) at line 6886
[1;36mdebug: [0mc_header: w_name=wl_pointer_send_axis_relative_direction
[1;36mdebug: [0mc_header: parsed function wl_pointer_send_axis_relative_direction with 3 params (varargs=0) at line 6892
[1;36mdebug: [0mc_header: w_name=wl_pointer_send_warp
[1;36mdebug: [0mc_header: parsed function wl_pointer_send_warp with 3 params (varargs=0) at line 6898
[1;36mdebug: [0mc_header: LOOP START token=1
[1;36mdebug: [0mc_header: LOOP START token=1
[1;36mdebug: [0mc_header: w_name=wl_keyboard_keymap_format_is_valid
[1;36mdebug: [0mc_header: parsed function wl_keyboard_keymap_format_is_valid with 2 params (varargs=0) at line 6914
[1;36mdebug: [0mc_header: LOOP START token=1
[1;36mdebug: [0mc_header: LOOP START token=1
[1;36mdebug: [0mc_header: LOOP START token=1
[1;36mdebug: [0mc_header: w_name=wl_keyboard_key_state_is_valid
[1;36mdebug: [0mc_header: parsed function wl_keyboard_key_state_is_valid with 2 params (varargs=0) at line 6942
[1;36mdebug: [0mc_header: LOOP START token=86 line=6967 text='void'
[1;36mdebug: [0mc_header: w_name=wl_keyboard_send_keymap
[1;36mdebug: [0mc_header: parsed function wl_keyboard_send_keymap with 4 params (varargs=0) at line 6973
[1;36mdebug: [0mc_header: w_name=wl_keyboard_send_enter
[1;36mdebug: [0mc_header: parsed function wl_keyboard_send_enter with 4 params (varargs=0) at line 6979
[1;36mdebug: [0mc_header: w_name=wl_keyboard_send_leave
[1;36mdebug: [0mc_header: parsed function wl_keyboard_send_leave with 3 params (varargs=0) at line 6985
[1;36mdebug: [0mc_header: w_name=wl_keyboard_send_key
[1;36mdebug: [0mc_header: parsed function wl_keyboard_send_key with 5 params (varargs=0) at line 6991
[1;36mdebug: [0mc_header: w_name=wl_keyboard_send_modifiers
[1;36mdebug: [0mc_header: parsed function wl_keyboard_send_modifiers with 6 params (varargs=0) at line 6997
[1;36mdebug: [0mc_header: w_name=wl_keyboard_send_repeat_info
[1;36mdebug: [0mc_header: parsed function wl_keyboard_send_repeat_info with 3 params (varargs=0) at line 7003
[1;36mdebug: [0mc_header: LOOP START token=86 line=7018 text='void'
[1;36mdebug: [0mc_header: w_name=wl_touch_send_down
[1;36mdebug: [0mc_header: parsed function wl_touch_send_down with 7 params (varargs=0) at line 7024
[1;36mdebug: [0mc_header: w_name=wl_touch_send_up
[1;36mdebug: [0mc_header: parsed function wl_touch_send_up with 4 params (varargs=0) at line 7030
[1;36mdebug: [0mc_header: w_name=wl_touch_send_motion
[1;36mdebug: [0mc_header: parsed function wl_touch_send_motion with 5 params (varargs=0) at line 7036
[1;36mdebug: [0mc_header: w_name=wl_touch_send_frame
[1;36mdebug: [0mc_header: parsed function wl_touch_send_frame with 1 params (varargs=0) at line 7047
[1;36mdebug: [0mc_header: w_name=wl_touch_send_cancel
[1;36mdebug: [0mc_header: parsed function wl_touch_send_cancel with 1 params (varargs=0) at line 7058
[1;36mdebug: [0mc_header: w_name=wl_touch_send_shape
[1;36mdebug: [0mc_header: parsed function wl_touch_send_shape with 4 params (varargs=0) at line 7064
[1;36mdebug: [0mc_header: w_name=wl_touch_send_orientation
[1;36mdebug: [0mc_header: parsed function wl_touch_send_orientation with 3 params (varargs=0) at line 7070
[1;36mdebug: [0mc_header: LOOP START token=1
[1;36mdebug: [0mc_header: LOOP START token=1
[1;36mdebug: [0mc_header: LOOP START token=1
[1;36mdebug: [0mc_header: LOOP START token=1
[1;36mdebug: [0mc_header: LOOP START token=1
[1;36mdebug: [0mc_header: LOOP START token=1
[1;36mdebug: [0mc_header: w_name=wl_output_subpixel_is_valid
[1;36mdebug: [0mc_header: parsed function wl_output_subpixel_is_valid with 2 params (varargs=0) at line 7102
[1;36mdebug: [0mc_header: LOOP START token=1
[1;36mdebug: [0mc_header: LOOP START token=1
[1;36mdebug: [0mc_header: LOOP START token=1
[1;36mdebug: [0mc_header: LOOP START token=1
[1;36mdebug: [0mc_header: LOOP START token=1
[1;36mdebug: [0mc_header: LOOP START token=1
[1;36mdebug: [0mc_header: LOOP START token=1
[1;36mdebug: [0mc_header: LOOP START token=1
[1;36mdebug: [0mc_header: w_name=wl_output_transform_is_valid
[1;36mdebug: [0mc_header: parsed function wl_output_transform_is_valid with 2 params (varargs=0) at line 7157
[1;36mdebug: [0mc_header: LOOP START token=1
[1;36mdebug: [0mc_header: LOOP START token=1
[1;36mdebug: [0mc_header: w_name=wl_output_mode_is_valid
[1;36mdebug: [0mc_header: parsed function wl_output_mode_is_valid with 2 params (varargs=0) at line 7192
[1;36mdebug: [0mc_header: LOOP START token=86 line=7214 text='void'
[1;36mdebug: [0mc_header: w_name=wl_output_send_geometry
[1;36mdebug: [0mc_header: parsed function wl_output_send_geometry with 9 params (varargs=0) at line 7220
[1;36mdebug: [0mc_header: w_name=wl_output_send_mode
[1;36mdebug: [0mc_header: parsed function wl_output_send_mode with 5 params (varargs=0) at line 7226
[1;36mdebug: [0mc_header: w_name=wl_output_send_done
[1;36mdebug: [0mc_header: parsed function wl_output_send_done with 1 params (varargs=0) at line 7237
[1;36mdebug: [0mc_header: w_name=wl_output_send_scale
[1;36mdebug: [0mc_header: parsed function wl_output_send_scale with 2 params (varargs=0) at line 7249
[1;36mdebug: [0mc_header: w_name=wl_output_send_name
[1;36mdebug: [0mc_header: parsed function wl_output_send_name with 2 params (varargs=0) at line 7261
[1;36mdebug: [0mc_header: w_name=wl_output_send_description
[1;36mdebug: [0mc_header: parsed function wl_output_send_description with 2 params (varargs=0) at line 7273
[1;36mdebug: [0mc_header: LOOP START token=86 line=7287 text='void'
[1;36mdebug: [0mc_header: LOOP START token=86 line=7290 text='void'
[1;36mdebug: [0mc_header: LOOP START token=86 line=7297 text='void'
[1;36mdebug: [0mc_header: LOOP START token=1
[1;36mdebug: [0mc_header: LOOP START token=1
[1;36mdebug: [0mc_header: w_name=wl_subcompositor_error_is_valid
[1;36mdebug: [0mc_header: parsed function wl_subcompositor_error_is_valid with 2 params (varargs=0) at line 7317
[1;36mdebug: [0mc_header: LOOP START token=86 line=7341 text='void'
[1;36mdebug: [0mc_header: LOOP START token=86 line=7344 text='void'
[1;36mdebug: [0mc_header: LOOP START token=1
[1;36mdebug: [0mc_header: w_name=wl_subsurface_error_is_valid
[1;36mdebug: [0mc_header: parsed function wl_subsurface_error_is_valid with 2 params (varargs=0) at line 7359
[1;36mdebug: [0mc_header: LOOP START token=86 line=7375 text='void'
[1;36mdebug: [0mc_header: LOOP START token=86 line=7378 text='void'
[1;36mdebug: [0mc_header: LOOP START token=86 line=7383 text='void'
[1;36mdebug: [0mc_header: LOOP START token=86 line=7387 text='void'
[1;36mdebug: [0mc_header: LOOP START token=86 line=7391 text='void'
[1;36mdebug: [0mc_header: LOOP START token=86 line=7394 text='void'
[1;36mdebug: [0mc_header: LOOP START token=1
[1;36mdebug: [0mc_header: w_name=wl_fixes_error_is_valid
[1;36mdebug: [0mc_header: parsed function wl_fixes_error_is_valid with 2 params (varargs=0) at line 7406
[1;36mdebug: [0mc_header: LOOP START token=86 line=7426 text='void'
[1;36mdebug: [0mc_header: LOOP START token=86 line=7429 text='void'
[1;36mdebug: [0mc_header: LOOP START token=86 line=7433 text='void'
[1;36mdebug: [0mc_header: LOOP START token=72 line=7450 text='int'
[1;36mdebug: [0mc_header: LOOP START token=72 line=7451 text='int'
[1;36mdebug: [0mc_header: LOOP START token=63 line=7460 text='double'
[1;36mdebug: [0mc_header: LOOP START token=63 line=7461 text='double'
[1;36mdebug: [0mc_header: w_name=wlr_box_closest_point
[1;36mdebug: [0mc_header: parsed function wlr_box_closest_point with 5 params (varargs=0) at line 7465
[1;36mdebug: [0mc_header: w_name=wlr_box_intersection
[1;36mdebug: [0mc_header: parsed function wlr_box_intersection with 3 params (varargs=0) at line 7473
[1;36mdebug: [0mc_header: w_name=wlr_box_contains_point
[1;36mdebug: [0mc_header: parsed function wlr_box_contains_point with 3 params (varargs=0) at line 7475
[1;36mdebug: [0mc_header: w_name=wlr_box_empty
[1;36mdebug: [0mc_header: parsed function wlr_box_empty with 1 params (varargs=0) at line 7482
[1;36mdebug: [0mc_header: w_name=wlr_box_transform
[1;36mdebug: [0mc_header: parsed function wlr_box_transform with 5 params (varargs=0) at line 7488
[1;36mdebug: [0mc_header: w_name=wlr_fbox_empty
[1;36mdebug: [0mc_header: parsed function wlr_fbox_empty with 1 params (varargs=0) at line 7495
[1;36mdebug: [0mc_header: w_name=wlr_fbox_transform
[1;36mdebug: [0mc_header: parsed function wlr_fbox_transform with 5 params (varargs=0) at line 7501
[1;36mdebug: [0mc_header: w_name=wlr_box_equal
[1;36mdebug: [0mc_header: parsed function wlr_box_equal with 2 params (varargs=0) at line 7508
[1;36mdebug: [0mc_header: w_name=wlr_fbox_equal
[1;36mdebug: [0mc_header: parsed function wlr_fbox_equal with 2 params (varargs=0) at line 7513
[1;36mdebug: [0mc_header: LOOP START token=81 line=7531 text='struct'
[1;36mdebug: [0mc_header: LOOP START token=81 line=7534 text='struct'
[1;36mdebug: [0mc_header: w_name=wlr_renderer_begin_buffer_pass
[1;36mdebug: [0mc_header: parsed function wlr_renderer_begin_buffer_pass with 3 params (varargs=0) at line 7544
[1;36mdebug: [0mc_header: w_name=wlr_render_pass_submit
[1;36mdebug: [0mc_header: parsed function wlr_render_pass_submit with 1 params (varargs=0) at line 7551
[1;36mdebug: [0mc_header: LOOP START token=1
[1;36mdebug: [0mc_header: LOOP START token=1
[1;36mdebug: [0mc_header: LOOP START token=1
[1;36mdebug: [0mc_header: LOOP START token=1
[1;36mdebug: [0mc_header: LOOP START token=81 line=7575 text='struct'
[1;36mdebug: [0mc_header: LOOP START token=81 line=7577 text='struct'
[1;36mdebug: [0mc_header: LOOP START token=81 line=7579 text='struct'
[1;36mdebug: [0mc_header: LOOP START token=59 line=7581 text='const'
[1;36mdebug: [0mc_header: LOOP START token=59 line=7583 text='const'
[1;36mdebug: [0mc_header: LOOP START token=65 line=7585 text='enum'
[1;36mdebug: [0mc_header: LOOP START token=65 line=7587 text='enum'
[1;36mdebug: [0mc_header: LOOP START token=65 line=7589 text='enum'
[1;36mdebug: [0mc_header: w_name=wlr_render_pass_add_texture
[1;36mdebug: [0mc_header: parsed function wlr_render_pass_add_texture with 2 params (varargs=0) at line 7596
[1;36mdebug: [0mc_header: LOOP START token=67 line=7605 text='float'
[1;36mdebug: [0mc_header: LOOP START token=81 line=7610 text='struct'
[1;36mdebug: [0mc_header: LOOP START token=81 line=7612 text='struct'
[1;36mdebug: [0mc_header: LOOP START token=59 line=7614 text='const'
[1;36mdebug: [0mc_header: LOOP START token=65 line=7616 text='enum'
[1;36mdebug: [0mc_header: w_name=wlr_render_pass_add_rect
[1;36mdebug: [0mc_header: parsed function wlr_render_pass_add_rect with 2 params (varargs=0) at line 7623
[1;36mdebug: [0mc_header: LOOP START token=1 line=7630 text='int32_t'
[1;36mdebug: [0mc_header: LOOP START token=1 line=7631 text='uint32_t'
[1;36mdebug: [0mc_header: LOOP START token=1 line=7632 text='uint64_t'
[1;36mdebug: [0mc_header: LOOP START token=72 line=7634 text='int'
[1;36mdebug: [0mc_header: LOOP START token=1 line=7635 text='uint32_t'
[1;36mdebug: [0mc_header: LOOP START token=1 line=7636 text='uint32_t'
[1;36mdebug: [0mc_header: LOOP START token=72 line=7637 text='int'
[1;36mdebug: [0mc_header: w_name=wlr_dmabuf_attributes_finish
[1;36mdebug: [0mc_header: parsed function wlr_dmabuf_attributes_finish with 1 params (varargs=0) at line 7643
[1;36mdebug: [0mc_header: w_name=wlr_dmabuf_attributes_copy
[1;36mdebug: [0mc_header: parsed function wlr_dmabuf_attributes_copy with 2 params (varargs=0) at line 7648
[1;36mdebug: [0mc_header: LOOP START token=59 line=7657 text='const'
[1;36mdebug: [0mc_header: LOOP START token=1 line=7658 text='uint32_t'
[1;36mdebug: [0mc_header: LOOP START token=81 line=7660 text='struct'
[1;36mdebug: [0mc_header: LOOP START token=86 line=7665 text='void'
[1;36mdebug: [0mc_header: LOOP START token=1 line=7667 text='uint32_t'
[1;36mdebug: [0mc_header: LOOP START token=1 line=7669 text='uint32_t'
[1;36mdebug: [0mc_header: LOOP START token=1 line=7671 text='uint32_t'
[1;36mdebug: [0mc_header: LOOP START token=59 line=7673 text='const'
[1;36mdebug: [0mc_header: w_name=wlr_texture_read_pixels
[1;36mdebug: [0mc_header: parsed function wlr_texture_read_pixels with 2 params (varargs=0) at line 7677
[1;36mdebug: [0mc_header: w_name=wlr_texture_preferred_read_format
[1;36mdebug: [0mc_header: parsed function wlr_texture_preferred_read_format with 1 params (varargs=0) at line 7679
[1;36mdebug: [0mc_header: w_name=wlr_texture_from_pixels
[1;36mdebug: [0mc_header: parsed function wlr_texture_from_pixels with 6 params (varargs=0) at line 7687
[1;36mdebug: [0mc_header: w_name=wlr_texture_from_dmabuf
[1;36mdebug: [0mc_header: parsed function wlr_texture_from_dmabuf with 2 params (varargs=0) at line 7693
[1;36mdebug: [0mc_header: w_name=wlr_texture_update_from_buffer
[1;36mdebug: [0mc_header: parsed function wlr_texture_update_from_buffer with 3 params (varargs=0) at line 7696
[1;36mdebug: [0mc_header: w_name=wlr_texture_destroy
[1;36mdebug: [0mc_header: parsed function wlr_texture_destroy with 1 params (varargs=0) at line 7701
[1;36mdebug: [0mc_header: w_name=wlr_texture_from_buffer
[1;36mdebug: [0mc_header: parsed function wlr_texture_from_buffer with 2 params (varargs=0) at line 7707
[1;36mdebug: [0mc_header: LOOP START token=1 line=7724 text='uint32_t'
[1;36mdebug: [0mc_header: LOOP START token=81 line=7726 text='struct'
[1;36mdebug: [0mc_header: LOOP START token=81 line=7727 text='struct'
[1;36mdebug: [0mc_header: LOOP START token=81 line=7733 text='struct'
[1;36mdebug: [0mc_header: LOOP START token=81 line=7736 text='struct'
[1;36mdebug: [0mc_header: LOOP START token=89 line=7740 text='bool'
[1;36mdebug: [0mc_header: LOOP START token=59 line=7745 text='const'
[1;36mdebug: [0mc_header: w_name=wlr_renderer_autocreate
[1;36mdebug: [0mc_header: parsed function wlr_renderer_autocreate with 1 params (varargs=0) at line 7754
[1;36mdebug: [0mc_header: w_name=wlr_renderer_get_texture_formats
[1;36mdebug: [0mc_header: parsed function wlr_renderer_get_texture_formats with 2 params (varargs=0) at line 7757
[1;36mdebug: [0mc_header: w_name=wlr_renderer_init_wl_display
[1;36mdebug: [0mc_header: parsed function wlr_renderer_init_wl_display with 2 params (varargs=0) at line 7765
[1;36mdebug: [0mc_header: w_name=wlr_renderer_init_wl_shm
[1;36mdebug: [0mc_header: parsed function wlr_renderer_init_wl_shm with 2 params (varargs=0) at line 7771
[1;36mdebug: [0mc_header: w_name=wlr_renderer_get_drm_fd
[1;36mdebug: [0mc_header: parsed function wlr_renderer_get_drm_fd with 1 params (varargs=0) at line 7778
[1;36mdebug: [0mc_header: w_name=wlr_renderer_destroy
[1;36mdebug: [0mc_header: parsed function wlr_renderer_destroy with 1 params (varargs=0) at line 7785
[1;36mdebug: [0mc_header: w_name=wlr_render_timer_create
[1;36mdebug: [0mc_header: parsed function wlr_render_timer_create with 1 params (varargs=0) at line 7790
[1;36mdebug: [0mc_header: w_name=wlr_render_timer_get_duration_ns
[1;36mdebug: [0mc_header: parsed function wlr_render_timer_get_duration_ns with 1 params (varargs=0) at line 7797
[1;36mdebug: [0mc_header: w_name=wlr_render_timer_destroy
[1;36mdebug: [0mc_header: parsed function wlr_render_timer_destroy with 1 params (varargs=0) at line 7802
[1;36mdebug: [0mc_header: LOOP START token=81 line=7812 text='struct'
[1;36mdebug: [0mc_header: LOOP START token=59 line=7818 text='const'
[1;36mdebug: [0mc_header: LOOP START token=86 line=7820 text='void'
[1;36mdebug: [0mc_header: LOOP START token=59 line=7824 text='const'
[1;36mdebug: [0mc_header: LOOP START token=59 line=7826 text='const'
[1;36mdebug: [0mc_header: LOOP START token=81 line=7827 text='struct'
[1;36mdebug: [0mc_header: w_name=wlr_addon_set_init
[1;36mdebug: [0mc_header: parsed function wlr_addon_set_init with 1 params (varargs=0) at line 7830
[1;36mdebug: [0mc_header: w_name=wlr_addon_set_finish
[1;36mdebug: [0mc_header: parsed function wlr_addon_set_finish with 1 params (varargs=0) at line 7831
[1;36mdebug: [0mc_header: w_name=wlr_addon_init
[1;36mdebug: [0mc_header: parsed function wlr_addon_init with 4 params (varargs=0) at line 7834
[1;36mdebug: [0mc_header: w_name=wlr_addon_finish
[1;36mdebug: [0mc_header: parsed function wlr_addon_finish with 1 params (varargs=0) at line 7835
[1;36mdebug: [0mc_header: w_name=wlr_addon_find
[1;36mdebug: [0mc_header: parsed function wlr_addon_find with 3 params (varargs=0) at line 7838
[1;36mdebug: [0mc_header: LOOP START token=72 line=7845 text='int'
[1;36mdebug: [0mc_header: LOOP START token=1 line=7846 text='uint32_t'
[1;36mdebug: [0mc_header: LOOP START token=72 line=7847 text='int'
[1;36mdebug: [0mc_header: LOOP START token=1 line=7848 text='off_t'
[1;36mdebug: [0mc_header: LOOP START token=1
[1;36mdebug: [0mc_header: LOOP START token=1
[1;36mdebug: [0mc_header: LOOP START token=1
[1;36mdebug: [0mc_header: LOOP START token=59 line=7864 text='const'
[1;36mdebug: [0mc_header: LOOP START token=72 line=7866 text='int'
[1;36mdebug: [0mc_header: LOOP START token=89 line=7868 text='bool'
[1;36mdebug: [0mc_header: LOOP START token=1 line=7869 text='size_t'
[1;36mdebug: [0mc_header: LOOP START token=89 line=7870 text='bool'
[1;36mdebug: [0mc_header: LOOP START token=81 line=7872 text='struct'
[1;36mdebug: [0mc_header: LOOP START token=81 line=7873 text='struct'
[1;36mdebug: [0mc_header: LOOP START token=81 line=7874 text='struct'
[1;36mdebug: [0mc_header: LOOP START token=81 line=7877 text='struct'
[1;36mdebug: [0mc_header: w_name=wlr_buffer_drop
[1;36mdebug: [0mc_header: parsed function wlr_buffer_drop with 1 params (varargs=0) at line 7884
[1;36mdebug: [0mc_header: w_name=wlr_buffer_lock
[1;36mdebug: [0mc_header: parsed function wlr_buffer_lock with 1 params (varargs=0) at line 7890
[1;36mdebug: [0mc_header: w_name=wlr_buffer_unlock
[1;36mdebug: [0mc_header: parsed function wlr_buffer_unlock with 1 params (varargs=0) at line 7895
[1;36mdebug: [0mc_header: w_name=wlr_buffer_get_dmabuf
[1;36mdebug: [0mc_header: parsed function wlr_buffer_get_dmabuf with 2 params (varargs=0) at line 7898
[1;36mdebug: [0mc_header: w_name=wlr_buffer_get_shm
[1;36mdebug: [0mc_header: parsed function wlr_buffer_get_shm with 2 params (varargs=0) at line 7901
[1;36mdebug: [0mc_header: w_name=wlr_buffer_try_from_resource
[1;36mdebug: [0mc_header: parsed function wlr_buffer_try_from_resource with 1 params (varargs=0) at line 7908
[1;36mdebug: [0mc_header: LOOP START token=1
[1;36mdebug: [0mc_header: LOOP START token=1
[1;36mdebug: [0mc_header: w_name=wlr_buffer_begin_data_ptr_access
[1;36mdebug: [0mc_header: parsed function wlr_buffer_begin_data_ptr_access with 5 params (varargs=0) at line 7925
[1;36mdebug: [0mc_header: w_name=wlr_buffer_end_data_ptr_access
[1;36mdebug: [0mc_header: parsed function wlr_buffer_end_data_ptr_access with 1 params (varargs=0) at line 7926
[1;36mdebug: [0mc_header: LOOP START token=81 line=7932 text='struct'
[1;36mdebug: [0mc_header: LOOP START token=81 line=7938 text='struct'
[1;36mdebug: [0mc_header: LOOP START token=81 line=7942 text='struct'
[1;36mdebug: [0mc_header: LOOP START token=81 line=7946 text='struct'
[1;36mdebug: [0mc_header: LOOP START token=81 line=7947 text='struct'
[1;36mdebug: [0mc_header: LOOP START token=1 line=7949 text='size_t'
[1;36mdebug: [0mc_header: w_name=wlr_client_buffer_get
[1;36mdebug: [0mc_header: parsed function wlr_client_buffer_get with 1 params (varargs=0) at line 7956
[1;36mdebug: [0mc_header: LOOP START token=1
[1;36mdebug: [0mc_header: LOOP START token=1
[1;36mdebug: [0mc_header: LOOP START token=1
[1;36mdebug: [0mc_header: LOOP START token=1
[1;36mdebug: [0mc_header: LOOP START token=1
[1;36mdebug: [0mc_header: LOOP START token=1 line=7970 text='int32_t'
[1;36mdebug: [0mc_header: LOOP START token=1 line=7971 text='int32_t'
[1;36mdebug: [0mc_header: LOOP START token=89 line=7972 text='bool'
[1;36mdebug: [0mc_header: LOOP START token=65 line=7973 text='enum'
[1;36mdebug: [0mc_header: LOOP START token=81 line=7974 text='struct'
[1;36mdebug: [0mc_header: LOOP START token=81 line=7978 text='struct'
[1;36mdebug: [0mc_header: LOOP START token=63 line=7979 text='double'
[1;36mdebug: [0mc_header: LOOP START token=89 line=7980 text='bool'
[1;36mdebug: [0mc_header: LOOP START token=89 line=7981 text='bool'
[1;36mdebug: [0mc_header: LOOP START token=1 line=7982 text='uint32_t'
[1;36mdebug: [0mc_header: LOOP START token=81 line=7983 text='struct'
[1;36mdebug: [0mc_header: LOOP START token=65 line=7984 text='enum'
[1;36mdebug: [0mc_header: LOOP START token=1 line=7985 text='int32_t'
[1;36mdebug: [0mc_header: LOOP START token=81 line=7986 text='struct'
[1;36mdebug: [0mc_header: LOOP START token=89 line=7987 text='bool'
[1;36mdebug: [0mc_header: LOOP START token=81 line=7988 text='struct'
[1;36mdebug: [0mc_header: LOOP START token=81 line=7989 text='struct'
[1;36mdebug: [0mc_header: LOOP START token=1
[1;36mdebug: [0mc_header: LOOP START token=1
[1;36mdebug: [0mc_header: LOOP START token=1
[1;36mdebug: [0mc_header: LOOP START token=1
[1;36mdebug: [0mc_header: LOOP START token=1
[1;36mdebug: [0mc_header: LOOP START token=1
[1;36mdebug: [0mc_header: LOOP START token=1
[1;36mdebug: [0mc_header: LOOP START token=1
[1;36mdebug: [0mc_header: LOOP START token=1
[1;36mdebug: [0mc_header: LOOP START token=1
[1;36mdebug: [0mc_header: LOOP START token=1
[1;36mdebug: [0mc_header: LOOP START token=1
[1;36mdebug: [0mc_header: LOOP START token=1
[1;36mdebug: [0mc_header: LOOP START token=1
[1;36mdebug: [0mc_header: LOOP START token=1
[1;36mdebug: [0mc_header: LOOP START token=1 line=8020 text='uint32_t'
[1;36mdebug: [0mc_header: LOOP START token=89 line=8023 text='bool'
[1;36mdebug: [0mc_header: LOOP START token=1 line=8024 text='pixman_region32_t'
[1;36mdebug: [0mc_header: LOOP START token=89 line=8025 text='bool'
[1;36mdebug: [0mc_header: LOOP START token=67 line=8026 text='float'
[1;36mdebug: [0mc_header: LOOP START token=65 line=8027 text='enum'
[1;36mdebug: [0mc_header: LOOP START token=89 line=8028 text='bool'
[1;36mdebug: [0mc_header: LOOP START token=1 line=8029 text='uint32_t'
[1;36mdebug: [0mc_header: LOOP START token=65 line=8030 text='enum'
[1;36mdebug: [0mc_header: LOOP START token=81 line=8032 text='struct'
[1;36mdebug: [0mc_header: LOOP START token=89 line=8038 text='bool'
[1;36mdebug: [0mc_header: LOOP START token=65 line=8040 text='enum'
[1;36mdebug: [0mc_header: LOOP START token=81 line=8041 text='struct'
[1;36mdebug: [0mc_header: LOOP START token=81 line=8042 text='struct'
[1;36mdebug: [0mc_header: LOOP START token=1 line=8043 text='int32_t'
[1;36mdebug: [0mc_header: LOOP START token=1 line=8044 text='int32_t'
[1;36mdebug: [0mc_header: LOOP START token=1 line=8047 text='uint16_t'
[1;36mdebug: [0mc_header: LOOP START token=1 line=8048 text='size_t'
[1;36mdebug: [0mc_header: LOOP START token=81 line=8050 text='struct'
[1;36mdebug: [0mc_header: LOOP START token=1 line=8051 text='size_t'
[1;36mdebug: [0mc_header: LOOP START token=59 line=8058 text='const'
[1;36mdebug: [0mc_header: LOOP START token=81 line=8059 text='struct'
[1;36mdebug: [0mc_header: LOOP START token=81 line=8060 text='struct'
[1;36mdebug: [0mc_header: LOOP START token=81 line=8062 text='struct'
[1;36mdebug: [0mc_header: LOOP START token=81 line=8063 text='struct'
[1;36mdebug: [0mc_header: LOOP START token=58 line=8065 text='char'
[1;36mdebug: [0mc_header: LOOP START token=58 line=8066 text='char'
[1;36mdebug: [0mc_header: LOOP START token=58 line=8067 text='char'
[1;36mdebug: [0mc_header: LOOP START token=1 line=8068 text='int32_t'
[1;36mdebug: [0mc_header: LOOP START token=81 line=8071 text='struct'
[1;36mdebug: [0mc_header: LOOP START token=81 line=8072 text='struct'
[1;36mdebug: [0mc_header: LOOP START token=1 line=8073 text='int32_t'
[1;36mdebug: [0mc_header: LOOP START token=1 line=8074 text='int32_t'
[1;36mdebug: [0mc_header: LOOP START token=89 line=8076 text='bool'
[1;36mdebug: [0mc_header: LOOP START token=67 line=8077 text='float'
[1;36mdebug: [0mc_header: LOOP START token=65 line=8078 text='enum'
[1;36mdebug: [0mc_header: LOOP START token=65 line=8079 text='enum'
[1;36mdebug: [0mc_header: LOOP START token=65 line=8080 text='enum'
[1;36mdebug: [0mc_header: LOOP START token=1 line=8081 text='uint32_t'
[1;36mdebug: [0mc_header: LOOP START token=89 line=8086 text='bool'
[1;36mdebug: [0mc_header: LOOP START token=89 line=8088 text='bool'
[1;36mdebug: [0mc_header: LOOP START token=89 line=8090 text='bool'
[1;36mdebug: [0mc_header: LOOP START token=89 line=8093 text='bool'
[1;36mdebug: [0mc_header: LOOP START token=1 line=8096 text='uint32_t'
[1;36mdebug: [0mc_header: LOOP START token=81 line=8098 text='struct'
[1;36mdebug: [0mc_header: LOOP START token=81 line=8100 text='struct'
[1;36mdebug: [0mc_header: LOOP START token=81 line=8103 text='struct'
[1;36mdebug: [0mc_header: LOOP START token=81 line=8106 text='struct'
[1;36mdebug: [0mc_header: LOOP START token=81 line=8108 text='struct'
[1;36mdebug: [0mc_header: LOOP START token=81 line=8110 text='struct'
[1;36mdebug: [0mc_header: LOOP START token=81 line=8113 text='struct'
[1;36mdebug: [0mc_header: LOOP START token=81 line=8115 text='struct'
[1;36mdebug: [0mc_header: LOOP START token=81 line=8116 text='struct'
[1;36mdebug: [0mc_header: LOOP START token=81 line=8117 text='struct'
[1;36mdebug: [0mc_header: LOOP START token=81 line=8118 text='struct'
[1;36mdebug: [0mc_header: LOOP START token=81 line=8121 text='struct'
[1;36mdebug: [0mc_header: LOOP START token=81 line=8122 text='struct'
[1;36mdebug: [0mc_header: LOOP START token=72 line=8124 text='int'
[1;36mdebug: [0mc_header: LOOP START token=81 line=8126 text='struct'
[1;36mdebug: [0mc_header: LOOP START token=81 line=8127 text='struct'
[1;36mdebug: [0mc_header: LOOP START token=81 line=8128 text='struct'
[1;36mdebug: [0mc_header: LOOP START token=81 line=8129 text='struct'
[1;36mdebug: [0mc_header: LOOP START token=72 line=8130 text='int'
[1;36mdebug: [0mc_header: LOOP START token=81 line=8132 text='struct'
[1;36mdebug: [0mc_header: LOOP START token=81 line=8134 text='struct'
[1;36mdebug: [0mc_header: LOOP START token=81 line=8135 text='struct'
[1;36mdebug: [0mc_header: LOOP START token=81 line=8136 text='struct'
[1;36mdebug: [0mc_header: LOOP START token=81 line=8138 text='struct'
[1;36mdebug: [0mc_header: LOOP START token=81 line=8140 text='struct'
[1;36mdebug: [0mc_header: LOOP START token=86 line=8142 text='void'
[1;36mdebug: [0mc_header: LOOP START token=81 line=8146 text='struct'
[1;36mdebug: [0mc_header: LOOP START token=59 line=8147 text='const'
[1;36mdebug: [0mc_header: LOOP START token=81 line=8151 text='struct'
[1;36mdebug: [0mc_header: LOOP START token=81 line=8152 text='struct'
[1;36mdebug: [0mc_header: LOOP START token=59 line=8153 text='const'
[1;36mdebug: [0mc_header: LOOP START token=81 line=8157 text='struct'
[1;36mdebug: [0mc_header: LOOP START token=81 line=8158 text='struct'
[1;36mdebug: [0mc_header: LOOP START token=59 line=8159 text='const'
[1;36mdebug: [0mc_header: LOOP START token=1
[1;36mdebug: [0mc_header: LOOP START token=1
[1;36mdebug: [0mc_header: LOOP START token=1
[1;36mdebug: [0mc_header: LOOP START token=1
[1;36mdebug: [0mc_header: LOOP START token=81 line=8177 text='struct'
[1;36mdebug: [0mc_header: LOOP START token=1 line=8180 text='uint32_t'
[1;36mdebug: [0mc_header: LOOP START token=89 line=8182 text='bool'
[1;36mdebug: [0mc_header: LOOP START token=81 line=8184 text='struct'
[1;36mdebug: [0mc_header: LOOP START token=85 line=8186 text='unsigned'
[1;36mdebug: [0mc_header: LOOP START token=72 line=8189 text='int'
[1;36mdebug: [0mc_header: LOOP START token=1 line=8190 text='uint32_t'
[1;36mdebug: [0mc_header: LOOP START token=81 line=8194 text='struct'
[1;36mdebug: [0mc_header: LOOP START token=81 line=8195 text='struct'
[1;36mdebug: [0mc_header: LOOP START token=81 line=8199 text='struct'
[1;36mdebug: [0mc_header: LOOP START token=59 line=8200 text='const'
[1;36mdebug: [0mc_header: w_name=wlr_output_create_global
[1;36mdebug: [0mc_header: parsed function wlr_output_create_global with 2 params (varargs=0) at line 8205
[1;36mdebug: [0mc_header: w_name=wlr_output_destroy_global
[1;36mdebug: [0mc_header: parsed function wlr_output_destroy_global with 1 params (varargs=0) at line 8206
[1;36mdebug: [0mc_header: w_name=wlr_output_init_render
[1;36mdebug: [0mc_header: parsed function wlr_output_init_render with 3 params (varargs=0) at line 8209
[1;36mdebug: [0mc_header: w_name=wlr_output_preferred_mode
[1;36mdebug: [0mc_header: parsed function wlr_output_preferred_mode with 1 params (varargs=0) at line 8214
[1;36mdebug: [0mc_header: w_name=wlr_output_set_name
[1;36mdebug: [0mc_header: parsed function wlr_output_set_name with 2 params (varargs=0) at line 8216
[1;36mdebug: [0mc_header: w_name=wlr_output_set_description
[1;36mdebug: [0mc_header: parsed function wlr_output_set_description with 2 params (varargs=0) at line 8217
[1;36mdebug: [0mc_header: w_name=wlr_output_schedule_done
[1;36mdebug: [0mc_header: parsed function wlr_output_schedule_done with 1 params (varargs=0) at line 8223
[1;36mdebug: [0mc_header: w_name=wlr_output_destroy
[1;36mdebug: [0mc_header: parsed function wlr_output_destroy with 1 params (varargs=0) at line 8224
[1;36mdebug: [0mc_header: w_name=wlr_output_transformed_resolution
[1;36mdebug: [0mc_header: parsed function wlr_output_transformed_resolution with 3 params (varargs=0) at line 8229
[1;36mdebug: [0mc_header: w_name=wlr_output_effective_resolution
[1;36mdebug: [0mc_header: parsed function wlr_output_effective_resolution with 3 params (varargs=0) at line 8234
[1;36mdebug: [0mc_header: w_name=wlr_output_test_state
[1;36mdebug: [0mc_header: parsed function wlr_output_test_state with 2 params (varargs=0) at line 8242
[1;36mdebug: [0mc_header: w_name=wlr_output_commit_state
[1;36mdebug: [0mc_header: parsed function wlr_output_commit_state with 2 params (varargs=0) at line 8245
[1;36mdebug: [0mc_header: w_name=wlr_output_schedule_frame
[1;36mdebug: [0mc_header: parsed function wlr_output_schedule_frame with 1 params (varargs=0) at line 8250
[1;36mdebug: [0mc_header: w_name=wlr_output_get_gamma_size
[1;36mdebug: [0mc_header: parsed function wlr_output_get_gamma_size with 1 params (varargs=0) at line 8254
[1;36mdebug: [0mc_header: w_name=wlr_output_from_resource
[1;36mdebug: [0mc_header: parsed function wlr_output_from_resource with 1 params (varargs=0) at line 8260
[1;36mdebug: [0mc_header: w_name=wlr_output_lock_attach_render
[1;36mdebug: [0mc_header: parsed function wlr_output_lock_attach_render with 2 params (varargs=0) at line 8267
[1;36mdebug: [0mc_header: w_name=wlr_output_lock_software_cursors
[1;36mdebug: [0mc_header: parsed function wlr_output_lock_software_cursors with 2 params (varargs=0) at line 8275
[1;36mdebug: [0mc_header: w_name=wlr_output_add_software_cursors_to_render_pass
[1;36mdebug: [0mc_header: parsed function wlr_output_add_software_cursors_to_render_pass with 3 params (varargs=0) at line 8282
[1;36mdebug: [0mc_header: w_name=wlr_output_get_primary_formats
[1;36mdebug: [0mc_header: parsed function wlr_output_get_primary_formats with 2 params (varargs=0) at line 8285
[1;36mdebug: [0mc_header: w_name=wlr_output_is_direct_scanout_allowed
[1;36mdebug: [0mc_header: parsed function wlr_output_is_direct_scanout_allowed with 1 params (varargs=0) at line 8292
[1;36mdebug: [0mc_header: w_name=wlr_output_cursor_create
[1;36mdebug: [0mc_header: parsed function wlr_output_cursor_create with 1 params (varargs=0) at line 8295
[1;36mdebug: [0mc_header: w_name=wlr_output_cursor_set_buffer
[1;36mdebug: [0mc_header: parsed function wlr_output_cursor_set_buffer with 4 params (varargs=0) at line 8297
[1;36mdebug: [0mc_header: w_name=wlr_output_cursor_move
[1;36mdebug: [0mc_header: parsed function wlr_output_cursor_move with 3 params (varargs=0) at line 8299
[1;36mdebug: [0mc_header: w_name=wlr_output_cursor_destroy
[1;36mdebug: [0mc_header: parsed function wlr_output_cursor_destroy with 1 params (varargs=0) at line 8300
[1;36mdebug: [0mc_header: w_name=wlr_output_state_init
[1;36mdebug: [0mc_header: parsed function wlr_output_state_init with 1 params (varargs=0) at line 8305
[1;36mdebug: [0mc_header: w_name=wlr_output_state_finish
[1;36mdebug: [0mc_header: parsed function wlr_output_state_finish with 1 params (varargs=0) at line 8309
[1;36mdebug: [0mc_header: w_name=wlr_output_state_set_enabled
[1;36mdebug: [0mc_header: parsed function wlr_output_state_set_enabled with 2 params (varargs=0) at line 8317
[1;36mdebug: [0mc_header: w_name=wlr_output_state_set_mode
[1;36mdebug: [0mc_header: parsed function wlr_output_state_set_mode with 2 params (varargs=0) at line 8325
[1;36mdebug: [0mc_header: w_name=wlr_output_state_set_custom_mode
[1;36mdebug: [0mc_header: parsed function wlr_output_state_set_custom_mode with 4 params (varargs=0) at line 8328
[1;36mdebug: [0mc_header: w_name=wlr_output_state_set_scale
[1;36mdebug: [0mc_header: parsed function wlr_output_state_set_scale with 2 params (varargs=0) at line 8335
[1;36mdebug: [0mc_header: w_name=wlr_output_state_set_transform
[1;36mdebug: [0mc_header: parsed function wlr_output_state_set_transform with 2 params (varargs=0) at line 8343
[1;36mdebug: [0mc_header: w_name=wlr_output_state_set_adaptive_sync_enabled
[1;36mdebug: [0mc_header: parsed function wlr_output_state_set_adaptive_sync_enabled with 2 params (varargs=0) at line 8346
[1;36mdebug: [0mc_header: w_name=wlr_output_state_set_render_format
[1;36mdebug: [0mc_header: parsed function wlr_output_state_set_render_format with 2 params (varargs=0) at line 8349
[1;36mdebug: [0mc_header: w_name=wlr_output_state_set_subpixel
[1;36mdebug: [0mc_header: parsed function wlr_output_state_set_subpixel with 2 params (varargs=0) at line 8357
[1;36mdebug: [0mc_header: w_name=wlr_output_state_set_buffer
[1;36mdebug: [0mc_header: parsed function wlr_output_state_set_buffer with 2 params (varargs=0) at line 8366
[1;36mdebug: [0mc_header: w_name=wlr_output_state_set_gamma_lut
[1;36mdebug: [0mc_header: parsed function wlr_output_state_set_gamma_lut with 5 params (varargs=0) at line 8369
[1;36mdebug: [0mc_header: w_name=wlr_output_state_set_damage
[1;36mdebug: [0mc_header: parsed function wlr_output_state_set_damage with 2 params (varargs=0) at line 8372
[1;36mdebug: [0mc_header: w_name=wlr_output_state_set_layers
[1;36mdebug: [0mc_header: parsed function wlr_output_state_set_layers with 3 params (varargs=0) at line 8375
[1;36mdebug: [0mc_header: w_name=wlr_output_state_copy
[1;36mdebug: [0mc_header: parsed function wlr_output_state_copy with 2 params (varargs=0) at line 8378
[1;36mdebug: [0mc_header: w_name=wlr_output_configure_primary_swapchain
[1;36mdebug: [0mc_header: parsed function wlr_output_configure_primary_swapchain with 3 params (varargs=0) at line 8381
[1;36mdebug: [0mc_header: w_name=wlr_output_begin_render_pass
[1;36mdebug: [0mc_header: parsed function wlr_output_begin_render_pass with 4 params (varargs=0) at line 8385
[1;36mdebug: [0mc_header: LOOP START token=1
[1;36mdebug: [0mc_header: LOOP START token=1
[1;36mdebug: [0mc_header: LOOP START token=1
[1;36mdebug: [0mc_header: LOOP START token=1
[1;36mdebug: [0mc_header: LOOP START token=1
[1;36mdebug: [0mc_header: LOOP START token=1
[1;36mdebug: [0mc_header: LOOP START token=1
[1;36mdebug: [0mc_header: LOOP START token=1
[1;36mdebug: [0mc_header: LOOP START token=1
[1;36mdebug: [0mc_header: LOOP START token=1
[1;36mdebug: [0mc_header: LOOP START token=1 line=8405 text='uint32_t'
[1;36mdebug: [0mc_header: LOOP START token=1 line=8408 text='uint32_t'
[1;36mdebug: [0mc_header: LOOP START token=81 line=8410 text='struct'
[1;36mdebug: [0mc_header: LOOP START token=1 line=8411 text='int32_t'
[1;36mdebug: [0mc_header: LOOP START token=1 line=8412 text='pixman_region32_t'
[1;36mdebug: [0mc_header: LOOP START token=1 line=8413 text='pixman_region32_t'
[1;36mdebug: [0mc_header: LOOP START token=65 line=8414 text='enum'
[1;36mdebug: [0mc_header: LOOP START token=1 line=8415 text='int32_t'
[1;36mdebug: [0mc_header: LOOP START token=81 line=8416 text='struct'
[1;36mdebug: [0mc_header: LOOP START token=72 line=8418 text='int'
[1;36mdebug: [0mc_header: LOOP START token=72 line=8419 text='int'
[1;36mdebug: [0mc_header: LOOP START token=81 line=8421 text='struct'
[1;36mdebug: [0mc_header: LOOP START token=81 line=8422 text='struct'
[1;36mdebug: [0mc_header: LOOP START token=81 line=8424 text='struct'
[1;36mdebug: [0mc_header: LOOP START token=89 line=8425 text='bool'
[1;36mdebug: [0mc_header: LOOP START token=81 line=8428 text='struct'
[1;36mdebug: [0mc_header: LOOP START token=72 line=8429 text='int'
[1;36mdebug: [0mc_header: LOOP START token=1 line=8433 text='size_t'
[1;36mdebug: [0mc_header: LOOP START token=81 line=8434 text='struct'
[1;36mdebug: [0mc_header: LOOP START token=81 line=8437 text='struct'
[1;36mdebug: [0mc_header: LOOP START token=59 line=8441 text='const'
[1;36mdebug: [0mc_header: LOOP START token=89 line=8446 text='bool'
[1;36mdebug: [0mc_header: LOOP START token=86 line=8448 text='void'
[1;36mdebug: [0mc_header: LOOP START token=86 line=8455 text='void'
[1;36mdebug: [0mc_header: LOOP START token=86 line=8462 text='void'
[1;36mdebug: [0mc_header: LOOP START token=86 line=8466 text='void'
[1;36mdebug: [0mc_header: LOOP START token=81 line=8470 text='struct'
[1;36mdebug: [0mc_header: LOOP START token=81 line=8471 text='struct'
[1;36mdebug: [0mc_header: LOOP START token=81 line=8473 text='struct'
[1;36mdebug: [0mc_header: LOOP START token=81 line=8474 text='struct'
[1;36mdebug: [0mc_header: LOOP START token=81 line=8475 text='struct'
[1;36mdebug: [0mc_header: LOOP START token=81 line=8479 text='struct'
[1;36mdebug: [0mc_header: LOOP START token=81 line=8480 text='struct'
[1;36mdebug: [0mc_header: LOOP START token=81 line=8487 text='struct'
[1;36mdebug: [0mc_header: LOOP START token=1 line=8489 text='pixman_region32_t'
[1;36mdebug: [0mc_header: LOOP START token=1 line=8495 text='pixman_region32_t'
[1;36mdebug: [0mc_header: LOOP START token=1 line=8502 text='pixman_region32_t'
[1;36mdebug: [0mc_header: LOOP START token=81 line=8508 text='struct'
[1;36mdebug: [0mc_header: LOOP START token=81 line=8510 text='struct'
[1;36mdebug: [0mc_header: LOOP START token=89 line=8515 text='bool'
[1;36mdebug: [0mc_header: LOOP START token=59 line=8520 text='const'
[1;36mdebug: [0mc_header: LOOP START token=81 line=8526 text='struct'
[1;36mdebug: [0mc_header: LOOP START token=81 line=8528 text='struct'
[1;36mdebug: [0mc_header: LOOP START token=81 line=8529 text='struct'
[1;36mdebug: [0mc_header: LOOP START token=81 line=8530 text='struct'
[1;36mdebug: [0mc_header: LOOP START token=81 line=8536 text='struct'
[1;36mdebug: [0mc_header: LOOP START token=81 line=8543 text='struct'
[1;36mdebug: [0mc_header: LOOP START token=81 line=8550 text='struct'
[1;36mdebug: [0mc_header: LOOP START token=81 line=8551 text='struct'
[1;36mdebug: [0mc_header: LOOP START token=81 line=8554 text='struct'
[1;36mdebug: [0mc_header: LOOP START token=81 line=8556 text='struct'
[1;36mdebug: [0mc_header: LOOP START token=86 line=8557 text='void'
[1;36mdebug: [0mc_header: LOOP START token=81 line=8561 text='struct'
[1;36mdebug: [0mc_header: LOOP START token=81 line=8563 text='struct'
[1;36mdebug: [0mc_header: LOOP START token=1 line=8564 text='int32_t'
[1;36mdebug: [0mc_header: LOOP START token=65 line=8565 text='enum'
[1;36mdebug: [0mc_header: LOOP START token=72 line=8566 text='int'
[1;36mdebug: [0mc_header: LOOP START token=72 line=8567 text='int'
[1;36mdebug: [0mc_header: LOOP START token=89 line=8570 text='bool'
[1;36mdebug: [0mc_header: LOOP START token=89 line=8572 text='bool'
[1;36mdebug: [0mc_header: LOOP START token=89 line=8574 text='bool'
[1;36mdebug: [0mc_header: LOOP START token=89 line=8575 text='bool'
[1;36mdebug: [0mc_header: LOOP START token=1 line=8577 text='int32_t'
[1;36mdebug: [0mc_header: LOOP START token=89 line=8578 text='bool'
[1;36mdebug: [0mc_header: LOOP START token=65 line=8579 text='enum'
[1;36mdebug: [0mc_header: LOOP START token=81 line=8581 text='struct'
[1;36mdebug: [0mc_header: LOOP START token=1 line=8582 text='size_t'
[1;36mdebug: [0mc_header: LOOP START token=81 line=8584 text='struct'
[1;36mdebug: [0mc_header: LOOP START token=81 line=8585 text='struct'
[1;36mdebug: [0mc_header: LOOP START token=81 line=8591 text='struct'
[1;36mdebug: [0mc_header: LOOP START token=81 line=8592 text='struct'
[1;36mdebug: [0mc_header: LOOP START token=81 line=8594 text='struct'
[1;36mdebug: [0mc_header: LOOP START token=81 line=8595 text='struct'
[1;36mdebug: [0mc_header: LOOP START token=81 line=8597 text='struct'
[1;36mdebug: [0mc_header: LOOP START token=81 line=8598 text='struct'
[1;36mdebug: [0mc_header: LOOP START token=81 line=8599 text='struct'
[1;36mdebug: [0mc_header: w_name=wlr_surface_set_role
[1;36mdebug: [0mc_header: parsed function wlr_surface_set_role with 4 params (varargs=0) at line 8607
[1;36mdebug: [0mc_header: w_name=wlr_surface_set_role_object
[1;36mdebug: [0mc_header: parsed function wlr_surface_set_role_object with 2 params (varargs=0) at line 8609
[1;36mdebug: [0mc_header: w_name=wlr_surface_map
[1;36mdebug: [0mc_header: parsed function wlr_surface_map with 1 params (varargs=0) at line 8616
[1;36mdebug: [0mc_header: w_name=wlr_surface_unmap
[1;36mdebug: [0mc_header: parsed function wlr_surface_unmap with 1 params (varargs=0) at line 8623
[1;36mdebug: [0mc_header: w_name=wlr_surface_reject_pending
[1;36mdebug: [0mc_header: parsed function wlr_surface_reject_pending with 4 params (varargs=1) at line 8632
[1;36mdebug: [0mc_header: w_name=wlr_surface_has_buffer
[1;36mdebug: [0mc_header: parsed function wlr_surface_has_buffer with 1 params (varargs=0) at line 8640
[1;36mdebug: [0mc_header: w_name=wlr_surface_state_has_buffer
[1;36mdebug: [0mc_header: parsed function wlr_surface_state_has_buffer with 1 params (varargs=0) at line 8642
[1;36mdebug: [0mc_header: w_name=wlr_surface_get_texture
[1;36mdebug: [0mc_header: parsed function wlr_surface_get_texture with 1 params (varargs=0) at line 8649
[1;36mdebug: [0mc_header: w_name=wlr_surface_get_root_surface
[1;36mdebug: [0mc_header: parsed function wlr_surface_get_root_surface with 1 params (varargs=0) at line 8656
[1;36mdebug: [0mc_header: w_name=wlr_surface_point_accepts_input
[1;36mdebug: [0mc_header: parsed function wlr_surface_point_accepts_input with 3 params (varargs=0) at line 8663
[1;36mdebug: [0mc_header: w_name=wlr_surface_surface_at
[1;36mdebug: [0mc_header: parsed function wlr_surface_surface_at with 5 params (varargs=0) at line 8672
[1;36mdebug: [0mc_header: w_name=wlr_surface_send_enter
[1;36mdebug: [0mc_header: parsed function wlr_surface_send_enter with 2 params (varargs=0) at line 8680
[1;36mdebug: [0mc_header: w_name=wlr_surface_send_leave
[1;36mdebug: [0mc_header: parsed function wlr_surface_send_leave with 2 params (varargs=0) at line 8688
[1;36mdebug: [0mc_header: w_name=wlr_surface_send_frame_done
[1;36mdebug: [0mc_header: parsed function wlr_surface_send_frame_done with 2 params (varargs=0) at line 8697
[1;36mdebug: [0mc_header: w_name=wlr_surface_get_extends
[1;36mdebug: [0mc_header: parsed function wlr_surface_get_extends with 2 params (varargs=0) at line 8704
[1;36mdebug: [0mc_header: w_name=wlr_surface_from_resource
[1;36mdebug: [0mc_header: parsed function wlr_surface_from_resource with 1 params (varargs=0) at line 8712
[1;36mdebug: [0mc_header: w_name=wlr_surface_for_each_surface
[1;36mdebug: [0mc_header: parsed function wlr_surface_for_each_surface with 3 params (varargs=0) at line 8720
[1;36mdebug: [0mc_header: w_name=wlr_surface_get_effective_damage
[1;36mdebug: [0mc_header: parsed function wlr_surface_get_effective_damage with 2 params (varargs=0) at line 8726
[1;36mdebug: [0mc_header: w_name=wlr_surface_get_buffer_source_box
[1;36mdebug: [0mc_header: parsed function wlr_surface_get_buffer_source_box with 2 params (varargs=0) at line 8729
[1;36mdebug: [0mc_header: w_name=wlr_surface_lock_pending
[1;36mdebug: [0mc_header: parsed function wlr_surface_lock_pending with 1 params (varargs=0) at line 8731
[1;36mdebug: [0mc_header: w_name=wlr_surface_unlock_cached
[1;36mdebug: [0mc_header: parsed function wlr_surface_unlock_cached with 2 params (varargs=0) at line 8739
[1;36mdebug: [0mc_header: w_name=wlr_surface_set_preferred_buffer_scale
[1;36mdebug: [0mc_header: parsed function wlr_surface_set_preferred_buffer_scale with 2 params (varargs=0) at line 8748
[1;36mdebug: [0mc_header: w_name=wlr_surface_set_preferred_buffer_transform
[1;36mdebug: [0mc_header: parsed function wlr_surface_set_preferred_buffer_transform with 2 params (varargs=0) at line 8757
[1;36mdebug: [0mc_header: LOOP START token=1 line=8761 text='size_t'
[1;36mdebug: [0mc_header: LOOP START token=86 line=8763 text='void'
[1;36mdebug: [0mc_header: LOOP START token=86 line=8765 text='void'
[1;36mdebug: [0mc_header: LOOP START token=86 line=8767 text='void'
[1;36mdebug: [0mc_header: LOOP START token=81 line=8771 text='struct'
[1;36mdebug: [0mc_header: LOOP START token=59 line=8772 text='const'
[1;36mdebug: [0mc_header: LOOP START token=81 line=8773 text='struct'
[1;36mdebug: [0mc_header: LOOP START token=1 line=8774 text='size_t'
[1;36mdebug: [0mc_header: w_name=wlr_surface_synced_init
[1;36mdebug: [0mc_header: parsed function wlr_surface_synced_init with 5 params (varargs=0) at line 8785
[1;36mdebug: [0mc_header: w_name=wlr_surface_synced_finish
[1;36mdebug: [0mc_header: parsed function wlr_surface_synced_finish with 1 params (varargs=0) at line 8791
[1;36mdebug: [0mc_header: w_name=wlr_surface_synced_get_state
[1;36mdebug: [0mc_header: parsed function wlr_surface_synced_get_state with 2 params (varargs=0) at line 8796
[1;36mdebug: [0mc_header: w_name=wlr_region_from_resource
[1;36mdebug: [0mc_header: parsed function wlr_region_from_resource with 1 params (varargs=0) at line 8801
[1;36mdebug: [0mc_header: w_name=wlr_compositor_create
[1;36mdebug: [0mc_header: parsed function wlr_compositor_create with 3 params (varargs=0) at line 8804
[1;36mdebug: [0mc_header: w_name=wlr_compositor_set_renderer
[1;36mdebug: [0mc_header: parsed function wlr_compositor_set_renderer with 2 params (varargs=0) at line 8807
[1;36mdebug: [0mc_header: LOOP START token=72
[1;36mdebug: [0mc_header: w_name=__bswap_16
[1;36mdebug: [0mc_header: parsed function __bswap_16 with 1 params (varargs=0) at line 330
[1;36mdebug: [0mc_header: w_name=__bswap_32
[1;36mdebug: [0mc_header: parsed function __bswap_32 with 1 params (varargs=0) at line 345
[1;36mdebug: [0mc_header: w_name=__bswap_64
[1;36mdebug: [0mc_header: parsed function __bswap_64 with 1 params (varargs=0) at line 355
[1;36mdebug: [0mc_header: w_name=__uint16_identity
[1;36mdebug: [0mc_header: parsed function __uint16_identity with 1 params (varargs=0) at line 367
[1;36mdebug: [0mc_header: w_name=__uint32_identity
[1;36mdebug: [0mc_header: parsed function __uint32_identity with 1 params (varargs=0) at line 373
[1;36mdebug: [0mc_header: w_name=__uint64_identity
[1;36mdebug: [0mc_header: parsed function __uint64_identity with 1 params (varargs=0) at line 379
[1;36mdebug: [0mc_header: LOOP START token=85
[1;36mdebug: [0mc_header: LOOP START token=1 line=427 text='__time_t'
[1;36mdebug: [0mc_header: LOOP START token=1 line=428 text='__suseconds_t'
[1;36mdebug: [0mc_header: LOOP START token=1 line=440 text='__time_t'
[1;36mdebug: [0mc_header: LOOP START token=1 line=445 text='__syscall_slong_t'
[1;36mdebug: [0mc_header: LOOP START token=1
[1;36mdebug: [0mc_header: w_name=select
[1;36mdebug: [0mc_header: parsed function select with 5 params (varargs=0) at line 485
[1;36mdebug: [0mc_header: w_name=pselect
[1;36mdebug: [0mc_header: parsed function pselect with 6 params (varargs=0) at line 491
[1;36mdebug: [0mc_header: LOOP START token=97
[1;36mdebug: [0mc_header: LOOP START token=81
[1;36mdebug: [0mc_header: LOOP START token=85
[1;36mdebug: [0mc_header: LOOP START token=85
[1;36mdebug: [0mc_header: LOOP START token=81
[1;36mdebug: [0mc_header: LOOP START token=81
[1;36mdebug: [0mc_header: LOOP START token=81
[1;36mdebug: [0mc_header: LOOP START token=72 line=558 text='int'
[1;36mdebug: [0mc_header: LOOP START token=85 line=559 text='unsigned'
[1;36mdebug: [0mc_header: LOOP START token=72 line=560 text='int'
[1;36mdebug: [0mc_header: LOOP START token=85 line=562 text='unsigned'
[1;36mdebug: [0mc_header: LOOP START token=72 line=566 text='int'
[1;36mdebug: [0mc_header: LOOP START token=77 line=568 text='short'
[1;36mdebug: [0mc_header: LOOP START token=77 line=569 text='short'
[1;36mdebug: [0mc_header: LOOP START token=1 line=570 text='__pthread_list_t'
[1;36mdebug: [0mc_header: LOOP START token=85 line=579 text='unsigned'
[1;36mdebug: [0mc_header: LOOP START token=85 line=580 text='unsigned'
[1;36mdebug: [0mc_header: LOOP START token=85 line=581 text='unsigned'
[1;36mdebug: [0mc_header: LOOP START token=85 line=582 text='unsigned'
[1;36mdebug: [0mc_header: LOOP START token=85 line=583 text='unsigned'
[1;36mdebug: [0mc_header: LOOP START token=85 line=584 text='unsigned'
[1;36mdebug: [0mc_header: LOOP START token=72 line=586 text='int'
[1;36mdebug: [0mc_header: LOOP START token=72 line=587 text='int'
[1;36mdebug: [0mc_header: LOOP START token=85 line=588 text='unsigned'
[1;36mdebug: [0mc_header: LOOP START token=85 line=589 text='unsigned'
[1;36mdebug: [0mc_header: LOOP START token=85 line=592 text='unsigned'
[1;36mdebug: [0mc_header: LOOP START token=1 line=602 text='__atomic_wide_counter'
[1;36mdebug: [0mc_header: LOOP START token=1 line=603 text='__atomic_wide_counter'
[1;36mdebug: [0mc_header: LOOP START token=85 line=604 text='unsigned'
[1;36mdebug: [0mc_header: LOOP START token=85 line=605 text='unsigned'
[1;36mdebug: [0mc_header: LOOP START token=85 line=606 text='unsigned'
[1;36mdebug: [0mc_header: LOOP START token=85 line=607 text='unsigned'
[1;36mdebug: [0mc_header: LOOP START token=85 line=608 text='unsigned'
[1;36mdebug: [0mc_header: LOOP START token=85 line=609 text='unsigned'
[1;36mdebug: [0mc_header: LOOP START token=72
[1;36mdebug: [0mc_header: LOOP START token=58
[1;36mdebug: [0mc_header: LOOP START token=72
[1;36mdebug: [0mc_header: LOOP START token=58
[1;36mdebug: [0mc_header: LOOP START token=72
[1;36mdebug: [0mc_header: LOOP START token=58 line=654 text='char'
[1;36mdebug: [0mc_header: LOOP START token=73 line=655 text='long'
[1;36mdebug: [0mc_header: LOOP START token=81
[1;36mdebug: [0mc_header: LOOP START token=58
[1;36mdebug: [0mc_header: LOOP START token=73
[1;36mdebug: [0mc_header: LOOP START token=81
[1;36mdebug: [0mc_header: LOOP START token=58
[1;36mdebug: [0mc_header: LOOP START token=97
[1;36mdebug: [0mc_header: LOOP START token=81
[1;36mdebug: [0mc_header: LOOP START token=58
[1;36mdebug: [0mc_header: LOOP START token=73
[1;36mdebug: [0mc_header: LOOP START token=58
[1;36mdebug: [0mc_header: LOOP START token=73
[1;36mdebug: [0mc_header: LOOP START token=58
[1;36mdebug: [0mc_header: LOOP START token=73
[1;36mdebug: [0mc_header: LOOP START token=58
[1;36mdebug: [0mc_header: LOOP START token=72
[1;36mdebug: [0mc_header: LOOP START token=1
[1;36mdebug: [0mc_header: LOOP START token=1
[1;36mdebug: [0mc_header: LOOP START token=1
[1;36mdebug: [0mc_header: LOOP START token=1
[1;36mdebug: [0mc_header: LOOP START token=1
[1;36mdebug: [0mc_header: w_name=__fpclassify
[1;36mdebug: [0mc_header: parsed function __fpclassify with 1 params (varargs=0) at line 862
[1;36mdebug: [0mc_header: w_name=__signbit
[1;36mdebug: [0mc_header: parsed function __signbit with 1 params (varargs=0) at line 866
[1;36mdebug: [0mc_header: w_name=__isinf
[1;36mdebug: [0mc_header: parsed function __isinf with 1 params (varargs=0) at line 871
[1;36mdebug: [0mc_header: w_name=__finite
[1;36mdebug: [0mc_header: parsed function __finite with 1 params (varargs=0) at line 875
[1;36mdebug: [0mc_header: w_name=__isnan
[1;36mdebug: [0mc_header: parsed function __isnan with 1 params (varargs=0) at line 879
[1;36mdebug: [0mc_header: w_name=__iseqsig
[1;36mdebug: [0mc_header: parsed function __iseqsig with 2 params (varargs=0) at line 883
[1;36mdebug: [0mc_header: w_name=__issignaling
[1;36mdebug: [0mc_header: parsed function __issignaling with 1 params (varargs=0) at line 886
[1;36mdebug: [0mc_header: w_name=acos
[1;36mdebug: [0mc_header: parsed function acos with 1 params (varargs=0) at line 891
[1;36mdebug: [0mc_header: w_name=__acos
[1;36mdebug: [0mc_header: parsed function __acos with 1 params (varargs=0) at line 891
[1;36mdebug: [0mc_header: w_name=asin
[1;36mdebug: [0mc_header: parsed function asin with 1 params (varargs=0) at line 893
[1;36mdebug: [0mc_header: w_name=__asin
[1;36mdebug: [0mc_header: parsed function __asin with 1 params (varargs=0) at line 893
[1;36mdebug: [0mc_header: w_name=atan
[1;36mdebug: [0mc_header: parsed function atan with 1 params (varargs=0) at line 895
[1;36mdebug: [0mc_header: w_name=__atan
[1;36mdebug: [0mc_header: parsed function __atan with 1 params (varargs=0) at line 895
[1;36mdebug: [0mc_header: w_name=atan2
[1;36mdebug: [0mc_header: parsed function atan2 with 2 params (varargs=0) at line 897
[1;36mdebug: [0mc_header: w_name=__atan2
[1;36mdebug: [0mc_header: parsed function __atan2 with 2 params (varargs=0) at line 897
[1;36mdebug: [0mc_header: w_name=cos
[1;36mdebug: [0mc_header: parsed function cos with 1 params (varargs=0) at line 900
[1;36mdebug: [0mc_header: w_name=__cos
[1;36mdebug: [0mc_header: parsed function __cos with 1 params (varargs=0) at line 900
[1;36mdebug: [0mc_header: w_name=sin
[1;36mdebug: [0mc_header: parsed function sin with 1 params (varargs=0) at line 902
[1;36mdebug: [0mc_header: w_name=__sin
[1;36mdebug: [0mc_header: parsed function __sin with 1 params (varargs=0) at line 902
[1;36mdebug: [0mc_header: w_name=tan
[1;36mdebug: [0mc_header: parsed function tan with 1 params (varargs=0) at line 904
[1;36mdebug: [0mc_header: w_name=__tan
[1;36mdebug: [0mc_header: parsed function __tan with 1 params (varargs=0) at line 904
[1;36mdebug: [0mc_header: w_name=acospi
[1;36mdebug: [0mc_header: parsed function acospi with 1 params (varargs=0) at line 908
[1;36mdebug: [0mc_header: w_name=__acospi
[1;36mdebug: [0mc_header: parsed function __acospi with 1 params (varargs=0) at line 908
[1;36mdebug: [0mc_header: w_name=acospi
[1;36mdebug: [0mc_header: parsed function acospi with 1 params (varargs=0) at line 909
[1;36mdebug: [0mc_header: w_name=__acospi
[1;36mdebug: [0mc_header: parsed function __acospi with 1 params (varargs=0) at line 909
[1;36mdebug: [0mc_header: w_name=asinpi
[1;36mdebug: [0mc_header: parsed function asinpi with 1 params (varargs=0) at line 911
[1;36mdebug: [0mc_header: w_name=__asinpi
[1;36mdebug: [0mc_header: parsed function __asinpi with 1 params (varargs=0) at line 911
[1;36mdebug: [0mc_header: w_name=asinpi
[1;36mdebug: [0mc_header: parsed function asinpi with 1 params (varargs=0) at line 912
[1;36mdebug: [0mc_header: w_name=__asinpi
[1;36mdebug: [0mc_header: parsed function __asinpi with 1 params (varargs=0) at line 912
[1;36mdebug: [0mc_header: w_name=atanpi
[1;36mdebug: [0mc_header: parsed function atanpi with 1 params (varargs=0) at line 914
[1;36mdebug: [0mc_header: w_name=__atanpi
[1;36mdebug: [0mc_header: parsed function __atanpi with 1 params (varargs=0) at line 914
[1;36mdebug: [0mc_header: w_name=atanpi
[1;36mdebug: [0mc_header: parsed function atanpi with 1 params (varargs=0) at line 915
[1;36mdebug: [0mc_header: w_name=__atanpi
[1;36mdebug: [0mc_header: parsed function __atanpi with 1 params (varargs=0) at line 915
[1;36mdebug: [0mc_header: w_name=atan2pi
[1;36mdebug: [0mc_header: parsed function atan2pi with 2 params (varargs=0) at line 917
[1;36mdebug: [0mc_header: w_name=__atan2pi
[1;36mdebug: [0mc_header: parsed function __atan2pi with 2 params (varargs=0) at line 917
[1;36mdebug: [0mc_header: w_name=atan2pi
[1;36mdebug: [0mc_header: parsed function atan2pi with 2 params (varargs=0) at line 918
[1;36mdebug: [0mc_header: w_name=__atan2pi
[1;36mdebug: [0mc_header: parsed function __atan2pi with 2 params (varargs=0) at line 918
[1;36mdebug: [0mc_header: w_name=cospi
[1;36mdebug: [0mc_header: parsed function cospi with 1 params (varargs=0) at line 921
[1;36mdebug: [0mc_header: w_name=__cospi
[1;36mdebug: [0mc_header: parsed function __cospi with 1 params (varargs=0) at line 921
[1;36mdebug: [0mc_header: w_name=sinpi
[1;36mdebug: [0mc_header: parsed function sinpi with 1 params (varargs=0) at line 923
[1;36mdebug: [0mc_header: w_name=__sinpi
[1;36mdebug: [0mc_header: parsed function __sinpi with 1 params (varargs=0) at line 923
[1;36mdebug: [0mc_header: w_name=tanpi
[1;36mdebug: [0mc_header: parsed function tanpi with 1 params (varargs=0) at line 925
[1;36mdebug: [0mc_header: w_name=__tanpi
[1;36mdebug: [0mc_header: parsed function __tanpi with 1 params (varargs=0) at line 925
[1;36mdebug: [0mc_header: w_name=cosh
[1;36mdebug: [0mc_header: parsed function cosh with 1 params (varargs=0) at line 931
[1;36mdebug: [0mc_header: w_name=__cosh
[1;36mdebug: [0mc_header: parsed function __cosh with 1 params (varargs=0) at line 931
[1;36mdebug: [0mc_header: w_name=sinh
[1;36mdebug: [0mc_header: parsed function sinh with 1 params (varargs=0) at line 933
[1;36mdebug: [0mc_header: w_name=__sinh
[1;36mdebug: [0mc_header: parsed function __sinh with 1 params (varargs=0) at line 933
[1;36mdebug: [0mc_header: w_name=tanh
[1;36mdebug: [0mc_header: parsed function tanh with 1 params (varargs=0) at line 935
[1;36mdebug: [0mc_header: w_name=__tanh
[1;36mdebug: [0mc_header: parsed function __tanh with 1 params (varargs=0) at line 935
[1;36mdebug: [0mc_header: w_name=acosh
[1;36mdebug: [0mc_header: parsed function acosh with 1 params (varargs=0) at line 937
[1;36mdebug: [0mc_header: w_name=__acosh
[1;36mdebug: [0mc_header: parsed function __acosh with 1 params (varargs=0) at line 937
[1;36mdebug: [0mc_header: w_name=asinh
[1;36mdebug: [0mc_header: parsed function asinh with 1 params (varargs=0) at line 939
[1;36mdebug: [0mc_header: w_name=__asinh
[1;36mdebug: [0mc_header: parsed function __asinh with 1 params (varargs=0) at line 939
[1;36mdebug: [0mc_header: w_name=atanh
[1;36mdebug: [0mc_header: parsed function atanh with 1 params (varargs=0) at line 941
[1;36mdebug: [0mc_header: w_name=__atanh
[1;36mdebug: [0mc_header: parsed function __atanh with 1 params (varargs=0) at line 941
[1;36mdebug: [0mc_header: w_name=exp
[1;36mdebug: [0mc_header: parsed function exp with 1 params (varargs=0) at line 947
[1;36mdebug: [0mc_header: w_name=__exp
[1;36mdebug: [0mc_header: parsed function __exp with 1 params (varargs=0) at line 947
[1;36mdebug: [0mc_header: w_name=frexp
[1;36mdebug: [0mc_header: parsed function frexp with 2 params (varargs=0) at line 950
[1;36mdebug: [0mc_header: w_name=__frexp
[1;36mdebug: [0mc_header: parsed function __frexp with 2 params (varargs=0) at line 950
[1;36mdebug: [0mc_header: w_name=ldexp
[1;36mdebug: [0mc_header: parsed function ldexp with 2 params (varargs=0) at line 953
[1;36mdebug: [0mc_header: w_name=__ldexp
[1;36mdebug: [0mc_header: parsed function __ldexp with 2 params (varargs=0) at line 953
[1;36mdebug: [0mc_header: w_name=log
[1;36mdebug: [0mc_header: parsed function log with 1 params (varargs=0) at line 956
[1;36mdebug: [0mc_header: w_name=__log
[1;36mdebug: [0mc_header: parsed function __log with 1 params (varargs=0) at line 956
[1;36mdebug: [0mc_header: w_name=log10
[1;36mdebug: [0mc_header: parsed function log10 with 1 params (varargs=0) at line 959
[1;36mdebug: [0mc_header: w_name=__log10
[1;36mdebug: [0mc_header: parsed function __log10 with 1 params (varargs=0) at line 959
[1;36mdebug: [0mc_header: w_name=modf
[1;36mdebug: [0mc_header: parsed function modf with 2 params (varargs=0) at line 962
[1;36mdebug: [0mc_header: w_name=__modf
[1;36mdebug: [0mc_header: parsed function __modf with 2 params (varargs=0) at line 962
[1;36mdebug: [0mc_header: w_name=exp10
[1;36mdebug: [0mc_header: parsed function exp10 with 1 params (varargs=0) at line 966
[1;36mdebug: [0mc_header: w_name=__exp10
[1;36mdebug: [0mc_header: parsed function __exp10 with 1 params (varargs=0) at line 966
[1;36mdebug: [0mc_header: w_name=exp2m1
[1;36mdebug: [0mc_header: parsed function exp2m1 with 1 params (varargs=0) at line 969
[1;36mdebug: [0mc_header: w_name=__exp2m1
[1;36mdebug: [0mc_header: parsed function __exp2m1 with 1 params (varargs=0) at line 969
[1;36mdebug: [0mc_header: w_name=exp10m1
[1;36mdebug: [0mc_header: parsed function exp10m1 with 1 params (varargs=0) at line 972
[1;36mdebug: [0mc_header: w_name=__exp10m1
[1;36mdebug: [0mc_header: parsed function __exp10m1 with 1 params (varargs=0) at line 972
[1;36mdebug: [0mc_header: w_name=log2p1
[1;36mdebug: [0mc_header: parsed function log2p1 with 1 params (varargs=0) at line 975
[1;36mdebug: [0mc_header: w_name=__log2p1
[1;36mdebug: [0mc_header: parsed function __log2p1 with 1 params (varargs=0) at line 975
[1;36mdebug: [0mc_header: w_name=log10p1
[1;36mdebug: [0mc_header: parsed function log10p1 with 1 params (varargs=0) at line 978
[1;36mdebug: [0mc_header: w_name=__log10p1
[1;36mdebug: [0mc_header: parsed function __log10p1 with 1 params (varargs=0) at line 978
[1;36mdebug: [0mc_header: w_name=logp1
[1;36mdebug: [0mc_header: parsed function logp1 with 1 params (varargs=0) at line 981
[1;36mdebug: [0mc_header: w_name=__logp1
[1;36mdebug: [0mc_header: parsed function __logp1 with 1 params (varargs=0) at line 981
[1;36mdebug: [0mc_header: w_name=expm1
[1;36mdebug: [0mc_header: parsed function expm1 with 1 params (varargs=0) at line 986
[1;36mdebug: [0mc_header: w_name=__expm1
[1;36mdebug: [0mc_header: parsed function __expm1 with 1 params (varargs=0) at line 986
[1;36mdebug: [0mc_header: w_name=log1p
[1;36mdebug: [0mc_header: parsed function log1p with 1 params (varargs=0) at line 989
[1;36mdebug: [0mc_header: w_name=__log1p
[1;36mdebug: [0mc_header: parsed function __log1p with 1 params (varargs=0) at line 989
[1;36mdebug: [0mc_header: w_name=logb
[1;36mdebug: [0mc_header: parsed function logb with 1 params (varargs=0) at line 992
[1;36mdebug: [0mc_header: w_name=__logb
[1;36mdebug: [0mc_header: parsed function __logb with 1 params (varargs=0) at line 992
[1;36mdebug: [0mc_header: w_name=exp2
[1;36mdebug: [0mc_header: parsed function exp2 with 1 params (varargs=0) at line 997
[1;36mdebug: [0mc_header: w_name=__exp2
[1;36mdebug: [0mc_header: parsed function __exp2 with 1 params (varargs=0) at line 997
[1;36mdebug: [0mc_header: w_name=log2
[1;36mdebug: [0mc_header: parsed function log2 with 1 params (varargs=0) at line 1000
[1;36mdebug: [0mc_header: w_name=__log2
[1;36mdebug: [0mc_header: parsed function __log2 with 1 params (varargs=0) at line 1000
[1;36mdebug: [0mc_header: w_name=pow
[1;36mdebug: [0mc_header: parsed function pow with 2 params (varargs=0) at line 1007
[1;36mdebug: [0mc_header: w_name=__pow
[1;36mdebug: [0mc_header: parsed function __pow with 2 params (varargs=0) at line 1007
[1;36mdebug: [0mc_header: w_name=sqrt
[1;36mdebug: [0mc_header: parsed function sqrt with 1 params (varargs=0) at line 1010
[1;36mdebug: [0mc_header: w_name=__sqrt
[1;36mdebug: [0mc_header: parsed function __sqrt with 1 params (varargs=0) at line 1010
[1;36mdebug: [0mc_header: w_name=hypot
[1;36mdebug: [0mc_header: parsed function hypot with 2 params (varargs=0) at line 1014
[1;36mdebug: [0mc_header: w_name=__hypot
[1;36mdebug: [0mc_header: parsed function __hypot with 2 params (varargs=0) at line 1014
[1;36mdebug: [0mc_header: w_name=cbrt
[1;36mdebug: [0mc_header: parsed function cbrt with 1 params (varargs=0) at line 1019
[1;36mdebug: [0mc_header: w_name=__cbrt
[1;36mdebug: [0mc_header: parsed function __cbrt with 1 params (varargs=0) at line 1019
[1;36mdebug: [0mc_header: w_name=compoundn
[1;36mdebug: [0mc_header: parsed function compoundn with 2 params (varargs=0) at line 1024
[1;36mdebug: [0mc_header: w_name=__compoundn
[1;36mdebug: [0mc_header: parsed function __compoundn with 2 params (varargs=0) at line 1024
[1;36mdebug: [0mc_header: w_name=pown
[1;36mdebug: [0mc_header: parsed function pown with 2 params (varargs=0) at line 1027
[1;36mdebug: [0mc_header: w_name=__pown
[1;36mdebug: [0mc_header: parsed function __pown with 2 params (varargs=0) at line 1027
[1;36mdebug: [0mc_header: w_name=powr
[1;36mdebug: [0mc_header: parsed function powr with 2 params (varargs=0) at line 1030
[1;36mdebug: [0mc_header: w_name=__powr
[1;36mdebug: [0mc_header: parsed function __powr with 2 params (varargs=0) at line 1030
[1;36mdebug: [0mc_header: w_name=powr
[1;36mdebug: [0mc_header: parsed function powr with 2 params (varargs=0) at line 1031
[1;36mdebug: [0mc_header: w_name=__powr
[1;36mdebug: [0mc_header: parsed function __powr with 2 params (varargs=0) at line 1031
[1;36mdebug: [0mc_header: w_name=rootn
[1;36mdebug: [0mc_header: parsed function rootn with 2 params (varargs=0) at line 1034
[1;36mdebug: [0mc_header: w_name=__rootn
[1;36mdebug: [0mc_header: parsed function __rootn with 2 params (varargs=0) at line 1034
[1;36mdebug: [0mc_header: w_name=rsqrt
[1;36mdebug: [0mc_header: parsed function rsqrt with 1 params (varargs=0) at line 1037
[1;36mdebug: [0mc_header: w_name=__rsqrt
[1;36mdebug: [0mc_header: parsed function __rsqrt with 1 params (varargs=0) at line 1037
[1;36mdebug: [0mc_header: w_name=ceil
[1;36mdebug: [0mc_header: parsed function ceil with 1 params (varargs=0) at line 1044
[1;36mdebug: [0mc_header: w_name=fabs
[1;36mdebug: [0mc_header: parsed function fabs with 1 params (varargs=0) at line 1047
[1;36mdebug: [0mc_header: w_name=floor
[1;36mdebug: [0mc_header: parsed function floor with 1 params (varargs=0) at line 1050
[1;36mdebug: [0mc_header: w_name=fmod
[1;36mdebug: [0mc_header: parsed function fmod with 2 params (varargs=0) at line 1053
[1;36mdebug: [0mc_header: w_name=__fmod
[1;36mdebug: [0mc_header: parsed function __fmod with 2 params (varargs=0) at line 1053
[1;36mdebug: [0mc_header: w_name=isinf
[1;36mdebug: [0mc_header: parsed function isinf with 1 params (varargs=0) at line 1055
[1;36mdebug: [0mc_header: w_name=finite
[1;36mdebug: [0mc_header: parsed function finite with 1 params (varargs=0) at line 1061
[1;36mdebug: [0mc_header: w_name=drem
[1;36mdebug: [0mc_header: parsed function drem with 2 params (varargs=0) at line 1065
[1;36mdebug: [0mc_header: w_name=__drem
[1;36mdebug: [0mc_header: parsed function __drem with 2 params (varargs=0) at line 1065
[1;36mdebug: [0mc_header: w_name=significand
[1;36mdebug: [0mc_header: parsed function significand with 1 params (varargs=0) at line 1069
[1;36mdebug: [0mc_header: w_name=__significand
[1;36mdebug: [0mc_header: parsed function __significand with 1 params (varargs=0) at line 1069
[1;36mdebug: [0mc_header: w_name=copysign
[1;36mdebug: [0mc_header: parsed function copysign with 2 params (varargs=0) at line 1076
[1;36mdebug: [0mc_header: w_name=nan
[1;36mdebug: [0mc_header: parsed function nan with 1 params (varargs=0) at line 1081
[1;36mdebug: [0mc_header: w_name=__nan
[1;36mdebug: [0mc_header: parsed function __nan with 1 params (varargs=0) at line 1081
[1;36mdebug: [0mc_header: w_name=isnan
[1;36mdebug: [0mc_header: parsed function isnan with 1 params (varargs=0) at line 1083
[1;36mdebug: [0mc_header: w_name=j0
[1;36mdebug: [0mc_header: parsed function j0 with 1 params (varargs=0) at line 1090
[1;36mdebug: [0mc_header: w_name=__j0
[1;36mdebug: [0mc_header: parsed function __j0 with 1 params (varargs=0) at line 1090
[1;36mdebug: [0mc_header: w_name=j1
[1;36mdebug: [0mc_header: parsed function j1 with 1 params (varargs=0) at line 1091
[1;36mdebug: [0mc_header: w_name=__j1
[1;36mdebug: [0mc_header: parsed function __j1 with 1 params (varargs=0) at line 1091
[1;36mdebug: [0mc_header: w_name=jn
[1;36mdebug: [0mc_header: parsed function jn with 2 params (varargs=0) at line 1092
[1;36mdebug: [0mc_header: w_name=__jn
[1;36mdebug: [0mc_header: parsed function __jn with 2 params (varargs=0) at line 1092
[1;36mdebug: [0mc_header: w_name=y0
[1;36mdebug: [0mc_header: parsed function y0 with 1 params (varargs=0) at line 1093
[1;36mdebug: [0mc_header: w_name=__y0
[1;36mdebug: [0mc_header: parsed function __y0 with 1 params (varargs=0) at line 1093
[1;36mdebug: [0mc_header: w_name=y1
[1;36mdebug: [0mc_header: parsed function y1 with 1 params (varargs=0) at line 1094
[1;36mdebug: [0mc_header: w_name=__y1
[1;36mdebug: [0mc_header: parsed function __y1 with 1 params (varargs=0) at line 1094
[1;36mdebug: [0mc_header: w_name=yn
[1;36mdebug: [0mc_header: parsed function yn with 2 params (varargs=0) at line 1095
[1;36mdebug: [0mc_header: w_name=__yn
[1;36mdebug: [0mc_header: parsed function __yn with 2 params (varargs=0) at line 1095
[1;36mdebug: [0mc_header: w_name=erf
[1;36mdebug: [0mc_header: parsed function erf with 1 params (varargs=0) at line 1101
[1;36mdebug: [0mc_header: w_name=__erf
[1;36mdebug: [0mc_header: parsed function __erf with 1 params (varargs=0) at line 1101
[1;36mdebug: [0mc_header: w_name=erfc
[1;36mdebug: [0mc_header: parsed function erfc with 1 params (varargs=0) at line 1102
[1;36mdebug: [0mc_header: w_name=__erfc
[1;36mdebug: [0mc_header: parsed function __erfc with 1 params (varargs=0) at line 1102
[1;36mdebug: [0mc_header: w_name=lgamma
[1;36mdebug: [0mc_header: parsed function lgamma with 1 params (varargs=0) at line 1103
[1;36mdebug: [0mc_header: w_name=__lgamma
[1;36mdebug: [0mc_header: parsed function __lgamma with 1 params (varargs=0) at line 1103
[1;36mdebug: [0mc_header: w_name=tgamma
[1;36mdebug: [0mc_header: parsed function tgamma with 1 params (varargs=0) at line 1108
[1;36mdebug: [0mc_header: w_name=__tgamma
[1;36mdebug: [0mc_header: parsed function __tgamma with 1 params (varargs=0) at line 1108
[1;36mdebug: [0mc_header: w_name=gamma
[1;36mdebug: [0mc_header: parsed function gamma with 1 params (varargs=0) at line 1114
[1;36mdebug: [0mc_header: w_name=__gamma
[1;36mdebug: [0mc_header: parsed function __gamma with 1 params (varargs=0) at line 1114
[1;36mdebug: [0mc_header: w_name=lgamma_r
[1;36mdebug: [0mc_header: parsed function lgamma_r with 2 params (varargs=0) at line 1122
[1;36mdebug: [0mc_header: w_name=__lgamma_r
[1;36mdebug: [0mc_header: parsed function __lgamma_r with 2 params (varargs=0) at line 1122
[1;36mdebug: [0mc_header: w_name=rint
[1;36mdebug: [0mc_header: parsed function rint with 1 params (varargs=0) at line 1129
[1;36mdebug: [0mc_header: w_name=__rint
[1;36mdebug: [0mc_header: parsed function __rint with 1 params (varargs=0) at line 1129
[1;36mdebug: [0mc_header: w_name=nextafter
[1;36mdebug: [0mc_header: parsed function nextafter with 2 params (varargs=0) at line 1132
[1;36mdebug: [0mc_header: w_name=__nextafter
[1;36mdebug: [0mc_header: parsed function __nextafter with 2 params (varargs=0) at line 1132
[1;36mdebug: [0mc_header: w_name=nexttoward
[1;36mdebug: [0mc_header: parsed function nexttoward with 2 params (varargs=0) at line 1134
[1;36mdebug: [0mc_header: w_name=__nexttoward
[1;36mdebug: [0mc_header: parsed function __nexttoward with 2 params (varargs=0) at line 1134
[1;36mdebug: [0mc_header: w_name=nextdown
[1;36mdebug: [0mc_header: parsed function nextdown with 1 params (varargs=0) at line 1139
[1;36mdebug: [0mc_header: w_name=__nextdown
[1;36mdebug: [0mc_header: parsed function __nextdown with 1 params (varargs=0) at line 1139
[1;36mdebug: [0mc_header: w_name=nextup
[1;36mdebug: [0mc_header: parsed function nextup with 1 params (varargs=0) at line 1141
[1;36mdebug: [0mc_header: w_name=__nextup
[1;36mdebug: [0mc_header: parsed function __nextup with 1 params (varargs=0) at line 1141
[1;36mdebug: [0mc_header: w_name=remainder
[1;36mdebug: [0mc_header: parsed function remainder with 2 params (varargs=0) at line 1145
[1;36mdebug: [0mc_header: w_name=__remainder
[1;36mdebug: [0mc_header: parsed function __remainder with 2 params (varargs=0) at line 1145
[1;36mdebug: [0mc_header: w_name=scalbn
[1;36mdebug: [0mc_header: parsed function scalbn with 2 params (varargs=0) at line 1149
[1;36mdebug: [0mc_header: w_name=__scalbn
[1;36mdebug: [0mc_header: parsed function __scalbn with 2 params (varargs=0) at line 1149
[1;36mdebug: [0mc_header: w_name=ilogb
[1;36mdebug: [0mc_header: parsed function ilogb with 1 params (varargs=0) at line 1153
[1;36mdebug: [0mc_header: w_name=__ilogb
[1;36mdebug: [0mc_header: parsed function __ilogb with 1 params (varargs=0) at line 1153
[1;36mdebug: [0mc_header: w_name=llogb
[1;36mdebug: [0mc_header: parsed function llogb with 1 params (varargs=0) at line 1158
[1;36mdebug: [0mc_header: w_name=__llogb
[1;36mdebug: [0mc_header: parsed function __llogb with 1 params (varargs=0) at line 1158
[1;36mdebug: [0mc_header: w_name=scalbln
[1;36mdebug: [0mc_header: parsed function scalbln with 2 params (varargs=0) at line 1163
[1;36mdebug: [0mc_header: w_name=__scalbln
[1;36mdebug: [0mc_header: parsed function __scalbln with 2 params (varargs=0) at line 1163
[1;36mdebug: [0mc_header: w_name=nearbyint
[1;36mdebug: [0mc_header: parsed function nearbyint with 1 params (varargs=0) at line 1167
[1;36mdebug: [0mc_header: w_name=__nearbyint
[1;36mdebug: [0mc_header: parsed function __nearbyint with 1 params (varargs=0) at line 1167
[1;36mdebug: [0mc_header: w_name=round
[1;36mdebug: [0mc_header: parsed function round with 1 params (varargs=0) at line 1171
[1;36mdebug: [0mc_header: w_name=trunc
[1;36mdebug: [0mc_header: parsed function trunc with 1 params (varargs=0) at line 1175
[1;36mdebug: [0mc_header: w_name=remquo
[1;36mdebug: [0mc_header: parsed function remquo with 3 params (varargs=0) at line 1180
[1;36mdebug: [0mc_header: w_name=__remquo
[1;36mdebug: [0mc_header: parsed function __remquo with 3 params (varargs=0) at line 1180
[1;36mdebug: [0mc_header: w_name=lrint
[1;36mdebug: [0mc_header: parsed function lrint with 1 params (varargs=0) at line 1187
[1;36mdebug: [0mc_header: w_name=__lrint
[1;36mdebug: [0mc_header: parsed function __lrint with 1 params (varargs=0) at line 1187
[1;36mdebug: [0mc_header: w_name=llrint
[1;36mdebug: [0mc_header: parsed function llrint with 1 params (varargs=0) at line 1189
[1;36mdebug: [0mc_header: w_name=__llrint
[1;36mdebug: [0mc_header: parsed function __llrint with 1 params (varargs=0) at line 1189
[1;36mdebug: [0mc_header: w_name=lround
[1;36mdebug: [0mc_header: parsed function lround with 1 params (varargs=0) at line 1193
[1;36mdebug: [0mc_header: w_name=__lround
[1;36mdebug: [0mc_header: parsed function __lround with 1 params (varargs=0) at line 1193
[1;36mdebug: [0mc_header: w_name=llround
[1;36mdebug: [0mc_header: parsed function llround with 1 params (varargs=0) at line 1195
[1;36mdebug: [0mc_header: w_name=__llround
[1;36mdebug: [0mc_header: parsed function __llround with 1 params (varargs=0) at line 1195
[1;36mdebug: [0mc_header: w_name=fdim
[1;36mdebug: [0mc_header: parsed function fdim with 2 params (varargs=0) at line 1199
[1;36mdebug: [0mc_header: w_name=__fdim
[1;36mdebug: [0mc_header: parsed function __fdim with 2 params (varargs=0) at line 1199
[1;36mdebug: [0mc_header: w_name=fmax
[1;36mdebug: [0mc_header: parsed function fmax with 2 params (varargs=0) at line 1203
[1;36mdebug: [0mc_header: w_name=fmin
[1;36mdebug: [0mc_header: parsed function fmin with 2 params (varargs=0) at line 1206
[1;36mdebug: [0mc_header: w_name=fma
[1;36mdebug: [0mc_header: parsed function fma with 3 params (varargs=0) at line 1210
[1;36mdebug: [0mc_header: w_name=__fma
[1;36mdebug: [0mc_header: parsed function __fma with 3 params (varargs=0) at line 1210
[1;36mdebug: [0mc_header: w_name=roundeven
[1;36mdebug: [0mc_header: parsed function roundeven with 1 params (varargs=0) at line 1215
[1;36mdebug: [0mc_header: w_name=fromfp
[1;36mdebug: [0mc_header: parsed function fromfp with 3 params (varargs=0) at line 1219
[1;36mdebug: [0mc_header: w_name=__fromfp
[1;36mdebug: [0mc_header: parsed function __fromfp with 3 params (varargs=0) at line 1219
[1;36mdebug: [0mc_header: w_name=ufromfp
[1;36mdebug: [0mc_header: parsed function ufromfp with 3 params (varargs=0) at line 1223
[1;36mdebug: [0mc_header: w_name=__ufromfp
[1;36mdebug: [0mc_header: parsed function __ufromfp with 3 params (varargs=0) at line 1223
[1;36mdebug: [0mc_header: w_name=fromfpx
[1;36mdebug: [0mc_header: parsed function fromfpx with 3 params (varargs=0) at line 1228
[1;36mdebug: [0mc_header: w_name=__fromfpx
[1;36mdebug: [0mc_header: parsed function __fromfpx with 3 params (varargs=0) at line 1228
[1;36mdebug: [0mc_header: w_name=ufromfpx
[1;36mdebug: [0mc_header: parsed function ufromfpx with 3 params (varargs=0) at line 1233
[1;36mdebug: [0mc_header: w_name=__ufromfpx
[1;36mdebug: [0mc_header: parsed function __ufromfpx with 3 params (varargs=0) at line 1233
[1;36mdebug: [0mc_header: w_name=canonicalize
[1;36mdebug: [0mc_header: parsed function canonicalize with 2 params (varargs=0) at line 1236
[1;36mdebug: [0mc_header: w_name=fmaximum
[1;36mdebug: [0mc_header: parsed function fmaximum with 2 params (varargs=0) at line 1238
[1;36mdebug: [0mc_header: w_name=fminimum
[1;36mdebug: [0mc_header: parsed function fminimum with 2 params (varargs=0) at line 1241
[1;36mdebug: [0mc_header: w_name=fmaximum_num
[1;36mdebug: [0mc_header: parsed function fmaximum_num with 2 params (varargs=0) at line 1244
[1;36mdebug: [0mc_header: w_name=fminimum_num
[1;36mdebug: [0mc_header: parsed function fminimum_num with 2 params (varargs=0) at line 1247
[1;36mdebug: [0mc_header: w_name=fmaximum_mag
[1;36mdebug: [0mc_header: parsed function fmaximum_mag with 2 params (varargs=0) at line 1250
[1;36mdebug: [0mc_header: w_name=fminimum_mag
[1;36mdebug: [0mc_header: parsed function fminimum_mag with 2 params (varargs=0) at line 1253
[1;36mdebug: [0mc_header: w_name=fmaximum_mag_num
[1;36mdebug: [0mc_header: parsed function fmaximum_mag_num with 2 params (varargs=0) at line 1256
[1;36mdebug: [0mc_header: w_name=fminimum_mag_num
[1;36mdebug: [0mc_header: parsed function fminimum_mag_num with 2 params (varargs=0) at line 1259
[1;36mdebug: [0mc_header: w_name=scalb
[1;36mdebug: [0mc_header: parsed function scalb with 2 params (varargs=0) at line 1261
[1;36mdebug: [0mc_header: w_name=__scalb
[1;36mdebug: [0mc_header: parsed function __scalb with 2 params (varargs=0) at line 1261
[1;36mdebug: [0mc_header: w_name=__fpclassifyf
[1;36mdebug: [0mc_header: parsed function __fpclassifyf with 1 params (varargs=0) at line 1266
[1;36mdebug: [0mc_header: w_name=__signbitf
[1;36mdebug: [0mc_header: parsed function __signbitf with 1 params (varargs=0) at line 1270
[1;36mdebug: [0mc_header: w_name=__isinff
[1;36mdebug: [0mc_header: parsed function __isinff with 1 params (varargs=0) at line 1275
[1;36mdebug: [0mc_header: w_name=__finitef
[1;36mdebug: [0mc_header: parsed function __finitef with 1 params (varargs=0) at line 1279
[1;36mdebug: [0mc_header: w_name=__isnanf
[1;36mdebug: [0mc_header: parsed function __isnanf with 1 params (varargs=0) at line 1283
[1;36mdebug: [0mc_header: w_name=__iseqsigf
[1;36mdebug: [0mc_header: parsed function __iseqsigf with 2 params (varargs=0) at line 1287
[1;36mdebug: [0mc_header: w_name=__issignalingf
[1;36mdebug: [0mc_header: parsed function __issignalingf with 1 params (varargs=0) at line 1290
[1;36mdebug: [0mc_header: w_name=acosf
[1;36mdebug: [0mc_header: parsed function acosf with 1 params (varargs=0) at line 1295
[1;36mdebug: [0mc_header: w_name=__acosf
[1;36mdebug: [0mc_header: parsed function __acosf with 1 params (varargs=0) at line 1295
[1;36mdebug: [0mc_header: w_name=asinf
[1;36mdebug: [0mc_header: parsed function asinf with 1 params (varargs=0) at line 1297
[1;36mdebug: [0mc_header: w_name=__asinf
[1;36mdebug: [0mc_header: parsed function __asinf with 1 params (varargs=0) at line 1297
[1;36mdebug: [0mc_header: w_name=atanf
[1;36mdebug: [0mc_header: parsed function atanf with 1 params (varargs=0) at line 1299
[1;36mdebug: [0mc_header: w_name=__atanf
[1;36mdebug: [0mc_header: parsed function __atanf with 1 params (varargs=0) at line 1299
[1;36mdebug: [0mc_header: w_name=atan2f
[1;36mdebug: [0mc_header: parsed function atan2f with 2 params (varargs=0) at line 1301
[1;36mdebug: [0mc_header: w_name=__atan2f
[1;36mdebug: [0mc_header: parsed function __atan2f with 2 params (varargs=0) at line 1301
[1;36mdebug: [0mc_header: w_name=cosf
[1;36mdebug: [0mc_header: parsed function cosf with 1 params (varargs=0) at line 1304
[1;36mdebug: [0mc_header: w_name=__cosf
[1;36mdebug: [0mc_header: parsed function __cosf with 1 params (varargs=0) at line 1304
[1;36mdebug: [0mc_header: w_name=sinf
[1;36mdebug: [0mc_header: parsed function sinf with 1 params (varargs=0) at line 1306
[1;36mdebug: [0mc_header: w_name=__sinf
[1;36mdebug: [0mc_header: parsed function __sinf with 1 params (varargs=0) at line 1306
[1;36mdebug: [0mc_header: w_name=tanf
[1;36mdebug: [0mc_header: parsed function tanf with 1 params (varargs=0) at line 1308
[1;36mdebug: [0mc_header: w_name=__tanf
[1;36mdebug: [0mc_header: parsed function __tanf with 1 params (varargs=0) at line 1308
[1;36mdebug: [0mc_header: w_name=acospif
[1;36mdebug: [0mc_header: parsed function acospif with 1 params (varargs=0) at line 1312
[1;36mdebug: [0mc_header: w_name=__acospif
[1;36mdebug: [0mc_header: parsed function __acospif with 1 params (varargs=0) at line 1312
[1;36mdebug: [0mc_header: w_name=acospif
[1;36mdebug: [0mc_header: parsed function acospif with 1 params (varargs=0) at line 1313
[1;36mdebug: [0mc_header: w_name=__acospif
[1;36mdebug: [0mc_header: parsed function __acospif with 1 params (varargs=0) at line 1313
[1;36mdebug: [0mc_header: w_name=asinpif
[1;36mdebug: [0mc_header: parsed function asinpif with 1 params (varargs=0) at line 1315
[1;36mdebug: [0mc_header: w_name=__asinpif
[1;36mdebug: [0mc_header: parsed function __asinpif with 1 params (varargs=0) at line 1315
[1;36mdebug: [0mc_header: w_name=asinpif
[1;36mdebug: [0mc_header: parsed function asinpif with 1 params (varargs=0) at line 1316
[1;36mdebug: [0mc_header: w_name=__asinpif
[1;36mdebug: [0mc_header: parsed function __asinpif with 1 params (varargs=0) at line 1316
[1;36mdebug: [0mc_header: w_name=atanpif
[1;36mdebug: [0mc_header: parsed function atanpif with 1 params (varargs=0) at line 1318
[1;36mdebug: [0mc_header: w_name=__atanpif
[1;36mdebug: [0mc_header: parsed function __atanpif with 1 params (varargs=0) at line 1318
[1;36mdebug: [0mc_header: w_name=atanpif
[1;36mdebug: [0mc_header: parsed function atanpif with 1 params (varargs=0) at line 1319
[1;36mdebug: [0mc_header: w_name=__atanpif
[1;36mdebug: [0mc_header: parsed function __atanpif with 1 params (varargs=0) at line 1319
[1;36mdebug: [0mc_header: w_name=atan2pif
[1;36mdebug: [0mc_header: parsed function atan2pif with 2 params (varargs=0) at line 1321
[1;36mdebug: [0mc_header: w_name=__atan2pif
[1;36mdebug: [0mc_header: parsed function __atan2pif with 2 params (varargs=0) at line 1321
[1;36mdebug: [0mc_header: w_name=atan2pif
[1;36mdebug: [0mc_header: parsed function atan2pif with 2 params (varargs=0) at line 1322
[1;36mdebug: [0mc_header: w_name=__atan2pif
[1;36mdebug: [0mc_header: parsed function __atan2pif with 2 params (varargs=0) at line 1322
[1;36mdebug: [0mc_header: w_name=cospif
[1;36mdebug: [0mc_header: parsed function cospif with 1 params (varargs=0) at line 1325
[1;36mdebug: [0mc_header: w_name=__cospif
[1;36mdebug: [0mc_header: parsed function __cospif with 1 params (varargs=0) at line 1325
[1;36mdebug: [0mc_header: w_name=sinpif
[1;36mdebug: [0mc_header: parsed function sinpif with 1 params (varargs=0) at line 1327
[1;36mdebug: [0mc_header: w_name=__sinpif
[1;36mdebug: [0mc_header: parsed function __sinpif with 1 params (varargs=0) at line 1327
[1;36mdebug: [0mc_header: w_name=tanpif
[1;36mdebug: [0mc_header: parsed function tanpif with 1 params (varargs=0) at line 1329
[1;36mdebug: [0mc_header: w_name=__tanpif
[1;36mdebug: [0mc_header: parsed function __tanpif with 1 params (varargs=0) at line 1329
[1;36mdebug: [0mc_header: w_name=coshf
[1;36mdebug: [0mc_header: parsed function coshf with 1 params (varargs=0) at line 1335
[1;36mdebug: [0mc_header: w_name=__coshf
[1;36mdebug: [0mc_header: parsed function __coshf with 1 params (varargs=0) at line 1335
[1;36mdebug: [0mc_header: w_name=sinhf
[1;36mdebug: [0mc_header: parsed function sinhf with 1 params (varargs=0) at line 1337
[1;36mdebug: [0mc_header: w_name=__sinhf
[1;36mdebug: [0mc_header: parsed function __sinhf with 1 params (varargs=0) at line 1337
[1;36mdebug: [0mc_header: w_name=tanhf
[1;36mdebug: [0mc_header: parsed function tanhf with 1 params (varargs=0) at line 1339
[1;36mdebug: [0mc_header: w_name=__tanhf
[1;36mdebug: [0mc_header: parsed function __tanhf with 1 params (varargs=0) at line 1339
[1;36mdebug: [0mc_header: w_name=acoshf
[1;36mdebug: [0mc_header: parsed function acoshf with 1 params (varargs=0) at line 1341
[1;36mdebug: [0mc_header: w_name=__acoshf
[1;36mdebug: [0mc_header: parsed function __acoshf with 1 params (varargs=0) at line 1341
[1;36mdebug: [0mc_header: w_name=asinhf
[1;36mdebug: [0mc_header: parsed function asinhf with 1 params (varargs=0) at line 1343
[1;36mdebug: [0mc_header: w_name=__asinhf
[1;36mdebug: [0mc_header: parsed function __asinhf with 1 params (varargs=0) at line 1343
[1;36mdebug: [0mc_header: w_name=atanhf
[1;36mdebug: [0mc_header: parsed function atanhf with 1 params (varargs=0) at line 1345
[1;36mdebug: [0mc_header: w_name=__atanhf
[1;36mdebug: [0mc_header: parsed function __atanhf with 1 params (varargs=0) at line 1345
[1;36mdebug: [0mc_header: w_name=expf
[1;36mdebug: [0mc_header: parsed function expf with 1 params (varargs=0) at line 1351
[1;36mdebug: [0mc_header: w_name=__expf
[1;36mdebug: [0mc_header: parsed function __expf with 1 params (varargs=0) at line 1351
[1;36mdebug: [0mc_header: w_name=frexpf
[1;36mdebug: [0mc_header: parsed function frexpf with 2 params (varargs=0) at line 1354
[1;36mdebug: [0mc_header: w_name=__frexpf
[1;36mdebug: [0mc_header: parsed function __frexpf with 2 params (varargs=0) at line 1354
[1;36mdebug: [0mc_header: w_name=ldexpf
[1;36mdebug: [0mc_header: parsed function ldexpf with 2 params (varargs=0) at line 1357
[1;36mdebug: [0mc_header: w_name=__ldexpf
[1;36mdebug: [0mc_header: parsed function __ldexpf with 2 params (varargs=0) at line 1357
[1;36mdebug: [0mc_header: w_name=logf
[1;36mdebug: [0mc_header: parsed function logf with 1 params (varargs=0) at line 1360
[1;36mdebug: [0mc_header: w_name=__logf
[1;36mdebug: [0mc_header: parsed function __logf with 1 params (varargs=0) at line 1360
[1;36mdebug: [0mc_header: w_name=log10f
[1;36mdebug: [0mc_header: parsed function log10f with 1 params (varargs=0) at line 1363
[1;36mdebug: [0mc_header: w_name=__log10f
[1;36mdebug: [0mc_header: parsed function __log10f with 1 params (varargs=0) at line 1363
[1;36mdebug: [0mc_header: w_name=modff
[1;36mdebug: [0mc_header: parsed function modff with 2 params (varargs=0) at line 1366
[1;36mdebug: [0mc_header: w_name=__modff
[1;36mdebug: [0mc_header: parsed function __modff with 2 params (varargs=0) at line 1366
[1;36mdebug: [0mc_header: w_name=exp10f
[1;36mdebug: [0mc_header: parsed function exp10f with 1 params (varargs=0) at line 1370
[1;36mdebug: [0mc_header: w_name=__exp10f
[1;36mdebug: [0mc_header: parsed function __exp10f with 1 params (varargs=0) at line 1370
[1;36mdebug: [0mc_header: w_name=exp2m1f
[1;36mdebug: [0mc_header: parsed function exp2m1f with 1 params (varargs=0) at line 1373
[1;36mdebug: [0mc_header: w_name=__exp2m1f
[1;36mdebug: [0mc_header: parsed function __exp2m1f with 1 params (varargs=0) at line 1373
[1;36mdebug: [0mc_header: w_name=exp10m1f
[1;36mdebug: [0mc_header: parsed function exp10m1f with 1 params (varargs=0) at line 1376
[1;36mdebug: [0mc_header: w_name=__exp10m1f
[1;36mdebug: [0mc_header: parsed function __exp10m1f with 1 params (varargs=0) at line 1376
[1;36mdebug: [0mc_header: w_name=log2p1f
[1;36mdebug: [0mc_header: parsed function log2p1f with 1 params (varargs=0) at line 1379
[1;36mdebug: [0mc_header: w_name=__log2p1f
[1;36mdebug: [0mc_header: parsed function __log2p1f with 1 params (varargs=0) at line 1379
[1;36mdebug: [0mc_header: w_name=log10p1f
[1;36mdebug: [0mc_header: parsed function log10p1f with 1 params (varargs=0) at line 1382
[1;36mdebug: [0mc_header: w_name=__log10p1f
[1;36mdebug: [0mc_header: parsed function __log10p1f with 1 params (varargs=0) at line 1382
[1;36mdebug: [0mc_header: w_name=logp1f
[1;36mdebug: [0mc_header: parsed function logp1f with 1 params (varargs=0) at line 1385
[1;36mdebug: [0mc_header: w_name=__logp1f
[1;36mdebug: [0mc_header: parsed function __logp1f with 1 params (varargs=0) at line 1385
[1;36mdebug: [0mc_header: w_name=expm1f
[1;36mdebug: [0mc_header: parsed function expm1f with 1 params (varargs=0) at line 1390
[1;36mdebug: [0mc_header: w_name=__expm1f
[1;36mdebug: [0mc_header: parsed function __expm1f with 1 params (varargs=0) at line 1390
[1;36mdebug: [0mc_header: w_name=log1pf
[1;36mdebug: [0mc_header: parsed function log1pf with 1 params (varargs=0) at line 1393
[1;36mdebug: [0mc_header: w_name=__log1pf
[1;36mdebug: [0mc_header: parsed function __log1pf with 1 params (varargs=0) at line 1393
[1;36mdebug: [0mc_header: w_name=logbf
[1;36mdebug: [0mc_header: parsed function logbf with 1 params (varargs=0) at line 1396
[1;36mdebug: [0mc_header: w_name=__logbf
[1;36mdebug: [0mc_header: parsed function __logbf with 1 params (varargs=0) at line 1396
[1;36mdebug: [0mc_header: w_name=exp2f
[1;36mdebug: [0mc_header: parsed function exp2f with 1 params (varargs=0) at line 1401
[1;36mdebug: [0mc_header: w_name=__exp2f
[1;36mdebug: [0mc_header: parsed function __exp2f with 1 params (varargs=0) at line 1401
[1;36mdebug: [0mc_header: w_name=log2f
[1;36mdebug: [0mc_header: parsed function log2f with 1 params (varargs=0) at line 1404
[1;36mdebug: [0mc_header: w_name=__log2f
[1;36mdebug: [0mc_header: parsed function __log2f with 1 params (varargs=0) at line 1404
[1;36mdebug: [0mc_header: w_name=powf
[1;36mdebug: [0mc_header: parsed function powf with 2 params (varargs=0) at line 1411
[1;36mdebug: [0mc_header: w_name=__powf
[1;36mdebug: [0mc_header: parsed function __powf with 2 params (varargs=0) at line 1411
[1;36mdebug: [0mc_header: w_name=sqrtf
[1;36mdebug: [0mc_header: parsed function sqrtf with 1 params (varargs=0) at line 1414
[1;36mdebug: [0mc_header: w_name=__sqrtf
[1;36mdebug: [0mc_header: parsed function __sqrtf with 1 params (varargs=0) at line 1414
[1;36mdebug: [0mc_header: w_name=hypotf
[1;36mdebug: [0mc_header: parsed function hypotf with 2 params (varargs=0) at line 1418
[1;36mdebug: [0mc_header: w_name=__hypotf
[1;36mdebug: [0mc_header: parsed function __hypotf with 2 params (varargs=0) at line 1418
[1;36mdebug: [0mc_header: w_name=cbrtf
[1;36mdebug: [0mc_header: parsed function cbrtf with 1 params (varargs=0) at line 1423
[1;36mdebug: [0mc_header: w_name=__cbrtf
[1;36mdebug: [0mc_header: parsed function __cbrtf with 1 params (varargs=0) at line 1423
[1;36mdebug: [0mc_header: w_name=compoundnf
[1;36mdebug: [0mc_header: parsed function compoundnf with 2 params (varargs=0) at line 1428
[1;36mdebug: [0mc_header: w_name=__compoundnf
[1;36mdebug: [0mc_header: parsed function __compoundnf with 2 params (varargs=0) at line 1428
[1;36mdebug: [0mc_header: w_name=pownf
[1;36mdebug: [0mc_header: parsed function pownf with 2 params (varargs=0) at line 1431
[1;36mdebug: [0mc_header: w_name=__pownf
[1;36mdebug: [0mc_header: parsed function __pownf with 2 params (varargs=0) at line 1431
[1;36mdebug: [0mc_header: w_name=powrf
[1;36mdebug: [0mc_header: parsed function powrf with 2 params (varargs=0) at line 1434
[1;36mdebug: [0mc_header: w_name=__powrf
[1;36mdebug: [0mc_header: parsed function __powrf with 2 params (varargs=0) at line 1434
[1;36mdebug: [0mc_header: w_name=powrf
[1;36mdebug: [0mc_header: parsed function powrf with 2 params (varargs=0) at line 1435
[1;36mdebug: [0mc_header: w_name=__powrf
[1;36mdebug: [0mc_header: parsed function __powrf with 2 params (varargs=0) at line 1435
[1;36mdebug: [0mc_header: w_name=rootnf
[1;36mdebug: [0mc_header: parsed function rootnf with 2 params (varargs=0) at line 1438
[1;36mdebug: [0mc_header: w_name=__rootnf
[1;36mdebug: [0mc_header: parsed function __rootnf with 2 params (varargs=0) at line 1438
[1;36mdebug: [0mc_header: w_name=rsqrtf
[1;36mdebug: [0mc_header: parsed function rsqrtf with 1 params (varargs=0) at line 1441
[1;36mdebug: [0mc_header: w_name=__rsqrtf
[1;36mdebug: [0mc_header: parsed function __rsqrtf with 1 params (varargs=0) at line 1441
[1;36mdebug: [0mc_header: w_name=ceilf
[1;36mdebug: [0mc_header: parsed function ceilf with 1 params (varargs=0) at line 1448
[1;36mdebug: [0mc_header: w_name=fabsf
[1;36mdebug: [0mc_header: parsed function fabsf with 1 params (varargs=0) at line 1451
[1;36mdebug: [0mc_header: w_name=floorf
[1;36mdebug: [0mc_header: parsed function floorf with 1 params (varargs=0) at line 1454
[1;36mdebug: [0mc_header: w_name=fmodf
[1;36mdebug: [0mc_header: parsed function fmodf with 2 params (varargs=0) at line 1457
[1;36mdebug: [0mc_header: w_name=__fmodf
[1;36mdebug: [0mc_header: parsed function __fmodf with 2 params (varargs=0) at line 1457
[1;36mdebug: [0mc_header: w_name=isinff
[1;36mdebug: [0mc_header: parsed function isinff with 1 params (varargs=0) at line 1459
[1;36mdebug: [0mc_header: w_name=finitef
[1;36mdebug: [0mc_header: parsed function finitef with 1 params (varargs=0) at line 1465
[1;36mdebug: [0mc_header: w_name=dremf
[1;36mdebug: [0mc_header: parsed function dremf with 2 params (varargs=0) at line 1469
[1;36mdebug: [0mc_header: w_name=__dremf
[1;36mdebug: [0mc_header: parsed function __dremf with 2 params (varargs=0) at line 1469
[1;36mdebug: [0mc_header: w_name=significandf
[1;36mdebug: [0mc_header: parsed function significandf with 1 params (varargs=0) at line 1473
[1;36mdebug: [0mc_header: w_name=__significandf
[1;36mdebug: [0mc_header: parsed function __significandf with 1 params (varargs=0) at line 1473
[1;36mdebug: [0mc_header: w_name=copysignf
[1;36mdebug: [0mc_header: parsed function copysignf with 2 params (varargs=0) at line 1480
[1;36mdebug: [0mc_header: w_name=nanf
[1;36mdebug: [0mc_header: parsed function nanf with 1 params (varargs=0) at line 1485
[1;36mdebug: [0mc_header: w_name=__nanf
[1;36mdebug: [0mc_header: parsed function __nanf with 1 params (varargs=0) at line 1485
[1;36mdebug: [0mc_header: w_name=isnanf
[1;36mdebug: [0mc_header: parsed function isnanf with 1 params (varargs=0) at line 1487
[1;36mdebug: [0mc_header: w_name=j0f
[1;36mdebug: [0mc_header: parsed function j0f with 1 params (varargs=0) at line 1494
[1;36mdebug: [0mc_header: w_name=__j0f
[1;36mdebug: [0mc_header: parsed function __j0f with 1 params (varargs=0) at line 1494
[1;36mdebug: [0mc_header: w_name=j1f
[1;36mdebug: [0mc_header: parsed function j1f with 1 params (varargs=0) at line 1495
[1;36mdebug: [0mc_header: w_name=__j1f
[1;36mdebug: [0mc_header: parsed function __j1f with 1 params (varargs=0) at line 1495
[1;36mdebug: [0mc_header: w_name=jnf
[1;36mdebug: [0mc_header: parsed function jnf with 2 params (varargs=0) at line 1496
[1;36mdebug: [0mc_header: w_name=__jnf
[1;36mdebug: [0mc_header: parsed function __jnf with 2 params (varargs=0) at line 1496
[1;36mdebug: [0mc_header: w_name=y0f
[1;36mdebug: [0mc_header: parsed function y0f with 1 params (varargs=0) at line 1497
[1;36mdebug: [0mc_header: w_name=__y0f
[1;36mdebug: [0mc_header: parsed function __y0f with 1 params (varargs=0) at line 1497
[1;36mdebug: [0mc_header: w_name=y1f
[1;36mdebug: [0mc_header: parsed function y1f with 1 params (varargs=0) at line 1498
[1;36mdebug: [0mc_header: w_name=__y1f
[1;36mdebug: [0mc_header: parsed function __y1f with 1 params (varargs=0) at line 1498
[1;36mdebug: [0mc_header: w_name=ynf
[1;36mdebug: [0mc_header: parsed function ynf with 2 params (varargs=0) at line 1499
[1;36mdebug: [0mc_header: w_name=__ynf
[1;36mdebug: [0mc_header: parsed function __ynf with 2 params (varargs=0) at line 1499
[1;36mdebug: [0mc_header: w_name=erff
[1;36mdebug: [0mc_header: parsed function erff with 1 params (varargs=0) at line 1505
[1;36mdebug: [0mc_header: w_name=__erff
[1;36mdebug: [0mc_header: parsed function __erff with 1 params (varargs=0) at line 1505
[1;36mdebug: [0mc_header: w_name=erfcf
[1;36mdebug: [0mc_header: parsed function erfcf with 1 params (varargs=0) at line 1506
[1;36mdebug: [0mc_header: w_name=__erfcf
[1;36mdebug: [0mc_header: parsed function __erfcf with 1 params (varargs=0) at line 1506
[1;36mdebug: [0mc_header: w_name=lgammaf
[1;36mdebug: [0mc_header: parsed function lgammaf with 1 params (varargs=0) at line 1507
[1;36mdebug: [0mc_header: w_name=__lgammaf
[1;36mdebug: [0mc_header: parsed function __lgammaf with 1 params (varargs=0) at line 1507
[1;36mdebug: [0mc_header: w_name=tgammaf
[1;36mdebug: [0mc_header: parsed function tgammaf with 1 params (varargs=0) at line 1512
[1;36mdebug: [0mc_header: w_name=__tgammaf
[1;36mdebug: [0mc_header: parsed function __tgammaf with 1 params (varargs=0) at line 1512
[1;36mdebug: [0mc_header: w_name=gammaf
[1;36mdebug: [0mc_header: parsed function gammaf with 1 params (varargs=0) at line 1518
[1;36mdebug: [0mc_header: w_name=__gammaf
[1;36mdebug: [0mc_header: parsed function __gammaf with 1 params (varargs=0) at line 1518
[1;36mdebug: [0mc_header: w_name=lgammaf_r
[1;36mdebug: [0mc_header: parsed function lgammaf_r with 2 params (varargs=0) at line 1526
[1;36mdebug: [0mc_header: w_name=__lgammaf_r
[1;36mdebug: [0mc_header: parsed function __lgammaf_r with 2 params (varargs=0) at line 1526
[1;36mdebug: [0mc_header: w_name=rintf
[1;36mdebug: [0mc_header: parsed function rintf with 1 params (varargs=0) at line 1533
[1;36mdebug: [0mc_header: w_name=__rintf
[1;36mdebug: [0mc_header: parsed function __rintf with 1 params (varargs=0) at line 1533
[1;36mdebug: [0mc_header: w_name=nextafterf
[1;36mdebug: [0mc_header: parsed function nextafterf with 2 params (varargs=0) at line 1536
[1;36mdebug: [0mc_header: w_name=__nextafterf
[1;36mdebug: [0mc_header: parsed function __nextafterf with 2 params (varargs=0) at line 1536
[1;36mdebug: [0mc_header: w_name=nexttowardf
[1;36mdebug: [0mc_header: parsed function nexttowardf with 2 params (varargs=0) at line 1538
[1;36mdebug: [0mc_header: w_name=__nexttowardf
[1;36mdebug: [0mc_header: parsed function __nexttowardf with 2 params (varargs=0) at line 1538
[1;36mdebug: [0mc_header: w_name=nextdownf
[1;36mdebug: [0mc_header: parsed function nextdownf with 1 params (varargs=0) at line 1543
[1;36mdebug: [0mc_header: w_name=__nextdownf
[1;36mdebug: [0mc_header: parsed function __nextdownf with 1 params (varargs=0) at line 1543
[1;36mdebug: [0mc_header: w_name=nextupf
[1;36mdebug: [0mc_header: parsed function nextupf with 1 params (varargs=0) at line 1545
[1;36mdebug: [0mc_header: w_name=__nextupf
[1;36mdebug: [0mc_header: parsed function __nextupf with 1 params (varargs=0) at line 1545
[1;36mdebug: [0mc_header: w_name=remainderf
[1;36mdebug: [0mc_header: parsed function remainderf with 2 params (varargs=0) at line 1549
[1;36mdebug: [0mc_header: w_name=__remainderf
[1;36mdebug: [0mc_header: parsed function __remainderf with 2 params (varargs=0) at line 1549
[1;36mdebug: [0mc_header: w_name=scalbnf
[1;36mdebug: [0mc_header: parsed function scalbnf with 2 params (varargs=0) at line 1553
[1;36mdebug: [0mc_header: w_name=__scalbnf
[1;36mdebug: [0mc_header: parsed function __scalbnf with 2 params (varargs=0) at line 1553
[1;36mdebug: [0mc_header: w_name=ilogbf
[1;36mdebug: [0mc_header: parsed function ilogbf with 1 params (varargs=0) at line 1557
[1;36mdebug: [0mc_header: w_name=__ilogbf
[1;36mdebug: [0mc_header: parsed function __ilogbf with 1 params (varargs=0) at line 1557
[1;36mdebug: [0mc_header: w_name=llogbf
[1;36mdebug: [0mc_header: parsed function llogbf with 1 params (varargs=0) at line 1562
[1;36mdebug: [0mc_header: w_name=__llogbf
[1;36mdebug: [0mc_header: parsed function __llogbf with 1 params (varargs=0) at line 1562
[1;36mdebug: [0mc_header: w_name=scalblnf
[1;36mdebug: [0mc_header: parsed function scalblnf with 2 params (varargs=0) at line 1567
[1;36mdebug: [0mc_header: w_name=__scalblnf
[1;36mdebug: [0mc_header: parsed function __scalblnf with 2 params (varargs=0) at line 1567
[1;36mdebug: [0mc_header: w_name=nearbyintf
[1;36mdebug: [0mc_header: parsed function nearbyintf with 1 params (varargs=0) at line 1571
[1;36mdebug: [0mc_header: w_name=__nearbyintf
[1;36mdebug: [0mc_header: parsed function __nearbyintf with 1 params (varargs=0) at line 1571
[1;36mdebug: [0mc_header: w_name=roundf
[1;36mdebug: [0mc_header: parsed function roundf with 1 params (varargs=0) at line 1575
[1;36mdebug: [0mc_header: w_name=truncf
[1;36mdebug: [0mc_header: parsed function truncf with 1 params (varargs=0) at line 1579
[1;36mdebug: [0mc_header: w_name=remquof
[1;36mdebug: [0mc_header: parsed function remquof with 3 params (varargs=0) at line 1584
[1;36mdebug: [0mc_header: w_name=__remquof
[1;36mdebug: [0mc_header: parsed function __remquof with 3 params (varargs=0) at line 1584
[1;36mdebug: [0mc_header: w_name=lrintf
[1;36mdebug: [0mc_header: parsed function lrintf with 1 params (varargs=0) at line 1591
[1;36mdebug: [0mc_header: w_name=__lrintf
[1;36mdebug: [0mc_header: parsed function __lrintf with 1 params (varargs=0) at line 1591
[1;36mdebug: [0mc_header: w_name=llrintf
[1;36mdebug: [0mc_header: parsed function llrintf with 1 params (varargs=0) at line 1593
[1;36mdebug: [0mc_header: w_name=__llrintf
[1;36mdebug: [0mc_header: parsed function __llrintf with 1 params (varargs=0) at line 1593
[1;36mdebug: [0mc_header: w_name=lroundf
[1;36mdebug: [0mc_header: parsed function lroundf with 1 params (varargs=0) at line 1597
[1;36mdebug: [0mc_header: w_name=__lroundf
[1;36mdebug: [0mc_header: parsed function __lroundf with 1 params (varargs=0) at line 1597
[1;36mdebug: [0mc_header: w_name=llroundf
[1;36mdebug: [0mc_header: parsed function llroundf with 1 params (varargs=0) at line 1599
[1;36mdebug: [0mc_header: w_name=__llroundf
[1;36mdebug: [0mc_header: parsed function __llroundf with 1 params (varargs=0) at line 1599
[1;36mdebug: [0mc_header: w_name=fdimf
[1;36mdebug: [0mc_header: parsed function fdimf with 2 params (varargs=0) at line 1603
[1;36mdebug: [0mc_header: w_name=__fdimf
[1;36mdebug: [0mc_header: parsed function __fdimf with 2 params (varargs=0) at line 1603
[1;36mdebug: [0mc_header: w_name=fmaxf
[1;36mdebug: [0mc_header: parsed function fmaxf with 2 params (varargs=0) at line 1607
[1;36mdebug: [0mc_header: w_name=fminf
[1;36mdebug: [0mc_header: parsed function fminf with 2 params (varargs=0) at line 1610
[1;36mdebug: [0mc_header: w_name=fmaf
[1;36mdebug: [0mc_header: parsed function fmaf with 3 params (varargs=0) at line 1614
[1;36mdebug: [0mc_header: w_name=__fmaf
[1;36mdebug: [0mc_header: parsed function __fmaf with 3 params (varargs=0) at line 1614
[1;36mdebug: [0mc_header: w_name=roundevenf
[1;36mdebug: [0mc_header: parsed function roundevenf with 1 params (varargs=0) at line 1619
[1;36mdebug: [0mc_header: w_name=fromfpf
[1;36mdebug: [0mc_header: parsed function fromfpf with 3 params (varargs=0) at line 1623
[1;36mdebug: [0mc_header: w_name=__fromfpf
[1;36mdebug: [0mc_header: parsed function __fromfpf with 3 params (varargs=0) at line 1623
[1;36mdebug: [0mc_header: w_name=ufromfpf
[1;36mdebug: [0mc_header: parsed function ufromfpf with 3 params (varargs=0) at line 1627
[1;36mdebug: [0mc_header: w_name=__ufromfpf
[1;36mdebug: [0mc_header: parsed function __ufromfpf with 3 params (varargs=0) at line 1627
[1;36mdebug: [0mc_header: w_name=fromfpxf
[1;36mdebug: [0mc_header: parsed function fromfpxf with 3 params (varargs=0) at line 1632
[1;36mdebug: [0mc_header: w_name=__fromfpxf
[1;36mdebug: [0mc_header: parsed function __fromfpxf with 3 params (varargs=0) at line 1632
[1;36mdebug: [0mc_header: w_name=ufromfpxf
[1;36mdebug: [0mc_header: parsed function ufromfpxf with 3 params (varargs=0) at line 1637
[1;36mdebug: [0mc_header: w_name=__ufromfpxf
[1;36mdebug: [0mc_header: parsed function __ufromfpxf with 3 params (varargs=0) at line 1637
[1;36mdebug: [0mc_header: w_name=canonicalizef
[1;36mdebug: [0mc_header: parsed function canonicalizef with 2 params (varargs=0) at line 1640
[1;36mdebug: [0mc_header: w_name=fmaximumf
[1;36mdebug: [0mc_header: parsed function fmaximumf with 2 params (varargs=0) at line 1642
[1;36mdebug: [0mc_header: w_name=fminimumf
[1;36mdebug: [0mc_header: parsed function fminimumf with 2 params (varargs=0) at line 1645
[1;36mdebug: [0mc_header: w_name=fmaximum_numf
[1;36mdebug: [0mc_header: parsed function fmaximum_numf with 2 params (varargs=0) at line 1648
[1;36mdebug: [0mc_header: w_name=fminimum_numf
[1;36mdebug: [0mc_header: parsed function fminimum_numf with 2 params (varargs=0) at line 1651
[1;36mdebug: [0mc_header: w_name=fmaximum_magf
[1;36mdebug: [0mc_header: parsed function fmaximum_magf with 2 params (varargs=0) at line 1654
[1;36mdebug: [0mc_header: w_name=fminimum_magf
[1;36mdebug: [0mc_header: parsed function fminimum_magf with 2 params (varargs=0) at line 1657
[1;36mdebug: [0mc_header: w_name=fmaximum_mag_numf
[1;36mdebug: [0mc_header: parsed function fmaximum_mag_numf with 2 params (varargs=0) at line 1660
[1;36mdebug: [0mc_header: w_name=fminimum_mag_numf
[1;36mdebug: [0mc_header: parsed function fminimum_mag_numf with 2 params (varargs=0) at line 1663
[1;36mdebug: [0mc_header: w_name=scalbf
[1;36mdebug: [0mc_header: parsed function scalbf with 2 params (varargs=0) at line 1665
[1;36mdebug: [0mc_header: w_name=__scalbf
[1;36mdebug: [0mc_header: parsed function __scalbf with 2 params (varargs=0) at line 1665
[1;36mdebug: [0mc_header: w_name=__fpclassifyl
[1;36mdebug: [0mc_header: parsed function __fpclassifyl with 1 params (varargs=0) at line 1670
[1;36mdebug: [0mc_header: w_name=__signbitl
[1;36mdebug: [0mc_header: parsed function __signbitl with 1 params (varargs=0) at line 1674
[1;36mdebug: [0mc_header: w_name=__isinfl
[1;36mdebug: [0mc_header: parsed function __isinfl with 1 params (varargs=0) at line 1679
[1;36mdebug: [0mc_header: w_name=__finitel
[1;36mdebug: [0mc_header: parsed function __finitel with 1 params (varargs=0) at line 1683
[1;36mdebug: [0mc_header: w_name=__isnanl
[1;36mdebug: [0mc_header: parsed function __isnanl with 1 params (varargs=0) at line 1687
[1;36mdebug: [0mc_header: w_name=__iseqsigl
[1;36mdebug: [0mc_header: parsed function __iseqsigl with 2 params (varargs=0) at line 1691
[1;36mdebug: [0mc_header: w_name=__issignalingl
[1;36mdebug: [0mc_header: parsed function __issignalingl with 1 params (varargs=0) at line 1694
[1;36mdebug: [0mc_header: w_name=acosl
[1;36mdebug: [0mc_header: parsed function acosl with 1 params (varargs=0) at line 1699
[1;36mdebug: [0mc_header: w_name=__acosl
[1;36mdebug: [0mc_header: parsed function __acosl with 1 params (varargs=0) at line 1699
[1;36mdebug: [0mc_header: w_name=asinl
[1;36mdebug: [0mc_header: parsed function asinl with 1 params (varargs=0) at line 1701
[1;36mdebug: [0mc_header: w_name=__asinl
[1;36mdebug: [0mc_header: parsed function __asinl with 1 params (varargs=0) at line 1701
[1;36mdebug: [0mc_header: w_name=atanl
[1;36mdebug: [0mc_header: parsed function atanl with 1 params (varargs=0) at line 1703
[1;36mdebug: [0mc_header: w_name=__atanl
[1;36mdebug: [0mc_header: parsed function __atanl with 1 params (varargs=0) at line 1703
[1;36mdebug: [0mc_header: w_name=atan2l
[1;36mdebug: [0mc_header: parsed function atan2l with 2 params (varargs=0) at line 1705
[1;36mdebug: [0mc_header: w_name=__atan2l
[1;36mdebug: [0mc_header: parsed function __atan2l with 2 params (varargs=0) at line 1705
[1;36mdebug: [0mc_header: w_name=cosl
[1;36mdebug: [0mc_header: parsed function cosl with 1 params (varargs=0) at line 1708
[1;36mdebug: [0mc_header: w_name=__cosl
[1;36mdebug: [0mc_header: parsed function __cosl with 1 params (varargs=0) at line 1708
[1;36mdebug: [0mc_header: w_name=sinl
[1;36mdebug: [0mc_header: parsed function sinl with 1 params (varargs=0) at line 1710
[1;36mdebug: [0mc_header: w_name=__sinl
[1;36mdebug: [0mc_header: parsed function __sinl with 1 params (varargs=0) at line 1710
[1;36mdebug: [0mc_header: w_name=tanl
[1;36mdebug: [0mc_header: parsed function tanl with 1 params (varargs=0) at line 1712
[1;36mdebug: [0mc_header: w_name=__tanl
[1;36mdebug: [0mc_header: parsed function __tanl with 1 params (varargs=0) at line 1712
[1;36mdebug: [0mc_header: w_name=acospil
[1;36mdebug: [0mc_header: parsed function acospil with 1 params (varargs=0) at line 1716
[1;36mdebug: [0mc_header: w_name=__acospil
[1;36mdebug: [0mc_header: parsed function __acospil with 1 params (varargs=0) at line 1716
[1;36mdebug: [0mc_header: w_name=acospil
[1;36mdebug: [0mc_header: parsed function acospil with 1 params (varargs=0) at line 1717
[1;36mdebug: [0mc_header: w_name=__acospil
[1;36mdebug: [0mc_header: parsed function __acospil with 1 params (varargs=0) at line 1717
[1;36mdebug: [0mc_header: w_name=asinpil
[1;36mdebug: [0mc_header: parsed function asinpil with 1 params (varargs=0) at line 1719
[1;36mdebug: [0mc_header: w_name=__asinpil
[1;36mdebug: [0mc_header: parsed function __asinpil with 1 params (varargs=0) at line 1719
[1;36mdebug: [0mc_header: w_name=asinpil
[1;36mdebug: [0mc_header: parsed function asinpil with 1 params (varargs=0) at line 1720
[1;36mdebug: [0mc_header: w_name=__asinpil
[1;36mdebug: [0mc_header: parsed function __asinpil with 1 params (varargs=0) at line 1720
[1;36mdebug: [0mc_header: w_name=atanpil
[1;36mdebug: [0mc_header: parsed function atanpil with 1 params (varargs=0) at line 1722
[1;36mdebug: [0mc_header: w_name=__atanpil
[1;36mdebug: [0mc_header: parsed function __atanpil with 1 params (varargs=0) at line 1722
[1;36mdebug: [0mc_header: w_name=atanpil
[1;36mdebug: [0mc_header: parsed function atanpil with 1 params (varargs=0) at line 1723
[1;36mdebug: [0mc_header: w_name=__atanpil
[1;36mdebug: [0mc_header: parsed function __atanpil with 1 params (varargs=0) at line 1723
[1;36mdebug: [0mc_header: w_name=atan2pil
[1;36mdebug: [0mc_header: parsed function atan2pil with 2 params (varargs=0) at line 1725
[1;36mdebug: [0mc_header: w_name=__atan2pil
[1;36mdebug: [0mc_header: parsed function __atan2pil with 2 params (varargs=0) at line 1725
[1;36mdebug: [0mc_header: w_name=atan2pil
[1;36mdebug: [0mc_header: parsed function atan2pil with 2 params (varargs=0) at line 1726
[1;36mdebug: [0mc_header: w_name=__atan2pil
[1;36mdebug: [0mc_header: parsed function __atan2pil with 2 params (varargs=0) at line 1726
[1;36mdebug: [0mc_header: w_name=cospil
[1;36mdebug: [0mc_header: parsed function cospil with 1 params (varargs=0) at line 1729
[1;36mdebug: [0mc_header: w_name=__cospil
[1;36mdebug: [0mc_header: parsed function __cospil with 1 params (varargs=0) at line 1729
[1;36mdebug: [0mc_header: w_name=sinpil
[1;36mdebug: [0mc_header: parsed function sinpil with 1 params (varargs=0) at line 1731
[1;36mdebug: [0mc_header: w_name=__sinpil
[1;36mdebug: [0mc_header: parsed function __sinpil with 1 params (varargs=0) at line 1731
[1;36mdebug: [0mc_header: w_name=tanpil
[1;36mdebug: [0mc_header: parsed function tanpil with 1 params (varargs=0) at line 1733
[1;36mdebug: [0mc_header: w_name=__tanpil
[1;36mdebug: [0mc_header: parsed function __tanpil with 1 params (varargs=0) at line 1733
[1;36mdebug: [0mc_header: w_name=coshl
[1;36mdebug: [0mc_header: parsed function coshl with 1 params (varargs=0) at line 1739
[1;36mdebug: [0mc_header: w_name=__coshl
[1;36mdebug: [0mc_header: parsed function __coshl with 1 params (varargs=0) at line 1739
[1;36mdebug: [0mc_header: w_name=sinhl
[1;36mdebug: [0mc_header: parsed function sinhl with 1 params (varargs=0) at line 1741
[1;36mdebug: [0mc_header: w_name=__sinhl
[1;36mdebug: [0mc_header: parsed function __sinhl with 1 params (varargs=0) at line 1741
[1;36mdebug: [0mc_header: w_name=tanhl
[1;36mdebug: [0mc_header: parsed function tanhl with 1 params (varargs=0) at line 1743
[1;36mdebug: [0mc_header: w_name=__tanhl
[1;36mdebug: [0mc_header: parsed function __tanhl with 1 params (varargs=0) at line 1743
[1;36mdebug: [0mc_header: w_name=acoshl
[1;36mdebug: [0mc_header: parsed function acoshl with 1 params (varargs=0) at line 1745
[1;36mdebug: [0mc_header: w_name=__acoshl
[1;36mdebug: [0mc_header: parsed function __acoshl with 1 params (varargs=0) at line 1745
[1;36mdebug: [0mc_header: w_name=asinhl
[1;36mdebug: [0mc_header: parsed function asinhl with 1 params (varargs=0) at line 1747
[1;36mdebug: [0mc_header: w_name=__asinhl
[1;36mdebug: [0mc_header: parsed function __asinhl with 1 params (varargs=0) at line 1747
[1;36mdebug: [0mc_header: w_name=atanhl
[1;36mdebug: [0mc_header: parsed function atanhl with 1 params (varargs=0) at line 1749
[1;36mdebug: [0mc_header: w_name=__atanhl
[1;36mdebug: [0mc_header: parsed function __atanhl with 1 params (varargs=0) at line 1749
[1;36mdebug: [0mc_header: w_name=expl
[1;36mdebug: [0mc_header: parsed function expl with 1 params (varargs=0) at line 1755
[1;36mdebug: [0mc_header: w_name=__expl
[1;36mdebug: [0mc_header: parsed function __expl with 1 params (varargs=0) at line 1755
[1;36mdebug: [0mc_header: w_name=frexpl
[1;36mdebug: [0mc_header: parsed function frexpl with 2 params (varargs=0) at line 1758
[1;36mdebug: [0mc_header: w_name=__frexpl
[1;36mdebug: [0mc_header: parsed function __frexpl with 2 params (varargs=0) at line 1758
[1;36mdebug: [0mc_header: w_name=ldexpl
[1;36mdebug: [0mc_header: parsed function ldexpl with 2 params (varargs=0) at line 1761
[1;36mdebug: [0mc_header: w_name=__ldexpl
[1;36mdebug: [0mc_header: parsed function __ldexpl with 2 params (varargs=0) at line 1761
[1;36mdebug: [0mc_header: w_name=logl
[1;36mdebug: [0mc_header: parsed function logl with 1 params (varargs=0) at line 1764
[1;36mdebug: [0mc_header: w_name=__logl
[1;36mdebug: [0mc_header: parsed function __logl with 1 params (varargs=0) at line 1764
[1;36mdebug: [0mc_header: w_name=log10l
[1;36mdebug: [0mc_header: parsed function log10l with 1 params (varargs=0) at line 1767
[1;36mdebug: [0mc_header: w_name=__log10l
[1;36mdebug: [0mc_header: parsed function __log10l with 1 params (varargs=0) at line 1767
[1;36mdebug: [0mc_header: w_name=modfl
[1;36mdebug: [0mc_header: parsed function modfl with 2 params (varargs=0) at line 1770
[1;36mdebug: [0mc_header: w_name=__modfl
[1;36mdebug: [0mc_header: parsed function __modfl with 2 params (varargs=0) at line 1770
[1;36mdebug: [0mc_header: w_name=exp10l
[1;36mdebug: [0mc_header: parsed function exp10l with 1 params (varargs=0) at line 1774
[1;36mdebug: [0mc_header: w_name=__exp10l
[1;36mdebug: [0mc_header: parsed function __exp10l with 1 params (varargs=0) at line 1774
[1;36mdebug: [0mc_header: w_name=exp2m1l
[1;36mdebug: [0mc_header: parsed function exp2m1l with 1 params (varargs=0) at line 1777
[1;36mdebug: [0mc_header: w_name=__exp2m1l
[1;36mdebug: [0mc_header: parsed function __exp2m1l with 1 params (varargs=0) at line 1777
[1;36mdebug: [0mc_header: w_name=exp10m1l
[1;36mdebug: [0mc_header: parsed function exp10m1l with 1 params (varargs=0) at line 1780
[1;36mdebug: [0mc_header: w_name=__exp10m1l
[1;36mdebug: [0mc_header: parsed function __exp10m1l with 1 params (varargs=0) at line 1780
[1;36mdebug: [0mc_header: w_name=log2p1l
[1;36mdebug: [0mc_header: parsed function log2p1l with 1 params (varargs=0) at line 1783
[1;36mdebug: [0mc_header: w_name=__log2p1l
[1;36mdebug: [0mc_header: parsed function __log2p1l with 1 params (varargs=0) at line 1783
[1;36mdebug: [0mc_header: w_name=log10p1l
[1;36mdebug: [0mc_header: parsed function log10p1l with 1 params (varargs=0) at line 1786
[1;36mdebug: [0mc_header: w_name=__log10p1l
[1;36mdebug: [0mc_header: parsed function __log10p1l with 1 params (varargs=0) at line 1786
[1;36mdebug: [0mc_header: w_name=logp1l
[1;36mdebug: [0mc_header: parsed function logp1l with 1 params (varargs=0) at line 1789
[1;36mdebug: [0mc_header: w_name=__logp1l
[1;36mdebug: [0mc_header: parsed function __logp1l with 1 params (varargs=0) at line 1789
[1;36mdebug: [0mc_header: w_name=expm1l
[1;36mdebug: [0mc_header: parsed function expm1l with 1 params (varargs=0) at line 1794
[1;36mdebug: [0mc_header: w_name=__expm1l
[1;36mdebug: [0mc_header: parsed function __expm1l with 1 params (varargs=0) at line 1794
[1;36mdebug: [0mc_header: w_name=log1pl
[1;36mdebug: [0mc_header: parsed function log1pl with 1 params (varargs=0) at line 1797
[1;36mdebug: [0mc_header: w_name=__log1pl
[1;36mdebug: [0mc_header: parsed function __log1pl with 1 params (varargs=0) at line 1797
[1;36mdebug: [0mc_header: w_name=logbl
[1;36mdebug: [0mc_header: parsed function logbl with 1 params (varargs=0) at line 1800
[1;36mdebug: [0mc_header: w_name=__logbl
[1;36mdebug: [0mc_header: parsed function __logbl with 1 params (varargs=0) at line 1800
[1;36mdebug: [0mc_header: w_name=exp2l
[1;36mdebug: [0mc_header: parsed function exp2l with 1 params (varargs=0) at line 1805
[1;36mdebug: [0mc_header: w_name=__exp2l
[1;36mdebug: [0mc_header: parsed function __exp2l with 1 params (varargs=0) at line 1805
[1;36mdebug: [0mc_header: w_name=log2l
[1;36mdebug: [0mc_header: parsed function log2l with 1 params (varargs=0) at line 1808
[1;36mdebug: [0mc_header: w_name=__log2l
[1;36mdebug: [0mc_header: parsed function __log2l with 1 params (varargs=0) at line 1808
[1;36mdebug: [0mc_header: w_name=powl
[1;36mdebug: [0mc_header: parsed function powl with 2 params (varargs=0) at line 1815
[1;36mdebug: [0mc_header: w_name=__powl
[1;36mdebug: [0mc_header: parsed function __powl with 2 params (varargs=0) at line 1815
[1;36mdebug: [0mc_header: w_name=sqrtl
[1;36mdebug: [0mc_header: parsed function sqrtl with 1 params (varargs=0) at line 1818
[1;36mdebug: [0mc_header: w_name=__sqrtl
[1;36mdebug: [0mc_header: parsed function __sqrtl with 1 params (varargs=0) at line 1818
[1;36mdebug: [0mc_header: w_name=hypotl
[1;36mdebug: [0mc_header: parsed function hypotl with 2 params (varargs=0) at line 1822
[1;36mdebug: [0mc_header: w_name=__hypotl
[1;36mdebug: [0mc_header: parsed function __hypotl with 2 params (varargs=0) at line 1822
[1;36mdebug: [0mc_header: w_name=cbrtl
[1;36mdebug: [0mc_header: parsed function cbrtl with 1 params (varargs=0) at line 1827
[1;36mdebug: [0mc_header: w_name=__cbrtl
[1;36mdebug: [0mc_header: parsed function __cbrtl with 1 params (varargs=0) at line 1827
[1;36mdebug: [0mc_header: w_name=compoundnl
[1;36mdebug: [0mc_header: parsed function compoundnl with 2 params (varargs=0) at line 1832
[1;36mdebug: [0mc_header: w_name=__compoundnl
[1;36mdebug: [0mc_header: parsed function __compoundnl with 2 params (varargs=0) at line 1832
[1;36mdebug: [0mc_header: w_name=pownl
[1;36mdebug: [0mc_header: parsed function pownl with 2 params (varargs=0) at line 1835
[1;36mdebug: [0mc_header: w_name=__pownl
[1;36mdebug: [0mc_header: parsed function __pownl with 2 params (varargs=0) at line 1835
[1;36mdebug: [0mc_header: w_name=powrl
[1;36mdebug: [0mc_header: parsed function powrl with 2 params (varargs=0) at line 1838
[1;36mdebug: [0mc_header: w_name=__powrl
[1;36mdebug: [0mc_header: parsed function __powrl with 2 params (varargs=0) at line 1838
[1;36mdebug: [0mc_header: w_name=powrl
[1;36mdebug: [0mc_header: parsed function powrl with 2 params (varargs=0) at line 1839
[1;36mdebug: [0mc_header: w_name=__powrl
[1;36mdebug: [0mc_header: parsed function __powrl with 2 params (varargs=0) at line 1839
[1;36mdebug: [0mc_header: w_name=rootnl
[1;36mdebug: [0mc_header: parsed function rootnl with 2 params (varargs=0) at line 1842
[1;36mdebug: [0mc_header: w_name=__rootnl
[1;36mdebug: [0mc_header: parsed function __rootnl with 2 params (varargs=0) at line 1842
[1;36mdebug: [0mc_header: w_name=rsqrtl
[1;36mdebug: [0mc_header: parsed function rsqrtl with 1 params (varargs=0) at line 1845
[1;36mdebug: [0mc_header: w_name=__rsqrtl
[1;36mdebug: [0mc_header: parsed function __rsqrtl with 1 params (varargs=0) at line 1845
[1;36mdebug: [0mc_header: w_name=ceill
[1;36mdebug: [0mc_header: parsed function ceill with 1 params (varargs=0) at line 1852
[1;36mdebug: [0mc_header: w_name=fabsl
[1;36mdebug: [0mc_header: parsed function fabsl with 1 params (varargs=0) at line 1855
[1;36mdebug: [0mc_header: w_name=floorl
[1;36mdebug: [0mc_header: parsed function floorl with 1 params (varargs=0) at line 1858
[1;36mdebug: [0mc_header: w_name=fmodl
[1;36mdebug: [0mc_header: parsed function fmodl with 2 params (varargs=0) at line 1861
[1;36mdebug: [0mc_header: w_name=__fmodl
[1;36mdebug: [0mc_header: parsed function __fmodl with 2 params (varargs=0) at line 1861
[1;36mdebug: [0mc_header: w_name=isinfl
[1;36mdebug: [0mc_header: parsed function isinfl with 1 params (varargs=0) at line 1863
[1;36mdebug: [0mc_header: w_name=finitel
[1;36mdebug: [0mc_header: parsed function finitel with 1 params (varargs=0) at line 1869
[1;36mdebug: [0mc_header: w_name=dreml
[1;36mdebug: [0mc_header: parsed function dreml with 2 params (varargs=0) at line 1873
[1;36mdebug: [0mc_header: w_name=__dreml
[1;36mdebug: [0mc_header: parsed function __dreml with 2 params (varargs=0) at line 1873
[1;36mdebug: [0mc_header: w_name=significandl
[1;36mdebug: [0mc_header: parsed function significandl with 1 params (varargs=0) at line 1877
[1;36mdebug: [0mc_header: w_name=__significandl
[1;36mdebug: [0mc_header: parsed function __significandl with 1 params (varargs=0) at line 1877
[1;36mdebug: [0mc_header: w_name=copysignl
[1;36mdebug: [0mc_header: parsed function copysignl with 2 params (varargs=0) at line 1884
[1;36mdebug: [0mc_header: w_name=nanl
[1;36mdebug: [0mc_header: parsed function nanl with 1 params (varargs=0) at line 1889
[1;36mdebug: [0mc_header: w_name=__nanl
[1;36mdebug: [0mc_header: parsed function __nanl with 1 params (varargs=0) at line 1889
[1;36mdebug: [0mc_header: w_name=isnanl
[1;36mdebug: [0mc_header: parsed function isnanl with 1 params (varargs=0) at line 1891
[1;36mdebug: [0mc_header: w_name=j0l
[1;36mdebug: [0mc_header: parsed function j0l with 1 params (varargs=0) at line 1898
[1;36mdebug: [0mc_header: w_name=__j0l
[1;36mdebug: [0mc_header: parsed function __j0l with 1 params (varargs=0) at line 1898
[1;36mdebug: [0mc_header: w_name=j1l
[1;36mdebug: [0mc_header: parsed function j1l with 1 params (varargs=0) at line 1899
[1;36mdebug: [0mc_header: w_name=__j1l
[1;36mdebug: [0mc_header: parsed function __j1l with 1 params (varargs=0) at line 1899
[1;36mdebug: [0mc_header: w_name=jnl
[1;36mdebug: [0mc_header: parsed function jnl with 2 params (varargs=0) at line 1900
[1;36mdebug: [0mc_header: w_name=__jnl
[1;36mdebug: [0mc_header: parsed function __jnl with 2 params (varargs=0) at line 1900
[1;36mdebug: [0mc_header: w_name=y0l
[1;36mdebug: [0mc_header: parsed function y0l with 1 params (varargs=0) at line 1901
[1;36mdebug: [0mc_header: w_name=__y0l
[1;36mdebug: [0mc_header: parsed function __y0l with 1 params (varargs=0) at line 1901
[1;36mdebug: [0mc_header: w_name=y1l
[1;36mdebug: [0mc_header: parsed function y1l with 1 params (varargs=0) at line 1902
[1;36mdebug: [0mc_header: w_name=__y1l
[1;36mdebug: [0mc_header: parsed function __y1l with 1 params (varargs=0) at line 1902
[1;36mdebug: [0mc_header: w_name=ynl
[1;36mdebug: [0mc_header: parsed function ynl with 2 params (varargs=0) at line 1903
[1;36mdebug: [0mc_header: w_name=__ynl
[1;36mdebug: [0mc_header: parsed function __ynl with 2 params (varargs=0) at line 1903
[1;36mdebug: [0mc_header: w_name=erfl
[1;36mdebug: [0mc_header: parsed function erfl with 1 params (varargs=0) at line 1909
[1;36mdebug: [0mc_header: w_name=__erfl
[1;36mdebug: [0mc_header: parsed function __erfl with 1 params (varargs=0) at line 1909
[1;36mdebug: [0mc_header: w_name=erfcl
[1;36mdebug: [0mc_header: parsed function erfcl with 1 params (varargs=0) at line 1910
[1;36mdebug: [0mc_header: w_name=__erfcl
[1;36mdebug: [0mc_header: parsed function __erfcl with 1 params (varargs=0) at line 1910
[1;36mdebug: [0mc_header: w_name=lgammal
[1;36mdebug: [0mc_header: parsed function lgammal with 1 params (varargs=0) at line 1911
[1;36mdebug: [0mc_header: w_name=__lgammal
[1;36mdebug: [0mc_header: parsed function __lgammal with 1 params (varargs=0) at line 1911
[1;36mdebug: [0mc_header: w_name=tgammal
[1;36mdebug: [0mc_header: parsed function tgammal with 1 params (varargs=0) at line 1916
[1;36mdebug: [0mc_header: w_name=__tgammal
[1;36mdebug: [0mc_header: parsed function __tgammal with 1 params (varargs=0) at line 1916
[1;36mdebug: [0mc_header: w_name=gammal
[1;36mdebug: [0mc_header: parsed function gammal with 1 params (varargs=0) at line 1922
[1;36mdebug: [0mc_header: w_name=__gammal
[1;36mdebug: [0mc_header: parsed function __gammal with 1 params (varargs=0) at line 1922
[1;36mdebug: [0mc_header: w_name=lgammal_r
[1;36mdebug: [0mc_header: parsed function lgammal_r with 2 params (varargs=0) at line 1930
[1;36mdebug: [0mc_header: w_name=__lgammal_r
[1;36mdebug: [0mc_header: parsed function __lgammal_r with 2 params (varargs=0) at line 1930
[1;36mdebug: [0mc_header: w_name=rintl
[1;36mdebug: [0mc_header: parsed function rintl with 1 params (varargs=0) at line 1937
[1;36mdebug: [0mc_header: w_name=__rintl
[1;36mdebug: [0mc_header: parsed function __rintl with 1 params (varargs=0) at line 1937
[1;36mdebug: [0mc_header: w_name=nextafterl
[1;36mdebug: [0mc_header: parsed function nextafterl with 2 params (varargs=0) at line 1940
[1;36mdebug: [0mc_header: w_name=__nextafterl
[1;36mdebug: [0mc_header: parsed function __nextafterl with 2 params (varargs=0) at line 1940
[1;36mdebug: [0mc_header: w_name=nexttowardl
[1;36mdebug: [0mc_header: parsed function nexttowardl with 2 params (varargs=0) at line 1942
[1;36mdebug: [0mc_header: w_name=__nexttowardl
[1;36mdebug: [0mc_header: parsed function __nexttowardl with 2 params (varargs=0) at line 1942
[1;36mdebug: [0mc_header: w_name=nextdownl
[1;36mdebug: [0mc_header: parsed function nextdownl with 1 params (varargs=0) at line 1947
[1;36mdebug: [0mc_header: w_name=__nextdownl
[1;36mdebug: [0mc_header: parsed function __nextdownl with 1 params (varargs=0) at line 1947
[1;36mdebug: [0mc_header: w_name=nextupl
[1;36mdebug: [0mc_header: parsed function nextupl with 1 params (varargs=0) at line 1949
[1;36mdebug: [0mc_header: w_name=__nextupl
[1;36mdebug: [0mc_header: parsed function __nextupl with 1 params (varargs=0) at line 1949
[1;36mdebug: [0mc_header: w_name=remainderl
[1;36mdebug: [0mc_header: parsed function remainderl with 2 params (varargs=0) at line 1953
[1;36mdebug: [0mc_header: w_name=__remainderl
[1;36mdebug: [0mc_header: parsed function __remainderl with 2 params (varargs=0) at line 1953
[1;36mdebug: [0mc_header: w_name=scalbnl
[1;36mdebug: [0mc_header: parsed function scalbnl with 2 params (varargs=0) at line 1957
[1;36mdebug: [0mc_header: w_name=__scalbnl
[1;36mdebug: [0mc_header: parsed function __scalbnl with 2 params (varargs=0) at line 1957
[1;36mdebug: [0mc_header: w_name=ilogbl
[1;36mdebug: [0mc_header: parsed function ilogbl with 1 params (varargs=0) at line 1961
[1;36mdebug: [0mc_header: w_name=__ilogbl
[1;36mdebug: [0mc_header: parsed function __ilogbl with 1 params (varargs=0) at line 1961
[1;36mdebug: [0mc_header: w_name=llogbl
[1;36mdebug: [0mc_header: parsed function llogbl with 1 params (varargs=0) at line 1966
[1;36mdebug: [0mc_header: w_name=__llogbl
[1;36mdebug: [0mc_header: parsed function __llogbl with 1 params (varargs=0) at line 1966
[1;36mdebug: [0mc_header: w_name=scalblnl
[1;36mdebug: [0mc_header: parsed function scalblnl with 2 params (varargs=0) at line 1971
[1;36mdebug: [0mc_header: w_name=__scalblnl
[1;36mdebug: [0mc_header: parsed function __scalblnl with 2 params (varargs=0) at line 1971
[1;36mdebug: [0mc_header: w_name=nearbyintl
[1;36mdebug: [0mc_header: parsed function nearbyintl with 1 params (varargs=0) at line 1975
[1;36mdebug: [0mc_header: w_name=__nearbyintl
[1;36mdebug: [0mc_header: parsed function __nearbyintl with 1 params (varargs=0) at line 1975
[1;36mdebug: [0mc_header: w_name=roundl
[1;36mdebug: [0mc_header: parsed function roundl with 1 params (varargs=0) at line 1979
[1;36mdebug: [0mc_header: w_name=truncl
[1;36mdebug: [0mc_header: parsed function truncl with 1 params (varargs=0) at line 1983
[1;36mdebug: [0mc_header: w_name=remquol
[1;36mdebug: [0mc_header: parsed function remquol with 3 params (varargs=0) at line 1988
[1;36mdebug: [0mc_header: w_name=__remquol
[1;36mdebug: [0mc_header: parsed function __remquol with 3 params (varargs=0) at line 1988
[1;36mdebug: [0mc_header: w_name=lrintl
[1;36mdebug: [0mc_header: parsed function lrintl with 1 params (varargs=0) at line 1995
[1;36mdebug: [0mc_header: w_name=__lrintl
[1;36mdebug: [0mc_header: parsed function __lrintl with 1 params (varargs=0) at line 1995
[1;36mdebug: [0mc_header: w_name=llrintl
[1;36mdebug: [0mc_header: parsed function llrintl with 1 params (varargs=0) at line 1997
[1;36mdebug: [0mc_header: w_name=__llrintl
[1;36mdebug: [0mc_header: parsed function __llrintl with 1 params (varargs=0) at line 1997
[1;36mdebug: [0mc_header: w_name=lroundl
[1;36mdebug: [0mc_header: parsed function lroundl with 1 params (varargs=0) at line 2001
[1;36mdebug: [0mc_header: w_name=__lroundl
[1;36mdebug: [0mc_header: parsed function __lroundl with 1 params (varargs=0) at line 2001
[1;36mdebug: [0mc_header: w_name=llroundl
[1;36mdebug: [0mc_header: parsed function llroundl with 1 params (varargs=0) at line 2003
[1;36mdebug: [0mc_header: w_name=__llroundl
[1;36mdebug: [0mc_header: parsed function __llroundl with 1 params (varargs=0) at line 2003
[1;36mdebug: [0mc_header: w_name=fdiml
[1;36mdebug: [0mc_header: parsed function fdiml with 2 params (varargs=0) at line 2007
[1;36mdebug: [0mc_header: w_name=__fdiml
[1;36mdebug: [0mc_header: parsed function __fdiml with 2 params (varargs=0) at line 2007
[1;36mdebug: [0mc_header: w_name=fmaxl
[1;36mdebug: [0mc_header: parsed function fmaxl with 2 params (varargs=0) at line 2011
[1;36mdebug: [0mc_header: w_name=fminl
[1;36mdebug: [0mc_header: parsed function fminl with 2 params (varargs=0) at line 2014
[1;36mdebug: [0mc_header: w_name=fmal
[1;36mdebug: [0mc_header: parsed function fmal with 3 params (varargs=0) at line 2018
[1;36mdebug: [0mc_header: w_name=__fmal
[1;36mdebug: [0mc_header: parsed function __fmal with 3 params (varargs=0) at line 2018
[1;36mdebug: [0mc_header: w_name=roundevenl
[1;36mdebug: [0mc_header: parsed function roundevenl with 1 params (varargs=0) at line 2023
[1;36mdebug: [0mc_header: w_name=fromfpl
[1;36mdebug: [0mc_header: parsed function fromfpl with 3 params (varargs=0) at line 2027
[1;36mdebug: [0mc_header: w_name=__fromfpl
[1;36mdebug: [0mc_header: parsed function __fromfpl with 3 params (varargs=0) at line 2027
[1;36mdebug: [0mc_header: w_name=ufromfpl
[1;36mdebug: [0mc_header: parsed function ufromfpl with 3 params (varargs=0) at line 2031
[1;36mdebug: [0mc_header: w_name=__ufromfpl
[1;36mdebug: [0mc_header: parsed function __ufromfpl with 3 params (varargs=0) at line 2031
[1;36mdebug: [0mc_header: w_name=fromfpxl
[1;36mdebug: [0mc_header: parsed function fromfpxl with 3 params (varargs=0) at line 2036
[1;36mdebug: [0mc_header: w_name=__fromfpxl
[1;36mdebug: [0mc_header: parsed function __fromfpxl with 3 params (varargs=0) at line 2036
[1;36mdebug: [0mc_header: w_name=ufromfpxl
[1;36mdebug: [0mc_header: parsed function ufromfpxl with 3 params (varargs=0) at line 2041
[1;36mdebug: [0mc_header: w_name=__ufromfpxl
[1;36mdebug: [0mc_header: parsed function __ufromfpxl with 3 params (varargs=0) at line 2041
[1;36mdebug: [0mc_header: w_name=canonicalizel
[1;36mdebug: [0mc_header: parsed function canonicalizel with 2 params (varargs=0) at line 2044
[1;36mdebug: [0mc_header: w_name=fmaximuml
[1;36mdebug: [0mc_header: parsed function fmaximuml with 2 params (varargs=0) at line 2046
[1;36mdebug: [0mc_header: w_name=fminimuml
[1;36mdebug: [0mc_header: parsed function fminimuml with 2 params (varargs=0) at line 2049
[1;36mdebug: [0mc_header: w_name=fmaximum_numl
[1;36mdebug: [0mc_header: parsed function fmaximum_numl with 2 params (varargs=0) at line 2052
[1;36mdebug: [0mc_header: w_name=fminimum_numl
[1;36mdebug: [0mc_header: parsed function fminimum_numl with 2 params (varargs=0) at line 2055
[1;36mdebug: [0mc_header: w_name=fmaximum_magl
[1;36mdebug: [0mc_header: parsed function fmaximum_magl with 2 params (varargs=0) at line 2058
[1;36mdebug: [0mc_header: w_name=fminimum_magl
[1;36mdebug: [0mc_header: parsed function fminimum_magl with 2 params (varargs=0) at line 2061
[1;36mdebug: [0mc_header: w_name=fmaximum_mag_numl
[1;36mdebug: [0mc_header: parsed function fmaximum_mag_numl with 2 params (varargs=0) at line 2064
[1;36mdebug: [0mc_header: w_name=fminimum_mag_numl
[1;36mdebug: [0mc_header: parsed function fminimum_mag_numl with 2 params (varargs=0) at line 2067
[1;36mdebug: [0mc_header: w_name=scalbl
[1;36mdebug: [0mc_header: parsed function scalbl with 2 params (varargs=0) at line 2069
[1;36mdebug: [0mc_header: w_name=__scalbl
[1;36mdebug: [0mc_header: parsed function __scalbl with 2 params (varargs=0) at line 2069
[1;36mdebug: [0mc_header: w_name=__fpclassifyf128
[1;36mdebug: [0mc_header: parsed function __fpclassifyf128 with 1 params (varargs=0) at line 2074
[1;36mdebug: [0mc_header: w_name=__signbitf128
[1;36mdebug: [0mc_header: parsed function __signbitf128 with 1 params (varargs=0) at line 2078
[1;36mdebug: [0mc_header: w_name=__isinff128
[1;36mdebug: [0mc_header: parsed function __isinff128 with 1 params (varargs=0) at line 2083
[1;36mdebug: [0mc_header: w_name=__finitef128
[1;36mdebug: [0mc_header: parsed function __finitef128 with 1 params (varargs=0) at line 2087
[1;36mdebug: [0mc_header: w_name=__isnanf128
[1;36mdebug: [0mc_header: parsed function __isnanf128 with 1 params (varargs=0) at line 2091
[1;36mdebug: [0mc_header: w_name=__iseqsigf128
[1;36mdebug: [0mc_header: parsed function __iseqsigf128 with 2 params (varargs=0) at line 2095
[1;36mdebug: [0mc_header: w_name=__issignalingf128
[1;36mdebug: [0mc_header: parsed function __issignalingf128 with 1 params (varargs=0) at line 2098
[1;36mdebug: [0mc_header: w_name=fadd
[1;36mdebug: [0mc_header: parsed function fadd with 2 params (varargs=0) at line 2104
[1;36mdebug: [0mc_header: w_name=fdiv
[1;36mdebug: [0mc_header: parsed function fdiv with 2 params (varargs=0) at line 2107
[1;36mdebug: [0mc_header: w_name=ffma
[1;36mdebug: [0mc_header: parsed function ffma with 3 params (varargs=0) at line 2110
[1;36mdebug: [0mc_header: w_name=fmul
[1;36mdebug: [0mc_header: parsed function fmul with 2 params (varargs=0) at line 2113
[1;36mdebug: [0mc_header: w_name=fsqrt
[1;36mdebug: [0mc_header: parsed function fsqrt with 1 params (varargs=0) at line 2116
[1;36mdebug: [0mc_header: w_name=fsub
[1;36mdebug: [0mc_header: parsed function fsub with 2 params (varargs=0) at line 2119
[1;36mdebug: [0mc_header: w_name=faddl
[1;36mdebug: [0mc_header: parsed function faddl with 2 params (varargs=0) at line 2124
[1;36mdebug: [0mc_header: w_name=fdivl
[1;36mdebug: [0mc_header: parsed function fdivl with 2 params (varargs=0) at line 2127
[1;36mdebug: [0mc_header: w_name=ffmal
[1;36mdebug: [0mc_header: parsed function ffmal with 3 params (varargs=0) at line 2130
[1;36mdebug: [0mc_header: w_name=fmull
[1;36mdebug: [0mc_header: parsed function fmull with 2 params (varargs=0) at line 2133
[1;36mdebug: [0mc_header: w_name=fsqrtl
[1;36mdebug: [0mc_header: parsed function fsqrtl with 1 params (varargs=0) at line 2136
[1;36mdebug: [0mc_header: w_name=fsubl
[1;36mdebug: [0mc_header: parsed function fsubl with 2 params (varargs=0) at line 2139
[1;36mdebug: [0mc_header: w_name=daddl
[1;36mdebug: [0mc_header: parsed function daddl with 2 params (varargs=0) at line 2144
[1;36mdebug: [0mc_header: w_name=ddivl
[1;36mdebug: [0mc_header: parsed function ddivl with 2 params (varargs=0) at line 2147
[1;36mdebug: [0mc_header: w_name=dfmal
[1;36mdebug: [0mc_header: parsed function dfmal with 3 params (varargs=0) at line 2150
[1;36mdebug: [0mc_header: w_name=dmull
[1;36mdebug: [0mc_header: parsed function dmull with 2 params (varargs=0) at line 2153
[1;36mdebug: [0mc_header: w_name=dsqrtl
[1;36mdebug: [0mc_header: parsed function dsqrtl with 1 params (varargs=0) at line 2156
[1;36mdebug: [0mc_header: w_name=dsubl
[1;36mdebug: [0mc_header: parsed function dsubl with 2 params (varargs=0) at line 2159
[1;36mdebug: [0mc_header: LOOP START token=1
[1;36mdebug: [0mc_header: LOOP START token=1
[1;36mdebug: [0mc_header: LOOP START token=1
[1;36mdebug: [0mc_header: LOOP START token=1
[1;36mdebug: [0mc_header: LOOP START token=1
[1;36mdebug: [0mc_header: w_name=__iscanonicall
[1;36mdebug: [0mc_header: parsed function __iscanonicall with 1 params (varargs=0) at line 2186
[1;36mdebug: [0mc_header: LOOP START token=73
[1;36mdebug: [0mc_header: LOOP START token=73
[1;36mdebug: [0mc_header: LOOP START token=73
[1;36mdebug: [0mc_header: LOOP START token=73
[1;36mdebug: [0mc_header: w_name=imaxabs
[1;36mdebug: [0mc_header: parsed function imaxabs with 1 params (varargs=0) at line 2220
[1;36mdebug: [0mc_header: w_name=imaxdiv
[1;36mdebug: [0mc_header: parsed function imaxdiv with 2 params (varargs=0) at line 2229
[1;36mdebug: [0mc_header: w_name=strtoimax
[1;36mdebug: [0mc_header: parsed function strtoimax with 3 params (varargs=0) at line 2233
[1;36mdebug: [0mc_header: w_name=strtoumax
[1;36mdebug: [0mc_header: parsed function strtoumax with 3 params (varargs=0) at line 2237
[1;36mdebug: [0mc_header: w_name=wcstoimax
[1;36mdebug: [0mc_header: parsed function wcstoimax with 3 params (varargs=0) at line 2242
[1;36mdebug: [0mc_header: w_name=wcstoumax
[1;36mdebug: [0mc_header: parsed function wcstoumax with 3 params (varargs=0) at line 2247
[1;36mdebug: [0mc_header: w_name=strtoimax
[1;36mdebug: [0mc_header: parsed function strtoimax with 3 params (varargs=0) at line 2253
[1;36mdebug: [0mc_header: w_name=strtoumax
[1;36mdebug: [0mc_header: parsed function strtoumax with 3 params (varargs=0) at line 2256
[1;36mdebug: [0mc_header: w_name=wcstoimax
[1;36mdebug: [0mc_header: parsed function wcstoimax with 3 params (varargs=0) at line 2259
[1;36mdebug: [0mc_header: w_name=wcstoumax
[1;36mdebug: [0mc_header: parsed function wcstoumax with 3 params (varargs=0) at line 2263
[1;36mdebug: [0mc_header: LOOP START token=59 line=2281 text='const'
[1;36mdebug: [0mc_header: LOOP START token=59 line=2283 text='const'
[1;36mdebug: [0mc_header: LOOP START token=59 line=2285 text='const'
[1;36mdebug: [0mc_header: LOOP START token=59 line=2290 text='const'
[1;36mdebug: [0mc_header: LOOP START token=72 line=2292 text='int'
[1;36mdebug: [0mc_header: LOOP START token=72 line=2294 text='int'
[1;36mdebug: [0mc_header: LOOP START token=59 line=2296 text='const'
[1;36mdebug: [0mc_header: LOOP START token=72 line=2298 text='int'
[1;36mdebug: [0mc_header: LOOP START token=59 line=2300 text='const'
[1;36mdebug: [0mc_header: LOOP START token=81 line=2305 text='struct'
[1;36mdebug: [0mc_header: LOOP START token=81 line=2307 text='struct'
[1;36mdebug: [0mc_header: w_name=wl_list_init
[1;36mdebug: [0mc_header: parsed function wl_list_init with 1 params (varargs=0) at line 2311
[1;36mdebug: [0mc_header: w_name=wl_list_insert
[1;36mdebug: [0mc_header: parsed function wl_list_insert with 2 params (varargs=0) at line 2314
[1;36mdebug: [0mc_header: w_name=wl_list_remove
[1;36mdebug: [0mc_header: parsed function wl_list_remove with 1 params (varargs=0) at line 2317
[1;36mdebug: [0mc_header: w_name=wl_list_length
[1;36mdebug: [0mc_header: parsed function wl_list_length with 1 params (varargs=0) at line 2320
[1;36mdebug: [0mc_header: w_name=wl_list_empty
[1;36mdebug: [0mc_header: parsed function wl_list_empty with 1 params (varargs=0) at line 2323
[1;36mdebug: [0mc_header: w_name=wl_list_insert_list
[1;36mdebug: [0mc_header: parsed function wl_list_insert_list with 2 params (varargs=0) at line 2326
[1;36mdebug: [0mc_header: LOOP START token=1 line=2330 text='size_t'
[1;36mdebug: [0mc_header: LOOP START token=1 line=2332 text='size_t'
[1;36mdebug: [0mc_header: LOOP START token=86 line=2334 text='void'
[1;36mdebug: [0mc_header: w_name=wl_array_init
[1;36mdebug: [0mc_header: parsed function wl_array_init with 1 params (varargs=0) at line 2338
[1;36mdebug: [0mc_header: w_name=wl_array_release
[1;36mdebug: [0mc_header: parsed function wl_array_release with 1 params (varargs=0) at line 2341
[1;36mdebug: [0mc_header: w_name=wl_array_add
[1;36mdebug: [0mc_header: parsed function wl_array_add with 2 params (varargs=0) at line 2344
[1;36mdebug: [0mc_header: w_name=wl_array_copy
[1;36mdebug: [0mc_header: parsed function wl_array_copy with 2 params (varargs=0) at line 2347
[1;36mdebug: [0mc_header: w_name=wl_fixed_to_double
[1;36mdebug: [0mc_header: parsed function wl_fixed_to_double with 1 params (varargs=0) at line 2353
[1;36mdebug: [0mc_header: w_name=wl_fixed_from_double
[1;36mdebug: [0mc_header: parsed function wl_fixed_from_double with 1 params (varargs=0) at line 2359
[1;36mdebug: [0mc_header: w_name=wl_fixed_to_int
[1;36mdebug: [0mc_header: parsed function wl_fixed_to_int with 1 params (varargs=0) at line 2365
[1;36mdebug: [0mc_header: w_name=wl_fixed_from_int
[1;36mdebug: [0mc_header: parsed function wl_fixed_from_int with 1 params (varargs=0) at line 2371
[1;36mdebug: [0mc_header: LOOP START token=1 line=2376 text='int32_t'
[1;36mdebug: [0mc_header: LOOP START token=1 line=2377 text='uint32_t'
[1;36mdebug: [0mc_header: LOOP START token=1 line=2378 text='wl_fixed_t'
[1;36mdebug: [0mc_header: LOOP START token=59 line=2379 text='const'
[1;36mdebug: [0mc_header: LOOP START token=81 line=2380 text='struct'
[1;36mdebug: [0mc_header: LOOP START token=1 line=2381 text='uint32_t'
[1;36mdebug: [0mc_header: LOOP START token=81 line=2382 text='struct'
[1;36mdebug: [0mc_header: LOOP START token=1 line=2383 text='int32_t'
[1;36mdebug: [0mc_header: LOOP START token=1
[1;36mdebug: [0mc_header: LOOP START token=1
[1;36mdebug: [0mc_header: LOOP START token=1
[1;36mdebug: [0mc_header: LOOP START token=1
[1;36mdebug: [0mc_header: LOOP START token=1
[1;36mdebug: [0mc_header: LOOP START token=1
[1;36mdebug: [0mc_header: w_name=wl_event_loop_create
[1;36mdebug: [0mc_header: parsed function wl_event_loop_create with 0 params (varargs=0) at line 2428
[1;36mdebug: [0mc_header: w_name=wl_event_loop_destroy
[1;36mdebug: [0mc_header: parsed function wl_event_loop_destroy with 1 params (varargs=0) at line 2431
[1;36mdebug: [0mc_header: w_name=wl_event_loop_add_fd
[1;36mdebug: [0mc_header: parsed function wl_event_loop_add_fd with 5 params (varargs=0) at line 2437
[1;36mdebug: [0mc_header: w_name=wl_event_source_fd_update
[1;36mdebug: [0mc_header: parsed function wl_event_source_fd_update with 2 params (varargs=0) at line 2440
[1;36mdebug: [0mc_header: w_name=wl_event_loop_add_timer
[1;36mdebug: [0mc_header: parsed function wl_event_loop_add_timer with 3 params (varargs=0) at line 2445
[1;36mdebug: [0mc_header: w_name=wl_event_loop_add_signal
[1;36mdebug: [0mc_header: parsed function wl_event_loop_add_signal with 4 params (varargs=0) at line 2451
[1;36mdebug: [0mc_header: w_name=wl_event_source_timer_update
[1;36mdebug: [0mc_header: parsed function wl_event_source_timer_update with 2 params (varargs=0) at line 2455
[1;36mdebug: [0mc_header: w_name=wl_event_source_remove
[1;36mdebug: [0mc_header: parsed function wl_event_source_remove with 1 params (varargs=0) at line 2458
[1;36mdebug: [0mc_header: w_name=wl_event_source_check
[1;36mdebug: [0mc_header: parsed function wl_event_source_check with 1 params (varargs=0) at line 2461
[1;36mdebug: [0mc_header: w_name=wl_event_loop_dispatch
[1;36mdebug: [0mc_header: parsed function wl_event_loop_dispatch with 2 params (varargs=0) at line 2464
[1;36mdebug: [0mc_header: w_name=wl_event_loop_dispatch_idle
[1;36mdebug: [0mc_header: parsed function wl_event_loop_dispatch_idle with 1 params (varargs=0) at line 2467
[1;36mdebug: [0mc_header: w_name=wl_event_loop_add_idle
[1;36mdebug: [0mc_header: parsed function wl_event_loop_add_idle with 3 params (varargs=0) at line 2472
[1;36mdebug: [0mc_header: w_name=wl_event_loop_get_fd
[1;36mdebug: [0mc_header: parsed function wl_event_loop_get_fd with 1 params (varargs=0) at line 2475
[1;36mdebug: [0mc_header: w_name=wl_event_loop_add_destroy_listener
[1;36mdebug: [0mc_header: parsed function wl_event_loop_add_destroy_listener with 2 params (varargs=0) at line 2483
[1;36mdebug: [0mc_header: w_name=wl_event_loop_get_destroy_listener
[1;36mdebug: [0mc_header: parsed function wl_event_loop_get_destroy_listener with 2 params (varargs=0) at line 2487
[1;36mdebug: [0mc_header: w_name=wl_display_create
[1;36mdebug: [0mc_header: parsed function wl_display_create with 0 params (varargs=0) at line 2490
[1;36mdebug: [0mc_header: w_name=wl_display_destroy
[1;36mdebug: [0mc_header: parsed function wl_display_destroy with 1 params (varargs=0) at line 2493
[1;36mdebug: [0mc_header: w_name=wl_display_get_event_loop
[1;36mdebug: [0mc_header: parsed function wl_display_get_event_loop with 1 params (varargs=0) at line 2496
[1;36mdebug: [0mc_header: w_name=wl_display_add_socket
[1;36mdebug: [0mc_header: parsed function wl_display_add_socket with 2 params (varargs=0) at line 2499
[1;36mdebug: [0mc_header: w_name=wl_display_add_socket_auto
[1;36mdebug: [0mc_header: parsed function wl_display_add_socket_auto with 1 params (varargs=0) at line 2502
[1;36mdebug: [0mc_header: w_name=wl_display_add_socket_fd
[1;36mdebug: [0mc_header: parsed function wl_display_add_socket_fd with 2 params (varargs=0) at line 2505
[1;36mdebug: [0mc_header: w_name=wl_display_remove_socket_fd
[1;36mdebug: [0mc_header: parsed function wl_display_remove_socket_fd with 2 params (varargs=0) at line 2508
[1;36mdebug: [0mc_header: w_name=wl_display_terminate
[1;36mdebug: [0mc_header: parsed function wl_display_terminate with 1 params (varargs=0) at line 2511
[1;36mdebug: [0mc_header: w_name=wl_display_run
[1;36mdebug: [0mc_header: parsed function wl_display_run with 1 params (varargs=0) at line 2514
[1;36mdebug: [0mc_header: w_name=wl_display_flush_clients
[1;36mdebug: [0mc_header: parsed function wl_display_flush_clients with 1 params (varargs=0) at line 2517
[1;36mdebug: [0mc_header: w_name=wl_display_destroy_clients
[1;36mdebug: [0mc_header: parsed function wl_display_destroy_clients with 1 params (varargs=0) at line 2520
[1;36mdebug: [0mc_header: w_name=wl_display_set_default_max_buffer_size
[1;36mdebug: [0mc_header: parsed function wl_display_set_default_max_buffer_size with 2 params (varargs=0) at line 2524
[1;36mdebug: [0mc_header: w_name=wl_display_get_serial
[1;36mdebug: [0mc_header: parsed function wl_display_get_serial with 1 params (varargs=0) at line 2535
[1;36mdebug: [0mc_header: w_name=wl_display_next_serial
[1;36mdebug: [0mc_header: parsed function wl_display_next_serial with 1 params (varargs=0) at line 2538
[1;36mdebug: [0mc_header: w_name=wl_display_add_destroy_listener
[1;36mdebug: [0mc_header: parsed function wl_display_add_destroy_listener with 2 params (varargs=0) at line 2542
[1;36mdebug: [0mc_header: w_name=wl_display_add_client_created_listener
[1;36mdebug: [0mc_header: parsed function wl_display_add_client_created_listener with 2 params (varargs=0) at line 2546
[1;36mdebug: [0mc_header: w_name=wl_display_get_destroy_listener
[1;36mdebug: [0mc_header: parsed function wl_display_get_destroy_listener with 2 params (varargs=0) at line 2550
[1;36mdebug: [0mc_header: w_name=wl_global_create
[1;36mdebug: [0mc_header: parsed function wl_global_create with 5 params (varargs=0) at line 2556
[1;36mdebug: [0mc_header: w_name=wl_global_remove
[1;36mdebug: [0mc_header: parsed function wl_global_remove with 1 params (varargs=0) at line 2559
[1;36mdebug: [0mc_header: w_name=wl_global_set_withdrawn_listener
[1;36mdebug: [0mc_header: parsed function wl_global_set_withdrawn_listener with 2 params (varargs=0) at line 2563
[1;36mdebug: [0mc_header: w_name=wl_global_destroy
[1;36mdebug: [0mc_header: parsed function wl_global_destroy with 1 params (varargs=0) at line 2566
[1;36mdebug: [0mc_header: w_name=wl_display_set_global_filter
[1;36mdebug: [0mc_header: parsed function wl_display_set_global_filter with 3 params (varargs=0) at line 2575
[1;36mdebug: [0mc_header: w_name=wl_global_get_interface
[1;36mdebug: [0mc_header: parsed function wl_global_get_interface with 1 params (varargs=0) at line 2578
[1;36mdebug: [0mc_header: w_name=wl_global_get_name
[1;36mdebug: [0mc_header: parsed function wl_global_get_name with 2 params (varargs=0) at line 2582
[1;36mdebug: [0mc_header: w_name=wl_global_get_version
[1;36mdebug: [0mc_header: parsed function wl_global_get_version with 1 params (varargs=0) at line 2585
[1;36mdebug: [0mc_header: w_name=wl_global_get_display
[1;36mdebug: [0mc_header: parsed function wl_global_get_display with 1 params (varargs=0) at line 2588
[1;36mdebug: [0mc_header: w_name=wl_global_get_user_data
[1;36mdebug: [0mc_header: parsed function wl_global_get_user_data with 1 params (varargs=0) at line 2591
[1;36mdebug: [0mc_header: w_name=wl_global_set_user_data
[1;36mdebug: [0mc_header: parsed function wl_global_set_user_data with 2 params (varargs=0) at line 2594
[1;36mdebug: [0mc_header: w_name=wl_client_create
[1;36mdebug: [0mc_header: parsed function wl_client_create with 2 params (varargs=0) at line 2597
[1;36mdebug: [0mc_header: w_name=wl_display_get_client_list
[1;36mdebug: [0mc_header: parsed function wl_display_get_client_list with 1 params (varargs=0) at line 2600
[1;36mdebug: [0mc_header: w_name=wl_client_get_link
[1;36mdebug: [0mc_header: parsed function wl_client_get_link with 1 params (varargs=0) at line 2603
[1;36mdebug: [0mc_header: w_name=wl_client_from_link
[1;36mdebug: [0mc_header: parsed function wl_client_from_link with 1 params (varargs=0) at line 2606
[1;36mdebug: [0mc_header: w_name=wl_client_destroy
[1;36mdebug: [0mc_header: parsed function wl_client_destroy with 1 params (varargs=0) at line 2615
[1;36mdebug: [0mc_header: w_name=wl_client_flush
[1;36mdebug: [0mc_header: parsed function wl_client_flush with 1 params (varargs=0) at line 2618
[1;36mdebug: [0mc_header: w_name=wl_client_get_credentials
[1;36mdebug: [0mc_header: parsed function wl_client_get_credentials with 4 params (varargs=0) at line 2622
[1;36mdebug: [0mc_header: w_name=wl_client_get_fd
[1;36mdebug: [0mc_header: parsed function wl_client_get_fd with 1 params (varargs=0) at line 2625
[1;36mdebug: [0mc_header: w_name=wl_client_add_destroy_listener
[1;36mdebug: [0mc_header: parsed function wl_client_add_destroy_listener with 2 params (varargs=0) at line 2629
[1;36mdebug: [0mc_header: w_name=wl_client_get_destroy_listener
[1;36mdebug: [0mc_header: parsed function wl_client_get_destroy_listener with 2 params (varargs=0) at line 2633
[1;36mdebug: [0mc_header: w_name=wl_client_add_destroy_late_listener
[1;36mdebug: [0mc_header: parsed function wl_client_add_destroy_late_listener with 2 params (varargs=0) at line 2637
[1;36mdebug: [0mc_header: w_name=wl_client_get_destroy_late_listener
[1;36mdebug: [0mc_header: parsed function wl_client_get_destroy_late_listener with 2 params (varargs=0) at line 2641
[1;36mdebug: [0mc_header: w_name=wl_client_get_object
[1;36mdebug: [0mc_header: parsed function wl_client_get_object with 2 params (varargs=0) at line 2644
[1;36mdebug: [0mc_header: w_name=wl_client_post_no_memory
[1;36mdebug: [0mc_header: parsed function wl_client_post_no_memory with 1 params (varargs=0) at line 2647
[1;36mdebug: [0mc_header: w_name=wl_client_post_implementation_error
[1;36mdebug: [0mc_header: parsed function wl_client_post_implementation_error with 2 params (varargs=1) at line 2651
[1;36mdebug: [0mc_header: w_name=wl_client_add_resource_created_listener
[1;36mdebug: [0mc_header: parsed function wl_client_add_resource_created_listener with 2 params (varargs=0) at line 2655
[1;36mdebug: [0mc_header: w_name=wl_client_for_each_resource
[1;36mdebug: [0mc_header: parsed function wl_client_for_each_resource with 3 params (varargs=0) at line 2665
[1;36mdebug: [0mc_header: w_name=wl_client_set_user_data
[1;36mdebug: [0mc_header: parsed function wl_client_set_user_data with 3 params (varargs=0) at line 2672
[1;36mdebug: [0mc_header: w_name=wl_client_get_user_data
[1;36mdebug: [0mc_header: parsed function wl_client_get_user_data with 1 params (varargs=0) at line 2675
[1;36mdebug: [0mc_header: w_name=wl_client_set_max_buffer_size
[1;36mdebug: [0mc_header: parsed function wl_client_set_max_buffer_size with 2 params (varargs=0) at line 2678
[1;36mdebug: [0mc_header: LOOP START token=81 line=2682 text='struct'
[1;36mdebug: [0mc_header: LOOP START token=1 line=2685 text='wl_notify_func_t'
[1;36mdebug: [0mc_header: LOOP START token=81 line=2689 text='struct'
[1;36mdebug: [0mc_header: w_name=wl_signal_init
[1;36mdebug: [0mc_header: parsed function wl_signal_init with 1 params (varargs=0) at line 2700
[1;36mdebug: [0mc_header: w_name=wl_signal_add
[1;36mdebug: [0mc_header: parsed function wl_signal_add with 2 params (varargs=0) at line 2706
[1;36mdebug: [0mc_header: w_name=wl_signal_get
[1;36mdebug: [0mc_header: parsed function wl_signal_get with 2 params (varargs=0) at line 2712
[1;36mdebug: [0mc_header: w_name=wl_signal_emit
[1;36mdebug: [0mc_header: parsed function wl_signal_emit with 2 params (varargs=0) at line 2724
[1;36mdebug: [0mc_header: w_name=wl_signal_emit_mutable
[1;36mdebug: [0mc_header: parsed function wl_signal_emit_mutable with 2 params (varargs=0) at line 2732
[1;36mdebug: [0mc_header: w_name=wl_resource_post_event
[1;36mdebug: [0mc_header: parsed function wl_resource_post_event with 2 params (varargs=1) at line 2738
[1;36mdebug: [0mc_header: w_name=wl_resource_post_event_array
[1;36mdebug: [0mc_header: parsed function wl_resource_post_event_array with 3 params (varargs=0) at line 2742
[1;36mdebug: [0mc_header: w_name=wl_resource_queue_event
[1;36mdebug: [0mc_header: parsed function wl_resource_queue_event with 2 params (varargs=1) at line 2746
[1;36mdebug: [0mc_header: w_name=wl_resource_queue_event_array
[1;36mdebug: [0mc_header: parsed function wl_resource_queue_event_array with 3 params (varargs=0) at line 2750
[1;36mdebug: [0mc_header: w_name=wl_resource_post_error_vargs
[1;36mdebug: [0mc_header: parsed function wl_resource_post_error_vargs with 4 params (varargs=0) at line 2754
[1;36mdebug: [0mc_header: w_name=wl_resource_post_error
[1;36mdebug: [0mc_header: parsed function wl_resource_post_error with 3 params (varargs=1) at line 2758
[1;36mdebug: [0mc_header: w_name=wl_resource_post_no_memory
[1;36mdebug: [0mc_header: parsed function wl_resource_post_no_memory with 1 params (varargs=0) at line 2761
[1;36mdebug: [0mc_header: w_name=wl_client_get_display
[1;36mdebug: [0mc_header: parsed function wl_client_get_display with 1 params (varargs=0) at line 2764
[1;36mdebug: [0mc_header: w_name=wl_resource_create
[1;36mdebug: [0mc_header: parsed function wl_resource_create with 4 params (varargs=0) at line 2769
[1;36mdebug: [0mc_header: w_name=wl_resource_set_implementation
[1;36mdebug: [0mc_header: parsed function wl_resource_set_implementation with 4 params (varargs=0) at line 2775
[1;36mdebug: [0mc_header: w_name=wl_resource_set_dispatcher
[1;36mdebug: [0mc_header: parsed function wl_resource_set_dispatcher with 5 params (varargs=0) at line 2782
[1;36mdebug: [0mc_header: w_name=wl_resource_destroy
[1;36mdebug: [0mc_header: parsed function wl_resource_destroy with 1 params (varargs=0) at line 2785
[1;36mdebug: [0mc_header: w_name=wl_resource_get_id
[1;36mdebug: [0mc_header: parsed function wl_resource_get_id with 1 params (varargs=0) at line 2788
[1;36mdebug: [0mc_header: w_name=wl_resource_get_link
[1;36mdebug: [0mc_header: parsed function wl_resource_get_link with 1 params (varargs=0) at line 2791
[1;36mdebug: [0mc_header: w_name=wl_resource_from_link
[1;36mdebug: [0mc_header: parsed function wl_resource_from_link with 1 params (varargs=0) at line 2794
[1;36mdebug: [0mc_header: w_name=wl_resource_find_for_client
[1;36mdebug: [0mc_header: parsed function wl_resource_find_for_client with 2 params (varargs=0) at line 2797
[1;36mdebug: [0mc_header: w_name=wl_resource_get_client
[1;36mdebug: [0mc_header: parsed function wl_resource_get_client with 1 params (varargs=0) at line 2800
[1;36mdebug: [0mc_header: w_name=wl_resource_set_user_data
[1;36mdebug: [0mc_header: parsed function wl_resource_set_user_data with 2 params (varargs=0) at line 2803
[1;36mdebug: [0mc_header: w_name=wl_resource_get_user_data
[1;36mdebug: [0mc_header: parsed function wl_resource_get_user_data with 1 params (varargs=0) at line 2806
[1;36mdebug: [0mc_header: w_name=wl_resource_get_version
[1;36mdebug: [0mc_header: parsed function wl_resource_get_version with 1 params (varargs=0) at line 2809
[1;36mdebug: [0mc_header: w_name=wl_resource_set_destructor
[1;36mdebug: [0mc_header: parsed function wl_resource_set_destructor with 2 params (varargs=0) at line 2813
[1;36mdebug: [0mc_header: w_name=wl_resource_instance_of
[1;36mdebug: [0mc_header: parsed function wl_resource_instance_of with 3 params (varargs=0) at line 2818
[1;36mdebug: [0mc_header: w_name=wl_resource_get_class
[1;36mdebug: [0mc_header: parsed function wl_resource_get_class with 1 params (varargs=0) at line 2821
[1;36mdebug: [0mc_header: w_name=wl_resource_get_interface
[1;36mdebug: [0mc_header: parsed function wl_resource_get_interface with 1 params (varargs=0) at line 2824
[1;36mdebug: [0mc_header: w_name=wl_resource_add_destroy_listener
[1;36mdebug: [0mc_header: parsed function wl_resource_add_destroy_listener with 2 params (varargs=0) at line 2828
[1;36mdebug: [0mc_header: w_name=wl_resource_get_destroy_listener
[1;36mdebug: [0mc_header: parsed function wl_resource_get_destroy_listener with 2 params (varargs=0) at line 2832
[1;36mdebug: [0mc_header: w_name=wl_shm_buffer_get
[1;36mdebug: [0mc_header: parsed function wl_shm_buffer_get with 1 params (varargs=0) at line 2835
[1;36mdebug: [0mc_header: w_name=wl_shm_buffer_begin_access
[1;36mdebug: [0mc_header: parsed function wl_shm_buffer_begin_access with 1 params (varargs=0) at line 2838
[1;36mdebug: [0mc_header: w_name=wl_shm_buffer_end_access
[1;36mdebug: [0mc_header: parsed function wl_shm_buffer_end_access with 1 params (varargs=0) at line 2841
[1;36mdebug: [0mc_header: w_name=wl_shm_buffer_get_data
[1;36mdebug: [0mc_header: parsed function wl_shm_buffer_get_data with 1 params (varargs=0) at line 2844
[1;36mdebug: [0mc_header: w_name=wl_shm_buffer_get_stride
[1;36mdebug: [0mc_header: parsed function wl_shm_buffer_get_stride with 1 params (varargs=0) at line 2847
[1;36mdebug: [0mc_header: w_name=wl_shm_buffer_get_format
[1;36mdebug: [0mc_header: parsed function wl_shm_buffer_get_format with 1 params (varargs=0) at line 2850
[1;36mdebug: [0mc_header: w_name=wl_shm_buffer_get_width
[1;36mdebug: [0mc_header: parsed function wl_shm_buffer_get_width with 1 params (varargs=0) at line 2853
[1;36mdebug: [0mc_header: w_name=wl_shm_buffer_get_height
[1;36mdebug: [0mc_header: parsed function wl_shm_buffer_get_height with 1 params (varargs=0) at line 2856
[1;36mdebug: [0mc_header: w_name=wl_shm_buffer_ref
[1;36mdebug: [0mc_header: parsed function wl_shm_buffer_ref with 1 params (varargs=0) at line 2859
[1;36mdebug: [0mc_header: w_name=wl_shm_buffer_unref
[1;36mdebug: [0mc_header: parsed function wl_shm_buffer_unref with 1 params (varargs=0) at line 2862
[1;36mdebug: [0mc_header: w_name=wl_shm_buffer_ref_pool
[1;36mdebug: [0mc_header: parsed function wl_shm_buffer_ref_pool with 1 params (varargs=0) at line 2865
[1;36mdebug: [0mc_header: w_name=wl_shm_pool_unref
[1;36mdebug: [0mc_header: parsed function wl_shm_pool_unref with 1 params (varargs=0) at line 2868
[1;36mdebug: [0mc_header: w_name=wl_display_init_shm
[1;36mdebug: [0mc_header: parsed function wl_display_init_shm with 1 params (varargs=0) at line 2871
[1;36mdebug: [0mc_header: w_name=wl_display_add_shm_format
[1;36mdebug: [0mc_header: parsed function wl_display_add_shm_format with 2 params (varargs=0) at line 2874
[1;36mdebug: [0mc_header: w_name=wl_log_set_handler_server
[1;36mdebug: [0mc_header: parsed function wl_log_set_handler_server with 1 params (varargs=0) at line 2883
[1;36mdebug: [0mc_header: LOOP START token=1
[1;36mdebug: [0mc_header: LOOP START token=1
[1;36mdebug: [0mc_header: LOOP START token=81 line=2891 text='struct'
[1;36mdebug: [0mc_header: LOOP START token=72 line=2892 text='int'
[1;36mdebug: [0mc_header: LOOP START token=59 line=2893 text='const'
[1;36mdebug: [0mc_header: LOOP START token=72 line=2894 text='int'
[1;36mdebug: [0mc_header: LOOP START token=59 line=2895 text='const'
[1;36mdebug: [0mc_header: w_name=wl_display_add_protocol_logger
[1;36mdebug: [0mc_header: parsed function wl_display_add_protocol_logger with 3 params (varargs=0) at line 2905
[1;36mdebug: [0mc_header: w_name=wl_protocol_logger_destroy
[1;36mdebug: [0mc_header: parsed function wl_protocol_logger_destroy with 1 params (varargs=0) at line 2908
[1;36mdebug: [0mc_header: w_name=wl_fixes_handle_ack_global_remove
[1;36mdebug: [0mc_header: parsed function wl_fixes_handle_ack_global_remove with 3 params (varargs=0) at line 2913
[1;36mdebug: [0mc_header: LOOP START token=72 line=2944 text='int'
[1;36mdebug: [0mc_header: LOOP START token=72 line=2945 text='int'
[1;36mdebug: [0mc_header: LOOP START token=72 line=2946 text='int'
[1;36mdebug: [0mc_header: LOOP START token=72 line=2947 text='int'
[1;36mdebug: [0mc_header: LOOP START token=72 line=2948 text='int'
[1;36mdebug: [0mc_header: LOOP START token=72 line=2949 text='int'
[1;36mdebug: [0mc_header: LOOP START token=72 line=2950 text='int'
[1;36mdebug: [0mc_header: LOOP START token=72 line=2951 text='int'
[1;36mdebug: [0mc_header: LOOP START token=72 line=2952 text='int'
[1;36mdebug: [0mc_header: LOOP START token=73 line=2955 text='long'
[1;36mdebug: [0mc_header: LOOP START token=59 line=2956 text='const'
[1;36mdebug: [0mc_header: LOOP START token=81 line=2974 text='struct'
[1;36mdebug: [0mc_header: LOOP START token=81 line=2975 text='struct'
[1;36mdebug: [0mc_header: LOOP START token=81 line=2987 text='struct'
[1;36mdebug: [0mc_header: LOOP START token=59 line=2990 text='const'
[1;36mdebug: [0mc_header: LOOP START token=59 line=2991 text='const'
[1;36mdebug: [0mc_header: LOOP START token=59 line=2992 text='const'
[1;36mdebug: [0mc_header: LOOP START token=59 line=2995 text='const'
[1;36mdebug: [0mc_header: w_name=clock
[1;36mdebug: [0mc_header: parsed function clock with 0 params (varargs=0) at line 3008
[1;36mdebug: [0mc_header: w_name=time
[1;36mdebug: [0mc_header: parsed function time with 1 params (varargs=0) at line 3012
[1;36mdebug: [0mc_header: w_name=difftime
[1;36mdebug: [0mc_header: parsed function difftime with 2 params (varargs=0) at line 3015
[1;36mdebug: [0mc_header: w_name=mktime
[1;36mdebug: [0mc_header: parsed function mktime with 1 params (varargs=0) at line 3018
[1;36mdebug: [0mc_header: w_name=strftime
[1;36mdebug: [0mc_header: parsed function strftime with 4 params (varargs=0) at line 3023
[1;36mdebug: [0mc_header: w_name=strftime_l
[1;36mdebug: [0mc_header: parsed function strftime_l with 5 params (varargs=0) at line 3028
[1;36mdebug: [0mc_header: w_name=gmtime
[1;36mdebug: [0mc_header: parsed function gmtime with 1 params (varargs=0) at line 3030
[1;36mdebug: [0mc_header: w_name=localtime
[1;36mdebug: [0mc_header: parsed function localtime with 1 params (varargs=0) at line 3034
[1;36mdebug: [0mc_header: w_name=gmtime_r
[1;36mdebug: [0mc_header: parsed function gmtime_r with 2 params (varargs=0) at line 3037
[1;36mdebug: [0mc_header: w_name=localtime_r
[1;36mdebug: [0mc_header: parsed function localtime_r with 2 params (varargs=0) at line 3042
[1;36mdebug: [0mc_header: w_name=asctime
[1;36mdebug: [0mc_header: parsed function asctime with 1 params (varargs=0) at line 3044
[1;36mdebug: [0mc_header: w_name=ctime
[1;36mdebug: [0mc_header: parsed function ctime with 1 params (varargs=0) at line 3048
[1;36mdebug: [0mc_header: w_name=asctime_r
[1;36mdebug: [0mc_header: parsed function asctime_r with 2 params (varargs=0) at line 3051
[1;36mdebug: [0mc_header: w_name=ctime_r
[1;36mdebug: [0mc_header: parsed function ctime_r with 2 params (varargs=0) at line 3056
[1;36mdebug: [0mc_header: w_name=tzset
[1;36mdebug: [0mc_header: parsed function tzset with 0 params (varargs=0) at line 3069
[1;36mdebug: [0mc_header: w_name=timegm
[1;36mdebug: [0mc_header: parsed function timegm with 1 params (varargs=0) at line 3076
[1;36mdebug: [0mc_header: w_name=timelocal
[1;36mdebug: [0mc_header: parsed function timelocal with 1 params (varargs=0) at line 3078
[1;36mdebug: [0mc_header: w_name=dysize
[1;36mdebug: [0mc_header: parsed function dysize with 1 params (varargs=0) at line 3086
[1;36mdebug: [0mc_header: w_name=nanosleep
[1;36mdebug: [0mc_header: parsed function nanosleep with 2 params (varargs=0) at line 3089
[1;36mdebug: [0mc_header: w_name=clock_getres
[1;36mdebug: [0mc_header: parsed function clock_getres with 2 params (varargs=0) at line 3092
[1;36mdebug: [0mc_header: w_name=clock_gettime
[1;36mdebug: [0mc_header: parsed function clock_gettime with 2 params (varargs=0) at line 3096
[1;36mdebug: [0mc_header: w_name=clock_settime
[1;36mdebug: [0mc_header: parsed function clock_settime with 2 params (varargs=0) at line 3100
[1;36mdebug: [0mc_header: w_name=clock_nanosleep
[1;36mdebug: [0mc_header: parsed function clock_nanosleep with 4 params (varargs=0) at line 3104
[1;36mdebug: [0mc_header: w_name=clock_getcpuclockid
[1;36mdebug: [0mc_header: parsed function clock_getcpuclockid with 2 params (varargs=0) at line 3106
[1;36mdebug: [0mc_header: w_name=timer_create
[1;36mdebug: [0mc_header: parsed function timer_create with 3 params (varargs=0) at line 3113
[1;36mdebug: [0mc_header: w_name=timer_delete
[1;36mdebug: [0mc_header: parsed function timer_delete with 0 params (varargs=0) at line 3116
[1;36mdebug: [0mc_header: w_name=timer_settime
[1;36mdebug: [0mc_header: parsed function timer_settime with 4 params (varargs=0) at line 3122
[1;36mdebug: [0mc_header: w_name=timer_gettime
[1;36mdebug: [0mc_header: parsed function timer_gettime with 2 params (varargs=0) at line 3126
[1;36mdebug: [0mc_header: w_name=timer_getoverrun
[1;36mdebug: [0mc_header: parsed function timer_getoverrun with 0 params (varargs=0) at line 3128
[1;36mdebug: [0mc_header: w_name=timespec_get
[1;36mdebug: [0mc_header: parsed function timespec_get with 2 params (varargs=0) at line 3136
[1;36mdebug: [0mc_header: w_name=timespec_getres
[1;36mdebug: [0mc_header: parsed function timespec_getres with 2 params (varargs=0) at line 3139
[1;36mdebug: [0mc_header: LOOP START token=1
[1;36mdebug: [0mc_header: LOOP START token=1
[1;36mdebug: [0mc_header: LOOP START token=1
[1;36mdebug: [0mc_header: LOOP START token=1
[1;36mdebug: [0mc_header: LOOP START token=1
[1;36mdebug: [0mc_header: LOOP START token=1
[1;36mdebug: [0mc_header: LOOP START token=1
[1;36mdebug: [0mc_header: LOOP START token=1
[1;36mdebug: [0mc_header: LOOP START token=65 line=3166 text='enum'
[1;36mdebug: [0mc_header: LOOP START token=58 line=3167 text='char'
[1;36mdebug: [0mc_header: LOOP START token=81 line=3169 text='struct'
[1;36mdebug: [0mc_header: LOOP START token=81 line=3170 text='struct'
[1;36mdebug: [0mc_header: LOOP START token=86 line=3173 text='void'
[1;36mdebug: [0mc_header: LOOP START token=59 line=3195 text='const'
[1;36mdebug: [0mc_header: LOOP START token=59 line=3196 text='const'
[1;36mdebug: [0mc_header: LOOP START token=1 line=3197 text='uint32_t'
[1;36mdebug: [0mc_header: LOOP START token=81 line=3201 text='struct'
[1;36mdebug: [0mc_header: LOOP START token=1 line=3202 text='wl_resource_destroy_func_t'
[1;36mdebug: [0mc_header: LOOP START token=81 line=3203 text='struct'
[1;36mdebug: [0mc_header: LOOP START token=81 line=3204 text='struct'
[1;36mdebug: [0mc_header: LOOP START token=81 line=3205 text='struct'
[1;36mdebug: [0mc_header: LOOP START token=86 line=3206 text='void'
[1;36mdebug: [0mc_header: LOOP START token=1
[1;36mdebug: [0mc_header: LOOP START token=1
[1;36mdebug: [0mc_header: LOOP START token=1
[1;36mdebug: [0mc_header: LOOP START token=1
[1;36mdebug: [0mc_header: w_name=wl_display_error_is_valid
[1;36mdebug: [0mc_header: parsed function wl_display_error_is_valid with 2 params (varargs=0) at line 3346
[1;36mdebug: [0mc_header: LOOP START token=86 line=3368 text='void'
[1;36mdebug: [0mc_header: LOOP START token=86 line=3372 text='void'
[1;36mdebug: [0mc_header: LOOP START token=86 line=3379 text='void'
[1;36mdebug: [0mc_header: w_name=wl_registry_send_global
[1;36mdebug: [0mc_header: parsed function wl_registry_send_global with 4 params (varargs=0) at line 3387
[1;36mdebug: [0mc_header: w_name=wl_registry_send_global_remove
[1;36mdebug: [0mc_header: parsed function wl_registry_send_global_remove with 2 params (varargs=0) at line 3399
[1;36mdebug: [0mc_header: w_name=wl_callback_send_done
[1;36mdebug: [0mc_header: parsed function wl_callback_send_done with 2 params (varargs=0) at line 3405
[1;36mdebug: [0mc_header: LOOP START token=86 line=3420 text='void'
[1;36mdebug: [0mc_header: LOOP START token=86 line=3429 text='void'
[1;36mdebug: [0mc_header: LOOP START token=86 line=3439 text='void'
[1;36mdebug: [0mc_header: LOOP START token=1
[1;36mdebug: [0mc_header: LOOP START token=1
[1;36mdebug: [0mc_header: w_name=wl_shm_pool_error_is_valid
[1;36mdebug: [0mc_header: parsed function wl_shm_pool_error_is_valid with 2 params (varargs=0) at line 3455
[1;36mdebug: [0mc_header: LOOP START token=86 line=3473 text='void'
[1;36mdebug: [0mc_header: LOOP START token=86 line=3482 text='void'
[1;36mdebug: [0mc_header: LOOP START token=86 line=3485 text='void'
[1;36mdebug: [0mc_header: LOOP START token=1
[1;36mdebug: [0mc_header: LOOP START token=1
[1;36mdebug: [0mc_header: LOOP START token=1
[1;36mdebug: [0mc_header: w_name=wl_shm_error_is_valid
[1;36mdebug: [0mc_header: parsed function wl_shm_error_is_valid with 2 params (varargs=0) at line 3507
[1;36mdebug: [0mc_header: LOOP START token=1
[1;36mdebug: [0mc_header: LOOP START token=1
[1;36mdebug: [0mc_header: LOOP START token=1
[1;36mdebug: [0mc_header: LOOP START token=1
[1;36mdebug: [0mc_header: LOOP START token=1
[1;36mdebug: [0mc_header: LOOP START token=1
[1;36mdebug: [0mc_header: LOOP START token=1
[1;36mdebug: [0mc_header: LOOP START token=1
[1;36mdebug: [0mc_header: LOOP START token=1
[1;36mdebug: [0mc_header: LOOP START token=1
[1;36mdebug: [0mc_header: LOOP START token=1
[1;36mdebug: [0mc_header: LOOP START token=1
[1;36mdebug: [0mc_header: LOOP START token=1
[1;36mdebug: [0mc_header: LOOP START token=1
[1;36mdebug: [0mc_header: LOOP START token=1
[1;36mdebug: [0mc_header: LOOP START token=1
[1;36mdebug: [0mc_header: LOOP START token=1
[1;36mdebug: [0mc_header: LOOP START token=1
[1;36mdebug: [0mc_header: LOOP START token=1
[1;36mdebug: [0mc_header: LOOP START token=1
[1;36mdebug: [0mc_header: LOOP START token=1
[1;36mdebug: [0mc_header: LOOP START token=1
[1;36mdebug: [0mc_header: LOOP START token=1
[1;36mdebug: [0mc_header: LOOP START token=1
[1;36mdebug: [0mc_header: LOOP START token=1
[1;36mdebug: [0mc_header: LOOP START token=1
[1;36mdebug: [0mc_header: LOOP START token=1
[1;36mdebug: [0mc_header: LOOP START token=1
[1;36mdebug: [0mc_header: LOOP START token=1
[1;36mdebug: [0mc_header: LOOP START token=1
[1;36mdebug: [0mc_header: LOOP START token=1
[1;36mdebug: [0mc_header: LOOP START token=1
[1;36mdebug: [0mc_header: LOOP START token=1
[1;36mdebug: [0mc_header: LOOP START token=1
[1;36mdebug: [0mc_header: LOOP START token=1
[1;36mdebug: [0mc_header: LOOP START token=1
[1;36mdebug: [0mc_header: LOOP START token=1
[1;36mdebug: [0mc_header: LOOP START token=1
[1;36mdebug: [0mc_header: LOOP START token=1
[1;36mdebug: [0mc_header: LOOP START token=1
[1;36mdebug: [0mc_header: LOOP START token=1
[1;36mdebug: [0mc_header: LOOP START token=1
[1;36mdebug: [0mc_header: LOOP START token=1
[1;36mdebug: [0mc_header: LOOP START token=1
[1;36mdebug: [0mc_header: LOOP START token=1
[1;36mdebug: [0mc_header: LOOP START token=1
[1;36mdebug: [0mc_header: LOOP START token=1
[1;36mdebug: [0mc_header: LOOP START token=1
[1;36mdebug: [0mc_header: LOOP START token=1
[1;36mdebug: [0mc_header: LOOP START token=1
[1;36mdebug: [0mc_header: LOOP START token=1
[1;36mdebug: [0mc_header: LOOP START token=1
[1;36mdebug: [0mc_header: LOOP START token=1
[1;36mdebug: [0mc_header: LOOP START token=1
[1;36mdebug: [0mc_header: LOOP START token=1
[1;36mdebug: [0mc_header: LOOP START token=1
[1;36mdebug: [0mc_header: LOOP START token=1
[1;36mdebug: [0mc_header: LOOP START token=1
[1;36mdebug: [0mc_header: LOOP START token=1
[1;36mdebug: [0mc_header: LOOP START token=1
[1;36mdebug: [0mc_header: LOOP START token=1
[1;36mdebug: [0mc_header: LOOP START token=1
[1;36mdebug: [0mc_header: LOOP START token=1
[1;36mdebug: [0mc_header: LOOP START token=1
[1;36mdebug: [0mc_header: LOOP START token=1
[1;36mdebug: [0mc_header: LOOP START token=1
[1;36mdebug: [0mc_header: LOOP START token=1
[1;36mdebug: [0mc_header: LOOP START token=1
[1;36mdebug: [0mc_header: LOOP START token=1
[1;36mdebug: [0mc_header: LOOP START token=1
[1;36mdebug: [0mc_header: LOOP START token=1
[1;36mdebug: [0mc_header: LOOP START token=1
[1;36mdebug: [0mc_header: LOOP START token=1
[1;36mdebug: [0mc_header: LOOP START token=1
[1;36mdebug: [0mc_header: LOOP START token=1
[1;36mdebug: [0mc_header: LOOP START token=1
[1;36mdebug: [0mc_header: LOOP START token=1
[1;36mdebug: [0mc_header: LOOP START token=1
[1;36mdebug: [0mc_header: LOOP START token=1
[1;36mdebug: [0mc_header: LOOP START token=1
[1;36mdebug: [0mc_header: LOOP START token=1
[1;36mdebug: [0mc_header: LOOP START token=1
[1;36mdebug: [0mc_header: LOOP START token=1
[1;36mdebug: [0mc_header: LOOP START token=1
[1;36mdebug: [0mc_header: LOOP START token=1
[1;36mdebug: [0mc_header: LOOP START token=1
[1;36mdebug: [0mc_header: LOOP START token=1
[1;36mdebug: [0mc_header: LOOP START token=1
[1;36mdebug: [0mc_header: LOOP START token=1
[1;36mdebug: [0mc_header: LOOP START token=1
[1;36mdebug: [0mc_header: LOOP START token=1
[1;36mdebug: [0mc_header: LOOP START token=1
[1;36mdebug: [0mc_header: LOOP START token=1
[1;36mdebug: [0mc_header: LOOP START token=1
[1;36mdebug: [0mc_header: LOOP START token=1
[1;36mdebug: [0mc_header: LOOP START token=1
[1;36mdebug: [0mc_header: LOOP START token=1
[1;36mdebug: [0mc_header: LOOP START token=1
[1;36mdebug: [0mc_header: LOOP START token=1
[1;36mdebug: [0mc_header: LOOP START token=1
[1;36mdebug: [0mc_header: LOOP START token=1
[1;36mdebug: [0mc_header: LOOP START token=1
[1;36mdebug: [0mc_header: LOOP START token=1
[1;36mdebug: [0mc_header: LOOP START token=1
[1;36mdebug: [0mc_header: LOOP START token=1
[1;36mdebug: [0mc_header: LOOP START token=1
[1;36mdebug: [0mc_header: LOOP START token=1
[1;36mdebug: [0mc_header: LOOP START token=1
[1;36mdebug: [0mc_header: LOOP START token=1
[1;36mdebug: [0mc_header: LOOP START token=1
[1;36mdebug: [0mc_header: LOOP START token=1
[1;36mdebug: [0mc_header: LOOP START token=1
[1;36mdebug: [0mc_header: LOOP START token=1
[1;36mdebug: [0mc_header: LOOP START token=1
[1;36mdebug: [0mc_header: LOOP START token=1
[1;36mdebug: [0mc_header: LOOP START token=1
[1;36mdebug: [0mc_header: LOOP START token=1
[1;36mdebug: [0mc_header: LOOP START token=1
[1;36mdebug: [0mc_header: LOOP START token=1
[1;36mdebug: [0mc_header: LOOP START token=1
[1;36mdebug: [0mc_header: LOOP START token=1
[1;36mdebug: [0mc_header: LOOP START token=1
[1;36mdebug: [0mc_header: LOOP START token=1
[1;36mdebug: [0mc_header: LOOP START token=1
[1;36mdebug: [0mc_header: LOOP START token=1
[1;36mdebug: [0mc_header: LOOP START token=1
[1;36mdebug: [0mc_header: LOOP START token=1
[1;36mdebug: [0mc_header: LOOP START token=1
[1;36mdebug: [0mc_header: LOOP START token=1
[1;36mdebug: [0mc_header: LOOP START token=1
[1;36mdebug: [0mc_header: LOOP START token=1
[1;36mdebug: [0mc_header: LOOP START token=1
[1;36mdebug: [0mc_header: LOOP START token=1
[1;36mdebug: [0mc_header: LOOP START token=1
[1;36mdebug: [0mc_header: LOOP START token=1
[1;36mdebug: [0mc_header: LOOP START token=1
[1;36mdebug: [0mc_header: LOOP START token=1
[1;36mdebug: [0mc_header: LOOP START token=1
[1;36mdebug: [0mc_header: LOOP START token=1
[1;36mdebug: [0mc_header: LOOP START token=1
[1;36mdebug: [0mc_header: LOOP START token=1
[1;36mdebug: [0mc_header: LOOP START token=1
[1;36mdebug: [0mc_header: LOOP START token=1
[1;36mdebug: [0mc_header: LOOP START token=1
[1;36mdebug: [0mc_header: LOOP START token=1
[1;36mdebug: [0mc_header: LOOP START token=1
[1;36mdebug: [0mc_header: LOOP START token=1
[1;36mdebug: [0mc_header: LOOP START token=1
[1;36mdebug: [0mc_header: w_name=wl_shm_format_is_valid
[1;36mdebug: [0mc_header: parsed function wl_shm_format_is_valid with 2 params (varargs=0) at line 4077
[1;36mdebug: [0mc_header: LOOP START token=86 line=4387 text='void'
[1;36mdebug: [0mc_header: LOOP START token=86 line=4393 text='void'
[1;36mdebug: [0mc_header: w_name=wl_shm_send_format
[1;36mdebug: [0mc_header: parsed function wl_shm_send_format with 2 params (varargs=0) at line 4399
[1;36mdebug: [0mc_header: LOOP START token=86 line=4409 text='void'
[1;36mdebug: [0mc_header: w_name=wl_buffer_send_release
[1;36mdebug: [0mc_header: parsed function wl_buffer_send_release with 1 params (varargs=0) at line 4415
[1;36mdebug: [0mc_header: LOOP START token=1
[1;36mdebug: [0mc_header: LOOP START token=1
[1;36mdebug: [0mc_header: LOOP START token=1
[1;36mdebug: [0mc_header: LOOP START token=1
[1;36mdebug: [0mc_header: w_name=wl_data_offer_error_is_valid
[1;36mdebug: [0mc_header: parsed function wl_data_offer_error_is_valid with 2 params (varargs=0) at line 4441
[1;36mdebug: [0mc_header: LOOP START token=86 line=4463 text='void'
[1;36mdebug: [0mc_header: LOOP START token=86 line=4468 text='void'
[1;36mdebug: [0mc_header: LOOP START token=86 line=4477 text='void'
[1;36mdebug: [0mc_header: LOOP START token=86 line=4480 text='void'
[1;36mdebug: [0mc_header: LOOP START token=86 line=4483 text='void'
[1;36mdebug: [0mc_header: w_name=wl_data_offer_send_offer
[1;36mdebug: [0mc_header: parsed function wl_data_offer_send_offer with 2 params (varargs=0) at line 4491
[1;36mdebug: [0mc_header: w_name=wl_data_offer_send_source_actions
[1;36mdebug: [0mc_header: parsed function wl_data_offer_send_source_actions with 2 params (varargs=0) at line 4503
[1;36mdebug: [0mc_header: w_name=wl_data_offer_send_action
[1;36mdebug: [0mc_header: parsed function wl_data_offer_send_action with 2 params (varargs=0) at line 4515
[1;36mdebug: [0mc_header: LOOP START token=1
[1;36mdebug: [0mc_header: LOOP START token=1
[1;36mdebug: [0mc_header: w_name=wl_data_source_error_is_valid
[1;36mdebug: [0mc_header: parsed function wl_data_source_error_is_valid with 2 params (varargs=0) at line 4533
[1;36mdebug: [0mc_header: LOOP START token=86 line=4551 text='void'
[1;36mdebug: [0mc_header: LOOP START token=86 line=4559 text='void'
[1;36mdebug: [0mc_header: LOOP START token=86 line=4562 text='void'
[1;36mdebug: [0mc_header: w_name=wl_data_source_send_target
[1;36mdebug: [0mc_header: parsed function wl_data_source_send_target with 2 params (varargs=0) at line 4569
[1;36mdebug: [0mc_header: w_name=wl_data_source_send_send
[1;36mdebug: [0mc_header: parsed function wl_data_source_send_send with 3 params (varargs=0) at line 4575
[1;36mdebug: [0mc_header: w_name=wl_data_source_send_cancelled
[1;36mdebug: [0mc_header: parsed function wl_data_source_send_cancelled with 1 params (varargs=0) at line 4586
[1;36mdebug: [0mc_header: w_name=wl_data_source_send_dnd_drop_performed
[1;36mdebug: [0mc_header: parsed function wl_data_source_send_dnd_drop_performed with 1 params (varargs=0) at line 4597
[1;36mdebug: [0mc_header: w_name=wl_data_source_send_dnd_finished
[1;36mdebug: [0mc_header: parsed function wl_data_source_send_dnd_finished with 1 params (varargs=0) at line 4608
[1;36mdebug: [0mc_header: w_name=wl_data_source_send_action
[1;36mdebug: [0mc_header: parsed function wl_data_source_send_action with 2 params (varargs=0) at line 4620
[1;36mdebug: [0mc_header: LOOP START token=1
[1;36mdebug: [0mc_header: LOOP START token=1
[1;36mdebug: [0mc_header: w_name=wl_data_device_error_is_valid
[1;36mdebug: [0mc_header: parsed function wl_data_device_error_is_valid with 2 params (varargs=0) at line 4638
[1;36mdebug: [0mc_header: LOOP START token=86 line=4656 text='void'
[1;36mdebug: [0mc_header: LOOP START token=86 line=4663 text='void'
[1;36mdebug: [0mc_header: LOOP START token=86 line=4673 text='void'
[1;36mdebug: [0mc_header: w_name=wl_data_device_send_data_offer
[1;36mdebug: [0mc_header: parsed function wl_data_device_send_data_offer with 2 params (varargs=0) at line 4679
[1;36mdebug: [0mc_header: w_name=wl_data_device_send_enter
[1;36mdebug: [0mc_header: parsed function wl_data_device_send_enter with 6 params (varargs=0) at line 4685
[1;36mdebug: [0mc_header: w_name=wl_data_device_send_leave
[1;36mdebug: [0mc_header: parsed function wl_data_device_send_leave with 1 params (varargs=0) at line 4696
[1;36mdebug: [0mc_header: w_name=wl_data_device_send_motion
[1;36mdebug: [0mc_header: parsed function wl_data_device_send_motion with 4 params (varargs=0) at line 4702
[1;36mdebug: [0mc_header: w_name=wl_data_device_send_drop
[1;36mdebug: [0mc_header: parsed function wl_data_device_send_drop with 1 params (varargs=0) at line 4713
[1;36mdebug: [0mc_header: w_name=wl_data_device_send_selection
[1;36mdebug: [0mc_header: parsed function wl_data_device_send_selection with 2 params (varargs=0) at line 4725
[1;36mdebug: [0mc_header: LOOP START token=1
[1;36mdebug: [0mc_header: LOOP START token=1
[1;36mdebug: [0mc_header: LOOP START token=1
[1;36mdebug: [0mc_header: LOOP START token=1
[1;36mdebug: [0mc_header: w_name=wl_data_device_manager_dnd_action_is_valid
[1;36mdebug: [0mc_header: parsed function wl_data_device_manager_dnd_action_is_valid with 2 params (varargs=0) at line 4749
[1;36mdebug: [0mc_header: LOOP START token=86 line=4774 text='void'
[1;36mdebug: [0mc_header: LOOP START token=86 line=4784 text='void'
[1;36mdebug: [0mc_header: LOOP START token=86 line=4795 text='void'
[1;36mdebug: [0mc_header: LOOP START token=1
[1;36mdebug: [0mc_header: w_name=wl_shell_error_is_valid
[1;36mdebug: [0mc_header: parsed function wl_shell_error_is_valid with 2 params (varargs=0) at line 4807
[1;36mdebug: [0mc_header: LOOP START token=86 line=4823 text='void'
[1;36mdebug: [0mc_header: LOOP START token=1
[1;36mdebug: [0mc_header: LOOP START token=1
[1;36mdebug: [0mc_header: LOOP START token=1
[1;36mdebug: [0mc_header: LOOP START token=1
[1;36mdebug: [0mc_header: LOOP START token=1
[1;36mdebug: [0mc_header: LOOP START token=1
[1;36mdebug: [0mc_header: LOOP START token=1
[1;36mdebug: [0mc_header: LOOP START token=1
[1;36mdebug: [0mc_header: LOOP START token=1
[1;36mdebug: [0mc_header: w_name=wl_shell_surface_resize_is_valid
[1;36mdebug: [0mc_header: parsed function wl_shell_surface_resize_is_valid with 2 params (varargs=0) at line 4869
[1;36mdebug: [0mc_header: LOOP START token=1
[1;36mdebug: [0mc_header: w_name=wl_shell_surface_transient_is_valid
[1;36mdebug: [0mc_header: parsed function wl_shell_surface_transient_is_valid with 2 params (varargs=0) at line 4900
[1;36mdebug: [0mc_header: LOOP START token=1
[1;36mdebug: [0mc_header: LOOP START token=1
[1;36mdebug: [0mc_header: LOOP START token=1
[1;36mdebug: [0mc_header: LOOP START token=1
[1;36mdebug: [0mc_header: w_name=wl_shell_surface_fullscreen_method_is_valid
[1;36mdebug: [0mc_header: parsed function wl_shell_surface_fullscreen_method_is_valid with 2 params (varargs=0) at line 4927
[1;36mdebug: [0mc_header: LOOP START token=86 line=4955 text='void'
[1;36mdebug: [0mc_header: LOOP START token=86 line=4959 text='void'
[1;36mdebug: [0mc_header: LOOP START token=86 line=4964 text='void'
[1;36mdebug: [0mc_header: LOOP START token=86 line=4976 text='void'
[1;36mdebug: [0mc_header: LOOP START token=86 line=4979 text='void'
[1;36mdebug: [0mc_header: LOOP START token=86 line=4986 text='void'
[1;36mdebug: [0mc_header: LOOP START token=86 line=4992 text='void'
[1;36mdebug: [0mc_header: LOOP START token=86 line=5001 text='void'
[1;36mdebug: [0mc_header: LOOP START token=86 line=5005 text='void'
[1;36mdebug: [0mc_header: LOOP START token=86 line=5009 text='void'
[1;36mdebug: [0mc_header: w_name=wl_shell_surface_send_ping
[1;36mdebug: [0mc_header: parsed function wl_shell_surface_send_ping with 2 params (varargs=0) at line 5016
[1;36mdebug: [0mc_header: w_name=wl_shell_surface_send_configure
[1;36mdebug: [0mc_header: parsed function wl_shell_surface_send_configure with 4 params (varargs=0) at line 5022
[1;36mdebug: [0mc_header: w_name=wl_shell_surface_send_popup_done
[1;36mdebug: [0mc_header: parsed function wl_shell_surface_send_popup_done with 1 params (varargs=0) at line 5033
[1;36mdebug: [0mc_header: LOOP START token=1
[1;36mdebug: [0mc_header: LOOP START token=1
[1;36mdebug: [0mc_header: LOOP START token=1
[1;36mdebug: [0mc_header: LOOP START token=1
[1;36mdebug: [0mc_header: LOOP START token=1
[1;36mdebug: [0mc_header: LOOP START token=1
[1;36mdebug: [0mc_header: w_name=wl_surface_error_is_valid
[1;36mdebug: [0mc_header: parsed function wl_surface_error_is_valid with 2 params (varargs=0) at line 5065
[1;36mdebug: [0mc_header: LOOP START token=86 line=5095 text='void'
[1;36mdebug: [0mc_header: LOOP START token=86 line=5098 text='void'
[1;36mdebug: [0mc_header: LOOP START token=86 line=5104 text='void'
[1;36mdebug: [0mc_header: LOOP START token=86 line=5111 text='void'
[1;36mdebug: [0mc_header: LOOP START token=86 line=5115 text='void'
[1;36mdebug: [0mc_header: LOOP START token=86 line=5119 text='void'
[1;36mdebug: [0mc_header: LOOP START token=86 line=5123 text='void'
[1;36mdebug: [0mc_header: LOOP START token=86 line=5126 text='void'
[1;36mdebug: [0mc_header: LOOP START token=86 line=5130 text='void'
[1;36mdebug: [0mc_header: LOOP START token=86 line=5134 text='void'
[1;36mdebug: [0mc_header: LOOP START token=86 line=5141 text='void'
[1;36mdebug: [0mc_header: LOOP START token=86 line=5146 text='void'
[1;36mdebug: [0mc_header: w_name=wl_surface_send_enter
[1;36mdebug: [0mc_header: parsed function wl_surface_send_enter with 2 params (varargs=0) at line 5153
[1;36mdebug: [0mc_header: w_name=wl_surface_send_leave
[1;36mdebug: [0mc_header: parsed function wl_surface_send_leave with 2 params (varargs=0) at line 5165
[1;36mdebug: [0mc_header: w_name=wl_surface_send_preferred_buffer_scale
[1;36mdebug: [0mc_header: parsed function wl_surface_send_preferred_buffer_scale with 2 params (varargs=0) at line 5177
[1;36mdebug: [0mc_header: w_name=wl_surface_send_preferred_buffer_transform
[1;36mdebug: [0mc_header: parsed function wl_surface_send_preferred_buffer_transform with 2 params (varargs=0) at line 5189
[1;36mdebug: [0mc_header: LOOP START token=1
[1;36mdebug: [0mc_header: LOOP START token=1
[1;36mdebug: [0mc_header: LOOP START token=1
[1;36mdebug: [0mc_header: w_name=wl_seat_capability_is_valid
[1;36mdebug: [0mc_header: parsed function wl_seat_capability_is_valid with 2 params (varargs=0) at line 5209
[1;36mdebug: [0mc_header: LOOP START token=1
[1;36mdebug: [0mc_header: w_name=wl_seat_error_is_valid
[1;36mdebug: [0mc_header: parsed function wl_seat_error_is_valid with 2 params (varargs=0) at line 5228
[1;36mdebug: [0mc_header: LOOP START token=86 line=5244 text='void'
[1;36mdebug: [0mc_header: LOOP START token=86 line=5248 text='void'
[1;36mdebug: [0mc_header: LOOP START token=86 line=5252 text='void'
[1;36mdebug: [0mc_header: LOOP START token=86 line=5262 text='void'
[1;36mdebug: [0mc_header: w_name=wl_seat_send_capabilities
[1;36mdebug: [0mc_header: parsed function wl_seat_send_capabilities with 2 params (varargs=0) at line 5268
[1;36mdebug: [0mc_header: w_name=wl_seat_send_name
[1;36mdebug: [0mc_header: parsed function wl_seat_send_name with 2 params (varargs=0) at line 5280
[1;36mdebug: [0mc_header: LOOP START token=1
[1;36mdebug: [0mc_header: w_name=wl_pointer_error_is_valid
[1;36mdebug: [0mc_header: parsed function wl_pointer_error_is_valid with 2 params (varargs=0) at line 5294
[1;36mdebug: [0mc_header: LOOP START token=1
[1;36mdebug: [0mc_header: LOOP START token=1
[1;36mdebug: [0mc_header: w_name=wl_pointer_button_state_is_valid
[1;36mdebug: [0mc_header: parsed function wl_pointer_button_state_is_valid with 2 params (varargs=0) at line 5315
[1;36mdebug: [0mc_header: LOOP START token=1
[1;36mdebug: [0mc_header: LOOP START token=1
[1;36mdebug: [0mc_header: w_name=wl_pointer_axis_is_valid
[1;36mdebug: [0mc_header: parsed function wl_pointer_axis_is_valid with 2 params (varargs=0) at line 5338
[1;36mdebug: [0mc_header: LOOP START token=1
[1;36mdebug: [0mc_header: LOOP START token=1
[1;36mdebug: [0mc_header: LOOP START token=1
[1;36mdebug: [0mc_header: LOOP START token=1
[1;36mdebug: [0mc_header: w_name=wl_pointer_axis_source_is_valid
[1;36mdebug: [0mc_header: parsed function wl_pointer_axis_source_is_valid with 2 params (varargs=0) at line 5370
[1;36mdebug: [0mc_header: LOOP START token=1
[1;36mdebug: [0mc_header: LOOP START token=1
[1;36mdebug: [0mc_header: w_name=wl_pointer_axis_relative_direction_is_valid
[1;36mdebug: [0mc_header: parsed function wl_pointer_axis_relative_direction_is_valid with 2 params (varargs=0) at line 5397
[1;36mdebug: [0mc_header: LOOP START token=86 line=5415 text='void'
[1;36mdebug: [0mc_header: LOOP START token=86 line=5422 text='void'
[1;36mdebug: [0mc_header: w_name=wl_pointer_send_enter
[1;36mdebug: [0mc_header: parsed function wl_pointer_send_enter with 5 params (varargs=0) at line 5428
[1;36mdebug: [0mc_header: w_name=wl_pointer_send_leave
[1;36mdebug: [0mc_header: parsed function wl_pointer_send_leave with 3 params (varargs=0) at line 5434
[1;36mdebug: [0mc_header: w_name=wl_pointer_send_motion
[1;36mdebug: [0mc_header: parsed function wl_pointer_send_motion with 4 params (varargs=0) at line 5440
[1;36mdebug: [0mc_header: w_name=wl_pointer_send_button
[1;36mdebug: [0mc_header: parsed function wl_pointer_send_button with 5 params (varargs=0) at line 5446
[1;36mdebug: [0mc_header: w_name=wl_pointer_send_axis
[1;36mdebug: [0mc_header: parsed function wl_pointer_send_axis with 4 params (varargs=0) at line 5452
[1;36mdebug: [0mc_header: w_name=wl_pointer_send_frame
[1;36mdebug: [0mc_header: parsed function wl_pointer_send_frame with 1 params (varargs=0) at line 5463
[1;36mdebug: [0mc_header: w_name=wl_pointer_send_axis_source
[1;36mdebug: [0mc_header: parsed function wl_pointer_send_axis_source with 2 params (varargs=0) at line 5475
[1;36mdebug: [0mc_header: w_name=wl_pointer_send_axis_stop
[1;36mdebug: [0mc_header: parsed function wl_pointer_send_axis_stop with 3 params (varargs=0) at line 5481
[1;36mdebug: [0mc_header: w_name=wl_pointer_send_axis_discrete
[1;36mdebug: [0mc_header: parsed function wl_pointer_send_axis_discrete with 3 params (varargs=0) at line 5487
[1;36mdebug: [0mc_header: w_name=wl_pointer_send_axis_value120
[1;36mdebug: [0mc_header: parsed function wl_pointer_send_axis_value120 with 3 params (varargs=0) at line 5493
[1;36mdebug: [0mc_header: w_name=wl_pointer_send_axis_relative_direction
[1;36mdebug: [0mc_header: parsed function wl_pointer_send_axis_relative_direction with 3 params (varargs=0) at line 5499
[1;36mdebug: [0mc_header: w_name=wl_pointer_send_warp
[1;36mdebug: [0mc_header: parsed function wl_pointer_send_warp with 3 params (varargs=0) at line 5505
[1;36mdebug: [0mc_header: LOOP START token=1
[1;36mdebug: [0mc_header: LOOP START token=1
[1;36mdebug: [0mc_header: w_name=wl_keyboard_keymap_format_is_valid
[1;36mdebug: [0mc_header: parsed function wl_keyboard_keymap_format_is_valid with 2 params (varargs=0) at line 5521
[1;36mdebug: [0mc_header: LOOP START token=1
[1;36mdebug: [0mc_header: LOOP START token=1
[1;36mdebug: [0mc_header: LOOP START token=1
[1;36mdebug: [0mc_header: w_name=wl_keyboard_key_state_is_valid
[1;36mdebug: [0mc_header: parsed function wl_keyboard_key_state_is_valid with 2 params (varargs=0) at line 5549
[1;36mdebug: [0mc_header: LOOP START token=86 line=5574 text='void'
[1;36mdebug: [0mc_header: w_name=wl_keyboard_send_keymap
[1;36mdebug: [0mc_header: parsed function wl_keyboard_send_keymap with 4 params (varargs=0) at line 5580
[1;36mdebug: [0mc_header: w_name=wl_keyboard_send_enter
[1;36mdebug: [0mc_header: parsed function wl_keyboard_send_enter with 4 params (varargs=0) at line 5586
[1;36mdebug: [0mc_header: w_name=wl_keyboard_send_leave
[1;36mdebug: [0mc_header: parsed function wl_keyboard_send_leave with 3 params (varargs=0) at line 5592
[1;36mdebug: [0mc_header: w_name=wl_keyboard_send_key
[1;36mdebug: [0mc_header: parsed function wl_keyboard_send_key with 5 params (varargs=0) at line 5598
[1;36mdebug: [0mc_header: w_name=wl_keyboard_send_modifiers
[1;36mdebug: [0mc_header: parsed function wl_keyboard_send_modifiers with 6 params (varargs=0) at line 5604
[1;36mdebug: [0mc_header: w_name=wl_keyboard_send_repeat_info
[1;36mdebug: [0mc_header: parsed function wl_keyboard_send_repeat_info with 3 params (varargs=0) at line 5610
[1;36mdebug: [0mc_header: LOOP START token=86 line=5625 text='void'
[1;36mdebug: [0mc_header: w_name=wl_touch_send_down
[1;36mdebug: [0mc_header: parsed function wl_touch_send_down with 7 params (varargs=0) at line 5631
[1;36mdebug: [0mc_header: w_name=wl_touch_send_up
[1;36mdebug: [0mc_header: parsed function wl_touch_send_up with 4 params (varargs=0) at line 5637
[1;36mdebug: [0mc_header: w_name=wl_touch_send_motion
[1;36mdebug: [0mc_header: parsed function wl_touch_send_motion with 5 params (varargs=0) at line 5643
[1;36mdebug: [0mc_header: w_name=wl_touch_send_frame
[1;36mdebug: [0mc_header: parsed function wl_touch_send_frame with 1 params (varargs=0) at line 5654
[1;36mdebug: [0mc_header: w_name=wl_touch_send_cancel
[1;36mdebug: [0mc_header: parsed function wl_touch_send_cancel with 1 params (varargs=0) at line 5665
[1;36mdebug: [0mc_header: w_name=wl_touch_send_shape
[1;36mdebug: [0mc_header: parsed function wl_touch_send_shape with 4 params (varargs=0) at line 5671
[1;36mdebug: [0mc_header: w_name=wl_touch_send_orientation
[1;36mdebug: [0mc_header: parsed function wl_touch_send_orientation with 3 params (varargs=0) at line 5677
[1;36mdebug: [0mc_header: LOOP START token=1
[1;36mdebug: [0mc_header: LOOP START token=1
[1;36mdebug: [0mc_header: LOOP START token=1
[1;36mdebug: [0mc_header: LOOP START token=1
[1;36mdebug: [0mc_header: LOOP START token=1
[1;36mdebug: [0mc_header: LOOP START token=1
[1;36mdebug: [0mc_header: w_name=wl_output_subpixel_is_valid
[1;36mdebug: [0mc_header: parsed function wl_output_subpixel_is_valid with 2 params (varargs=0) at line 5709
[1;36mdebug: [0mc_header: LOOP START token=1
[1;36mdebug: [0mc_header: LOOP START token=1
[1;36mdebug: [0mc_header: LOOP START token=1
[1;36mdebug: [0mc_header: LOOP START token=1
[1;36mdebug: [0mc_header: LOOP START token=1
[1;36mdebug: [0mc_header: LOOP START token=1
[1;36mdebug: [0mc_header: LOOP START token=1
[1;36mdebug: [0mc_header: LOOP START token=1
[1;36mdebug: [0mc_header: w_name=wl_output_transform_is_valid
[1;36mdebug: [0mc_header: parsed function wl_output_transform_is_valid with 2 params (varargs=0) at line 5764
[1;36mdebug: [0mc_header: LOOP START token=1
[1;36mdebug: [0mc_header: LOOP START token=1
[1;36mdebug: [0mc_header: w_name=wl_output_mode_is_valid
[1;36mdebug: [0mc_header: parsed function wl_output_mode_is_valid with 2 params (varargs=0) at line 5799
[1;36mdebug: [0mc_header: LOOP START token=86 line=5821 text='void'
[1;36mdebug: [0mc_header: w_name=wl_output_send_geometry
[1;36mdebug: [0mc_header: parsed function wl_output_send_geometry with 9 params (varargs=0) at line 5827
[1;36mdebug: [0mc_header: w_name=wl_output_send_mode
[1;36mdebug: [0mc_header: parsed function wl_output_send_mode with 5 params (varargs=0) at line 5833
[1;36mdebug: [0mc_header: w_name=wl_output_send_done
[1;36mdebug: [0mc_header: parsed function wl_output_send_done with 1 params (varargs=0) at line 5844
[1;36mdebug: [0mc_header: w_name=wl_output_send_scale
[1;36mdebug: [0mc_header: parsed function wl_output_send_scale with 2 params (varargs=0) at line 5856
[1;36mdebug: [0mc_header: w_name=wl_output_send_name
[1;36mdebug: [0mc_header: parsed function wl_output_send_name with 2 params (varargs=0) at line 5868
[1;36mdebug: [0mc_header: w_name=wl_output_send_description
[1;36mdebug: [0mc_header: parsed function wl_output_send_description with 2 params (varargs=0) at line 5880
[1;36mdebug: [0mc_header: LOOP START token=86 line=5894 text='void'
[1;36mdebug: [0mc_header: LOOP START token=86 line=5897 text='void'
[1;36mdebug: [0mc_header: LOOP START token=86 line=5904 text='void'
[1;36mdebug: [0mc_header: LOOP START token=1
[1;36mdebug: [0mc_header: LOOP START token=1
[1;36mdebug: [0mc_header: w_name=wl_subcompositor_error_is_valid
[1;36mdebug: [0mc_header: parsed function wl_subcompositor_error_is_valid with 2 params (varargs=0) at line 5924
[1;36mdebug: [0mc_header: LOOP START token=86 line=5948 text='void'
[1;36mdebug: [0mc_header: LOOP START token=86 line=5951 text='void'
[1;36mdebug: [0mc_header: LOOP START token=1
[1;36mdebug: [0mc_header: w_name=wl_subsurface_error_is_valid
[1;36mdebug: [0mc_header: parsed function wl_subsurface_error_is_valid with 2 params (varargs=0) at line 5966
[1;36mdebug: [0mc_header: LOOP START token=86 line=5982 text='void'
[1;36mdebug: [0mc_header: LOOP START token=86 line=5985 text='void'
[1;36mdebug: [0mc_header: LOOP START token=86 line=5990 text='void'
[1;36mdebug: [0mc_header: LOOP START token=86 line=5994 text='void'
[1;36mdebug: [0mc_header: LOOP START token=86 line=5998 text='void'
[1;36mdebug: [0mc_header: LOOP START token=86 line=6001 text='void'
[1;36mdebug: [0mc_header: LOOP START token=1
[1;36mdebug: [0mc_header: w_name=wl_fixes_error_is_valid
[1;36mdebug: [0mc_header: parsed function wl_fixes_error_is_valid with 2 params (varargs=0) at line 6013
[1;36mdebug: [0mc_header: LOOP START token=86 line=6033 text='void'
[1;36mdebug: [0mc_header: LOOP START token=86 line=6036 text='void'
[1;36mdebug: [0mc_header: LOOP START token=86 line=6040 text='void'
[1;36mdebug: [0mc_header: LOOP START token=72
[1;36mdebug: [0mc_header: LOOP START token=84
[1;36mdebug: [0mc_header: LOOP START token=85
[1;36mdebug: [0mc_header: LOOP START token=58
[1;36mdebug: [0mc_header: LOOP START token=1
[1;36mdebug: [0mc_header: LOOP START token=1
[1;36mdebug: [0mc_header: LOOP START token=1
[1;36mdebug: [0mc_header: LOOP START token=1
[1;36mdebug: [0mc_header: LOOP START token=72 line=6142 text='int'
[1;36mdebug: [0mc_header: LOOP START token=58 line=6145 text='char'
[1;36mdebug: [0mc_header: LOOP START token=58 line=6146 text='char'
[1;36mdebug: [0mc_header: LOOP START token=58 line=6147 text='char'
[1;36mdebug: [0mc_header: LOOP START token=58 line=6148 text='char'
[1;36mdebug: [0mc_header: LOOP START token=58 line=6149 text='char'
[1;36mdebug: [0mc_header: LOOP START token=58 line=6150 text='char'
[1;36mdebug: [0mc_header: LOOP START token=58 line=6151 text='char'
[1;36mdebug: [0mc_header: LOOP START token=58 line=6152 text='char'
[1;36mdebug: [0mc_header: LOOP START token=58 line=6155 text='char'
[1;36mdebug: [0mc_header: LOOP START token=58 line=6156 text='char'
[1;36mdebug: [0mc_header: LOOP START token=58 line=6157 text='char'
[1;36mdebug: [0mc_header: LOOP START token=81 line=6159 text='struct'
[1;36mdebug: [0mc_header: LOOP START token=81 line=6161 text='struct'
[1;36mdebug: [0mc_header: LOOP START token=72 line=6163 text='int'
[1;36mdebug: [0mc_header: LOOP START token=72 line=6164 text='int'
[1;36mdebug: [0mc_header: LOOP START token=58 line=6166 text='char'
[1;36mdebug: [0mc_header: LOOP START token=1 line=6167 text='__off_t'
[1;36mdebug: [0mc_header: LOOP START token=85 line=6170 text='unsigned'
[1;36mdebug: [0mc_header: LOOP START token=78 line=6171 text='signed'
[1;36mdebug: [0mc_header: LOOP START token=58 line=6172 text='char'
[1;36mdebug: [0mc_header: LOOP START token=1 line=6174 text='_IO_lock_t'
[1;36mdebug: [0mc_header: LOOP START token=1 line=6182 text='__off64_t'
[1;36mdebug: [0mc_header: LOOP START token=81 line=6184 text='struct'
[1;36mdebug: [0mc_header: LOOP START token=81 line=6185 text='struct'
[1;36mdebug: [0mc_header: LOOP START token=81 line=6186 text='struct'
[1;36mdebug: [0mc_header: LOOP START token=86 line=6187 text='void'
[1;36mdebug: [0mc_header: LOOP START token=81 line=6188 text='struct'
[1;36mdebug: [0mc_header: LOOP START token=72 line=6189 text='int'
[1;36mdebug: [0mc_header: LOOP START token=72 line=6191 text='int'
[1;36mdebug: [0mc_header: LOOP START token=1 line=6193 text='__uint64_t'
[1;36mdebug: [0mc_header: LOOP START token=58 line=6198 text='char'
[1;36mdebug: [0mc_header: LOOP START token=1
[1;36mdebug: [0mc_header: LOOP START token=1
[1;36mdebug: [0mc_header: LOOP START token=1
[1;36mdebug: [0mc_header: LOOP START token=1
[1;36mdebug: [0mc_header: w_name=remove
[1;36mdebug: [0mc_header: parsed function remove with 1 params (varargs=0) at line 6256
[1;36mdebug: [0mc_header: w_name=rename
[1;36mdebug: [0mc_header: parsed function rename with 2 params (varargs=0) at line 6258
[1;36mdebug: [0mc_header: w_name=renameat
[1;36mdebug: [0mc_header: parsed function renameat with 4 params (varargs=0) at line 6263
[1;36mdebug: [0mc_header: w_name=fclose
[1;36mdebug: [0mc_header: parsed function fclose with 1 params (varargs=0) at line 6265
[1;36mdebug: [0mc_header: w_name=tmpfile
[1;36mdebug: [0mc_header: parsed function tmpfile with 0 params (varargs=0) at line 6268
[1;36mdebug: [0mc_header: w_name=tmpnam
[1;36mdebug: [0mc_header: parsed function tmpnam with 1 params (varargs=0) at line 6270
[1;36mdebug: [0mc_header: w_name=tmpnam_r
[1;36mdebug: [0mc_header: parsed function tmpnam_r with 1 params (varargs=0) at line 6275
[1;36mdebug: [0mc_header: w_name=tempnam
[1;36mdebug: [0mc_header: parsed function tempnam with 2 params (varargs=0) at line 6278
[1;36mdebug: [0mc_header: w_name=fflush
[1;36mdebug: [0mc_header: parsed function fflush with 1 params (varargs=0) at line 6285
[1;36mdebug: [0mc_header: w_name=fflush_unlocked
[1;36mdebug: [0mc_header: parsed function fflush_unlocked with 1 params (varargs=0) at line 6287
[1;36mdebug: [0mc_header: w_name=fopen
[1;36mdebug: [0mc_header: parsed function fopen with 2 params (varargs=0) at line 6291
[1;36mdebug: [0mc_header: w_name=freopen
[1;36mdebug: [0mc_header: parsed function freopen with 3 params (varargs=0) at line 6298
[1;36mdebug: [0mc_header: w_name=fdopen
[1;36mdebug: [0mc_header: parsed function fdopen with 2 params (varargs=0) at line 6300
[1;36mdebug: [0mc_header: w_name=fopencookie
[1;36mdebug: [0mc_header: parsed function fopencookie with 3 params (varargs=0) at line 6309
[1;36mdebug: [0mc_header: w_name=fmemopen
[1;36mdebug: [0mc_header: parsed function fmemopen with 3 params (varargs=0) at line 6316
[1;36mdebug: [0mc_header: w_name=open_memstream
[1;36mdebug: [0mc_header: parsed function open_memstream with 2 params (varargs=0) at line 6321
[1;36mdebug: [0mc_header: w_name=setbuf
[1;36mdebug: [0mc_header: parsed function setbuf with 2 params (varargs=0) at line 6324
[1;36mdebug: [0mc_header: w_name=setvbuf
[1;36mdebug: [0mc_header: parsed function setvbuf with 4 params (varargs=0) at line 6330
[1;36mdebug: [0mc_header: w_name=setbuffer
[1;36mdebug: [0mc_header: parsed function setbuffer with 3 params (varargs=0) at line 6336
[1;36mdebug: [0mc_header: w_name=setlinebuf
[1;36mdebug: [0mc_header: parsed function setlinebuf with 1 params (varargs=0) at line 6339
[1;36mdebug: [0mc_header: w_name=fprintf
[1;36mdebug: [0mc_header: parsed function fprintf with 2 params (varargs=1) at line 6348
[1;36mdebug: [0mc_header: w_name=printf
[1;36mdebug: [0mc_header: parsed function printf with 1 params (varargs=1) at line 6353
[1;36mdebug: [0mc_header: w_name=sprintf
[1;36mdebug: [0mc_header: parsed function sprintf with 2 params (varargs=1) at line 6356
[1;36mdebug: [0mc_header: w_name=vfprintf
[1;36mdebug: [0mc_header: parsed function vfprintf with 3 params (varargs=0) at line 6363
[1;36mdebug: [0mc_header: w_name=vprintf
[1;36mdebug: [0mc_header: parsed function vprintf with 2 params (varargs=0) at line 6368
[1;36mdebug: [0mc_header: w_name=vsprintf
[1;36mdebug: [0mc_header: parsed function vsprintf with 3 params (varargs=0) at line 6371
[1;36mdebug: [0mc_header: w_name=snprintf
[1;36mdebug: [0mc_header: parsed function snprintf with 3 params (varargs=1) at line 6377
[1;36mdebug: [0mc_header: w_name=vsnprintf
[1;36mdebug: [0mc_header: parsed function vsnprintf with 4 params (varargs=0) at line 6381
[1;36mdebug: [0mc_header: w_name=vasprintf
[1;36mdebug: [0mc_header: parsed function vasprintf with 3 params (varargs=0) at line 6389
[1;36mdebug: [0mc_header: w_name=__asprintf
[1;36mdebug: [0mc_header: parsed function __asprintf with 2 params (varargs=1) at line 6392
[1;36mdebug: [0mc_header: w_name=asprintf
[1;36mdebug: [0mc_header: parsed function asprintf with 2 params (varargs=1) at line 6395
[1;36mdebug: [0mc_header: w_name=vdprintf
[1;36mdebug: [0mc_header: parsed function vdprintf with 3 params (varargs=0) at line 6402
[1;36mdebug: [0mc_header: w_name=dprintf
[1;36mdebug: [0mc_header: parsed function dprintf with 2 params (varargs=1) at line 6404
[1;36mdebug: [0mc_header: w_name=fscanf
[1;36mdebug: [0mc_header: parsed function fscanf with 2 params (varargs=1) at line 6413
[1;36mdebug: [0mc_header: w_name=scanf
[1;36mdebug: [0mc_header: parsed function scanf with 1 params (varargs=1) at line 6418
[1;36mdebug: [0mc_header: w_name=sscanf
[1;36mdebug: [0mc_header: parsed function sscanf with 2 params (varargs=1) at line 6421
[1;36mdebug: [0mc_header: w_name=fscanf
[1;36mdebug: [0mc_header: parsed function fscanf with 2 params (varargs=1) at line 6423
[1;36mdebug: [0mc_header: w_name=scanf
[1;36mdebug: [0mc_header: parsed function scanf with 1 params (varargs=1) at line 6426
[1;36mdebug: [0mc_header: w_name=sscanf
[1;36mdebug: [0mc_header: parsed function sscanf with 2 params (varargs=1) at line 6428
[1;36mdebug: [0mc_header: w_name=vfscanf
[1;36mdebug: [0mc_header: parsed function vfscanf with 3 params (varargs=0) at line 6434
[1;36mdebug: [0mc_header: w_name=vscanf
[1;36mdebug: [0mc_header: parsed function vscanf with 2 params (varargs=0) at line 6441
[1;36mdebug: [0mc_header: w_name=vsscanf
[1;36mdebug: [0mc_header: parsed function vsscanf with 3 params (varargs=0) at line 6446
[1;36mdebug: [0mc_header: w_name=vfscanf
[1;36mdebug: [0mc_header: parsed function vfscanf with 3 params (varargs=0) at line 6453
[1;36mdebug: [0mc_header: w_name=vscanf
[1;36mdebug: [0mc_header: parsed function vscanf with 2 params (varargs=0) at line 6458
[1;36mdebug: [0mc_header: w_name=vsscanf
[1;36mdebug: [0mc_header: parsed function vsscanf with 3 params (varargs=0) at line 6461
[1;36mdebug: [0mc_header: w_name=fgetc
[1;36mdebug: [0mc_header: parsed function fgetc with 1 params (varargs=0) at line 6467
[1;36mdebug: [0mc_header: w_name=getc
[1;36mdebug: [0mc_header: parsed function getc with 1 params (varargs=0) at line 6468
[1;36mdebug: [0mc_header: w_name=getchar
[1;36mdebug: [0mc_header: parsed function getchar with 0 params (varargs=0) at line 6474
[1;36mdebug: [0mc_header: w_name=getc_unlocked
[1;36mdebug: [0mc_header: parsed function getc_unlocked with 1 params (varargs=0) at line 6481
[1;36mdebug: [0mc_header: w_name=getchar_unlocked
[1;36mdebug: [0mc_header: parsed function getchar_unlocked with 0 params (varargs=0) at line 6482
[1;36mdebug: [0mc_header: w_name=fgetc_unlocked
[1;36mdebug: [0mc_header: parsed function fgetc_unlocked with 1 params (varargs=0) at line 6484
[1;36mdebug: [0mc_header: w_name=fputc
[1;36mdebug: [0mc_header: parsed function fputc with 2 params (varargs=0) at line 6492
[1;36mdebug: [0mc_header: w_name=putc
[1;36mdebug: [0mc_header: parsed function putc with 2 params (varargs=0) at line 6493
[1;36mdebug: [0mc_header: w_name=putchar
[1;36mdebug: [0mc_header: parsed function putchar with 1 params (varargs=0) at line 6499
[1;36mdebug: [0mc_header: w_name=fputc_unlocked
[1;36mdebug: [0mc_header: parsed function fputc_unlocked with 2 params (varargs=0) at line 6501
[1;36mdebug: [0mc_header: w_name=putc_unlocked
[1;36mdebug: [0mc_header: parsed function putc_unlocked with 2 params (varargs=0) at line 6509
[1;36mdebug: [0mc_header: w_name=putchar_unlocked
[1;36mdebug: [0mc_header: parsed function putchar_unlocked with 1 params (varargs=0) at line 6510
[1;36mdebug: [0mc_header: w_name=getw
[1;36mdebug: [0mc_header: parsed function getw with 1 params (varargs=0) at line 6517
[1;36mdebug: [0mc_header: w_name=putw
[1;36mdebug: [0mc_header: parsed function putw with 2 params (varargs=0) at line 6520
[1;36mdebug: [0mc_header: w_name=fgets
[1;36mdebug: [0mc_header: parsed function fgets with 3 params (varargs=0) at line 6529
[1;36mdebug: [0mc_header: w_name=__getdelim
[1;36mdebug: [0mc_header: parsed function __getdelim with 4 params (varargs=0) at line 6533
[1;36mdebug: [0mc_header: w_name=getdelim
[1;36mdebug: [0mc_header: parsed function getdelim with 4 params (varargs=0) at line 6536
[1;36mdebug: [0mc_header: w_name=getline
[1;36mdebug: [0mc_header: parsed function getline with 3 params (varargs=0) at line 6541
[1;36mdebug: [0mc_header: w_name=fputs
[1;36mdebug: [0mc_header: parsed function fputs with 2 params (varargs=0) at line 6550
[1;36mdebug: [0mc_header: w_name=puts
[1;36mdebug: [0mc_header: parsed function puts with 1 params (varargs=0) at line 6556
[1;36mdebug: [0mc_header: w_name=ungetc
[1;36mdebug: [0mc_header: parsed function ungetc with 2 params (varargs=0) at line 6563
[1;36mdebug: [0mc_header: w_name=fread
[1;36mdebug: [0mc_header: parsed function fread with 4 params (varargs=0) at line 6572
[1;36mdebug: [0mc_header: w_name=fwrite
[1;36mdebug: [0mc_header: parsed function fwrite with 4 params (varargs=0) at line 6578
[1;36mdebug: [0mc_header: w_name=fread_unlocked
[1;36mdebug: [0mc_header: parsed function fread_unlocked with 4 params (varargs=0) at line 6582
[1;36mdebug: [0mc_header: w_name=fwrite_unlocked
[1;36mdebug: [0mc_header: parsed function fwrite_unlocked with 4 params (varargs=0) at line 6585
[1;36mdebug: [0mc_header: w_name=fseek
[1;36mdebug: [0mc_header: parsed function fseek with 3 params (varargs=0) at line 6594
[1;36mdebug: [0mc_header: w_name=ftell
[1;36mdebug: [0mc_header: parsed function ftell with 1 params (varargs=0) at line 6599
[1;36mdebug: [0mc_header: w_name=rewind
[1;36mdebug: [0mc_header: parsed function rewind with 1 params (varargs=0) at line 6604
[1;36mdebug: [0mc_header: w_name=fseeko
[1;36mdebug: [0mc_header: parsed function fseeko with 3 params (varargs=0) at line 6607
[1;36mdebug: [0mc_header: w_name=ftello
[1;36mdebug: [0mc_header: parsed function ftello with 1 params (varargs=0) at line 6612
[1;36mdebug: [0mc_header: w_name=fgetpos
[1;36mdebug: [0mc_header: parsed function fgetpos with 2 params (varargs=0) at line 6615
[1;36mdebug: [0mc_header: w_name=fsetpos
[1;36mdebug: [0mc_header: parsed function fsetpos with 2 params (varargs=0) at line 6620
[1;36mdebug: [0mc_header: w_name=clearerr
[1;36mdebug: [0mc_header: parsed function clearerr with 1 params (varargs=0) at line 6622
[1;36mdebug: [0mc_header: w_name=feof
[1;36mdebug: [0mc_header: parsed function feof with 1 params (varargs=0) at line 6624
[1;36mdebug: [0mc_header: w_name=ferror
[1;36mdebug: [0mc_header: parsed function ferror with 1 params (varargs=0) at line 6626
[1;36mdebug: [0mc_header: w_name=clearerr_unlocked
[1;36mdebug: [0mc_header: parsed function clearerr_unlocked with 1 params (varargs=0) at line 6630
[1;36mdebug: [0mc_header: w_name=feof_unlocked
[1;36mdebug: [0mc_header: parsed function feof_unlocked with 1 params (varargs=0) at line 6631
[1;36mdebug: [0mc_header: w_name=ferror_unlocked
[1;36mdebug: [0mc_header: parsed function ferror_unlocked with 1 params (varargs=0) at line 6632
[1;36mdebug: [0mc_header: w_name=perror
[1;36mdebug: [0mc_header: parsed function perror with 1 params (varargs=0) at line 6640
[1;36mdebug: [0mc_header: w_name=fileno
[1;36mdebug: [0mc_header: parsed function fileno with 1 params (varargs=0) at line 6645
[1;36mdebug: [0mc_header: w_name=fileno_unlocked
[1;36mdebug: [0mc_header: parsed function fileno_unlocked with 1 params (varargs=0) at line 6650
[1;36mdebug: [0mc_header: w_name=pclose
[1;36mdebug: [0mc_header: parsed function pclose with 1 params (varargs=0) at line 6652
[1;36mdebug: [0mc_header: w_name=popen
[1;36mdebug: [0mc_header: parsed function popen with 2 params (varargs=0) at line 6659
[1;36mdebug: [0mc_header: w_name=ctermid
[1;36mdebug: [0mc_header: parsed function ctermid with 1 params (varargs=0) at line 6666
[1;36mdebug: [0mc_header: w_name=flockfile
[1;36mdebug: [0mc_header: parsed function flockfile with 1 params (varargs=0) at line 6669
[1;36mdebug: [0mc_header: w_name=ftrylockfile
[1;36mdebug: [0mc_header: parsed function ftrylockfile with 1 params (varargs=0) at line 6673
[1;36mdebug: [0mc_header: w_name=funlockfile
[1;36mdebug: [0mc_header: parsed function funlockfile with 1 params (varargs=0) at line 6676
[1;36mdebug: [0mc_header: w_name=__uflow
[1;36mdebug: [0mc_header: parsed function __uflow with 1 params (varargs=0) at line 6678
[1;36mdebug: [0mc_header: w_name=__overflow
[1;36mdebug: [0mc_header: parsed function __overflow with 2 params (varargs=0) at line 6679
[1;36mdebug: [0mc_header: LOOP START token=1
[1;36mdebug: [0mc_header: w_name=xkb_rmlvo_builder_new
[1;36mdebug: [0mc_header: parsed function xkb_rmlvo_builder_new with 4 params (varargs=0) at line 6723
[1;36mdebug: [0mc_header: w_name=xkb_rmlvo_builder_append_layout
[1;36mdebug: [0mc_header: parsed function xkb_rmlvo_builder_append_layout with 5 params (varargs=0) at line 6728
[1;36mdebug: [0mc_header: w_name=xkb_rmlvo_builder_append_option
[1;36mdebug: [0mc_header: parsed function xkb_rmlvo_builder_append_option with 2 params (varargs=0) at line 6732
[1;36mdebug: [0mc_header: w_name=xkb_rmlvo_builder_ref
[1;36mdebug: [0mc_header: parsed function xkb_rmlvo_builder_ref with 1 params (varargs=0) at line 6735
[1;36mdebug: [0mc_header: w_name=xkb_rmlvo_builder_unref
[1;36mdebug: [0mc_header: parsed function xkb_rmlvo_builder_unref with 1 params (varargs=0) at line 6738
[1;36mdebug: [0mc_header: LOOP START token=59 line=6742 text='const'
[1;36mdebug: [0mc_header: LOOP START token=59 line=6750 text='const'
[1;36mdebug: [0mc_header: LOOP START token=59 line=6752 text='const'
[1;36mdebug: [0mc_header: LOOP START token=59 line=6754 text='const'
[1;36mdebug: [0mc_header: LOOP START token=59 line=6756 text='const'
[1;36mdebug: [0mc_header: LOOP START token=58 line=6760 text='char'
[1;36mdebug: [0mc_header: LOOP START token=58 line=6761 text='char'
[1;36mdebug: [0mc_header: LOOP START token=58 line=6762 text='char'
[1;36mdebug: [0mc_header: LOOP START token=58 line=6763 text='char'
[1;36mdebug: [0mc_header: LOOP START token=58 line=6764 text='char'
[1;36mdebug: [0mc_header: w_name=xkb_components_names_from_rules
[1;36mdebug: [0mc_header: parsed function xkb_components_names_from_rules with 4 params (varargs=0) at line 6771
[1;36mdebug: [0mc_header: w_name=xkb_keysym_get_name
[1;36mdebug: [0mc_header: parsed function xkb_keysym_get_name with 3 params (varargs=0) at line 6774
[1;36mdebug: [0mc_header: LOOP START token=1
[1;36mdebug: [0mc_header: LOOP START token=1
[1;36mdebug: [0mc_header: w_name=xkb_keysym_from_name
[1;36mdebug: [0mc_header: parsed function xkb_keysym_from_name with 2 params (varargs=0) at line 6785
[1;36mdebug: [0mc_header: w_name=xkb_keysym_to_utf8
[1;36mdebug: [0mc_header: parsed function xkb_keysym_to_utf8 with 3 params (varargs=0) at line 6788
[1;36mdebug: [0mc_header: w_name=xkb_keysym_to_utf32
[1;36mdebug: [0mc_header: parsed function xkb_keysym_to_utf32 with 1 params (varargs=0) at line 6791
[1;36mdebug: [0mc_header: w_name=xkb_utf32_to_keysym
[1;36mdebug: [0mc_header: parsed function xkb_utf32_to_keysym with 1 params (varargs=0) at line 6794
[1;36mdebug: [0mc_header: w_name=xkb_keysym_to_upper
[1;36mdebug: [0mc_header: parsed function xkb_keysym_to_upper with 1 params (varargs=0) at line 6797
[1;36mdebug: [0mc_header: w_name=xkb_keysym_to_lower
[1;36mdebug: [0mc_header: parsed function xkb_keysym_to_lower with 1 params (varargs=0) at line 6800
[1;36mdebug: [0mc_header: LOOP START token=1
[1;36mdebug: [0mc_header: LOOP START token=1
[1;36mdebug: [0mc_header: LOOP START token=1
[1;36mdebug: [0mc_header: LOOP START token=1
[1;36mdebug: [0mc_header: w_name=xkb_context_new
[1;36mdebug: [0mc_header: parsed function xkb_context_new with 1 params (varargs=0) at line 6823
[1;36mdebug: [0mc_header: w_name=xkb_context_ref
[1;36mdebug: [0mc_header: parsed function xkb_context_ref with 1 params (varargs=0) at line 6826
[1;36mdebug: [0mc_header: w_name=xkb_context_unref
[1;36mdebug: [0mc_header: parsed function xkb_context_unref with 1 params (varargs=0) at line 6829
[1;36mdebug: [0mc_header: w_name=xkb_context_set_user_data
[1;36mdebug: [0mc_header: parsed function xkb_context_set_user_data with 2 params (varargs=0) at line 6832
[1;36mdebug: [0mc_header: w_name=xkb_context_get_user_data
[1;36mdebug: [0mc_header: parsed function xkb_context_get_user_data with 1 params (varargs=0) at line 6835
[1;36mdebug: [0mc_header: w_name=xkb_context_include_path_append
[1;36mdebug: [0mc_header: parsed function xkb_context_include_path_append with 2 params (varargs=0) at line 6838
[1;36mdebug: [0mc_header: w_name=xkb_context_include_path_append_default
[1;36mdebug: [0mc_header: parsed function xkb_context_include_path_append_default with 1 params (varargs=0) at line 6841
[1;36mdebug: [0mc_header: w_name=xkb_context_include_path_reset_defaults
[1;36mdebug: [0mc_header: parsed function xkb_context_include_path_reset_defaults with 1 params (varargs=0) at line 6844
[1;36mdebug: [0mc_header: w_name=xkb_context_include_path_clear
[1;36mdebug: [0mc_header: parsed function xkb_context_include_path_clear with 1 params (varargs=0) at line 6852
[1;36mdebug: [0mc_header: w_name=xkb_context_num_include_paths
[1;36mdebug: [0mc_header: parsed function xkb_context_num_include_paths with 1 params (varargs=0) at line 6860
[1;36mdebug: [0mc_header: w_name=xkb_context_include_path_get
[1;36mdebug: [0mc_header: parsed function xkb_context_include_path_get with 2 params (varargs=0) at line 6863
[1;36mdebug: [0mc_header: LOOP START token=1
[1;36mdebug: [0mc_header: LOOP START token=1
[1;36mdebug: [0mc_header: LOOP START token=1
[1;36mdebug: [0mc_header: LOOP START token=1
[1;36mdebug: [0mc_header: LOOP START token=1
[1;36mdebug: [0mc_header: w_name=xkb_context_set_log_level
[1;36mdebug: [0mc_header: parsed function xkb_context_set_log_level with 2 params (varargs=0) at line 6875
[1;36mdebug: [0mc_header: w_name=xkb_context_get_log_level
[1;36mdebug: [0mc_header: parsed function xkb_context_get_log_level with 1 params (varargs=0) at line 6883
[1;36mdebug: [0mc_header: w_name=xkb_context_set_log_verbosity
[1;36mdebug: [0mc_header: parsed function xkb_context_set_log_verbosity with 2 params (varargs=0) at line 6886
[1;36mdebug: [0mc_header: w_name=xkb_context_get_log_verbosity
[1;36mdebug: [0mc_header: parsed function xkb_context_get_log_verbosity with 1 params (varargs=0) at line 6894
[1;36mdebug: [0mc_header: w_name=xkb_context_set_log_fn
[1;36mdebug: [0mc_header: parsed function xkb_context_set_log_fn with 2 params (varargs=0) at line 6900
[1;36mdebug: [0mc_header: LOOP START token=1
[1;36mdebug: [0mc_header: LOOP START token=1
[1;36mdebug: [0mc_header: LOOP START token=1
[1;36mdebug: [0mc_header: w_name=xkb_keymap_new_from_rmlvo
[1;36mdebug: [0mc_header: parsed function xkb_keymap_new_from_rmlvo with 3 params (varargs=0) at line 6917
[1;36mdebug: [0mc_header: w_name=xkb_keymap_new_from_names
[1;36mdebug: [0mc_header: parsed function xkb_keymap_new_from_names with 3 params (varargs=0) at line 6922
[1;36mdebug: [0mc_header: w_name=xkb_keymap_new_from_names2
[1;36mdebug: [0mc_header: parsed function xkb_keymap_new_from_names2 with 4 params (varargs=0) at line 6928
[1;36mdebug: [0mc_header: w_name=xkb_keymap_new_from_file
[1;36mdebug: [0mc_header: parsed function xkb_keymap_new_from_file with 4 params (varargs=0) at line 6933
[1;36mdebug: [0mc_header: w_name=xkb_keymap_new_from_string
[1;36mdebug: [0mc_header: parsed function xkb_keymap_new_from_string with 4 params (varargs=0) at line 6938
[1;36mdebug: [0mc_header: w_name=xkb_keymap_new_from_buffer
[1;36mdebug: [0mc_header: parsed function xkb_keymap_new_from_buffer with 5 params (varargs=0) at line 6943
[1;36mdebug: [0mc_header: w_name=xkb_keymap_ref
[1;36mdebug: [0mc_header: parsed function xkb_keymap_ref with 1 params (varargs=0) at line 6946
[1;36mdebug: [0mc_header: w_name=xkb_keymap_unref
[1;36mdebug: [0mc_header: parsed function xkb_keymap_unref with 1 params (varargs=0) at line 6949
[1;36mdebug: [0mc_header: LOOP START token=1
[1;36mdebug: [0mc_header: LOOP START token=1
[1;36mdebug: [0mc_header: LOOP START token=1
[1;36mdebug: [0mc_header: w_name=xkb_keymap_get_as_string
[1;36mdebug: [0mc_header: parsed function xkb_keymap_get_as_string with 2 params (varargs=0) at line 6962
[1;36mdebug: [0mc_header: w_name=xkb_keymap_get_as_string2
[1;36mdebug: [0mc_header: parsed function xkb_keymap_get_as_string2 with 3 params (varargs=0) at line 6967
[1;36mdebug: [0mc_header: w_name=xkb_keymap_min_keycode
[1;36mdebug: [0mc_header: parsed function xkb_keymap_min_keycode with 1 params (varargs=0) at line 6970
[1;36mdebug: [0mc_header: w_name=xkb_keymap_max_keycode
[1;36mdebug: [0mc_header: parsed function xkb_keymap_max_keycode with 1 params (varargs=0) at line 6973
[1;36mdebug: [0mc_header: w_name=xkb_keymap_key_for_each
[1;36mdebug: [0mc_header: parsed function xkb_keymap_key_for_each with 3 params (varargs=0) at line 6981
[1;36mdebug: [0mc_header: w_name=xkb_keymap_key_get_name
[1;36mdebug: [0mc_header: parsed function xkb_keymap_key_get_name with 2 params (varargs=0) at line 6984
[1;36mdebug: [0mc_header: w_name=xkb_keymap_key_by_name
[1;36mdebug: [0mc_header: parsed function xkb_keymap_key_by_name with 2 params (varargs=0) at line 6987
[1;36mdebug: [0mc_header: w_name=xkb_keymap_num_mods
[1;36mdebug: [0mc_header: parsed function xkb_keymap_num_mods with 1 params (varargs=0) at line 6996
[1;36mdebug: [0mc_header: w_name=xkb_keymap_mod_get_name
[1;36mdebug: [0mc_header: parsed function xkb_keymap_mod_get_name with 2 params (varargs=0) at line 6999
[1;36mdebug: [0mc_header: w_name=xkb_keymap_mod_get_index
[1;36mdebug: [0mc_header: parsed function xkb_keymap_mod_get_index with 2 params (varargs=0) at line 7002
[1;36mdebug: [0mc_header: w_name=xkb_keymap_mod_get_mask
[1;36mdebug: [0mc_header: parsed function xkb_keymap_mod_get_mask with 2 params (varargs=0) at line 7005
[1;36mdebug: [0mc_header: w_name=xkb_keymap_mod_get_mask2
[1;36mdebug: [0mc_header: parsed function xkb_keymap_mod_get_mask2 with 2 params (varargs=0) at line 7008
[1;36mdebug: [0mc_header: w_name=xkb_keymap_num_layouts
[1;36mdebug: [0mc_header: parsed function xkb_keymap_num_layouts with 1 params (varargs=0) at line 7011
[1;36mdebug: [0mc_header: w_name=xkb_keymap_layout_get_name
[1;36mdebug: [0mc_header: parsed function xkb_keymap_layout_get_name with 2 params (varargs=0) at line 7014
[1;36mdebug: [0mc_header: w_name=xkb_keymap_layout_get_index
[1;36mdebug: [0mc_header: parsed function xkb_keymap_layout_get_index with 2 params (varargs=0) at line 7017
[1;36mdebug: [0mc_header: w_name=xkb_keymap_num_leds
[1;36mdebug: [0mc_header: parsed function xkb_keymap_num_leds with 1 params (varargs=0) at line 7020
[1;36mdebug: [0mc_header: w_name=xkb_keymap_led_get_name
[1;36mdebug: [0mc_header: parsed function xkb_keymap_led_get_name with 2 params (varargs=0) at line 7023
[1;36mdebug: [0mc_header: w_name=xkb_keymap_led_get_index
[1;36mdebug: [0mc_header: parsed function xkb_keymap_led_get_index with 2 params (varargs=0) at line 7026
[1;36mdebug: [0mc_header: w_name=xkb_keymap_num_layouts_for_key
[1;36mdebug: [0mc_header: parsed function xkb_keymap_num_layouts_for_key with 2 params (varargs=0) at line 7029
[1;36mdebug: [0mc_header: w_name=xkb_keymap_num_levels_for_key
[1;36mdebug: [0mc_header: parsed function xkb_keymap_num_levels_for_key with 3 params (varargs=0) at line 7033
[1;36mdebug: [0mc_header: w_name=xkb_keymap_key_get_mods_for_level
[1;36mdebug: [0mc_header: parsed function xkb_keymap_key_get_mods_for_level with 6 params (varargs=0) at line 7041
[1;36mdebug: [0mc_header: w_name=xkb_keymap_key_get_syms_by_level
[1;36mdebug: [0mc_header: parsed function xkb_keymap_key_get_syms_by_level with 5 params (varargs=0) at line 7048
[1;36mdebug: [0mc_header: w_name=xkb_keymap_key_repeats
[1;36mdebug: [0mc_header: parsed function xkb_keymap_key_repeats with 2 params (varargs=0) at line 7051
[1;36mdebug: [0mc_header: w_name=xkb_state_new
[1;36mdebug: [0mc_header: parsed function xkb_state_new with 1 params (varargs=0) at line 7054
[1;36mdebug: [0mc_header: w_name=xkb_state_ref
[1;36mdebug: [0mc_header: parsed function xkb_state_ref with 1 params (varargs=0) at line 7057
[1;36mdebug: [0mc_header: w_name=xkb_state_unref
[1;36mdebug: [0mc_header: parsed function xkb_state_unref with 1 params (varargs=0) at line 7060
[1;36mdebug: [0mc_header: w_name=xkb_state_get_keymap
[1;36mdebug: [0mc_header: parsed function xkb_state_get_keymap with 1 params (varargs=0) at line 7063
[1;36mdebug: [0mc_header: LOOP START token=1
[1;36mdebug: [0mc_header: LOOP START token=1
[1;36mdebug: [0mc_header: LOOP START token=1
[1;36mdebug: [0mc_header: LOOP START token=1
[1;36mdebug: [0mc_header: LOOP START token=1
[1;36mdebug: [0mc_header: LOOP START token=1
[1;36mdebug: [0mc_header: LOOP START token=1
[1;36mdebug: [0mc_header: LOOP START token=1
[1;36mdebug: [0mc_header: LOOP START token=1
[1;36mdebug: [0mc_header: LOOP START token=1
[1;36mdebug: [0mc_header: LOOP START token=1
[1;36mdebug: [0mc_header: w_name=xkb_state_update_key
[1;36mdebug: [0mc_header: parsed function xkb_state_update_key with 3 params (varargs=0) at line 7101
[1;36mdebug: [0mc_header: w_name=xkb_state_update_latched_locked
[1;36mdebug: [0mc_header: parsed function xkb_state_update_latched_locked with 9 params (varargs=0) at line 7112
[1;36mdebug: [0mc_header: w_name=xkb_state_update_mask
[1;36mdebug: [0mc_header: parsed function xkb_state_update_mask with 7 params (varargs=0) at line 7121
[1;36mdebug: [0mc_header: w_name=xkb_state_key_get_syms
[1;36mdebug: [0mc_header: parsed function xkb_state_key_get_syms with 3 params (varargs=0) at line 7125
[1;36mdebug: [0mc_header: w_name=xkb_state_key_get_utf8
[1;36mdebug: [0mc_header: parsed function xkb_state_key_get_utf8 with 4 params (varargs=0) at line 7129
[1;36mdebug: [0mc_header: w_name=xkb_state_key_get_utf32
[1;36mdebug: [0mc_header: parsed function xkb_state_key_get_utf32 with 2 params (varargs=0) at line 7132
[1;36mdebug: [0mc_header: w_name=xkb_state_key_get_one_sym
[1;36mdebug: [0mc_header: parsed function xkb_state_key_get_one_sym with 2 params (varargs=0) at line 7135
[1;36mdebug: [0mc_header: w_name=xkb_state_key_get_layout
[1;36mdebug: [0mc_header: parsed function xkb_state_key_get_layout with 2 params (varargs=0) at line 7138
[1;36mdebug: [0mc_header: w_name=xkb_state_key_get_level
[1;36mdebug: [0mc_header: parsed function xkb_state_key_get_level with 3 params (varargs=0) at line 7142
[1;36mdebug: [0mc_header: LOOP START token=1
[1;36mdebug: [0mc_header: LOOP START token=1
[1;36mdebug: [0mc_header: LOOP START token=1
[1;36mdebug: [0mc_header: w_name=xkb_state_serialize_mods
[1;36mdebug: [0mc_header: parsed function xkb_state_serialize_mods with 2 params (varargs=0) at line 7162
[1;36mdebug: [0mc_header: w_name=xkb_state_serialize_layout
[1;36mdebug: [0mc_header: parsed function xkb_state_serialize_layout with 2 params (varargs=0) at line 7166
[1;36mdebug: [0mc_header: w_name=xkb_state_mod_name_is_active
[1;36mdebug: [0mc_header: parsed function xkb_state_mod_name_is_active with 3 params (varargs=0) at line 7170
[1;36mdebug: [0mc_header: w_name=xkb_state_mod_names_are_active
[1;36mdebug: [0mc_header: parsed function xkb_state_mod_names_are_active with 3 params (varargs=1) at line 7176
[1;36mdebug: [0mc_header: w_name=xkb_state_mod_index_is_active
[1;36mdebug: [0mc_header: parsed function xkb_state_mod_index_is_active with 3 params (varargs=0) at line 7180
[1;36mdebug: [0mc_header: w_name=xkb_state_mod_indices_are_active
[1;36mdebug: [0mc_header: parsed function xkb_state_mod_indices_are_active with 3 params (varargs=1) at line 7186
[1;36mdebug: [0mc_header: LOOP START token=1
[1;36mdebug: [0mc_header: LOOP START token=1
[1;36mdebug: [0mc_header: w_name=xkb_state_key_get_consumed_mods2
[1;36mdebug: [0mc_header: parsed function xkb_state_key_get_consumed_mods2 with 3 params (varargs=0) at line 7197
[1;36mdebug: [0mc_header: w_name=xkb_state_key_get_consumed_mods
[1;36mdebug: [0mc_header: parsed function xkb_state_key_get_consumed_mods with 2 params (varargs=0) at line 7206
[1;36mdebug: [0mc_header: w_name=xkb_state_mod_index_is_consumed2
[1;36mdebug: [0mc_header: parsed function xkb_state_mod_index_is_consumed2 with 4 params (varargs=0) at line 7212
[1;36mdebug: [0mc_header: w_name=xkb_state_mod_index_is_consumed
[1;36mdebug: [0mc_header: parsed function xkb_state_mod_index_is_consumed with 3 params (varargs=0) at line 7216
[1;36mdebug: [0mc_header: w_name=xkb_state_mod_mask_remove_consumed
[1;36mdebug: [0mc_header: parsed function xkb_state_mod_mask_remove_consumed with 3 params (varargs=0) at line 7220
[1;36mdebug: [0mc_header: w_name=xkb_state_layout_name_is_active
[1;36mdebug: [0mc_header: parsed function xkb_state_layout_name_is_active with 3 params (varargs=0) at line 7224
[1;36mdebug: [0mc_header: w_name=xkb_state_layout_index_is_active
[1;36mdebug: [0mc_header: parsed function xkb_state_layout_index_is_active with 3 params (varargs=0) at line 7229
[1;36mdebug: [0mc_header: w_name=xkb_state_led_name_is_active
[1;36mdebug: [0mc_header: parsed function xkb_state_led_name_is_active with 2 params (varargs=0) at line 7232
[1;36mdebug: [0mc_header: w_name=xkb_state_led_index_is_active
[1;36mdebug: [0mc_header: parsed function xkb_state_led_index_is_active with 2 params (varargs=0) at line 7235
[1;36mdebug: [0mc_header: LOOP START token=1
[1;36mdebug: [0mc_header: LOOP START token=1
[1;36mdebug: [0mc_header: LOOP START token=1
[1;36mdebug: [0mc_header: LOOP START token=1
[1;36mdebug: [0mc_header: LOOP START token=1
[1;36mdebug: [0mc_header: LOOP START token=1
[1;36mdebug: [0mc_header: LOOP START token=1
[1;36mdebug: [0mc_header: LOOP START token=1
[1;36mdebug: [0mc_header: LOOP START token=1
[1;36mdebug: [0mc_header: LOOP START token=1
[1;36mdebug: [0mc_header: LOOP START token=1
[1;36mdebug: [0mc_header: LOOP START token=1 line=7272 text='xkb_mod_mask_t'
[1;36mdebug: [0mc_header: LOOP START token=1 line=7273 text='xkb_mod_mask_t'
[1;36mdebug: [0mc_header: LOOP START token=1 line=7274 text='xkb_mod_mask_t'
[1;36mdebug: [0mc_header: LOOP START token=1 line=7275 text='xkb_layout_index_t'
[1;36mdebug: [0mc_header: LOOP START token=81 line=7279 text='struct'
[1;36mdebug: [0mc_header: LOOP START token=59 line=7281 text='const'
[1;36mdebug: [0mc_header: LOOP START token=81 line=7282 text='struct'
[1;36mdebug: [0mc_header: LOOP START token=58 line=7284 text='char'
[1;36mdebug: [0mc_header: LOOP START token=1 line=7285 text='size_t'
[1;36mdebug: [0mc_header: LOOP START token=72 line=7286 text='int'
[1;36mdebug: [0mc_header: LOOP START token=81 line=7287 text='struct'
[1;36mdebug: [0mc_header: LOOP START token=81 line=7288 text='struct'
[1;36mdebug: [0mc_header: LOOP START token=1 line=7289 text='xkb_led_index_t'
[1;36mdebug: [0mc_header: LOOP START token=1 line=7290 text='xkb_mod_index_t'
[1;36mdebug: [0mc_header: LOOP START token=1 line=7292 text='uint32_t'
[1;36mdebug: [0mc_header: LOOP START token=1 line=7293 text='uint32_t'
[1;36mdebug: [0mc_header: LOOP START token=1 line=7294 text='size_t'
[1;36mdebug: [0mc_header: LOOP START token=81 line=7295 text='struct'
[1;36mdebug: [0mc_header: LOOP START token=81 line=7297 text='struct'
[1;36mdebug: [0mc_header: LOOP START token=1 line=7298 text='int32_t'
[1;36mdebug: [0mc_header: LOOP START token=1 line=7299 text='int32_t'
[1;36mdebug: [0mc_header: LOOP START token=81 line=7302 text='struct'
[1;36mdebug: [0mc_header: LOOP START token=81 line=7309 text='struct'
[1;36mdebug: [0mc_header: LOOP START token=81 line=7317 text='struct'
[1;36mdebug: [0mc_header: LOOP START token=81 line=7318 text='struct'
[1;36mdebug: [0mc_header: LOOP START token=81 line=7319 text='struct'
[1;36mdebug: [0mc_header: LOOP START token=86 line=7322 text='void'
[1;36mdebug: [0mc_header: LOOP START token=1 line=7326 text='uint32_t'
[1;36mdebug: [0mc_header: LOOP START token=1 line=7327 text='uint32_t'
[1;36mdebug: [0mc_header: LOOP START token=89 line=7328 text='bool'
[1;36mdebug: [0mc_header: LOOP START token=65 line=7329 text='enum'
[1;36mdebug: [0mc_header: w_name=wlr_keyboard_from_input_device
[1;36mdebug: [0mc_header: parsed function wlr_keyboard_from_input_device with 1 params (varargs=0) at line 7338
[1;36mdebug: [0mc_header: w_name=wlr_keyboard_set_keymap
[1;36mdebug: [0mc_header: parsed function wlr_keyboard_set_keymap with 2 params (varargs=0) at line 7341
[1;36mdebug: [0mc_header: w_name=wlr_keyboard_keymaps_match
[1;36mdebug: [0mc_header: parsed function wlr_keyboard_keymaps_match with 2 params (varargs=0) at line 7343
[1;36mdebug: [0mc_header: w_name=wlr_keyboard_set_repeat_info
[1;36mdebug: [0mc_header: parsed function wlr_keyboard_set_repeat_info with 3 params (varargs=0) at line 7351
[1;36mdebug: [0mc_header: w_name=wlr_keyboard_led_update
[1;36mdebug: [0mc_header: parsed function wlr_keyboard_led_update with 2 params (varargs=0) at line 7353
[1;36mdebug: [0mc_header: w_name=wlr_keyboard_get_modifiers
[1;36mdebug: [0mc_header: parsed function wlr_keyboard_get_modifiers with 1 params (varargs=0) at line 7360
[1;36mdebug: [0mc_header: LOOP START token=81 line=7370 text='struct'
[1;36mdebug: [0mc_header: LOOP START token=59 line=7372 text='const'
[1;36mdebug: [0mc_header: LOOP START token=58 line=7374 text='char'
[1;36mdebug: [0mc_header: LOOP START token=81 line=7376 text='struct'
[1;36mdebug: [0mc_header: LOOP START token=81 line=7377 text='struct'
[1;36mdebug: [0mc_header: LOOP START token=81 line=7378 text='struct'
[1;36mdebug: [0mc_header: LOOP START token=81 line=7379 text='struct'
[1;36mdebug: [0mc_header: LOOP START token=81 line=7380 text='struct'
[1;36mdebug: [0mc_header: LOOP START token=81 line=7381 text='struct'
[1;36mdebug: [0mc_header: LOOP START token=81 line=7383 text='struct'
[1;36mdebug: [0mc_header: LOOP START token=81 line=7384 text='struct'
[1;36mdebug: [0mc_header: LOOP START token=81 line=7385 text='struct'
[1;36mdebug: [0mc_header: LOOP START token=81 line=7387 text='struct'
[1;36mdebug: [0mc_header: LOOP START token=81 line=7388 text='struct'
[1;36mdebug: [0mc_header: LOOP START token=81 line=7389 text='struct'
[1;36mdebug: [0mc_header: LOOP START token=81 line=7391 text='struct'
[1;36mdebug: [0mc_header: LOOP START token=81 line=7392 text='struct'
[1;36mdebug: [0mc_header: LOOP START token=86 line=7395 text='void'
[1;36mdebug: [0mc_header: LOOP START token=81 line=7399 text='struct'
[1;36mdebug: [0mc_header: LOOP START token=1 line=7400 text='uint32_t'
[1;36mdebug: [0mc_header: LOOP START token=63 line=7401 text='double'
[1;36mdebug: [0mc_header: LOOP START token=63 line=7402 text='double'
[1;36mdebug: [0mc_header: LOOP START token=81 line=7406 text='struct'
[1;36mdebug: [0mc_header: LOOP START token=1 line=7407 text='uint32_t'
[1;36mdebug: [0mc_header: LOOP START token=63 line=7409 text='double'
[1;36mdebug: [0mc_header: LOOP START token=81 line=7413 text='struct'
[1;36mdebug: [0mc_header: LOOP START token=1 line=7414 text='uint32_t'
[1;36mdebug: [0mc_header: LOOP START token=1 line=7415 text='uint32_t'
[1;36mdebug: [0mc_header: LOOP START token=65 line=7416 text='enum'
[1;36mdebug: [0mc_header: LOOP START token=81 line=7422 text='struct'
[1;36mdebug: [0mc_header: LOOP START token=1 line=7423 text='uint32_t'
[1;36mdebug: [0mc_header: LOOP START token=65 line=7424 text='enum'
[1;36mdebug: [0mc_header: LOOP START token=65 line=7425 text='enum'
[1;36mdebug: [0mc_header: LOOP START token=65 line=7426 text='enum'
[1;36mdebug: [0mc_header: LOOP START token=63 line=7427 text='double'
[1;36mdebug: [0mc_header: LOOP START token=1 line=7428 text='int32_t'
[1;36mdebug: [0mc_header: LOOP START token=81 line=7432 text='struct'
[1;36mdebug: [0mc_header: LOOP START token=1 line=7433 text='uint32_t'
[1;36mdebug: [0mc_header: LOOP START token=1 line=7434 text='uint32_t'
[1;36mdebug: [0mc_header: LOOP START token=81 line=7438 text='struct'
[1;36mdebug: [0mc_header: LOOP START token=1 line=7439 text='uint32_t'
[1;36mdebug: [0mc_header: LOOP START token=1 line=7440 text='uint32_t'
[1;36mdebug: [0mc_header: LOOP START token=63 line=7443 text='double'
[1;36mdebug: [0mc_header: LOOP START token=81 line=7447 text='struct'
[1;36mdebug: [0mc_header: LOOP START token=1 line=7448 text='uint32_t'
[1;36mdebug: [0mc_header: LOOP START token=89 line=7449 text='bool'
[1;36mdebug: [0mc_header: LOOP START token=81 line=7453 text='struct'
[1;36mdebug: [0mc_header: LOOP START token=1 line=7454 text='uint32_t'
[1;36mdebug: [0mc_header: LOOP START token=1 line=7455 text='uint32_t'
[1;36mdebug: [0mc_header: LOOP START token=81 line=7459 text='struct'
[1;36mdebug: [0mc_header: LOOP START token=1 line=7460 text='uint32_t'
[1;36mdebug: [0mc_header: LOOP START token=1 line=7461 text='uint32_t'
[1;36mdebug: [0mc_header: LOOP START token=63 line=7464 text='double'
[1;36mdebug: [0mc_header: LOOP START token=63 line=7466 text='double'
[1;36mdebug: [0mc_header: LOOP START token=63 line=7468 text='double'
[1;36mdebug: [0mc_header: LOOP START token=81 line=7472 text='struct'
[1;36mdebug: [0mc_header: LOOP START token=1 line=7473 text='uint32_t'
[1;36mdebug: [0mc_header: LOOP START token=89 line=7474 text='bool'
[1;36mdebug: [0mc_header: LOOP START token=81 line=7478 text='struct'
[1;36mdebug: [0mc_header: LOOP START token=1 line=7479 text='uint32_t'
[1;36mdebug: [0mc_header: LOOP START token=1 line=7480 text='uint32_t'
[1;36mdebug: [0mc_header: LOOP START token=81 line=7484 text='struct'
[1;36mdebug: [0mc_header: LOOP START token=1 line=7485 text='uint32_t'
[1;36mdebug: [0mc_header: LOOP START token=89 line=7486 text='bool'
[1;36mdebug: [0mc_header: w_name=wlr_pointer_from_input_device
[1;36mdebug: [0mc_header: parsed function wlr_pointer_from_input_device with 1 params (varargs=0) at line 7495
[1;36mdebug: [0mc_header: LOOP START token=1 line=7503 text='uint32_t'
[1;36mdebug: [0mc_header: LOOP START token=1 line=7504 text='uint32_t'
[1;36mdebug: [0mc_header: LOOP START token=81 line=7507 text='struct'
[1;36mdebug: [0mc_header: LOOP START token=72 line=7508 text='int'
[1;36mdebug: [0mc_header: LOOP START token=72 line=7509 text='int'
[1;36mdebug: [0mc_header: LOOP START token=81 line=7518 text='struct'
[1;36mdebug: [0mc_header: LOOP START token=81 line=7519 text='struct'
[1;36mdebug: [0mc_header: LOOP START token=81 line=7520 text='struct'
[1;36mdebug: [0mc_header: LOOP START token=81 line=7523 text='struct'
[1;36mdebug: [0mc_header: LOOP START token=81 line=7524 text='struct'
[1;36mdebug: [0mc_header: LOOP START token=81 line=7525 text='struct'
[1;36mdebug: [0mc_header: LOOP START token=81 line=7526 text='struct'
[1;36mdebug: [0mc_header: LOOP START token=81 line=7527 text='struct'
[1;36mdebug: [0mc_header: LOOP START token=81 line=7529 text='struct'
[1;36mdebug: [0mc_header: LOOP START token=81 line=7530 text='struct'
[1;36mdebug: [0mc_header: LOOP START token=81 line=7535 text='struct'
[1;36mdebug: [0mc_header: LOOP START token=89 line=7536 text='bool'
[1;36mdebug: [0mc_header: LOOP START token=81 line=7538 text='struct'
[1;36mdebug: [0mc_header: LOOP START token=1 line=7539 text='int32_t'
[1;36mdebug: [0mc_header: LOOP START token=1 line=7540 text='int32_t'
[1;36mdebug: [0mc_header: LOOP START token=63 line=7541 text='double'
[1;36mdebug: [0mc_header: LOOP START token=1 line=7546 text='int32_t'
[1;36mdebug: [0mc_header: LOOP START token=81 line=7547 text='struct'
[1;36mdebug: [0mc_header: LOOP START token=81 line=7548 text='struct'
[1;36mdebug: [0mc_header: LOOP START token=81 line=7550 text='struct'
[1;36mdebug: [0mc_header: LOOP START token=81 line=7551 text='struct'
[1;36mdebug: [0mc_header: LOOP START token=63 line=7552 text='double'
[1;36mdebug: [0mc_header: LOOP START token=81 line=7554 text='struct'
[1;36mdebug: [0mc_header: LOOP START token=81 line=7555 text='struct'
[1;36mdebug: [0mc_header: LOOP START token=81 line=7556 text='struct'
[1;36mdebug: [0mc_header: LOOP START token=81 line=7558 text='struct'
[1;36mdebug: [0mc_header: LOOP START token=81 line=7559 text='struct'
[1;36mdebug: [0mc_header: LOOP START token=81 line=7562 text='struct'
[1;36mdebug: [0mc_header: LOOP START token=86 line=7568 text='void'
[1;36mdebug: [0mc_header: LOOP START token=86 line=7570 text='void'
[1;36mdebug: [0mc_header: LOOP START token=86 line=7571 text='void'
[1;36mdebug: [0mc_header: LOOP START token=1 line=7573 text='uint32_t'
[1;36mdebug: [0mc_header: LOOP START token=86 line=7575 text='void'
[1;36mdebug: [0mc_header: LOOP START token=86 line=7579 text='void'
[1;36mdebug: [0mc_header: LOOP START token=86 line=7580 text='void'
[1;36mdebug: [0mc_header: LOOP START token=86 line=7586 text='void'
[1;36mdebug: [0mc_header: LOOP START token=86 line=7589 text='void'
[1;36mdebug: [0mc_header: LOOP START token=86 line=7590 text='void'
[1;36mdebug: [0mc_header: LOOP START token=86 line=7592 text='void'
[1;36mdebug: [0mc_header: LOOP START token=86 line=7594 text='void'
[1;36mdebug: [0mc_header: LOOP START token=1 line=7600 text='uint32_t'
[1;36mdebug: [0mc_header: LOOP START token=1 line=7602 text='uint32_t'
[1;36mdebug: [0mc_header: LOOP START token=86 line=7604 text='void'
[1;36mdebug: [0mc_header: LOOP START token=86 line=7606 text='void'
[1;36mdebug: [0mc_header: LOOP START token=86 line=7608 text='void'
[1;36mdebug: [0mc_header: LOOP START token=86 line=7610 text='void'
[1;36mdebug: [0mc_header: LOOP START token=86 line=7612 text='void'
[1;36mdebug: [0mc_header: LOOP START token=59 line=7621 text='const'
[1;36mdebug: [0mc_header: LOOP START token=81 line=7622 text='struct'
[1;36mdebug: [0mc_header: LOOP START token=86 line=7623 text='void'
[1;36mdebug: [0mc_header: LOOP START token=59 line=7631 text='const'
[1;36mdebug: [0mc_header: LOOP START token=81 line=7632 text='struct'
[1;36mdebug: [0mc_header: LOOP START token=86 line=7633 text='void'
[1;36mdebug: [0mc_header: LOOP START token=59 line=7641 text='const'
[1;36mdebug: [0mc_header: LOOP START token=81 line=7642 text='struct'
[1;36mdebug: [0mc_header: LOOP START token=86 line=7643 text='void'
[1;36mdebug: [0mc_header: LOOP START token=81 line=7649 text='struct'
[1;36mdebug: [0mc_header: LOOP START token=81 line=7650 text='struct'
[1;36mdebug: [0mc_header: LOOP START token=81 line=7651 text='struct'
[1;36mdebug: [0mc_header: LOOP START token=63 line=7652 text='double'
[1;36mdebug: [0mc_header: LOOP START token=81 line=7654 text='struct'
[1;36mdebug: [0mc_header: LOOP START token=81 line=7655 text='struct'
[1;36mdebug: [0mc_header: LOOP START token=89 line=7657 text='bool'
[1;36mdebug: [0mc_header: LOOP START token=65 line=7658 text='enum'
[1;36mdebug: [0mc_header: LOOP START token=1 line=7660 text='uint32_t'
[1;36mdebug: [0mc_header: LOOP START token=1 line=7661 text='size_t'
[1;36mdebug: [0mc_header: LOOP START token=1 line=7662 text='uint32_t'
[1;36mdebug: [0mc_header: LOOP START token=1 line=7663 text='uint32_t'
[1;36mdebug: [0mc_header: LOOP START token=1 line=7664 text='uint32_t'
[1;36mdebug: [0mc_header: LOOP START token=81 line=7666 text='struct'
[1;36mdebug: [0mc_header: LOOP START token=81 line=7668 text='struct'
[1;36mdebug: [0mc_header: LOOP START token=81 line=7669 text='struct'
[1;36mdebug: [0mc_header: LOOP START token=81 line=7674 text='struct'
[1;36mdebug: [0mc_header: LOOP START token=81 line=7675 text='struct'
[1;36mdebug: [0mc_header: LOOP START token=81 line=7677 text='struct'
[1;36mdebug: [0mc_header: LOOP START token=81 line=7678 text='struct'
[1;36mdebug: [0mc_header: LOOP START token=81 line=7680 text='struct'
[1;36mdebug: [0mc_header: LOOP START token=81 line=7681 text='struct'
[1;36mdebug: [0mc_header: LOOP START token=81 line=7682 text='struct'
[1;36mdebug: [0mc_header: LOOP START token=81 line=7684 text='struct'
[1;36mdebug: [0mc_header: LOOP START token=81 line=7686 text='struct'
[1;36mdebug: [0mc_header: LOOP START token=81 line=7687 text='struct'
[1;36mdebug: [0mc_header: LOOP START token=81 line=7689 text='struct'
[1;36mdebug: [0mc_header: LOOP START token=81 line=7690 text='struct'
[1;36mdebug: [0mc_header: LOOP START token=81 line=7695 text='struct'
[1;36mdebug: [0mc_header: LOOP START token=81 line=7696 text='struct'
[1;36mdebug: [0mc_header: LOOP START token=1 line=7698 text='uint32_t'
[1;36mdebug: [0mc_header: LOOP START token=1 line=7699 text='uint32_t'
[1;36mdebug: [0mc_header: LOOP START token=81 line=7701 text='struct'
[1;36mdebug: [0mc_header: LOOP START token=81 line=7702 text='struct'
[1;36mdebug: [0mc_header: LOOP START token=81 line=7708 text='struct'
[1;36mdebug: [0mc_header: LOOP START token=81 line=7709 text='struct'
[1;36mdebug: [0mc_header: LOOP START token=81 line=7710 text='struct'
[1;36mdebug: [0mc_header: LOOP START token=58 line=7712 text='char'
[1;36mdebug: [0mc_header: LOOP START token=1 line=7713 text='uint32_t'
[1;36mdebug: [0mc_header: LOOP START token=1 line=7714 text='uint32_t'
[1;36mdebug: [0mc_header: LOOP START token=81 line=7715 text='struct'
[1;36mdebug: [0mc_header: LOOP START token=81 line=7717 text='struct'
[1;36mdebug: [0mc_header: LOOP START token=1 line=7718 text='uint32_t'
[1;36mdebug: [0mc_header: LOOP START token=81 line=7719 text='struct'
[1;36mdebug: [0mc_header: LOOP START token=81 line=7721 text='struct'
[1;36mdebug: [0mc_header: LOOP START token=1 line=7722 text='uint32_t'
[1;36mdebug: [0mc_header: LOOP START token=81 line=7725 text='struct'
[1;36mdebug: [0mc_header: LOOP START token=81 line=7726 text='struct'
[1;36mdebug: [0mc_header: LOOP START token=1 line=7727 text='uint32_t'
[1;36mdebug: [0mc_header: LOOP START token=81 line=7728 text='struct'
[1;36mdebug: [0mc_header: LOOP START token=81 line=7730 text='struct'
[1;36mdebug: [0mc_header: LOOP START token=81 line=7731 text='struct'
[1;36mdebug: [0mc_header: LOOP START token=81 line=7732 text='struct'
[1;36mdebug: [0mc_header: LOOP START token=81 line=7734 text='struct'
[1;36mdebug: [0mc_header: LOOP START token=81 line=7735 text='struct'
[1;36mdebug: [0mc_header: LOOP START token=81 line=7736 text='struct'
[1;36mdebug: [0mc_header: LOOP START token=81 line=7737 text='struct'
[1;36mdebug: [0mc_header: LOOP START token=81 line=7739 text='struct'
[1;36mdebug: [0mc_header: LOOP START token=81 line=7740 text='struct'
[1;36mdebug: [0mc_header: LOOP START token=81 line=7741 text='struct'
[1;36mdebug: [0mc_header: LOOP START token=81 line=7743 text='struct'
[1;36mdebug: [0mc_header: LOOP START token=81 line=7744 text='struct'
[1;36mdebug: [0mc_header: LOOP START token=81 line=7746 text='struct'
[1;36mdebug: [0mc_header: LOOP START token=81 line=7747 text='struct'
[1;36mdebug: [0mc_header: LOOP START token=81 line=7750 text='struct'
[1;36mdebug: [0mc_header: LOOP START token=81 line=7755 text='struct'
[1;36mdebug: [0mc_header: LOOP START token=81 line=7757 text='struct'
[1;36mdebug: [0mc_header: LOOP START token=81 line=7762 text='struct'
[1;36mdebug: [0mc_header: LOOP START token=81 line=7764 text='struct'
[1;36mdebug: [0mc_header: LOOP START token=81 line=7767 text='struct'
[1;36mdebug: [0mc_header: LOOP START token=81 line=7768 text='struct'
[1;36mdebug: [0mc_header: LOOP START token=81 line=7770 text='struct'
[1;36mdebug: [0mc_header: LOOP START token=86 line=7773 text='void'
[1;36mdebug: [0mc_header: LOOP START token=81 line=7777 text='struct'
[1;36mdebug: [0mc_header: LOOP START token=81 line=7778 text='struct'
[1;36mdebug: [0mc_header: LOOP START token=1 line=7779 text='uint32_t'
[1;36mdebug: [0mc_header: LOOP START token=1 line=7780 text='int32_t'
[1;36mdebug: [0mc_header: LOOP START token=81 line=7784 text='struct'
[1;36mdebug: [0mc_header: LOOP START token=1 line=7785 text='uint32_t'
[1;36mdebug: [0mc_header: LOOP START token=81 line=7789 text='struct'
[1;36mdebug: [0mc_header: LOOP START token=1 line=7790 text='uint32_t'
[1;36mdebug: [0mc_header: LOOP START token=81 line=7794 text='struct'
[1;36mdebug: [0mc_header: LOOP START token=81 line=7795 text='struct'
[1;36mdebug: [0mc_header: LOOP START token=1 line=7796 text='uint32_t'
[1;36mdebug: [0mc_header: LOOP START token=81 line=7800 text='struct'
[1;36mdebug: [0mc_header: LOOP START token=81 line=7801 text='struct'
[1;36mdebug: [0mc_header: LOOP START token=63 line=7802 text='double'
[1;36mdebug: [0mc_header: LOOP START token=81 line=7806 text='struct'
[1;36mdebug: [0mc_header: LOOP START token=81 line=7807 text='struct'
[1;36mdebug: [0mc_header: w_name=wlr_seat_create
[1;36mdebug: [0mc_header: parsed function wlr_seat_create with 2 params (varargs=0) at line 7813
[1;36mdebug: [0mc_header: w_name=wlr_seat_destroy
[1;36mdebug: [0mc_header: parsed function wlr_seat_destroy with 1 params (varargs=0) at line 7818
[1;36mdebug: [0mc_header: w_name=wlr_seat_client_for_wl_client
[1;36mdebug: [0mc_header: parsed function wlr_seat_client_for_wl_client with 2 params (varargs=0) at line 7824
[1;36mdebug: [0mc_header: w_name=wlr_seat_set_capabilities
[1;36mdebug: [0mc_header: parsed function wlr_seat_set_capabilities with 2 params (varargs=0) at line 7830
[1;36mdebug: [0mc_header: w_name=wlr_seat_set_name
[1;36mdebug: [0mc_header: parsed function wlr_seat_set_name with 2 params (varargs=0) at line 7835
[1;36mdebug: [0mc_header: w_name=wlr_seat_pointer_surface_has_focus
[1;36mdebug: [0mc_header: parsed function wlr_seat_pointer_surface_has_focus with 2 params (varargs=0) at line 7841
[1;36mdebug: [0mc_header: w_name=wlr_seat_pointer_enter
[1;36mdebug: [0mc_header: parsed function wlr_seat_pointer_enter with 4 params (varargs=0) at line 7844
[1;36mdebug: [0mc_header: w_name=wlr_seat_pointer_clear_focus
[1;36mdebug: [0mc_header: parsed function wlr_seat_pointer_clear_focus with 1 params (varargs=0) at line 7851
[1;36mdebug: [0mc_header: w_name=wlr_seat_pointer_send_motion
[1;36mdebug: [0mc_header: parsed function wlr_seat_pointer_send_motion with 4 params (varargs=0) at line 7859
[1;36mdebug: [0mc_header: w_name=wlr_seat_pointer_send_button
[1;36mdebug: [0mc_header: parsed function wlr_seat_pointer_send_button with 4 params (varargs=0) at line 7868
[1;36mdebug: [0mc_header: w_name=wlr_seat_pointer_send_axis
[1;36mdebug: [0mc_header: parsed function wlr_seat_pointer_send_axis with 7 params (varargs=0) at line 7878
[1;36mdebug: [0mc_header: w_name=wlr_seat_pointer_send_frame
[1;36mdebug: [0mc_header: parsed function wlr_seat_pointer_send_frame with 1 params (varargs=0) at line 7885
[1;36mdebug: [0mc_header: w_name=wlr_seat_pointer_notify_enter
[1;36mdebug: [0mc_header: parsed function wlr_seat_pointer_notify_enter with 4 params (varargs=0) at line 7894
[1;36mdebug: [0mc_header: w_name=wlr_seat_pointer_notify_clear_focus
[1;36mdebug: [0mc_header: parsed function wlr_seat_pointer_notify_clear_focus with 1 params (varargs=0) at line 7900
[1;36mdebug: [0mc_header: w_name=wlr_seat_pointer_warp
[1;36mdebug: [0mc_header: parsed function wlr_seat_pointer_warp with 3 params (varargs=0) at line 7906
[1;36mdebug: [0mc_header: w_name=wlr_seat_pointer_notify_motion
[1;36mdebug: [0mc_header: parsed function wlr_seat_pointer_notify_motion with 4 params (varargs=0) at line 7914
[1;36mdebug: [0mc_header: w_name=wlr_seat_pointer_notify_button
[1;36mdebug: [0mc_header: parsed function wlr_seat_pointer_notify_button with 4 params (varargs=0) at line 7922
[1;36mdebug: [0mc_header: w_name=wlr_seat_pointer_notify_axis
[1;36mdebug: [0mc_header: parsed function wlr_seat_pointer_notify_axis with 7 params (varargs=0) at line 7930
[1;36mdebug: [0mc_header: w_name=wlr_seat_pointer_notify_frame
[1;36mdebug: [0mc_header: parsed function wlr_seat_pointer_notify_frame with 1 params (varargs=0) at line 7937
[1;36mdebug: [0mc_header: w_name=wlr_seat_pointer_start_grab
[1;36mdebug: [0mc_header: parsed function wlr_seat_pointer_start_grab with 2 params (varargs=0) at line 7944
[1;36mdebug: [0mc_header: w_name=wlr_seat_pointer_end_grab
[1;36mdebug: [0mc_header: parsed function wlr_seat_pointer_end_grab with 1 params (varargs=0) at line 7950
[1;36mdebug: [0mc_header: w_name=wlr_seat_pointer_has_grab
[1;36mdebug: [0mc_header: parsed function wlr_seat_pointer_has_grab with 1 params (varargs=0) at line 7955
[1;36mdebug: [0mc_header: w_name=wlr_seat_set_keyboard
[1;36mdebug: [0mc_header: parsed function wlr_seat_set_keyboard with 2 params (varargs=0) at line 7960
[1;36mdebug: [0mc_header: w_name=wlr_seat_get_keyboard
[1;36mdebug: [0mc_header: parsed function wlr_seat_get_keyboard with 1 params (varargs=0) at line 7965
[1;36mdebug: [0mc_header: w_name=wlr_seat_keyboard_send_key
[1;36mdebug: [0mc_header: parsed function wlr_seat_keyboard_send_key with 4 params (varargs=0) at line 7973
[1;36mdebug: [0mc_header: w_name=wlr_seat_keyboard_send_modifiers
[1;36mdebug: [0mc_header: parsed function wlr_seat_keyboard_send_modifiers with 2 params (varargs=0) at line 7981
[1;36mdebug: [0mc_header: w_name=wlr_seat_keyboard_enter
[1;36mdebug: [0mc_header: parsed function wlr_seat_keyboard_enter with 5 params (varargs=0) at line 7991
[1;36mdebug: [0mc_header: w_name=wlr_seat_keyboard_clear_focus
[1;36mdebug: [0mc_header: parsed function wlr_seat_keyboard_clear_focus with 1 params (varargs=0) at line 7998
[1;36mdebug: [0mc_header: w_name=wlr_seat_keyboard_notify_key
[1;36mdebug: [0mc_header: parsed function wlr_seat_keyboard_notify_key with 4 params (varargs=0) at line 8005
[1;36mdebug: [0mc_header: w_name=wlr_seat_keyboard_notify_modifiers
[1;36mdebug: [0mc_header: parsed function wlr_seat_keyboard_notify_modifiers with 2 params (varargs=0) at line 8012
[1;36mdebug: [0mc_header: w_name=wlr_seat_keyboard_notify_enter
[1;36mdebug: [0mc_header: parsed function wlr_seat_keyboard_notify_enter with 5 params (varargs=0) at line 8021
[1;36mdebug: [0mc_header: w_name=wlr_seat_keyboard_notify_clear_focus
[1;36mdebug: [0mc_header: parsed function wlr_seat_keyboard_notify_clear_focus with 1 params (varargs=0) at line 8027
[1;36mdebug: [0mc_header: w_name=wlr_seat_keyboard_start_grab
[1;36mdebug: [0mc_header: parsed function wlr_seat_keyboard_start_grab with 2 params (varargs=0) at line 8034
[1;36mdebug: [0mc_header: w_name=wlr_seat_keyboard_end_grab
[1;36mdebug: [0mc_header: parsed function wlr_seat_keyboard_end_grab with 1 params (varargs=0) at line 8040
[1;36mdebug: [0mc_header: w_name=wlr_seat_keyboard_has_grab
[1;36mdebug: [0mc_header: parsed function wlr_seat_keyboard_has_grab with 1 params (varargs=0) at line 8045
[1;36mdebug: [0mc_header: w_name=wlr_seat_touch_get_point
[1;36mdebug: [0mc_header: parsed function wlr_seat_touch_get_point with 2 params (varargs=0) at line 8052
[1;36mdebug: [0mc_header: w_name=wlr_seat_touch_point_focus
[1;36mdebug: [0mc_header: parsed function wlr_seat_touch_point_focus with 6 params (varargs=0) at line 8061
[1;36mdebug: [0mc_header: w_name=wlr_seat_touch_point_clear_focus
[1;36mdebug: [0mc_header: parsed function wlr_seat_touch_point_clear_focus with 3 params (varargs=0) at line 8067
[1;36mdebug: [0mc_header: w_name=wlr_seat_touch_send_down
[1;36mdebug: [0mc_header: parsed function wlr_seat_touch_send_down with 6 params (varargs=0) at line 8071
[1;36mdebug: [0mc_header: w_name=wlr_seat_touch_send_up
[1;36mdebug: [0mc_header: parsed function wlr_seat_touch_send_up with 3 params (varargs=0) at line 8080
[1;36mdebug: [0mc_header: w_name=wlr_seat_touch_send_motion
[1;36mdebug: [0mc_header: parsed function wlr_seat_touch_send_motion with 5 params (varargs=0) at line 8089
[1;36mdebug: [0mc_header: w_name=wlr_seat_touch_send_cancel
[1;36mdebug: [0mc_header: parsed function wlr_seat_touch_send_cancel with 2 params (varargs=0) at line 8098
[1;36mdebug: [0mc_header: w_name=wlr_seat_touch_send_frame
[1;36mdebug: [0mc_header: parsed function wlr_seat_touch_send_frame with 1 params (varargs=0) at line 8100
[1;36mdebug: [0mc_header: w_name=wlr_seat_touch_notify_down
[1;36mdebug: [0mc_header: parsed function wlr_seat_touch_notify_down with 6 params (varargs=0) at line 8108
[1;36mdebug: [0mc_header: w_name=wlr_seat_touch_notify_up
[1;36mdebug: [0mc_header: parsed function wlr_seat_touch_notify_up with 3 params (varargs=0) at line 8115
[1;36mdebug: [0mc_header: w_name=wlr_seat_touch_notify_motion
[1;36mdebug: [0mc_header: parsed function wlr_seat_touch_notify_motion with 5 params (varargs=0) at line 8124
[1;36mdebug: [0mc_header: w_name=wlr_seat_touch_notify_cancel
[1;36mdebug: [0mc_header: parsed function wlr_seat_touch_notify_cancel with 2 params (varargs=0) at line 8131
[1;36mdebug: [0mc_header: w_name=wlr_seat_touch_notify_frame
[1;36mdebug: [0mc_header: parsed function wlr_seat_touch_notify_frame with 1 params (varargs=0) at line 8133
[1;36mdebug: [0mc_header: w_name=wlr_seat_touch_num_points
[1;36mdebug: [0mc_header: parsed function wlr_seat_touch_num_points with 1 params (varargs=0) at line 8138
[1;36mdebug: [0mc_header: w_name=wlr_seat_touch_start_grab
[1;36mdebug: [0mc_header: parsed function wlr_seat_touch_start_grab with 2 params (varargs=0) at line 8145
[1;36mdebug: [0mc_header: w_name=wlr_seat_touch_end_grab
[1;36mdebug: [0mc_header: parsed function wlr_seat_touch_end_grab with 1 params (varargs=0) at line 8151
[1;36mdebug: [0mc_header: w_name=wlr_seat_touch_has_grab
[1;36mdebug: [0mc_header: parsed function wlr_seat_touch_has_grab with 1 params (varargs=0) at line 8156
[1;36mdebug: [0mc_header: w_name=wlr_seat_validate_pointer_grab_serial
[1;36mdebug: [0mc_header: parsed function wlr_seat_validate_pointer_grab_serial with 3 params (varargs=0) at line 8162
[1;36mdebug: [0mc_header: w_name=wlr_seat_validate_touch_grab_serial
[1;36mdebug: [0mc_header: parsed function wlr_seat_validate_touch_grab_serial with 4 params (varargs=0) at line 8171
[1;36mdebug: [0mc_header: w_name=wlr_seat_client_next_serial
[1;36mdebug: [0mc_header: parsed function wlr_seat_client_next_serial with 1 params (varargs=0) at line 8179
[1;36mdebug: [0mc_header: w_name=wlr_seat_client_validate_event_serial
[1;36mdebug: [0mc_header: parsed function wlr_seat_client_validate_event_serial with 2 params (varargs=0) at line 8182
[1;36mdebug: [0mc_header: w_name=wlr_seat_client_from_resource
[1;36mdebug: [0mc_header: parsed function wlr_seat_client_from_resource with 1 params (varargs=0) at line 8188
[1;36mdebug: [0mc_header: w_name=wlr_seat_client_from_pointer_resource
[1;36mdebug: [0mc_header: parsed function wlr_seat_client_from_pointer_resource with 1 params (varargs=0) at line 8194
[1;36mdebug: [0mc_header: w_name=wlr_surface_accepts_touch
[1;36mdebug: [0mc_header: parsed function wlr_surface_accepts_touch with 2 params (varargs=0) at line 8199
[1;36mdebug: [0mc_header: LOOP START token=81 line=8203 text='struct'
[1;36mdebug: [0mc_header: LOOP START token=81 line=8204 text='struct'
[1;36mdebug: [0mc_header: LOOP START token=81 line=8206 text='struct'
[1;36mdebug: [0mc_header: LOOP START token=81 line=8208 text='struct'
[1;36mdebug: [0mc_header: LOOP START token=81 line=8209 text='struct'
[1;36mdebug: [0mc_header: LOOP START token=86 line=8212 text='void'
[1;36mdebug: [0mc_header: LOOP START token=1
[1;36mdebug: [0mc_header: LOOP START token=1
[1;36mdebug: [0mc_header: LOOP START token=81 line=8221 text='struct'
[1;36mdebug: [0mc_header: LOOP START token=81 line=8222 text='struct'
[1;36mdebug: [0mc_header: LOOP START token=65 line=8223 text='enum'
[1;36mdebug: [0mc_header: LOOP START token=81 line=8224 text='struct'
[1;36mdebug: [0mc_header: LOOP START token=1 line=8226 text='uint32_t'
[1;36mdebug: [0mc_header: LOOP START token=65 line=8227 text='enum'
[1;36mdebug: [0mc_header: LOOP START token=89 line=8228 text='bool'
[1;36mdebug: [0mc_header: LOOP START token=81 line=8230 text='struct'
[1;36mdebug: [0mc_header: LOOP START token=86 line=8238 text='void'
[1;36mdebug: [0mc_header: LOOP START token=86 line=8240 text='void'
[1;36mdebug: [0mc_header: LOOP START token=86 line=8242 text='void'
[1;36mdebug: [0mc_header: LOOP START token=86 line=8244 text='void'
[1;36mdebug: [0mc_header: LOOP START token=86 line=8245 text='void'
[1;36mdebug: [0mc_header: LOOP START token=86 line=8246 text='void'
[1;36mdebug: [0mc_header: LOOP START token=59 line=8251 text='const'
[1;36mdebug: [0mc_header: LOOP START token=81 line=8254 text='struct'
[1;36mdebug: [0mc_header: LOOP START token=1 line=8255 text='int32_t'
[1;36mdebug: [0mc_header: LOOP START token=89 line=8258 text='bool'
[1;36mdebug: [0mc_header: LOOP START token=65 line=8261 text='enum'
[1;36mdebug: [0mc_header: LOOP START token=1 line=8262 text='uint32_t'
[1;36mdebug: [0mc_header: LOOP START token=81 line=8264 text='struct'
[1;36mdebug: [0mc_header: LOOP START token=81 line=8265 text='struct'
[1;36mdebug: [0mc_header: LOOP START token=81 line=8272 text='struct'
[1;36mdebug: [0mc_header: LOOP START token=81 line=8273 text='struct'
[1;36mdebug: [0mc_header: LOOP START token=81 line=8275 text='struct'
[1;36mdebug: [0mc_header: LOOP START token=81 line=8276 text='struct'
[1;36mdebug: [0mc_header: LOOP START token=81 line=8279 text='struct'
[1;36mdebug: [0mc_header: LOOP START token=86 line=8281 text='void'
[1;36mdebug: [0mc_header: LOOP START token=1
[1;36mdebug: [0mc_header: LOOP START token=1
[1;36mdebug: [0mc_header: LOOP START token=1
[1;36mdebug: [0mc_header: LOOP START token=65 line=8291 text='enum'
[1;36mdebug: [0mc_header: LOOP START token=81 line=8292 text='struct'
[1;36mdebug: [0mc_header: LOOP START token=81 line=8293 text='struct'
[1;36mdebug: [0mc_header: LOOP START token=81 line=8294 text='struct'
[1;36mdebug: [0mc_header: LOOP START token=81 line=8296 text='struct'
[1;36mdebug: [0mc_header: LOOP START token=81 line=8297 text='struct'
[1;36mdebug: [0mc_header: LOOP START token=81 line=8298 text='struct'
[1;36mdebug: [0mc_header: LOOP START token=81 line=8300 text='struct'
[1;36mdebug: [0mc_header: LOOP START token=81 line=8301 text='struct'
[1;36mdebug: [0mc_header: LOOP START token=81 line=8302 text='struct'
[1;36mdebug: [0mc_header: LOOP START token=89 line=8304 text='bool'
[1;36mdebug: [0mc_header: LOOP START token=1 line=8305 text='int32_t'
[1;36mdebug: [0mc_header: LOOP START token=81 line=8307 text='struct'
[1;36mdebug: [0mc_header: LOOP START token=81 line=8308 text='struct'
[1;36mdebug: [0mc_header: LOOP START token=81 line=8309 text='struct'
[1;36mdebug: [0mc_header: LOOP START token=81 line=8310 text='struct'
[1;36mdebug: [0mc_header: LOOP START token=81 line=8311 text='struct'
[1;36mdebug: [0mc_header: LOOP START token=81 line=8314 text='struct'
[1;36mdebug: [0mc_header: LOOP START token=81 line=8315 text='struct'
[1;36mdebug: [0mc_header: LOOP START token=81 line=8316 text='struct'
[1;36mdebug: [0mc_header: LOOP START token=81 line=8317 text='struct'
[1;36mdebug: [0mc_header: LOOP START token=86 line=8319 text='void'
[1;36mdebug: [0mc_header: LOOP START token=81 line=8323 text='struct'
[1;36mdebug: [0mc_header: LOOP START token=1 line=8324 text='uint32_t'
[1;36mdebug: [0mc_header: LOOP START token=63 line=8325 text='double'
[1;36mdebug: [0mc_header: LOOP START token=81 line=8329 text='struct'
[1;36mdebug: [0mc_header: LOOP START token=1 line=8330 text='uint32_t'
[1;36mdebug: [0mc_header: w_name=wlr_data_device_manager_create
[1;36mdebug: [0mc_header: parsed function wlr_data_device_manager_create with 1 params (varargs=0) at line 8337
[1;36mdebug: [0mc_header: w_name=wlr_seat_request_set_selection
[1;36mdebug: [0mc_header: parsed function wlr_seat_request_set_selection with 4 params (varargs=0) at line 8347
[1;36mdebug: [0mc_header: w_name=wlr_seat_set_selection
[1;36mdebug: [0mc_header: parsed function wlr_seat_set_selection with 3 params (varargs=0) at line 8356
[1;36mdebug: [0mc_header: w_name=wlr_drag_create
[1;36mdebug: [0mc_header: parsed function wlr_drag_create with 3 params (varargs=0) at line 8363
[1;36mdebug: [0mc_header: w_name=wlr_seat_request_start_drag
[1;36mdebug: [0mc_header: parsed function wlr_seat_request_start_drag with 4 params (varargs=0) at line 8369
[1;36mdebug: [0mc_header: w_name=wlr_seat_start_drag
[1;36mdebug: [0mc_header: parsed function wlr_seat_start_drag with 3 params (varargs=0) at line 8376
[1;36mdebug: [0mc_header: w_name=wlr_seat_start_pointer_drag
[1;36mdebug: [0mc_header: parsed function wlr_seat_start_pointer_drag with 3 params (varargs=0) at line 8383
[1;36mdebug: [0mc_header: w_name=wlr_seat_start_touch_drag
[1;36mdebug: [0mc_header: parsed function wlr_seat_start_touch_drag with 4 params (varargs=0) at line 8390
[1;36mdebug: [0mc_header: w_name=wlr_data_source_init
[1;36mdebug: [0mc_header: parsed function wlr_data_source_init with 2 params (varargs=0) at line 8396
[1;36mdebug: [0mc_header: w_name=wlr_data_source_send
[1;36mdebug: [0mc_header: parsed function wlr_data_source_send with 3 params (varargs=0) at line 8403
[1;36mdebug: [0mc_header: w_name=wlr_data_source_accept
[1;36mdebug: [0mc_header: parsed function wlr_data_source_accept with 3 params (varargs=0) at line 8410
[1;36mdebug: [0mc_header: w_name=wlr_data_source_destroy
[1;36mdebug: [0mc_header: parsed function wlr_data_source_destroy with 1 params (varargs=0) at line 8416
[1;36mdebug: [0mc_header: w_name=wlr_data_source_dnd_drop
[1;36mdebug: [0mc_header: parsed function wlr_data_source_dnd_drop with 1 params (varargs=0) at line 8418
[1;36mdebug: [0mc_header: w_name=wlr_data_source_dnd_finish
[1;36mdebug: [0mc_header: parsed function wlr_data_source_dnd_finish with 1 params (varargs=0) at line 8424
[1;36mdebug: [0mc_header: w_name=wlr_data_source_dnd_action
[1;36mdebug: [0mc_header: parsed function wlr_data_source_dnd_action with 2 params (varargs=0) at line 8427
[1;36mdebug: [0mc_header: LOOP START token=72
[1;36mdebug: [0mc_header: w_name=__bswap_16
[1;36mdebug: [0mc_header: parsed function __bswap_16 with 1 params (varargs=0) at line 328
[1;36mdebug: [0mc_header: w_name=__bswap_32
[1;36mdebug: [0mc_header: parsed function __bswap_32 with 1 params (varargs=0) at line 343
[1;36mdebug: [0mc_header: w_name=__bswap_64
[1;36mdebug: [0mc_header: parsed function __bswap_64 with 1 params (varargs=0) at line 353
[1;36mdebug: [0mc_header: w_name=__uint16_identity
[1;36mdebug: [0mc_header: parsed function __uint16_identity with 1 params (varargs=0) at line 365
[1;36mdebug: [0mc_header: w_name=__uint32_identity
[1;36mdebug: [0mc_header: parsed function __uint32_identity with 1 params (varargs=0) at line 371
[1;36mdebug: [0mc_header: w_name=__uint64_identity
[1;36mdebug: [0mc_header: parsed function __uint64_identity with 1 params (varargs=0) at line 377
[1;36mdebug: [0mc_header: LOOP START token=85
[1;36mdebug: [0mc_header: LOOP START token=1 line=425 text='__time_t'
[1;36mdebug: [0mc_header: LOOP START token=1 line=426 text='__suseconds_t'
[1;36mdebug: [0mc_header: LOOP START token=1 line=438 text='__time_t'
[1;36mdebug: [0mc_header: LOOP START token=1 line=443 text='__syscall_slong_t'
[1;36mdebug: [0mc_header: LOOP START token=1
[1;36mdebug: [0mc_header: w_name=select
[1;36mdebug: [0mc_header: parsed function select with 5 params (varargs=0) at line 483
[1;36mdebug: [0mc_header: w_name=pselect
[1;36mdebug: [0mc_header: parsed function pselect with 6 params (varargs=0) at line 489
[1;36mdebug: [0mc_header: LOOP START token=97
[1;36mdebug: [0mc_header: LOOP START token=81
[1;36mdebug: [0mc_header: LOOP START token=85
[1;36mdebug: [0mc_header: LOOP START token=85
[1;36mdebug: [0mc_header: LOOP START token=81
[1;36mdebug: [0mc_header: LOOP START token=81
[1;36mdebug: [0mc_header: LOOP START token=81
[1;36mdebug: [0mc_header: LOOP START token=72 line=556 text='int'
[1;36mdebug: [0mc_header: LOOP START token=85 line=557 text='unsigned'
[1;36mdebug: [0mc_header: LOOP START token=72 line=558 text='int'
[1;36mdebug: [0mc_header: LOOP START token=85 line=560 text='unsigned'
[1;36mdebug: [0mc_header: LOOP START token=72 line=564 text='int'
[1;36mdebug: [0mc_header: LOOP START token=77 line=566 text='short'
[1;36mdebug: [0mc_header: LOOP START token=77 line=567 text='short'
[1;36mdebug: [0mc_header: LOOP START token=1 line=568 text='__pthread_list_t'
[1;36mdebug: [0mc_header: LOOP START token=85 line=577 text='unsigned'
[1;36mdebug: [0mc_header: LOOP START token=85 line=578 text='unsigned'
[1;36mdebug: [0mc_header: LOOP START token=85 line=579 text='unsigned'
[1;36mdebug: [0mc_header: LOOP START token=85 line=580 text='unsigned'
[1;36mdebug: [0mc_header: LOOP START token=85 line=581 text='unsigned'
[1;36mdebug: [0mc_header: LOOP START token=85 line=582 text='unsigned'
[1;36mdebug: [0mc_header: LOOP START token=72 line=584 text='int'
[1;36mdebug: [0mc_header: LOOP START token=72 line=585 text='int'
[1;36mdebug: [0mc_header: LOOP START token=85 line=586 text='unsigned'
[1;36mdebug: [0mc_header: LOOP START token=85 line=587 text='unsigned'
[1;36mdebug: [0mc_header: LOOP START token=85 line=590 text='unsigned'
[1;36mdebug: [0mc_header: LOOP START token=1 line=600 text='__atomic_wide_counter'
[1;36mdebug: [0mc_header: LOOP START token=1 line=601 text='__atomic_wide_counter'
[1;36mdebug: [0mc_header: LOOP START token=85 line=602 text='unsigned'
[1;36mdebug: [0mc_header: LOOP START token=85 line=603 text='unsigned'
[1;36mdebug: [0mc_header: LOOP START token=85 line=604 text='unsigned'
[1;36mdebug: [0mc_header: LOOP START token=85 line=605 text='unsigned'
[1;36mdebug: [0mc_header: LOOP START token=85 line=606 text='unsigned'
[1;36mdebug: [0mc_header: LOOP START token=85 line=607 text='unsigned'
[1;36mdebug: [0mc_header: LOOP START token=72
[1;36mdebug: [0mc_header: LOOP START token=58
[1;36mdebug: [0mc_header: LOOP START token=72
[1;36mdebug: [0mc_header: LOOP START token=58
[1;36mdebug: [0mc_header: LOOP START token=72
[1;36mdebug: [0mc_header: LOOP START token=58 line=652 text='char'
[1;36mdebug: [0mc_header: LOOP START token=73 line=653 text='long'
[1;36mdebug: [0mc_header: LOOP START token=81
[1;36mdebug: [0mc_header: LOOP START token=58
[1;36mdebug: [0mc_header: LOOP START token=73
[1;36mdebug: [0mc_header: LOOP START token=81
[1;36mdebug: [0mc_header: LOOP START token=58
[1;36mdebug: [0mc_header: LOOP START token=97
[1;36mdebug: [0mc_header: LOOP START token=81
[1;36mdebug: [0mc_header: LOOP START token=58
[1;36mdebug: [0mc_header: LOOP START token=73
[1;36mdebug: [0mc_header: LOOP START token=58
[1;36mdebug: [0mc_header: LOOP START token=73
[1;36mdebug: [0mc_header: LOOP START token=58
[1;36mdebug: [0mc_header: LOOP START token=73
[1;36mdebug: [0mc_header: LOOP START token=58
[1;36mdebug: [0mc_header: LOOP START token=72
[1;36mdebug: [0mc_header: LOOP START token=1
[1;36mdebug: [0mc_header: LOOP START token=1
[1;36mdebug: [0mc_header: LOOP START token=1
[1;36mdebug: [0mc_header: LOOP START token=1
[1;36mdebug: [0mc_header: LOOP START token=1
[1;36mdebug: [0mc_header: w_name=__fpclassify
[1;36mdebug: [0mc_header: parsed function __fpclassify with 1 params (varargs=0) at line 860
[1;36mdebug: [0mc_header: w_name=__signbit
[1;36mdebug: [0mc_header: parsed function __signbit with 1 params (varargs=0) at line 864
[1;36mdebug: [0mc_header: w_name=__isinf
[1;36mdebug: [0mc_header: parsed function __isinf with 1 params (varargs=0) at line 869
[1;36mdebug: [0mc_header: w_name=__finite
[1;36mdebug: [0mc_header: parsed function __finite with 1 params (varargs=0) at line 873
[1;36mdebug: [0mc_header: w_name=__isnan
[1;36mdebug: [0mc_header: parsed function __isnan with 1 params (varargs=0) at line 877
[1;36mdebug: [0mc_header: w_name=__iseqsig
[1;36mdebug: [0mc_header: parsed function __iseqsig with 2 params (varargs=0) at line 881
[1;36mdebug: [0mc_header: w_name=__issignaling
[1;36mdebug: [0mc_header: parsed function __issignaling with 1 params (varargs=0) at line 884
[1;36mdebug: [0mc_header: w_name=acos
[1;36mdebug: [0mc_header: parsed function acos with 1 params (varargs=0) at line 889
[1;36mdebug: [0mc_header: w_name=__acos
[1;36mdebug: [0mc_header: parsed function __acos with 1 params (varargs=0) at line 889
[1;36mdebug: [0mc_header: w_name=asin
[1;36mdebug: [0mc_header: parsed function asin with 1 params (varargs=0) at line 891
[1;36mdebug: [0mc_header: w_name=__asin
[1;36mdebug: [0mc_header: parsed function __asin with 1 params (varargs=0) at line 891
[1;36mdebug: [0mc_header: w_name=atan
[1;36mdebug: [0mc_header: parsed function atan with 1 params (varargs=0) at line 893
[1;36mdebug: [0mc_header: w_name=__atan
[1;36mdebug: [0mc_header: parsed function __atan with 1 params (varargs=0) at line 893
[1;36mdebug: [0mc_header: w_name=atan2
[1;36mdebug: [0mc_header: parsed function atan2 with 2 params (varargs=0) at line 895
[1;36mdebug: [0mc_header: w_name=__atan2
[1;36mdebug: [0mc_header: parsed function __atan2 with 2 params (varargs=0) at line 895
[1;36mdebug: [0mc_header: w_name=cos
[1;36mdebug: [0mc_header: parsed function cos with 1 params (varargs=0) at line 898
[1;36mdebug: [0mc_header: w_name=__cos
[1;36mdebug: [0mc_header: parsed function __cos with 1 params (varargs=0) at line 898
[1;36mdebug: [0mc_header: w_name=sin
[1;36mdebug: [0mc_header: parsed function sin with 1 params (varargs=0) at line 900
[1;36mdebug: [0mc_header: w_name=__sin
[1;36mdebug: [0mc_header: parsed function __sin with 1 params (varargs=0) at line 900
[1;36mdebug: [0mc_header: w_name=tan
[1;36mdebug: [0mc_header: parsed function tan with 1 params (varargs=0) at line 902
[1;36mdebug: [0mc_header: w_name=__tan
[1;36mdebug: [0mc_header: parsed function __tan with 1 params (varargs=0) at line 902
[1;36mdebug: [0mc_header: w_name=acospi
[1;36mdebug: [0mc_header: parsed function acospi with 1 params (varargs=0) at line 906
[1;36mdebug: [0mc_header: w_name=__acospi
[1;36mdebug: [0mc_header: parsed function __acospi with 1 params (varargs=0) at line 906
[1;36mdebug: [0mc_header: w_name=acospi
[1;36mdebug: [0mc_header: parsed function acospi with 1 params (varargs=0) at line 907
[1;36mdebug: [0mc_header: w_name=__acospi
[1;36mdebug: [0mc_header: parsed function __acospi with 1 params (varargs=0) at line 907
[1;36mdebug: [0mc_header: w_name=asinpi
[1;36mdebug: [0mc_header: parsed function asinpi with 1 params (varargs=0) at line 909
[1;36mdebug: [0mc_header: w_name=__asinpi
[1;36mdebug: [0mc_header: parsed function __asinpi with 1 params (varargs=0) at line 909
[1;36mdebug: [0mc_header: w_name=asinpi
[1;36mdebug: [0mc_header: parsed function asinpi with 1 params (varargs=0) at line 910
[1;36mdebug: [0mc_header: w_name=__asinpi
[1;36mdebug: [0mc_header: parsed function __asinpi with 1 params (varargs=0) at line 910
[1;36mdebug: [0mc_header: w_name=atanpi
[1;36mdebug: [0mc_header: parsed function atanpi with 1 params (varargs=0) at line 912
[1;36mdebug: [0mc_header: w_name=__atanpi
[1;36mdebug: [0mc_header: parsed function __atanpi with 1 params (varargs=0) at line 912
[1;36mdebug: [0mc_header: w_name=atanpi
[1;36mdebug: [0mc_header: parsed function atanpi with 1 params (varargs=0) at line 913
[1;36mdebug: [0mc_header: w_name=__atanpi
[1;36mdebug: [0mc_header: parsed function __atanpi with 1 params (varargs=0) at line 913
[1;36mdebug: [0mc_header: w_name=atan2pi
[1;36mdebug: [0mc_header: parsed function atan2pi with 2 params (varargs=0) at line 915
[1;36mdebug: [0mc_header: w_name=__atan2pi
[1;36mdebug: [0mc_header: parsed function __atan2pi with 2 params (varargs=0) at line 915
[1;36mdebug: [0mc_header: w_name=atan2pi
[1;36mdebug: [0mc_header: parsed function atan2pi with 2 params (varargs=0) at line 916
[1;36mdebug: [0mc_header: w_name=__atan2pi
[1;36mdebug: [0mc_header: parsed function __atan2pi with 2 params (varargs=0) at line 916
[1;36mdebug: [0mc_header: w_name=cospi
[1;36mdebug: [0mc_header: parsed function cospi with 1 params (varargs=0) at line 919
[1;36mdebug: [0mc_header: w_name=__cospi
[1;36mdebug: [0mc_header: parsed function __cospi with 1 params (varargs=0) at line 919
[1;36mdebug: [0mc_header: w_name=sinpi
[1;36mdebug: [0mc_header: parsed function sinpi with 1 params (varargs=0) at line 921
[1;36mdebug: [0mc_header: w_name=__sinpi
[1;36mdebug: [0mc_header: parsed function __sinpi with 1 params (varargs=0) at line 921
[1;36mdebug: [0mc_header: w_name=tanpi
[1;36mdebug: [0mc_header: parsed function tanpi with 1 params (varargs=0) at line 923
[1;36mdebug: [0mc_header: w_name=__tanpi
[1;36mdebug: [0mc_header: parsed function __tanpi with 1 params (varargs=0) at line 923
[1;36mdebug: [0mc_header: w_name=cosh
[1;36mdebug: [0mc_header: parsed function cosh with 1 params (varargs=0) at line 929
[1;36mdebug: [0mc_header: w_name=__cosh
[1;36mdebug: [0mc_header: parsed function __cosh with 1 params (varargs=0) at line 929
[1;36mdebug: [0mc_header: w_name=sinh
[1;36mdebug: [0mc_header: parsed function sinh with 1 params (varargs=0) at line 931
[1;36mdebug: [0mc_header: w_name=__sinh
[1;36mdebug: [0mc_header: parsed function __sinh with 1 params (varargs=0) at line 931
[1;36mdebug: [0mc_header: w_name=tanh
[1;36mdebug: [0mc_header: parsed function tanh with 1 params (varargs=0) at line 933
[1;36mdebug: [0mc_header: w_name=__tanh
[1;36mdebug: [0mc_header: parsed function __tanh with 1 params (varargs=0) at line 933
[1;36mdebug: [0mc_header: w_name=acosh
[1;36mdebug: [0mc_header: parsed function acosh with 1 params (varargs=0) at line 935
[1;36mdebug: [0mc_header: w_name=__acosh
[1;36mdebug: [0mc_header: parsed function __acosh with 1 params (varargs=0) at line 935
[1;36mdebug: [0mc_header: w_name=asinh
[1;36mdebug: [0mc_header: parsed function asinh with 1 params (varargs=0) at line 937
[1;36mdebug: [0mc_header: w_name=__asinh
[1;36mdebug: [0mc_header: parsed function __asinh with 1 params (varargs=0) at line 937
[1;36mdebug: [0mc_header: w_name=atanh
[1;36mdebug: [0mc_header: parsed function atanh with 1 params (varargs=0) at line 939
[1;36mdebug: [0mc_header: w_name=__atanh
[1;36mdebug: [0mc_header: parsed function __atanh with 1 params (varargs=0) at line 939
[1;36mdebug: [0mc_header: w_name=exp
[1;36mdebug: [0mc_header: parsed function exp with 1 params (varargs=0) at line 945
[1;36mdebug: [0mc_header: w_name=__exp
[1;36mdebug: [0mc_header: parsed function __exp with 1 params (varargs=0) at line 945
[1;36mdebug: [0mc_header: w_name=frexp
[1;36mdebug: [0mc_header: parsed function frexp with 2 params (varargs=0) at line 948
[1;36mdebug: [0mc_header: w_name=__frexp
[1;36mdebug: [0mc_header: parsed function __frexp with 2 params (varargs=0) at line 948
[1;36mdebug: [0mc_header: w_name=ldexp
[1;36mdebug: [0mc_header: parsed function ldexp with 2 params (varargs=0) at line 951
[1;36mdebug: [0mc_header: w_name=__ldexp
[1;36mdebug: [0mc_header: parsed function __ldexp with 2 params (varargs=0) at line 951
[1;36mdebug: [0mc_header: w_name=log
[1;36mdebug: [0mc_header: parsed function log with 1 params (varargs=0) at line 954
[1;36mdebug: [0mc_header: w_name=__log
[1;36mdebug: [0mc_header: parsed function __log with 1 params (varargs=0) at line 954
[1;36mdebug: [0mc_header: w_name=log10
[1;36mdebug: [0mc_header: parsed function log10 with 1 params (varargs=0) at line 957
[1;36mdebug: [0mc_header: w_name=__log10
[1;36mdebug: [0mc_header: parsed function __log10 with 1 params (varargs=0) at line 957
[1;36mdebug: [0mc_header: w_name=modf
[1;36mdebug: [0mc_header: parsed function modf with 2 params (varargs=0) at line 960
[1;36mdebug: [0mc_header: w_name=__modf
[1;36mdebug: [0mc_header: parsed function __modf with 2 params (varargs=0) at line 960
[1;36mdebug: [0mc_header: w_name=exp10
[1;36mdebug: [0mc_header: parsed function exp10 with 1 params (varargs=0) at line 964
[1;36mdebug: [0mc_header: w_name=__exp10
[1;36mdebug: [0mc_header: parsed function __exp10 with 1 params (varargs=0) at line 964
[1;36mdebug: [0mc_header: w_name=exp2m1
[1;36mdebug: [0mc_header: parsed function exp2m1 with 1 params (varargs=0) at line 967
[1;36mdebug: [0mc_header: w_name=__exp2m1
[1;36mdebug: [0mc_header: parsed function __exp2m1 with 1 params (varargs=0) at line 967
[1;36mdebug: [0mc_header: w_name=exp10m1
[1;36mdebug: [0mc_header: parsed function exp10m1 with 1 params (varargs=0) at line 970
[1;36mdebug: [0mc_header: w_name=__exp10m1
[1;36mdebug: [0mc_header: parsed function __exp10m1 with 1 params (varargs=0) at line 970
[1;36mdebug: [0mc_header: w_name=log2p1
[1;36mdebug: [0mc_header: parsed function log2p1 with 1 params (varargs=0) at line 973
[1;36mdebug: [0mc_header: w_name=__log2p1
[1;36mdebug: [0mc_header: parsed function __log2p1 with 1 params (varargs=0) at line 973
[1;36mdebug: [0mc_header: w_name=log10p1
[1;36mdebug: [0mc_header: parsed function log10p1 with 1 params (varargs=0) at line 976
[1;36mdebug: [0mc_header: w_name=__log10p1
[1;36mdebug: [0mc_header: parsed function __log10p1 with 1 params (varargs=0) at line 976
[1;36mdebug: [0mc_header: w_name=logp1
[1;36mdebug: [0mc_header: parsed function logp1 with 1 params (varargs=0) at line 979
[1;36mdebug: [0mc_header: w_name=__logp1
[1;36mdebug: [0mc_header: parsed function __logp1 with 1 params (varargs=0) at line 979
[1;36mdebug: [0mc_header: w_name=expm1
[1;36mdebug: [0mc_header: parsed function expm1 with 1 params (varargs=0) at line 984
[1;36mdebug: [0mc_header: w_name=__expm1
[1;36mdebug: [0mc_header: parsed function __expm1 with 1 params (varargs=0) at line 984
[1;36mdebug: [0mc_header: w_name=log1p
[1;36mdebug: [0mc_header: parsed function log1p with 1 params (varargs=0) at line 987
[1;36mdebug: [0mc_header: w_name=__log1p
[1;36mdebug: [0mc_header: parsed function __log1p with 1 params (varargs=0) at line 987
[1;36mdebug: [0mc_header: w_name=logb
[1;36mdebug: [0mc_header: parsed function logb with 1 params (varargs=0) at line 990
[1;36mdebug: [0mc_header: w_name=__logb
[1;36mdebug: [0mc_header: parsed function __logb with 1 params (varargs=0) at line 990
[1;36mdebug: [0mc_header: w_name=exp2
[1;36mdebug: [0mc_header: parsed function exp2 with 1 params (varargs=0) at line 995
[1;36mdebug: [0mc_header: w_name=__exp2
[1;36mdebug: [0mc_header: parsed function __exp2 with 1 params (varargs=0) at line 995
[1;36mdebug: [0mc_header: w_name=log2
[1;36mdebug: [0mc_header: parsed function log2 with 1 params (varargs=0) at line 998
[1;36mdebug: [0mc_header: w_name=__log2
[1;36mdebug: [0mc_header: parsed function __log2 with 1 params (varargs=0) at line 998
[1;36mdebug: [0mc_header: w_name=pow
[1;36mdebug: [0mc_header: parsed function pow with 2 params (varargs=0) at line 1005
[1;36mdebug: [0mc_header: w_name=__pow
[1;36mdebug: [0mc_header: parsed function __pow with 2 params (varargs=0) at line 1005
[1;36mdebug: [0mc_header: w_name=sqrt
[1;36mdebug: [0mc_header: parsed function sqrt with 1 params (varargs=0) at line 1008
[1;36mdebug: [0mc_header: w_name=__sqrt
[1;36mdebug: [0mc_header: parsed function __sqrt with 1 params (varargs=0) at line 1008
[1;36mdebug: [0mc_header: w_name=hypot
[1;36mdebug: [0mc_header: parsed function hypot with 2 params (varargs=0) at line 1012
[1;36mdebug: [0mc_header: w_name=__hypot
[1;36mdebug: [0mc_header: parsed function __hypot with 2 params (varargs=0) at line 1012
[1;36mdebug: [0mc_header: w_name=cbrt
[1;36mdebug: [0mc_header: parsed function cbrt with 1 params (varargs=0) at line 1017
[1;36mdebug: [0mc_header: w_name=__cbrt
[1;36mdebug: [0mc_header: parsed function __cbrt with 1 params (varargs=0) at line 1017
[1;36mdebug: [0mc_header: w_name=compoundn
[1;36mdebug: [0mc_header: parsed function compoundn with 2 params (varargs=0) at line 1022
[1;36mdebug: [0mc_header: w_name=__compoundn
[1;36mdebug: [0mc_header: parsed function __compoundn with 2 params (varargs=0) at line 1022
[1;36mdebug: [0mc_header: w_name=pown
[1;36mdebug: [0mc_header: parsed function pown with 2 params (varargs=0) at line 1025
[1;36mdebug: [0mc_header: w_name=__pown
[1;36mdebug: [0mc_header: parsed function __pown with 2 params (varargs=0) at line 1025
[1;36mdebug: [0mc_header: w_name=powr
[1;36mdebug: [0mc_header: parsed function powr with 2 params (varargs=0) at line 1028
[1;36mdebug: [0mc_header: w_name=__powr
[1;36mdebug: [0mc_header: parsed function __powr with 2 params (varargs=0) at line 1028
[1;36mdebug: [0mc_header: w_name=powr
[1;36mdebug: [0mc_header: parsed function powr with 2 params (varargs=0) at line 1029
[1;36mdebug: [0mc_header: w_name=__powr
[1;36mdebug: [0mc_header: parsed function __powr with 2 params (varargs=0) at line 1029
[1;36mdebug: [0mc_header: w_name=rootn
[1;36mdebug: [0mc_header: parsed function rootn with 2 params (varargs=0) at line 1032
[1;36mdebug: [0mc_header: w_name=__rootn
[1;36mdebug: [0mc_header: parsed function __rootn with 2 params (varargs=0) at line 1032
[1;36mdebug: [0mc_header: w_name=rsqrt
[1;36mdebug: [0mc_header: parsed function rsqrt with 1 params (varargs=0) at line 1035
[1;36mdebug: [0mc_header: w_name=__rsqrt
[1;36mdebug: [0mc_header: parsed function __rsqrt with 1 params (varargs=0) at line 1035
[1;36mdebug: [0mc_header: w_name=ceil
[1;36mdebug: [0mc_header: parsed function ceil with 1 params (varargs=0) at line 1042
[1;36mdebug: [0mc_header: w_name=fabs
[1;36mdebug: [0mc_header: parsed function fabs with 1 params (varargs=0) at line 1045
[1;36mdebug: [0mc_header: w_name=floor
[1;36mdebug: [0mc_header: parsed function floor with 1 params (varargs=0) at line 1048
[1;36mdebug: [0mc_header: w_name=fmod
[1;36mdebug: [0mc_header: parsed function fmod with 2 params (varargs=0) at line 1051
[1;36mdebug: [0mc_header: w_name=__fmod
[1;36mdebug: [0mc_header: parsed function __fmod with 2 params (varargs=0) at line 1051
[1;36mdebug: [0mc_header: w_name=isinf
[1;36mdebug: [0mc_header: parsed function isinf with 1 params (varargs=0) at line 1053
[1;36mdebug: [0mc_header: w_name=finite
[1;36mdebug: [0mc_header: parsed function finite with 1 params (varargs=0) at line 1059
[1;36mdebug: [0mc_header: w_name=drem
[1;36mdebug: [0mc_header: parsed function drem with 2 params (varargs=0) at line 1063
[1;36mdebug: [0mc_header: w_name=__drem
[1;36mdebug: [0mc_header: parsed function __drem with 2 params (varargs=0) at line 1063
[1;36mdebug: [0mc_header: w_name=significand
[1;36mdebug: [0mc_header: parsed function significand with 1 params (varargs=0) at line 1067
[1;36mdebug: [0mc_header: w_name=__significand
[1;36mdebug: [0mc_header: parsed function __significand with 1 params (varargs=0) at line 1067
[1;36mdebug: [0mc_header: w_name=copysign
[1;36mdebug: [0mc_header: parsed function copysign with 2 params (varargs=0) at line 1074
[1;36mdebug: [0mc_header: w_name=nan
[1;36mdebug: [0mc_header: parsed function nan with 1 params (varargs=0) at line 1079
[1;36mdebug: [0mc_header: w_name=__nan
[1;36mdebug: [0mc_header: parsed function __nan with 1 params (varargs=0) at line 1079
[1;36mdebug: [0mc_header: w_name=isnan
[1;36mdebug: [0mc_header: parsed function isnan with 1 params (varargs=0) at line 1081
[1;36mdebug: [0mc_header: w_name=j0
[1;36mdebug: [0mc_header: parsed function j0 with 1 params (varargs=0) at line 1088
[1;36mdebug: [0mc_header: w_name=__j0
[1;36mdebug: [0mc_header: parsed function __j0 with 1 params (varargs=0) at line 1088
[1;36mdebug: [0mc_header: w_name=j1
[1;36mdebug: [0mc_header: parsed function j1 with 1 params (varargs=0) at line 1089
[1;36mdebug: [0mc_header: w_name=__j1
[1;36mdebug: [0mc_header: parsed function __j1 with 1 params (varargs=0) at line 1089
[1;36mdebug: [0mc_header: w_name=jn
[1;36mdebug: [0mc_header: parsed function jn with 2 params (varargs=0) at line 1090
[1;36mdebug: [0mc_header: w_name=__jn
[1;36mdebug: [0mc_header: parsed function __jn with 2 params (varargs=0) at line 1090
[1;36mdebug: [0mc_header: w_name=y0
[1;36mdebug: [0mc_header: parsed function y0 with 1 params (varargs=0) at line 1091
[1;36mdebug: [0mc_header: w_name=__y0
[1;36mdebug: [0mc_header: parsed function __y0 with 1 params (varargs=0) at line 1091
[1;36mdebug: [0mc_header: w_name=y1
[1;36mdebug: [0mc_header: parsed function y1 with 1 params (varargs=0) at line 1092
[1;36mdebug: [0mc_header: w_name=__y1
[1;36mdebug: [0mc_header: parsed function __y1 with 1 params (varargs=0) at line 1092
[1;36mdebug: [0mc_header: w_name=yn
[1;36mdebug: [0mc_header: parsed function yn with 2 params (varargs=0) at line 1093
[1;36mdebug: [0mc_header: w_name=__yn
[1;36mdebug: [0mc_header: parsed function __yn with 2 params (varargs=0) at line 1093
[1;36mdebug: [0mc_header: w_name=erf
[1;36mdebug: [0mc_header: parsed function erf with 1 params (varargs=0) at line 1099
[1;36mdebug: [0mc_header: w_name=__erf
[1;36mdebug: [0mc_header: parsed function __erf with 1 params (varargs=0) at line 1099
[1;36mdebug: [0mc_header: w_name=erfc
[1;36mdebug: [0mc_header: parsed function erfc with 1 params (varargs=0) at line 1100
[1;36mdebug: [0mc_header: w_name=__erfc
[1;36mdebug: [0mc_header: parsed function __erfc with 1 params (varargs=0) at line 1100
[1;36mdebug: [0mc_header: w_name=lgamma
[1;36mdebug: [0mc_header: parsed function lgamma with 1 params (varargs=0) at line 1101
[1;36mdebug: [0mc_header: w_name=__lgamma
[1;36mdebug: [0mc_header: parsed function __lgamma with 1 params (varargs=0) at line 1101
[1;36mdebug: [0mc_header: w_name=tgamma
[1;36mdebug: [0mc_header: parsed function tgamma with 1 params (varargs=0) at line 1106
[1;36mdebug: [0mc_header: w_name=__tgamma
[1;36mdebug: [0mc_header: parsed function __tgamma with 1 params (varargs=0) at line 1106
[1;36mdebug: [0mc_header: w_name=gamma
[1;36mdebug: [0mc_header: parsed function gamma with 1 params (varargs=0) at line 1112
[1;36mdebug: [0mc_header: w_name=__gamma
[1;36mdebug: [0mc_header: parsed function __gamma with 1 params (varargs=0) at line 1112
[1;36mdebug: [0mc_header: w_name=lgamma_r
[1;36mdebug: [0mc_header: parsed function lgamma_r with 2 params (varargs=0) at line 1120
[1;36mdebug: [0mc_header: w_name=__lgamma_r
[1;36mdebug: [0mc_header: parsed function __lgamma_r with 2 params (varargs=0) at line 1120
[1;36mdebug: [0mc_header: w_name=rint
[1;36mdebug: [0mc_header: parsed function rint with 1 params (varargs=0) at line 1127
[1;36mdebug: [0mc_header: w_name=__rint
[1;36mdebug: [0mc_header: parsed function __rint with 1 params (varargs=0) at line 1127
[1;36mdebug: [0mc_header: w_name=nextafter
[1;36mdebug: [0mc_header: parsed function nextafter with 2 params (varargs=0) at line 1130
[1;36mdebug: [0mc_header: w_name=__nextafter
[1;36mdebug: [0mc_header: parsed function __nextafter with 2 params (varargs=0) at line 1130
[1;36mdebug: [0mc_header: w_name=nexttoward
[1;36mdebug: [0mc_header: parsed function nexttoward with 2 params (varargs=0) at line 1132
[1;36mdebug: [0mc_header: w_name=__nexttoward
[1;36mdebug: [0mc_header: parsed function __nexttoward with 2 params (varargs=0) at line 1132
[1;36mdebug: [0mc_header: w_name=nextdown
[1;36mdebug: [0mc_header: parsed function nextdown with 1 params (varargs=0) at line 1137
[1;36mdebug: [0mc_header: w_name=__nextdown
[1;36mdebug: [0mc_header: parsed function __nextdown with 1 params (varargs=0) at line 1137
[1;36mdebug: [0mc_header: w_name=nextup
[1;36mdebug: [0mc_header: parsed function nextup with 1 params (varargs=0) at line 1139
[1;36mdebug: [0mc_header: w_name=__nextup
[1;36mdebug: [0mc_header: parsed function __nextup with 1 params (varargs=0) at line 1139
[1;36mdebug: [0mc_header: w_name=remainder
[1;36mdebug: [0mc_header: parsed function remainder with 2 params (varargs=0) at line 1143
[1;36mdebug: [0mc_header: w_name=__remainder
[1;36mdebug: [0mc_header: parsed function __remainder with 2 params (varargs=0) at line 1143
[1;36mdebug: [0mc_header: w_name=scalbn
[1;36mdebug: [0mc_header: parsed function scalbn with 2 params (varargs=0) at line 1147
[1;36mdebug: [0mc_header: w_name=__scalbn
[1;36mdebug: [0mc_header: parsed function __scalbn with 2 params (varargs=0) at line 1147
[1;36mdebug: [0mc_header: w_name=ilogb
[1;36mdebug: [0mc_header: parsed function ilogb with 1 params (varargs=0) at line 1151
[1;36mdebug: [0mc_header: w_name=__ilogb
[1;36mdebug: [0mc_header: parsed function __ilogb with 1 params (varargs=0) at line 1151
[1;36mdebug: [0mc_header: w_name=llogb
[1;36mdebug: [0mc_header: parsed function llogb with 1 params (varargs=0) at line 1156
[1;36mdebug: [0mc_header: w_name=__llogb
[1;36mdebug: [0mc_header: parsed function __llogb with 1 params (varargs=0) at line 1156
[1;36mdebug: [0mc_header: w_name=scalbln
[1;36mdebug: [0mc_header: parsed function scalbln with 2 params (varargs=0) at line 1161
[1;36mdebug: [0mc_header: w_name=__scalbln
[1;36mdebug: [0mc_header: parsed function __scalbln with 2 params (varargs=0) at line 1161
[1;36mdebug: [0mc_header: w_name=nearbyint
[1;36mdebug: [0mc_header: parsed function nearbyint with 1 params (varargs=0) at line 1165
[1;36mdebug: [0mc_header: w_name=__nearbyint
[1;36mdebug: [0mc_header: parsed function __nearbyint with 1 params (varargs=0) at line 1165
[1;36mdebug: [0mc_header: w_name=round
[1;36mdebug: [0mc_header: parsed function round with 1 params (varargs=0) at line 1169
[1;36mdebug: [0mc_header: w_name=trunc
[1;36mdebug: [0mc_header: parsed function trunc with 1 params (varargs=0) at line 1173
[1;36mdebug: [0mc_header: w_name=remquo
[1;36mdebug: [0mc_header: parsed function remquo with 3 params (varargs=0) at line 1178
[1;36mdebug: [0mc_header: w_name=__remquo
[1;36mdebug: [0mc_header: parsed function __remquo with 3 params (varargs=0) at line 1178
[1;36mdebug: [0mc_header: w_name=lrint
[1;36mdebug: [0mc_header: parsed function lrint with 1 params (varargs=0) at line 1185
[1;36mdebug: [0mc_header: w_name=__lrint
[1;36mdebug: [0mc_header: parsed function __lrint with 1 params (varargs=0) at line 1185
[1;36mdebug: [0mc_header: w_name=llrint
[1;36mdebug: [0mc_header: parsed function llrint with 1 params (varargs=0) at line 1187
[1;36mdebug: [0mc_header: w_name=__llrint
[1;36mdebug: [0mc_header: parsed function __llrint with 1 params (varargs=0) at line 1187
[1;36mdebug: [0mc_header: w_name=lround
[1;36mdebug: [0mc_header: parsed function lround with 1 params (varargs=0) at line 1191
[1;36mdebug: [0mc_header: w_name=__lround
[1;36mdebug: [0mc_header: parsed function __lround with 1 params (varargs=0) at line 1191
[1;36mdebug: [0mc_header: w_name=llround
[1;36mdebug: [0mc_header: parsed function llround with 1 params (varargs=0) at line 1193
[1;36mdebug: [0mc_header: w_name=__llround
[1;36mdebug: [0mc_header: parsed function __llround with 1 params (varargs=0) at line 1193
[1;36mdebug: [0mc_header: w_name=fdim
[1;36mdebug: [0mc_header: parsed function fdim with 2 params (varargs=0) at line 1197
[1;36mdebug: [0mc_header: w_name=__fdim
[1;36mdebug: [0mc_header: parsed function __fdim with 2 params (varargs=0) at line 1197
[1;36mdebug: [0mc_header: w_name=fmax
[1;36mdebug: [0mc_header: parsed function fmax with 2 params (varargs=0) at line 1201
[1;36mdebug: [0mc_header: w_name=fmin
[1;36mdebug: [0mc_header: parsed function fmin with 2 params (varargs=0) at line 1204
[1;36mdebug: [0mc_header: w_name=fma
[1;36mdebug: [0mc_header: parsed function fma with 3 params (varargs=0) at line 1208
[1;36mdebug: [0mc_header: w_name=__fma
[1;36mdebug: [0mc_header: parsed function __fma with 3 params (varargs=0) at line 1208
[1;36mdebug: [0mc_header: w_name=roundeven
[1;36mdebug: [0mc_header: parsed function roundeven with 1 params (varargs=0) at line 1213
[1;36mdebug: [0mc_header: w_name=fromfp
[1;36mdebug: [0mc_header: parsed function fromfp with 3 params (varargs=0) at line 1217
[1;36mdebug: [0mc_header: w_name=__fromfp
[1;36mdebug: [0mc_header: parsed function __fromfp with 3 params (varargs=0) at line 1217
[1;36mdebug: [0mc_header: w_name=ufromfp
[1;36mdebug: [0mc_header: parsed function ufromfp with 3 params (varargs=0) at line 1221
[1;36mdebug: [0mc_header: w_name=__ufromfp
[1;36mdebug: [0mc_header: parsed function __ufromfp with 3 params (varargs=0) at line 1221
[1;36mdebug: [0mc_header: w_name=fromfpx
[1;36mdebug: [0mc_header: parsed function fromfpx with 3 params (varargs=0) at line 1226
[1;36mdebug: [0mc_header: w_name=__fromfpx
[1;36mdebug: [0mc_header: parsed function __fromfpx with 3 params (varargs=0) at line 1226
[1;36mdebug: [0mc_header: w_name=ufromfpx
[1;36mdebug: [0mc_header: parsed function ufromfpx with 3 params (varargs=0) at line 1231
[1;36mdebug: [0mc_header: w_name=__ufromfpx
[1;36mdebug: [0mc_header: parsed function __ufromfpx with 3 params (varargs=0) at line 1231
[1;36mdebug: [0mc_header: w_name=canonicalize
[1;36mdebug: [0mc_header: parsed function canonicalize with 2 params (varargs=0) at line 1234
[1;36mdebug: [0mc_header: w_name=fmaximum
[1;36mdebug: [0mc_header: parsed function fmaximum with 2 params (varargs=0) at line 1236
[1;36mdebug: [0mc_header: w_name=fminimum
[1;36mdebug: [0mc_header: parsed function fminimum with 2 params (varargs=0) at line 1239
[1;36mdebug: [0mc_header: w_name=fmaximum_num
[1;36mdebug: [0mc_header: parsed function fmaximum_num with 2 params (varargs=0) at line 1242
[1;36mdebug: [0mc_header: w_name=fminimum_num
[1;36mdebug: [0mc_header: parsed function fminimum_num with 2 params (varargs=0) at line 1245
[1;36mdebug: [0mc_header: w_name=fmaximum_mag
[1;36mdebug: [0mc_header: parsed function fmaximum_mag with 2 params (varargs=0) at line 1248
[1;36mdebug: [0mc_header: w_name=fminimum_mag
[1;36mdebug: [0mc_header: parsed function fminimum_mag with 2 params (varargs=0) at line 1251
[1;36mdebug: [0mc_header: w_name=fmaximum_mag_num
[1;36mdebug: [0mc_header: parsed function fmaximum_mag_num with 2 params (varargs=0) at line 1254
[1;36mdebug: [0mc_header: w_name=fminimum_mag_num
[1;36mdebug: [0mc_header: parsed function fminimum_mag_num with 2 params (varargs=0) at line 1257
[1;36mdebug: [0mc_header: w_name=scalb
[1;36mdebug: [0mc_header: parsed function scalb with 2 params (varargs=0) at line 1259
[1;36mdebug: [0mc_header: w_name=__scalb
[1;36mdebug: [0mc_header: parsed function __scalb with 2 params (varargs=0) at line 1259
[1;36mdebug: [0mc_header: w_name=__fpclassifyf
[1;36mdebug: [0mc_header: parsed function __fpclassifyf with 1 params (varargs=0) at line 1264
[1;36mdebug: [0mc_header: w_name=__signbitf
[1;36mdebug: [0mc_header: parsed function __signbitf with 1 params (varargs=0) at line 1268
[1;36mdebug: [0mc_header: w_name=__isinff
[1;36mdebug: [0mc_header: parsed function __isinff with 1 params (varargs=0) at line 1273
[1;36mdebug: [0mc_header: w_name=__finitef
[1;36mdebug: [0mc_header: parsed function __finitef with 1 params (varargs=0) at line 1277
[1;36mdebug: [0mc_header: w_name=__isnanf
[1;36mdebug: [0mc_header: parsed function __isnanf with 1 params (varargs=0) at line 1281
[1;36mdebug: [0mc_header: w_name=__iseqsigf
[1;36mdebug: [0mc_header: parsed function __iseqsigf with 2 params (varargs=0) at line 1285
[1;36mdebug: [0mc_header: w_name=__issignalingf
[1;36mdebug: [0mc_header: parsed function __issignalingf with 1 params (varargs=0) at line 1288
[1;36mdebug: [0mc_header: w_name=acosf
[1;36mdebug: [0mc_header: parsed function acosf with 1 params (varargs=0) at line 1293
[1;36mdebug: [0mc_header: w_name=__acosf
[1;36mdebug: [0mc_header: parsed function __acosf with 1 params (varargs=0) at line 1293
[1;36mdebug: [0mc_header: w_name=asinf
[1;36mdebug: [0mc_header: parsed function asinf with 1 params (varargs=0) at line 1295
[1;36mdebug: [0mc_header: w_name=__asinf
[1;36mdebug: [0mc_header: parsed function __asinf with 1 params (varargs=0) at line 1295
[1;36mdebug: [0mc_header: w_name=atanf
[1;36mdebug: [0mc_header: parsed function atanf with 1 params (varargs=0) at line 1297
[1;36mdebug: [0mc_header: w_name=__atanf
[1;36mdebug: [0mc_header: parsed function __atanf with 1 params (varargs=0) at line 1297
[1;36mdebug: [0mc_header: w_name=atan2f
[1;36mdebug: [0mc_header: parsed function atan2f with 2 params (varargs=0) at line 1299
[1;36mdebug: [0mc_header: w_name=__atan2f
[1;36mdebug: [0mc_header: parsed function __atan2f with 2 params (varargs=0) at line 1299
[1;36mdebug: [0mc_header: w_name=cosf
[1;36mdebug: [0mc_header: parsed function cosf with 1 params (varargs=0) at line 1302
[1;36mdebug: [0mc_header: w_name=__cosf
[1;36mdebug: [0mc_header: parsed function __cosf with 1 params (varargs=0) at line 1302
[1;36mdebug: [0mc_header: w_name=sinf
[1;36mdebug: [0mc_header: parsed function sinf with 1 params (varargs=0) at line 1304
[1;36mdebug: [0mc_header: w_name=__sinf
[1;36mdebug: [0mc_header: parsed function __sinf with 1 params (varargs=0) at line 1304
[1;36mdebug: [0mc_header: w_name=tanf
[1;36mdebug: [0mc_header: parsed function tanf with 1 params (varargs=0) at line 1306
[1;36mdebug: [0mc_header: w_name=__tanf
[1;36mdebug: [0mc_header: parsed function __tanf with 1 params (varargs=0) at line 1306
[1;36mdebug: [0mc_header: w_name=acospif
[1;36mdebug: [0mc_header: parsed function acospif with 1 params (varargs=0) at line 1310
[1;36mdebug: [0mc_header: w_name=__acospif
[1;36mdebug: [0mc_header: parsed function __acospif with 1 params (varargs=0) at line 1310
[1;36mdebug: [0mc_header: w_name=acospif
[1;36mdebug: [0mc_header: parsed function acospif with 1 params (varargs=0) at line 1311
[1;36mdebug: [0mc_header: w_name=__acospif
[1;36mdebug: [0mc_header: parsed function __acospif with 1 params (varargs=0) at line 1311
[1;36mdebug: [0mc_header: w_name=asinpif
[1;36mdebug: [0mc_header: parsed function asinpif with 1 params (varargs=0) at line 1313
[1;36mdebug: [0mc_header: w_name=__asinpif
[1;36mdebug: [0mc_header: parsed function __asinpif with 1 params (varargs=0) at line 1313
[1;36mdebug: [0mc_header: w_name=asinpif
[1;36mdebug: [0mc_header: parsed function asinpif with 1 params (varargs=0) at line 1314
[1;36mdebug: [0mc_header: w_name=__asinpif
[1;36mdebug: [0mc_header: parsed function __asinpif with 1 params (varargs=0) at line 1314
[1;36mdebug: [0mc_header: w_name=atanpif
[1;36mdebug: [0mc_header: parsed function atanpif with 1 params (varargs=0) at line 1316
[1;36mdebug: [0mc_header: w_name=__atanpif
[1;36mdebug: [0mc_header: parsed function __atanpif with 1 params (varargs=0) at line 1316
[1;36mdebug: [0mc_header: w_name=atanpif
[1;36mdebug: [0mc_header: parsed function atanpif with 1 params (varargs=0) at line 1317
[1;36mdebug: [0mc_header: w_name=__atanpif
[1;36mdebug: [0mc_header: parsed function __atanpif with 1 params (varargs=0) at line 1317
[1;36mdebug: [0mc_header: w_name=atan2pif
[1;36mdebug: [0mc_header: parsed function atan2pif with 2 params (varargs=0) at line 1319
[1;36mdebug: [0mc_header: w_name=__atan2pif
[1;36mdebug: [0mc_header: parsed function __atan2pif with 2 params (varargs=0) at line 1319
[1;36mdebug: [0mc_header: w_name=atan2pif
[1;36mdebug: [0mc_header: parsed function atan2pif with 2 params (varargs=0) at line 1320
[1;36mdebug: [0mc_header: w_name=__atan2pif
[1;36mdebug: [0mc_header: parsed function __atan2pif with 2 params (varargs=0) at line 1320
[1;36mdebug: [0mc_header: w_name=cospif
[1;36mdebug: [0mc_header: parsed function cospif with 1 params (varargs=0) at line 1323
[1;36mdebug: [0mc_header: w_name=__cospif
[1;36mdebug: [0mc_header: parsed function __cospif with 1 params (varargs=0) at line 1323
[1;36mdebug: [0mc_header: w_name=sinpif
[1;36mdebug: [0mc_header: parsed function sinpif with 1 params (varargs=0) at line 1325
[1;36mdebug: [0mc_header: w_name=__sinpif
[1;36mdebug: [0mc_header: parsed function __sinpif with 1 params (varargs=0) at line 1325
[1;36mdebug: [0mc_header: w_name=tanpif
[1;36mdebug: [0mc_header: parsed function tanpif with 1 params (varargs=0) at line 1327
[1;36mdebug: [0mc_header: w_name=__tanpif
[1;36mdebug: [0mc_header: parsed function __tanpif with 1 params (varargs=0) at line 1327
[1;36mdebug: [0mc_header: w_name=coshf
[1;36mdebug: [0mc_header: parsed function coshf with 1 params (varargs=0) at line 1333
[1;36mdebug: [0mc_header: w_name=__coshf
[1;36mdebug: [0mc_header: parsed function __coshf with 1 params (varargs=0) at line 1333
[1;36mdebug: [0mc_header: w_name=sinhf
[1;36mdebug: [0mc_header: parsed function sinhf with 1 params (varargs=0) at line 1335
[1;36mdebug: [0mc_header: w_name=__sinhf
[1;36mdebug: [0mc_header: parsed function __sinhf with 1 params (varargs=0) at line 1335
[1;36mdebug: [0mc_header: w_name=tanhf
[1;36mdebug: [0mc_header: parsed function tanhf with 1 params (varargs=0) at line 1337
[1;36mdebug: [0mc_header: w_name=__tanhf
[1;36mdebug: [0mc_header: parsed function __tanhf with 1 params (varargs=0) at line 1337
[1;36mdebug: [0mc_header: w_name=acoshf
[1;36mdebug: [0mc_header: parsed function acoshf with 1 params (varargs=0) at line 1339
[1;36mdebug: [0mc_header: w_name=__acoshf
[1;36mdebug: [0mc_header: parsed function __acoshf with 1 params (varargs=0) at line 1339
[1;36mdebug: [0mc_header: w_name=asinhf
[1;36mdebug: [0mc_header: parsed function asinhf with 1 params (varargs=0) at line 1341
[1;36mdebug: [0mc_header: w_name=__asinhf
[1;36mdebug: [0mc_header: parsed function __asinhf with 1 params (varargs=0) at line 1341
[1;36mdebug: [0mc_header: w_name=atanhf
[1;36mdebug: [0mc_header: parsed function atanhf with 1 params (varargs=0) at line 1343
[1;36mdebug: [0mc_header: w_name=__atanhf
[1;36mdebug: [0mc_header: parsed function __atanhf with 1 params (varargs=0) at line 1343
[1;36mdebug: [0mc_header: w_name=expf
[1;36mdebug: [0mc_header: parsed function expf with 1 params (varargs=0) at line 1349
[1;36mdebug: [0mc_header: w_name=__expf
[1;36mdebug: [0mc_header: parsed function __expf with 1 params (varargs=0) at line 1349
[1;36mdebug: [0mc_header: w_name=frexpf
[1;36mdebug: [0mc_header: parsed function frexpf with 2 params (varargs=0) at line 1352
[1;36mdebug: [0mc_header: w_name=__frexpf
[1;36mdebug: [0mc_header: parsed function __frexpf with 2 params (varargs=0) at line 1352
[1;36mdebug: [0mc_header: w_name=ldexpf
[1;36mdebug: [0mc_header: parsed function ldexpf with 2 params (varargs=0) at line 1355
[1;36mdebug: [0mc_header: w_name=__ldexpf
[1;36mdebug: [0mc_header: parsed function __ldexpf with 2 params (varargs=0) at line 1355
[1;36mdebug: [0mc_header: w_name=logf
[1;36mdebug: [0mc_header: parsed function logf with 1 params (varargs=0) at line 1358
[1;36mdebug: [0mc_header: w_name=__logf
[1;36mdebug: [0mc_header: parsed function __logf with 1 params (varargs=0) at line 1358
[1;36mdebug: [0mc_header: w_name=log10f
[1;36mdebug: [0mc_header: parsed function log10f with 1 params (varargs=0) at line 1361
[1;36mdebug: [0mc_header: w_name=__log10f
[1;36mdebug: [0mc_header: parsed function __log10f with 1 params (varargs=0) at line 1361
[1;36mdebug: [0mc_header: w_name=modff
[1;36mdebug: [0mc_header: parsed function modff with 2 params (varargs=0) at line 1364
[1;36mdebug: [0mc_header: w_name=__modff
[1;36mdebug: [0mc_header: parsed function __modff with 2 params (varargs=0) at line 1364
[1;36mdebug: [0mc_header: w_name=exp10f
[1;36mdebug: [0mc_header: parsed function exp10f with 1 params (varargs=0) at line 1368
[1;36mdebug: [0mc_header: w_name=__exp10f
[1;36mdebug: [0mc_header: parsed function __exp10f with 1 params (varargs=0) at line 1368
[1;36mdebug: [0mc_header: w_name=exp2m1f
[1;36mdebug: [0mc_header: parsed function exp2m1f with 1 params (varargs=0) at line 1371
[1;36mdebug: [0mc_header: w_name=__exp2m1f
[1;36mdebug: [0mc_header: parsed function __exp2m1f with 1 params (varargs=0) at line 1371
[1;36mdebug: [0mc_header: w_name=exp10m1f
[1;36mdebug: [0mc_header: parsed function exp10m1f with 1 params (varargs=0) at line 1374
[1;36mdebug: [0mc_header: w_name=__exp10m1f
[1;36mdebug: [0mc_header: parsed function __exp10m1f with 1 params (varargs=0) at line 1374
[1;36mdebug: [0mc_header: w_name=log2p1f
[1;36mdebug: [0mc_header: parsed function log2p1f with 1 params (varargs=0) at line 1377
[1;36mdebug: [0mc_header: w_name=__log2p1f
[1;36mdebug: [0mc_header: parsed function __log2p1f with 1 params (varargs=0) at line 1377
[1;36mdebug: [0mc_header: w_name=log10p1f
[1;36mdebug: [0mc_header: parsed function log10p1f with 1 params (varargs=0) at line 1380
[1;36mdebug: [0mc_header: w_name=__log10p1f
[1;36mdebug: [0mc_header: parsed function __log10p1f with 1 params (varargs=0) at line 1380
[1;36mdebug: [0mc_header: w_name=logp1f
[1;36mdebug: [0mc_header: parsed function logp1f with 1 params (varargs=0) at line 1383
[1;36mdebug: [0mc_header: w_name=__logp1f
[1;36mdebug: [0mc_header: parsed function __logp1f with 1 params (varargs=0) at line 1383
[1;36mdebug: [0mc_header: w_name=expm1f
[1;36mdebug: [0mc_header: parsed function expm1f with 1 params (varargs=0) at line 1388
[1;36mdebug: [0mc_header: w_name=__expm1f
[1;36mdebug: [0mc_header: parsed function __expm1f with 1 params (varargs=0) at line 1388
[1;36mdebug: [0mc_header: w_name=log1pf
[1;36mdebug: [0mc_header: parsed function log1pf with 1 params (varargs=0) at line 1391
[1;36mdebug: [0mc_header: w_name=__log1pf
[1;36mdebug: [0mc_header: parsed function __log1pf with 1 params (varargs=0) at line 1391
[1;36mdebug: [0mc_header: w_name=logbf
[1;36mdebug: [0mc_header: parsed function logbf with 1 params (varargs=0) at line 1394
[1;36mdebug: [0mc_header: w_name=__logbf
[1;36mdebug: [0mc_header: parsed function __logbf with 1 params (varargs=0) at line 1394
[1;36mdebug: [0mc_header: w_name=exp2f
[1;36mdebug: [0mc_header: parsed function exp2f with 1 params (varargs=0) at line 1399
[1;36mdebug: [0mc_header: w_name=__exp2f
[1;36mdebug: [0mc_header: parsed function __exp2f with 1 params (varargs=0) at line 1399
[1;36mdebug: [0mc_header: w_name=log2f
[1;36mdebug: [0mc_header: parsed function log2f with 1 params (varargs=0) at line 1402
[1;36mdebug: [0mc_header: w_name=__log2f
[1;36mdebug: [0mc_header: parsed function __log2f with 1 params (varargs=0) at line 1402
[1;36mdebug: [0mc_header: w_name=powf
[1;36mdebug: [0mc_header: parsed function powf with 2 params (varargs=0) at line 1409
[1;36mdebug: [0mc_header: w_name=__powf
[1;36mdebug: [0mc_header: parsed function __powf with 2 params (varargs=0) at line 1409
[1;36mdebug: [0mc_header: w_name=sqrtf
[1;36mdebug: [0mc_header: parsed function sqrtf with 1 params (varargs=0) at line 1412
[1;36mdebug: [0mc_header: w_name=__sqrtf
[1;36mdebug: [0mc_header: parsed function __sqrtf with 1 params (varargs=0) at line 1412
[1;36mdebug: [0mc_header: w_name=hypotf
[1;36mdebug: [0mc_header: parsed function hypotf with 2 params (varargs=0) at line 1416
[1;36mdebug: [0mc_header: w_name=__hypotf
[1;36mdebug: [0mc_header: parsed function __hypotf with 2 params (varargs=0) at line 1416
[1;36mdebug: [0mc_header: w_name=cbrtf
[1;36mdebug: [0mc_header: parsed function cbrtf with 1 params (varargs=0) at line 1421
[1;36mdebug: [0mc_header: w_name=__cbrtf
[1;36mdebug: [0mc_header: parsed function __cbrtf with 1 params (varargs=0) at line 1421
[1;36mdebug: [0mc_header: w_name=compoundnf
[1;36mdebug: [0mc_header: parsed function compoundnf with 2 params (varargs=0) at line 1426
[1;36mdebug: [0mc_header: w_name=__compoundnf
[1;36mdebug: [0mc_header: parsed function __compoundnf with 2 params (varargs=0) at line 1426
[1;36mdebug: [0mc_header: w_name=pownf
[1;36mdebug: [0mc_header: parsed function pownf with 2 params (varargs=0) at line 1429
[1;36mdebug: [0mc_header: w_name=__pownf
[1;36mdebug: [0mc_header: parsed function __pownf with 2 params (varargs=0) at line 1429
[1;36mdebug: [0mc_header: w_name=powrf
[1;36mdebug: [0mc_header: parsed function powrf with 2 params (varargs=0) at line 1432
[1;36mdebug: [0mc_header: w_name=__powrf
[1;36mdebug: [0mc_header: parsed function __powrf with 2 params (varargs=0) at line 1432
[1;36mdebug: [0mc_header: w_name=powrf
[1;36mdebug: [0mc_header: parsed function powrf with 2 params (varargs=0) at line 1433
[1;36mdebug: [0mc_header: w_name=__powrf
[1;36mdebug: [0mc_header: parsed function __powrf with 2 params (varargs=0) at line 1433
[1;36mdebug: [0mc_header: w_name=rootnf
[1;36mdebug: [0mc_header: parsed function rootnf with 2 params (varargs=0) at line 1436
[1;36mdebug: [0mc_header: w_name=__rootnf
[1;36mdebug: [0mc_header: parsed function __rootnf with 2 params (varargs=0) at line 1436
[1;36mdebug: [0mc_header: w_name=rsqrtf
[1;36mdebug: [0mc_header: parsed function rsqrtf with 1 params (varargs=0) at line 1439
[1;36mdebug: [0mc_header: w_name=__rsqrtf
[1;36mdebug: [0mc_header: parsed function __rsqrtf with 1 params (varargs=0) at line 1439
[1;36mdebug: [0mc_header: w_name=ceilf
[1;36mdebug: [0mc_header: parsed function ceilf with 1 params (varargs=0) at line 1446
[1;36mdebug: [0mc_header: w_name=fabsf
[1;36mdebug: [0mc_header: parsed function fabsf with 1 params (varargs=0) at line 1449
[1;36mdebug: [0mc_header: w_name=floorf
[1;36mdebug: [0mc_header: parsed function floorf with 1 params (varargs=0) at line 1452
[1;36mdebug: [0mc_header: w_name=fmodf
[1;36mdebug: [0mc_header: parsed function fmodf with 2 params (varargs=0) at line 1455
[1;36mdebug: [0mc_header: w_name=__fmodf
[1;36mdebug: [0mc_header: parsed function __fmodf with 2 params (varargs=0) at line 1455
[1;36mdebug: [0mc_header: w_name=isinff
[1;36mdebug: [0mc_header: parsed function isinff with 1 params (varargs=0) at line 1457
[1;36mdebug: [0mc_header: w_name=finitef
[1;36mdebug: [0mc_header: parsed function finitef with 1 params (varargs=0) at line 1463
[1;36mdebug: [0mc_header: w_name=dremf
[1;36mdebug: [0mc_header: parsed function dremf with 2 params (varargs=0) at line 1467
[1;36mdebug: [0mc_header: w_name=__dremf
[1;36mdebug: [0mc_header: parsed function __dremf with 2 params (varargs=0) at line 1467
[1;36mdebug: [0mc_header: w_name=significandf
[1;36mdebug: [0mc_header: parsed function significandf with 1 params (varargs=0) at line 1471
[1;36mdebug: [0mc_header: w_name=__significandf
[1;36mdebug: [0mc_header: parsed function __significandf with 1 params (varargs=0) at line 1471
[1;36mdebug: [0mc_header: w_name=copysignf
[1;36mdebug: [0mc_header: parsed function copysignf with 2 params (varargs=0) at line 1478
[1;36mdebug: [0mc_header: w_name=nanf
[1;36mdebug: [0mc_header: parsed function nanf with 1 params (varargs=0) at line 1483
[1;36mdebug: [0mc_header: w_name=__nanf
[1;36mdebug: [0mc_header: parsed function __nanf with 1 params (varargs=0) at line 1483
[1;36mdebug: [0mc_header: w_name=isnanf
[1;36mdebug: [0mc_header: parsed function isnanf with 1 params (varargs=0) at line 1485
[1;36mdebug: [0mc_header: w_name=j0f
[1;36mdebug: [0mc_header: parsed function j0f with 1 params (varargs=0) at line 1492
[1;36mdebug: [0mc_header: w_name=__j0f
[1;36mdebug: [0mc_header: parsed function __j0f with 1 params (varargs=0) at line 1492
[1;36mdebug: [0mc_header: w_name=j1f
[1;36mdebug: [0mc_header: parsed function j1f with 1 params (varargs=0) at line 1493
[1;36mdebug: [0mc_header: w_name=__j1f
[1;36mdebug: [0mc_header: parsed function __j1f with 1 params (varargs=0) at line 1493
[1;36mdebug: [0mc_header: w_name=jnf
[1;36mdebug: [0mc_header: parsed function jnf with 2 params (varargs=0) at line 1494
[1;36mdebug: [0mc_header: w_name=__jnf
[1;36mdebug: [0mc_header: parsed function __jnf with 2 params (varargs=0) at line 1494
[1;36mdebug: [0mc_header: w_name=y0f
[1;36mdebug: [0mc_header: parsed function y0f with 1 params (varargs=0) at line 1495
[1;36mdebug: [0mc_header: w_name=__y0f
[1;36mdebug: [0mc_header: parsed function __y0f with 1 params (varargs=0) at line 1495
[1;36mdebug: [0mc_header: w_name=y1f
[1;36mdebug: [0mc_header: parsed function y1f with 1 params (varargs=0) at line 1496
[1;36mdebug: [0mc_header: w_name=__y1f
[1;36mdebug: [0mc_header: parsed function __y1f with 1 params (varargs=0) at line 1496
[1;36mdebug: [0mc_header: w_name=ynf
[1;36mdebug: [0mc_header: parsed function ynf with 2 params (varargs=0) at line 1497
[1;36mdebug: [0mc_header: w_name=__ynf
[1;36mdebug: [0mc_header: parsed function __ynf with 2 params (varargs=0) at line 1497
[1;36mdebug: [0mc_header: w_name=erff
[1;36mdebug: [0mc_header: parsed function erff with 1 params (varargs=0) at line 1503
[1;36mdebug: [0mc_header: w_name=__erff
[1;36mdebug: [0mc_header: parsed function __erff with 1 params (varargs=0) at line 1503
[1;36mdebug: [0mc_header: w_name=erfcf
[1;36mdebug: [0mc_header: parsed function erfcf with 1 params (varargs=0) at line 1504
[1;36mdebug: [0mc_header: w_name=__erfcf
[1;36mdebug: [0mc_header: parsed function __erfcf with 1 params (varargs=0) at line 1504
[1;36mdebug: [0mc_header: w_name=lgammaf
[1;36mdebug: [0mc_header: parsed function lgammaf with 1 params (varargs=0) at line 1505
[1;36mdebug: [0mc_header: w_name=__lgammaf
[1;36mdebug: [0mc_header: parsed function __lgammaf with 1 params (varargs=0) at line 1505
[1;36mdebug: [0mc_header: w_name=tgammaf
[1;36mdebug: [0mc_header: parsed function tgammaf with 1 params (varargs=0) at line 1510
[1;36mdebug: [0mc_header: w_name=__tgammaf
[1;36mdebug: [0mc_header: parsed function __tgammaf with 1 params (varargs=0) at line 1510
[1;36mdebug: [0mc_header: w_name=gammaf
[1;36mdebug: [0mc_header: parsed function gammaf with 1 params (varargs=0) at line 1516
[1;36mdebug: [0mc_header: w_name=__gammaf
[1;36mdebug: [0mc_header: parsed function __gammaf with 1 params (varargs=0) at line 1516
[1;36mdebug: [0mc_header: w_name=lgammaf_r
[1;36mdebug: [0mc_header: parsed function lgammaf_r with 2 params (varargs=0) at line 1524
[1;36mdebug: [0mc_header: w_name=__lgammaf_r
[1;36mdebug: [0mc_header: parsed function __lgammaf_r with 2 params (varargs=0) at line 1524
[1;36mdebug: [0mc_header: w_name=rintf
[1;36mdebug: [0mc_header: parsed function rintf with 1 params (varargs=0) at line 1531
[1;36mdebug: [0mc_header: w_name=__rintf
[1;36mdebug: [0mc_header: parsed function __rintf with 1 params (varargs=0) at line 1531
[1;36mdebug: [0mc_header: w_name=nextafterf
[1;36mdebug: [0mc_header: parsed function nextafterf with 2 params (varargs=0) at line 1534
[1;36mdebug: [0mc_header: w_name=__nextafterf
[1;36mdebug: [0mc_header: parsed function __nextafterf with 2 params (varargs=0) at line 1534
[1;36mdebug: [0mc_header: w_name=nexttowardf
[1;36mdebug: [0mc_header: parsed function nexttowardf with 2 params (varargs=0) at line 1536
[1;36mdebug: [0mc_header: w_name=__nexttowardf
[1;36mdebug: [0mc_header: parsed function __nexttowardf with 2 params (varargs=0) at line 1536
[1;36mdebug: [0mc_header: w_name=nextdownf
[1;36mdebug: [0mc_header: parsed function nextdownf with 1 params (varargs=0) at line 1541
[1;36mdebug: [0mc_header: w_name=__nextdownf
[1;36mdebug: [0mc_header: parsed function __nextdownf with 1 params (varargs=0) at line 1541
[1;36mdebug: [0mc_header: w_name=nextupf
[1;36mdebug: [0mc_header: parsed function nextupf with 1 params (varargs=0) at line 1543
[1;36mdebug: [0mc_header: w_name=__nextupf
[1;36mdebug: [0mc_header: parsed function __nextupf with 1 params (varargs=0) at line 1543
[1;36mdebug: [0mc_header: w_name=remainderf
[1;36mdebug: [0mc_header: parsed function remainderf with 2 params (varargs=0) at line 1547
[1;36mdebug: [0mc_header: w_name=__remainderf
[1;36mdebug: [0mc_header: parsed function __remainderf with 2 params (varargs=0) at line 1547
[1;36mdebug: [0mc_header: w_name=scalbnf
[1;36mdebug: [0mc_header: parsed function scalbnf with 2 params (varargs=0) at line 1551
[1;36mdebug: [0mc_header: w_name=__scalbnf
[1;36mdebug: [0mc_header: parsed function __scalbnf with 2 params (varargs=0) at line 1551
[1;36mdebug: [0mc_header: w_name=ilogbf
[1;36mdebug: [0mc_header: parsed function ilogbf with 1 params (varargs=0) at line 1555
[1;36mdebug: [0mc_header: w_name=__ilogbf
[1;36mdebug: [0mc_header: parsed function __ilogbf with 1 params (varargs=0) at line 1555
[1;36mdebug: [0mc_header: w_name=llogbf
[1;36mdebug: [0mc_header: parsed function llogbf with 1 params (varargs=0) at line 1560
[1;36mdebug: [0mc_header: w_name=__llogbf
[1;36mdebug: [0mc_header: parsed function __llogbf with 1 params (varargs=0) at line 1560
[1;36mdebug: [0mc_header: w_name=scalblnf
[1;36mdebug: [0mc_header: parsed function scalblnf with 2 params (varargs=0) at line 1565
[1;36mdebug: [0mc_header: w_name=__scalblnf
[1;36mdebug: [0mc_header: parsed function __scalblnf with 2 params (varargs=0) at line 1565
[1;36mdebug: [0mc_header: w_name=nearbyintf
[1;36mdebug: [0mc_header: parsed function nearbyintf with 1 params (varargs=0) at line 1569
[1;36mdebug: [0mc_header: w_name=__nearbyintf
[1;36mdebug: [0mc_header: parsed function __nearbyintf with 1 params (varargs=0) at line 1569
[1;36mdebug: [0mc_header: w_name=roundf
[1;36mdebug: [0mc_header: parsed function roundf with 1 params (varargs=0) at line 1573
[1;36mdebug: [0mc_header: w_name=truncf
[1;36mdebug: [0mc_header: parsed function truncf with 1 params (varargs=0) at line 1577
[1;36mdebug: [0mc_header: w_name=remquof
[1;36mdebug: [0mc_header: parsed function remquof with 3 params (varargs=0) at line 1582
[1;36mdebug: [0mc_header: w_name=__remquof
[1;36mdebug: [0mc_header: parsed function __remquof with 3 params (varargs=0) at line 1582
[1;36mdebug: [0mc_header: w_name=lrintf
[1;36mdebug: [0mc_header: parsed function lrintf with 1 params (varargs=0) at line 1589
[1;36mdebug: [0mc_header: w_name=__lrintf
[1;36mdebug: [0mc_header: parsed function __lrintf with 1 params (varargs=0) at line 1589
[1;36mdebug: [0mc_header: w_name=llrintf
[1;36mdebug: [0mc_header: parsed function llrintf with 1 params (varargs=0) at line 1591
[1;36mdebug: [0mc_header: w_name=__llrintf
[1;36mdebug: [0mc_header: parsed function __llrintf with 1 params (varargs=0) at line 1591
[1;36mdebug: [0mc_header: w_name=lroundf
[1;36mdebug: [0mc_header: parsed function lroundf with 1 params (varargs=0) at line 1595
[1;36mdebug: [0mc_header: w_name=__lroundf
[1;36mdebug: [0mc_header: parsed function __lroundf with 1 params (varargs=0) at line 1595
[1;36mdebug: [0mc_header: w_name=llroundf
[1;36mdebug: [0mc_header: parsed function llroundf with 1 params (varargs=0) at line 1597
[1;36mdebug: [0mc_header: w_name=__llroundf
[1;36mdebug: [0mc_header: parsed function __llroundf with 1 params (varargs=0) at line 1597
[1;36mdebug: [0mc_header: w_name=fdimf
[1;36mdebug: [0mc_header: parsed function fdimf with 2 params (varargs=0) at line 1601
[1;36mdebug: [0mc_header: w_name=__fdimf
[1;36mdebug: [0mc_header: parsed function __fdimf with 2 params (varargs=0) at line 1601
[1;36mdebug: [0mc_header: w_name=fmaxf
[1;36mdebug: [0mc_header: parsed function fmaxf with 2 params (varargs=0) at line 1605
[1;36mdebug: [0mc_header: w_name=fminf
[1;36mdebug: [0mc_header: parsed function fminf with 2 params (varargs=0) at line 1608
[1;36mdebug: [0mc_header: w_name=fmaf
[1;36mdebug: [0mc_header: parsed function fmaf with 3 params (varargs=0) at line 1612
[1;36mdebug: [0mc_header: w_name=__fmaf
[1;36mdebug: [0mc_header: parsed function __fmaf with 3 params (varargs=0) at line 1612
[1;36mdebug: [0mc_header: w_name=roundevenf
[1;36mdebug: [0mc_header: parsed function roundevenf with 1 params (varargs=0) at line 1617
[1;36mdebug: [0mc_header: w_name=fromfpf
[1;36mdebug: [0mc_header: parsed function fromfpf with 3 params (varargs=0) at line 1621
[1;36mdebug: [0mc_header: w_name=__fromfpf
[1;36mdebug: [0mc_header: parsed function __fromfpf with 3 params (varargs=0) at line 1621
[1;36mdebug: [0mc_header: w_name=ufromfpf
[1;36mdebug: [0mc_header: parsed function ufromfpf with 3 params (varargs=0) at line 1625
[1;36mdebug: [0mc_header: w_name=__ufromfpf
[1;36mdebug: [0mc_header: parsed function __ufromfpf with 3 params (varargs=0) at line 1625
[1;36mdebug: [0mc_header: w_name=fromfpxf
[1;36mdebug: [0mc_header: parsed function fromfpxf with 3 params (varargs=0) at line 1630
[1;36mdebug: [0mc_header: w_name=__fromfpxf
[1;36mdebug: [0mc_header: parsed function __fromfpxf with 3 params (varargs=0) at line 1630
[1;36mdebug: [0mc_header: w_name=ufromfpxf
[1;36mdebug: [0mc_header: parsed function ufromfpxf with 3 params (varargs=0) at line 1635
[1;36mdebug: [0mc_header: w_name=__ufromfpxf
[1;36mdebug: [0mc_header: parsed function __ufromfpxf with 3 params (varargs=0) at line 1635
[1;36mdebug: [0mc_header: w_name=canonicalizef
[1;36mdebug: [0mc_header: parsed function canonicalizef with 2 params (varargs=0) at line 1638
[1;36mdebug: [0mc_header: w_name=fmaximumf
[1;36mdebug: [0mc_header: parsed function fmaximumf with 2 params (varargs=0) at line 1640
[1;36mdebug: [0mc_header: w_name=fminimumf
[1;36mdebug: [0mc_header: parsed function fminimumf with 2 params (varargs=0) at line 1643
[1;36mdebug: [0mc_header: w_name=fmaximum_numf
[1;36mdebug: [0mc_header: parsed function fmaximum_numf with 2 params (varargs=0) at line 1646
[1;36mdebug: [0mc_header: w_name=fminimum_numf
[1;36mdebug: [0mc_header: parsed function fminimum_numf with 2 params (varargs=0) at line 1649
[1;36mdebug: [0mc_header: w_name=fmaximum_magf
[1;36mdebug: [0mc_header: parsed function fmaximum_magf with 2 params (varargs=0) at line 1652
[1;36mdebug: [0mc_header: w_name=fminimum_magf
[1;36mdebug: [0mc_header: parsed function fminimum_magf with 2 params (varargs=0) at line 1655
[1;36mdebug: [0mc_header: w_name=fmaximum_mag_numf
[1;36mdebug: [0mc_header: parsed function fmaximum_mag_numf with 2 params (varargs=0) at line 1658
[1;36mdebug: [0mc_header: w_name=fminimum_mag_numf
[1;36mdebug: [0mc_header: parsed function fminimum_mag_numf with 2 params (varargs=0) at line 1661
[1;36mdebug: [0mc_header: w_name=scalbf
[1;36mdebug: [0mc_header: parsed function scalbf with 2 params (varargs=0) at line 1663
[1;36mdebug: [0mc_header: w_name=__scalbf
[1;36mdebug: [0mc_header: parsed function __scalbf with 2 params (varargs=0) at line 1663
[1;36mdebug: [0mc_header: w_name=__fpclassifyl
[1;36mdebug: [0mc_header: parsed function __fpclassifyl with 1 params (varargs=0) at line 1668
[1;36mdebug: [0mc_header: w_name=__signbitl
[1;36mdebug: [0mc_header: parsed function __signbitl with 1 params (varargs=0) at line 1672
[1;36mdebug: [0mc_header: w_name=__isinfl
[1;36mdebug: [0mc_header: parsed function __isinfl with 1 params (varargs=0) at line 1677
[1;36mdebug: [0mc_header: w_name=__finitel
[1;36mdebug: [0mc_header: parsed function __finitel with 1 params (varargs=0) at line 1681
[1;36mdebug: [0mc_header: w_name=__isnanl
[1;36mdebug: [0mc_header: parsed function __isnanl with 1 params (varargs=0) at line 1685
[1;36mdebug: [0mc_header: w_name=__iseqsigl
[1;36mdebug: [0mc_header: parsed function __iseqsigl with 2 params (varargs=0) at line 1689
[1;36mdebug: [0mc_header: w_name=__issignalingl
[1;36mdebug: [0mc_header: parsed function __issignalingl with 1 params (varargs=0) at line 1692
[1;36mdebug: [0mc_header: w_name=acosl
[1;36mdebug: [0mc_header: parsed function acosl with 1 params (varargs=0) at line 1697
[1;36mdebug: [0mc_header: w_name=__acosl
[1;36mdebug: [0mc_header: parsed function __acosl with 1 params (varargs=0) at line 1697
[1;36mdebug: [0mc_header: w_name=asinl
[1;36mdebug: [0mc_header: parsed function asinl with 1 params (varargs=0) at line 1699
[1;36mdebug: [0mc_header: w_name=__asinl
[1;36mdebug: [0mc_header: parsed function __asinl with 1 params (varargs=0) at line 1699
[1;36mdebug: [0mc_header: w_name=atanl
[1;36mdebug: [0mc_header: parsed function atanl with 1 params (varargs=0) at line 1701
[1;36mdebug: [0mc_header: w_name=__atanl
[1;36mdebug: [0mc_header: parsed function __atanl with 1 params (varargs=0) at line 1701
[1;36mdebug: [0mc_header: w_name=atan2l
[1;36mdebug: [0mc_header: parsed function atan2l with 2 params (varargs=0) at line 1703
[1;36mdebug: [0mc_header: w_name=__atan2l
[1;36mdebug: [0mc_header: parsed function __atan2l with 2 params (varargs=0) at line 1703
[1;36mdebug: [0mc_header: w_name=cosl
[1;36mdebug: [0mc_header: parsed function cosl with 1 params (varargs=0) at line 1706
[1;36mdebug: [0mc_header: w_name=__cosl
[1;36mdebug: [0mc_header: parsed function __cosl with 1 params (varargs=0) at line 1706
[1;36mdebug: [0mc_header: w_name=sinl
[1;36mdebug: [0mc_header: parsed function sinl with 1 params (varargs=0) at line 1708
[1;36mdebug: [0mc_header: w_name=__sinl
[1;36mdebug: [0mc_header: parsed function __sinl with 1 params (varargs=0) at line 1708
[1;36mdebug: [0mc_header: w_name=tanl
[1;36mdebug: [0mc_header: parsed function tanl with 1 params (varargs=0) at line 1710
[1;36mdebug: [0mc_header: w_name=__tanl
[1;36mdebug: [0mc_header: parsed function __tanl with 1 params (varargs=0) at line 1710
[1;36mdebug: [0mc_header: w_name=acospil
[1;36mdebug: [0mc_header: parsed function acospil with 1 params (varargs=0) at line 1714
[1;36mdebug: [0mc_header: w_name=__acospil
[1;36mdebug: [0mc_header: parsed function __acospil with 1 params (varargs=0) at line 1714
[1;36mdebug: [0mc_header: w_name=acospil
[1;36mdebug: [0mc_header: parsed function acospil with 1 params (varargs=0) at line 1715
[1;36mdebug: [0mc_header: w_name=__acospil
[1;36mdebug: [0mc_header: parsed function __acospil with 1 params (varargs=0) at line 1715
[1;36mdebug: [0mc_header: w_name=asinpil
[1;36mdebug: [0mc_header: parsed function asinpil with 1 params (varargs=0) at line 1717
[1;36mdebug: [0mc_header: w_name=__asinpil
[1;36mdebug: [0mc_header: parsed function __asinpil with 1 params (varargs=0) at line 1717
[1;36mdebug: [0mc_header: w_name=asinpil
[1;36mdebug: [0mc_header: parsed function asinpil with 1 params (varargs=0) at line 1718
[1;36mdebug: [0mc_header: w_name=__asinpil
[1;36mdebug: [0mc_header: parsed function __asinpil with 1 params (varargs=0) at line 1718
[1;36mdebug: [0mc_header: w_name=atanpil
[1;36mdebug: [0mc_header: parsed function atanpil with 1 params (varargs=0) at line 1720
[1;36mdebug: [0mc_header: w_name=__atanpil
[1;36mdebug: [0mc_header: parsed function __atanpil with 1 params (varargs=0) at line 1720
[1;36mdebug: [0mc_header: w_name=atanpil
[1;36mdebug: [0mc_header: parsed function atanpil with 1 params (varargs=0) at line 1721
[1;36mdebug: [0mc_header: w_name=__atanpil
[1;36mdebug: [0mc_header: parsed function __atanpil with 1 params (varargs=0) at line 1721
[1;36mdebug: [0mc_header: w_name=atan2pil
[1;36mdebug: [0mc_header: parsed function atan2pil with 2 params (varargs=0) at line 1723
[1;36mdebug: [0mc_header: w_name=__atan2pil
[1;36mdebug: [0mc_header: parsed function __atan2pil with 2 params (varargs=0) at line 1723
[1;36mdebug: [0mc_header: w_name=atan2pil
[1;36mdebug: [0mc_header: parsed function atan2pil with 2 params (varargs=0) at line 1724
[1;36mdebug: [0mc_header: w_name=__atan2pil
[1;36mdebug: [0mc_header: parsed function __atan2pil with 2 params (varargs=0) at line 1724
[1;36mdebug: [0mc_header: w_name=cospil
[1;36mdebug: [0mc_header: parsed function cospil with 1 params (varargs=0) at line 1727
[1;36mdebug: [0mc_header: w_name=__cospil
[1;36mdebug: [0mc_header: parsed function __cospil with 1 params (varargs=0) at line 1727
[1;36mdebug: [0mc_header: w_name=sinpil
[1;36mdebug: [0mc_header: parsed function sinpil with 1 params (varargs=0) at line 1729
[1;36mdebug: [0mc_header: w_name=__sinpil
[1;36mdebug: [0mc_header: parsed function __sinpil with 1 params (varargs=0) at line 1729
[1;36mdebug: [0mc_header: w_name=tanpil
[1;36mdebug: [0mc_header: parsed function tanpil with 1 params (varargs=0) at line 1731
[1;36mdebug: [0mc_header: w_name=__tanpil
[1;36mdebug: [0mc_header: parsed function __tanpil with 1 params (varargs=0) at line 1731
[1;36mdebug: [0mc_header: w_name=coshl
[1;36mdebug: [0mc_header: parsed function coshl with 1 params (varargs=0) at line 1737
[1;36mdebug: [0mc_header: w_name=__coshl
[1;36mdebug: [0mc_header: parsed function __coshl with 1 params (varargs=0) at line 1737
[1;36mdebug: [0mc_header: w_name=sinhl
[1;36mdebug: [0mc_header: parsed function sinhl with 1 params (varargs=0) at line 1739
[1;36mdebug: [0mc_header: w_name=__sinhl
[1;36mdebug: [0mc_header: parsed function __sinhl with 1 params (varargs=0) at line 1739
[1;36mdebug: [0mc_header: w_name=tanhl
[1;36mdebug: [0mc_header: parsed function tanhl with 1 params (varargs=0) at line 1741
[1;36mdebug: [0mc_header: w_name=__tanhl
[1;36mdebug: [0mc_header: parsed function __tanhl with 1 params (varargs=0) at line 1741
[1;36mdebug: [0mc_header: w_name=acoshl
[1;36mdebug: [0mc_header: parsed function acoshl with 1 params (varargs=0) at line 1743
[1;36mdebug: [0mc_header: w_name=__acoshl
[1;36mdebug: [0mc_header: parsed function __acoshl with 1 params (varargs=0) at line 1743
[1;36mdebug: [0mc_header: w_name=asinhl
[1;36mdebug: [0mc_header: parsed function asinhl with 1 params (varargs=0) at line 1745
[1;36mdebug: [0mc_header: w_name=__asinhl
[1;36mdebug: [0mc_header: parsed function __asinhl with 1 params (varargs=0) at line 1745
[1;36mdebug: [0mc_header: w_name=atanhl
[1;36mdebug: [0mc_header: parsed function atanhl with 1 params (varargs=0) at line 1747
[1;36mdebug: [0mc_header: w_name=__atanhl
[1;36mdebug: [0mc_header: parsed function __atanhl with 1 params (varargs=0) at line 1747
[1;36mdebug: [0mc_header: w_name=expl
[1;36mdebug: [0mc_header: parsed function expl with 1 params (varargs=0) at line 1753
[1;36mdebug: [0mc_header: w_name=__expl
[1;36mdebug: [0mc_header: parsed function __expl with 1 params (varargs=0) at line 1753
[1;36mdebug: [0mc_header: w_name=frexpl
[1;36mdebug: [0mc_header: parsed function frexpl with 2 params (varargs=0) at line 1756
[1;36mdebug: [0mc_header: w_name=__frexpl
[1;36mdebug: [0mc_header: parsed function __frexpl with 2 params (varargs=0) at line 1756
[1;36mdebug: [0mc_header: w_name=ldexpl
[1;36mdebug: [0mc_header: parsed function ldexpl with 2 params (varargs=0) at line 1759
[1;36mdebug: [0mc_header: w_name=__ldexpl
[1;36mdebug: [0mc_header: parsed function __ldexpl with 2 params (varargs=0) at line 1759
[1;36mdebug: [0mc_header: w_name=logl
[1;36mdebug: [0mc_header: parsed function logl with 1 params (varargs=0) at line 1762
[1;36mdebug: [0mc_header: w_name=__logl
[1;36mdebug: [0mc_header: parsed function __logl with 1 params (varargs=0) at line 1762
[1;36mdebug: [0mc_header: w_name=log10l
[1;36mdebug: [0mc_header: parsed function log10l with 1 params (varargs=0) at line 1765
[1;36mdebug: [0mc_header: w_name=__log10l
[1;36mdebug: [0mc_header: parsed function __log10l with 1 params (varargs=0) at line 1765
[1;36mdebug: [0mc_header: w_name=modfl
[1;36mdebug: [0mc_header: parsed function modfl with 2 params (varargs=0) at line 1768
[1;36mdebug: [0mc_header: w_name=__modfl
[1;36mdebug: [0mc_header: parsed function __modfl with 2 params (varargs=0) at line 1768
[1;36mdebug: [0mc_header: w_name=exp10l
[1;36mdebug: [0mc_header: parsed function exp10l with 1 params (varargs=0) at line 1772
[1;36mdebug: [0mc_header: w_name=__exp10l
[1;36mdebug: [0mc_header: parsed function __exp10l with 1 params (varargs=0) at line 1772
[1;36mdebug: [0mc_header: w_name=exp2m1l
[1;36mdebug: [0mc_header: parsed function exp2m1l with 1 params (varargs=0) at line 1775
[1;36mdebug: [0mc_header: w_name=__exp2m1l
[1;36mdebug: [0mc_header: parsed function __exp2m1l with 1 params (varargs=0) at line 1775
[1;36mdebug: [0mc_header: w_name=exp10m1l
[1;36mdebug: [0mc_header: parsed function exp10m1l with 1 params (varargs=0) at line 1778
[1;36mdebug: [0mc_header: w_name=__exp10m1l
[1;36mdebug: [0mc_header: parsed function __exp10m1l with 1 params (varargs=0) at line 1778
[1;36mdebug: [0mc_header: w_name=log2p1l
[1;36mdebug: [0mc_header: parsed function log2p1l with 1 params (varargs=0) at line 1781
[1;36mdebug: [0mc_header: w_name=__log2p1l
[1;36mdebug: [0mc_header: parsed function __log2p1l with 1 params (varargs=0) at line 1781
[1;36mdebug: [0mc_header: w_name=log10p1l
[1;36mdebug: [0mc_header: parsed function log10p1l with 1 params (varargs=0) at line 1784
[1;36mdebug: [0mc_header: w_name=__log10p1l
[1;36mdebug: [0mc_header: parsed function __log10p1l with 1 params (varargs=0) at line 1784
[1;36mdebug: [0mc_header: w_name=logp1l
[1;36mdebug: [0mc_header: parsed function logp1l with 1 params (varargs=0) at line 1787
[1;36mdebug: [0mc_header: w_name=__logp1l
[1;36mdebug: [0mc_header: parsed function __logp1l with 1 params (varargs=0) at line 1787
[1;36mdebug: [0mc_header: w_name=expm1l
[1;36mdebug: [0mc_header: parsed function expm1l with 1 params (varargs=0) at line 1792
[1;36mdebug: [0mc_header: w_name=__expm1l
[1;36mdebug: [0mc_header: parsed function __expm1l with 1 params (varargs=0) at line 1792
[1;36mdebug: [0mc_header: w_name=log1pl
[1;36mdebug: [0mc_header: parsed function log1pl with 1 params (varargs=0) at line 1795
[1;36mdebug: [0mc_header: w_name=__log1pl
[1;36mdebug: [0mc_header: parsed function __log1pl with 1 params (varargs=0) at line 1795
[1;36mdebug: [0mc_header: w_name=logbl
[1;36mdebug: [0mc_header: parsed function logbl with 1 params (varargs=0) at line 1798
[1;36mdebug: [0mc_header: w_name=__logbl
[1;36mdebug: [0mc_header: parsed function __logbl with 1 params (varargs=0) at line 1798
[1;36mdebug: [0mc_header: w_name=exp2l
[1;36mdebug: [0mc_header: parsed function exp2l with 1 params (varargs=0) at line 1803
[1;36mdebug: [0mc_header: w_name=__exp2l
[1;36mdebug: [0mc_header: parsed function __exp2l with 1 params (varargs=0) at line 1803
[1;36mdebug: [0mc_header: w_name=log2l
[1;36mdebug: [0mc_header: parsed function log2l with 1 params (varargs=0) at line 1806
[1;36mdebug: [0mc_header: w_name=__log2l
[1;36mdebug: [0mc_header: parsed function __log2l with 1 params (varargs=0) at line 1806
[1;36mdebug: [0mc_header: w_name=powl
[1;36mdebug: [0mc_header: parsed function powl with 2 params (varargs=0) at line 1813
[1;36mdebug: [0mc_header: w_name=__powl
[1;36mdebug: [0mc_header: parsed function __powl with 2 params (varargs=0) at line 1813
[1;36mdebug: [0mc_header: w_name=sqrtl
[1;36mdebug: [0mc_header: parsed function sqrtl with 1 params (varargs=0) at line 1816
[1;36mdebug: [0mc_header: w_name=__sqrtl
[1;36mdebug: [0mc_header: parsed function __sqrtl with 1 params (varargs=0) at line 1816
[1;36mdebug: [0mc_header: w_name=hypotl
[1;36mdebug: [0mc_header: parsed function hypotl with 2 params (varargs=0) at line 1820
[1;36mdebug: [0mc_header: w_name=__hypotl
[1;36mdebug: [0mc_header: parsed function __hypotl with 2 params (varargs=0) at line 1820
[1;36mdebug: [0mc_header: w_name=cbrtl
[1;36mdebug: [0mc_header: parsed function cbrtl with 1 params (varargs=0) at line 1825
[1;36mdebug: [0mc_header: w_name=__cbrtl
[1;36mdebug: [0mc_header: parsed function __cbrtl with 1 params (varargs=0) at line 1825
[1;36mdebug: [0mc_header: w_name=compoundnl
[1;36mdebug: [0mc_header: parsed function compoundnl with 2 params (varargs=0) at line 1830
[1;36mdebug: [0mc_header: w_name=__compoundnl
[1;36mdebug: [0mc_header: parsed function __compoundnl with 2 params (varargs=0) at line 1830
[1;36mdebug: [0mc_header: w_name=pownl
[1;36mdebug: [0mc_header: parsed function pownl with 2 params (varargs=0) at line 1833
[1;36mdebug: [0mc_header: w_name=__pownl
[1;36mdebug: [0mc_header: parsed function __pownl with 2 params (varargs=0) at line 1833
[1;36mdebug: [0mc_header: w_name=powrl
[1;36mdebug: [0mc_header: parsed function powrl with 2 params (varargs=0) at line 1836
[1;36mdebug: [0mc_header: w_name=__powrl
[1;36mdebug: [0mc_header: parsed function __powrl with 2 params (varargs=0) at line 1836
[1;36mdebug: [0mc_header: w_name=powrl
[1;36mdebug: [0mc_header: parsed function powrl with 2 params (varargs=0) at line 1837
[1;36mdebug: [0mc_header: w_name=__powrl
[1;36mdebug: [0mc_header: parsed function __powrl with 2 params (varargs=0) at line 1837
[1;36mdebug: [0mc_header: w_name=rootnl
[1;36mdebug: [0mc_header: parsed function rootnl with 2 params (varargs=0) at line 1840
[1;36mdebug: [0mc_header: w_name=__rootnl
[1;36mdebug: [0mc_header: parsed function __rootnl with 2 params (varargs=0) at line 1840
[1;36mdebug: [0mc_header: w_name=rsqrtl
[1;36mdebug: [0mc_header: parsed function rsqrtl with 1 params (varargs=0) at line 1843
[1;36mdebug: [0mc_header: w_name=__rsqrtl
[1;36mdebug: [0mc_header: parsed function __rsqrtl with 1 params (varargs=0) at line 1843
[1;36mdebug: [0mc_header: w_name=ceill
[1;36mdebug: [0mc_header: parsed function ceill with 1 params (varargs=0) at line 1850
[1;36mdebug: [0mc_header: w_name=fabsl
[1;36mdebug: [0mc_header: parsed function fabsl with 1 params (varargs=0) at line 1853
[1;36mdebug: [0mc_header: w_name=floorl
[1;36mdebug: [0mc_header: parsed function floorl with 1 params (varargs=0) at line 1856
[1;36mdebug: [0mc_header: w_name=fmodl
[1;36mdebug: [0mc_header: parsed function fmodl with 2 params (varargs=0) at line 1859
[1;36mdebug: [0mc_header: w_name=__fmodl
[1;36mdebug: [0mc_header: parsed function __fmodl with 2 params (varargs=0) at line 1859
[1;36mdebug: [0mc_header: w_name=isinfl
[1;36mdebug: [0mc_header: parsed function isinfl with 1 params (varargs=0) at line 1861
[1;36mdebug: [0mc_header: w_name=finitel
[1;36mdebug: [0mc_header: parsed function finitel with 1 params (varargs=0) at line 1867
[1;36mdebug: [0mc_header: w_name=dreml
[1;36mdebug: [0mc_header: parsed function dreml with 2 params (varargs=0) at line 1871
[1;36mdebug: [0mc_header: w_name=__dreml
[1;36mdebug: [0mc_header: parsed function __dreml with 2 params (varargs=0) at line 1871
[1;36mdebug: [0mc_header: w_name=significandl
[1;36mdebug: [0mc_header: parsed function significandl with 1 params (varargs=0) at line 1875
[1;36mdebug: [0mc_header: w_name=__significandl
[1;36mdebug: [0mc_header: parsed function __significandl with 1 params (varargs=0) at line 1875
[1;36mdebug: [0mc_header: w_name=copysignl
[1;36mdebug: [0mc_header: parsed function copysignl with 2 params (varargs=0) at line 1882
[1;36mdebug: [0mc_header: w_name=nanl
[1;36mdebug: [0mc_header: parsed function nanl with 1 params (varargs=0) at line 1887
[1;36mdebug: [0mc_header: w_name=__nanl
[1;36mdebug: [0mc_header: parsed function __nanl with 1 params (varargs=0) at line 1887
[1;36mdebug: [0mc_header: w_name=isnanl
[1;36mdebug: [0mc_header: parsed function isnanl with 1 params (varargs=0) at line 1889
[1;36mdebug: [0mc_header: w_name=j0l
[1;36mdebug: [0mc_header: parsed function j0l with 1 params (varargs=0) at line 1896
[1;36mdebug: [0mc_header: w_name=__j0l
[1;36mdebug: [0mc_header: parsed function __j0l with 1 params (varargs=0) at line 1896
[1;36mdebug: [0mc_header: w_name=j1l
[1;36mdebug: [0mc_header: parsed function j1l with 1 params (varargs=0) at line 1897
[1;36mdebug: [0mc_header: w_name=__j1l
[1;36mdebug: [0mc_header: parsed function __j1l with 1 params (varargs=0) at line 1897
[1;36mdebug: [0mc_header: w_name=jnl
[1;36mdebug: [0mc_header: parsed function jnl with 2 params (varargs=0) at line 1898
[1;36mdebug: [0mc_header: w_name=__jnl
[1;36mdebug: [0mc_header: parsed function __jnl with 2 params (varargs=0) at line 1898
[1;36mdebug: [0mc_header: w_name=y0l
[1;36mdebug: [0mc_header: parsed function y0l with 1 params (varargs=0) at line 1899
[1;36mdebug: [0mc_header: w_name=__y0l
[1;36mdebug: [0mc_header: parsed function __y0l with 1 params (varargs=0) at line 1899
[1;36mdebug: [0mc_header: w_name=y1l
[1;36mdebug: [0mc_header: parsed function y1l with 1 params (varargs=0) at line 1900
[1;36mdebug: [0mc_header: w_name=__y1l
[1;36mdebug: [0mc_header: parsed function __y1l with 1 params (varargs=0) at line 1900
[1;36mdebug: [0mc_header: w_name=ynl
[1;36mdebug: [0mc_header: parsed function ynl with 2 params (varargs=0) at line 1901
[1;36mdebug: [0mc_header: w_name=__ynl
[1;36mdebug: [0mc_header: parsed function __ynl with 2 params (varargs=0) at line 1901
[1;36mdebug: [0mc_header: w_name=erfl
[1;36mdebug: [0mc_header: parsed function erfl with 1 params (varargs=0) at line 1907
[1;36mdebug: [0mc_header: w_name=__erfl
[1;36mdebug: [0mc_header: parsed function __erfl with 1 params (varargs=0) at line 1907
[1;36mdebug: [0mc_header: w_name=erfcl
[1;36mdebug: [0mc_header: parsed function erfcl with 1 params (varargs=0) at line 1908
[1;36mdebug: [0mc_header: w_name=__erfcl
[1;36mdebug: [0mc_header: parsed function __erfcl with 1 params (varargs=0) at line 1908
[1;36mdebug: [0mc_header: w_name=lgammal
[1;36mdebug: [0mc_header: parsed function lgammal with 1 params (varargs=0) at line 1909
[1;36mdebug: [0mc_header: w_name=__lgammal
[1;36mdebug: [0mc_header: parsed function __lgammal with 1 params (varargs=0) at line 1909
[1;36mdebug: [0mc_header: w_name=tgammal
[1;36mdebug: [0mc_header: parsed function tgammal with 1 params (varargs=0) at line 1914
[1;36mdebug: [0mc_header: w_name=__tgammal
[1;36mdebug: [0mc_header: parsed function __tgammal with 1 params (varargs=0) at line 1914
[1;36mdebug: [0mc_header: w_name=gammal
[1;36mdebug: [0mc_header: parsed function gammal with 1 params (varargs=0) at line 1920
[1;36mdebug: [0mc_header: w_name=__gammal
[1;36mdebug: [0mc_header: parsed function __gammal with 1 params (varargs=0) at line 1920
[1;36mdebug: [0mc_header: w_name=lgammal_r
[1;36mdebug: [0mc_header: parsed function lgammal_r with 2 params (varargs=0) at line 1928
[1;36mdebug: [0mc_header: w_name=__lgammal_r
[1;36mdebug: [0mc_header: parsed function __lgammal_r with 2 params (varargs=0) at line 1928
[1;36mdebug: [0mc_header: w_name=rintl
[1;36mdebug: [0mc_header: parsed function rintl with 1 params (varargs=0) at line 1935
[1;36mdebug: [0mc_header: w_name=__rintl
[1;36mdebug: [0mc_header: parsed function __rintl with 1 params (varargs=0) at line 1935
[1;36mdebug: [0mc_header: w_name=nextafterl
[1;36mdebug: [0mc_header: parsed function nextafterl with 2 params (varargs=0) at line 1938
[1;36mdebug: [0mc_header: w_name=__nextafterl
[1;36mdebug: [0mc_header: parsed function __nextafterl with 2 params (varargs=0) at line 1938
[1;36mdebug: [0mc_header: w_name=nexttowardl
[1;36mdebug: [0mc_header: parsed function nexttowardl with 2 params (varargs=0) at line 1940
[1;36mdebug: [0mc_header: w_name=__nexttowardl
[1;36mdebug: [0mc_header: parsed function __nexttowardl with 2 params (varargs=0) at line 1940
[1;36mdebug: [0mc_header: w_name=nextdownl
[1;36mdebug: [0mc_header: parsed function nextdownl with 1 params (varargs=0) at line 1945
[1;36mdebug: [0mc_header: w_name=__nextdownl
[1;36mdebug: [0mc_header: parsed function __nextdownl with 1 params (varargs=0) at line 1945
[1;36mdebug: [0mc_header: w_name=nextupl
[1;36mdebug: [0mc_header: parsed function nextupl with 1 params (varargs=0) at line 1947
[1;36mdebug: [0mc_header: w_name=__nextupl
[1;36mdebug: [0mc_header: parsed function __nextupl with 1 params (varargs=0) at line 1947
[1;36mdebug: [0mc_header: w_name=remainderl
[1;36mdebug: [0mc_header: parsed function remainderl with 2 params (varargs=0) at line 1951
[1;36mdebug: [0mc_header: w_name=__remainderl
[1;36mdebug: [0mc_header: parsed function __remainderl with 2 params (varargs=0) at line 1951
[1;36mdebug: [0mc_header: w_name=scalbnl
[1;36mdebug: [0mc_header: parsed function scalbnl with 2 params (varargs=0) at line 1955
[1;36mdebug: [0mc_header: w_name=__scalbnl
[1;36mdebug: [0mc_header: parsed function __scalbnl with 2 params (varargs=0) at line 1955
[1;36mdebug: [0mc_header: w_name=ilogbl
[1;36mdebug: [0mc_header: parsed function ilogbl with 1 params (varargs=0) at line 1959
[1;36mdebug: [0mc_header: w_name=__ilogbl
[1;36mdebug: [0mc_header: parsed function __ilogbl with 1 params (varargs=0) at line 1959
[1;36mdebug: [0mc_header: w_name=llogbl
[1;36mdebug: [0mc_header: parsed function llogbl with 1 params (varargs=0) at line 1964
[1;36mdebug: [0mc_header: w_name=__llogbl
[1;36mdebug: [0mc_header: parsed function __llogbl with 1 params (varargs=0) at line 1964
[1;36mdebug: [0mc_header: w_name=scalblnl
[1;36mdebug: [0mc_header: parsed function scalblnl with 2 params (varargs=0) at line 1969
[1;36mdebug: [0mc_header: w_name=__scalblnl
[1;36mdebug: [0mc_header: parsed function __scalblnl with 2 params (varargs=0) at line 1969
[1;36mdebug: [0mc_header: w_name=nearbyintl
[1;36mdebug: [0mc_header: parsed function nearbyintl with 1 params (varargs=0) at line 1973
[1;36mdebug: [0mc_header: w_name=__nearbyintl
[1;36mdebug: [0mc_header: parsed function __nearbyintl with 1 params (varargs=0) at line 1973
[1;36mdebug: [0mc_header: w_name=roundl
[1;36mdebug: [0mc_header: parsed function roundl with 1 params (varargs=0) at line 1977
[1;36mdebug: [0mc_header: w_name=truncl
[1;36mdebug: [0mc_header: parsed function truncl with 1 params (varargs=0) at line 1981
[1;36mdebug: [0mc_header: w_name=remquol
[1;36mdebug: [0mc_header: parsed function remquol with 3 params (varargs=0) at line 1986
[1;36mdebug: [0mc_header: w_name=__remquol
[1;36mdebug: [0mc_header: parsed function __remquol with 3 params (varargs=0) at line 1986
[1;36mdebug: [0mc_header: w_name=lrintl
[1;36mdebug: [0mc_header: parsed function lrintl with 1 params (varargs=0) at line 1993
[1;36mdebug: [0mc_header: w_name=__lrintl
[1;36mdebug: [0mc_header: parsed function __lrintl with 1 params (varargs=0) at line 1993
[1;36mdebug: [0mc_header: w_name=llrintl
[1;36mdebug: [0mc_header: parsed function llrintl with 1 params (varargs=0) at line 1995
[1;36mdebug: [0mc_header: w_name=__llrintl
[1;36mdebug: [0mc_header: parsed function __llrintl with 1 params (varargs=0) at line 1995
[1;36mdebug: [0mc_header: w_name=lroundl
[1;36mdebug: [0mc_header: parsed function lroundl with 1 params (varargs=0) at line 1999
[1;36mdebug: [0mc_header: w_name=__lroundl
[1;36mdebug: [0mc_header: parsed function __lroundl with 1 params (varargs=0) at line 1999
[1;36mdebug: [0mc_header: w_name=llroundl
[1;36mdebug: [0mc_header: parsed function llroundl with 1 params (varargs=0) at line 2001
[1;36mdebug: [0mc_header: w_name=__llroundl
[1;36mdebug: [0mc_header: parsed function __llroundl with 1 params (varargs=0) at line 2001
[1;36mdebug: [0mc_header: w_name=fdiml
[1;36mdebug: [0mc_header: parsed function fdiml with 2 params (varargs=0) at line 2005
[1;36mdebug: [0mc_header: w_name=__fdiml
[1;36mdebug: [0mc_header: parsed function __fdiml with 2 params (varargs=0) at line 2005
[1;36mdebug: [0mc_header: w_name=fmaxl
[1;36mdebug: [0mc_header: parsed function fmaxl with 2 params (varargs=0) at line 2009
[1;36mdebug: [0mc_header: w_name=fminl
[1;36mdebug: [0mc_header: parsed function fminl with 2 params (varargs=0) at line 2012
[1;36mdebug: [0mc_header: w_name=fmal
[1;36mdebug: [0mc_header: parsed function fmal with 3 params (varargs=0) at line 2016
[1;36mdebug: [0mc_header: w_name=__fmal
[1;36mdebug: [0mc_header: parsed function __fmal with 3 params (varargs=0) at line 2016
[1;36mdebug: [0mc_header: w_name=roundevenl
[1;36mdebug: [0mc_header: parsed function roundevenl with 1 params (varargs=0) at line 2021
[1;36mdebug: [0mc_header: w_name=fromfpl
[1;36mdebug: [0mc_header: parsed function fromfpl with 3 params (varargs=0) at line 2025
[1;36mdebug: [0mc_header: w_name=__fromfpl
[1;36mdebug: [0mc_header: parsed function __fromfpl with 3 params (varargs=0) at line 2025
[1;36mdebug: [0mc_header: w_name=ufromfpl
[1;36mdebug: [0mc_header: parsed function ufromfpl with 3 params (varargs=0) at line 2029
[1;36mdebug: [0mc_header: w_name=__ufromfpl
[1;36mdebug: [0mc_header: parsed function __ufromfpl with 3 params (varargs=0) at line 2029
[1;36mdebug: [0mc_header: w_name=fromfpxl
[1;36mdebug: [0mc_header: parsed function fromfpxl with 3 params (varargs=0) at line 2034
[1;36mdebug: [0mc_header: w_name=__fromfpxl
[1;36mdebug: [0mc_header: parsed function __fromfpxl with 3 params (varargs=0) at line 2034
[1;36mdebug: [0mc_header: w_name=ufromfpxl
[1;36mdebug: [0mc_header: parsed function ufromfpxl with 3 params (varargs=0) at line 2039
[1;36mdebug: [0mc_header: w_name=__ufromfpxl
[1;36mdebug: [0mc_header: parsed function __ufromfpxl with 3 params (varargs=0) at line 2039
[1;36mdebug: [0mc_header: w_name=canonicalizel
[1;36mdebug: [0mc_header: parsed function canonicalizel with 2 params (varargs=0) at line 2042
[1;36mdebug: [0mc_header: w_name=fmaximuml
[1;36mdebug: [0mc_header: parsed function fmaximuml with 2 params (varargs=0) at line 2044
[1;36mdebug: [0mc_header: w_name=fminimuml
[1;36mdebug: [0mc_header: parsed function fminimuml with 2 params (varargs=0) at line 2047
[1;36mdebug: [0mc_header: w_name=fmaximum_numl
[1;36mdebug: [0mc_header: parsed function fmaximum_numl with 2 params (varargs=0) at line 2050
[1;36mdebug: [0mc_header: w_name=fminimum_numl
[1;36mdebug: [0mc_header: parsed function fminimum_numl with 2 params (varargs=0) at line 2053
[1;36mdebug: [0mc_header: w_name=fmaximum_magl
[1;36mdebug: [0mc_header: parsed function fmaximum_magl with 2 params (varargs=0) at line 2056
[1;36mdebug: [0mc_header: w_name=fminimum_magl
[1;36mdebug: [0mc_header: parsed function fminimum_magl with 2 params (varargs=0) at line 2059
[1;36mdebug: [0mc_header: w_name=fmaximum_mag_numl
[1;36mdebug: [0mc_header: parsed function fmaximum_mag_numl with 2 params (varargs=0) at line 2062
[1;36mdebug: [0mc_header: w_name=fminimum_mag_numl
[1;36mdebug: [0mc_header: parsed function fminimum_mag_numl with 2 params (varargs=0) at line 2065
[1;36mdebug: [0mc_header: w_name=scalbl
[1;36mdebug: [0mc_header: parsed function scalbl with 2 params (varargs=0) at line 2067
[1;36mdebug: [0mc_header: w_name=__scalbl
[1;36mdebug: [0mc_header: parsed function __scalbl with 2 params (varargs=0) at line 2067
[1;36mdebug: [0mc_header: w_name=__fpclassifyf128
[1;36mdebug: [0mc_header: parsed function __fpclassifyf128 with 1 params (varargs=0) at line 2072
[1;36mdebug: [0mc_header: w_name=__signbitf128
[1;36mdebug: [0mc_header: parsed function __signbitf128 with 1 params (varargs=0) at line 2076
[1;36mdebug: [0mc_header: w_name=__isinff128
[1;36mdebug: [0mc_header: parsed function __isinff128 with 1 params (varargs=0) at line 2081
[1;36mdebug: [0mc_header: w_name=__finitef128
[1;36mdebug: [0mc_header: parsed function __finitef128 with 1 params (varargs=0) at line 2085
[1;36mdebug: [0mc_header: w_name=__isnanf128
[1;36mdebug: [0mc_header: parsed function __isnanf128 with 1 params (varargs=0) at line 2089
[1;36mdebug: [0mc_header: w_name=__iseqsigf128
[1;36mdebug: [0mc_header: parsed function __iseqsigf128 with 2 params (varargs=0) at line 2093
[1;36mdebug: [0mc_header: w_name=__issignalingf128
[1;36mdebug: [0mc_header: parsed function __issignalingf128 with 1 params (varargs=0) at line 2096
[1;36mdebug: [0mc_header: w_name=fadd
[1;36mdebug: [0mc_header: parsed function fadd with 2 params (varargs=0) at line 2102
[1;36mdebug: [0mc_header: w_name=fdiv
[1;36mdebug: [0mc_header: parsed function fdiv with 2 params (varargs=0) at line 2105
[1;36mdebug: [0mc_header: w_name=ffma
[1;36mdebug: [0mc_header: parsed function ffma with 3 params (varargs=0) at line 2108
[1;36mdebug: [0mc_header: w_name=fmul
[1;36mdebug: [0mc_header: parsed function fmul with 2 params (varargs=0) at line 2111
[1;36mdebug: [0mc_header: w_name=fsqrt
[1;36mdebug: [0mc_header: parsed function fsqrt with 1 params (varargs=0) at line 2114
[1;36mdebug: [0mc_header: w_name=fsub
[1;36mdebug: [0mc_header: parsed function fsub with 2 params (varargs=0) at line 2117
[1;36mdebug: [0mc_header: w_name=faddl
[1;36mdebug: [0mc_header: parsed function faddl with 2 params (varargs=0) at line 2122
[1;36mdebug: [0mc_header: w_name=fdivl
[1;36mdebug: [0mc_header: parsed function fdivl with 2 params (varargs=0) at line 2125
[1;36mdebug: [0mc_header: w_name=ffmal
[1;36mdebug: [0mc_header: parsed function ffmal with 3 params (varargs=0) at line 2128
[1;36mdebug: [0mc_header: w_name=fmull
[1;36mdebug: [0mc_header: parsed function fmull with 2 params (varargs=0) at line 2131
[1;36mdebug: [0mc_header: w_name=fsqrtl
[1;36mdebug: [0mc_header: parsed function fsqrtl with 1 params (varargs=0) at line 2134
[1;36mdebug: [0mc_header: w_name=fsubl
[1;36mdebug: [0mc_header: parsed function fsubl with 2 params (varargs=0) at line 2137
[1;36mdebug: [0mc_header: w_name=daddl
[1;36mdebug: [0mc_header: parsed function daddl with 2 params (varargs=0) at line 2142
[1;36mdebug: [0mc_header: w_name=ddivl
[1;36mdebug: [0mc_header: parsed function ddivl with 2 params (varargs=0) at line 2145
[1;36mdebug: [0mc_header: w_name=dfmal
[1;36mdebug: [0mc_header: parsed function dfmal with 3 params (varargs=0) at line 2148
[1;36mdebug: [0mc_header: w_name=dmull
[1;36mdebug: [0mc_header: parsed function dmull with 2 params (varargs=0) at line 2151
[1;36mdebug: [0mc_header: w_name=dsqrtl
[1;36mdebug: [0mc_header: parsed function dsqrtl with 1 params (varargs=0) at line 2154
[1;36mdebug: [0mc_header: w_name=dsubl
[1;36mdebug: [0mc_header: parsed function dsubl with 2 params (varargs=0) at line 2157
[1;36mdebug: [0mc_header: LOOP START token=1
[1;36mdebug: [0mc_header: LOOP START token=1
[1;36mdebug: [0mc_header: LOOP START token=1
[1;36mdebug: [0mc_header: LOOP START token=1
[1;36mdebug: [0mc_header: LOOP START token=1
[1;36mdebug: [0mc_header: w_name=__iscanonicall
[1;36mdebug: [0mc_header: parsed function __iscanonicall with 1 params (varargs=0) at line 2184
[1;36mdebug: [0mc_header: LOOP START token=73
[1;36mdebug: [0mc_header: LOOP START token=73
[1;36mdebug: [0mc_header: LOOP START token=73
[1;36mdebug: [0mc_header: LOOP START token=73
[1;36mdebug: [0mc_header: w_name=imaxabs
[1;36mdebug: [0mc_header: parsed function imaxabs with 1 params (varargs=0) at line 2218
[1;36mdebug: [0mc_header: w_name=imaxdiv
[1;36mdebug: [0mc_header: parsed function imaxdiv with 2 params (varargs=0) at line 2227
[1;36mdebug: [0mc_header: w_name=strtoimax
[1;36mdebug: [0mc_header: parsed function strtoimax with 3 params (varargs=0) at line 2231
[1;36mdebug: [0mc_header: w_name=strtoumax
[1;36mdebug: [0mc_header: parsed function strtoumax with 3 params (varargs=0) at line 2235
[1;36mdebug: [0mc_header: w_name=wcstoimax
[1;36mdebug: [0mc_header: parsed function wcstoimax with 3 params (varargs=0) at line 2240
[1;36mdebug: [0mc_header: w_name=wcstoumax
[1;36mdebug: [0mc_header: parsed function wcstoumax with 3 params (varargs=0) at line 2245
[1;36mdebug: [0mc_header: w_name=strtoimax
[1;36mdebug: [0mc_header: parsed function strtoimax with 3 params (varargs=0) at line 2251
[1;36mdebug: [0mc_header: w_name=strtoumax
[1;36mdebug: [0mc_header: parsed function strtoumax with 3 params (varargs=0) at line 2254
[1;36mdebug: [0mc_header: w_name=wcstoimax
[1;36mdebug: [0mc_header: parsed function wcstoimax with 3 params (varargs=0) at line 2257
[1;36mdebug: [0mc_header: w_name=wcstoumax
[1;36mdebug: [0mc_header: parsed function wcstoumax with 3 params (varargs=0) at line 2261
[1;36mdebug: [0mc_header: LOOP START token=59 line=2279 text='const'
[1;36mdebug: [0mc_header: LOOP START token=59 line=2281 text='const'
[1;36mdebug: [0mc_header: LOOP START token=59 line=2283 text='const'
[1;36mdebug: [0mc_header: LOOP START token=59 line=2288 text='const'
[1;36mdebug: [0mc_header: LOOP START token=72 line=2290 text='int'
[1;36mdebug: [0mc_header: LOOP START token=72 line=2292 text='int'
[1;36mdebug: [0mc_header: LOOP START token=59 line=2294 text='const'
[1;36mdebug: [0mc_header: LOOP START token=72 line=2296 text='int'
[1;36mdebug: [0mc_header: LOOP START token=59 line=2298 text='const'
[1;36mdebug: [0mc_header: LOOP START token=81 line=2303 text='struct'
[1;36mdebug: [0mc_header: LOOP START token=81 line=2305 text='struct'
[1;36mdebug: [0mc_header: w_name=wl_list_init
[1;36mdebug: [0mc_header: parsed function wl_list_init with 1 params (varargs=0) at line 2309
[1;36mdebug: [0mc_header: w_name=wl_list_insert
[1;36mdebug: [0mc_header: parsed function wl_list_insert with 2 params (varargs=0) at line 2312
[1;36mdebug: [0mc_header: w_name=wl_list_remove
[1;36mdebug: [0mc_header: parsed function wl_list_remove with 1 params (varargs=0) at line 2315
[1;36mdebug: [0mc_header: w_name=wl_list_length
[1;36mdebug: [0mc_header: parsed function wl_list_length with 1 params (varargs=0) at line 2318
[1;36mdebug: [0mc_header: w_name=wl_list_empty
[1;36mdebug: [0mc_header: parsed function wl_list_empty with 1 params (varargs=0) at line 2321
[1;36mdebug: [0mc_header: w_name=wl_list_insert_list
[1;36mdebug: [0mc_header: parsed function wl_list_insert_list with 2 params (varargs=0) at line 2324
[1;36mdebug: [0mc_header: LOOP START token=1 line=2328 text='size_t'
[1;36mdebug: [0mc_header: LOOP START token=1 line=2330 text='size_t'
[1;36mdebug: [0mc_header: LOOP START token=86 line=2332 text='void'
[1;36mdebug: [0mc_header: w_name=wl_array_init
[1;36mdebug: [0mc_header: parsed function wl_array_init with 1 params (varargs=0) at line 2336
[1;36mdebug: [0mc_header: w_name=wl_array_release
[1;36mdebug: [0mc_header: parsed function wl_array_release with 1 params (varargs=0) at line 2339
[1;36mdebug: [0mc_header: w_name=wl_array_add
[1;36mdebug: [0mc_header: parsed function wl_array_add with 2 params (varargs=0) at line 2342
[1;36mdebug: [0mc_header: w_name=wl_array_copy
[1;36mdebug: [0mc_header: parsed function wl_array_copy with 2 params (varargs=0) at line 2345
[1;36mdebug: [0mc_header: w_name=wl_fixed_to_double
[1;36mdebug: [0mc_header: parsed function wl_fixed_to_double with 1 params (varargs=0) at line 2351
[1;36mdebug: [0mc_header: w_name=wl_fixed_from_double
[1;36mdebug: [0mc_header: parsed function wl_fixed_from_double with 1 params (varargs=0) at line 2357
[1;36mdebug: [0mc_header: w_name=wl_fixed_to_int
[1;36mdebug: [0mc_header: parsed function wl_fixed_to_int with 1 params (varargs=0) at line 2363
[1;36mdebug: [0mc_header: w_name=wl_fixed_from_int
[1;36mdebug: [0mc_header: parsed function wl_fixed_from_int with 1 params (varargs=0) at line 2369
[1;36mdebug: [0mc_header: LOOP START token=1 line=2374 text='int32_t'
[1;36mdebug: [0mc_header: LOOP START token=1 line=2375 text='uint32_t'
[1;36mdebug: [0mc_header: LOOP START token=1 line=2376 text='wl_fixed_t'
[1;36mdebug: [0mc_header: LOOP START token=59 line=2377 text='const'
[1;36mdebug: [0mc_header: LOOP START token=81 line=2378 text='struct'
[1;36mdebug: [0mc_header: LOOP START token=1 line=2379 text='uint32_t'
[1;36mdebug: [0mc_header: LOOP START token=81 line=2380 text='struct'
[1;36mdebug: [0mc_header: LOOP START token=1 line=2381 text='int32_t'
[1;36mdebug: [0mc_header: LOOP START token=1
[1;36mdebug: [0mc_header: LOOP START token=1
[1;36mdebug: [0mc_header: LOOP START token=1
[1;36mdebug: [0mc_header: LOOP START token=1
[1;36mdebug: [0mc_header: LOOP START token=1
[1;36mdebug: [0mc_header: LOOP START token=1
[1;36mdebug: [0mc_header: w_name=wl_event_loop_create
[1;36mdebug: [0mc_header: parsed function wl_event_loop_create with 0 params (varargs=0) at line 2426
[1;36mdebug: [0mc_header: w_name=wl_event_loop_destroy
[1;36mdebug: [0mc_header: parsed function wl_event_loop_destroy with 1 params (varargs=0) at line 2429
[1;36mdebug: [0mc_header: w_name=wl_event_loop_add_fd
[1;36mdebug: [0mc_header: parsed function wl_event_loop_add_fd with 5 params (varargs=0) at line 2435
[1;36mdebug: [0mc_header: w_name=wl_event_source_fd_update
[1;36mdebug: [0mc_header: parsed function wl_event_source_fd_update with 2 params (varargs=0) at line 2438
[1;36mdebug: [0mc_header: w_name=wl_event_loop_add_timer
[1;36mdebug: [0mc_header: parsed function wl_event_loop_add_timer with 3 params (varargs=0) at line 2443
[1;36mdebug: [0mc_header: w_name=wl_event_loop_add_signal
[1;36mdebug: [0mc_header: parsed function wl_event_loop_add_signal with 4 params (varargs=0) at line 2449
[1;36mdebug: [0mc_header: w_name=wl_event_source_timer_update
[1;36mdebug: [0mc_header: parsed function wl_event_source_timer_update with 2 params (varargs=0) at line 2453
[1;36mdebug: [0mc_header: w_name=wl_event_source_remove
[1;36mdebug: [0mc_header: parsed function wl_event_source_remove with 1 params (varargs=0) at line 2456
[1;36mdebug: [0mc_header: w_name=wl_event_source_check
[1;36mdebug: [0mc_header: parsed function wl_event_source_check with 1 params (varargs=0) at line 2459
[1;36mdebug: [0mc_header: w_name=wl_event_loop_dispatch
[1;36mdebug: [0mc_header: parsed function wl_event_loop_dispatch with 2 params (varargs=0) at line 2462
[1;36mdebug: [0mc_header: w_name=wl_event_loop_dispatch_idle
[1;36mdebug: [0mc_header: parsed function wl_event_loop_dispatch_idle with 1 params (varargs=0) at line 2465
[1;36mdebug: [0mc_header: w_name=wl_event_loop_add_idle
[1;36mdebug: [0mc_header: parsed function wl_event_loop_add_idle with 3 params (varargs=0) at line 2470
[1;36mdebug: [0mc_header: w_name=wl_event_loop_get_fd
[1;36mdebug: [0mc_header: parsed function wl_event_loop_get_fd with 1 params (varargs=0) at line 2473
[1;36mdebug: [0mc_header: w_name=wl_event_loop_add_destroy_listener
[1;36mdebug: [0mc_header: parsed function wl_event_loop_add_destroy_listener with 2 params (varargs=0) at line 2481
[1;36mdebug: [0mc_header: w_name=wl_event_loop_get_destroy_listener
[1;36mdebug: [0mc_header: parsed function wl_event_loop_get_destroy_listener with 2 params (varargs=0) at line 2485
[1;36mdebug: [0mc_header: w_name=wl_display_create
[1;36mdebug: [0mc_header: parsed function wl_display_create with 0 params (varargs=0) at line 2488
[1;36mdebug: [0mc_header: w_name=wl_display_destroy
[1;36mdebug: [0mc_header: parsed function wl_display_destroy with 1 params (varargs=0) at line 2491
[1;36mdebug: [0mc_header: w_name=wl_display_get_event_loop
[1;36mdebug: [0mc_header: parsed function wl_display_get_event_loop with 1 params (varargs=0) at line 2494
[1;36mdebug: [0mc_header: w_name=wl_display_add_socket
[1;36mdebug: [0mc_header: parsed function wl_display_add_socket with 2 params (varargs=0) at line 2497
[1;36mdebug: [0mc_header: w_name=wl_display_add_socket_auto
[1;36mdebug: [0mc_header: parsed function wl_display_add_socket_auto with 1 params (varargs=0) at line 2500
[1;36mdebug: [0mc_header: w_name=wl_display_add_socket_fd
[1;36mdebug: [0mc_header: parsed function wl_display_add_socket_fd with 2 params (varargs=0) at line 2503
[1;36mdebug: [0mc_header: w_name=wl_display_remove_socket_fd
[1;36mdebug: [0mc_header: parsed function wl_display_remove_socket_fd with 2 params (varargs=0) at line 2506
[1;36mdebug: [0mc_header: w_name=wl_display_terminate
[1;36mdebug: [0mc_header: parsed function wl_display_terminate with 1 params (varargs=0) at line 2509
[1;36mdebug: [0mc_header: w_name=wl_display_run
[1;36mdebug: [0mc_header: parsed function wl_display_run with 1 params (varargs=0) at line 2512
[1;36mdebug: [0mc_header: w_name=wl_display_flush_clients
[1;36mdebug: [0mc_header: parsed function wl_display_flush_clients with 1 params (varargs=0) at line 2515
[1;36mdebug: [0mc_header: w_name=wl_display_destroy_clients
[1;36mdebug: [0mc_header: parsed function wl_display_destroy_clients with 1 params (varargs=0) at line 2518
[1;36mdebug: [0mc_header: w_name=wl_display_set_default_max_buffer_size
[1;36mdebug: [0mc_header: parsed function wl_display_set_default_max_buffer_size with 2 params (varargs=0) at line 2522
[1;36mdebug: [0mc_header: w_name=wl_display_get_serial
[1;36mdebug: [0mc_header: parsed function wl_display_get_serial with 1 params (varargs=0) at line 2533
[1;36mdebug: [0mc_header: w_name=wl_display_next_serial
[1;36mdebug: [0mc_header: parsed function wl_display_next_serial with 1 params (varargs=0) at line 2536
[1;36mdebug: [0mc_header: w_name=wl_display_add_destroy_listener
[1;36mdebug: [0mc_header: parsed function wl_display_add_destroy_listener with 2 params (varargs=0) at line 2540
[1;36mdebug: [0mc_header: w_name=wl_display_add_client_created_listener
[1;36mdebug: [0mc_header: parsed function wl_display_add_client_created_listener with 2 params (varargs=0) at line 2544
[1;36mdebug: [0mc_header: w_name=wl_display_get_destroy_listener
[1;36mdebug: [0mc_header: parsed function wl_display_get_destroy_listener with 2 params (varargs=0) at line 2548
[1;36mdebug: [0mc_header: w_name=wl_global_create
[1;36mdebug: [0mc_header: parsed function wl_global_create with 5 params (varargs=0) at line 2554
[1;36mdebug: [0mc_header: w_name=wl_global_remove
[1;36mdebug: [0mc_header: parsed function wl_global_remove with 1 params (varargs=0) at line 2557
[1;36mdebug: [0mc_header: w_name=wl_global_set_withdrawn_listener
[1;36mdebug: [0mc_header: parsed function wl_global_set_withdrawn_listener with 2 params (varargs=0) at line 2561
[1;36mdebug: [0mc_header: w_name=wl_global_destroy
[1;36mdebug: [0mc_header: parsed function wl_global_destroy with 1 params (varargs=0) at line 2564
[1;36mdebug: [0mc_header: w_name=wl_display_set_global_filter
[1;36mdebug: [0mc_header: parsed function wl_display_set_global_filter with 3 params (varargs=0) at line 2573
[1;36mdebug: [0mc_header: w_name=wl_global_get_interface
[1;36mdebug: [0mc_header: parsed function wl_global_get_interface with 1 params (varargs=0) at line 2576
[1;36mdebug: [0mc_header: w_name=wl_global_get_name
[1;36mdebug: [0mc_header: parsed function wl_global_get_name with 2 params (varargs=0) at line 2580
[1;36mdebug: [0mc_header: w_name=wl_global_get_version
[1;36mdebug: [0mc_header: parsed function wl_global_get_version with 1 params (varargs=0) at line 2583
[1;36mdebug: [0mc_header: w_name=wl_global_get_display
[1;36mdebug: [0mc_header: parsed function wl_global_get_display with 1 params (varargs=0) at line 2586
[1;36mdebug: [0mc_header: w_name=wl_global_get_user_data
[1;36mdebug: [0mc_header: parsed function wl_global_get_user_data with 1 params (varargs=0) at line 2589
[1;36mdebug: [0mc_header: w_name=wl_global_set_user_data
[1;36mdebug: [0mc_header: parsed function wl_global_set_user_data with 2 params (varargs=0) at line 2592
[1;36mdebug: [0mc_header: w_name=wl_client_create
[1;36mdebug: [0mc_header: parsed function wl_client_create with 2 params (varargs=0) at line 2595
[1;36mdebug: [0mc_header: w_name=wl_display_get_client_list
[1;36mdebug: [0mc_header: parsed function wl_display_get_client_list with 1 params (varargs=0) at line 2598
[1;36mdebug: [0mc_header: w_name=wl_client_get_link
[1;36mdebug: [0mc_header: parsed function wl_client_get_link with 1 params (varargs=0) at line 2601
[1;36mdebug: [0mc_header: w_name=wl_client_from_link
[1;36mdebug: [0mc_header: parsed function wl_client_from_link with 1 params (varargs=0) at line 2604
[1;36mdebug: [0mc_header: w_name=wl_client_destroy
[1;36mdebug: [0mc_header: parsed function wl_client_destroy with 1 params (varargs=0) at line 2613
[1;36mdebug: [0mc_header: w_name=wl_client_flush
[1;36mdebug: [0mc_header: parsed function wl_client_flush with 1 params (varargs=0) at line 2616
[1;36mdebug: [0mc_header: w_name=wl_client_get_credentials
[1;36mdebug: [0mc_header: parsed function wl_client_get_credentials with 4 params (varargs=0) at line 2620
[1;36mdebug: [0mc_header: w_name=wl_client_get_fd
[1;36mdebug: [0mc_header: parsed function wl_client_get_fd with 1 params (varargs=0) at line 2623
[1;36mdebug: [0mc_header: w_name=wl_client_add_destroy_listener
[1;36mdebug: [0mc_header: parsed function wl_client_add_destroy_listener with 2 params (varargs=0) at line 2627
[1;36mdebug: [0mc_header: w_name=wl_client_get_destroy_listener
[1;36mdebug: [0mc_header: parsed function wl_client_get_destroy_listener with 2 params (varargs=0) at line 2631
[1;36mdebug: [0mc_header: w_name=wl_client_add_destroy_late_listener
[1;36mdebug: [0mc_header: parsed function wl_client_add_destroy_late_listener with 2 params (varargs=0) at line 2635
[1;36mdebug: [0mc_header: w_name=wl_client_get_destroy_late_listener
[1;36mdebug: [0mc_header: parsed function wl_client_get_destroy_late_listener with 2 params (varargs=0) at line 2639
[1;36mdebug: [0mc_header: w_name=wl_client_get_object
[1;36mdebug: [0mc_header: parsed function wl_client_get_object with 2 params (varargs=0) at line 2642
[1;36mdebug: [0mc_header: w_name=wl_client_post_no_memory
[1;36mdebug: [0mc_header: parsed function wl_client_post_no_memory with 1 params (varargs=0) at line 2645
[1;36mdebug: [0mc_header: w_name=wl_client_post_implementation_error
[1;36mdebug: [0mc_header: parsed function wl_client_post_implementation_error with 2 params (varargs=1) at line 2649
[1;36mdebug: [0mc_header: w_name=wl_client_add_resource_created_listener
[1;36mdebug: [0mc_header: parsed function wl_client_add_resource_created_listener with 2 params (varargs=0) at line 2653
[1;36mdebug: [0mc_header: w_name=wl_client_for_each_resource
[1;36mdebug: [0mc_header: parsed function wl_client_for_each_resource with 3 params (varargs=0) at line 2663
[1;36mdebug: [0mc_header: w_name=wl_client_set_user_data
[1;36mdebug: [0mc_header: parsed function wl_client_set_user_data with 3 params (varargs=0) at line 2670
[1;36mdebug: [0mc_header: w_name=wl_client_get_user_data
[1;36mdebug: [0mc_header: parsed function wl_client_get_user_data with 1 params (varargs=0) at line 2673
[1;36mdebug: [0mc_header: w_name=wl_client_set_max_buffer_size
[1;36mdebug: [0mc_header: parsed function wl_client_set_max_buffer_size with 2 params (varargs=0) at line 2676
[1;36mdebug: [0mc_header: LOOP START token=81 line=2680 text='struct'
[1;36mdebug: [0mc_header: LOOP START token=1 line=2683 text='wl_notify_func_t'
[1;36mdebug: [0mc_header: LOOP START token=81 line=2687 text='struct'
[1;36mdebug: [0mc_header: w_name=wl_signal_init
[1;36mdebug: [0mc_header: parsed function wl_signal_init with 1 params (varargs=0) at line 2698
[1;36mdebug: [0mc_header: w_name=wl_signal_add
[1;36mdebug: [0mc_header: parsed function wl_signal_add with 2 params (varargs=0) at line 2704
[1;36mdebug: [0mc_header: w_name=wl_signal_get
[1;36mdebug: [0mc_header: parsed function wl_signal_get with 2 params (varargs=0) at line 2710
[1;36mdebug: [0mc_header: w_name=wl_signal_emit
[1;36mdebug: [0mc_header: parsed function wl_signal_emit with 2 params (varargs=0) at line 2722
[1;36mdebug: [0mc_header: w_name=wl_signal_emit_mutable
[1;36mdebug: [0mc_header: parsed function wl_signal_emit_mutable with 2 params (varargs=0) at line 2730
[1;36mdebug: [0mc_header: w_name=wl_resource_post_event
[1;36mdebug: [0mc_header: parsed function wl_resource_post_event with 2 params (varargs=1) at line 2736
[1;36mdebug: [0mc_header: w_name=wl_resource_post_event_array
[1;36mdebug: [0mc_header: parsed function wl_resource_post_event_array with 3 params (varargs=0) at line 2740
[1;36mdebug: [0mc_header: w_name=wl_resource_queue_event
[1;36mdebug: [0mc_header: parsed function wl_resource_queue_event with 2 params (varargs=1) at line 2744
[1;36mdebug: [0mc_header: w_name=wl_resource_queue_event_array
[1;36mdebug: [0mc_header: parsed function wl_resource_queue_event_array with 3 params (varargs=0) at line 2748
[1;36mdebug: [0mc_header: w_name=wl_resource_post_error_vargs
[1;36mdebug: [0mc_header: parsed function wl_resource_post_error_vargs with 4 params (varargs=0) at line 2752
[1;36mdebug: [0mc_header: w_name=wl_resource_post_error
[1;36mdebug: [0mc_header: parsed function wl_resource_post_error with 3 params (varargs=1) at line 2756
[1;36mdebug: [0mc_header: w_name=wl_resource_post_no_memory
[1;36mdebug: [0mc_header: parsed function wl_resource_post_no_memory with 1 params (varargs=0) at line 2759
[1;36mdebug: [0mc_header: w_name=wl_client_get_display
[1;36mdebug: [0mc_header: parsed function wl_client_get_display with 1 params (varargs=0) at line 2762
[1;36mdebug: [0mc_header: w_name=wl_resource_create
[1;36mdebug: [0mc_header: parsed function wl_resource_create with 4 params (varargs=0) at line 2767
[1;36mdebug: [0mc_header: w_name=wl_resource_set_implementation
[1;36mdebug: [0mc_header: parsed function wl_resource_set_implementation with 4 params (varargs=0) at line 2773
[1;36mdebug: [0mc_header: w_name=wl_resource_set_dispatcher
[1;36mdebug: [0mc_header: parsed function wl_resource_set_dispatcher with 5 params (varargs=0) at line 2780
[1;36mdebug: [0mc_header: w_name=wl_resource_destroy
[1;36mdebug: [0mc_header: parsed function wl_resource_destroy with 1 params (varargs=0) at line 2783
[1;36mdebug: [0mc_header: w_name=wl_resource_get_id
[1;36mdebug: [0mc_header: parsed function wl_resource_get_id with 1 params (varargs=0) at line 2786
[1;36mdebug: [0mc_header: w_name=wl_resource_get_link
[1;36mdebug: [0mc_header: parsed function wl_resource_get_link with 1 params (varargs=0) at line 2789
[1;36mdebug: [0mc_header: w_name=wl_resource_from_link
[1;36mdebug: [0mc_header: parsed function wl_resource_from_link with 1 params (varargs=0) at line 2792
[1;36mdebug: [0mc_header: w_name=wl_resource_find_for_client
[1;36mdebug: [0mc_header: parsed function wl_resource_find_for_client with 2 params (varargs=0) at line 2795
[1;36mdebug: [0mc_header: w_name=wl_resource_get_client
[1;36mdebug: [0mc_header: parsed function wl_resource_get_client with 1 params (varargs=0) at line 2798
[1;36mdebug: [0mc_header: w_name=wl_resource_set_user_data
[1;36mdebug: [0mc_header: parsed function wl_resource_set_user_data with 2 params (varargs=0) at line 2801
[1;36mdebug: [0mc_header: w_name=wl_resource_get_user_data
[1;36mdebug: [0mc_header: parsed function wl_resource_get_user_data with 1 params (varargs=0) at line 2804
[1;36mdebug: [0mc_header: w_name=wl_resource_get_version
[1;36mdebug: [0mc_header: parsed function wl_resource_get_version with 1 params (varargs=0) at line 2807
[1;36mdebug: [0mc_header: w_name=wl_resource_set_destructor
[1;36mdebug: [0mc_header: parsed function wl_resource_set_destructor with 2 params (varargs=0) at line 2811
[1;36mdebug: [0mc_header: w_name=wl_resource_instance_of
[1;36mdebug: [0mc_header: parsed function wl_resource_instance_of with 3 params (varargs=0) at line 2816
[1;36mdebug: [0mc_header: w_name=wl_resource_get_class
[1;36mdebug: [0mc_header: parsed function wl_resource_get_class with 1 params (varargs=0) at line 2819
[1;36mdebug: [0mc_header: w_name=wl_resource_get_interface
[1;36mdebug: [0mc_header: parsed function wl_resource_get_interface with 1 params (varargs=0) at line 2822
[1;36mdebug: [0mc_header: w_name=wl_resource_add_destroy_listener
[1;36mdebug: [0mc_header: parsed function wl_resource_add_destroy_listener with 2 params (varargs=0) at line 2826
[1;36mdebug: [0mc_header: w_name=wl_resource_get_destroy_listener
[1;36mdebug: [0mc_header: parsed function wl_resource_get_destroy_listener with 2 params (varargs=0) at line 2830
[1;36mdebug: [0mc_header: w_name=wl_shm_buffer_get
[1;36mdebug: [0mc_header: parsed function wl_shm_buffer_get with 1 params (varargs=0) at line 2833
[1;36mdebug: [0mc_header: w_name=wl_shm_buffer_begin_access
[1;36mdebug: [0mc_header: parsed function wl_shm_buffer_begin_access with 1 params (varargs=0) at line 2836
[1;36mdebug: [0mc_header: w_name=wl_shm_buffer_end_access
[1;36mdebug: [0mc_header: parsed function wl_shm_buffer_end_access with 1 params (varargs=0) at line 2839
[1;36mdebug: [0mc_header: w_name=wl_shm_buffer_get_data
[1;36mdebug: [0mc_header: parsed function wl_shm_buffer_get_data with 1 params (varargs=0) at line 2842
[1;36mdebug: [0mc_header: w_name=wl_shm_buffer_get_stride
[1;36mdebug: [0mc_header: parsed function wl_shm_buffer_get_stride with 1 params (varargs=0) at line 2845
[1;36mdebug: [0mc_header: w_name=wl_shm_buffer_get_format
[1;36mdebug: [0mc_header: parsed function wl_shm_buffer_get_format with 1 params (varargs=0) at line 2848
[1;36mdebug: [0mc_header: w_name=wl_shm_buffer_get_width
[1;36mdebug: [0mc_header: parsed function wl_shm_buffer_get_width with 1 params (varargs=0) at line 2851
[1;36mdebug: [0mc_header: w_name=wl_shm_buffer_get_height
[1;36mdebug: [0mc_header: parsed function wl_shm_buffer_get_height with 1 params (varargs=0) at line 2854
[1;36mdebug: [0mc_header: w_name=wl_shm_buffer_ref
[1;36mdebug: [0mc_header: parsed function wl_shm_buffer_ref with 1 params (varargs=0) at line 2857
[1;36mdebug: [0mc_header: w_name=wl_shm_buffer_unref
[1;36mdebug: [0mc_header: parsed function wl_shm_buffer_unref with 1 params (varargs=0) at line 2860
[1;36mdebug: [0mc_header: w_name=wl_shm_buffer_ref_pool
[1;36mdebug: [0mc_header: parsed function wl_shm_buffer_ref_pool with 1 params (varargs=0) at line 2863
[1;36mdebug: [0mc_header: w_name=wl_shm_pool_unref
[1;36mdebug: [0mc_header: parsed function wl_shm_pool_unref with 1 params (varargs=0) at line 2866
[1;36mdebug: [0mc_header: w_name=wl_display_init_shm
[1;36mdebug: [0mc_header: parsed function wl_display_init_shm with 1 params (varargs=0) at line 2869
[1;36mdebug: [0mc_header: w_name=wl_display_add_shm_format
[1;36mdebug: [0mc_header: parsed function wl_display_add_shm_format with 2 params (varargs=0) at line 2872
[1;36mdebug: [0mc_header: w_name=wl_log_set_handler_server
[1;36mdebug: [0mc_header: parsed function wl_log_set_handler_server with 1 params (varargs=0) at line 2881
[1;36mdebug: [0mc_header: LOOP START token=1
[1;36mdebug: [0mc_header: LOOP START token=1
[1;36mdebug: [0mc_header: LOOP START token=81 line=2889 text='struct'
[1;36mdebug: [0mc_header: LOOP START token=72 line=2890 text='int'
[1;36mdebug: [0mc_header: LOOP START token=59 line=2891 text='const'
[1;36mdebug: [0mc_header: LOOP START token=72 line=2892 text='int'
[1;36mdebug: [0mc_header: LOOP START token=59 line=2893 text='const'
[1;36mdebug: [0mc_header: w_name=wl_display_add_protocol_logger
[1;36mdebug: [0mc_header: parsed function wl_display_add_protocol_logger with 3 params (varargs=0) at line 2903
[1;36mdebug: [0mc_header: w_name=wl_protocol_logger_destroy
[1;36mdebug: [0mc_header: parsed function wl_protocol_logger_destroy with 1 params (varargs=0) at line 2906
[1;36mdebug: [0mc_header: w_name=wl_fixes_handle_ack_global_remove
[1;36mdebug: [0mc_header: parsed function wl_fixes_handle_ack_global_remove with 3 params (varargs=0) at line 2911
