GNU gdb (GDB) 17.2
Copyright (C) 2025 Free Software Foundation, Inc.
License GPLv3+: GNU GPL version 3 or later <http://gnu.org/licenses/gpl.html>
This is free software: you are free to change and redistribute it.
There is NO WARRANTY, to the extent permitted by law.
Type "show copying" and "show warranty" for details.
This GDB was configured as "x86_64-pc-linux-gnu".
Type "show configuration" for configuration details.
For bug reporting instructions, please see:
<https://www.gnu.org/software/gdb/bugs/>.
Find the GDB manual and other documentation resources online at:
    <http://www.gnu.org/software/gdb/documentation/>.

For help, type "help".
Type "apropos word" to search for commands related to "word"...
Reading symbols from build/alkyl...
Starting program: /home/faranaiki/Git/alkyl/build/alkyl test/code/compound/array_return.aky
[Thread debugging using libthread_db enabled]
Using host libthread_db library "/usr/lib/libthread_db.so.1".
[1;36mstep: [0mFinished lexing. Start parsing.
[1;36mdebug: [0mafter parse_type, vt.base=16, token.type=23
[1;36mdebug: [0mafter parse_type, vt.base=0, token.type=23
[1;36mdebug: [0mafter parse_type, vt.base=16, token.type=23
[1;36mdebug: [0mparse_postfix: before parse_call, node->type=47
[1;36mdebug: [0mCreated Call name=(null) target_type=47 line=0 col=0 node=0x555555684688 target=0x5555556844c8
[1;36mdebug: [0mparse_postfix: before parse_call, node->type=13
[1;36mdebug: [0mCreated Call name=print target_type=13 line=0 col=0 node=0x555555684980 target=0x5555556847d8
[1;36mdebug: [0mparse_postfix: before parse_call, node->type=47
[1;36mdebug: [0mCreated Call name=(null) target_type=47 line=0 col=0 node=0x555555684f50 target=0x555555684d90
[1;36mdebug: [0mparse_postfix: before parse_call, node->type=13
[1;36mdebug: [0mCreated Call name=print target_type=13 line=0 col=0 node=0x555555685528 target=0x555555685388
[1;36mdebug: [0mparse_postfix: before parse_call, node->type=13
[1;36mdebug: [0mCreated Call name=print_int_array target_type=13 line=0 col=0 node=0x5555556ab2e0 target=0x5555556aaf68
[1;36mdebug: [0mparse_postfix: before parse_call, node->type=13
[1;36mdebug: [0mCreated Call name=print_uint_array target_type=13 line=0 col=0 node=0x5555556ab968 target=0x5555556ab5f0
[1;36mdebug: [0mparse_postfix: before parse_call, node->type=13
[1;36mdebug: [0mCreated Call name=print_long_array target_type=13 line=0 col=0 node=0x5555556abff0 target=0x5555556abc78
[1;36mdebug: [0mparse_postfix: before parse_call, node->type=13
[1;36mdebug: [0mCreated Call name=print_ulong_array target_type=13 line=0 col=0 node=0x5555556ac678 target=0x5555556ac300
[1;36mdebug: [0mparse_postfix: before parse_call, node->type=13
[1;36mdebug: [0mCreated Call name=print_single_array target_type=13 line=0 col=0 node=0x5555556acd00 target=0x5555556ac988
[1;36mdebug: [0mparse_postfix: before parse_call, node->type=13
[1;36mdebug: [0mCreated Call name=print_double_array target_type=13 line=0 col=0 node=0x5555556ad388 target=0x5555556ad010
[1;36mdebug: [0msem_check_expr: type=28 line=11 col=26 node=0x555555696fe8
[1;36mdebug: [0msem_check_expr: type=13 line=11 col=19 node=0x555555696ec0
[1;36mdebug: [0msem_check_expr: type=16 line=14 col=13 node=0x555555696f48
[1;36mdebug: [0msem_check_expr: type=16 line=14 col=13 node=0x555555696f48
[1;36mdebug: [0msem_check_expr: type=16 line=15 col=23 node=0x555555697080
[1;36mdebug: [0msem_check_expr: type=14 line=16 col=14 node=0x5555556972f0
[1;36mdebug: [0msem_check_expr: type=13 line=16 col=12 node=0x5555556971e8
[1;36mdebug: [0msem_check_expr: type=13 line=16 col=16 node=0x555555697270
[1;36mdebug: [0msem_check_expr: type=28 line=10 col=35 node=0x555555697b68
[1;36mdebug: [0msem_check_expr: type=13 line=10 col=28 node=0x5555556978b0
[1;36mdebug: [0msem_check_expr: type=16 line=17 col=26 node=0x555555697938
[1;36mdebug: [0msem_check_expr: type=18 line=17 col=35 node=0x555555697af0
[1;36mdebug: [0msem_check_index_access type base: 0, array_size: 0
[1;36mdebug: [0msem_check_expr: type=13 line=17 col=32 node=0x5555556979e8
[1;36mdebug: [0msem_check_expr: type=13 line=17 col=36 node=0x555555697a70
[1;36mdebug: [0msem_check_expr: type=16 line=17 col=26 node=0x555555697938
[1;36mdebug: [0msem_check_expr: type=14 line=18 col=15 node=0x555555697e58
[1;36mdebug: [0msem_check_expr: type=13 line=18 col=13 node=0x555555697c08
[1;36mdebug: [0msem_check_expr: type=14 line=18 col=22 node=0x555555697db0
[1;36mdebug: [0msem_check_expr: type=13 line=18 col=17 node=0x555555697c90
[1;36mdebug: [0msem_check_expr: type=16 line=18 col=24 node=0x555555697d10
[1;36mdebug: [0msem_check_expr: type=28 line=10 col=35 node=0x5555556985f0
[1;36mdebug: [0msem_check_expr: type=13 line=10 col=28 node=0x555555698418
[1;36mdebug: [0msem_check_expr: type=16 line=18 col=46 node=0x5555556984a0
[1;36mdebug: [0msem_check_expr: type=16 line=18 col=52 node=0x555555698548
[1;36mdebug: [0msem_check_expr: type=16 line=18 col=46 node=0x5555556984a0
[1;36mdebug: [0msem_check_expr: type=16 line=19 col=14 node=0x555555698790
[1;36mdebug: [0msem_check_expr: type=28 line=11 col=26 node=0x555555698f88
[1;36mdebug: [0msem_check_expr: type=13 line=11 col=19 node=0x555555698e60
[1;36mdebug: [0msem_check_expr: type=16 line=21 col=13 node=0x555555698ee8
[1;36mdebug: [0msem_check_expr: type=16 line=21 col=13 node=0x555555698ee8
[1;36mdebug: [0msem_check_expr: type=28 line=11 col=26 node=0x555555699818
[1;36mdebug: [0msem_check_expr: type=13 line=11 col=19 node=0x5555556996f0
[1;36mdebug: [0msem_check_expr: type=16 line=25 col=13 node=0x555555699778
[1;36mdebug: [0msem_check_expr: type=16 line=25 col=13 node=0x555555699778
[1;36mdebug: [0msem_check_expr: type=16 line=26 col=23 node=0x5555556998b0
[1;36mdebug: [0msem_check_expr: type=14 line=27 col=14 node=0x555555699b20
[1;36mdebug: [0msem_check_expr: type=13 line=27 col=12 node=0x555555699a18
[1;36mdebug: [0msem_check_expr: type=13 line=27 col=16 node=0x555555699aa0
[1;36mdebug: [0msem_check_expr: type=28 line=10 col=35 node=0x55555569a398
[1;36mdebug: [0msem_check_expr: type=13 line=10 col=28 node=0x55555569a0e0
[1;36mdebug: [0msem_check_expr: type=16 line=28 col=26 node=0x55555569a168
[1;36mdebug: [0msem_check_expr: type=18 line=28 col=35 node=0x55555569a320
[1;36mdebug: [0msem_check_index_access type base: 0, array_size: 0
[1;36mdebug: [0msem_check_expr: type=13 line=28 col=32 node=0x55555569a218
[1;36mdebug: [0msem_check_expr: type=13 line=28 col=36 node=0x55555569a2a0
[1;36mdebug: [0msem_check_expr: type=16 line=28 col=26 node=0x55555569a168
[1;36mdebug: [0msem_check_expr: type=14 line=29 col=15 node=0x55555569a688
[1;36mdebug: [0msem_check_expr: type=13 line=29 col=13 node=0x55555569a438
[1;36mdebug: [0msem_check_expr: type=14 line=29 col=22 node=0x55555569a5e0
[1;36mdebug: [0msem_check_expr: type=13 line=29 col=17 node=0x55555569a4c0
[1;36mdebug: [0msem_check_expr: type=16 line=29 col=24 node=0x55555569a540
[1;36mdebug: [0msem_check_expr: type=28 line=10 col=35 node=0x55555569ae20
[1;36mdebug: [0msem_check_expr: type=13 line=10 col=28 node=0x55555569ac48
[1;36mdebug: [0msem_check_expr: type=16 line=29 col=46 node=0x55555569acd0
[1;36mdebug: [0msem_check_expr: type=16 line=29 col=52 node=0x55555569ad78
[1;36mdebug: [0msem_check_expr: type=16 line=29 col=46 node=0x55555569acd0
[1;36mdebug: [0msem_check_expr: type=16 line=30 col=14 node=0x55555569afc0
[1;36mdebug: [0msem_check_expr: type=28 line=11 col=26 node=0x55555569b7b8
[1;36mdebug: [0msem_check_expr: type=13 line=11 col=19 node=0x55555569b690
[1;36mdebug: [0msem_check_expr: type=16 line=32 col=13 node=0x55555569b718
[1;36mdebug: [0msem_check_expr: type=16 line=32 col=13 node=0x55555569b718
[1;36mdebug: [0msem_check_expr: type=28 line=11 col=26 node=0x55555569c048
[1;36mdebug: [0msem_check_expr: type=13 line=11 col=19 node=0x55555569bf20
[1;36mdebug: [0msem_check_expr: type=16 line=36 col=13 node=0x55555569bfa8
[1;36mdebug: [0msem_check_expr: type=16 line=36 col=13 node=0x55555569bfa8
[1;36mdebug: [0msem_check_expr: type=16 line=37 col=23 node=0x55555569c0e0
[1;36mdebug: [0msem_check_expr: type=14 line=38 col=14 node=0x55555569c350
[1;36mdebug: [0msem_check_expr: type=13 line=38 col=12 node=0x55555569c248
[1;36mdebug: [0msem_check_expr: type=13 line=38 col=16 node=0x55555569c2d0
[1;36mdebug: [0msem_check_expr: type=28 line=10 col=35 node=0x55555569cc70
[1;36mdebug: [0msem_check_expr: type=13 line=10 col=28 node=0x55555569c910
[1;36mdebug: [0msem_check_expr: type=16 line=39 col=26 node=0x55555569c998
[1;36mdebug: [0msem_check_expr: type=18 line=39 col=47 node=0x55555569cbf8
[1;36mdebug: [0msem_check_index_access type base: 0, array_size: 0
[1;36mdebug: [0msem_check_expr: type=32 line=39 col=38 node=0x55555569cac8
[1;36mdebug: [0msem_check_expr: type=13 line=39 col=34 node=0x55555569ca48
[1;36mdebug: [0msem_check_expr: type=13 line=39 col=48 node=0x55555569cb78
[1;36mdebug: [0msem_check_expr: type=16 line=39 col=26 node=0x55555569c998
[1;36mdebug: [0msem_check_expr: type=14 line=40 col=15 node=0x55555569cf60
[1;36mdebug: [0msem_check_expr: type=13 line=40 col=13 node=0x55555569cd10
[1;36mdebug: [0msem_check_expr: type=14 line=40 col=22 node=0x55555569ceb8
[1;36mdebug: [0msem_check_expr: type=13 line=40 col=17 node=0x55555569cd98
[1;36mdebug: [0msem_check_expr: type=16 line=40 col=24 node=0x55555569ce18
[1;36mdebug: [0msem_check_expr: type=28 line=10 col=35 node=0x55555569d6f8
[1;36mdebug: [0msem_check_expr: type=13 line=10 col=28 node=0x55555569d520
[1;36mdebug: [0msem_check_expr: type=16 line=40 col=46 node=0x55555569d5a8
[1;36mdebug: [0msem_check_expr: type=16 line=40 col=52 node=0x55555569d650
[1;36mdebug: [0msem_check_expr: type=16 line=40 col=46 node=0x55555569d5a8
[1;36mdebug: [0msem_check_expr: type=16 line=41 col=14 node=0x55555569d898
[1;36mdebug: [0msem_check_expr: type=28 line=11 col=26 node=0x55555569e090
[1;36mdebug: [0msem_check_expr: type=13 line=11 col=19 node=0x55555569df68
[1;36mdebug: [0msem_check_expr: type=16 line=43 col=13 node=0x55555569dff0
[1;36mdebug: [0msem_check_expr: type=16 line=43 col=13 node=0x55555569dff0
[1;36mdebug: [0msem_check_expr: type=28 line=11 col=26 node=0x55555569e920
[1;36mdebug: [0msem_check_expr: type=13 line=11 col=19 node=0x55555569e7f8
[1;36mdebug: [0msem_check_expr: type=16 line=47 col=13 node=0x55555569e880
[1;36mdebug: [0msem_check_expr: type=16 line=47 col=13 node=0x55555569e880
[1;36mdebug: [0msem_check_expr: type=16 line=48 col=23 node=0x55555569e9b8
[1;36mdebug: [0msem_check_expr: type=14 line=49 col=14 node=0x55555569ec28
[1;36mdebug: [0msem_check_expr: type=13 line=49 col=12 node=0x55555569eb20
[1;36mdebug: [0msem_check_expr: type=13 line=49 col=16 node=0x55555569eba8
[1;36mdebug: [0msem_check_expr: type=28 line=10 col=35 node=0x55555569f548
[1;36mdebug: [0msem_check_expr: type=13 line=10 col=28 node=0x55555569f1e8
[1;36mdebug: [0msem_check_expr: type=16 line=50 col=26 node=0x55555569f270
[1;36mdebug: [0msem_check_expr: type=18 line=50 col=56 node=0x55555569f4d0
[1;36mdebug: [0msem_check_index_access type base: 0, array_size: 0
[1;36mdebug: [0msem_check_expr: type=32 line=50 col=38 node=0x55555569f3a0
[1;36mdebug: [0msem_check_expr: type=13 line=50 col=34 node=0x55555569f320
[1;36mdebug: [0msem_check_expr: type=13 line=50 col=57 node=0x55555569f450
[1;36mdebug: [0msem_check_expr: type=16 line=50 col=26 node=0x55555569f270
[1;36mdebug: [0msem_check_expr: type=14 line=51 col=15 node=0x55555569f838
[1;36mdebug: [0msem_check_expr: type=13 line=51 col=13 node=0x55555569f5e8
[1;36mdebug: [0msem_check_expr: type=14 line=51 col=22 node=0x55555569f790
[1;36mdebug: [0msem_check_expr: type=13 line=51 col=17 node=0x55555569f670
[1;36mdebug: [0msem_check_expr: type=16 line=51 col=24 node=0x55555569f6f0
[1;36mdebug: [0msem_check_expr: type=28 line=10 col=35 node=0x55555569ffd0
[1;36mdebug: [0msem_check_expr: type=13 line=10 col=28 node=0x55555569fdf8
[1;36mdebug: [0msem_check_expr: type=16 line=51 col=46 node=0x55555569fe80
[1;36mdebug: [0msem_check_expr: type=16 line=51 col=52 node=0x55555569ff28
[1;36mdebug: [0msem_check_expr: type=16 line=51 col=46 node=0x55555569fe80
[1;36mdebug: [0msem_check_expr: type=16 line=52 col=14 node=0x5555556a0170
[1;36mdebug: [0msem_check_expr: type=28 line=11 col=26 node=0x5555556a0968
[1;36mdebug: [0msem_check_expr: type=13 line=11 col=19 node=0x5555556a0840
[1;36mdebug: [0msem_check_expr: type=16 line=54 col=13 node=0x5555556a08c8
[1;36mdebug: [0msem_check_expr: type=16 line=54 col=13 node=0x5555556a08c8
[1;36mdebug: [0msem_check_expr: type=28 line=11 col=26 node=0x5555556a11f8
[1;36mdebug: [0msem_check_expr: type=13 line=11 col=19 node=0x5555556a10d0
[1;36mdebug: [0msem_check_expr: type=16 line=58 col=13 node=0x5555556a1158
[1;36mdebug: [0msem_check_expr: type=16 line=58 col=13 node=0x5555556a1158
[1;36mdebug: [0msem_check_expr: type=16 line=59 col=23 node=0x5555556a1290
[1;36mdebug: [0msem_check_expr: type=14 line=60 col=14 node=0x5555556a1500
[1;36mdebug: [0msem_check_expr: type=13 line=60 col=12 node=0x5555556a13f8
[1;36mdebug: [0msem_check_expr: type=13 line=60 col=16 node=0x5555556a1480
[1;36mdebug: [0msem_check_expr: type=28 line=10 col=35 node=0x5555556a1e20
[1;36mdebug: [0msem_check_expr: type=13 line=10 col=28 node=0x5555556a1ac0
[1;36mdebug: [0msem_check_expr: type=16 line=61 col=26 node=0x5555556a1b48
[1;36mdebug: [0msem_check_expr: type=18 line=61 col=48 node=0x5555556a1da8
[1;36mdebug: [0msem_check_index_access type base: 0, array_size: 0
[1;36mdebug: [0msem_check_expr: type=32 line=61 col=37 node=0x5555556a1c78
[1;36mdebug: [0msem_check_expr: type=13 line=61 col=33 node=0x5555556a1bf8
[1;36mdebug: [0msem_check_expr: type=13 line=61 col=49 node=0x5555556a1d28
[1;36mdebug: [0msem_check_expr: type=16 line=61 col=26 node=0x5555556a1b48
[1;36mdebug: [0msem_check_expr: type=14 line=62 col=15 node=0x5555556a2110
[1;36mdebug: [0msem_check_expr: type=13 line=62 col=13 node=0x5555556a1ec0
[1;36mdebug: [0msem_check_expr: type=14 line=62 col=22 node=0x5555556a2068
[1;36mdebug: [0msem_check_expr: type=13 line=62 col=17 node=0x5555556a1f48
[1;36mdebug: [0msem_check_expr: type=16 line=62 col=24 node=0x5555556a1fc8
[1;36mdebug: [0msem_check_expr: type=28 line=10 col=35 node=0x5555556a28a8
[1;36mdebug: [0msem_check_expr: type=13 line=10 col=28 node=0x5555556a26d0
[1;36mdebug: [0msem_check_expr: type=16 line=62 col=46 node=0x5555556a2758
[1;36mdebug: [0msem_check_expr: type=16 line=62 col=52 node=0x5555556a2800
[1;36mdebug: [0msem_check_expr: type=16 line=62 col=46 node=0x5555556a2758
[1;36mdebug: [0msem_check_expr: type=16 line=63 col=14 node=0x5555556a2a48
[1;36mdebug: [0msem_check_expr: type=28 line=11 col=26 node=0x5555556a3240
[1;36mdebug: [0msem_check_expr: type=13 line=11 col=19 node=0x5555556a3118
[1;36mdebug: [0msem_check_expr: type=16 line=65 col=13 node=0x5555556a31a0
[1;36mdebug: [0msem_check_expr: type=16 line=65 col=13 node=0x5555556a31a0
[1;36mdebug: [0msem_check_expr: type=28 line=11 col=26 node=0x5555556a3ad0
[1;36mdebug: [0msem_check_expr: type=13 line=11 col=19 node=0x5555556a39a8
[1;36mdebug: [0msem_check_expr: type=16 line=69 col=13 node=0x5555556a3a30
[1;36mdebug: [0msem_check_expr: type=16 line=69 col=13 node=0x5555556a3a30
[1;36mdebug: [0msem_check_expr: type=16 line=70 col=23 node=0x5555556a3b68
[1;36mdebug: [0msem_check_expr: type=14 line=71 col=14 node=0x5555556a3dd8
[1;36mdebug: [0msem_check_expr: type=13 line=71 col=12 node=0x5555556a3cd0
[1;36mdebug: [0msem_check_expr: type=13 line=71 col=16 node=0x5555556a3d58
[1;36mdebug: [0msem_check_expr: type=28 line=10 col=35 node=0x5555556a46f8
[1;36mdebug: [0msem_check_expr: type=13 line=10 col=28 node=0x5555556a4398
[1;36mdebug: [0msem_check_expr: type=16 line=72 col=26 node=0x5555556a4420
[1;36mdebug: [0msem_check_expr: type=18 line=72 col=49 node=0x5555556a4680
[1;36mdebug: [0msem_check_index_access type base: 0, array_size: 0
[1;36mdebug: [0msem_check_expr: type=32 line=72 col=38 node=0x5555556a4550
[1;36mdebug: [0msem_check_expr: type=13 line=72 col=34 node=0x5555556a44d0
[1;36mdebug: [0msem_check_expr: type=13 line=72 col=50 node=0x5555556a4600
[1;36mdebug: [0msem_check_expr: type=16 line=72 col=26 node=0x5555556a4420
[1;36mdebug: [0msem_check_expr: type=14 line=73 col=15 node=0x5555556a49e8
[1;36mdebug: [0msem_check_expr: type=13 line=73 col=13 node=0x5555556a4798
[1;36mdebug: [0msem_check_expr: type=14 line=73 col=22 node=0x5555556a4940
[1;36mdebug: [0msem_check_expr: type=13 line=73 col=17 node=0x5555556a4820
[1;36mdebug: [0msem_check_expr: type=16 line=73 col=24 node=0x5555556a48a0
[1;36mdebug: [0msem_check_expr: type=28 line=10 col=35 node=0x5555556a5180
[1;36mdebug: [0msem_check_expr: type=13 line=10 col=28 node=0x5555556a4fa8
[1;36mdebug: [0msem_check_expr: type=16 line=73 col=46 node=0x5555556a5030
[1;36mdebug: [0msem_check_expr: type=16 line=73 col=52 node=0x5555556a50d8
[1;36mdebug: [0msem_check_expr: type=16 line=73 col=46 node=0x5555556a5030
[1;36mdebug: [0msem_check_expr: type=16 line=74 col=14 node=0x5555556a5390
[1;36mdebug: [0msem_check_expr: type=28 line=11 col=26 node=0x5555556a5b88
[1;36mdebug: [0msem_check_expr: type=13 line=11 col=19 node=0x5555556a5a60
[1;36mdebug: [0msem_check_expr: type=16 line=76 col=13 node=0x5555556a5ae8
[1;36mdebug: [0msem_check_expr: type=16 line=76 col=13 node=0x5555556a5ae8
[1;36mdebug: [0msem_check_expr: type=2 line=15 col=32 node=0x555555684688
[1;36mdebug: [0msem_check_expr: type=47 line=15 col=24 node=0x5555556844c8
DEBUG clone_var_type fallback: class_name=(null) array_size=0 array_depth=0
[1;36mdebug: [0mclone_var_type bracket-typeparam: Type[2] -> base=(null) array_size=2
[1;36mdebug: [0msem_check_expr: type=13 line=6 col=14 node=0x5555556b86a8
[1;36mdebug: [0msem_check_expr: type=27 line=6 col=9 node=0x5555556b8730
[1;36mdebug: [0msem_check_expr: type=13 line=6 col=5 node=0x5555556b87a8
[1;36mdebug: [0msem_check_expr: type=13 line=7 col=14 node=0x5555556b88d0
[1;36mdebug: [0msem_check_expr: type=27 line=7 col=9 node=0x5555556b8958
[1;36mdebug: [0msem_check_expr: type=13 line=7 col=5 node=0x5555556b89d0
[1;36mdebug: [0msem_check_expr: type=17 line=10 col=12 node=0x5555556b8be0
[1;36mdebug: [0msem_check_expr: type=13 line=10 col=13 node=0x5555556b8c58
[1;36mdebug: [0msem_check_expr: type=13 line=10 col=15 node=0x5555556b8ce0
[1;36mdebug: [0msem_check_expr: type=16 line=15 col=33 node=0x555555684548
[1;36mdebug: [0msem_check_expr: type=16 line=15 col=38 node=0x5555556845e8
[1;36mdebug: [0msem_check_block: Call line=17 col=8 name=print target_type=13 node=0x555555684980
[1;36mdebug: [0msem_check_expr: type=2 line=17 col=8 node=0x555555684980
[1;36mdebug: [0msem_check_expr: type=13 line=17 col=3 node=0x5555556847d8
[1;36mdebug: [0msem_check_expr: type=28 line=17 col=17 node=0x5555556848e8
[1;36mdebug: [0msem_check_expr: type=13 line=17 col=9 node=0x555555684868
[1;36mdebug: [0msem_lookup_class_call for 'Vector_single', class_sym=0x5555556b8d78
[1;36mdebug: [0msem_check_expr: type=2 line=19 col=26 node=0x555555684f50
[1;36mdebug: [0msem_check_expr: type=47 line=19 col=21 node=0x555555684d90
DEBUG clone_var_type fallback: class_name=(null) array_size=0 array_depth=0
[1;36mdebug: [0mclone_var_type bracket-typeparam: Type[2] -> base=(null) array_size=2
[1;36mdebug: [0msem_check_expr: type=13 line=6 col=14 node=0x5555556ba940
[1;36mdebug: [0msem_check_expr: type=27 line=6 col=9 node=0x5555556ba9c8
[1;36mdebug: [0msem_check_expr: type=13 line=6 col=5 node=0x5555556baa40
[1;36mdebug: [0msem_check_expr: type=13 line=7 col=14 node=0x5555556bab68
[1;36mdebug: [0msem_check_expr: type=27 line=7 col=9 node=0x5555556babf0
[1;36mdebug: [0msem_check_expr: type=13 line=7 col=5 node=0x5555556bac68
[1;36mdebug: [0msem_check_expr: type=17 line=10 col=12 node=0x5555556bae78
[1;36mdebug: [0msem_check_expr: type=13 line=10 col=13 node=0x5555556baef0
[1;36mdebug: [0msem_check_expr: type=13 line=10 col=15 node=0x5555556baf78
[1;36mdebug: [0msem_check_expr: type=16 line=19 col=27 node=0x555555684e10
[1;36mdebug: [0msem_check_expr: type=16 line=19 col=30 node=0x555555684eb0
[1;36mdebug: [0msem_check_expr: type=28 line=21 col=8 node=0x5555556852e8
[1;36mdebug: [0msem_check_expr: type=13 line=21 col=3 node=0x5555556850a0
[1;36mdebug: [0msem_lookup_class_call for 'Vector_int', class_sym=0x5555556bb010
[1;36mdebug: [0msem_check_expr: type=16 line=21 col=13 node=0x555555685120
[1;36mdebug: [0msem_check_expr: type=16 line=21 col=16 node=0x555555685248
[1;36mdebug: [0msem_check_expr: type=16 line=21 col=13 node=0x555555685120
[1;36mdebug: [0msem_check_expr: type=16 line=21 col=16 node=0x555555685248
[1;36mdebug: [0msem_check_block: Call line=22 col=8 name=print target_type=13 node=0x555555685528
[1;36mdebug: [0msem_check_expr: type=2 line=22 col=8 node=0x555555685528
[1;36mdebug: [0msem_check_expr: type=13 line=22 col=3 node=0x555555685388
[1;36mdebug: [0msem_check_expr: type=28 line=22 col=14 node=0x555555685490
[1;36mdebug: [0msem_check_expr: type=13 line=22 col=9 node=0x555555685410
[1;36mdebug: [0msem_lookup_class_call for 'Vector_int', class_sym=0x5555556bb010
[1;36mdebug: [0msem_check_expr: type=13 line=6 col=14 node=0x5555556b86a8
[1;36mdebug: [0msem_check_expr: type=27 line=6 col=9 node=0x5555556b8730
[1;36mdebug: [0msem_check_expr: type=13 line=6 col=5 node=0x5555556b87a8
[1;36mdebug: [0msem_check_expr: type=13 line=7 col=14 node=0x5555556b88d0
[1;36mdebug: [0msem_check_expr: type=27 line=7 col=9 node=0x5555556b8958
[1;36mdebug: [0msem_check_expr: type=13 line=7 col=5 node=0x5555556b89d0
[1;36mdebug: [0msem_check_expr: type=17 line=10 col=12 node=0x5555556b8be0
[1;36mdebug: [0msem_check_expr: type=13 line=10 col=13 node=0x5555556b8c58
[1;36mdebug: [0msem_check_expr: type=13 line=10 col=15 node=0x5555556b8ce0
[1;36mdebug: [0msem_check_expr: type=13 line=6 col=14 node=0x5555556ba940
[1;36mdebug: [0msem_check_expr: type=27 line=6 col=9 node=0x5555556ba9c8
[1;36mdebug: [0msem_check_expr: type=13 line=6 col=5 node=0x5555556baa40
[1;36mdebug: [0msem_check_expr: type=13 line=7 col=14 node=0x5555556bab68
[1;36mdebug: [0msem_check_expr: type=27 line=7 col=9 node=0x5555556babf0
[1;36mdebug: [0msem_check_expr: type=13 line=7 col=5 node=0x5555556bac68
[1;36mdebug: [0msem_check_expr: type=17 line=10 col=12 node=0x5555556bae78
[1;36mdebug: [0msem_check_expr: type=13 line=10 col=13 node=0x5555556baef0
[1;36mdebug: [0msem_check_expr: type=13 line=10 col=15 node=0x5555556baf78
[1;36mstep: [0mFinished Semantic Analysis. Start macro-linking.
[1;36mstep: [0mFinished macro linking. Start generating Alkyl Intermediate Representation (alir).
[1;36mdebug: [0malir_gen_function_def fn->name=printf class_name=NULL fn->mangled_name=printf -> func_name=printf
[1;36mdebug: [0malir_gen_function_def fn->name=putchar class_name=NULL fn->mangled_name=putchar -> func_name=putchar
[1;36mdebug: [0malir_gen_function_def fn->name=puts class_name=NULL fn->mangled_name=puts -> func_name=puts
[1;36mdebug: [0malir_gen_function_def fn->name=print_int_array class_name=NULL fn->mangled_name=main_print_int_array_i32_p_i64 -> func_name=main_print_int_array_i32_p_i64
[1;36mdebug: [0malir_gen_function_def fn->name=print_uint_array class_name=NULL fn->mangled_name=main_print_uint_array_i32_p_i64 -> func_name=main_print_uint_array_i32_p_i64
[1;36mdebug: [0malir_gen_function_def fn->name=print_long_array class_name=NULL fn->mangled_name=main_print_long_array_void_p_i64 -> func_name=main_print_long_array_void_p_i64
[1;36mdebug: [0malir_gen_function_def fn->name=print_ulong_array class_name=NULL fn->mangled_name=main_print_ulong_array_void_p_i64 -> func_name=main_print_ulong_array_void_p_i64
[1;36mdebug: [0malir_gen_function_def fn->name=print_single_array class_name=NULL fn->mangled_name=main_print_single_array_void_p_i64 -> func_name=main_print_single_array_void_p_i64
[1;36mdebug: [0malir_gen_function_def fn->name=print_double_array class_name=NULL fn->mangled_name=main_print_double_array_void_p_i64 -> func_name=main_print_double_array_void_p_i64
[1;36mdebug: [0malir_gen_function_def fn->name=main class_name=NULL fn->mangled_name=main -> func_name=main
[1;36mdebug: [0mfunc=main op=0 dest_kind=5 dest_type_base=16 op1_kind=0 op1_type_base=0
[1;36mdebug: [0mfunc=main op=31 dest_kind=0 dest_type_base=0 op1_kind=9 op1_type_base=0
DEBUG clone_var_type fallback: class_name=(null) array_size=0 array_depth=0
DEBUG clone_var_type fallback: class_name=(null) array_size=0 array_depth=0
DEBUG clone_var_type fallback: class_name=(null) array_size=0 array_depth=0
DEBUG clone_var_type fallback: class_name=(null) array_size=0 array_depth=0
DEBUG clone_var_type fallback: class_name=(null) array_size=0 array_depth=0
DEBUG clone_var_type fallback: class_name=(null) array_size=0 array_depth=0
DEBUG clone_var_type fallback: class_name=(null) array_size=0 array_depth=0
DEBUG clone_var_type fallback: class_name=(null) array_size=0 array_depth=0
DEBUG clone_var_type fallback: class_name=(null) array_size=0 array_depth=0
DEBUG clone_var_type fallback: class_name=(null) array_size=0 array_depth=0
DEBUG clone_var_type fallback: class_name=(null) array_size=0 array_depth=0
DEBUG clone_var_type fallback: class_name=(null) array_size=0 array_depth=0
DEBUG clone_var_type fallback: class_name=(null) array_size=0 array_depth=0
DEBUG clone_var_type fallback: class_name=(null) array_size=0 array_depth=0
DEBUG clone_var_type fallback: class_name=(null) array_size=0 array_depth=0
DEBUG clone_var_type fallback: class_name=(null) array_size=0 array_depth=0
DEBUG clone_var_type fallback: class_name=(null) array_size=0 array_depth=0
DEBUG clone_var_type fallback: class_name=(null) array_size=0 array_depth=0
DEBUG clone_var_type fallback: class_name=(null) array_size=0 array_depth=0
DEBUG clone_var_type fallback: class_name=(null) array_size=0 array_depth=0
DEBUG clone_var_type fallback: class_name=(null) array_size=0 array_depth=0
DEBUG clone_var_type fallback: class_name=(null) array_size=0 array_depth=0
DEBUG clone_var_type fallback: class_name=(null) array_size=0 array_depth=0
DEBUG clone_var_type fallback: class_name=(null) array_size=0 array_depth=0
DEBUG clone_var_type fallback: class_name=(null) array_size=0 array_depth=0
DEBUG clone_var_type fallback: class_name=(null) array_size=1 array_depth=0
DEBUG clone_var_type fallback: class_name=(null) array_size=0 array_depth=0
DEBUG clone_var_type fallback: class_name=(null) array_size=0 array_depth=0
DEBUG clone_var_type fallback: class_name=(null) array_size=0 array_depth=0
DEBUG clone_var_type fallback: class_name=(null) array_size=1 array_depth=0
DEBUG clone_var_type fallback: class_name=(null) array_size=0 array_depth=0
DEBUG clone_var_type fallback: class_name=(null) array_size=0 array_depth=0
DEBUG clone_var_type fallback: class_name=(null) array_size=0 array_depth=0
DEBUG clone_var_type fallback: class_name=(null) array_size=1 array_depth=0
DEBUG clone_var_type fallback: class_name=(null) array_size=0 array_depth=0
DEBUG clone_var_type fallback: class_name=(null) array_size=0 array_depth=0
DEBUG clone_var_type fallback: class_name=(null) array_size=0 array_depth=0
DEBUG clone_var_type fallback: class_name=(null) array_size=1 array_depth=0
DEBUG clone_var_type fallback: class_name=(null) array_size=0 array_depth=0
DEBUG clone_var_type fallback: class_name=(null) array_size=0 array_depth=0
DEBUG clone_var_type fallback: class_name=(null) array_size=0 array_depth=0
DEBUG clone_var_type fallback: class_name=(null) array_size=1 array_depth=0
DEBUG clone_var_type fallback: class_name=(null) array_size=0 array_depth=0
DEBUG clone_var_type fallback: class_name=(null) array_size=0 array_depth=0
DEBUG clone_var_type fallback: class_name=(null) array_size=0 array_depth=0
DEBUG clone_var_type fallback: class_name=(null) array_size=1 array_depth=0
DEBUG clone_var_type fallback: class_name=(null) array_size=0 array_depth=0
DEBUG clone_var_type fallback: class_name=(null) array_size=0 array_depth=0
DEBUG clone_var_type fallback: class_name=(null) array_size=0 array_depth=0
DEBUG clone_var_type fallback: class_name=(null) array_size=0 array_depth=0
DEBUG clone_var_type fallback: class_name=(null) array_size=0 array_depth=0
DEBUG clone_var_type fallback: class_name=(null) array_size=0 array_depth=0
DEBUG clone_var_type fallback: class_name=(null) array_size=0 array_depth=0
DEBUG clone_var_type fallback: class_name=(null) array_size=0 array_depth=0
DEBUG clone_var_type fallback: class_name=(null) array_size=0 array_depth=0
DEBUG clone_var_type fallback: class_name=(null) array_size=0 array_depth=0
DEBUG clone_var_type fallback: class_name=(null) array_size=0 array_depth=0
DEBUG clone_var_type fallback: class_name=(null) array_size=0 array_depth=0
DEBUG clone_var_type fallback: class_name=(null) array_size=0 array_depth=0
DEBUG clone_var_type fallback: class_name=(null) array_size=0 array_depth=0
DEBUG clone_var_type fallback: class_name=(null) array_size=0 array_depth=0
DEBUG clone_var_type fallback: class_name=(null) array_size=0 array_depth=0
DEBUG clone_var_type fallback: class_name=(null) array_size=0 array_depth=0
DEBUG clone_var_type fallback: class_name=(null) array_size=0 array_depth=0
DEBUG clone_var_type fallback: class_name=(null) array_size=0 array_depth=0
DEBUG clone_var_type fallback: class_name=(null) array_size=0 array_depth=0
DEBUG clone_var_type fallback: class_name=(null) array_size=0 array_depth=0
DEBUG clone_var_type fallback: class_name=(null) array_size=0 array_depth=0
DEBUG clone_var_type fallback: class_name=(null) array_size=0 array_depth=0
DEBUG clone_var_type fallback: class_name=(null) array_size=0 array_depth=0
DEBUG clone_var_type fallback: class_name=(null) array_size=0 array_depth=0
DEBUG clone_var_type fallback: class_name=(null) array_size=0 array_depth=0
DEBUG clone_var_type fallback: class_name=(null) array_size=0 array_depth=0
DEBUG clone_var_type fallback: class_name=(null) array_size=0 array_depth=0
DEBUG clone_var_type fallback: class_name=(null) array_size=0 array_depth=0
DEBUG clone_var_type fallback: class_name=(null) array_size=0 array_depth=0
DEBUG clone_var_type fallback: class_name=(null) array_size=1 array_depth=0
DEBUG clone_var_type fallback: class_name=(null) array_size=0 array_depth=0
DEBUG clone_var_type fallback: class_name=(null) array_size=0 array_depth=0
DEBUG clone_var_type fallback: class_name=(null) array_size=0 array_depth=0
DEBUG clone_var_type fallback: class_name=(null) array_size=1 array_depth=0
DEBUG clone_var_type fallback: class_name=(null) array_size=0 array_depth=0
DEBUG clone_var_type fallback: class_name=(null) array_size=0 array_depth=0
DEBUG clone_var_type fallback: class_name=(null) array_size=0 array_depth=0
DEBUG clone_var_type fallback: class_name=(null) array_size=1 array_depth=0
DEBUG clone_var_type fallback: class_name=(null) array_size=0 array_depth=0
DEBUG clone_var_type fallback: class_name=(null) array_size=0 array_depth=0
DEBUG clone_var_type fallback: class_name=(null) array_size=0 array_depth=0
DEBUG clone_var_type fallback: class_name=(null) array_size=1 array_depth=0
DEBUG clone_var_type fallback: class_name=(null) array_size=0 array_depth=0
DEBUG clone_var_type fallback: class_name=(null) array_size=0 array_depth=0
DEBUG clone_var_type fallback: class_name=(null) array_size=0 array_depth=0
DEBUG clone_var_type fallback: class_name=(null) array_size=1 array_depth=0
DEBUG clone_var_type fallback: class_name=(null) array_size=0 array_depth=0
DEBUG clone_var_type fallback: class_name=(null) array_size=0 array_depth=0
DEBUG clone_var_type fallback: class_name=(null) array_size=0 array_depth=0
DEBUG clone_var_type fallback: class_name=(null) array_size=1 array_depth=0
DEBUG clone_var_type fallback: class_name=(null) array_size=0 array_depth=0
DEBUG clone_var_type fallback: class_name=(null) array_size=0 array_depth=0
DEBUG clone_var_type fallback: class_name=(null) array_size=0 array_depth=0
DEBUG clone_var_type fallback: class_name=(null) array_size=0 array_depth=0
DEBUG clone_var_type fallback: class_name=(null) array_size=0 array_depth=0
[1;36mdebug: [0msem_check_expr: type=14 line=83 col=25 node=0x5555556d5400
[1;36mdebug: [0msem_check_expr: type=29 line=83 col=13 node=0x5555556d54a8
[1;36mdebug: [0msem_check_expr: type=29 line=83 col=28 node=0x5555556d55d0
[1;36mdebug: [0msem_check_expr: type=14 line=85 col=32 node=0x5555556d5940
[1;36mdebug: [0msem_check_expr: type=29 line=85 col=20 node=0x5555556d59e8
[1;36mdebug: [0msem_check_expr: type=29 line=85 col=35 node=0x5555556d5b10
[1;36mdebug: [0msem_check_expr: type=14 line=87 col=32 node=0x5555556d5e80
[1;36mdebug: [0msem_check_expr: type=29 line=87 col=20 node=0x5555556d5f28
[1;36mdebug: [0msem_check_expr: type=29 line=87 col=35 node=0x5555556d6050
[1;36mdebug: [0msem_check_expr: type=14 line=89 col=32 node=0x5555556d63c0
[1;36mdebug: [0msem_check_expr: type=29 line=89 col=20 node=0x5555556d6468
[1;36mdebug: [0msem_check_expr: type=29 line=89 col=35 node=0x5555556d6590
[1;36mdebug: [0msem_check_expr: type=14 line=91 col=32 node=0x5555556d6900
[1;36mdebug: [0msem_check_expr: type=29 line=91 col=20 node=0x5555556d69a8
[1;36mdebug: [0msem_check_expr: type=29 line=91 col=35 node=0x5555556d6ad0
[1;36mdebug: [0msem_check_expr: type=14 line=93 col=32 node=0x5555556d6e40
[1;36mdebug: [0msem_check_expr: type=29 line=93 col=20 node=0x5555556d6ee8
[1;36mdebug: [0msem_check_expr: type=29 line=93 col=35 node=0x5555556d7010
[1;36mdebug: [0msem_check_expr: type=14 line=95 col=32 node=0x5555556d7380
[1;36mdebug: [0msem_check_expr: type=29 line=95 col=20 node=0x5555556d7428
[1;36mdebug: [0msem_check_expr: type=29 line=95 col=35 node=0x5555556d7550
[1;36mdebug: [0msem_check_expr: type=14 line=101 col=32 node=0x5555556d7e00
[1;36mdebug: [0msem_check_expr: type=29 line=101 col=20 node=0x5555556d7ea8
[1;36mdebug: [0msem_check_expr: type=29 line=101 col=35 node=0x5555556d7fd0
[1;36mdebug: [0msem_check_expr: type=14 line=103 col=32 node=0x5555556d8510
[1;36mdebug: [0msem_check_expr: type=29 line=103 col=20 node=0x5555556d85b8
[1;36mdebug: [0msem_check_expr: type=29 line=103 col=35 node=0x5555556d86e0
[1;36mdebug: [0msem_check_expr: type=14 line=105 col=32 node=0x5555556d8c30
[1;36mdebug: [0msem_check_expr: type=29 line=105 col=20 node=0x5555556d8cd8
[1;36mdebug: [0msem_check_expr: type=29 line=105 col=35 node=0x5555556d8e00
[1;36mdebug: [0msem_check_expr: type=14 line=107 col=32 node=0x5555556d9350
[1;36mdebug: [0msem_check_expr: type=29 line=107 col=20 node=0x5555556d93f8
[1;36mdebug: [0msem_check_expr: type=29 line=107 col=35 node=0x5555556d9520
[1;36mdebug: [0msem_check_expr: type=14 line=109 col=32 node=0x5555556d9a70
[1;36mdebug: [0msem_check_expr: type=29 line=109 col=20 node=0x5555556d9b18
[1;36mdebug: [0msem_check_expr: type=29 line=109 col=35 node=0x5555556d9c40
[1;36mdebug: [0msem_check_expr: type=14 line=111 col=32 node=0x5555556da190
[1;36mdebug: [0msem_check_expr: type=29 line=111 col=20 node=0x5555556da238
[1;36mdebug: [0msem_check_expr: type=29 line=111 col=35 node=0x5555556da360
[1;36mdebug: [0msem_check_expr: type=14 line=113 col=32 node=0x5555556da8b0
[1;36mdebug: [0msem_check_expr: type=29 line=113 col=20 node=0x5555556da958
[1;36mdebug: [0msem_check_expr: type=29 line=113 col=35 node=0x5555556daa80
[1;36mdebug: [0mtypeof string='single[]'
[1;36mdebug: [0mfunc=main op=35 dest_kind=5 dest_type_base=1 op1_kind=7 op1_type_base=1
[1;36mdebug: [0mtypeof string='int'
[1;36mdebug: [0mfunc=main op=35 dest_kind=5 dest_type_base=1 op1_kind=7 op1_type_base=1
[1;36mdebug: [0mfunc=main op=27 dest_kind=5 dest_type_base=10 op1_kind=5 op1_type_base=1
[1;36mdebug: [0mfunc=main op=30 dest_kind=0 dest_type_base=0 op1_kind=5 op1_type_base=10
[1;36mdebug: [0mfunc=main op=0 dest_kind=5 dest_type_base=1 op1_kind=0 op1_type_base=0
[1;36mdebug: [0mfunc=main op=31 dest_kind=5 dest_type_base=11 op1_kind=4 op1_type_base=0
[1;36mdebug: [0mfunc=main op=31 dest_kind=5 dest_type_base=0 op1_kind=4 op1_type_base=0
[1;36mdebug: [0mfunc=main op=29 dest_kind=0 dest_type_base=0 op1_kind=6 op1_type_base=0
[1;36mdebug: [0mtypeof string='single[]'
[1;36mdebug: [0mfunc=main op=35 dest_kind=5 dest_type_base=1 op1_kind=7 op1_type_base=1
[1;36mdebug: [0mtypeof string='unsigned int'
[1;36mdebug: [0mfunc=main op=35 dest_kind=5 dest_type_base=1 op1_kind=7 op1_type_base=1
[1;36mdebug: [0mfunc=main op=27 dest_kind=5 dest_type_base=10 op1_kind=5 op1_type_base=1
[1;36mdebug: [0mfunc=main op=30 dest_kind=0 dest_type_base=0 op1_kind=5 op1_type_base=10
[1;36mdebug: [0mfunc=main op=0 dest_kind=5 dest_type_base=1 op1_kind=0 op1_type_base=0
[1;36mdebug: [0mfunc=main op=31 dest_kind=5 dest_type_base=11 op1_kind=4 op1_type_base=0
[1;36mdebug: [0mfunc=main op=31 dest_kind=5 dest_type_base=0 op1_kind=4 op1_type_base=0
[1;36mdebug: [0mfunc=main op=29 dest_kind=0 dest_type_base=0 op1_kind=6 op1_type_base=0
[1;36mdebug: [0mtypeof string='single[]'
[1;36mdebug: [0mfunc=main op=35 dest_kind=5 dest_type_base=1 op1_kind=7 op1_type_base=1
[1;36mdebug: [0mtypeof string='long'
[1;36mdebug: [0mfunc=main op=35 dest_kind=5 dest_type_base=1 op1_kind=7 op1_type_base=1
[1;36mdebug: [0mfunc=main op=27 dest_kind=5 dest_type_base=10 op1_kind=5 op1_type_base=1
[1;36mdebug: [0mfunc=main op=30 dest_kind=0 dest_type_base=0 op1_kind=5 op1_type_base=10
[1;36mdebug: [0mfunc=main op=0 dest_kind=5 dest_type_base=1 op1_kind=0 op1_type_base=0
[1;36mdebug: [0mfunc=main op=31 dest_kind=5 dest_type_base=11 op1_kind=4 op1_type_base=0
[1;36mdebug: [0mfunc=main op=31 dest_kind=5 dest_type_base=0 op1_kind=4 op1_type_base=0
[1;36mdebug: [0mfunc=main op=29 dest_kind=0 dest_type_base=0 op1_kind=6 op1_type_base=0
[1;36mdebug: [0mtypeof string='single[]'
[1;36mdebug: [0mfunc=main op=35 dest_kind=5 dest_type_base=1 op1_kind=7 op1_type_base=1
[1;36mdebug: [0mtypeof string='unsigned long'
[1;36mdebug: [0mfunc=main op=35 dest_kind=5 dest_type_base=1 op1_kind=7 op1_type_base=1
[1;36mdebug: [0mfunc=main op=27 dest_kind=5 dest_type_base=10 op1_kind=5 op1_type_base=1
[1;36mdebug: [0mfunc=main op=30 dest_kind=0 dest_type_base=0 op1_kind=5 op1_type_base=10
[1;36mdebug: [0mfunc=main op=0 dest_kind=5 dest_type_base=1 op1_kind=0 op1_type_base=0
[1;36mdebug: [0mfunc=main op=31 dest_kind=5 dest_type_base=11 op1_kind=4 op1_type_base=0
[1;36mdebug: [0mfunc=main op=31 dest_kind=5 dest_type_base=0 op1_kind=4 op1_type_base=0
[1;36mdebug: [0mfunc=main op=29 dest_kind=0 dest_type_base=0 op1_kind=6 op1_type_base=0
[1;36mdebug: [0mtypeof string='single[]'
[1;36mdebug: [0mfunc=main op=35 dest_kind=5 dest_type_base=1 op1_kind=7 op1_type_base=1
[1;36mdebug: [0mtypeof string='single'
[1;36mdebug: [0mfunc=main op=35 dest_kind=5 dest_type_base=1 op1_kind=7 op1_type_base=1
[1;36mdebug: [0mfunc=main op=27 dest_kind=5 dest_type_base=10 op1_kind=5 op1_type_base=1
[1;36mdebug: [0mfunc=main op=30 dest_kind=0 dest_type_base=0 op1_kind=5 op1_type_base=10
[1;36mdebug: [0mfunc=main op=0 dest_kind=5 dest_type_base=1 op1_kind=0 op1_type_base=0
[1;36mdebug: [0mfunc=main op=31 dest_kind=5 dest_type_base=11 op1_kind=4 op1_type_base=0
[1;36mdebug: [0mfunc=main op=31 dest_kind=5 dest_type_base=0 op1_kind=4 op1_type_base=0
[1;36mdebug: [0mfunc=main op=29 dest_kind=0 dest_type_base=0 op1_kind=6 op1_type_base=0
[1;36mdebug: [0mtypeof string='single[]'
[1;36mdebug: [0mfunc=main op=35 dest_kind=5 dest_type_base=1 op1_kind=7 op1_type_base=1
[1;36mdebug: [0mtypeof string='double'
[1;36mdebug: [0mfunc=main op=35 dest_kind=5 dest_type_base=1 op1_kind=7 op1_type_base=1
[1;36mdebug: [0mfunc=main op=27 dest_kind=5 dest_type_base=10 op1_kind=5 op1_type_base=1
[1;36mdebug: [0mfunc=main op=30 dest_kind=0 dest_type_base=0 op1_kind=5 op1_type_base=10
[1;36mdebug: [0mfunc=main op=0 dest_kind=5 dest_type_base=1 op1_kind=0 op1_type_base=0
[1;36mdebug: [0mfunc=main op=31 dest_kind=5 dest_type_base=11 op1_kind=4 op1_type_base=0
[1;36mdebug: [0mfunc=main op=31 dest_kind=5 dest_type_base=0 op1_kind=4 op1_type_base=0
[1;36mdebug: [0mfunc=main op=29 dest_kind=0 dest_type_base=0 op1_kind=6 op1_type_base=0
[1;36mdebug: [0mtypeof string='single[]'
[1;36mdebug: [0mfunc=main op=35 dest_kind=5 dest_type_base=1 op1_kind=7 op1_type_base=1
[1;36mdebug: [0mtypeof string='char'
[1;36mdebug: [0mfunc=main op=35 dest_kind=5 dest_type_base=1 op1_kind=7 op1_type_base=1
[1;36mdebug: [0mfunc=main op=27 dest_kind=5 dest_type_base=10 op1_kind=5 op1_type_base=1
[1;36mdebug: [0mfunc=main op=30 dest_kind=0 dest_type_base=0 op1_kind=5 op1_type_base=10
[1;36mdebug: [0mfunc=main op=36 dest_kind=5 dest_type_base=7 op1_kind=8 op1_type_base=11
[1;36mdebug: [0mfunc=main op=27 dest_kind=5 dest_type_base=10 op1_kind=5 op1_type_base=7
[1;36mdebug: [0mfunc=main op=30 dest_kind=0 dest_type_base=0 op1_kind=5 op1_type_base=10
[1;36mdebug: [0mfunc=main op=0 dest_kind=5 dest_type_base=1 op1_kind=0 op1_type_base=0
[1;36mdebug: [0mfunc=main op=31 dest_kind=5 dest_type_base=11 op1_kind=4 op1_type_base=0
[1;36mdebug: [0mfunc=main op=31 dest_kind=5 dest_type_base=0 op1_kind=4 op1_type_base=0
[1;36mdebug: [0mfunc=main op=29 dest_kind=0 dest_type_base=0 op1_kind=6 op1_type_base=0
[1;36mdebug: [0mfunc=main op=0 dest_kind=5 dest_type_base=1 op1_kind=0 op1_type_base=0
[1;36mdebug: [0mfunc=main op=31 dest_kind=5 dest_type_base=11 op1_kind=4 op1_type_base=0
[1;36mdebug: [0mfunc=main op=31 dest_kind=5 dest_type_base=0 op1_kind=4 op1_type_base=0
[1;36mdebug: [0mfunc=main op=29 dest_kind=0 dest_type_base=0 op1_kind=6 op1_type_base=0
[1;36mdebug: [0mfunc=main op=29 dest_kind=0 dest_type_base=0 op1_kind=6 op1_type_base=0
[1;36mdebug: [0mtypeof string='single[]'
[1;36mdebug: [0mfunc=main op=35 dest_kind=5 dest_type_base=1 op1_kind=7 op1_type_base=1
[1;36mdebug: [0mtypeof string='int[]'
[1;36mdebug: [0mfunc=main op=35 dest_kind=5 dest_type_base=1 op1_kind=7 op1_type_base=1
[1;36mdebug: [0mfunc=main op=27 dest_kind=5 dest_type_base=10 op1_kind=5 op1_type_base=1
[1;36mdebug: [0mfunc=main op=30 dest_kind=0 dest_type_base=0 op1_kind=5 op1_type_base=10
[1;36mdebug: [0mGLOBAL VAR ADDR: print_int_array
[1;36mdebug: [0mfunc=main op=31 dest_kind=5 dest_type_base=11 op1_kind=4 op1_type_base=0
[1;36mdebug: [0mfunc=main op=36 dest_kind=5 dest_type_base=7 op1_kind=8 op1_type_base=11
[1;36mdebug: [0mfunc=main op=20 dest_kind=5 dest_type_base=1 op1_kind=5 op1_type_base=7
[1;36mdebug: [0mfunc=main op=31 dest_kind=5 dest_type_base=0 op1_kind=9 op1_type_base=0
[1;36mdebug: [0mfunc=main op=29 dest_kind=0 dest_type_base=0 op1_kind=6 op1_type_base=0
[1;36mdebug: [0mtypeof string='single[]'
[1;36mdebug: [0mfunc=main op=35 dest_kind=5 dest_type_base=1 op1_kind=7 op1_type_base=1
[1;36mdebug: [0mtypeof string='unsigned int[]'
[1;36mdebug: [0mfunc=main op=35 dest_kind=5 dest_type_base=1 op1_kind=7 op1_type_base=1
[1;36mdebug: [0mfunc=main op=27 dest_kind=5 dest_type_base=10 op1_kind=5 op1_type_base=1
[1;36mdebug: [0mfunc=main op=30 dest_kind=0 dest_type_base=0 op1_kind=5 op1_type_base=10
[1;36mdebug: [0mGLOBAL VAR ADDR: print_uint_array
[1;36mdebug: [0mfunc=main op=31 dest_kind=5 dest_type_base=11 op1_kind=4 op1_type_base=0
[1;36mdebug: [0mfunc=main op=36 dest_kind=5 dest_type_base=7 op1_kind=8 op1_type_base=11
[1;36mdebug: [0mfunc=main op=20 dest_kind=5 dest_type_base=1 op1_kind=5 op1_type_base=7
[1;36mdebug: [0mfunc=main op=31 dest_kind=5 dest_type_base=0 op1_kind=9 op1_type_base=0
[1;36mdebug: [0mfunc=main op=29 dest_kind=0 dest_type_base=0 op1_kind=6 op1_type_base=0
[1;36mdebug: [0mtypeof string='single[]'
[1;36mdebug: [0mfunc=main op=35 dest_kind=5 dest_type_base=1 op1_kind=7 op1_type_base=1
[1;36mdebug: [0mtypeof string='long[]'
[1;36mdebug: [0mfunc=main op=35 dest_kind=5 dest_type_base=1 op1_kind=7 op1_type_base=1
[1;36mdebug: [0mfunc=main op=27 dest_kind=5 dest_type_base=10 op1_kind=5 op1_type_base=1
[1;36mdebug: [0mfunc=main op=30 dest_kind=0 dest_type_base=0 op1_kind=5 op1_type_base=10
[1;36mdebug: [0mGLOBAL VAR ADDR: print_long_array
[1;36mdebug: [0mfunc=main op=31 dest_kind=5 dest_type_base=11 op1_kind=4 op1_type_base=0
[1;36mdebug: [0mfunc=main op=36 dest_kind=5 dest_type_base=7 op1_kind=8 op1_type_base=11
[1;36mdebug: [0mfunc=main op=20 dest_kind=5 dest_type_base=1 op1_kind=5 op1_type_base=7
[1;36mdebug: [0mfunc=main op=31 dest_kind=5 dest_type_base=0 op1_kind=9 op1_type_base=0
[1;36mdebug: [0mfunc=main op=29 dest_kind=0 dest_type_base=0 op1_kind=6 op1_type_base=0
[1;36mdebug: [0mtypeof string='single[]'
[1;36mdebug: [0mfunc=main op=35 dest_kind=5 dest_type_base=1 op1_kind=7 op1_type_base=1
[1;36mdebug: [0mtypeof string='unsigned long[]'
[1;36mdebug: [0mfunc=main op=35 dest_kind=5 dest_type_base=1 op1_kind=7 op1_type_base=1
[1;36mdebug: [0mfunc=main op=27 dest_kind=5 dest_type_base=10 op1_kind=5 op1_type_base=1
[1;36mdebug: [0mfunc=main op=30 dest_kind=0 dest_type_base=0 op1_kind=5 op1_type_base=10
[1;36mdebug: [0mGLOBAL VAR ADDR: print_ulong_array
[1;36mdebug: [0mfunc=main op=31 dest_kind=5 dest_type_base=11 op1_kind=4 op1_type_base=0
[1;36mdebug: [0mfunc=main op=36 dest_kind=5 dest_type_base=7 op1_kind=8 op1_type_base=11
[1;36mdebug: [0mfunc=main op=20 dest_kind=5 dest_type_base=1 op1_kind=5 op1_type_base=7
[1;36mdebug: [0mfunc=main op=31 dest_kind=5 dest_type_base=0 op1_kind=9 op1_type_base=0
[1;36mdebug: [0mfunc=main op=29 dest_kind=0 dest_type_base=0 op1_kind=6 op1_type_base=0
[1;36mdebug: [0mtypeof string='single[]'
[1;36mdebug: [0mfunc=main op=35 dest_kind=5 dest_type_base=1 op1_kind=7 op1_type_base=1
[1;36mdebug: [0mtypeof string='single[]'
[1;36mdebug: [0mfunc=main op=35 dest_kind=5 dest_type_base=1 op1_kind=7 op1_type_base=1
[1;36mdebug: [0mfunc=main op=27 dest_kind=5 dest_type_base=10 op1_kind=5 op1_type_base=1
[1;36mdebug: [0mfunc=main op=30 dest_kind=0 dest_type_base=0 op1_kind=5 op1_type_base=10
[1;36mdebug: [0mGLOBAL VAR ADDR: print_single_array
[1;36mdebug: [0mfunc=main op=31 dest_kind=5 dest_type_base=11 op1_kind=4 op1_type_base=0
[1;36mdebug: [0mfunc=main op=36 dest_kind=5 dest_type_base=7 op1_kind=8 op1_type_base=11
[1;36mdebug: [0mfunc=main op=20 dest_kind=5 dest_type_base=1 op1_kind=5 op1_type_base=7
[1;36mdebug: [0mfunc=main op=31 dest_kind=5 dest_type_base=0 op1_kind=9 op1_type_base=0
[1;36mdebug: [0mfunc=main op=29 dest_kind=0 dest_type_base=0 op1_kind=6 op1_type_base=0
[1;36mdebug: [0mtypeof string='single[]'
[1;36mdebug: [0mfunc=main op=35 dest_kind=5 dest_type_base=1 op1_kind=7 op1_type_base=1
[1;36mdebug: [0mtypeof string='double[]'
[1;36mdebug: [0mfunc=main op=35 dest_kind=5 dest_type_base=1 op1_kind=7 op1_type_base=1
[1;36mdebug: [0mfunc=main op=27 dest_kind=5 dest_type_base=10 op1_kind=5 op1_type_base=1
[1;36mdebug: [0mfunc=main op=30 dest_kind=0 dest_type_base=0 op1_kind=5 op1_type_base=10
[1;36mdebug: [0mGLOBAL VAR ADDR: print_double_array
[1;36mdebug: [0mfunc=main op=31 dest_kind=5 dest_type_base=11 op1_kind=4 op1_type_base=0
[1;36mdebug: [0mfunc=main op=36 dest_kind=5 dest_type_base=7 op1_kind=8 op1_type_base=11
[1;36mdebug: [0mfunc=main op=20 dest_kind=5 dest_type_base=1 op1_kind=5 op1_type_base=7
[1;36mdebug: [0mfunc=main op=31 dest_kind=5 dest_type_base=0 op1_kind=9 op1_type_base=0
[1;36mdebug: [0mfunc=main op=29 dest_kind=0 dest_type_base=0 op1_kind=6 op1_type_base=0
[1;36mdebug: [0mtypeof string='single[]'
[1;36mdebug: [0mfunc=main op=35 dest_kind=5 dest_type_base=1 op1_kind=7 op1_type_base=1
[1;36mdebug: [0mtypeof string='char*'
[1;36mdebug: [0mfunc=main op=35 dest_kind=5 dest_type_base=1 op1_kind=7 op1_type_base=1
[1;36mdebug: [0mfunc=main op=27 dest_kind=5 dest_type_base=10 op1_kind=5 op1_type_base=1
[1;36mdebug: [0mfunc=main op=30 dest_kind=0 dest_type_base=0 op1_kind=5 op1_type_base=10
[1;36mdebug: [0mfunc=main op=0 dest_kind=5 dest_type_base=1 op1_kind=0 op1_type_base=0
[1;36mdebug: [0mfunc=main op=31 dest_kind=5 dest_type_base=11 op1_kind=4 op1_type_base=0
[1;36mdebug: [0mfunc=main op=31 dest_kind=5 dest_type_base=0 op1_kind=4 op1_type_base=0
[1;36mdebug: [0mfunc=main op=29 dest_kind=0 dest_type_base=0 op1_kind=6 op1_type_base=0
[1;36mdebug: [0mfunc=main op=29 dest_kind=0 dest_type_base=0 op1_kind=6 op1_type_base=0
[1;36mdebug: [0mfunc=main op=29 dest_kind=0 dest_type_base=0 op1_kind=6 op1_type_base=0
[1;36mdebug: [0mfunc=main op=29 dest_kind=0 dest_type_base=0 op1_kind=6 op1_type_base=0
[1;36mdebug: [0mfunc=main op=29 dest_kind=0 dest_type_base=0 op1_kind=6 op1_type_base=0
[1;36mdebug: [0mfunc=main op=29 dest_kind=0 dest_type_base=0 op1_kind=6 op1_type_base=0
[1;36mdebug: [0mfunc=main op=29 dest_kind=0 dest_type_base=0 op1_kind=6 op1_type_base=0
[1;36mdebug: [0mfunc=main op=29 dest_kind=0 dest_type_base=0 op1_kind=6 op1_type_base=0
[1;36mdebug: [0mfunc=main op=29 dest_kind=0 dest_type_base=0 op1_kind=6 op1_type_base=0
[1;36mdebug: [0mfunc=main op=29 dest_kind=0 dest_type_base=0 op1_kind=6 op1_type_base=0
[1;36mdebug: [0mfunc=main op=29 dest_kind=0 dest_type_base=0 op1_kind=6 op1_type_base=0
[1;36mdebug: [0mfunc=main op=29 dest_kind=0 dest_type_base=0 op1_kind=6 op1_type_base=0
[1;36mdebug: [0mfunc=main op=29 dest_kind=0 dest_type_base=0 op1_kind=6 op1_type_base=0
[1;36mdebug: [0mfunc=main op=29 dest_kind=0 dest_type_base=0 op1_kind=6 op1_type_base=0
[1;36mdebug: [0mfunc=main op=0 dest_kind=5 dest_type_base=16 op1_kind=0 op1_type_base=0
[1;36mdebug: [0mfunc=main op=31 dest_kind=0 dest_type_base=0 op1_kind=9 op1_type_base=0
[1;36mdebug: [0mfunc=main op=31 dest_kind=5 dest_type_base=0 op1_kind=4 op1_type_base=0
DEBUG clone_var_type fallback: class_name=(null) array_size=0 array_depth=0
DEBUG clone_var_type fallback: class_name=(null) array_size=0 array_depth=0
DEBUG clone_var_type fallback: class_name=(null) array_size=0 array_depth=0
DEBUG clone_var_type fallback: class_name=(null) array_size=0 array_depth=0
DEBUG clone_var_type fallback: class_name=(null) array_size=0 array_depth=0
DEBUG clone_var_type fallback: class_name=(null) array_size=0 array_depth=0
DEBUG clone_var_type fallback: class_name=(null) array_size=0 array_depth=0
DEBUG clone_var_type fallback: class_name=(null) array_size=0 array_depth=0
DEBUG clone_var_type fallback: class_name=(null) array_size=0 array_depth=0
DEBUG clone_var_type fallback: class_name=(null) array_size=0 array_depth=0
DEBUG clone_var_type fallback: class_name=(null) array_size=0 array_depth=0
DEBUG clone_var_type fallback: class_name=(null) array_size=0 array_depth=0
DEBUG clone_var_type fallback: class_name=(null) array_size=0 array_depth=0
DEBUG clone_var_type fallback: class_name=(null) array_size=0 array_depth=0
DEBUG clone_var_type fallback: class_name=(null) array_size=0 array_depth=0
DEBUG clone_var_type fallback: class_name=(null) array_size=0 array_depth=0
DEBUG clone_var_type fallback: class_name=(null) array_size=0 array_depth=0
DEBUG clone_var_type fallback: class_name=(null) array_size=0 array_depth=0
DEBUG clone_var_type fallback: class_name=(null) array_size=0 array_depth=0
DEBUG clone_var_type fallback: class_name=(null) array_size=0 array_depth=0
DEBUG clone_var_type fallback: class_name=(null) array_size=0 array_depth=0
DEBUG clone_var_type fallback: class_name=(null) array_size=0 array_depth=0
DEBUG clone_var_type fallback: class_name=(null) array_size=0 array_depth=0
DEBUG clone_var_type fallback: class_name=(null) array_size=0 array_depth=0
DEBUG clone_var_type fallback: class_name=(null) array_size=0 array_depth=0
DEBUG clone_var_type fallback: class_name=(null) array_size=1 array_depth=0
DEBUG clone_var_type fallback: class_name=(null) array_size=0 array_depth=0
DEBUG clone_var_type fallback: class_name=(null) array_size=0 array_depth=0
DEBUG clone_var_type fallback: class_name=(null) array_size=0 array_depth=0
DEBUG clone_var_type fallback: class_name=(null) array_size=1 array_depth=0
DEBUG clone_var_type fallback: class_name=(null) array_size=0 array_depth=0
DEBUG clone_var_type fallback: class_name=(null) array_size=0 array_depth=0
DEBUG clone_var_type fallback: class_name=(null) array_size=0 array_depth=0
DEBUG clone_var_type fallback: class_name=(null) array_size=1 array_depth=0
DEBUG clone_var_type fallback: class_name=(null) array_size=0 array_depth=0
DEBUG clone_var_type fallback: class_name=(null) array_size=0 array_depth=0
DEBUG clone_var_type fallback: class_name=(null) array_size=0 array_depth=0
DEBUG clone_var_type fallback: class_name=(null) array_size=1 array_depth=0
DEBUG clone_var_type fallback: class_name=(null) array_size=0 array_depth=0
DEBUG clone_var_type fallback: class_name=(null) array_size=0 array_depth=0
DEBUG clone_var_type fallback: class_name=(null) array_size=0 array_depth=0
DEBUG clone_var_type fallback: class_name=(null) array_size=1 array_depth=0
DEBUG clone_var_type fallback: class_name=(null) array_size=0 array_depth=0
DEBUG clone_var_type fallback: class_name=(null) array_size=0 array_depth=0
DEBUG clone_var_type fallback: class_name=(null) array_size=0 array_depth=0
DEBUG clone_var_type fallback: class_name=(null) array_size=1 array_depth=0
DEBUG clone_var_type fallback: class_name=(null) array_size=0 array_depth=0
DEBUG clone_var_type fallback: class_name=(null) array_size=0 array_depth=0
DEBUG clone_var_type fallback: class_name=(null) array_size=0 array_depth=0
DEBUG clone_var_type fallback: class_name=(null) array_size=0 array_depth=0
DEBUG clone_var_type fallback: class_name=(null) array_size=0 array_depth=0
DEBUG clone_var_type fallback: class_name=(null) array_size=0 array_depth=0
DEBUG clone_var_type fallback: class_name=(null) array_size=0 array_depth=0
DEBUG clone_var_type fallback: class_name=(null) array_size=0 array_depth=0
DEBUG clone_var_type fallback: class_name=(null) array_size=0 array_depth=0
DEBUG clone_var_type fallback: class_name=(null) array_size=0 array_depth=0
DEBUG clone_var_type fallback: class_name=(null) array_size=0 array_depth=0
DEBUG clone_var_type fallback: class_name=(null) array_size=0 array_depth=0
DEBUG clone_var_type fallback: class_name=(null) array_size=0 array_depth=0
DEBUG clone_var_type fallback: class_name=(null) array_size=0 array_depth=0
DEBUG clone_var_type fallback: class_name=(null) array_size=0 array_depth=0
DEBUG clone_var_type fallback: class_name=(null) array_size=0 array_depth=0
DEBUG clone_var_type fallback: class_name=(null) array_size=0 array_depth=0
DEBUG clone_var_type fallback: class_name=(null) array_size=0 array_depth=0
DEBUG clone_var_type fallback: class_name=(null) array_size=0 array_depth=0
DEBUG clone_var_type fallback: class_name=(null) array_size=0 array_depth=0
DEBUG clone_var_type fallback: class_name=(null) array_size=0 array_depth=0
DEBUG clone_var_type fallback: class_name=(null) array_size=0 array_depth=0
DEBUG clone_var_type fallback: class_name=(null) array_size=0 array_depth=0
DEBUG clone_var_type fallback: class_name=(null) array_size=0 array_depth=0
DEBUG clone_var_type fallback: class_name=(null) array_size=0 array_depth=0
DEBUG clone_var_type fallback: class_name=(null) array_size=0 array_depth=0
DEBUG clone_var_type fallback: class_name=(null) array_size=0 array_depth=0
DEBUG clone_var_type fallback: class_name=(null) array_size=0 array_depth=0
DEBUG clone_var_type fallback: class_name=(null) array_size=0 array_depth=0
DEBUG clone_var_type fallback: class_name=(null) array_size=0 array_depth=0
DEBUG clone_var_type fallback: class_name=(null) array_size=1 array_depth=0
DEBUG clone_var_type fallback: class_name=(null) array_size=0 array_depth=0
DEBUG clone_var_type fallback: class_name=(null) array_size=0 array_depth=0
DEBUG clone_var_type fallback: class_name=(null) array_size=0 array_depth=0
DEBUG clone_var_type fallback: class_name=(null) array_size=1 array_depth=0
DEBUG clone_var_type fallback: class_name=(null) array_size=0 array_depth=0
DEBUG clone_var_type fallback: class_name=(null) array_size=0 array_depth=0
DEBUG clone_var_type fallback: class_name=(null) array_size=0 array_depth=0
DEBUG clone_var_type fallback: class_name=(null) array_size=1 array_depth=0
DEBUG clone_var_type fallback: class_name=(null) array_size=0 array_depth=0
DEBUG clone_var_type fallback: class_name=(null) array_size=0 array_depth=0
DEBUG clone_var_type fallback: class_name=(null) array_size=0 array_depth=0
DEBUG clone_var_type fallback: class_name=(null) array_size=1 array_depth=0
DEBUG clone_var_type fallback: class_name=(null) array_size=0 array_depth=0
DEBUG clone_var_type fallback: class_name=(null) array_size=0 array_depth=0
DEBUG clone_var_type fallback: class_name=(null) array_size=0 array_depth=0
DEBUG clone_var_type fallback: class_name=(null) array_size=1 array_depth=0
DEBUG clone_var_type fallback: class_name=(null) array_size=0 array_depth=0
DEBUG clone_var_type fallback: class_name=(null) array_size=0 array_depth=0
DEBUG clone_var_type fallback: class_name=(null) array_size=0 array_depth=0
DEBUG clone_var_type fallback: class_name=(null) array_size=1 array_depth=0
DEBUG clone_var_type fallback: class_name=(null) array_size=0 array_depth=0
DEBUG clone_var_type fallback: class_name=(null) array_size=0 array_depth=0
DEBUG clone_var_type fallback: class_name=(null) array_size=0 array_depth=0
DEBUG clone_var_type fallback: class_name=(null) array_size=0 array_depth=0
DEBUG clone_var_type fallback: class_name=(null) array_size=0 array_depth=0
[1;36mdebug: [0msem_check_expr: type=14 line=83 col=25 node=0x5555556eece0
[1;36mdebug: [0msem_check_expr: type=29 line=83 col=13 node=0x5555556eed88
[1;36mdebug: [0msem_check_expr: type=29 line=83 col=28 node=0x5555556eeeb0
[1;36mdebug: [0msem_check_expr: type=14 line=85 col=32 node=0x5555556ef220
[1;36mdebug: [0msem_check_expr: type=29 line=85 col=20 node=0x5555556ef2c8
[1;36mdebug: [0msem_check_expr: type=29 line=85 col=35 node=0x5555556ef3f0
[1;36mdebug: [0msem_check_expr: type=14 line=87 col=32 node=0x5555556ef760
[1;36mdebug: [0msem_check_expr: type=29 line=87 col=20 node=0x5555556ef808
[1;36mdebug: [0msem_check_expr: type=29 line=87 col=35 node=0x5555556ef930
[1;36mdebug: [0msem_check_expr: type=14 line=89 col=32 node=0x5555556efca0
[1;36mdebug: [0msem_check_expr: type=29 line=89 col=20 node=0x5555556efd48
[1;36mdebug: [0msem_check_expr: type=29 line=89 col=35 node=0x5555556efe70
[1;36mdebug: [0msem_check_expr: type=14 line=91 col=32 node=0x5555556f01e0
[1;36mdebug: [0msem_check_expr: type=29 line=91 col=20 node=0x5555556f0288
[1;36mdebug: [0msem_check_expr: type=29 line=91 col=35 node=0x5555556f03b0
[1;36mdebug: [0msem_check_expr: type=14 line=93 col=32 node=0x5555556f0720
[1;36mdebug: [0msem_check_expr: type=29 line=93 col=20 node=0x5555556f07c8
[1;36mdebug: [0msem_check_expr: type=29 line=93 col=35 node=0x5555556f08f0
[1;36mdebug: [0msem_check_expr: type=14 line=95 col=32 node=0x5555556f0c60
[1;36mdebug: [0msem_check_expr: type=29 line=95 col=20 node=0x5555556f0d08
[1;36mdebug: [0msem_check_expr: type=29 line=95 col=35 node=0x5555556f0e30
[1;36mdebug: [0msem_check_expr: type=14 line=101 col=32 node=0x5555556f16e0
[1;36mdebug: [0msem_check_expr: type=29 line=101 col=20 node=0x5555556f1788
[1;36mdebug: [0msem_check_expr: type=29 line=101 col=35 node=0x5555556f18b0
[1;36mdebug: [0msem_check_expr: type=14 line=103 col=32 node=0x5555556f1df0
[1;36mdebug: [0msem_check_expr: type=29 line=103 col=20 node=0x5555556f1e98
[1;36mdebug: [0msem_check_expr: type=29 line=103 col=35 node=0x5555556f1fc0
[1;36mdebug: [0msem_check_expr: type=14 line=105 col=32 node=0x5555556f2510
[1;36mdebug: [0msem_check_expr: type=29 line=105 col=20 node=0x5555556f25b8
[1;36mdebug: [0msem_check_expr: type=29 line=105 col=35 node=0x5555556f26e0
[1;36mdebug: [0msem_check_expr: type=14 line=107 col=32 node=0x5555556f2c30
[1;36mdebug: [0msem_check_expr: type=29 line=107 col=20 node=0x5555556f2cd8
[1;36mdebug: [0msem_check_expr: type=29 line=107 col=35 node=0x5555556f2e00
[1;36mdebug: [0msem_check_expr: type=14 line=109 col=32 node=0x5555556f3350
[1;36mdebug: [0msem_check_expr: type=29 line=109 col=20 node=0x5555556f33f8
[1;36mdebug: [0msem_check_expr: type=29 line=109 col=35 node=0x5555556f3520
[1;36mdebug: [0msem_check_expr: type=14 line=111 col=32 node=0x5555556f3a70
[1;36mdebug: [0msem_check_expr: type=29 line=111 col=20 node=0x5555556f3b18
[1;36mdebug: [0msem_check_expr: type=29 line=111 col=35 node=0x5555556f3c40
[1;36mdebug: [0msem_check_expr: type=14 line=113 col=32 node=0x5555556f4190
[1;36mdebug: [0msem_check_expr: type=29 line=113 col=20 node=0x5555556f4238
[1;36mdebug: [0msem_check_expr: type=29 line=113 col=35 node=0x5555556f4360
[1;36mdebug: [0mtypeof string='int[]'
[1;36mdebug: [0mfunc=main op=35 dest_kind=5 dest_type_base=1 op1_kind=7 op1_type_base=1
[1;36mdebug: [0mtypeof string='int'
[1;36mdebug: [0mfunc=main op=35 dest_kind=5 dest_type_base=1 op1_kind=7 op1_type_base=1
[1;36mdebug: [0mfunc=main op=27 dest_kind=5 dest_type_base=10 op1_kind=5 op1_type_base=1
[1;36mdebug: [0mfunc=main op=30 dest_kind=0 dest_type_base=0 op1_kind=5 op1_type_base=10
[1;36mdebug: [0mfunc=main op=0 dest_kind=5 dest_type_base=1 op1_kind=0 op1_type_base=0
[1;36mdebug: [0mfunc=main op=31 dest_kind=5 dest_type_base=1 op1_kind=4 op1_type_base=0
[1;36mdebug: [0mfunc=main op=31 dest_kind=5 dest_type_base=0 op1_kind=4 op1_type_base=0
[1;36mdebug: [0mfunc=main op=29 dest_kind=0 dest_type_base=0 op1_kind=6 op1_type_base=0
[1;36mdebug: [0mtypeof string='int[]'
[1;36mdebug: [0mfunc=main op=35 dest_kind=5 dest_type_base=1 op1_kind=7 op1_type_base=1
[1;36mdebug: [0mtypeof string='unsigned int'
[1;36mdebug: [0mfunc=main op=35 dest_kind=5 dest_type_base=1 op1_kind=7 op1_type_base=1
[1;36mdebug: [0mfunc=main op=27 dest_kind=5 dest_type_base=10 op1_kind=5 op1_type_base=1
[1;36mdebug: [0mfunc=main op=30 dest_kind=0 dest_type_base=0 op1_kind=5 op1_type_base=10
[1;36mdebug: [0mfunc=main op=0 dest_kind=5 dest_type_base=1 op1_kind=0 op1_type_base=0
[1;36mdebug: [0mfunc=main op=31 dest_kind=5 dest_type_base=1 op1_kind=4 op1_type_base=0
[1;36mdebug: [0mfunc=main op=31 dest_kind=5 dest_type_base=0 op1_kind=4 op1_type_base=0
[1;36mdebug: [0mfunc=main op=29 dest_kind=0 dest_type_base=0 op1_kind=6 op1_type_base=0
[1;36mdebug: [0mtypeof string='int[]'
[1;36mdebug: [0mfunc=main op=35 dest_kind=5 dest_type_base=1 op1_kind=7 op1_type_base=1
[1;36mdebug: [0mtypeof string='long'
[1;36mdebug: [0mfunc=main op=35 dest_kind=5 dest_type_base=1 op1_kind=7 op1_type_base=1
[1;36mdebug: [0mfunc=main op=27 dest_kind=5 dest_type_base=10 op1_kind=5 op1_type_base=1
[1;36mdebug: [0mfunc=main op=30 dest_kind=0 dest_type_base=0 op1_kind=5 op1_type_base=10
[1;36mdebug: [0mfunc=main op=0 dest_kind=5 dest_type_base=1 op1_kind=0 op1_type_base=0
[1;36mdebug: [0mfunc=main op=31 dest_kind=5 dest_type_base=1 op1_kind=4 op1_type_base=0
[1;36mdebug: [0mfunc=main op=31 dest_kind=5 dest_type_base=0 op1_kind=4 op1_type_base=0
[1;36mdebug: [0mfunc=main op=29 dest_kind=0 dest_type_base=0 op1_kind=6 op1_type_base=0
[1;36mdebug: [0mtypeof string='int[]'
[1;36mdebug: [0mfunc=main op=35 dest_kind=5 dest_type_base=1 op1_kind=7 op1_type_base=1
[1;36mdebug: [0mtypeof string='unsigned long'
[1;36mdebug: [0mfunc=main op=35 dest_kind=5 dest_type_base=1 op1_kind=7 op1_type_base=1
[1;36mdebug: [0mfunc=main op=27 dest_kind=5 dest_type_base=10 op1_kind=5 op1_type_base=1
[1;36mdebug: [0mfunc=main op=30 dest_kind=0 dest_type_base=0 op1_kind=5 op1_type_base=10
[1;36mdebug: [0mfunc=main op=0 dest_kind=5 dest_type_base=1 op1_kind=0 op1_type_base=0
[1;36mdebug: [0mfunc=main op=31 dest_kind=5 dest_type_base=1 op1_kind=4 op1_type_base=0
[1;36mdebug: [0mfunc=main op=31 dest_kind=5 dest_type_base=0 op1_kind=4 op1_type_base=0
[1;36mdebug: [0mfunc=main op=29 dest_kind=0 dest_type_base=0 op1_kind=6 op1_type_base=0
[1;36mdebug: [0mtypeof string='int[]'
[1;36mdebug: [0mfunc=main op=35 dest_kind=5 dest_type_base=1 op1_kind=7 op1_type_base=1
[1;36mdebug: [0mtypeof string='single'
[1;36mdebug: [0mfunc=main op=35 dest_kind=5 dest_type_base=1 op1_kind=7 op1_type_base=1
[1;36mdebug: [0mfunc=main op=27 dest_kind=5 dest_type_base=10 op1_kind=5 op1_type_base=1
[1;36mdebug: [0mfunc=main op=30 dest_kind=0 dest_type_base=0 op1_kind=5 op1_type_base=10
[1;36mdebug: [0mfunc=main op=0 dest_kind=5 dest_type_base=1 op1_kind=0 op1_type_base=0
[1;36mdebug: [0mfunc=main op=31 dest_kind=5 dest_type_base=1 op1_kind=4 op1_type_base=0
[1;36mdebug: [0mfunc=main op=31 dest_kind=5 dest_type_base=0 op1_kind=4 op1_type_base=0
[1;36mdebug: [0mfunc=main op=29 dest_kind=0 dest_type_base=0 op1_kind=6 op1_type_base=0
[1;36mdebug: [0mtypeof string='int[]'
[1;36mdebug: [0mfunc=main op=35 dest_kind=5 dest_type_base=1 op1_kind=7 op1_type_base=1
[1;36mdebug: [0mtypeof string='double'
[1;36mdebug: [0mfunc=main op=35 dest_kind=5 dest_type_base=1 op1_kind=7 op1_type_base=1
[1;36mdebug: [0mfunc=main op=27 dest_kind=5 dest_type_base=10 op1_kind=5 op1_type_base=1
[1;36mdebug: [0mfunc=main op=30 dest_kind=0 dest_type_base=0 op1_kind=5 op1_type_base=10
[1;36mdebug: [0mfunc=main op=0 dest_kind=5 dest_type_base=1 op1_kind=0 op1_type_base=0
[1;36mdebug: [0mfunc=main op=31 dest_kind=5 dest_type_base=1 op1_kind=4 op1_type_base=0
[1;36mdebug: [0mfunc=main op=31 dest_kind=5 dest_type_base=0 op1_kind=4 op1_type_base=0
[1;36mdebug: [0mfunc=main op=29 dest_kind=0 dest_type_base=0 op1_kind=6 op1_type_base=0
[1;36mdebug: [0mtypeof string='int[]'
[1;36mdebug: [0mfunc=main op=35 dest_kind=5 dest_type_base=1 op1_kind=7 op1_type_base=1
[1;36mdebug: [0mtypeof string='char'
[1;36mdebug: [0mfunc=main op=35 dest_kind=5 dest_type_base=1 op1_kind=7 op1_type_base=1
[1;36mdebug: [0mfunc=main op=27 dest_kind=5 dest_type_base=10 op1_kind=5 op1_type_base=1
[1;36mdebug: [0mfunc=main op=30 dest_kind=0 dest_type_base=0 op1_kind=5 op1_type_base=10
[1;36mdebug: [0mfunc=main op=36 dest_kind=5 dest_type_base=7 op1_kind=8 op1_type_base=1
[1;36mdebug: [0mfunc=main op=27 dest_kind=5 dest_type_base=10 op1_kind=5 op1_type_base=7
[1;36mdebug: [0mfunc=main op=30 dest_kind=0 dest_type_base=0 op1_kind=5 op1_type_base=10
[1;36mdebug: [0mfunc=main op=0 dest_kind=5 dest_type_base=1 op1_kind=0 op1_type_base=0
[1;36mdebug: [0mfunc=main op=31 dest_kind=5 dest_type_base=1 op1_kind=4 op1_type_base=0
[1;36mdebug: [0mfunc=main op=31 dest_kind=5 dest_type_base=0 op1_kind=4 op1_type_base=0
[1;36mdebug: [0mfunc=main op=29 dest_kind=0 dest_type_base=0 op1_kind=6 op1_type_base=0
[1;36mdebug: [0mfunc=main op=0 dest_kind=5 dest_type_base=1 op1_kind=0 op1_type_base=0
[1;36mdebug: [0mfunc=main op=31 dest_kind=5 dest_type_base=1 op1_kind=4 op1_type_base=0
[1;36mdebug: [0mfunc=main op=31 dest_kind=5 dest_type_base=0 op1_kind=4 op1_type_base=0
[1;36mdebug: [0mfunc=main op=29 dest_kind=0 dest_type_base=0 op1_kind=6 op1_type_base=0
[1;36mdebug: [0mfunc=main op=29 dest_kind=0 dest_type_base=0 op1_kind=6 op1_type_base=0
[1;36mdebug: [0mtypeof string='int[]'
[1;36mdebug: [0mfunc=main op=35 dest_kind=5 dest_type_base=1 op1_kind=7 op1_type_base=1
[1;36mdebug: [0mtypeof string='int[]'
[1;36mdebug: [0mfunc=main op=35 dest_kind=5 dest_type_base=1 op1_kind=7 op1_type_base=1
[1;36mdebug: [0mfunc=main op=27 dest_kind=5 dest_type_base=10 op1_kind=5 op1_type_base=1
[1;36mdebug: [0mfunc=main op=30 dest_kind=0 dest_type_base=0 op1_kind=5 op1_type_base=10
[1;36mdebug: [0mGLOBAL VAR ADDR: print_int_array
[1;36mdebug: [0mfunc=main op=31 dest_kind=5 dest_type_base=1 op1_kind=4 op1_type_base=0
[1;36mdebug: [0mfunc=main op=36 dest_kind=5 dest_type_base=7 op1_kind=8 op1_type_base=1
[1;36mdebug: [0mfunc=main op=20 dest_kind=5 dest_type_base=1 op1_kind=5 op1_type_base=7
[1;36mdebug: [0mfunc=main op=31 dest_kind=5 dest_type_base=0 op1_kind=9 op1_type_base=0
[1;36mdebug: [0mfunc=main op=29 dest_kind=0 dest_type_base=0 op1_kind=6 op1_type_base=0
[1;36mdebug: [0mtypeof string='int[]'
[1;36mdebug: [0mfunc=main op=35 dest_kind=5 dest_type_base=1 op1_kind=7 op1_type_base=1
[1;36mdebug: [0mtypeof string='unsigned int[]'
[1;36mdebug: [0mfunc=main op=35 dest_kind=5 dest_type_base=1 op1_kind=7 op1_type_base=1
[1;36mdebug: [0mfunc=main op=27 dest_kind=5 dest_type_base=10 op1_kind=5 op1_type_base=1
[1;36mdebug: [0mfunc=main op=30 dest_kind=0 dest_type_base=0 op1_kind=5 op1_type_base=10
[1;36mdebug: [0mGLOBAL VAR ADDR: print_uint_array
[1;36mdebug: [0mfunc=main op=31 dest_kind=5 dest_type_base=1 op1_kind=4 op1_type_base=0
[1;36mdebug: [0mfunc=main op=36 dest_kind=5 dest_type_base=7 op1_kind=8 op1_type_base=1
[1;36mdebug: [0mfunc=main op=20 dest_kind=5 dest_type_base=1 op1_kind=5 op1_type_base=7
[1;36mdebug: [0mfunc=main op=31 dest_kind=5 dest_type_base=0 op1_kind=9 op1_type_base=0
[1;36mdebug: [0mfunc=main op=29 dest_kind=0 dest_type_base=0 op1_kind=6 op1_type_base=0
[1;36mdebug: [0mtypeof string='int[]'
[1;36mdebug: [0mfunc=main op=35 dest_kind=5 dest_type_base=1 op1_kind=7 op1_type_base=1
[1;36mdebug: [0mtypeof string='long[]'
[1;36mdebug: [0mfunc=main op=35 dest_kind=5 dest_type_base=1 op1_kind=7 op1_type_base=1
[1;36mdebug: [0mfunc=main op=27 dest_kind=5 dest_type_base=10 op1_kind=5 op1_type_base=1
[1;36mdebug: [0mfunc=main op=30 dest_kind=0 dest_type_base=0 op1_kind=5 op1_type_base=10
[1;36mdebug: [0mGLOBAL VAR ADDR: print_long_array
[1;36mdebug: [0mfunc=main op=31 dest_kind=5 dest_type_base=1 op1_kind=4 op1_type_base=0
[1;36mdebug: [0mfunc=main op=36 dest_kind=5 dest_type_base=7 op1_kind=8 op1_type_base=1
[1;36mdebug: [0mfunc=main op=20 dest_kind=5 dest_type_base=1 op1_kind=5 op1_type_base=7
[1;36mdebug: [0mfunc=main op=31 dest_kind=5 dest_type_base=0 op1_kind=9 op1_type_base=0
[1;36mdebug: [0mfunc=main op=29 dest_kind=0 dest_type_base=0 op1_kind=6 op1_type_base=0
[1;36mdebug: [0mtypeof string='int[]'
[1;36mdebug: [0mfunc=main op=35 dest_kind=5 dest_type_base=1 op1_kind=7 op1_type_base=1
[1;36mdebug: [0mtypeof string='unsigned long[]'
[1;36mdebug: [0mfunc=main op=35 dest_kind=5 dest_type_base=1 op1_kind=7 op1_type_base=1
[1;36mdebug: [0mfunc=main op=27 dest_kind=5 dest_type_base=10 op1_kind=5 op1_type_base=1
[1;36mdebug: [0mfunc=main op=30 dest_kind=0 dest_type_base=0 op1_kind=5 op1_type_base=10
[1;36mdebug: [0mGLOBAL VAR ADDR: print_ulong_array
[1;36mdebug: [0mfunc=main op=31 dest_kind=5 dest_type_base=1 op1_kind=4 op1_type_base=0
[1;36mdebug: [0mfunc=main op=36 dest_kind=5 dest_type_base=7 op1_kind=8 op1_type_base=1
[1;36mdebug: [0mfunc=main op=20 dest_kind=5 dest_type_base=1 op1_kind=5 op1_type_base=7
[1;36mdebug: [0mfunc=main op=31 dest_kind=5 dest_type_base=0 op1_kind=9 op1_type_base=0
[1;36mdebug: [0mfunc=main op=29 dest_kind=0 dest_type_base=0 op1_kind=6 op1_type_base=0
[1;36mdebug: [0mtypeof string='int[]'
[1;36mdebug: [0mfunc=main op=35 dest_kind=5 dest_type_base=1 op1_kind=7 op1_type_base=1
[1;36mdebug: [0mtypeof string='single[]'
[1;36mdebug: [0mfunc=main op=35 dest_kind=5 dest_type_base=1 op1_kind=7 op1_type_base=1
[1;36mdebug: [0mfunc=main op=27 dest_kind=5 dest_type_base=10 op1_kind=5 op1_type_base=1
[1;36mdebug: [0mfunc=main op=30 dest_kind=0 dest_type_base=0 op1_kind=5 op1_type_base=10
[1;36mdebug: [0mGLOBAL VAR ADDR: print_single_array
[1;36mdebug: [0mfunc=main op=31 dest_kind=5 dest_type_base=1 op1_kind=4 op1_type_base=0
[1;36mdebug: [0mfunc=main op=36 dest_kind=5 dest_type_base=7 op1_kind=8 op1_type_base=1
[1;36mdebug: [0mfunc=main op=20 dest_kind=5 dest_type_base=1 op1_kind=5 op1_type_base=7
[1;36mdebug: [0mfunc=main op=31 dest_kind=5 dest_type_base=0 op1_kind=9 op1_type_base=0
[1;36mdebug: [0mfunc=main op=29 dest_kind=0 dest_type_base=0 op1_kind=6 op1_type_base=0
[1;36mdebug: [0mtypeof string='int[]'
[1;36mdebug: [0mfunc=main op=35 dest_kind=5 dest_type_base=1 op1_kind=7 op1_type_base=1
[1;36mdebug: [0mtypeof string='double[]'
[1;36mdebug: [0mfunc=main op=35 dest_kind=5 dest_type_base=1 op1_kind=7 op1_type_base=1
[1;36mdebug: [0mfunc=main op=27 dest_kind=5 dest_type_base=10 op1_kind=5 op1_type_base=1
[1;36mdebug: [0mfunc=main op=30 dest_kind=0 dest_type_base=0 op1_kind=5 op1_type_base=10
[1;36mdebug: [0mGLOBAL VAR ADDR: print_double_array
[1;36mdebug: [0mfunc=main op=31 dest_kind=5 dest_type_base=1 op1_kind=4 op1_type_base=0
[1;36mdebug: [0mfunc=main op=36 dest_kind=5 dest_type_base=7 op1_kind=8 op1_type_base=1
[1;36mdebug: [0mfunc=main op=20 dest_kind=5 dest_type_base=1 op1_kind=5 op1_type_base=7
[1;36mdebug: [0mfunc=main op=31 dest_kind=5 dest_type_base=0 op1_kind=9 op1_type_base=0
[1;36mdebug: [0mfunc=main op=29 dest_kind=0 dest_type_base=0 op1_kind=6 op1_type_base=0
[1;36mdebug: [0mtypeof string='int[]'
[1;36mdebug: [0mfunc=main op=35 dest_kind=5 dest_type_base=1 op1_kind=7 op1_type_base=1
[1;36mdebug: [0mtypeof string='char*'
[1;36mdebug: [0mfunc=main op=35 dest_kind=5 dest_type_base=1 op1_kind=7 op1_type_base=1
[1;36mdebug: [0mfunc=main op=27 dest_kind=5 dest_type_base=10 op1_kind=5 op1_type_base=1
[1;36mdebug: [0mfunc=main op=30 dest_kind=0 dest_type_base=0 op1_kind=5 op1_type_base=10
[1;36mdebug: [0mfunc=main op=0 dest_kind=5 dest_type_base=1 op1_kind=0 op1_type_base=0
[1;36mdebug: [0mfunc=main op=31 dest_kind=5 dest_type_base=1 op1_kind=4 op1_type_base=0
[1;36mdebug: [0mfunc=main op=31 dest_kind=5 dest_type_base=0 op1_kind=4 op1_type_base=0
[1;36mdebug: [0mfunc=main op=29 dest_kind=0 dest_type_base=0 op1_kind=6 op1_type_base=0
[1;36mdebug: [0mfunc=main op=29 dest_kind=0 dest_type_base=0 op1_kind=6 op1_type_base=0
[1;36mdebug: [0mfunc=main op=29 dest_kind=0 dest_type_base=0 op1_kind=6 op1_type_base=0
[1;36mdebug: [0mfunc=main op=29 dest_kind=0 dest_type_base=0 op1_kind=6 op1_type_base=0
[1;36mdebug: [0mfunc=main op=29 dest_kind=0 dest_type_base=0 op1_kind=6 op1_type_base=0
[1;36mdebug: [0mfunc=main op=29 dest_kind=0 dest_type_base=0 op1_kind=6 op1_type_base=0
[1;36mdebug: [0mfunc=main op=29 dest_kind=0 dest_type_base=0 op1_kind=6 op1_type_base=0
[1;36mdebug: [0mfunc=main op=29 dest_kind=0 dest_type_base=0 op1_kind=6 op1_type_base=0
[1;36mdebug: [0mfunc=main op=29 dest_kind=0 dest_type_base=0 op1_kind=6 op1_type_base=0
[1;36mdebug: [0mfunc=main op=29 dest_kind=0 dest_type_base=0 op1_kind=6 op1_type_base=0
[1;36mdebug: [0mfunc=main op=29 dest_kind=0 dest_type_base=0 op1_kind=6 op1_type_base=0
[1;36mdebug: [0mfunc=main op=29 dest_kind=0 dest_type_base=0 op1_kind=6 op1_type_base=0
[1;36mdebug: [0mfunc=main op=29 dest_kind=0 dest_type_base=0 op1_kind=6 op1_type_base=0
[1;36mdebug: [0mfunc=main op=29 dest_kind=0 dest_type_base=0 op1_kind=6 op1_type_base=0
[1;36mdebug: [0mfunc=main op=32 dest_kind=0 dest_type_base=0 op1_kind=7 op1_type_base=1
[1;36mdebug: [0malir_gen_function_def fn->name=set class_name=Vector_single fn->mangled_name=main_Vector_single_set_f32_f32 -> func_name=main_Vector_single_set_f32_f32
[1;36mdebug: [0malir_gen_function_def fn->name=get class_name=Vector_single fn->mangled_name=main_Vector_single_get -> func_name=main_Vector_single_get
[1;36mdebug: [0malir_gen_function_def fn->name=set class_name=Vector_int fn->mangled_name=main_Vector_int_set_i32_i32 -> func_name=main_Vector_int_set_i32_i32
[1;36mdebug: [0malir_gen_function_def fn->name=get class_name=Vector_int fn->mangled_name=main_Vector_int_get -> func_name=main_Vector_int_get
[1;36mstep: [0mFinished alir. Start alir check and analysis.
[1;36mstep: [0mFinished alir check and analysis. Start alir optimization.
[1;36mstep: [0mFinished alir optimization. Start code generation using LLVM codegen
Call parameter type does not match function signature!
double 1.000000e+00
 float  call void @Vector_single(ptr %alloc, double 1.000000e+00, double 2.000000e+00)
Call parameter type does not match function signature!
  %call = call [2 x float] @main_Vector_single_get(ptr %alloc)
 ptr  call void @main_print_single_array_void_p_i64([2 x float] %call, i64 %shr)
Call parameter type does not match function signature!
  %call2 = call [2 x i32] @main_Vector_int_get(ptr %alloc1)
 ptr  call void @main_print_int_array_i32_p_i64([2 x i32] %call2, i64 %shr3)
[Detaching after vfork from child process 62152]
[Inferior 1 (process 62148) exited normally]
No stack.
