[1;36mstep: [0mFinished lexing. Start parsing.
[1;36mdebug: [0mparse_postfix: before parse_call, node->type=13
[1;36mdebug: [0mCreated Call name=_r_atan2f target_type=13 line=0 col=0 node=0x5572ecd47c08 target=0x5572ecd47a78
[1;36mdebug: [0mafter parse_type, vt.base=16, token.type=28
[1;36mdebug: [0mafter parse_type, vt.base=1, token.type=28
[1;36mdebug: [0mafter parse_type, vt.base=16, token.type=28
[1;36mdebug: [0mafter parse_type, vt.base=16, token.type=28
[1;36mdebug: [0mparse_postfix: before parse_call, node->type=47
[1;36mdebug: [0mCreated Call name=(null) target_type=47 line=0 col=0 node=0x5572ecd77618 target=0x5572ecd77480
[1;36mdebug: [0mparse_postfix: before parse_call, node->type=47
[1;36mdebug: [0mCreated Call name=(null) target_type=47 line=0 col=0 node=0x5572ecd78720 target=0x5572ecd78588
[1;36mdebug: [0mparse_postfix: before parse_call, node->type=47
[1;36mdebug: [0mCreated Call name=(null) target_type=47 line=0 col=0 node=0x5572ecd79820 target=0x5572ecd79690
[1;36mdebug: [0mparse_postfix: before parse_call, node->type=47
[1;36mdebug: [0mCreated Call name=(null) target_type=47 line=0 col=0 node=0x5572ecd7a920 target=0x5572ecd7a790
[1;36mdebug: [0msem_check_expr: type=16 line=222 col=19 node=0x5572ecd46ee0
[1;36mdebug: [0msem_check_expr: type=28 line=119 col=30 node=0x5572ecd477b8
[1;36mdebug: [0msem_check_expr: type=13 line=119 col=20 node=0x5572ecd47620
[1;36mdebug: [0msem_check_expr: type=13 line=224 col=57 node=0x5572ecd476b0
[1;36mdebug: [0msem_check_expr: type=13 line=224 col=60 node=0x5572ecd47738
[1;36mdebug: [0msem_check_expr: type=13 line=224 col=57 node=0x5572ecd476b0
[1;36mdebug: [0msem_check_expr: type=13 line=224 col=60 node=0x5572ecd47738
[1;36mdebug: [0msem_check_expr: type=2 line=225 col=57 node=0x5572ecd47c08
[1;36mdebug: [0msem_check_expr: type=13 line=225 col=48 node=0x5572ecd47a78
at namespace [1mmath[0m:
in [1;35m.../lib/std/math.aky[0m:
225:48: [1;31merror[0m: Undefined variable '_r_atan2f'
  [0;90m|[0m pure single atan2(single y, single x) { return _r_atan2f(y, x); }
  [0;90m|[0m                                                [1m^[0m
225:57: [1;31merror[0m: Undefined function or class '_r_atan2f'
  [0;90m|[0m pure single atan2(single y, single x) { return _r_atan2f(y, x); }
  [0;90m|[0m                                                         [1m^[0m
225:41: [1;31merror[0m: Return type mismatch
  [0;90m|[0m pure single atan2(single y, single x) { return _r_atan2f(y, x); }
  [0;90m|[0m                                         [1m^[0m
[1;36mdebug: [0msem_check_expr: type=28 line=167 col=29 node=0x5572ecd48498
[1;36mdebug: [0msem_check_expr: type=13 line=167 col=19 node=0x5572ecd48388
[1;36mdebug: [0msem_check_expr: type=13 line=227 col=44 node=0x5572ecd48418
[1;36mdebug: [0msem_check_expr: type=13 line=227 col=44 node=0x5572ecd48418
[1;36mdebug: [0msem_check_expr: type=28 line=168 col=29 node=0x5572ecd48d28
[1;36mdebug: [0msem_check_expr: type=13 line=168 col=19 node=0x5572ecd48c18
[1;36mdebug: [0msem_check_expr: type=13 line=228 col=44 node=0x5572ecd48ca8
[1;36mdebug: [0msem_check_expr: type=13 line=228 col=44 node=0x5572ecd48ca8
[1;36mdebug: [0msem_check_expr: type=28 line=169 col=29 node=0x5572ecd495b8
[1;36mdebug: [0msem_check_expr: type=13 line=169 col=19 node=0x5572ecd494a8
[1;36mdebug: [0msem_check_expr: type=13 line=229 col=44 node=0x5572ecd49538
[1;36mdebug: [0msem_check_expr: type=13 line=229 col=44 node=0x5572ecd49538
[1;36mdebug: [0msem_check_expr: type=28 line=113 col=28 node=0x5572ecd49e48
[1;36mdebug: [0msem_check_expr: type=13 line=113 col=18 node=0x5572ecd49d38
[1;36mdebug: [0msem_check_expr: type=13 line=231 col=43 node=0x5572ecd49dc8
[1;36mdebug: [0msem_check_expr: type=13 line=231 col=43 node=0x5572ecd49dc8
[1;36mdebug: [0msem_check_expr: type=28 line=114 col=28 node=0x5572ecd4a6d8
[1;36mdebug: [0msem_check_expr: type=13 line=114 col=18 node=0x5572ecd4a5c8
[1;36mdebug: [0msem_check_expr: type=13 line=232 col=43 node=0x5572ecd4a658
[1;36mdebug: [0msem_check_expr: type=13 line=232 col=43 node=0x5572ecd4a658
[1;36mdebug: [0msem_check_expr: type=28 line=115 col=28 node=0x5572ecd4af68
[1;36mdebug: [0msem_check_expr: type=13 line=115 col=18 node=0x5572ecd4ae58
[1;36mdebug: [0msem_check_expr: type=13 line=233 col=43 node=0x5572ecd4aee8
[1;36mdebug: [0msem_check_expr: type=13 line=233 col=43 node=0x5572ecd4aee8
[1;36mdebug: [0msem_check_expr: type=28 line=170 col=30 node=0x5572ecd4b7f8
[1;36mdebug: [0msem_check_expr: type=13 line=170 col=20 node=0x5572ecd4b6e8
[1;36mdebug: [0msem_check_expr: type=13 line=235 col=46 node=0x5572ecd4b778
[1;36mdebug: [0msem_check_expr: type=13 line=235 col=46 node=0x5572ecd4b778
[1;36mdebug: [0msem_check_expr: type=28 line=171 col=30 node=0x5572ecd4c088
[1;36mdebug: [0msem_check_expr: type=13 line=171 col=20 node=0x5572ecd4bf78
[1;36mdebug: [0msem_check_expr: type=13 line=236 col=46 node=0x5572ecd4c008
[1;36mdebug: [0msem_check_expr: type=13 line=236 col=46 node=0x5572ecd4c008
[1;36mdebug: [0msem_check_expr: type=28 line=172 col=30 node=0x5572ecd4c918
[1;36mdebug: [0msem_check_expr: type=13 line=172 col=20 node=0x5572ecd4c808
[1;36mdebug: [0msem_check_expr: type=13 line=237 col=46 node=0x5572ecd4c898
[1;36mdebug: [0msem_check_expr: type=13 line=237 col=46 node=0x5572ecd4c898
[1;36mdebug: [0msem_check_expr: type=28 line=116 col=29 node=0x5572ecd4d1a8
[1;36mdebug: [0msem_check_expr: type=13 line=116 col=19 node=0x5572ecd4d098
[1;36mdebug: [0msem_check_expr: type=13 line=239 col=45 node=0x5572ecd4d128
[1;36mdebug: [0msem_check_expr: type=13 line=239 col=45 node=0x5572ecd4d128
[1;36mdebug: [0msem_check_expr: type=28 line=117 col=29 node=0x5572ecd4da38
[1;36mdebug: [0msem_check_expr: type=13 line=117 col=19 node=0x5572ecd4d928
[1;36mdebug: [0msem_check_expr: type=13 line=240 col=45 node=0x5572ecd4d9b8
[1;36mdebug: [0msem_check_expr: type=13 line=240 col=45 node=0x5572ecd4d9b8
[1;36mdebug: [0msem_check_expr: type=28 line=118 col=29 node=0x5572ecd4e2c8
[1;36mdebug: [0msem_check_expr: type=13 line=118 col=19 node=0x5572ecd4e1b8
[1;36mdebug: [0msem_check_expr: type=13 line=241 col=45 node=0x5572ecd4e248
[1;36mdebug: [0msem_check_expr: type=13 line=241 col=45 node=0x5572ecd4e248
[1;36mdebug: [0msem_check_expr: type=28 line=174 col=30 node=0x5572ecd4eb58
[1;36mdebug: [0msem_check_expr: type=13 line=174 col=20 node=0x5572ecd4ea48
[1;36mdebug: [0msem_check_expr: type=13 line=243 col=46 node=0x5572ecd4ead8
[1;36mdebug: [0msem_check_expr: type=13 line=243 col=46 node=0x5572ecd4ead8
[1;36mdebug: [0msem_check_expr: type=28 line=175 col=30 node=0x5572ecd4f3e8
[1;36mdebug: [0msem_check_expr: type=13 line=175 col=20 node=0x5572ecd4f2d8
[1;36mdebug: [0msem_check_expr: type=13 line=244 col=46 node=0x5572ecd4f368
[1;36mdebug: [0msem_check_expr: type=13 line=244 col=46 node=0x5572ecd4f368
[1;36mdebug: [0msem_check_expr: type=28 line=176 col=30 node=0x5572ecd4fc78
[1;36mdebug: [0msem_check_expr: type=13 line=176 col=20 node=0x5572ecd4fb68
[1;36mdebug: [0msem_check_expr: type=13 line=245 col=46 node=0x5572ecd4fbf8
[1;36mdebug: [0msem_check_expr: type=13 line=245 col=46 node=0x5572ecd4fbf8
[1;36mdebug: [0msem_check_expr: type=28 line=121 col=29 node=0x5572ecd50508
[1;36mdebug: [0msem_check_expr: type=13 line=121 col=19 node=0x5572ecd503f8
[1;36mdebug: [0msem_check_expr: type=13 line=247 col=45 node=0x5572ecd50488
[1;36mdebug: [0msem_check_expr: type=13 line=247 col=45 node=0x5572ecd50488
[1;36mdebug: [0msem_check_expr: type=28 line=122 col=29 node=0x5572ecd51110
[1;36mdebug: [0msem_check_expr: type=13 line=122 col=19 node=0x5572ecd51000
[1;36mdebug: [0msem_check_expr: type=13 line=248 col=45 node=0x5572ecd51090
[1;36mdebug: [0msem_check_expr: type=13 line=248 col=45 node=0x5572ecd51090
[1;36mdebug: [0msem_check_expr: type=28 line=123 col=29 node=0x5572ecd519a0
[1;36mdebug: [0msem_check_expr: type=13 line=123 col=19 node=0x5572ecd51890
[1;36mdebug: [0msem_check_expr: type=13 line=249 col=45 node=0x5572ecd51920
[1;36mdebug: [0msem_check_expr: type=13 line=249 col=45 node=0x5572ecd51920
[1;36mdebug: [0msem_check_expr: type=28 line=178 col=29 node=0x5572ecd52230
[1;36mdebug: [0msem_check_expr: type=13 line=178 col=19 node=0x5572ecd52120
[1;36mdebug: [0msem_check_expr: type=13 line=251 col=44 node=0x5572ecd521b0
[1;36mdebug: [0msem_check_expr: type=13 line=251 col=44 node=0x5572ecd521b0
[1;36mdebug: [0msem_check_expr: type=28 line=179 col=30 node=0x5572ecd52ac0
[1;36mdebug: [0msem_check_expr: type=13 line=179 col=20 node=0x5572ecd529b0
[1;36mdebug: [0msem_check_expr: type=13 line=252 col=46 node=0x5572ecd52a40
[1;36mdebug: [0msem_check_expr: type=13 line=252 col=46 node=0x5572ecd52a40
[1;36mdebug: [0msem_check_expr: type=28 line=180 col=31 node=0x5572ecd53350
[1;36mdebug: [0msem_check_expr: type=13 line=180 col=21 node=0x5572ecd53240
[1;36mdebug: [0msem_check_expr: type=13 line=253 col=48 node=0x5572ecd532d0
[1;36mdebug: [0msem_check_expr: type=13 line=253 col=48 node=0x5572ecd532d0
[1;36mdebug: [0msem_check_expr: type=28 line=125 col=28 node=0x5572ecd53be0
[1;36mdebug: [0msem_check_expr: type=13 line=125 col=18 node=0x5572ecd53ad0
[1;36mdebug: [0msem_check_expr: type=13 line=255 col=43 node=0x5572ecd53b60
[1;36mdebug: [0msem_check_expr: type=13 line=255 col=43 node=0x5572ecd53b60
[1;36mdebug: [0msem_check_expr: type=28 line=126 col=29 node=0x5572ecd54470
[1;36mdebug: [0msem_check_expr: type=13 line=126 col=19 node=0x5572ecd54360
[1;36mdebug: [0msem_check_expr: type=13 line=256 col=45 node=0x5572ecd543f0
[1;36mdebug: [0msem_check_expr: type=13 line=256 col=45 node=0x5572ecd543f0
[1;36mdebug: [0msem_check_expr: type=28 line=127 col=30 node=0x5572ecd54d00
[1;36mdebug: [0msem_check_expr: type=13 line=127 col=20 node=0x5572ecd54bf0
[1;36mdebug: [0msem_check_expr: type=13 line=257 col=47 node=0x5572ecd54c80
[1;36mdebug: [0msem_check_expr: type=13 line=257 col=47 node=0x5572ecd54c80
[1;36mdebug: [0msem_check_expr: type=28 line=181 col=29 node=0x5572ecd55590
[1;36mdebug: [0msem_check_expr: type=13 line=181 col=19 node=0x5572ecd55480
[1;36mdebug: [0msem_check_expr: type=13 line=259 col=44 node=0x5572ecd55510
[1;36mdebug: [0msem_check_expr: type=13 line=259 col=44 node=0x5572ecd55510
[1;36mdebug: [0msem_check_expr: type=28 line=182 col=31 node=0x5572ecd55e20
[1;36mdebug: [0msem_check_expr: type=13 line=182 col=21 node=0x5572ecd55d10
[1;36mdebug: [0msem_check_expr: type=13 line=260 col=48 node=0x5572ecd55da0
[1;36mdebug: [0msem_check_expr: type=13 line=260 col=48 node=0x5572ecd55da0
[1;36mdebug: [0msem_check_expr: type=28 line=183 col=30 node=0x5572ecd566b0
[1;36mdebug: [0msem_check_expr: type=13 line=183 col=20 node=0x5572ecd565a0
[1;36mdebug: [0msem_check_expr: type=13 line=261 col=46 node=0x5572ecd56630
[1;36mdebug: [0msem_check_expr: type=13 line=261 col=46 node=0x5572ecd56630
[1;36mdebug: [0msem_check_expr: type=28 line=184 col=31 node=0x5572ecd56f40
[1;36mdebug: [0msem_check_expr: type=13 line=184 col=21 node=0x5572ecd56e30
[1;36mdebug: [0msem_check_expr: type=13 line=262 col=48 node=0x5572ecd56ec0
[1;36mdebug: [0msem_check_expr: type=13 line=262 col=48 node=0x5572ecd56ec0
[1;36mdebug: [0msem_check_expr: type=28 line=128 col=28 node=0x5572ecd577d0
[1;36mdebug: [0msem_check_expr: type=13 line=128 col=18 node=0x5572ecd576c0
[1;36mdebug: [0msem_check_expr: type=13 line=264 col=43 node=0x5572ecd57750
[1;36mdebug: [0msem_check_expr: type=13 line=264 col=43 node=0x5572ecd57750
[1;36mdebug: [0msem_check_expr: type=28 line=129 col=30 node=0x5572ecd58060
[1;36mdebug: [0msem_check_expr: type=13 line=129 col=20 node=0x5572ecd57f50
[1;36mdebug: [0msem_check_expr: type=13 line=265 col=47 node=0x5572ecd57fe0
[1;36mdebug: [0msem_check_expr: type=13 line=265 col=47 node=0x5572ecd57fe0
[1;36mdebug: [0msem_check_expr: type=28 line=130 col=29 node=0x5572ecd588f0
[1;36mdebug: [0msem_check_expr: type=13 line=130 col=19 node=0x5572ecd587e0
[1;36mdebug: [0msem_check_expr: type=13 line=266 col=45 node=0x5572ecd58870
[1;36mdebug: [0msem_check_expr: type=13 line=266 col=45 node=0x5572ecd58870
[1;36mdebug: [0msem_check_expr: type=28 line=131 col=30 node=0x5572ecd59180
[1;36mdebug: [0msem_check_expr: type=13 line=131 col=20 node=0x5572ecd59070
[1;36mdebug: [0msem_check_expr: type=13 line=267 col=47 node=0x5572ecd59100
[1;36mdebug: [0msem_check_expr: type=13 line=267 col=47 node=0x5572ecd59100
[1;36mdebug: [0msem_check_expr: type=28 line=186 col=29 node=0x5572ecd59af0
[1;36mdebug: [0msem_check_expr: type=13 line=186 col=19 node=0x5572ecd59958
[1;36mdebug: [0msem_check_expr: type=13 line=269 col=54 node=0x5572ecd599e8
[1;36mdebug: [0msem_check_expr: type=13 line=269 col=57 node=0x5572ecd59a70
[1;36mdebug: [0msem_check_expr: type=13 line=269 col=54 node=0x5572ecd599e8
[1;36mdebug: [0msem_check_expr: type=13 line=269 col=57 node=0x5572ecd59a70
[1;36mdebug: [0msem_check_expr: type=28 line=187 col=30 node=0x5572ecd5a380
[1;36mdebug: [0msem_check_expr: type=13 line=187 col=20 node=0x5572ecd5a270
[1;36mdebug: [0msem_check_expr: type=13 line=270 col=46 node=0x5572ecd5a300
[1;36mdebug: [0msem_check_expr: type=13 line=270 col=46 node=0x5572ecd5a300
[1;36mdebug: [0msem_check_expr: type=28 line=188 col=30 node=0x5572ecd5ac10
[1;36mdebug: [0msem_check_expr: type=13 line=188 col=20 node=0x5572ecd5ab00
[1;36mdebug: [0msem_check_expr: type=13 line=271 col=46 node=0x5572ecd5ab90
[1;36mdebug: [0msem_check_expr: type=13 line=271 col=46 node=0x5572ecd5ab90
[1;36mdebug: [0msem_check_expr: type=28 line=189 col=31 node=0x5572ecd5b580
[1;36mdebug: [0msem_check_expr: type=13 line=189 col=21 node=0x5572ecd5b3e8
[1;36mdebug: [0msem_check_expr: type=13 line=272 col=58 node=0x5572ecd5b478
[1;36mdebug: [0msem_check_expr: type=13 line=272 col=61 node=0x5572ecd5b500
[1;36mdebug: [0msem_check_expr: type=13 line=272 col=58 node=0x5572ecd5b478
[1;36mdebug: [0msem_check_expr: type=13 line=272 col=61 node=0x5572ecd5b500
[1;36mdebug: [0msem_check_expr: type=28 line=133 col=28 node=0x5572ecd5bef0
[1;36mdebug: [0msem_check_expr: type=13 line=133 col=18 node=0x5572ecd5bd58
[1;36mdebug: [0msem_check_expr: type=13 line=274 col=53 node=0x5572ecd5bde8
[1;36mdebug: [0msem_check_expr: type=13 line=274 col=56 node=0x5572ecd5be70
[1;36mdebug: [0msem_check_expr: type=13 line=274 col=53 node=0x5572ecd5bde8
[1;36mdebug: [0msem_check_expr: type=13 line=274 col=56 node=0x5572ecd5be70
[1;36mdebug: [0msem_check_expr: type=28 line=134 col=29 node=0x5572ecd5c780
[1;36mdebug: [0msem_check_expr: type=13 line=134 col=19 node=0x5572ecd5c670
[1;36mdebug: [0msem_check_expr: type=13 line=275 col=45 node=0x5572ecd5c700
[1;36mdebug: [0msem_check_expr: type=13 line=275 col=45 node=0x5572ecd5c700
[1;36mdebug: [0msem_check_expr: type=28 line=135 col=29 node=0x5572ecd5d010
[1;36mdebug: [0msem_check_expr: type=13 line=135 col=19 node=0x5572ecd5cf00
[1;36mdebug: [0msem_check_expr: type=13 line=276 col=45 node=0x5572ecd5cf90
[1;36mdebug: [0msem_check_expr: type=13 line=276 col=45 node=0x5572ecd5cf90
[1;36mdebug: [0msem_check_expr: type=28 line=136 col=30 node=0x5572ecd5d980
[1;36mdebug: [0msem_check_expr: type=13 line=136 col=20 node=0x5572ecd5d7e8
[1;36mdebug: [0msem_check_expr: type=13 line=277 col=57 node=0x5572ecd5d878
[1;36mdebug: [0msem_check_expr: type=13 line=277 col=60 node=0x5572ecd5d900
[1;36mdebug: [0msem_check_expr: type=13 line=277 col=57 node=0x5572ecd5d878
[1;36mdebug: [0msem_check_expr: type=13 line=277 col=60 node=0x5572ecd5d900
[1;36mdebug: [0msem_check_expr: type=28 line=191 col=29 node=0x5572ecd5e210
[1;36mdebug: [0msem_check_expr: type=13 line=191 col=19 node=0x5572ecd5e100
[1;36mdebug: [0msem_check_expr: type=13 line=279 col=44 node=0x5572ecd5e190
[1;36mdebug: [0msem_check_expr: type=13 line=279 col=44 node=0x5572ecd5e190
[1;36mdebug: [0msem_check_expr: type=28 line=192 col=30 node=0x5572ecd5eaa0
[1;36mdebug: [0msem_check_expr: type=13 line=192 col=20 node=0x5572ecd5e990
[1;36mdebug: [0msem_check_expr: type=13 line=280 col=46 node=0x5572ecd5ea20
[1;36mdebug: [0msem_check_expr: type=13 line=280 col=46 node=0x5572ecd5ea20
[1;36mdebug: [0msem_check_expr: type=28 line=193 col=32 node=0x5572ecd5f330
[1;36mdebug: [0msem_check_expr: type=13 line=193 col=22 node=0x5572ecd5f220
[1;36mdebug: [0msem_check_expr: type=13 line=281 col=50 node=0x5572ecd5f2b0
[1;36mdebug: [0msem_check_expr: type=13 line=281 col=50 node=0x5572ecd5f2b0
[1;36mdebug: [0msem_check_expr: type=28 line=194 col=32 node=0x5572ecd5fbc0
[1;36mdebug: [0msem_check_expr: type=13 line=194 col=22 node=0x5572ecd5fab0
[1;36mdebug: [0msem_check_expr: type=13 line=282 col=50 node=0x5572ecd5fb40
[1;36mdebug: [0msem_check_expr: type=13 line=282 col=50 node=0x5572ecd5fb40
[1;36mdebug: [0msem_check_expr: type=28 line=138 col=28 node=0x5572ecd60450
[1;36mdebug: [0msem_check_expr: type=13 line=138 col=18 node=0x5572ecd60340
[1;36mdebug: [0msem_check_expr: type=13 line=284 col=43 node=0x5572ecd603d0
[1;36mdebug: [0msem_check_expr: type=13 line=284 col=43 node=0x5572ecd603d0
[1;36mdebug: [0msem_check_expr: type=28 line=139 col=29 node=0x5572ecd61130
[1;36mdebug: [0msem_check_expr: type=13 line=139 col=19 node=0x5572ecd61020
[1;36mdebug: [0msem_check_expr: type=13 line=285 col=45 node=0x5572ecd610b0
[1;36mdebug: [0msem_check_expr: type=13 line=285 col=45 node=0x5572ecd610b0
[1;36mdebug: [0msem_check_expr: type=28 line=140 col=31 node=0x5572ecd619c0
[1;36mdebug: [0msem_check_expr: type=13 line=140 col=21 node=0x5572ecd618b0
[1;36mdebug: [0msem_check_expr: type=13 line=286 col=49 node=0x5572ecd61940
[1;36mdebug: [0msem_check_expr: type=13 line=286 col=49 node=0x5572ecd61940
[1;36mdebug: [0msem_check_expr: type=28 line=141 col=31 node=0x5572ecd62250
[1;36mdebug: [0msem_check_expr: type=13 line=141 col=21 node=0x5572ecd62140
[1;36mdebug: [0msem_check_expr: type=13 line=287 col=49 node=0x5572ecd621d0
[1;36mdebug: [0msem_check_expr: type=13 line=287 col=49 node=0x5572ecd621d0
[1;36mdebug: [0msem_check_expr: type=28 line=196 col=30 node=0x5572ecd62ae0
[1;36mdebug: [0msem_check_expr: type=13 line=196 col=20 node=0x5572ecd629d0
[1;36mdebug: [0msem_check_expr: type=13 line=289 col=46 node=0x5572ecd62a60
[1;36mdebug: [0msem_check_expr: type=13 line=289 col=46 node=0x5572ecd62a60
[1;36mdebug: [0msem_check_expr: type=28 line=197 col=31 node=0x5572ecd63370
[1;36mdebug: [0msem_check_expr: type=13 line=197 col=21 node=0x5572ecd63260
[1;36mdebug: [0msem_check_expr: type=13 line=290 col=48 node=0x5572ecd632f0
[1;36mdebug: [0msem_check_expr: type=13 line=290 col=48 node=0x5572ecd632f0
[1;36mdebug: [0msem_check_expr: type=28 line=198 col=31 node=0x5572ecd63c00
[1;36mdebug: [0msem_check_expr: type=13 line=198 col=21 node=0x5572ecd63af0
[1;36mdebug: [0msem_check_expr: type=13 line=291 col=48 node=0x5572ecd63b80
[1;36mdebug: [0msem_check_expr: type=13 line=291 col=48 node=0x5572ecd63b80
[1;36mdebug: [0msem_check_expr: type=28 line=199 col=31 node=0x5572ecd64490
[1;36mdebug: [0msem_check_expr: type=13 line=199 col=21 node=0x5572ecd64380
[1;36mdebug: [0msem_check_expr: type=13 line=292 col=48 node=0x5572ecd64410
[1;36mdebug: [0msem_check_expr: type=13 line=292 col=48 node=0x5572ecd64410
[1;36mdebug: [0msem_check_expr: type=28 line=200 col=35 node=0x5572ecd64d38
[1;36mdebug: [0msem_check_expr: type=13 line=200 col=25 node=0x5572ecd64c20
[1;36mdebug: [0msem_check_expr: type=13 line=293 col=56 node=0x5572ecd64cb8
[1;36mdebug: [0msem_check_expr: type=13 line=293 col=56 node=0x5572ecd64cb8
[1;36mdebug: [0msem_check_expr: type=28 line=201 col=30 node=0x5572ecd655c8
[1;36mdebug: [0msem_check_expr: type=13 line=201 col=20 node=0x5572ecd654b8
[1;36mdebug: [0msem_check_expr: type=13 line=294 col=46 node=0x5572ecd65548
[1;36mdebug: [0msem_check_expr: type=13 line=294 col=46 node=0x5572ecd65548
[1;36mdebug: [0msem_check_expr: type=28 line=143 col=29 node=0x5572ecd65e58
[1;36mdebug: [0msem_check_expr: type=13 line=143 col=19 node=0x5572ecd65d48
[1;36mdebug: [0msem_check_expr: type=13 line=296 col=45 node=0x5572ecd65dd8
[1;36mdebug: [0msem_check_expr: type=13 line=296 col=45 node=0x5572ecd65dd8
[1;36mdebug: [0msem_check_expr: type=28 line=144 col=30 node=0x5572ecd666e8
[1;36mdebug: [0msem_check_expr: type=13 line=144 col=20 node=0x5572ecd665d8
[1;36mdebug: [0msem_check_expr: type=13 line=297 col=47 node=0x5572ecd66668
[1;36mdebug: [0msem_check_expr: type=13 line=297 col=47 node=0x5572ecd66668
[1;36mdebug: [0msem_check_expr: type=28 line=145 col=30 node=0x5572ecd66f78
[1;36mdebug: [0msem_check_expr: type=13 line=145 col=20 node=0x5572ecd66e68
[1;36mdebug: [0msem_check_expr: type=13 line=298 col=47 node=0x5572ecd66ef8
[1;36mdebug: [0msem_check_expr: type=13 line=298 col=47 node=0x5572ecd66ef8
[1;36mdebug: [0msem_check_expr: type=28 line=146 col=30 node=0x5572ecd67808
[1;36mdebug: [0msem_check_expr: type=13 line=146 col=20 node=0x5572ecd676f8
[1;36mdebug: [0msem_check_expr: type=13 line=299 col=47 node=0x5572ecd67788
[1;36mdebug: [0msem_check_expr: type=13 line=299 col=47 node=0x5572ecd67788
[1;36mdebug: [0msem_check_expr: type=28 line=147 col=34 node=0x5572ecd680b0
[1;36mdebug: [0msem_check_expr: type=13 line=147 col=24 node=0x5572ecd67f98
[1;36mdebug: [0msem_check_expr: type=13 line=300 col=55 node=0x5572ecd68030
[1;36mdebug: [0msem_check_expr: type=13 line=300 col=55 node=0x5572ecd68030
[1;36mdebug: [0msem_check_expr: type=28 line=148 col=29 node=0x5572ecd68940
[1;36mdebug: [0msem_check_expr: type=13 line=148 col=19 node=0x5572ecd68830
[1;36mdebug: [0msem_check_expr: type=13 line=301 col=45 node=0x5572ecd688c0
[1;36mdebug: [0msem_check_expr: type=13 line=301 col=45 node=0x5572ecd688c0
[1;36mdebug: [0msem_check_expr: type=28 line=203 col=30 node=0x5572ecd691d0
[1;36mdebug: [0msem_check_expr: type=13 line=203 col=20 node=0x5572ecd690c0
[1;36mdebug: [0msem_check_expr: type=13 line=303 col=45 node=0x5572ecd69150
[1;36mdebug: [0msem_check_expr: type=13 line=303 col=45 node=0x5572ecd69150
[1;36mdebug: [0msem_check_expr: type=28 line=150 col=29 node=0x5572ecd69a60
[1;36mdebug: [0msem_check_expr: type=13 line=150 col=19 node=0x5572ecd69950
[1;36mdebug: [0msem_check_expr: type=13 line=304 col=44 node=0x5572ecd699e0
[1;36mdebug: [0msem_check_expr: type=13 line=304 col=44 node=0x5572ecd699e0
[1;36mdebug: [0msem_check_expr: type=28 line=204 col=30 node=0x5572ecd6a3d0
[1;36mdebug: [0msem_check_expr: type=13 line=204 col=20 node=0x5572ecd6a238
[1;36mdebug: [0msem_check_expr: type=13 line=306 col=56 node=0x5572ecd6a2c8
[1;36mdebug: [0msem_check_expr: type=13 line=306 col=59 node=0x5572ecd6a350
[1;36mdebug: [0msem_check_expr: type=13 line=306 col=56 node=0x5572ecd6a2c8
[1;36mdebug: [0msem_check_expr: type=13 line=306 col=59 node=0x5572ecd6a350
[1;36mdebug: [0msem_check_expr: type=28 line=205 col=30 node=0x5572ecd6ad40
[1;36mdebug: [0msem_check_expr: type=13 line=205 col=20 node=0x5572ecd6aba8
[1;36mdebug: [0msem_check_expr: type=13 line=307 col=56 node=0x5572ecd6ac38
[1;36mdebug: [0msem_check_expr: type=13 line=307 col=59 node=0x5572ecd6acc0
[1;36mdebug: [0msem_check_expr: type=13 line=307 col=56 node=0x5572ecd6ac38
[1;36mdebug: [0msem_check_expr: type=13 line=307 col=59 node=0x5572ecd6acc0
[1;36mdebug: [0msem_check_expr: type=28 line=206 col=30 node=0x5572ecd6b6b0
[1;36mdebug: [0msem_check_expr: type=13 line=206 col=20 node=0x5572ecd6b518
[1;36mdebug: [0msem_check_expr: type=13 line=308 col=56 node=0x5572ecd6b5a8
[1;36mdebug: [0msem_check_expr: type=13 line=308 col=59 node=0x5572ecd6b630
[1;36mdebug: [0msem_check_expr: type=13 line=308 col=56 node=0x5572ecd6b5a8
[1;36mdebug: [0msem_check_expr: type=13 line=308 col=59 node=0x5572ecd6b630
[1;36mdebug: [0msem_check_expr: type=28 line=207 col=35 node=0x5572ecd6c038
[1;36mdebug: [0msem_check_expr: type=13 line=207 col=25 node=0x5572ecd6be98
[1;36mdebug: [0msem_check_expr: type=13 line=309 col=66 node=0x5572ecd6bf30
[1;36mdebug: [0msem_check_expr: type=13 line=309 col=69 node=0x5572ecd6bfb8
[1;36mdebug: [0msem_check_expr: type=13 line=309 col=66 node=0x5572ecd6bf30
[1;36mdebug: [0msem_check_expr: type=13 line=309 col=69 node=0x5572ecd6bfb8
[1;36mdebug: [0msem_check_expr: type=28 line=151 col=29 node=0x5572ecd6c9a8
[1;36mdebug: [0msem_check_expr: type=13 line=151 col=19 node=0x5572ecd6c810
[1;36mdebug: [0msem_check_expr: type=13 line=311 col=55 node=0x5572ecd6c8a0
[1;36mdebug: [0msem_check_expr: type=13 line=311 col=58 node=0x5572ecd6c928
[1;36mdebug: [0msem_check_expr: type=13 line=311 col=55 node=0x5572ecd6c8a0
[1;36mdebug: [0msem_check_expr: type=13 line=311 col=58 node=0x5572ecd6c928
[1;36mdebug: [0msem_check_expr: type=28 line=152 col=29 node=0x5572ecd6d318
[1;36mdebug: [0msem_check_expr: type=13 line=152 col=19 node=0x5572ecd6d180
[1;36mdebug: [0msem_check_expr: type=13 line=312 col=55 node=0x5572ecd6d210
[1;36mdebug: [0msem_check_expr: type=13 line=312 col=58 node=0x5572ecd6d298
[1;36mdebug: [0msem_check_expr: type=13 line=312 col=55 node=0x5572ecd6d210
[1;36mdebug: [0msem_check_expr: type=13 line=312 col=58 node=0x5572ecd6d298
[1;36mdebug: [0msem_check_expr: type=28 line=153 col=29 node=0x5572ecd6dc88
[1;36mdebug: [0msem_check_expr: type=13 line=153 col=19 node=0x5572ecd6daf0
[1;36mdebug: [0msem_check_expr: type=13 line=313 col=55 node=0x5572ecd6db80
[1;36mdebug: [0msem_check_expr: type=13 line=313 col=58 node=0x5572ecd6dc08
[1;36mdebug: [0msem_check_expr: type=13 line=313 col=55 node=0x5572ecd6db80
[1;36mdebug: [0msem_check_expr: type=13 line=313 col=58 node=0x5572ecd6dc08
[1;36mdebug: [0msem_check_expr: type=28 line=154 col=34 node=0x5572ecd6e610
[1;36mdebug: [0msem_check_expr: type=13 line=154 col=24 node=0x5572ecd6e470
[1;36mdebug: [0msem_check_expr: type=13 line=314 col=65 node=0x5572ecd6e508
[1;36mdebug: [0msem_check_expr: type=13 line=314 col=68 node=0x5572ecd6e590
[1;36mdebug: [0msem_check_expr: type=13 line=314 col=65 node=0x5572ecd6e508
[1;36mdebug: [0msem_check_expr: type=13 line=314 col=68 node=0x5572ecd6e590
[1;36mdebug: [0msem_check_expr: type=28 line=213 col=35 node=0x5572ecd6ef98
[1;36mdebug: [0msem_check_expr: type=13 line=213 col=25 node=0x5572ecd6edf8
[1;36mdebug: [0msem_check_expr: type=13 line=316 col=70 node=0x5572ecd6ee90
[1;36mdebug: [0msem_check_expr: type=13 line=316 col=76 node=0x5572ecd6ef18
[1;36mdebug: [0msem_check_expr: type=13 line=316 col=70 node=0x5572ecd6ee90
[1;36mdebug: [0msem_check_expr: type=13 line=316 col=76 node=0x5572ecd6ef18
[1;36mdebug: [0msem_check_expr: type=28 line=214 col=29 node=0x5572ecd6f9e8
[1;36mdebug: [0msem_check_expr: type=13 line=214 col=19 node=0x5572ecd6f7c8
[1;36mdebug: [0msem_check_expr: type=13 line=317 col=64 node=0x5572ecd6f858
[1;36mdebug: [0msem_check_expr: type=13 line=317 col=67 node=0x5572ecd6f8e0
[1;36mdebug: [0msem_check_expr: type=13 line=317 col=70 node=0x5572ecd6f968
[1;36mdebug: [0msem_check_expr: type=13 line=317 col=64 node=0x5572ecd6f858
[1;36mdebug: [0msem_check_expr: type=13 line=317 col=67 node=0x5572ecd6f8e0
[1;36mdebug: [0msem_check_expr: type=13 line=317 col=70 node=0x5572ecd6f968
[1;36mdebug: [0msem_check_expr: type=28 line=160 col=34 node=0x5572ecd70370
[1;36mdebug: [0msem_check_expr: type=13 line=160 col=24 node=0x5572ecd701d0
[1;36mdebug: [0msem_check_expr: type=13 line=319 col=69 node=0x5572ecd70268
[1;36mdebug: [0msem_check_expr: type=13 line=319 col=75 node=0x5572ecd702f0
[1;36mdebug: [0msem_check_expr: type=13 line=319 col=69 node=0x5572ecd70268
[1;36mdebug: [0msem_check_expr: type=13 line=319 col=75 node=0x5572ecd702f0
[1;36mdebug: [0msem_check_expr: type=28 line=161 col=28 node=0x5572ecd71260
[1;36mdebug: [0msem_check_expr: type=13 line=161 col=18 node=0x5572ecd71040
[1;36mdebug: [0msem_check_expr: type=13 line=320 col=63 node=0x5572ecd710d0
[1;36mdebug: [0msem_check_expr: type=13 line=320 col=66 node=0x5572ecd71158
[1;36mdebug: [0msem_check_expr: type=13 line=320 col=69 node=0x5572ecd711e0
[1;36mdebug: [0msem_check_expr: type=13 line=320 col=63 node=0x5572ecd710d0
[1;36mdebug: [0msem_check_expr: type=13 line=320 col=66 node=0x5572ecd71158
[1;36mdebug: [0msem_check_expr: type=13 line=320 col=69 node=0x5572ecd711e0
[1;36mdebug: [0msem_check_expr: type=28 line=163 col=30 node=0x5572ecd71af0
[1;36mdebug: [0msem_check_expr: type=13 line=163 col=20 node=0x5572ecd719e0
[1;36mdebug: [0msem_check_expr: type=13 line=322 col=44 node=0x5572ecd71a70
[1;36mdebug: [0msem_check_expr: type=13 line=322 col=44 node=0x5572ecd71a70
[1;36mdebug: [0msem_check_expr: type=28 line=216 col=31 node=0x5572ecd72380
[1;36mdebug: [0msem_check_expr: type=13 line=216 col=21 node=0x5572ecd72270
[1;36mdebug: [0msem_check_expr: type=13 line=323 col=45 node=0x5572ecd72300
[1;36mdebug: [0msem_check_expr: type=13 line=323 col=45 node=0x5572ecd72300
[1;36mdebug: [0msem_check_expr: type=28 line=217 col=32 node=0x5572ecd72cf0
[1;36mdebug: [0msem_check_expr: type=13 line=217 col=22 node=0x5572ecd72b58
[1;36mdebug: [0msem_check_expr: type=13 line=325 col=59 node=0x5572ecd72be8
[1;36mdebug: [0msem_check_expr: type=13 line=325 col=62 node=0x5572ecd72c70
[1;36mdebug: [0msem_check_expr: type=13 line=325 col=59 node=0x5572ecd72be8
[1;36mdebug: [0msem_check_expr: type=13 line=325 col=62 node=0x5572ecd72c70
[1;36mdebug: [0msem_check_expr: type=28 line=164 col=31 node=0x5572ecd73660
[1;36mdebug: [0msem_check_expr: type=13 line=164 col=21 node=0x5572ecd734c8
[1;36mdebug: [0msem_check_expr: type=13 line=326 col=58 node=0x5572ecd73558
[1;36mdebug: [0msem_check_expr: type=13 line=326 col=61 node=0x5572ecd735e0
[1;36mdebug: [0msem_check_expr: type=13 line=326 col=58 node=0x5572ecd73558
[1;36mdebug: [0msem_check_expr: type=13 line=326 col=61 node=0x5572ecd735e0
[1;36mdebug: [0msem_check_expr: type=28 line=218 col=33 node=0x5572ecd73fe0
[1;36mdebug: [0msem_check_expr: type=13 line=218 col=23 node=0x5572ecd73e40
[1;36mdebug: [0msem_check_expr: type=13 line=328 col=62 node=0x5572ecd73ed8
[1;36mdebug: [0msem_check_expr: type=13 line=328 col=65 node=0x5572ecd73f60
[1;36mdebug: [0msem_check_expr: type=13 line=328 col=62 node=0x5572ecd73ed8
[1;36mdebug: [0msem_check_expr: type=13 line=328 col=65 node=0x5572ecd73f60
[1;36mdebug: [0msem_check_expr: type=28 line=165 col=32 node=0x5572ecd74950
[1;36mdebug: [0msem_check_expr: type=13 line=165 col=22 node=0x5572ecd747b8
[1;36mdebug: [0msem_check_expr: type=13 line=329 col=61 node=0x5572ecd74848
[1;36mdebug: [0msem_check_expr: type=13 line=329 col=64 node=0x5572ecd748d0
[1;36mdebug: [0msem_check_expr: type=13 line=329 col=61 node=0x5572ecd74848
[1;36mdebug: [0msem_check_expr: type=13 line=329 col=64 node=0x5572ecd748d0
[1;36mdebug: [0msem_check_expr: type=28 line=208 col=34 node=0x5572ecd752d8
[1;36mdebug: [0msem_check_expr: type=13 line=208 col=24 node=0x5572ecd75138
[1;36mdebug: [0msem_check_expr: type=13 line=331 col=68 node=0x5572ecd751d0
[1;36mdebug: [0msem_check_expr: type=13 line=331 col=73 node=0x5572ecd75258
[1;36mdebug: [0msem_check_expr: type=13 line=331 col=68 node=0x5572ecd751d0
[1;36mdebug: [0msem_check_expr: type=13 line=331 col=73 node=0x5572ecd75258
[1;36mdebug: [0msem_check_expr: type=28 line=155 col=33 node=0x5572ecd75c60
[1;36mdebug: [0msem_check_expr: type=13 line=155 col=23 node=0x5572ecd75ac0
[1;36mdebug: [0msem_check_expr: type=13 line=332 col=67 node=0x5572ecd75b58
[1;36mdebug: [0msem_check_expr: type=13 line=332 col=72 node=0x5572ecd75be0
[1;36mdebug: [0msem_check_expr: type=13 line=332 col=67 node=0x5572ecd75b58
[1;36mdebug: [0msem_check_expr: type=13 line=332 col=72 node=0x5572ecd75be0
345:3: [1;34minfo[0m: Shadowing variable 'exp' from outer scope
  [0;90m|[0m   int exp;
  [0;90m|[0m   [1m^[0m
[1;36mdebug: [0msem_check_expr: type=28 line=210 col=31 node=0x5572ecd76f98
[1;36mdebug: [0msem_check_expr: type=13 line=210 col=21 node=0x5572ecd76d78
[1;36mdebug: [0msem_check_expr: type=13 line=346 col=31 node=0x5572ecd76e08
[1;36mdebug: [0msem_check_expr: type=15 line=346 col=38 node=0x5572ecd76f10
[1;36mdebug: [0msem_check_expr: type=13 line=346 col=39 node=0x5572ecd76e90
[1;36mdebug: [0msem_check_expr: type=13 line=346 col=31 node=0x5572ecd76e08
[1;36mdebug: [0msem_check_expr: type=15 line=346 col=38 node=0x5572ecd76f10
[1;36mdebug: [0msem_check_expr: type=13 line=346 col=39 node=0x5572ecd76e90
[1;36mdebug: [0msem_check_expr: type=2 line=347 col=30 node=0x5572ecd77618
[1;36mdebug: [0msem_check_expr: type=47 line=347 col=22 node=0x5572ecd77480
[1;36mdebug: [0mclone_var_type fallback: class_name=(null) array_size=0 array_depth=0
[1;36mdebug: [0msem_check_expr: type=13 line=347 col=31 node=0x5572ecd77510
[1;36mdebug: [0msem_check_expr: type=13 line=347 col=41 node=0x5572ecd77598
351:3: [1;34minfo[0m: Shadowing variable 'exp' from outer scope
  [0;90m|[0m   int exp;
  [0;90m|[0m   [1m^[0m
[1;36mdebug: [0msem_check_expr: type=28 line=157 col=30 node=0x5572ecd780a0
[1;36mdebug: [0msem_check_expr: type=13 line=157 col=20 node=0x5572ecd77e80
[1;36mdebug: [0msem_check_expr: type=13 line=352 col=30 node=0x5572ecd77f10
[1;36mdebug: [0msem_check_expr: type=15 line=352 col=37 node=0x5572ecd78018
[1;36mdebug: [0msem_check_expr: type=13 line=352 col=38 node=0x5572ecd77f98
[1;36mdebug: [0msem_check_expr: type=13 line=352 col=30 node=0x5572ecd77f10
[1;36mdebug: [0msem_check_expr: type=15 line=352 col=37 node=0x5572ecd78018
[1;36mdebug: [0msem_check_expr: type=13 line=352 col=38 node=0x5572ecd77f98
[1;36mdebug: [0msem_check_expr: type=2 line=353 col=30 node=0x5572ecd78720
[1;36mdebug: [0msem_check_expr: type=47 line=353 col=22 node=0x5572ecd78588
[1;36mdebug: [0mclone_var_type fallback: class_name=(null) array_size=0 array_depth=0
[1;36mdebug: [0msem_check_expr: type=13 line=353 col=31 node=0x5572ecd78618
[1;36mdebug: [0msem_check_expr: type=13 line=353 col=41 node=0x5572ecd786a0
[1;36mdebug: [0msem_check_expr: type=28 line=211 col=30 node=0x5572ecd791a8
[1;36mdebug: [0msem_check_expr: type=13 line=211 col=20 node=0x5572ecd78f88
[1;36mdebug: [0msem_check_expr: type=13 line=358 col=26 node=0x5572ecd79018
[1;36mdebug: [0msem_check_expr: type=15 line=358 col=33 node=0x5572ecd79120
[1;36mdebug: [0msem_check_expr: type=13 line=358 col=34 node=0x5572ecd790a0
[1;36mdebug: [0msem_check_expr: type=13 line=358 col=26 node=0x5572ecd79018
[1;36mdebug: [0msem_check_expr: type=15 line=358 col=33 node=0x5572ecd79120
[1;36mdebug: [0msem_check_expr: type=13 line=358 col=34 node=0x5572ecd790a0
[1;36mdebug: [0msem_check_expr: type=2 line=359 col=29 node=0x5572ecd79820
[1;36mdebug: [0msem_check_expr: type=47 line=359 col=21 node=0x5572ecd79690
[1;36mdebug: [0msem_check_expr: type=13 line=359 col=30 node=0x5572ecd79718
[1;36mdebug: [0msem_check_expr: type=13 line=359 col=36 node=0x5572ecd797a0
[1;36mdebug: [0msem_check_expr: type=28 line=158 col=29 node=0x5572ecd7a2a8
[1;36mdebug: [0msem_check_expr: type=13 line=158 col=19 node=0x5572ecd7a088
[1;36mdebug: [0msem_check_expr: type=13 line=364 col=25 node=0x5572ecd7a118
[1;36mdebug: [0msem_check_expr: type=15 line=364 col=32 node=0x5572ecd7a220
[1;36mdebug: [0msem_check_expr: type=13 line=364 col=33 node=0x5572ecd7a1a0
[1;36mdebug: [0msem_check_expr: type=13 line=364 col=25 node=0x5572ecd7a118
[1;36mdebug: [0msem_check_expr: type=15 line=364 col=32 node=0x5572ecd7a220
[1;36mdebug: [0msem_check_expr: type=13 line=364 col=33 node=0x5572ecd7a1a0
[1;36mdebug: [0msem_check_expr: type=2 line=365 col=29 node=0x5572ecd7a920
[1;36mdebug: [0msem_check_expr: type=47 line=365 col=21 node=0x5572ecd7a790
[1;36mdebug: [0msem_check_expr: type=13 line=365 col=30 node=0x5572ecd7a818
[1;36mdebug: [0msem_check_expr: type=13 line=365 col=36 node=0x5572ecd7a8a0
Semantic analysis failed with 3 errors.
[33mWarning:[0m Implicitly resolved 'frexp_result_single' to 'math.frexp_result_single'
[33mWarning:[0m Implicitly resolved 'frexp_result_double' to 'math.frexp_result_double'
[33mWarning:[0m Implicitly resolved 'modf_result_single' to 'math.modf_result_single'
[33mWarning:[0m Implicitly resolved 'modf_result_double' to 'math.modf_result_double'
