[1;36mstep: [0mFinished lexing. Start parsing.
[1;36mdebug: [0mparse_postfix: before parse_call, node->type=13
[1;36mdebug: [0mCreated Call name=_r_atan2f target_type=13 line=0 col=0 node=0x55cab36c1b48 target=0x55cab36c19b8
[1;36mdebug: [0mafter parse_type, vt.base=16, token.type=28
[1;36mdebug: [0mafter parse_type, vt.base=1, token.type=28
[1;36mdebug: [0mafter parse_type, vt.base=16, token.type=28
[1;36mdebug: [0mafter parse_type, vt.base=16, token.type=28
[1;36mdebug: [0mparse_postfix: before parse_call, node->type=47
[1;36mdebug: [0mCreated Call name=(null) target_type=47 line=0 col=0 node=0x55cab36f1558 target=0x55cab36f13c0
[1;36mdebug: [0mparse_postfix: before parse_call, node->type=47
[1;36mdebug: [0mCreated Call name=(null) target_type=47 line=0 col=0 node=0x55cab36f2660 target=0x55cab36f24c8
[1;36mdebug: [0mparse_postfix: before parse_call, node->type=47
[1;36mdebug: [0mCreated Call name=(null) target_type=47 line=0 col=0 node=0x55cab36f3760 target=0x55cab36f35d0
[1;36mdebug: [0mparse_postfix: before parse_call, node->type=47
[1;36mdebug: [0mCreated Call name=(null) target_type=47 line=0 col=0 node=0x55cab36f4860 target=0x55cab36f46d0
[1;36mdebug: [0msem_check_expr: type=16 line=219 col=19 node=0x55cab36c0e20
[1;36mdebug: [0msem_check_expr: type=28 line=116 col=30 node=0x55cab36c16f8
[1;36mdebug: [0msem_check_expr: type=13 line=116 col=20 node=0x55cab36c1560
[1;36mdebug: [0msem_check_expr: type=13 line=221 col=57 node=0x55cab36c15f0
[1;36mdebug: [0msem_check_expr: type=13 line=221 col=60 node=0x55cab36c1678
[1;36mdebug: [0msem_check_expr: type=13 line=221 col=57 node=0x55cab36c15f0
[1;36mdebug: [0msem_check_expr: type=13 line=221 col=60 node=0x55cab36c1678
[1;36mdebug: [0msem_check_expr: type=2 line=222 col=57 node=0x55cab36c1b48
[1;36mdebug: [0msem_check_expr: type=13 line=222 col=48 node=0x55cab36c19b8
at namespace [1mmath[0m:
in [1;35m.../lib/std/math.aky[0m:
222:48: [1;31merror[0m: Undefined variable '_r_atan2f'
  [0;90m|[0m pure single atan2(single y, single x) { return _r_atan2f(y, x); }
  [0;90m|[0m                                                [1m^[0m
222:57: [1;31merror[0m: Undefined function or class '_r_atan2f'
  [0;90m|[0m pure single atan2(single y, single x) { return _r_atan2f(y, x); }
  [0;90m|[0m                                                         [1m^[0m
222:41: [1;31merror[0m: Return type mismatch
  [0;90m|[0m pure single atan2(single y, single x) { return _r_atan2f(y, x); }
  [0;90m|[0m                                         [1m^[0m
[1;36mdebug: [0msem_check_expr: type=28 line=164 col=29 node=0x55cab36c23d8
[1;36mdebug: [0msem_check_expr: type=13 line=164 col=19 node=0x55cab36c22c8
[1;36mdebug: [0msem_check_expr: type=13 line=224 col=44 node=0x55cab36c2358
[1;36mdebug: [0msem_check_expr: type=13 line=224 col=44 node=0x55cab36c2358
[1;36mdebug: [0msem_check_expr: type=28 line=165 col=29 node=0x55cab36c2c68
[1;36mdebug: [0msem_check_expr: type=13 line=165 col=19 node=0x55cab36c2b58
165:29: [1;31merror[0m: Function 'cosf' not found in namespace '__raw_math'
  [0;90m|[0m define _r_cosf as __raw_math.cosf;
  [0;90m|[0m                             [1m^[0m
225:29: [1;31merror[0m: Return type mismatch
  [0;90m|[0m pure single cos(single n) { return _r_cosf(n); }
  [0;90m|[0m                             [1m^[0m
[1;36mdebug: [0msem_check_expr: type=28 line=166 col=29 node=0x55cab36c34f8
[1;36mdebug: [0msem_check_expr: type=13 line=166 col=19 node=0x55cab36c33e8
[1;36mdebug: [0msem_check_expr: type=13 line=226 col=44 node=0x55cab36c3478
[1;36mdebug: [0msem_check_expr: type=13 line=226 col=44 node=0x55cab36c3478
[1;36mdebug: [0msem_check_expr: type=28 line=110 col=28 node=0x55cab36c3d88
[1;36mdebug: [0msem_check_expr: type=13 line=110 col=18 node=0x55cab36c3c78
[1;36mdebug: [0msem_check_expr: type=13 line=228 col=43 node=0x55cab36c3d08
[1;36mdebug: [0msem_check_expr: type=13 line=228 col=43 node=0x55cab36c3d08
[1;36mdebug: [0msem_check_expr: type=28 line=111 col=28 node=0x55cab36c4618
[1;36mdebug: [0msem_check_expr: type=13 line=111 col=18 node=0x55cab36c4508
111:28: [1;31merror[0m: Function 'cos' not found in namespace '__raw_math'
  [0;90m|[0m define _r_cos as __raw_math.cos;
  [0;90m|[0m                            [1m^[0m
229:29: [1;31merror[0m: Return type mismatch
  [0;90m|[0m pure double cos(double n) { return _r_cos(n); }
  [0;90m|[0m                             [1m^[0m
[1;36mdebug: [0msem_check_expr: type=28 line=112 col=28 node=0x55cab36c4ea8
[1;36mdebug: [0msem_check_expr: type=13 line=112 col=18 node=0x55cab36c4d98
[1;36mdebug: [0msem_check_expr: type=13 line=230 col=43 node=0x55cab36c4e28
[1;36mdebug: [0msem_check_expr: type=13 line=230 col=43 node=0x55cab36c4e28
[1;36mdebug: [0msem_check_expr: type=28 line=167 col=30 node=0x55cab36c5738
[1;36mdebug: [0msem_check_expr: type=13 line=167 col=20 node=0x55cab36c5628
[1;36mdebug: [0msem_check_expr: type=13 line=232 col=46 node=0x55cab36c56b8
[1;36mdebug: [0msem_check_expr: type=13 line=232 col=46 node=0x55cab36c56b8
[1;36mdebug: [0msem_check_expr: type=28 line=168 col=30 node=0x55cab36c5fc8
[1;36mdebug: [0msem_check_expr: type=13 line=168 col=20 node=0x55cab36c5eb8
[1;36mdebug: [0msem_check_expr: type=13 line=233 col=46 node=0x55cab36c5f48
[1;36mdebug: [0msem_check_expr: type=13 line=233 col=46 node=0x55cab36c5f48
[1;36mdebug: [0msem_check_expr: type=28 line=169 col=30 node=0x55cab36c6858
[1;36mdebug: [0msem_check_expr: type=13 line=169 col=20 node=0x55cab36c6748
[1;36mdebug: [0msem_check_expr: type=13 line=234 col=46 node=0x55cab36c67d8
[1;36mdebug: [0msem_check_expr: type=13 line=234 col=46 node=0x55cab36c67d8
[1;36mdebug: [0msem_check_expr: type=28 line=113 col=29 node=0x55cab36c70e8
[1;36mdebug: [0msem_check_expr: type=13 line=113 col=19 node=0x55cab36c6fd8
[1;36mdebug: [0msem_check_expr: type=13 line=236 col=45 node=0x55cab36c7068
[1;36mdebug: [0msem_check_expr: type=13 line=236 col=45 node=0x55cab36c7068
[1;36mdebug: [0msem_check_expr: type=28 line=114 col=29 node=0x55cab36c7978
[1;36mdebug: [0msem_check_expr: type=13 line=114 col=19 node=0x55cab36c7868
[1;36mdebug: [0msem_check_expr: type=13 line=237 col=45 node=0x55cab36c78f8
[1;36mdebug: [0msem_check_expr: type=13 line=237 col=45 node=0x55cab36c78f8
[1;36mdebug: [0msem_check_expr: type=28 line=115 col=29 node=0x55cab36c8208
[1;36mdebug: [0msem_check_expr: type=13 line=115 col=19 node=0x55cab36c80f8
[1;36mdebug: [0msem_check_expr: type=13 line=238 col=45 node=0x55cab36c8188
[1;36mdebug: [0msem_check_expr: type=13 line=238 col=45 node=0x55cab36c8188
[1;36mdebug: [0msem_check_expr: type=28 line=171 col=30 node=0x55cab36c8a98
[1;36mdebug: [0msem_check_expr: type=13 line=171 col=20 node=0x55cab36c8988
[1;36mdebug: [0msem_check_expr: type=13 line=240 col=46 node=0x55cab36c8a18
[1;36mdebug: [0msem_check_expr: type=13 line=240 col=46 node=0x55cab36c8a18
[1;36mdebug: [0msem_check_expr: type=28 line=172 col=30 node=0x55cab36c9328
[1;36mdebug: [0msem_check_expr: type=13 line=172 col=20 node=0x55cab36c9218
[1;36mdebug: [0msem_check_expr: type=13 line=241 col=46 node=0x55cab36c92a8
[1;36mdebug: [0msem_check_expr: type=13 line=241 col=46 node=0x55cab36c92a8
[1;36mdebug: [0msem_check_expr: type=28 line=173 col=30 node=0x55cab36c9bb8
[1;36mdebug: [0msem_check_expr: type=13 line=173 col=20 node=0x55cab36c9aa8
[1;36mdebug: [0msem_check_expr: type=13 line=242 col=46 node=0x55cab36c9b38
[1;36mdebug: [0msem_check_expr: type=13 line=242 col=46 node=0x55cab36c9b38
[1;36mdebug: [0msem_check_expr: type=28 line=118 col=29 node=0x55cab36ca448
[1;36mdebug: [0msem_check_expr: type=13 line=118 col=19 node=0x55cab36ca338
[1;36mdebug: [0msem_check_expr: type=13 line=244 col=45 node=0x55cab36ca3c8
[1;36mdebug: [0msem_check_expr: type=13 line=244 col=45 node=0x55cab36ca3c8
[1;36mdebug: [0msem_check_expr: type=28 line=119 col=29 node=0x55cab36cb050
[1;36mdebug: [0msem_check_expr: type=13 line=119 col=19 node=0x55cab36caf40
[1;36mdebug: [0msem_check_expr: type=13 line=245 col=45 node=0x55cab36cafd0
[1;36mdebug: [0msem_check_expr: type=13 line=245 col=45 node=0x55cab36cafd0
[1;36mdebug: [0msem_check_expr: type=28 line=120 col=29 node=0x55cab36cb8e0
[1;36mdebug: [0msem_check_expr: type=13 line=120 col=19 node=0x55cab36cb7d0
[1;36mdebug: [0msem_check_expr: type=13 line=246 col=45 node=0x55cab36cb860
[1;36mdebug: [0msem_check_expr: type=13 line=246 col=45 node=0x55cab36cb860
[1;36mdebug: [0msem_check_expr: type=28 line=175 col=29 node=0x55cab36cc170
[1;36mdebug: [0msem_check_expr: type=13 line=175 col=19 node=0x55cab36cc060
[1;36mdebug: [0msem_check_expr: type=13 line=248 col=44 node=0x55cab36cc0f0
[1;36mdebug: [0msem_check_expr: type=13 line=248 col=44 node=0x55cab36cc0f0
[1;36mdebug: [0msem_check_expr: type=28 line=176 col=30 node=0x55cab36cca00
[1;36mdebug: [0msem_check_expr: type=13 line=176 col=20 node=0x55cab36cc8f0
[1;36mdebug: [0msem_check_expr: type=13 line=249 col=46 node=0x55cab36cc980
[1;36mdebug: [0msem_check_expr: type=13 line=249 col=46 node=0x55cab36cc980
[1;36mdebug: [0msem_check_expr: type=28 line=177 col=31 node=0x55cab36cd290
[1;36mdebug: [0msem_check_expr: type=13 line=177 col=21 node=0x55cab36cd180
[1;36mdebug: [0msem_check_expr: type=13 line=250 col=48 node=0x55cab36cd210
[1;36mdebug: [0msem_check_expr: type=13 line=250 col=48 node=0x55cab36cd210
[1;36mdebug: [0msem_check_expr: type=28 line=122 col=28 node=0x55cab36cdb20
[1;36mdebug: [0msem_check_expr: type=13 line=122 col=18 node=0x55cab36cda10
[1;36mdebug: [0msem_check_expr: type=13 line=252 col=43 node=0x55cab36cdaa0
[1;36mdebug: [0msem_check_expr: type=13 line=252 col=43 node=0x55cab36cdaa0
[1;36mdebug: [0msem_check_expr: type=28 line=123 col=29 node=0x55cab36ce3b0
[1;36mdebug: [0msem_check_expr: type=13 line=123 col=19 node=0x55cab36ce2a0
[1;36mdebug: [0msem_check_expr: type=13 line=253 col=45 node=0x55cab36ce330
[1;36mdebug: [0msem_check_expr: type=13 line=253 col=45 node=0x55cab36ce330
[1;36mdebug: [0msem_check_expr: type=28 line=124 col=30 node=0x55cab36cec40
[1;36mdebug: [0msem_check_expr: type=13 line=124 col=20 node=0x55cab36ceb30
[1;36mdebug: [0msem_check_expr: type=13 line=254 col=47 node=0x55cab36cebc0
[1;36mdebug: [0msem_check_expr: type=13 line=254 col=47 node=0x55cab36cebc0
[1;36mdebug: [0msem_check_expr: type=28 line=178 col=29 node=0x55cab36cf4d0
[1;36mdebug: [0msem_check_expr: type=13 line=178 col=19 node=0x55cab36cf3c0
[1;36mdebug: [0msem_check_expr: type=13 line=256 col=44 node=0x55cab36cf450
[1;36mdebug: [0msem_check_expr: type=13 line=256 col=44 node=0x55cab36cf450
[1;36mdebug: [0msem_check_expr: type=28 line=179 col=31 node=0x55cab36cfd60
[1;36mdebug: [0msem_check_expr: type=13 line=179 col=21 node=0x55cab36cfc50
[1;36mdebug: [0msem_check_expr: type=13 line=257 col=48 node=0x55cab36cfce0
[1;36mdebug: [0msem_check_expr: type=13 line=257 col=48 node=0x55cab36cfce0
[1;36mdebug: [0msem_check_expr: type=28 line=180 col=30 node=0x55cab36d05f0
[1;36mdebug: [0msem_check_expr: type=13 line=180 col=20 node=0x55cab36d04e0
[1;36mdebug: [0msem_check_expr: type=13 line=258 col=46 node=0x55cab36d0570
[1;36mdebug: [0msem_check_expr: type=13 line=258 col=46 node=0x55cab36d0570
[1;36mdebug: [0msem_check_expr: type=28 line=181 col=31 node=0x55cab36d0e80
[1;36mdebug: [0msem_check_expr: type=13 line=181 col=21 node=0x55cab36d0d70
[1;36mdebug: [0msem_check_expr: type=13 line=259 col=48 node=0x55cab36d0e00
[1;36mdebug: [0msem_check_expr: type=13 line=259 col=48 node=0x55cab36d0e00
[1;36mdebug: [0msem_check_expr: type=28 line=125 col=28 node=0x55cab36d1710
[1;36mdebug: [0msem_check_expr: type=13 line=125 col=18 node=0x55cab36d1600
[1;36mdebug: [0msem_check_expr: type=13 line=261 col=43 node=0x55cab36d1690
[1;36mdebug: [0msem_check_expr: type=13 line=261 col=43 node=0x55cab36d1690
[1;36mdebug: [0msem_check_expr: type=28 line=126 col=30 node=0x55cab36d1fa0
[1;36mdebug: [0msem_check_expr: type=13 line=126 col=20 node=0x55cab36d1e90
[1;36mdebug: [0msem_check_expr: type=13 line=262 col=47 node=0x55cab36d1f20
[1;36mdebug: [0msem_check_expr: type=13 line=262 col=47 node=0x55cab36d1f20
[1;36mdebug: [0msem_check_expr: type=28 line=127 col=29 node=0x55cab36d2830
[1;36mdebug: [0msem_check_expr: type=13 line=127 col=19 node=0x55cab36d2720
[1;36mdebug: [0msem_check_expr: type=13 line=263 col=45 node=0x55cab36d27b0
[1;36mdebug: [0msem_check_expr: type=13 line=263 col=45 node=0x55cab36d27b0
[1;36mdebug: [0msem_check_expr: type=28 line=128 col=30 node=0x55cab36d30c0
[1;36mdebug: [0msem_check_expr: type=13 line=128 col=20 node=0x55cab36d2fb0
[1;36mdebug: [0msem_check_expr: type=13 line=264 col=47 node=0x55cab36d3040
[1;36mdebug: [0msem_check_expr: type=13 line=264 col=47 node=0x55cab36d3040
[1;36mdebug: [0msem_check_expr: type=28 line=183 col=29 node=0x55cab36d3a30
[1;36mdebug: [0msem_check_expr: type=13 line=183 col=19 node=0x55cab36d3898
[1;36mdebug: [0msem_check_expr: type=13 line=266 col=54 node=0x55cab36d3928
[1;36mdebug: [0msem_check_expr: type=13 line=266 col=57 node=0x55cab36d39b0
[1;36mdebug: [0msem_check_expr: type=13 line=266 col=54 node=0x55cab36d3928
[1;36mdebug: [0msem_check_expr: type=13 line=266 col=57 node=0x55cab36d39b0
[1;36mdebug: [0msem_check_expr: type=28 line=184 col=30 node=0x55cab36d42c0
[1;36mdebug: [0msem_check_expr: type=13 line=184 col=20 node=0x55cab36d41b0
[1;36mdebug: [0msem_check_expr: type=13 line=267 col=46 node=0x55cab36d4240
[1;36mdebug: [0msem_check_expr: type=13 line=267 col=46 node=0x55cab36d4240
[1;36mdebug: [0msem_check_expr: type=28 line=185 col=30 node=0x55cab36d4b50
[1;36mdebug: [0msem_check_expr: type=13 line=185 col=20 node=0x55cab36d4a40
[1;36mdebug: [0msem_check_expr: type=13 line=268 col=46 node=0x55cab36d4ad0
[1;36mdebug: [0msem_check_expr: type=13 line=268 col=46 node=0x55cab36d4ad0
[1;36mdebug: [0msem_check_expr: type=28 line=186 col=31 node=0x55cab36d54c0
[1;36mdebug: [0msem_check_expr: type=13 line=186 col=21 node=0x55cab36d5328
[1;36mdebug: [0msem_check_expr: type=13 line=269 col=58 node=0x55cab36d53b8
[1;36mdebug: [0msem_check_expr: type=13 line=269 col=61 node=0x55cab36d5440
[1;36mdebug: [0msem_check_expr: type=13 line=269 col=58 node=0x55cab36d53b8
[1;36mdebug: [0msem_check_expr: type=13 line=269 col=61 node=0x55cab36d5440
[1;36mdebug: [0msem_check_expr: type=28 line=130 col=28 node=0x55cab36d5e30
[1;36mdebug: [0msem_check_expr: type=13 line=130 col=18 node=0x55cab36d5c98
[1;36mdebug: [0msem_check_expr: type=13 line=271 col=53 node=0x55cab36d5d28
[1;36mdebug: [0msem_check_expr: type=13 line=271 col=56 node=0x55cab36d5db0
[1;36mdebug: [0msem_check_expr: type=13 line=271 col=53 node=0x55cab36d5d28
[1;36mdebug: [0msem_check_expr: type=13 line=271 col=56 node=0x55cab36d5db0
[1;36mdebug: [0msem_check_expr: type=28 line=131 col=29 node=0x55cab36d66c0
[1;36mdebug: [0msem_check_expr: type=13 line=131 col=19 node=0x55cab36d65b0
[1;36mdebug: [0msem_check_expr: type=13 line=272 col=45 node=0x55cab36d6640
[1;36mdebug: [0msem_check_expr: type=13 line=272 col=45 node=0x55cab36d6640
[1;36mdebug: [0msem_check_expr: type=28 line=132 col=29 node=0x55cab36d6f50
[1;36mdebug: [0msem_check_expr: type=13 line=132 col=19 node=0x55cab36d6e40
[1;36mdebug: [0msem_check_expr: type=13 line=273 col=45 node=0x55cab36d6ed0
[1;36mdebug: [0msem_check_expr: type=13 line=273 col=45 node=0x55cab36d6ed0
[1;36mdebug: [0msem_check_expr: type=28 line=133 col=30 node=0x55cab36d78c0
[1;36mdebug: [0msem_check_expr: type=13 line=133 col=20 node=0x55cab36d7728
[1;36mdebug: [0msem_check_expr: type=13 line=274 col=57 node=0x55cab36d77b8
[1;36mdebug: [0msem_check_expr: type=13 line=274 col=60 node=0x55cab36d7840
[1;36mdebug: [0msem_check_expr: type=13 line=274 col=57 node=0x55cab36d77b8
[1;36mdebug: [0msem_check_expr: type=13 line=274 col=60 node=0x55cab36d7840
[1;36mdebug: [0msem_check_expr: type=28 line=188 col=29 node=0x55cab36d8150
[1;36mdebug: [0msem_check_expr: type=13 line=188 col=19 node=0x55cab36d8040
[1;36mdebug: [0msem_check_expr: type=13 line=276 col=44 node=0x55cab36d80d0
[1;36mdebug: [0msem_check_expr: type=13 line=276 col=44 node=0x55cab36d80d0
[1;36mdebug: [0msem_check_expr: type=28 line=189 col=30 node=0x55cab36d89e0
[1;36mdebug: [0msem_check_expr: type=13 line=189 col=20 node=0x55cab36d88d0
[1;36mdebug: [0msem_check_expr: type=13 line=277 col=46 node=0x55cab36d8960
[1;36mdebug: [0msem_check_expr: type=13 line=277 col=46 node=0x55cab36d8960
[1;36mdebug: [0msem_check_expr: type=28 line=190 col=32 node=0x55cab36d9270
[1;36mdebug: [0msem_check_expr: type=13 line=190 col=22 node=0x55cab36d9160
[1;36mdebug: [0msem_check_expr: type=13 line=278 col=50 node=0x55cab36d91f0
[1;36mdebug: [0msem_check_expr: type=13 line=278 col=50 node=0x55cab36d91f0
[1;36mdebug: [0msem_check_expr: type=28 line=191 col=32 node=0x55cab36d9b00
[1;36mdebug: [0msem_check_expr: type=13 line=191 col=22 node=0x55cab36d99f0
[1;36mdebug: [0msem_check_expr: type=13 line=279 col=50 node=0x55cab36d9a80
[1;36mdebug: [0msem_check_expr: type=13 line=279 col=50 node=0x55cab36d9a80
[1;36mdebug: [0msem_check_expr: type=28 line=135 col=28 node=0x55cab36da390
[1;36mdebug: [0msem_check_expr: type=13 line=135 col=18 node=0x55cab36da280
[1;36mdebug: [0msem_check_expr: type=13 line=281 col=43 node=0x55cab36da310
[1;36mdebug: [0msem_check_expr: type=13 line=281 col=43 node=0x55cab36da310
[1;36mdebug: [0msem_check_expr: type=28 line=136 col=29 node=0x55cab36db070
[1;36mdebug: [0msem_check_expr: type=13 line=136 col=19 node=0x55cab36daf60
[1;36mdebug: [0msem_check_expr: type=13 line=282 col=45 node=0x55cab36daff0
[1;36mdebug: [0msem_check_expr: type=13 line=282 col=45 node=0x55cab36daff0
[1;36mdebug: [0msem_check_expr: type=28 line=137 col=31 node=0x55cab36db900
[1;36mdebug: [0msem_check_expr: type=13 line=137 col=21 node=0x55cab36db7f0
[1;36mdebug: [0msem_check_expr: type=13 line=283 col=49 node=0x55cab36db880
[1;36mdebug: [0msem_check_expr: type=13 line=283 col=49 node=0x55cab36db880
[1;36mdebug: [0msem_check_expr: type=28 line=138 col=31 node=0x55cab36dc190
[1;36mdebug: [0msem_check_expr: type=13 line=138 col=21 node=0x55cab36dc080
[1;36mdebug: [0msem_check_expr: type=13 line=284 col=49 node=0x55cab36dc110
[1;36mdebug: [0msem_check_expr: type=13 line=284 col=49 node=0x55cab36dc110
[1;36mdebug: [0msem_check_expr: type=28 line=193 col=30 node=0x55cab36dca20
[1;36mdebug: [0msem_check_expr: type=13 line=193 col=20 node=0x55cab36dc910
[1;36mdebug: [0msem_check_expr: type=13 line=286 col=46 node=0x55cab36dc9a0
[1;36mdebug: [0msem_check_expr: type=13 line=286 col=46 node=0x55cab36dc9a0
[1;36mdebug: [0msem_check_expr: type=28 line=194 col=31 node=0x55cab36dd2b0
[1;36mdebug: [0msem_check_expr: type=13 line=194 col=21 node=0x55cab36dd1a0
[1;36mdebug: [0msem_check_expr: type=13 line=287 col=48 node=0x55cab36dd230
[1;36mdebug: [0msem_check_expr: type=13 line=287 col=48 node=0x55cab36dd230
[1;36mdebug: [0msem_check_expr: type=28 line=195 col=31 node=0x55cab36ddb40
[1;36mdebug: [0msem_check_expr: type=13 line=195 col=21 node=0x55cab36dda30
[1;36mdebug: [0msem_check_expr: type=13 line=288 col=48 node=0x55cab36ddac0
[1;36mdebug: [0msem_check_expr: type=13 line=288 col=48 node=0x55cab36ddac0
[1;36mdebug: [0msem_check_expr: type=28 line=196 col=31 node=0x55cab36de3d0
[1;36mdebug: [0msem_check_expr: type=13 line=196 col=21 node=0x55cab36de2c0
[1;36mdebug: [0msem_check_expr: type=13 line=289 col=48 node=0x55cab36de350
[1;36mdebug: [0msem_check_expr: type=13 line=289 col=48 node=0x55cab36de350
[1;36mdebug: [0msem_check_expr: type=28 line=197 col=35 node=0x55cab36dec78
[1;36mdebug: [0msem_check_expr: type=13 line=197 col=25 node=0x55cab36deb60
[1;36mdebug: [0msem_check_expr: type=13 line=290 col=56 node=0x55cab36debf8
[1;36mdebug: [0msem_check_expr: type=13 line=290 col=56 node=0x55cab36debf8
[1;36mdebug: [0msem_check_expr: type=28 line=198 col=30 node=0x55cab36df508
[1;36mdebug: [0msem_check_expr: type=13 line=198 col=20 node=0x55cab36df3f8
[1;36mdebug: [0msem_check_expr: type=13 line=291 col=46 node=0x55cab36df488
[1;36mdebug: [0msem_check_expr: type=13 line=291 col=46 node=0x55cab36df488
[1;36mdebug: [0msem_check_expr: type=28 line=140 col=29 node=0x55cab36dfd98
[1;36mdebug: [0msem_check_expr: type=13 line=140 col=19 node=0x55cab36dfc88
[1;36mdebug: [0msem_check_expr: type=13 line=293 col=45 node=0x55cab36dfd18
[1;36mdebug: [0msem_check_expr: type=13 line=293 col=45 node=0x55cab36dfd18
[1;36mdebug: [0msem_check_expr: type=28 line=141 col=30 node=0x55cab36e0628
[1;36mdebug: [0msem_check_expr: type=13 line=141 col=20 node=0x55cab36e0518
[1;36mdebug: [0msem_check_expr: type=13 line=294 col=47 node=0x55cab36e05a8
[1;36mdebug: [0msem_check_expr: type=13 line=294 col=47 node=0x55cab36e05a8
[1;36mdebug: [0msem_check_expr: type=28 line=142 col=30 node=0x55cab36e0eb8
[1;36mdebug: [0msem_check_expr: type=13 line=142 col=20 node=0x55cab36e0da8
[1;36mdebug: [0msem_check_expr: type=13 line=295 col=47 node=0x55cab36e0e38
[1;36mdebug: [0msem_check_expr: type=13 line=295 col=47 node=0x55cab36e0e38
[1;36mdebug: [0msem_check_expr: type=28 line=143 col=30 node=0x55cab36e1748
[1;36mdebug: [0msem_check_expr: type=13 line=143 col=20 node=0x55cab36e1638
[1;36mdebug: [0msem_check_expr: type=13 line=296 col=47 node=0x55cab36e16c8
[1;36mdebug: [0msem_check_expr: type=13 line=296 col=47 node=0x55cab36e16c8
[1;36mdebug: [0msem_check_expr: type=28 line=144 col=34 node=0x55cab36e1ff0
[1;36mdebug: [0msem_check_expr: type=13 line=144 col=24 node=0x55cab36e1ed8
[1;36mdebug: [0msem_check_expr: type=13 line=297 col=55 node=0x55cab36e1f70
[1;36mdebug: [0msem_check_expr: type=13 line=297 col=55 node=0x55cab36e1f70
[1;36mdebug: [0msem_check_expr: type=28 line=145 col=29 node=0x55cab36e2880
[1;36mdebug: [0msem_check_expr: type=13 line=145 col=19 node=0x55cab36e2770
[1;36mdebug: [0msem_check_expr: type=13 line=298 col=45 node=0x55cab36e2800
[1;36mdebug: [0msem_check_expr: type=13 line=298 col=45 node=0x55cab36e2800
[1;36mdebug: [0msem_check_expr: type=28 line=200 col=30 node=0x55cab36e3110
[1;36mdebug: [0msem_check_expr: type=13 line=200 col=20 node=0x55cab36e3000
[1;36mdebug: [0msem_check_expr: type=13 line=300 col=45 node=0x55cab36e3090
[1;36mdebug: [0msem_check_expr: type=13 line=300 col=45 node=0x55cab36e3090
[1;36mdebug: [0msem_check_expr: type=28 line=147 col=29 node=0x55cab36e39a0
[1;36mdebug: [0msem_check_expr: type=13 line=147 col=19 node=0x55cab36e3890
[1;36mdebug: [0msem_check_expr: type=13 line=301 col=44 node=0x55cab36e3920
[1;36mdebug: [0msem_check_expr: type=13 line=301 col=44 node=0x55cab36e3920
[1;36mdebug: [0msem_check_expr: type=28 line=201 col=30 node=0x55cab36e4310
[1;36mdebug: [0msem_check_expr: type=13 line=201 col=20 node=0x55cab36e4178
[1;36mdebug: [0msem_check_expr: type=13 line=303 col=56 node=0x55cab36e4208
[1;36mdebug: [0msem_check_expr: type=13 line=303 col=59 node=0x55cab36e4290
[1;36mdebug: [0msem_check_expr: type=13 line=303 col=56 node=0x55cab36e4208
[1;36mdebug: [0msem_check_expr: type=13 line=303 col=59 node=0x55cab36e4290
[1;36mdebug: [0msem_check_expr: type=28 line=202 col=30 node=0x55cab36e4c80
[1;36mdebug: [0msem_check_expr: type=13 line=202 col=20 node=0x55cab36e4ae8
[1;36mdebug: [0msem_check_expr: type=13 line=304 col=56 node=0x55cab36e4b78
[1;36mdebug: [0msem_check_expr: type=13 line=304 col=59 node=0x55cab36e4c00
[1;36mdebug: [0msem_check_expr: type=13 line=304 col=56 node=0x55cab36e4b78
[1;36mdebug: [0msem_check_expr: type=13 line=304 col=59 node=0x55cab36e4c00
[1;36mdebug: [0msem_check_expr: type=28 line=203 col=30 node=0x55cab36e55f0
[1;36mdebug: [0msem_check_expr: type=13 line=203 col=20 node=0x55cab36e5458
[1;36mdebug: [0msem_check_expr: type=13 line=305 col=56 node=0x55cab36e54e8
[1;36mdebug: [0msem_check_expr: type=13 line=305 col=59 node=0x55cab36e5570
[1;36mdebug: [0msem_check_expr: type=13 line=305 col=56 node=0x55cab36e54e8
[1;36mdebug: [0msem_check_expr: type=13 line=305 col=59 node=0x55cab36e5570
[1;36mdebug: [0msem_check_expr: type=28 line=204 col=35 node=0x55cab36e5f78
[1;36mdebug: [0msem_check_expr: type=13 line=204 col=25 node=0x55cab36e5dd8
[1;36mdebug: [0msem_check_expr: type=13 line=306 col=66 node=0x55cab36e5e70
[1;36mdebug: [0msem_check_expr: type=13 line=306 col=69 node=0x55cab36e5ef8
[1;36mdebug: [0msem_check_expr: type=13 line=306 col=66 node=0x55cab36e5e70
[1;36mdebug: [0msem_check_expr: type=13 line=306 col=69 node=0x55cab36e5ef8
[1;36mdebug: [0msem_check_expr: type=28 line=148 col=29 node=0x55cab36e68e8
[1;36mdebug: [0msem_check_expr: type=13 line=148 col=19 node=0x55cab36e6750
[1;36mdebug: [0msem_check_expr: type=13 line=308 col=55 node=0x55cab36e67e0
[1;36mdebug: [0msem_check_expr: type=13 line=308 col=58 node=0x55cab36e6868
[1;36mdebug: [0msem_check_expr: type=13 line=308 col=55 node=0x55cab36e67e0
[1;36mdebug: [0msem_check_expr: type=13 line=308 col=58 node=0x55cab36e6868
[1;36mdebug: [0msem_check_expr: type=28 line=149 col=29 node=0x55cab36e7258
[1;36mdebug: [0msem_check_expr: type=13 line=149 col=19 node=0x55cab36e70c0
[1;36mdebug: [0msem_check_expr: type=13 line=309 col=55 node=0x55cab36e7150
[1;36mdebug: [0msem_check_expr: type=13 line=309 col=58 node=0x55cab36e71d8
[1;36mdebug: [0msem_check_expr: type=13 line=309 col=55 node=0x55cab36e7150
[1;36mdebug: [0msem_check_expr: type=13 line=309 col=58 node=0x55cab36e71d8
[1;36mdebug: [0msem_check_expr: type=28 line=150 col=29 node=0x55cab36e7bc8
[1;36mdebug: [0msem_check_expr: type=13 line=150 col=19 node=0x55cab36e7a30
[1;36mdebug: [0msem_check_expr: type=13 line=310 col=55 node=0x55cab36e7ac0
[1;36mdebug: [0msem_check_expr: type=13 line=310 col=58 node=0x55cab36e7b48
[1;36mdebug: [0msem_check_expr: type=13 line=310 col=55 node=0x55cab36e7ac0
[1;36mdebug: [0msem_check_expr: type=13 line=310 col=58 node=0x55cab36e7b48
[1;36mdebug: [0msem_check_expr: type=28 line=151 col=34 node=0x55cab36e8550
[1;36mdebug: [0msem_check_expr: type=13 line=151 col=24 node=0x55cab36e83b0
[1;36mdebug: [0msem_check_expr: type=13 line=311 col=65 node=0x55cab36e8448
[1;36mdebug: [0msem_check_expr: type=13 line=311 col=68 node=0x55cab36e84d0
[1;36mdebug: [0msem_check_expr: type=13 line=311 col=65 node=0x55cab36e8448
[1;36mdebug: [0msem_check_expr: type=13 line=311 col=68 node=0x55cab36e84d0
[1;36mdebug: [0msem_check_expr: type=28 line=210 col=35 node=0x55cab36e8ed8
[1;36mdebug: [0msem_check_expr: type=13 line=210 col=25 node=0x55cab36e8d38
[1;36mdebug: [0msem_check_expr: type=13 line=313 col=70 node=0x55cab36e8dd0
[1;36mdebug: [0msem_check_expr: type=13 line=313 col=76 node=0x55cab36e8e58
[1;36mdebug: [0msem_check_expr: type=13 line=313 col=70 node=0x55cab36e8dd0
[1;36mdebug: [0msem_check_expr: type=13 line=313 col=76 node=0x55cab36e8e58
[1;36mdebug: [0msem_check_expr: type=28 line=211 col=29 node=0x55cab36e9928
[1;36mdebug: [0msem_check_expr: type=13 line=211 col=19 node=0x55cab36e9708
[1;36mdebug: [0msem_check_expr: type=13 line=314 col=64 node=0x55cab36e9798
[1;36mdebug: [0msem_check_expr: type=13 line=314 col=67 node=0x55cab36e9820
[1;36mdebug: [0msem_check_expr: type=13 line=314 col=70 node=0x55cab36e98a8
[1;36mdebug: [0msem_check_expr: type=13 line=314 col=64 node=0x55cab36e9798
[1;36mdebug: [0msem_check_expr: type=13 line=314 col=67 node=0x55cab36e9820
[1;36mdebug: [0msem_check_expr: type=13 line=314 col=70 node=0x55cab36e98a8
[1;36mdebug: [0msem_check_expr: type=28 line=157 col=34 node=0x55cab36ea2b0
[1;36mdebug: [0msem_check_expr: type=13 line=157 col=24 node=0x55cab36ea110
[1;36mdebug: [0msem_check_expr: type=13 line=316 col=69 node=0x55cab36ea1a8
[1;36mdebug: [0msem_check_expr: type=13 line=316 col=75 node=0x55cab36ea230
[1;36mdebug: [0msem_check_expr: type=13 line=316 col=69 node=0x55cab36ea1a8
[1;36mdebug: [0msem_check_expr: type=13 line=316 col=75 node=0x55cab36ea230
[1;36mdebug: [0msem_check_expr: type=28 line=158 col=28 node=0x55cab36eb1a0
[1;36mdebug: [0msem_check_expr: type=13 line=158 col=18 node=0x55cab36eaf80
[1;36mdebug: [0msem_check_expr: type=13 line=317 col=63 node=0x55cab36eb010
[1;36mdebug: [0msem_check_expr: type=13 line=317 col=66 node=0x55cab36eb098
[1;36mdebug: [0msem_check_expr: type=13 line=317 col=69 node=0x55cab36eb120
[1;36mdebug: [0msem_check_expr: type=13 line=317 col=63 node=0x55cab36eb010
[1;36mdebug: [0msem_check_expr: type=13 line=317 col=66 node=0x55cab36eb098
[1;36mdebug: [0msem_check_expr: type=13 line=317 col=69 node=0x55cab36eb120
[1;36mdebug: [0msem_check_expr: type=28 line=160 col=30 node=0x55cab36eba30
[1;36mdebug: [0msem_check_expr: type=13 line=160 col=20 node=0x55cab36eb920
[1;36mdebug: [0msem_check_expr: type=13 line=319 col=44 node=0x55cab36eb9b0
[1;36mdebug: [0msem_check_expr: type=13 line=319 col=44 node=0x55cab36eb9b0
[1;36mdebug: [0msem_check_expr: type=28 line=213 col=31 node=0x55cab36ec2c0
[1;36mdebug: [0msem_check_expr: type=13 line=213 col=21 node=0x55cab36ec1b0
[1;36mdebug: [0msem_check_expr: type=13 line=320 col=45 node=0x55cab36ec240
[1;36mdebug: [0msem_check_expr: type=13 line=320 col=45 node=0x55cab36ec240
[1;36mdebug: [0msem_check_expr: type=28 line=214 col=32 node=0x55cab36ecc30
[1;36mdebug: [0msem_check_expr: type=13 line=214 col=22 node=0x55cab36eca98
[1;36mdebug: [0msem_check_expr: type=13 line=322 col=59 node=0x55cab36ecb28
[1;36mdebug: [0msem_check_expr: type=13 line=322 col=62 node=0x55cab36ecbb0
[1;36mdebug: [0msem_check_expr: type=13 line=322 col=59 node=0x55cab36ecb28
[1;36mdebug: [0msem_check_expr: type=13 line=322 col=62 node=0x55cab36ecbb0
[1;36mdebug: [0msem_check_expr: type=28 line=161 col=31 node=0x55cab36ed5a0
[1;36mdebug: [0msem_check_expr: type=13 line=161 col=21 node=0x55cab36ed408
[1;36mdebug: [0msem_check_expr: type=13 line=323 col=58 node=0x55cab36ed498
[1;36mdebug: [0msem_check_expr: type=13 line=323 col=61 node=0x55cab36ed520
[1;36mdebug: [0msem_check_expr: type=13 line=323 col=58 node=0x55cab36ed498
[1;36mdebug: [0msem_check_expr: type=13 line=323 col=61 node=0x55cab36ed520
[1;36mdebug: [0msem_check_expr: type=28 line=215 col=33 node=0x55cab36edf20
[1;36mdebug: [0msem_check_expr: type=13 line=215 col=23 node=0x55cab36edd80
[1;36mdebug: [0msem_check_expr: type=13 line=325 col=62 node=0x55cab36ede18
[1;36mdebug: [0msem_check_expr: type=13 line=325 col=65 node=0x55cab36edea0
[1;36mdebug: [0msem_check_expr: type=13 line=325 col=62 node=0x55cab36ede18
[1;36mdebug: [0msem_check_expr: type=13 line=325 col=65 node=0x55cab36edea0
[1;36mdebug: [0msem_check_expr: type=28 line=162 col=32 node=0x55cab36ee890
[1;36mdebug: [0msem_check_expr: type=13 line=162 col=22 node=0x55cab36ee6f8
[1;36mdebug: [0msem_check_expr: type=13 line=326 col=61 node=0x55cab36ee788
[1;36mdebug: [0msem_check_expr: type=13 line=326 col=64 node=0x55cab36ee810
[1;36mdebug: [0msem_check_expr: type=13 line=326 col=61 node=0x55cab36ee788
[1;36mdebug: [0msem_check_expr: type=13 line=326 col=64 node=0x55cab36ee810
[1;36mdebug: [0msem_check_expr: type=28 line=205 col=34 node=0x55cab36ef218
[1;36mdebug: [0msem_check_expr: type=13 line=205 col=24 node=0x55cab36ef078
[1;36mdebug: [0msem_check_expr: type=13 line=328 col=68 node=0x55cab36ef110
[1;36mdebug: [0msem_check_expr: type=13 line=328 col=73 node=0x55cab36ef198
[1;36mdebug: [0msem_check_expr: type=13 line=328 col=68 node=0x55cab36ef110
[1;36mdebug: [0msem_check_expr: type=13 line=328 col=73 node=0x55cab36ef198
[1;36mdebug: [0msem_check_expr: type=28 line=152 col=33 node=0x55cab36efba0
[1;36mdebug: [0msem_check_expr: type=13 line=152 col=23 node=0x55cab36efa00
[1;36mdebug: [0msem_check_expr: type=13 line=329 col=67 node=0x55cab36efa98
[1;36mdebug: [0msem_check_expr: type=13 line=329 col=72 node=0x55cab36efb20
[1;36mdebug: [0msem_check_expr: type=13 line=329 col=67 node=0x55cab36efa98
[1;36mdebug: [0msem_check_expr: type=13 line=329 col=72 node=0x55cab36efb20
342:3: [1;34minfo[0m: Shadowing variable 'exp' from outer scope
  [0;90m|[0m   int exp;
  [0;90m|[0m   [1m^[0m
[1;36mdebug: [0msem_check_expr: type=28 line=207 col=31 node=0x55cab36f0ed8
[1;36mdebug: [0msem_check_expr: type=13 line=207 col=21 node=0x55cab36f0cb8
[1;36mdebug: [0msem_check_expr: type=13 line=343 col=31 node=0x55cab36f0d48
[1;36mdebug: [0msem_check_expr: type=15 line=343 col=38 node=0x55cab36f0e50
[1;36mdebug: [0msem_check_expr: type=13 line=343 col=39 node=0x55cab36f0dd0
[1;36mdebug: [0msem_check_expr: type=13 line=343 col=31 node=0x55cab36f0d48
[1;36mdebug: [0msem_check_expr: type=15 line=343 col=38 node=0x55cab36f0e50
[1;36mdebug: [0msem_check_expr: type=13 line=343 col=39 node=0x55cab36f0dd0
[1;36mdebug: [0msem_check_expr: type=2 line=344 col=30 node=0x55cab36f1558
[1;36mdebug: [0msem_check_expr: type=47 line=344 col=22 node=0x55cab36f13c0
[1;36mdebug: [0mclone_var_type fallback: class_name=(null) array_size=0 array_depth=0
[1;36mdebug: [0msem_check_expr: type=13 line=344 col=31 node=0x55cab36f1450
[1;36mdebug: [0msem_check_expr: type=13 line=344 col=41 node=0x55cab36f14d8
348:3: [1;34minfo[0m: Shadowing variable 'exp' from outer scope
  [0;90m|[0m   int exp;
  [0;90m|[0m   [1m^[0m
[1;36mdebug: [0msem_check_expr: type=28 line=154 col=30 node=0x55cab36f1fe0
[1;36mdebug: [0msem_check_expr: type=13 line=154 col=20 node=0x55cab36f1dc0
[1;36mdebug: [0msem_check_expr: type=13 line=349 col=30 node=0x55cab36f1e50
[1;36mdebug: [0msem_check_expr: type=15 line=349 col=37 node=0x55cab36f1f58
[1;36mdebug: [0msem_check_expr: type=13 line=349 col=38 node=0x55cab36f1ed8
[1;36mdebug: [0msem_check_expr: type=13 line=349 col=30 node=0x55cab36f1e50
[1;36mdebug: [0msem_check_expr: type=15 line=349 col=37 node=0x55cab36f1f58
[1;36mdebug: [0msem_check_expr: type=13 line=349 col=38 node=0x55cab36f1ed8
[1;36mdebug: [0msem_check_expr: type=2 line=350 col=30 node=0x55cab36f2660
[1;36mdebug: [0msem_check_expr: type=47 line=350 col=22 node=0x55cab36f24c8
[1;36mdebug: [0mclone_var_type fallback: class_name=(null) array_size=0 array_depth=0
[1;36mdebug: [0msem_check_expr: type=13 line=350 col=31 node=0x55cab36f2558
[1;36mdebug: [0msem_check_expr: type=13 line=350 col=41 node=0x55cab36f25e0
[1;36mdebug: [0msem_check_expr: type=28 line=208 col=30 node=0x55cab36f30e8
[1;36mdebug: [0msem_check_expr: type=13 line=208 col=20 node=0x55cab36f2ec8
[1;36mdebug: [0msem_check_expr: type=13 line=355 col=26 node=0x55cab36f2f58
[1;36mdebug: [0msem_check_expr: type=15 line=355 col=33 node=0x55cab36f3060
[1;36mdebug: [0msem_check_expr: type=13 line=355 col=34 node=0x55cab36f2fe0
[1;36mdebug: [0msem_check_expr: type=13 line=355 col=26 node=0x55cab36f2f58
[1;36mdebug: [0msem_check_expr: type=15 line=355 col=33 node=0x55cab36f3060
[1;36mdebug: [0msem_check_expr: type=13 line=355 col=34 node=0x55cab36f2fe0
[1;36mdebug: [0msem_check_expr: type=2 line=356 col=29 node=0x55cab36f3760
[1;36mdebug: [0msem_check_expr: type=47 line=356 col=21 node=0x55cab36f35d0
[1;36mdebug: [0msem_check_expr: type=13 line=356 col=30 node=0x55cab36f3658
[1;36mdebug: [0msem_check_expr: type=13 line=356 col=36 node=0x55cab36f36e0
[1;36mdebug: [0msem_check_expr: type=28 line=155 col=29 node=0x55cab36f41e8
[1;36mdebug: [0msem_check_expr: type=13 line=155 col=19 node=0x55cab36f3fc8
[1;36mdebug: [0msem_check_expr: type=13 line=361 col=25 node=0x55cab36f4058
[1;36mdebug: [0msem_check_expr: type=15 line=361 col=32 node=0x55cab36f4160
[1;36mdebug: [0msem_check_expr: type=13 line=361 col=33 node=0x55cab36f40e0
[1;36mdebug: [0msem_check_expr: type=13 line=361 col=25 node=0x55cab36f4058
[1;36mdebug: [0msem_check_expr: type=15 line=361 col=32 node=0x55cab36f4160
[1;36mdebug: [0msem_check_expr: type=13 line=361 col=33 node=0x55cab36f40e0
[1;36mdebug: [0msem_check_expr: type=2 line=362 col=29 node=0x55cab36f4860
[1;36mdebug: [0msem_check_expr: type=47 line=362 col=21 node=0x55cab36f46d0
[1;36mdebug: [0msem_check_expr: type=13 line=362 col=30 node=0x55cab36f4758
[1;36mdebug: [0msem_check_expr: type=13 line=362 col=36 node=0x55cab36f47e0
Semantic analysis failed with 7 errors.
[33mWarning:[0m Implicitly resolved 'frexp_result_single' to 'math.frexp_result_single'
[33mWarning:[0m Implicitly resolved 'frexp_result_double' to 'math.frexp_result_double'
[33mWarning:[0m Implicitly resolved 'modf_result_single' to 'math.modf_result_single'
[33mWarning:[0m Implicitly resolved 'modf_result_double' to 'math.modf_result_double'
