[1;36mstep: [0mFinished lexing. Start parsing.
[1;36mdebug: [0mdiag_set_namespace: ns='clib', current='main', ptr_match=0
[1;36mdebug: [0mdiag_set_namespace: after set, current='clib'
[1;36mdebug: [0mdiag_set_namespace: ns='main', current='clib', ptr_match=0
[1;36mdebug: [0mdiag_set_namespace: after set, current='main'
[1;36mdebug: [0mdiag_set_namespace: ns='clib', current='main', ptr_match=0
[1;36mdebug: [0mdiag_set_namespace: after set, current='clib'
[1;36mdebug: [0mdiag_set_namespace: ns='main', current='clib', ptr_match=0
[1;36mdebug: [0mdiag_set_namespace: after set, current='main'
[1;36mdebug: [0mdiag_set_namespace: ns='clib', current='main', ptr_match=0
[1;36mdebug: [0mdiag_set_namespace: after set, current='clib'
[1;36mdebug: [0msemantic: sem_check_block: ns='clib'
[1;36mdebug: [0msemantic: sem_check_block: ns='clib'
[1;36mdebug: [0mdiag_set_namespace: ns='main', current='clib', ptr_match=0
[1;36mdebug: [0mdiag_set_namespace: after set, current='main'
[1;36mdebug: [0msemantic: sem_check_block: ns='main'
[1;36mdebug: [0msemantic: sem_check_expr: type=16 line=4 col=11 node=0x55e3443ad310
[1;36mdebug: [0msemantic: sem_check_expr: type=14 line=5 col=11 node=0x55e3443ad590
[1;36mdebug: [0msemantic: sem_check_expr: type=13 line=5 col=9 node=0x55e3443ad470
[1;36mdebug: [0msemantic: sem_check_expr: type=16 line=5 col=13 node=0x55e3443ad4f0
[1;36mdebug: [0msemantic: sem_check_block: ns='main'
[1;36mdebug: [0msemantic: sem_check_expr: type=27 line=6 col=17 node=0x55e3443ad850
[1;36mdebug: [0msemantic: sem_check_expr: type=13 line=6 col=5 node=0x55e3443ad638
[1;36mdebug: [0msemantic: sem_check_expr: type=16 line=6 col=17 node=0x55e3443ad730
[1;36mdebug: [0msemantic: sem_check_expr: type=13 line=6 col=25 node=0x55e3443ad7d0
[1;36mdebug: [0msemantic: sem_check_expr: type=16 line=6 col=17 node=0x55e3443ad730
[1;36mdebug: [0msemantic: sem_check_expr: type=19 line=7 col=6 node=0x55e3443ad968
[1;36mdebug: [0msemantic: sem_check_expr: type=13 line=7 col=5 node=0x55e3443ad8e8
[1;36mdebug: [0msemantic: sem_check_expr: type=16 line=10 col=11 node=0x55e3443ada78
[1;36mdebug: [0msemantic: sem_check_expr: type=14 line=11 col=11 node=0x55e3443adcf8
[1;36mdebug: [0msemantic: sem_check_expr: type=13 line=11 col=9 node=0x55e3443adbd8
[1;36mdebug: [0msemantic: sem_check_expr: type=16 line=11 col=14 node=0x55e3443adc58
[1;36mdebug: [0msemantic: sem_check_block: ns='main'
[1;36mdebug: [0msemantic: sem_check_expr: type=19 line=12 col=6 node=0x55e3443ade20
[1;36mdebug: [0msemantic: sem_check_expr: type=13 line=12 col=5 node=0x55e3443adda0
[1;36mdebug: [0msemantic: sem_check_expr: type=27 line=13 col=17 node=0x55e3443ae148
[1;36mdebug: [0msemantic: sem_check_expr: type=13 line=13 col=5 node=0x55e3443adeb0
[1;36mdebug: [0msemantic: sem_check_expr: type=16 line=13 col=17 node=0x55e3443adfa8
[1;36mdebug: [0msemantic: sem_check_expr: type=13 line=13 col=29 node=0x55e3443ae048
[1;36mdebug: [0msemantic: sem_check_expr: type=13 line=13 col=32 node=0x55e3443ae0c8
[1;36mdebug: [0msemantic: sem_check_expr: type=16 line=13 col=17 node=0x55e3443adfa8
[1;36mdebug: [0msemantic: sem_check_expr: type=14 line=14 col=10 node=0x55e3443ae300
[1;36mdebug: [0msemantic: sem_check_expr: type=13 line=14 col=8 node=0x55e3443ae1e0
[1;36mdebug: [0msemantic: sem_check_expr: type=16 line=14 col=12 node=0x55e3443ae260
[1;36mdebug: [0msemantic: sem_check_block: ns='main'
[1;36mstep: [0mFinished Semantic Analysis. Start macro-linking.
[1;36mstep: [0mFinished macro linking. Start generating Alkyl Intermediate Representation (alir).
[1;36mdebug: [0malir: DEBUG_PASS1_END: struct list:
[1;36mdebug: [0malir: Found namespace clib
[1;36mdebug: [0malir: Found func_def printf
[1;36mdebug: [0malir: alir_gen_function_def fn->name=printf class_name=NULL fn->mangled_name=printf -> func_name=printf
[1;36mdebug: [0malir: alir_add_function: printf
[1;36mdebug: [0malir: Found func_def main
[1;36mdebug: [0malir: alir_gen_function_def fn->name=main class_name=NULL fn->mangled_name=main -> func_name=main
[1;36mdebug: [0malir: alir_add_function: main
[1;36mdebug: [0malir: func=main op=0 dest_kind=5 dest_type_base=1 op1_kind=0 op1_type_base=0
[1;36mdebug: [0malir: func=main op=2 dest_kind=0 dest_type_base=0 op1_kind=7 op1_type_base=1
[1;36mdebug: [0malir: func=main op=29 dest_kind=0 dest_type_base=0 op1_kind=6 op1_type_base=0
[1;36mdebug: [0malir: func=main op=3 dest_kind=5 dest_type_base=1 op1_kind=5 op1_type_base=1
[1;36mdebug: [0malir: func=main op=23 dest_kind=5 dest_type_base=10 op1_kind=5 op1_type_base=1
[1;36mdebug: [0malir: func=main op=30 dest_kind=0 dest_type_base=0 op1_kind=5 op1_type_base=10
[1;36mdebug: [0malir: func=main op=0 dest_kind=5 dest_type_base=18 op1_kind=0 op1_type_base=0
[1;36mdebug: [0malir: func=main op=2 dest_kind=0 dest_type_base=0 op1_kind=7 op1_type_base=1
[1;36mdebug: [0malir: func=main op=3 dest_kind=5 dest_type_base=1 op1_kind=5 op1_type_base=1
[1;36mdebug: [0malir: func=main op=31 dest_kind=5 dest_type_base=1 op1_kind=4 op1_type_base=0
[1;36mdebug: [0malir: func=main op=3 dest_kind=5 dest_type_base=1 op1_kind=5 op1_type_base=1
[1;36mdebug: [0malir: func=main op=6 dest_kind=5 dest_type_base=1 op1_kind=5 op1_type_base=1
[1;36mdebug: [0malir: func=main op=2 dest_kind=0 dest_type_base=0 op1_kind=5 op1_type_base=1
[1;36mdebug: [0malir: func=main op=29 dest_kind=0 dest_type_base=0 op1_kind=6 op1_type_base=0
[1;36mdebug: [0malir: func=main op=0 dest_kind=5 dest_type_base=1 op1_kind=0 op1_type_base=0
[1;36mdebug: [0malir: func=main op=2 dest_kind=0 dest_type_base=0 op1_kind=7 op1_type_base=1
[1;36mdebug: [0malir: func=main op=29 dest_kind=0 dest_type_base=0 op1_kind=6 op1_type_base=0
[1;36mdebug: [0malir: func=main op=3 dest_kind=5 dest_type_base=1 op1_kind=5 op1_type_base=1
[1;36mdebug: [0malir: func=main op=27 dest_kind=5 dest_type_base=10 op1_kind=5 op1_type_base=1
[1;36mdebug: [0malir: func=main op=30 dest_kind=0 dest_type_base=0 op1_kind=5 op1_type_base=10
[1;36mdebug: [0malir: func=main op=3 dest_kind=5 dest_type_base=1 op1_kind=5 op1_type_base=1
[1;36mdebug: [0malir: func=main op=6 dest_kind=5 dest_type_base=1 op1_kind=5 op1_type_base=1
[1;36mdebug: [0malir: func=main op=2 dest_kind=0 dest_type_base=0 op1_kind=5 op1_type_base=1
[1;36mdebug: [0malir: func=main op=0 dest_kind=5 dest_type_base=18 op1_kind=0 op1_type_base=0
[1;36mdebug: [0malir: func=main op=2 dest_kind=0 dest_type_base=0 op1_kind=7 op1_type_base=1
[1;36mdebug: [0malir: func=main op=3 dest_kind=5 dest_type_base=1 op1_kind=5 op1_type_base=1
[1;36mdebug: [0malir: func=main op=3 dest_kind=5 dest_type_base=1 op1_kind=5 op1_type_base=1
[1;36mdebug: [0malir: func=main op=31 dest_kind=5 dest_type_base=1 op1_kind=4 op1_type_base=0
[1;36mdebug: [0malir: func=main op=3 dest_kind=5 dest_type_base=1 op1_kind=5 op1_type_base=1
[1;36mdebug: [0malir: func=main op=24 dest_kind=5 dest_type_base=10 op1_kind=5 op1_type_base=1
[1;36mdebug: [0malir: func=main op=30 dest_kind=0 dest_type_base=0 op1_kind=5 op1_type_base=10
[1;36mdebug: [0malir: func=main op=29 dest_kind=0 dest_type_base=0 op1_kind=6 op1_type_base=0
[1;36mdebug: [0malir: func=main op=29 dest_kind=0 dest_type_base=0 op1_kind=6 op1_type_base=0
[1;36mdebug: [0malir: func=main op=32 dest_kind=0 dest_type_base=0 op1_kind=7 op1_type_base=1
[1;36mstep: [0mFinished alir. Start alir check and analysis.
[1;36mstep: [0mFinished alir check and analysis. Start alir optimization.
[1;36mstep: [0mFinished alir optimization. Start code generation using LLVM codegen
