[1;36mstep: [0mFinished lexing. Start parsing.
[1;36mdebug: [0mafter parse_type, vt.base=16, token.type=23
[1;36mdebug: [0mafter parse_type, vt.base=0, token.type=23
[1;36mdebug: [0mafter parse_type, vt.base=16, token.type=23
[1;36mdebug: [0mparse_postfix: before parse_call, node->type=47
[1;36mdebug: [0mCreated Call name=(null) target_type=47 line=0 col=0 node=0x5598e4d05688 target=0x5598e4d054c8
[1;36mdebug: [0mparse_postfix: before parse_call, node->type=13
[1;36mdebug: [0mCreated Call name=print target_type=13 line=0 col=0 node=0x5598e4d05980 target=0x5598e4d057d8
[1;36mdebug: [0mparse_postfix: before parse_call, node->type=47
[1;36mdebug: [0mCreated Call name=(null) target_type=47 line=0 col=0 node=0x5598e4d05f50 target=0x5598e4d05d90
[1;36mdebug: [0mparse_postfix: before parse_call, node->type=13
[1;36mdebug: [0mCreated Call name=print target_type=13 line=0 col=0 node=0x5598e4d06528 target=0x5598e4d06388
[1;36mdebug: [0mparse_postfix: before parse_call, node->type=13
[1;36mdebug: [0mCreated Call name=print_int_array target_type=13 line=0 col=0 node=0x5598e4d2c2e0 target=0x5598e4d2bf68
[1;36mdebug: [0mparse_postfix: before parse_call, node->type=13
[1;36mdebug: [0mCreated Call name=print_uint_array target_type=13 line=0 col=0 node=0x5598e4d2c968 target=0x5598e4d2c5f0
[1;36mdebug: [0mparse_postfix: before parse_call, node->type=13
[1;36mdebug: [0mCreated Call name=print_long_array target_type=13 line=0 col=0 node=0x5598e4d2cff0 target=0x5598e4d2cc78
[1;36mdebug: [0mparse_postfix: before parse_call, node->type=13
[1;36mdebug: [0mCreated Call name=print_ulong_array target_type=13 line=0 col=0 node=0x5598e4d2d678 target=0x5598e4d2d300
[1;36mdebug: [0mparse_postfix: before parse_call, node->type=13
[1;36mdebug: [0mCreated Call name=print_single_array target_type=13 line=0 col=0 node=0x5598e4d2dd00 target=0x5598e4d2d988
[1;36mdebug: [0mparse_postfix: before parse_call, node->type=13
[1;36mdebug: [0mCreated Call name=print_double_array target_type=13 line=0 col=0 node=0x5598e4d2e388 target=0x5598e4d2e010
[1;36mdebug: [0msem_check_expr: type=28 line=11 col=26 node=0x5598e4d17fe8
[1;36mdebug: [0msem_check_expr: type=13 line=11 col=19 node=0x5598e4d17ec0
[1;36mdebug: [0msem_check_expr: type=16 line=14 col=13 node=0x5598e4d17f48
[1;36mdebug: [0msem_check_expr: type=16 line=14 col=13 node=0x5598e4d17f48
[1;36mdebug: [0msem_check_expr: type=16 line=15 col=23 node=0x5598e4d18080
[1;36mdebug: [0msem_check_expr: type=14 line=16 col=14 node=0x5598e4d182f0
[1;36mdebug: [0msem_check_expr: type=13 line=16 col=12 node=0x5598e4d181e8
[1;36mdebug: [0msem_check_expr: type=13 line=16 col=16 node=0x5598e4d18270
[1;36mdebug: [0msem_check_expr: type=28 line=10 col=35 node=0x5598e4d18b68
[1;36mdebug: [0msem_check_expr: type=13 line=10 col=28 node=0x5598e4d188b0
[1;36mdebug: [0msem_check_expr: type=16 line=17 col=26 node=0x5598e4d18938
[1;36mdebug: [0msem_check_expr: type=18 line=17 col=35 node=0x5598e4d18af0
[1;36mdebug: [0msem_check_index_access type base: 0, array_size: 0
[1;36mdebug: [0msem_check_expr: type=13 line=17 col=32 node=0x5598e4d189e8
[1;36mdebug: [0msem_check_expr: type=13 line=17 col=36 node=0x5598e4d18a70
[1;36mdebug: [0msem_check_expr: type=16 line=17 col=26 node=0x5598e4d18938
[1;36mdebug: [0msem_check_expr: type=14 line=18 col=15 node=0x5598e4d18e58
[1;36mdebug: [0msem_check_expr: type=13 line=18 col=13 node=0x5598e4d18c08
[1;36mdebug: [0msem_check_expr: type=14 line=18 col=22 node=0x5598e4d18db0
[1;36mdebug: [0msem_check_expr: type=13 line=18 col=17 node=0x5598e4d18c90
[1;36mdebug: [0msem_check_expr: type=16 line=18 col=24 node=0x5598e4d18d10
[1;36mdebug: [0msem_check_expr: type=28 line=10 col=35 node=0x5598e4d195f0
[1;36mdebug: [0msem_check_expr: type=13 line=10 col=28 node=0x5598e4d19418
[1;36mdebug: [0msem_check_expr: type=16 line=18 col=46 node=0x5598e4d194a0
[1;36mdebug: [0msem_check_expr: type=16 line=18 col=52 node=0x5598e4d19548
[1;36mdebug: [0msem_check_expr: type=16 line=18 col=46 node=0x5598e4d194a0
[1;36mdebug: [0msem_check_expr: type=16 line=19 col=14 node=0x5598e4d19790
[1;36mdebug: [0msem_check_expr: type=28 line=11 col=26 node=0x5598e4d19f88
[1;36mdebug: [0msem_check_expr: type=13 line=11 col=19 node=0x5598e4d19e60
[1;36mdebug: [0msem_check_expr: type=16 line=21 col=13 node=0x5598e4d19ee8
[1;36mdebug: [0msem_check_expr: type=16 line=21 col=13 node=0x5598e4d19ee8
[1;36mdebug: [0msem_check_expr: type=28 line=11 col=26 node=0x5598e4d1a818
[1;36mdebug: [0msem_check_expr: type=13 line=11 col=19 node=0x5598e4d1a6f0
[1;36mdebug: [0msem_check_expr: type=16 line=25 col=13 node=0x5598e4d1a778
[1;36mdebug: [0msem_check_expr: type=16 line=25 col=13 node=0x5598e4d1a778
[1;36mdebug: [0msem_check_expr: type=16 line=26 col=23 node=0x5598e4d1a8b0
[1;36mdebug: [0msem_check_expr: type=14 line=27 col=14 node=0x5598e4d1ab20
[1;36mdebug: [0msem_check_expr: type=13 line=27 col=12 node=0x5598e4d1aa18
[1;36mdebug: [0msem_check_expr: type=13 line=27 col=16 node=0x5598e4d1aaa0
[1;36mdebug: [0msem_check_expr: type=28 line=10 col=35 node=0x5598e4d1b398
[1;36mdebug: [0msem_check_expr: type=13 line=10 col=28 node=0x5598e4d1b0e0
[1;36mdebug: [0msem_check_expr: type=16 line=28 col=26 node=0x5598e4d1b168
[1;36mdebug: [0msem_check_expr: type=18 line=28 col=35 node=0x5598e4d1b320
[1;36mdebug: [0msem_check_index_access type base: 0, array_size: 0
[1;36mdebug: [0msem_check_expr: type=13 line=28 col=32 node=0x5598e4d1b218
[1;36mdebug: [0msem_check_expr: type=13 line=28 col=36 node=0x5598e4d1b2a0
[1;36mdebug: [0msem_check_expr: type=16 line=28 col=26 node=0x5598e4d1b168
[1;36mdebug: [0msem_check_expr: type=14 line=29 col=15 node=0x5598e4d1b688
[1;36mdebug: [0msem_check_expr: type=13 line=29 col=13 node=0x5598e4d1b438
[1;36mdebug: [0msem_check_expr: type=14 line=29 col=22 node=0x5598e4d1b5e0
[1;36mdebug: [0msem_check_expr: type=13 line=29 col=17 node=0x5598e4d1b4c0
[1;36mdebug: [0msem_check_expr: type=16 line=29 col=24 node=0x5598e4d1b540
[1;36mdebug: [0msem_check_expr: type=28 line=10 col=35 node=0x5598e4d1be20
[1;36mdebug: [0msem_check_expr: type=13 line=10 col=28 node=0x5598e4d1bc48
[1;36mdebug: [0msem_check_expr: type=16 line=29 col=46 node=0x5598e4d1bcd0
[1;36mdebug: [0msem_check_expr: type=16 line=29 col=52 node=0x5598e4d1bd78
[1;36mdebug: [0msem_check_expr: type=16 line=29 col=46 node=0x5598e4d1bcd0
[1;36mdebug: [0msem_check_expr: type=16 line=30 col=14 node=0x5598e4d1bfc0
[1;36mdebug: [0msem_check_expr: type=28 line=11 col=26 node=0x5598e4d1c7b8
[1;36mdebug: [0msem_check_expr: type=13 line=11 col=19 node=0x5598e4d1c690
[1;36mdebug: [0msem_check_expr: type=16 line=32 col=13 node=0x5598e4d1c718
[1;36mdebug: [0msem_check_expr: type=16 line=32 col=13 node=0x5598e4d1c718
[1;36mdebug: [0msem_check_expr: type=28 line=11 col=26 node=0x5598e4d1d048
[1;36mdebug: [0msem_check_expr: type=13 line=11 col=19 node=0x5598e4d1cf20
[1;36mdebug: [0msem_check_expr: type=16 line=36 col=13 node=0x5598e4d1cfa8
[1;36mdebug: [0msem_check_expr: type=16 line=36 col=13 node=0x5598e4d1cfa8
[1;36mdebug: [0msem_check_expr: type=16 line=37 col=23 node=0x5598e4d1d0e0
[1;36mdebug: [0msem_check_expr: type=14 line=38 col=14 node=0x5598e4d1d350
[1;36mdebug: [0msem_check_expr: type=13 line=38 col=12 node=0x5598e4d1d248
[1;36mdebug: [0msem_check_expr: type=13 line=38 col=16 node=0x5598e4d1d2d0
[1;36mdebug: [0msem_check_expr: type=28 line=10 col=35 node=0x5598e4d1dc70
[1;36mdebug: [0msem_check_expr: type=13 line=10 col=28 node=0x5598e4d1d910
[1;36mdebug: [0msem_check_expr: type=16 line=39 col=26 node=0x5598e4d1d998
[1;36mdebug: [0msem_check_expr: type=18 line=39 col=47 node=0x5598e4d1dbf8
[1;36mdebug: [0msem_check_index_access type base: 0, array_size: 0
[1;36mdebug: [0msem_check_expr: type=32 line=39 col=38 node=0x5598e4d1dac8
[1;36mdebug: [0msem_check_expr: type=13 line=39 col=34 node=0x5598e4d1da48
[1;36mdebug: [0msem_check_expr: type=13 line=39 col=48 node=0x5598e4d1db78
[1;36mdebug: [0msem_check_expr: type=16 line=39 col=26 node=0x5598e4d1d998
[1;36mdebug: [0msem_check_expr: type=14 line=40 col=15 node=0x5598e4d1df60
[1;36mdebug: [0msem_check_expr: type=13 line=40 col=13 node=0x5598e4d1dd10
[1;36mdebug: [0msem_check_expr: type=14 line=40 col=22 node=0x5598e4d1deb8
[1;36mdebug: [0msem_check_expr: type=13 line=40 col=17 node=0x5598e4d1dd98
[1;36mdebug: [0msem_check_expr: type=16 line=40 col=24 node=0x5598e4d1de18
[1;36mdebug: [0msem_check_expr: type=28 line=10 col=35 node=0x5598e4d1e6f8
[1;36mdebug: [0msem_check_expr: type=13 line=10 col=28 node=0x5598e4d1e520
[1;36mdebug: [0msem_check_expr: type=16 line=40 col=46 node=0x5598e4d1e5a8
[1;36mdebug: [0msem_check_expr: type=16 line=40 col=52 node=0x5598e4d1e650
[1;36mdebug: [0msem_check_expr: type=16 line=40 col=46 node=0x5598e4d1e5a8
[1;36mdebug: [0msem_check_expr: type=16 line=41 col=14 node=0x5598e4d1e898
[1;36mdebug: [0msem_check_expr: type=28 line=11 col=26 node=0x5598e4d1f090
[1;36mdebug: [0msem_check_expr: type=13 line=11 col=19 node=0x5598e4d1ef68
[1;36mdebug: [0msem_check_expr: type=16 line=43 col=13 node=0x5598e4d1eff0
[1;36mdebug: [0msem_check_expr: type=16 line=43 col=13 node=0x5598e4d1eff0
[1;36mdebug: [0msem_check_expr: type=28 line=11 col=26 node=0x5598e4d1f920
[1;36mdebug: [0msem_check_expr: type=13 line=11 col=19 node=0x5598e4d1f7f8
[1;36mdebug: [0msem_check_expr: type=16 line=47 col=13 node=0x5598e4d1f880
[1;36mdebug: [0msem_check_expr: type=16 line=47 col=13 node=0x5598e4d1f880
[1;36mdebug: [0msem_check_expr: type=16 line=48 col=23 node=0x5598e4d1f9b8
[1;36mdebug: [0msem_check_expr: type=14 line=49 col=14 node=0x5598e4d1fc28
[1;36mdebug: [0msem_check_expr: type=13 line=49 col=12 node=0x5598e4d1fb20
[1;36mdebug: [0msem_check_expr: type=13 line=49 col=16 node=0x5598e4d1fba8
[1;36mdebug: [0msem_check_expr: type=28 line=10 col=35 node=0x5598e4d20548
[1;36mdebug: [0msem_check_expr: type=13 line=10 col=28 node=0x5598e4d201e8
[1;36mdebug: [0msem_check_expr: type=16 line=50 col=26 node=0x5598e4d20270
[1;36mdebug: [0msem_check_expr: type=18 line=50 col=56 node=0x5598e4d204d0
[1;36mdebug: [0msem_check_index_access type base: 0, array_size: 0
[1;36mdebug: [0msem_check_expr: type=32 line=50 col=38 node=0x5598e4d203a0
[1;36mdebug: [0msem_check_expr: type=13 line=50 col=34 node=0x5598e4d20320
[1;36mdebug: [0msem_check_expr: type=13 line=50 col=57 node=0x5598e4d20450
[1;36mdebug: [0msem_check_expr: type=16 line=50 col=26 node=0x5598e4d20270
[1;36mdebug: [0msem_check_expr: type=14 line=51 col=15 node=0x5598e4d20838
[1;36mdebug: [0msem_check_expr: type=13 line=51 col=13 node=0x5598e4d205e8
[1;36mdebug: [0msem_check_expr: type=14 line=51 col=22 node=0x5598e4d20790
[1;36mdebug: [0msem_check_expr: type=13 line=51 col=17 node=0x5598e4d20670
[1;36mdebug: [0msem_check_expr: type=16 line=51 col=24 node=0x5598e4d206f0
[1;36mdebug: [0msem_check_expr: type=28 line=10 col=35 node=0x5598e4d20fd0
[1;36mdebug: [0msem_check_expr: type=13 line=10 col=28 node=0x5598e4d20df8
[1;36mdebug: [0msem_check_expr: type=16 line=51 col=46 node=0x5598e4d20e80
[1;36mdebug: [0msem_check_expr: type=16 line=51 col=52 node=0x5598e4d20f28
[1;36mdebug: [0msem_check_expr: type=16 line=51 col=46 node=0x5598e4d20e80
[1;36mdebug: [0msem_check_expr: type=16 line=52 col=14 node=0x5598e4d21170
[1;36mdebug: [0msem_check_expr: type=28 line=11 col=26 node=0x5598e4d21968
[1;36mdebug: [0msem_check_expr: type=13 line=11 col=19 node=0x5598e4d21840
[1;36mdebug: [0msem_check_expr: type=16 line=54 col=13 node=0x5598e4d218c8
[1;36mdebug: [0msem_check_expr: type=16 line=54 col=13 node=0x5598e4d218c8
[1;36mdebug: [0msem_check_expr: type=28 line=11 col=26 node=0x5598e4d221f8
[1;36mdebug: [0msem_check_expr: type=13 line=11 col=19 node=0x5598e4d220d0
[1;36mdebug: [0msem_check_expr: type=16 line=58 col=13 node=0x5598e4d22158
[1;36mdebug: [0msem_check_expr: type=16 line=58 col=13 node=0x5598e4d22158
[1;36mdebug: [0msem_check_expr: type=16 line=59 col=23 node=0x5598e4d22290
[1;36mdebug: [0msem_check_expr: type=14 line=60 col=14 node=0x5598e4d22500
[1;36mdebug: [0msem_check_expr: type=13 line=60 col=12 node=0x5598e4d223f8
[1;36mdebug: [0msem_check_expr: type=13 line=60 col=16 node=0x5598e4d22480
[1;36mdebug: [0msem_check_expr: type=28 line=10 col=35 node=0x5598e4d22e20
[1;36mdebug: [0msem_check_expr: type=13 line=10 col=28 node=0x5598e4d22ac0
[1;36mdebug: [0msem_check_expr: type=16 line=61 col=26 node=0x5598e4d22b48
[1;36mdebug: [0msem_check_expr: type=18 line=61 col=48 node=0x5598e4d22da8
[1;36mdebug: [0msem_check_index_access type base: 0, array_size: 0
[1;36mdebug: [0msem_check_expr: type=32 line=61 col=37 node=0x5598e4d22c78
[1;36mdebug: [0msem_check_expr: type=13 line=61 col=33 node=0x5598e4d22bf8
[1;36mdebug: [0msem_check_expr: type=13 line=61 col=49 node=0x5598e4d22d28
[1;36mdebug: [0msem_check_expr: type=16 line=61 col=26 node=0x5598e4d22b48
[1;36mdebug: [0msem_check_expr: type=14 line=62 col=15 node=0x5598e4d23110
[1;36mdebug: [0msem_check_expr: type=13 line=62 col=13 node=0x5598e4d22ec0
[1;36mdebug: [0msem_check_expr: type=14 line=62 col=22 node=0x5598e4d23068
[1;36mdebug: [0msem_check_expr: type=13 line=62 col=17 node=0x5598e4d22f48
[1;36mdebug: [0msem_check_expr: type=16 line=62 col=24 node=0x5598e4d22fc8
[1;36mdebug: [0msem_check_expr: type=28 line=10 col=35 node=0x5598e4d238a8
[1;36mdebug: [0msem_check_expr: type=13 line=10 col=28 node=0x5598e4d236d0
[1;36mdebug: [0msem_check_expr: type=16 line=62 col=46 node=0x5598e4d23758
[1;36mdebug: [0msem_check_expr: type=16 line=62 col=52 node=0x5598e4d23800
[1;36mdebug: [0msem_check_expr: type=16 line=62 col=46 node=0x5598e4d23758
[1;36mdebug: [0msem_check_expr: type=16 line=63 col=14 node=0x5598e4d23a48
[1;36mdebug: [0msem_check_expr: type=28 line=11 col=26 node=0x5598e4d24240
[1;36mdebug: [0msem_check_expr: type=13 line=11 col=19 node=0x5598e4d24118
[1;36mdebug: [0msem_check_expr: type=16 line=65 col=13 node=0x5598e4d241a0
[1;36mdebug: [0msem_check_expr: type=16 line=65 col=13 node=0x5598e4d241a0
[1;36mdebug: [0msem_check_expr: type=28 line=11 col=26 node=0x5598e4d24ad0
[1;36mdebug: [0msem_check_expr: type=13 line=11 col=19 node=0x5598e4d249a8
[1;36mdebug: [0msem_check_expr: type=16 line=69 col=13 node=0x5598e4d24a30
[1;36mdebug: [0msem_check_expr: type=16 line=69 col=13 node=0x5598e4d24a30
[1;36mdebug: [0msem_check_expr: type=16 line=70 col=23 node=0x5598e4d24b68
[1;36mdebug: [0msem_check_expr: type=14 line=71 col=14 node=0x5598e4d24dd8
[1;36mdebug: [0msem_check_expr: type=13 line=71 col=12 node=0x5598e4d24cd0
[1;36mdebug: [0msem_check_expr: type=13 line=71 col=16 node=0x5598e4d24d58
[1;36mdebug: [0msem_check_expr: type=28 line=10 col=35 node=0x5598e4d256f8
[1;36mdebug: [0msem_check_expr: type=13 line=10 col=28 node=0x5598e4d25398
[1;36mdebug: [0msem_check_expr: type=16 line=72 col=26 node=0x5598e4d25420
[1;36mdebug: [0msem_check_expr: type=18 line=72 col=49 node=0x5598e4d25680
[1;36mdebug: [0msem_check_index_access type base: 0, array_size: 0
[1;36mdebug: [0msem_check_expr: type=32 line=72 col=38 node=0x5598e4d25550
[1;36mdebug: [0msem_check_expr: type=13 line=72 col=34 node=0x5598e4d254d0
[1;36mdebug: [0msem_check_expr: type=13 line=72 col=50 node=0x5598e4d25600
[1;36mdebug: [0msem_check_expr: type=16 line=72 col=26 node=0x5598e4d25420
[1;36mdebug: [0msem_check_expr: type=14 line=73 col=15 node=0x5598e4d259e8
[1;36mdebug: [0msem_check_expr: type=13 line=73 col=13 node=0x5598e4d25798
[1;36mdebug: [0msem_check_expr: type=14 line=73 col=22 node=0x5598e4d25940
[1;36mdebug: [0msem_check_expr: type=13 line=73 col=17 node=0x5598e4d25820
[1;36mdebug: [0msem_check_expr: type=16 line=73 col=24 node=0x5598e4d258a0
[1;36mdebug: [0msem_check_expr: type=28 line=10 col=35 node=0x5598e4d26180
[1;36mdebug: [0msem_check_expr: type=13 line=10 col=28 node=0x5598e4d25fa8
[1;36mdebug: [0msem_check_expr: type=16 line=73 col=46 node=0x5598e4d26030
[1;36mdebug: [0msem_check_expr: type=16 line=73 col=52 node=0x5598e4d260d8
[1;36mdebug: [0msem_check_expr: type=16 line=73 col=46 node=0x5598e4d26030
[1;36mdebug: [0msem_check_expr: type=16 line=74 col=14 node=0x5598e4d26390
[1;36mdebug: [0msem_check_expr: type=28 line=11 col=26 node=0x5598e4d26b88
[1;36mdebug: [0msem_check_expr: type=13 line=11 col=19 node=0x5598e4d26a60
[1;36mdebug: [0msem_check_expr: type=16 line=76 col=13 node=0x5598e4d26ae8
[1;36mdebug: [0msem_check_expr: type=16 line=76 col=13 node=0x5598e4d26ae8
[1;36mdebug: [0msem_check_expr: type=2 line=15 col=32 node=0x5598e4d05688
[1;36mdebug: [0msem_check_expr: type=47 line=15 col=24 node=0x5598e4d054c8
[1;36mdebug: [0mclone_var_type fallback: class_name=(null) array_size=0 array_depth=0
[1;36mdebug: [0mclone_var_type bracket-typeparam: Type[2] -> base=(null) array_size=2
[1;36mdebug: [0msem_check_expr: type=13 line=6 col=14 node=0x5598e4d396a8
[1;36mdebug: [0msem_check_expr: type=27 line=6 col=9 node=0x5598e4d39730
[1;36mdebug: [0msem_check_expr: type=13 line=6 col=5 node=0x5598e4d397a8
[1;36mdebug: [0msem_check_expr: type=13 line=7 col=14 node=0x5598e4d398d0
[1;36mdebug: [0msem_check_expr: type=27 line=7 col=9 node=0x5598e4d39958
[1;36mdebug: [0msem_check_expr: type=13 line=7 col=5 node=0x5598e4d399d0
[1;36mdebug: [0msem_check_expr: type=17 line=10 col=12 node=0x5598e4d39be0
[1;36mdebug: [0msem_check_expr: type=13 line=10 col=13 node=0x5598e4d39c58
[1;36mdebug: [0msem_check_expr: type=13 line=10 col=15 node=0x5598e4d39ce0
[1;36mdebug: [0msem_check_expr: type=16 line=15 col=33 node=0x5598e4d05548
[1;36mdebug: [0msem_check_expr: type=16 line=15 col=38 node=0x5598e4d055e8
[1;36mdebug: [0msem_check_block: Call line=17 col=8 name=print target_type=13 node=0x5598e4d05980
[1;36mdebug: [0msem_check_expr: type=2 line=17 col=8 node=0x5598e4d05980
[1;36mdebug: [0msem_check_expr: type=13 line=17 col=3 node=0x5598e4d057d8
[1;36mdebug: [0msem_check_expr: type=28 line=17 col=17 node=0x5598e4d058e8
[1;36mdebug: [0msem_check_expr: type=13 line=17 col=9 node=0x5598e4d05868
[1;36mdebug: [0msem_lookup_class_call for 'Vector_single', class_sym=0x5598e4d39d78
[1;36mdebug: [0msem_check_expr: type=2 line=19 col=26 node=0x5598e4d05f50
[1;36mdebug: [0msem_check_expr: type=47 line=19 col=21 node=0x5598e4d05d90
[1;36mdebug: [0mclone_var_type fallback: class_name=(null) array_size=0 array_depth=0
[1;36mdebug: [0mclone_var_type bracket-typeparam: Type[2] -> base=(null) array_size=2
[1;36mdebug: [0msem_check_expr: type=13 line=6 col=14 node=0x5598e4d3b940
[1;36mdebug: [0msem_check_expr: type=27 line=6 col=9 node=0x5598e4d3b9c8
[1;36mdebug: [0msem_check_expr: type=13 line=6 col=5 node=0x5598e4d3ba40
[1;36mdebug: [0msem_check_expr: type=13 line=7 col=14 node=0x5598e4d3bb68
[1;36mdebug: [0msem_check_expr: type=27 line=7 col=9 node=0x5598e4d3bbf0
[1;36mdebug: [0msem_check_expr: type=13 line=7 col=5 node=0x5598e4d3bc68
[1;36mdebug: [0msem_check_expr: type=17 line=10 col=12 node=0x5598e4d3be78
[1;36mdebug: [0msem_check_expr: type=13 line=10 col=13 node=0x5598e4d3bef0
[1;36mdebug: [0msem_check_expr: type=13 line=10 col=15 node=0x5598e4d3bf78
[1;36mdebug: [0msem_check_expr: type=16 line=19 col=27 node=0x5598e4d05e10
[1;36mdebug: [0msem_check_expr: type=16 line=19 col=30 node=0x5598e4d05eb0
[1;36mdebug: [0msem_check_expr: type=28 line=21 col=8 node=0x5598e4d062e8
[1;36mdebug: [0msem_check_expr: type=13 line=21 col=3 node=0x5598e4d060a0
[1;36mdebug: [0msem_lookup_class_call for 'Vector_int', class_sym=0x5598e4d3c010
[1;36mdebug: [0msem_check_expr: type=16 line=21 col=13 node=0x5598e4d06120
[1;36mdebug: [0msem_check_expr: type=16 line=21 col=16 node=0x5598e4d06248
[1;36mdebug: [0msem_check_expr: type=16 line=21 col=13 node=0x5598e4d06120
[1;36mdebug: [0msem_check_expr: type=16 line=21 col=16 node=0x5598e4d06248
[1;36mdebug: [0msem_check_block: Call line=22 col=8 name=print target_type=13 node=0x5598e4d06528
[1;36mdebug: [0msem_check_expr: type=2 line=22 col=8 node=0x5598e4d06528
[1;36mdebug: [0msem_check_expr: type=13 line=22 col=3 node=0x5598e4d06388
[1;36mdebug: [0msem_check_expr: type=28 line=22 col=14 node=0x5598e4d06490
[1;36mdebug: [0msem_check_expr: type=13 line=22 col=9 node=0x5598e4d06410
[1;36mdebug: [0msem_lookup_class_call for 'Vector_int', class_sym=0x5598e4d3c010
[1;36mdebug: [0msem_check_expr: type=13 line=6 col=14 node=0x5598e4d396a8
[1;36mdebug: [0msem_check_expr: type=27 line=6 col=9 node=0x5598e4d39730
[1;36mdebug: [0msem_check_expr: type=13 line=6 col=5 node=0x5598e4d397a8
[1;36mdebug: [0msem_check_expr: type=13 line=7 col=14 node=0x5598e4d398d0
[1;36mdebug: [0msem_check_expr: type=27 line=7 col=9 node=0x5598e4d39958
[1;36mdebug: [0msem_check_expr: type=13 line=7 col=5 node=0x5598e4d399d0
[1;36mdebug: [0msem_check_expr: type=17 line=10 col=12 node=0x5598e4d39be0
[1;36mdebug: [0msem_check_expr: type=13 line=10 col=13 node=0x5598e4d39c58
[1;36mdebug: [0msem_check_expr: type=13 line=10 col=15 node=0x5598e4d39ce0
[1;36mdebug: [0msem_check_expr: type=13 line=6 col=14 node=0x5598e4d3b940
[1;36mdebug: [0msem_check_expr: type=27 line=6 col=9 node=0x5598e4d3b9c8
[1;36mdebug: [0msem_check_expr: type=13 line=6 col=5 node=0x5598e4d3ba40
[1;36mdebug: [0msem_check_expr: type=13 line=7 col=14 node=0x5598e4d3bb68
[1;36mdebug: [0msem_check_expr: type=27 line=7 col=9 node=0x5598e4d3bbf0
[1;36mdebug: [0msem_check_expr: type=13 line=7 col=5 node=0x5598e4d3bc68
[1;36mdebug: [0msem_check_expr: type=17 line=10 col=12 node=0x5598e4d3be78
[1;36mdebug: [0msem_check_expr: type=13 line=10 col=13 node=0x5598e4d3bef0
[1;36mdebug: [0msem_check_expr: type=13 line=10 col=15 node=0x5598e4d3bf78
[1;36mstep: [0mFinished Semantic Analysis. Start macro-linking.
[1;36mstep: [0mFinished macro linking. Start generating Alkyl Intermediate Representation (alir).
[1;36mdebug: [0malir_gen_function_def fn->name=printf class_name=NULL fn->mangled_name=printf -> func_name=printf
[1;36mdebug: [0malir_gen_function_def fn->name=putchar class_name=NULL fn->mangled_name=putchar -> func_name=putchar
[1;36mdebug: [0malir_gen_function_def fn->name=puts class_name=NULL fn->mangled_name=puts -> func_name=puts
[1;36mdebug: [0malir_gen_function_def fn->name=print_int_array class_name=NULL fn->mangled_name=main_print_int_array_i32_p_i64 -> func_name=main_print_int_array_i32_p_i64
[1;36mdebug: [0malir_gen_function_def fn->name=print_uint_array class_name=NULL fn->mangled_name=main_print_uint_array_i32_p_i64 -> func_name=main_print_uint_array_i32_p_i64
[1;36mdebug: [0malir_gen_function_def fn->name=print_long_array class_name=NULL fn->mangled_name=main_print_long_array_void_p_i64 -> func_name=main_print_long_array_void_p_i64
[1;36mdebug: [0malir_gen_function_def fn->name=print_ulong_array class_name=NULL fn->mangled_name=main_print_ulong_array_void_p_i64 -> func_name=main_print_ulong_array_void_p_i64
[1;36mdebug: [0malir_gen_function_def fn->name=print_single_array class_name=NULL fn->mangled_name=main_print_single_array_void_p_i64 -> func_name=main_print_single_array_void_p_i64
[1;36mdebug: [0malir_gen_function_def fn->name=print_double_array class_name=NULL fn->mangled_name=main_print_double_array_void_p_i64 -> func_name=main_print_double_array_void_p_i64
[1;36mdebug: [0malir_gen_function_def fn->name=main class_name=NULL fn->mangled_name=main -> func_name=main
[1;36mdebug: [0mfunc=main op=0 dest_kind=5 dest_type_base=16 op1_kind=0 op1_type_base=0
[1;36mdebug: [0mfunc=main op=31 dest_kind=0 dest_type_base=0 op1_kind=9 op1_type_base=0
[1;36mdebug: [0mclone_var_type fallback: class_name=(null) array_size=0 array_depth=0
[1;36mdebug: [0mclone_var_type fallback: class_name=(null) array_size=0 array_depth=0
[1;36mdebug: [0mclone_var_type fallback: class_name=(null) array_size=0 array_depth=0
[1;36mdebug: [0mclone_var_type fallback: class_name=(null) array_size=0 array_depth=0
[1;36mdebug: [0mclone_var_type fallback: class_name=(null) array_size=0 array_depth=0
[1;36mdebug: [0mclone_var_type fallback: class_name=(null) array_size=0 array_depth=0
[1;36mdebug: [0mclone_var_type fallback: class_name=(null) array_size=0 array_depth=0
[1;36mdebug: [0mclone_var_type fallback: class_name=(null) array_size=0 array_depth=0
[1;36mdebug: [0mclone_var_type fallback: class_name=(null) array_size=0 array_depth=0
[1;36mdebug: [0mclone_var_type fallback: class_name=(null) array_size=0 array_depth=0
[1;36mdebug: [0mclone_var_type fallback: class_name=(null) array_size=0 array_depth=0
[1;36mdebug: [0mclone_var_type fallback: class_name=(null) array_size=0 array_depth=0
[1;36mdebug: [0mclone_var_type fallback: class_name=(null) array_size=0 array_depth=0
[1;36mdebug: [0mclone_var_type fallback: class_name=(null) array_size=0 array_depth=0
[1;36mdebug: [0mclone_var_type fallback: class_name=(null) array_size=0 array_depth=0
[1;36mdebug: [0mclone_var_type fallback: class_name=(null) array_size=0 array_depth=0
[1;36mdebug: [0mclone_var_type fallback: class_name=(null) array_size=0 array_depth=0
[1;36mdebug: [0mclone_var_type fallback: class_name=(null) array_size=0 array_depth=0
[1;36mdebug: [0mclone_var_type fallback: class_name=(null) array_size=0 array_depth=0
[1;36mdebug: [0mclone_var_type fallback: class_name=(null) array_size=0 array_depth=0
[1;36mdebug: [0mclone_var_type fallback: class_name=(null) array_size=0 array_depth=0
[1;36mdebug: [0mclone_var_type fallback: class_name=(null) array_size=0 array_depth=0
[1;36mdebug: [0mclone_var_type fallback: class_name=(null) array_size=0 array_depth=0
[1;36mdebug: [0mclone_var_type fallback: class_name=(null) array_size=0 array_depth=0
[1;36mdebug: [0mclone_var_type fallback: class_name=(null) array_size=0 array_depth=0
[1;36mdebug: [0mclone_var_type fallback: class_name=(null) array_size=1 array_depth=0
[1;36mdebug: [0mclone_var_type fallback: class_name=(null) array_size=0 array_depth=0
[1;36mdebug: [0mclone_var_type fallback: class_name=(null) array_size=0 array_depth=0
[1;36mdebug: [0mclone_var_type fallback: class_name=(null) array_size=0 array_depth=0
[1;36mdebug: [0mclone_var_type fallback: class_name=(null) array_size=1 array_depth=0
[1;36mdebug: [0mclone_var_type fallback: class_name=(null) array_size=0 array_depth=0
[1;36mdebug: [0mclone_var_type fallback: class_name=(null) array_size=0 array_depth=0
[1;36mdebug: [0mclone_var_type fallback: class_name=(null) array_size=0 array_depth=0
[1;36mdebug: [0mclone_var_type fallback: class_name=(null) array_size=1 array_depth=0
[1;36mdebug: [0mclone_var_type fallback: class_name=(null) array_size=0 array_depth=0
[1;36mdebug: [0mclone_var_type fallback: class_name=(null) array_size=0 array_depth=0
[1;36mdebug: [0mclone_var_type fallback: class_name=(null) array_size=0 array_depth=0
[1;36mdebug: [0mclone_var_type fallback: class_name=(null) array_size=1 array_depth=0
[1;36mdebug: [0mclone_var_type fallback: class_name=(null) array_size=0 array_depth=0
[1;36mdebug: [0mclone_var_type fallback: class_name=(null) array_size=0 array_depth=0
[1;36mdebug: [0mclone_var_type fallback: class_name=(null) array_size=0 array_depth=0
[1;36mdebug: [0mclone_var_type fallback: class_name=(null) array_size=1 array_depth=0
[1;36mdebug: [0mclone_var_type fallback: class_name=(null) array_size=0 array_depth=0
[1;36mdebug: [0mclone_var_type fallback: class_name=(null) array_size=0 array_depth=0
[1;36mdebug: [0mclone_var_type fallback: class_name=(null) array_size=0 array_depth=0
[1;36mdebug: [0mclone_var_type fallback: class_name=(null) array_size=1 array_depth=0
[1;36mdebug: [0mclone_var_type fallback: class_name=(null) array_size=0 array_depth=0
[1;36mdebug: [0mclone_var_type fallback: class_name=(null) array_size=0 array_depth=0
[1;36mdebug: [0mclone_var_type fallback: class_name=(null) array_size=0 array_depth=0
[1;36mdebug: [0mclone_var_type fallback: class_name=(null) array_size=0 array_depth=0
[1;36mdebug: [0mclone_var_type fallback: class_name=(null) array_size=0 array_depth=0
[1;36mdebug: [0mclone_var_type fallback: class_name=(null) array_size=0 array_depth=0
[1;36mdebug: [0mclone_var_type fallback: class_name=(null) array_size=0 array_depth=0
[1;36mdebug: [0mclone_var_type fallback: class_name=(null) array_size=0 array_depth=0
[1;36mdebug: [0mclone_var_type fallback: class_name=(null) array_size=0 array_depth=0
[1;36mdebug: [0mclone_var_type fallback: class_name=(null) array_size=0 array_depth=0
[1;36mdebug: [0mclone_var_type fallback: class_name=(null) array_size=0 array_depth=0
[1;36mdebug: [0mclone_var_type fallback: class_name=(null) array_size=0 array_depth=0
[1;36mdebug: [0mclone_var_type fallback: class_name=(null) array_size=0 array_depth=0
[1;36mdebug: [0mclone_var_type fallback: class_name=(null) array_size=0 array_depth=0
[1;36mdebug: [0mclone_var_type fallback: class_name=(null) array_size=0 array_depth=0
[1;36mdebug: [0mclone_var_type fallback: class_name=(null) array_size=0 array_depth=0
[1;36mdebug: [0mclone_var_type fallback: class_name=(null) array_size=0 array_depth=0
[1;36mdebug: [0mclone_var_type fallback: class_name=(null) array_size=0 array_depth=0
[1;36mdebug: [0mclone_var_type fallback: class_name=(null) array_size=0 array_depth=0
[1;36mdebug: [0mclone_var_type fallback: class_name=(null) array_size=0 array_depth=0
[1;36mdebug: [0mclone_var_type fallback: class_name=(null) array_size=0 array_depth=0
[1;36mdebug: [0mclone_var_type fallback: class_name=(null) array_size=0 array_depth=0
[1;36mdebug: [0mclone_var_type fallback: class_name=(null) array_size=0 array_depth=0
[1;36mdebug: [0mclone_var_type fallback: class_name=(null) array_size=0 array_depth=0
[1;36mdebug: [0mclone_var_type fallback: class_name=(null) array_size=0 array_depth=0
[1;36mdebug: [0mclone_var_type fallback: class_name=(null) array_size=0 array_depth=0
[1;36mdebug: [0mclone_var_type fallback: class_name=(null) array_size=0 array_depth=0
[1;36mdebug: [0mclone_var_type fallback: class_name=(null) array_size=0 array_depth=0
[1;36mdebug: [0mclone_var_type fallback: class_name=(null) array_size=0 array_depth=0
[1;36mdebug: [0mclone_var_type fallback: class_name=(null) array_size=0 array_depth=0
[1;36mdebug: [0mclone_var_type fallback: class_name=(null) array_size=1 array_depth=0
[1;36mdebug: [0mclone_var_type fallback: class_name=(null) array_size=0 array_depth=0
[1;36mdebug: [0mclone_var_type fallback: class_name=(null) array_size=0 array_depth=0
[1;36mdebug: [0mclone_var_type fallback: class_name=(null) array_size=0 array_depth=0
[1;36mdebug: [0mclone_var_type fallback: class_name=(null) array_size=1 array_depth=0
[1;36mdebug: [0mclone_var_type fallback: class_name=(null) array_size=0 array_depth=0
[1;36mdebug: [0mclone_var_type fallback: class_name=(null) array_size=0 array_depth=0
[1;36mdebug: [0mclone_var_type fallback: class_name=(null) array_size=0 array_depth=0
[1;36mdebug: [0mclone_var_type fallback: class_name=(null) array_size=1 array_depth=0
[1;36mdebug: [0mclone_var_type fallback: class_name=(null) array_size=0 array_depth=0
[1;36mdebug: [0mclone_var_type fallback: class_name=(null) array_size=0 array_depth=0
[1;36mdebug: [0mclone_var_type fallback: class_name=(null) array_size=0 array_depth=0
[1;36mdebug: [0mclone_var_type fallback: class_name=(null) array_size=1 array_depth=0
[1;36mdebug: [0mclone_var_type fallback: class_name=(null) array_size=0 array_depth=0
[1;36mdebug: [0mclone_var_type fallback: class_name=(null) array_size=0 array_depth=0
[1;36mdebug: [0mclone_var_type fallback: class_name=(null) array_size=0 array_depth=0
[1;36mdebug: [0mclone_var_type fallback: class_name=(null) array_size=1 array_depth=0
[1;36mdebug: [0mclone_var_type fallback: class_name=(null) array_size=0 array_depth=0
[1;36mdebug: [0mclone_var_type fallback: class_name=(null) array_size=0 array_depth=0
[1;36mdebug: [0mclone_var_type fallback: class_name=(null) array_size=0 array_depth=0
[1;36mdebug: [0mclone_var_type fallback: class_name=(null) array_size=1 array_depth=0
[1;36mdebug: [0mclone_var_type fallback: class_name=(null) array_size=0 array_depth=0
[1;36mdebug: [0mclone_var_type fallback: class_name=(null) array_size=0 array_depth=0
[1;36mdebug: [0mclone_var_type fallback: class_name=(null) array_size=0 array_depth=0
[1;36mdebug: [0mclone_var_type fallback: class_name=(null) array_size=0 array_depth=0
[1;36mdebug: [0mclone_var_type fallback: class_name=(null) array_size=0 array_depth=0
[1;36mdebug: [0msem_check_expr: type=14 line=83 col=25 node=0x5598e4d56400
[1;36mdebug: [0msem_check_expr: type=29 line=83 col=13 node=0x5598e4d564a8
[1;36mdebug: [0msem_check_expr: type=29 line=83 col=28 node=0x5598e4d565d0
[1;36mdebug: [0msem_check_expr: type=14 line=85 col=32 node=0x5598e4d56940
[1;36mdebug: [0msem_check_expr: type=29 line=85 col=20 node=0x5598e4d569e8
[1;36mdebug: [0msem_check_expr: type=29 line=85 col=35 node=0x5598e4d56b10
[1;36mdebug: [0msem_check_expr: type=14 line=87 col=32 node=0x5598e4d56e80
[1;36mdebug: [0msem_check_expr: type=29 line=87 col=20 node=0x5598e4d56f28
[1;36mdebug: [0msem_check_expr: type=29 line=87 col=35 node=0x5598e4d57050
[1;36mdebug: [0msem_check_expr: type=14 line=89 col=32 node=0x5598e4d573c0
[1;36mdebug: [0msem_check_expr: type=29 line=89 col=20 node=0x5598e4d57468
[1;36mdebug: [0msem_check_expr: type=29 line=89 col=35 node=0x5598e4d57590
[1;36mdebug: [0msem_check_expr: type=14 line=91 col=32 node=0x5598e4d57900
[1;36mdebug: [0msem_check_expr: type=29 line=91 col=20 node=0x5598e4d579a8
[1;36mdebug: [0msem_check_expr: type=29 line=91 col=35 node=0x5598e4d57ad0
[1;36mdebug: [0msem_check_expr: type=14 line=93 col=32 node=0x5598e4d57e40
[1;36mdebug: [0msem_check_expr: type=29 line=93 col=20 node=0x5598e4d57ee8
[1;36mdebug: [0msem_check_expr: type=29 line=93 col=35 node=0x5598e4d58010
[1;36mdebug: [0msem_check_expr: type=14 line=95 col=32 node=0x5598e4d58380
[1;36mdebug: [0msem_check_expr: type=29 line=95 col=20 node=0x5598e4d58428
[1;36mdebug: [0msem_check_expr: type=29 line=95 col=35 node=0x5598e4d58550
[1;36mdebug: [0msem_check_expr: type=14 line=101 col=32 node=0x5598e4d58e00
[1;36mdebug: [0msem_check_expr: type=29 line=101 col=20 node=0x5598e4d58ea8
[1;36mdebug: [0msem_check_expr: type=29 line=101 col=35 node=0x5598e4d58fd0
[1;36mdebug: [0msem_check_expr: type=14 line=103 col=32 node=0x5598e4d59510
[1;36mdebug: [0msem_check_expr: type=29 line=103 col=20 node=0x5598e4d595b8
[1;36mdebug: [0msem_check_expr: type=29 line=103 col=35 node=0x5598e4d596e0
[1;36mdebug: [0msem_check_expr: type=14 line=105 col=32 node=0x5598e4d59c30
[1;36mdebug: [0msem_check_expr: type=29 line=105 col=20 node=0x5598e4d59cd8
[1;36mdebug: [0msem_check_expr: type=29 line=105 col=35 node=0x5598e4d59e00
[1;36mdebug: [0msem_check_expr: type=14 line=107 col=32 node=0x5598e4d5a350
[1;36mdebug: [0msem_check_expr: type=29 line=107 col=20 node=0x5598e4d5a3f8
[1;36mdebug: [0msem_check_expr: type=29 line=107 col=35 node=0x5598e4d5a520
[1;36mdebug: [0msem_check_expr: type=14 line=109 col=32 node=0x5598e4d5aa70
[1;36mdebug: [0msem_check_expr: type=29 line=109 col=20 node=0x5598e4d5ab18
[1;36mdebug: [0msem_check_expr: type=29 line=109 col=35 node=0x5598e4d5ac40
[1;36mdebug: [0msem_check_expr: type=14 line=111 col=32 node=0x5598e4d5b190
[1;36mdebug: [0msem_check_expr: type=29 line=111 col=20 node=0x5598e4d5b238
[1;36mdebug: [0msem_check_expr: type=29 line=111 col=35 node=0x5598e4d5b360
[1;36mdebug: [0msem_check_expr: type=14 line=113 col=32 node=0x5598e4d5b8b0
[1;36mdebug: [0msem_check_expr: type=29 line=113 col=20 node=0x5598e4d5b958
[1;36mdebug: [0msem_check_expr: type=29 line=113 col=35 node=0x5598e4d5ba80
[1;36mdebug: [0mtypeof string='single[]'
[1;36mdebug: [0mfunc=main op=35 dest_kind=5 dest_type_base=1 op1_kind=7 op1_type_base=1
[1;36mdebug: [0mtypeof string='int'
[1;36mdebug: [0mfunc=main op=35 dest_kind=5 dest_type_base=1 op1_kind=7 op1_type_base=1
[1;36mdebug: [0mfunc=main op=27 dest_kind=5 dest_type_base=10 op1_kind=5 op1_type_base=1
[1;36mdebug: [0mfunc=main op=30 dest_kind=0 dest_type_base=0 op1_kind=5 op1_type_base=10
[1;36mdebug: [0mfunc=main op=0 dest_kind=5 dest_type_base=1 op1_kind=0 op1_type_base=0
[1;36mdebug: [0mfunc=main op=31 dest_kind=5 dest_type_base=11 op1_kind=4 op1_type_base=0
[1;36mdebug: [0mfunc=main op=31 dest_kind=5 dest_type_base=0 op1_kind=4 op1_type_base=0
[1;36mdebug: [0mfunc=main op=29 dest_kind=0 dest_type_base=0 op1_kind=6 op1_type_base=0
[1;36mdebug: [0mtypeof string='single[]'
[1;36mdebug: [0mfunc=main op=35 dest_kind=5 dest_type_base=1 op1_kind=7 op1_type_base=1
[1;36mdebug: [0mtypeof string='unsigned int'
[1;36mdebug: [0mfunc=main op=35 dest_kind=5 dest_type_base=1 op1_kind=7 op1_type_base=1
[1;36mdebug: [0mfunc=main op=27 dest_kind=5 dest_type_base=10 op1_kind=5 op1_type_base=1
[1;36mdebug: [0mfunc=main op=30 dest_kind=0 dest_type_base=0 op1_kind=5 op1_type_base=10
[1;36mdebug: [0mfunc=main op=0 dest_kind=5 dest_type_base=1 op1_kind=0 op1_type_base=0
[1;36mdebug: [0mfunc=main op=31 dest_kind=5 dest_type_base=11 op1_kind=4 op1_type_base=0
[1;36mdebug: [0mfunc=main op=31 dest_kind=5 dest_type_base=0 op1_kind=4 op1_type_base=0
[1;36mdebug: [0mfunc=main op=29 dest_kind=0 dest_type_base=0 op1_kind=6 op1_type_base=0
[1;36mdebug: [0mtypeof string='single[]'
[1;36mdebug: [0mfunc=main op=35 dest_kind=5 dest_type_base=1 op1_kind=7 op1_type_base=1
[1;36mdebug: [0mtypeof string='long'
[1;36mdebug: [0mfunc=main op=35 dest_kind=5 dest_type_base=1 op1_kind=7 op1_type_base=1
[1;36mdebug: [0mfunc=main op=27 dest_kind=5 dest_type_base=10 op1_kind=5 op1_type_base=1
[1;36mdebug: [0mfunc=main op=30 dest_kind=0 dest_type_base=0 op1_kind=5 op1_type_base=10
[1;36mdebug: [0mfunc=main op=0 dest_kind=5 dest_type_base=1 op1_kind=0 op1_type_base=0
[1;36mdebug: [0mfunc=main op=31 dest_kind=5 dest_type_base=11 op1_kind=4 op1_type_base=0
[1;36mdebug: [0mfunc=main op=31 dest_kind=5 dest_type_base=0 op1_kind=4 op1_type_base=0
[1;36mdebug: [0mfunc=main op=29 dest_kind=0 dest_type_base=0 op1_kind=6 op1_type_base=0
[1;36mdebug: [0mtypeof string='single[]'
[1;36mdebug: [0mfunc=main op=35 dest_kind=5 dest_type_base=1 op1_kind=7 op1_type_base=1
[1;36mdebug: [0mtypeof string='unsigned long'
[1;36mdebug: [0mfunc=main op=35 dest_kind=5 dest_type_base=1 op1_kind=7 op1_type_base=1
[1;36mdebug: [0mfunc=main op=27 dest_kind=5 dest_type_base=10 op1_kind=5 op1_type_base=1
[1;36mdebug: [0mfunc=main op=30 dest_kind=0 dest_type_base=0 op1_kind=5 op1_type_base=10
[1;36mdebug: [0mfunc=main op=0 dest_kind=5 dest_type_base=1 op1_kind=0 op1_type_base=0
[1;36mdebug: [0mfunc=main op=31 dest_kind=5 dest_type_base=11 op1_kind=4 op1_type_base=0
[1;36mdebug: [0mfunc=main op=31 dest_kind=5 dest_type_base=0 op1_kind=4 op1_type_base=0
[1;36mdebug: [0mfunc=main op=29 dest_kind=0 dest_type_base=0 op1_kind=6 op1_type_base=0
[1;36mdebug: [0mtypeof string='single[]'
[1;36mdebug: [0mfunc=main op=35 dest_kind=5 dest_type_base=1 op1_kind=7 op1_type_base=1
[1;36mdebug: [0mtypeof string='single'
[1;36mdebug: [0mfunc=main op=35 dest_kind=5 dest_type_base=1 op1_kind=7 op1_type_base=1
[1;36mdebug: [0mfunc=main op=27 dest_kind=5 dest_type_base=10 op1_kind=5 op1_type_base=1
[1;36mdebug: [0mfunc=main op=30 dest_kind=0 dest_type_base=0 op1_kind=5 op1_type_base=10
[1;36mdebug: [0mfunc=main op=0 dest_kind=5 dest_type_base=1 op1_kind=0 op1_type_base=0
[1;36mdebug: [0mfunc=main op=31 dest_kind=5 dest_type_base=11 op1_kind=4 op1_type_base=0
[1;36mdebug: [0mfunc=main op=31 dest_kind=5 dest_type_base=0 op1_kind=4 op1_type_base=0
[1;36mdebug: [0mfunc=main op=29 dest_kind=0 dest_type_base=0 op1_kind=6 op1_type_base=0
[1;36mdebug: [0mtypeof string='single[]'
[1;36mdebug: [0mfunc=main op=35 dest_kind=5 dest_type_base=1 op1_kind=7 op1_type_base=1
[1;36mdebug: [0mtypeof string='double'
[1;36mdebug: [0mfunc=main op=35 dest_kind=5 dest_type_base=1 op1_kind=7 op1_type_base=1
[1;36mdebug: [0mfunc=main op=27 dest_kind=5 dest_type_base=10 op1_kind=5 op1_type_base=1
[1;36mdebug: [0mfunc=main op=30 dest_kind=0 dest_type_base=0 op1_kind=5 op1_type_base=10
[1;36mdebug: [0mfunc=main op=0 dest_kind=5 dest_type_base=1 op1_kind=0 op1_type_base=0
[1;36mdebug: [0mfunc=main op=31 dest_kind=5 dest_type_base=11 op1_kind=4 op1_type_base=0
[1;36mdebug: [0mfunc=main op=31 dest_kind=5 dest_type_base=0 op1_kind=4 op1_type_base=0
[1;36mdebug: [0mfunc=main op=29 dest_kind=0 dest_type_base=0 op1_kind=6 op1_type_base=0
[1;36mdebug: [0mtypeof string='single[]'
[1;36mdebug: [0mfunc=main op=35 dest_kind=5 dest_type_base=1 op1_kind=7 op1_type_base=1
[1;36mdebug: [0mtypeof string='char'
[1;36mdebug: [0mfunc=main op=35 dest_kind=5 dest_type_base=1 op1_kind=7 op1_type_base=1
[1;36mdebug: [0mfunc=main op=27 dest_kind=5 dest_type_base=10 op1_kind=5 op1_type_base=1
[1;36mdebug: [0mfunc=main op=30 dest_kind=0 dest_type_base=0 op1_kind=5 op1_type_base=10
[1;36mdebug: [0mfunc=main op=36 dest_kind=5 dest_type_base=7 op1_kind=8 op1_type_base=11
[1;36mdebug: [0mfunc=main op=27 dest_kind=5 dest_type_base=10 op1_kind=5 op1_type_base=7
[1;36mdebug: [0mfunc=main op=30 dest_kind=0 dest_type_base=0 op1_kind=5 op1_type_base=10
[1;36mdebug: [0mfunc=main op=0 dest_kind=5 dest_type_base=1 op1_kind=0 op1_type_base=0
[1;36mdebug: [0mfunc=main op=31 dest_kind=5 dest_type_base=11 op1_kind=4 op1_type_base=0
[1;36mdebug: [0mfunc=main op=31 dest_kind=5 dest_type_base=0 op1_kind=4 op1_type_base=0
[1;36mdebug: [0mfunc=main op=29 dest_kind=0 dest_type_base=0 op1_kind=6 op1_type_base=0
[1;36mdebug: [0mfunc=main op=0 dest_kind=5 dest_type_base=1 op1_kind=0 op1_type_base=0
[1;36mdebug: [0mfunc=main op=31 dest_kind=5 dest_type_base=11 op1_kind=4 op1_type_base=0
[1;36mdebug: [0mfunc=main op=31 dest_kind=5 dest_type_base=0 op1_kind=4 op1_type_base=0
[1;36mdebug: [0mfunc=main op=29 dest_kind=0 dest_type_base=0 op1_kind=6 op1_type_base=0
[1;36mdebug: [0mfunc=main op=29 dest_kind=0 dest_type_base=0 op1_kind=6 op1_type_base=0
[1;36mdebug: [0mtypeof string='single[]'
[1;36mdebug: [0mfunc=main op=35 dest_kind=5 dest_type_base=1 op1_kind=7 op1_type_base=1
[1;36mdebug: [0mtypeof string='int[]'
[1;36mdebug: [0mfunc=main op=35 dest_kind=5 dest_type_base=1 op1_kind=7 op1_type_base=1
[1;36mdebug: [0mfunc=main op=27 dest_kind=5 dest_type_base=10 op1_kind=5 op1_type_base=1
[1;36mdebug: [0mfunc=main op=30 dest_kind=0 dest_type_base=0 op1_kind=5 op1_type_base=10
[1;36mdebug: [0mGLOBAL VAR ADDR: print_int_array
[1;36mdebug: [0mfunc=main op=31 dest_kind=5 dest_type_base=11 op1_kind=4 op1_type_base=0
[1;36mdebug: [0mfunc=main op=36 dest_kind=5 dest_type_base=7 op1_kind=8 op1_type_base=11
[1;36mdebug: [0mfunc=main op=20 dest_kind=5 dest_type_base=1 op1_kind=5 op1_type_base=7
[1;36mdebug: [0mfunc=main op=31 dest_kind=5 dest_type_base=0 op1_kind=9 op1_type_base=0
[1;36mdebug: [0mfunc=main op=29 dest_kind=0 dest_type_base=0 op1_kind=6 op1_type_base=0
[1;36mdebug: [0mtypeof string='single[]'
[1;36mdebug: [0mfunc=main op=35 dest_kind=5 dest_type_base=1 op1_kind=7 op1_type_base=1
[1;36mdebug: [0mtypeof string='unsigned int[]'
[1;36mdebug: [0mfunc=main op=35 dest_kind=5 dest_type_base=1 op1_kind=7 op1_type_base=1
[1;36mdebug: [0mfunc=main op=27 dest_kind=5 dest_type_base=10 op1_kind=5 op1_type_base=1
[1;36mdebug: [0mfunc=main op=30 dest_kind=0 dest_type_base=0 op1_kind=5 op1_type_base=10
[1;36mdebug: [0mGLOBAL VAR ADDR: print_uint_array
[1;36mdebug: [0mfunc=main op=31 dest_kind=5 dest_type_base=11 op1_kind=4 op1_type_base=0
[1;36mdebug: [0mfunc=main op=36 dest_kind=5 dest_type_base=7 op1_kind=8 op1_type_base=11
[1;36mdebug: [0mfunc=main op=20 dest_kind=5 dest_type_base=1 op1_kind=5 op1_type_base=7
[1;36mdebug: [0mfunc=main op=31 dest_kind=5 dest_type_base=0 op1_kind=9 op1_type_base=0
[1;36mdebug: [0mfunc=main op=29 dest_kind=0 dest_type_base=0 op1_kind=6 op1_type_base=0
[1;36mdebug: [0mtypeof string='single[]'
[1;36mdebug: [0mfunc=main op=35 dest_kind=5 dest_type_base=1 op1_kind=7 op1_type_base=1
[1;36mdebug: [0mtypeof string='long[]'
[1;36mdebug: [0mfunc=main op=35 dest_kind=5 dest_type_base=1 op1_kind=7 op1_type_base=1
[1;36mdebug: [0mfunc=main op=27 dest_kind=5 dest_type_base=10 op1_kind=5 op1_type_base=1
[1;36mdebug: [0mfunc=main op=30 dest_kind=0 dest_type_base=0 op1_kind=5 op1_type_base=10
[1;36mdebug: [0mGLOBAL VAR ADDR: print_long_array
[1;36mdebug: [0mfunc=main op=31 dest_kind=5 dest_type_base=11 op1_kind=4 op1_type_base=0
[1;36mdebug: [0mfunc=main op=36 dest_kind=5 dest_type_base=7 op1_kind=8 op1_type_base=11
[1;36mdebug: [0mfunc=main op=20 dest_kind=5 dest_type_base=1 op1_kind=5 op1_type_base=7
[1;36mdebug: [0mfunc=main op=31 dest_kind=5 dest_type_base=0 op1_kind=9 op1_type_base=0
[1;36mdebug: [0mfunc=main op=29 dest_kind=0 dest_type_base=0 op1_kind=6 op1_type_base=0
[1;36mdebug: [0mtypeof string='single[]'
[1;36mdebug: [0mfunc=main op=35 dest_kind=5 dest_type_base=1 op1_kind=7 op1_type_base=1
[1;36mdebug: [0mtypeof string='unsigned long[]'
[1;36mdebug: [0mfunc=main op=35 dest_kind=5 dest_type_base=1 op1_kind=7 op1_type_base=1
[1;36mdebug: [0mfunc=main op=27 dest_kind=5 dest_type_base=10 op1_kind=5 op1_type_base=1
[1;36mdebug: [0mfunc=main op=30 dest_kind=0 dest_type_base=0 op1_kind=5 op1_type_base=10
[1;36mdebug: [0mGLOBAL VAR ADDR: print_ulong_array
[1;36mdebug: [0mfunc=main op=31 dest_kind=5 dest_type_base=11 op1_kind=4 op1_type_base=0
[1;36mdebug: [0mfunc=main op=36 dest_kind=5 dest_type_base=7 op1_kind=8 op1_type_base=11
[1;36mdebug: [0mfunc=main op=20 dest_kind=5 dest_type_base=1 op1_kind=5 op1_type_base=7
[1;36mdebug: [0mfunc=main op=31 dest_kind=5 dest_type_base=0 op1_kind=9 op1_type_base=0
[1;36mdebug: [0mfunc=main op=29 dest_kind=0 dest_type_base=0 op1_kind=6 op1_type_base=0
[1;36mdebug: [0mtypeof string='single[]'
[1;36mdebug: [0mfunc=main op=35 dest_kind=5 dest_type_base=1 op1_kind=7 op1_type_base=1
[1;36mdebug: [0mtypeof string='single[]'
[1;36mdebug: [0mfunc=main op=35 dest_kind=5 dest_type_base=1 op1_kind=7 op1_type_base=1
[1;36mdebug: [0mfunc=main op=27 dest_kind=5 dest_type_base=10 op1_kind=5 op1_type_base=1
[1;36mdebug: [0mfunc=main op=30 dest_kind=0 dest_type_base=0 op1_kind=5 op1_type_base=10
[1;36mdebug: [0mGLOBAL VAR ADDR: print_single_array
[1;36mdebug: [0mfunc=main op=31 dest_kind=5 dest_type_base=11 op1_kind=4 op1_type_base=0
[1;36mdebug: [0mfunc=main op=36 dest_kind=5 dest_type_base=7 op1_kind=8 op1_type_base=11
[1;36mdebug: [0mfunc=main op=20 dest_kind=5 dest_type_base=1 op1_kind=5 op1_type_base=7
[1;36mdebug: [0mfunc=main op=31 dest_kind=5 dest_type_base=0 op1_kind=9 op1_type_base=0
[1;36mdebug: [0mfunc=main op=29 dest_kind=0 dest_type_base=0 op1_kind=6 op1_type_base=0
[1;36mdebug: [0mtypeof string='single[]'
[1;36mdebug: [0mfunc=main op=35 dest_kind=5 dest_type_base=1 op1_kind=7 op1_type_base=1
[1;36mdebug: [0mtypeof string='double[]'
[1;36mdebug: [0mfunc=main op=35 dest_kind=5 dest_type_base=1 op1_kind=7 op1_type_base=1
[1;36mdebug: [0mfunc=main op=27 dest_kind=5 dest_type_base=10 op1_kind=5 op1_type_base=1
[1;36mdebug: [0mfunc=main op=30 dest_kind=0 dest_type_base=0 op1_kind=5 op1_type_base=10
[1;36mdebug: [0mGLOBAL VAR ADDR: print_double_array
[1;36mdebug: [0mfunc=main op=31 dest_kind=5 dest_type_base=11 op1_kind=4 op1_type_base=0
[1;36mdebug: [0mfunc=main op=36 dest_kind=5 dest_type_base=7 op1_kind=8 op1_type_base=11
[1;36mdebug: [0mfunc=main op=20 dest_kind=5 dest_type_base=1 op1_kind=5 op1_type_base=7
[1;36mdebug: [0mfunc=main op=31 dest_kind=5 dest_type_base=0 op1_kind=9 op1_type_base=0
[1;36mdebug: [0mfunc=main op=29 dest_kind=0 dest_type_base=0 op1_kind=6 op1_type_base=0
[1;36mdebug: [0mtypeof string='single[]'
[1;36mdebug: [0mfunc=main op=35 dest_kind=5 dest_type_base=1 op1_kind=7 op1_type_base=1
[1;36mdebug: [0mtypeof string='char*'
[1;36mdebug: [0mfunc=main op=35 dest_kind=5 dest_type_base=1 op1_kind=7 op1_type_base=1
[1;36mdebug: [0mfunc=main op=27 dest_kind=5 dest_type_base=10 op1_kind=5 op1_type_base=1
[1;36mdebug: [0mfunc=main op=30 dest_kind=0 dest_type_base=0 op1_kind=5 op1_type_base=10
[1;36mdebug: [0mfunc=main op=0 dest_kind=5 dest_type_base=1 op1_kind=0 op1_type_base=0
[1;36mdebug: [0mfunc=main op=31 dest_kind=5 dest_type_base=11 op1_kind=4 op1_type_base=0
[1;36mdebug: [0mfunc=main op=31 dest_kind=5 dest_type_base=0 op1_kind=4 op1_type_base=0
[1;36mdebug: [0mfunc=main op=29 dest_kind=0 dest_type_base=0 op1_kind=6 op1_type_base=0
[1;36mdebug: [0mfunc=main op=29 dest_kind=0 dest_type_base=0 op1_kind=6 op1_type_base=0
[1;36mdebug: [0mfunc=main op=29 dest_kind=0 dest_type_base=0 op1_kind=6 op1_type_base=0
[1;36mdebug: [0mfunc=main op=29 dest_kind=0 dest_type_base=0 op1_kind=6 op1_type_base=0
[1;36mdebug: [0mfunc=main op=29 dest_kind=0 dest_type_base=0 op1_kind=6 op1_type_base=0
[1;36mdebug: [0mfunc=main op=29 dest_kind=0 dest_type_base=0 op1_kind=6 op1_type_base=0
[1;36mdebug: [0mfunc=main op=29 dest_kind=0 dest_type_base=0 op1_kind=6 op1_type_base=0
[1;36mdebug: [0mfunc=main op=29 dest_kind=0 dest_type_base=0 op1_kind=6 op1_type_base=0
[1;36mdebug: [0mfunc=main op=29 dest_kind=0 dest_type_base=0 op1_kind=6 op1_type_base=0
[1;36mdebug: [0mfunc=main op=29 dest_kind=0 dest_type_base=0 op1_kind=6 op1_type_base=0
[1;36mdebug: [0mfunc=main op=29 dest_kind=0 dest_type_base=0 op1_kind=6 op1_type_base=0
[1;36mdebug: [0mfunc=main op=29 dest_kind=0 dest_type_base=0 op1_kind=6 op1_type_base=0
[1;36mdebug: [0mfunc=main op=29 dest_kind=0 dest_type_base=0 op1_kind=6 op1_type_base=0
[1;36mdebug: [0mfunc=main op=29 dest_kind=0 dest_type_base=0 op1_kind=6 op1_type_base=0
[1;36mdebug: [0mfunc=main op=0 dest_kind=5 dest_type_base=16 op1_kind=0 op1_type_base=0
[1;36mdebug: [0mfunc=main op=31 dest_kind=0 dest_type_base=0 op1_kind=9 op1_type_base=0
[1;36mdebug: [0mfunc=main op=31 dest_kind=5 dest_type_base=0 op1_kind=4 op1_type_base=0
[1;36mdebug: [0mclone_var_type fallback: class_name=(null) array_size=0 array_depth=0
[1;36mdebug: [0mclone_var_type fallback: class_name=(null) array_size=0 array_depth=0
[1;36mdebug: [0mclone_var_type fallback: class_name=(null) array_size=0 array_depth=0
[1;36mdebug: [0mclone_var_type fallback: class_name=(null) array_size=0 array_depth=0
[1;36mdebug: [0mclone_var_type fallback: class_name=(null) array_size=0 array_depth=0
[1;36mdebug: [0mclone_var_type fallback: class_name=(null) array_size=0 array_depth=0
[1;36mdebug: [0mclone_var_type fallback: class_name=(null) array_size=0 array_depth=0
[1;36mdebug: [0mclone_var_type fallback: class_name=(null) array_size=0 array_depth=0
[1;36mdebug: [0mclone_var_type fallback: class_name=(null) array_size=0 array_depth=0
[1;36mdebug: [0mclone_var_type fallback: class_name=(null) array_size=0 array_depth=0
[1;36mdebug: [0mclone_var_type fallback: class_name=(null) array_size=0 array_depth=0
[1;36mdebug: [0mclone_var_type fallback: class_name=(null) array_size=0 array_depth=0
[1;36mdebug: [0mclone_var_type fallback: class_name=(null) array_size=0 array_depth=0
[1;36mdebug: [0mclone_var_type fallback: class_name=(null) array_size=0 array_depth=0
[1;36mdebug: [0mclone_var_type fallback: class_name=(null) array_size=0 array_depth=0
[1;36mdebug: [0mclone_var_type fallback: class_name=(null) array_size=0 array_depth=0
[1;36mdebug: [0mclone_var_type fallback: class_name=(null) array_size=0 array_depth=0
[1;36mdebug: [0mclone_var_type fallback: class_name=(null) array_size=0 array_depth=0
[1;36mdebug: [0mclone_var_type fallback: class_name=(null) array_size=0 array_depth=0
[1;36mdebug: [0mclone_var_type fallback: class_name=(null) array_size=0 array_depth=0
[1;36mdebug: [0mclone_var_type fallback: class_name=(null) array_size=0 array_depth=0
[1;36mdebug: [0mclone_var_type fallback: class_name=(null) array_size=0 array_depth=0
[1;36mdebug: [0mclone_var_type fallback: class_name=(null) array_size=0 array_depth=0
[1;36mdebug: [0mclone_var_type fallback: class_name=(null) array_size=0 array_depth=0
[1;36mdebug: [0mclone_var_type fallback: class_name=(null) array_size=0 array_depth=0
[1;36mdebug: [0mclone_var_type fallback: class_name=(null) array_size=1 array_depth=0
[1;36mdebug: [0mclone_var_type fallback: class_name=(null) array_size=0 array_depth=0
[1;36mdebug: [0mclone_var_type fallback: class_name=(null) array_size=0 array_depth=0
[1;36mdebug: [0mclone_var_type fallback: class_name=(null) array_size=0 array_depth=0
[1;36mdebug: [0mclone_var_type fallback: class_name=(null) array_size=1 array_depth=0
[1;36mdebug: [0mclone_var_type fallback: class_name=(null) array_size=0 array_depth=0
[1;36mdebug: [0mclone_var_type fallback: class_name=(null) array_size=0 array_depth=0
[1;36mdebug: [0mclone_var_type fallback: class_name=(null) array_size=0 array_depth=0
[1;36mdebug: [0mclone_var_type fallback: class_name=(null) array_size=1 array_depth=0
[1;36mdebug: [0mclone_var_type fallback: class_name=(null) array_size=0 array_depth=0
[1;36mdebug: [0mclone_var_type fallback: class_name=(null) array_size=0 array_depth=0
[1;36mdebug: [0mclone_var_type fallback: class_name=(null) array_size=0 array_depth=0
[1;36mdebug: [0mclone_var_type fallback: class_name=(null) array_size=1 array_depth=0
[1;36mdebug: [0mclone_var_type fallback: class_name=(null) array_size=0 array_depth=0
[1;36mdebug: [0mclone_var_type fallback: class_name=(null) array_size=0 array_depth=0
[1;36mdebug: [0mclone_var_type fallback: class_name=(null) array_size=0 array_depth=0
[1;36mdebug: [0mclone_var_type fallback: class_name=(null) array_size=1 array_depth=0
[1;36mdebug: [0mclone_var_type fallback: class_name=(null) array_size=0 array_depth=0
[1;36mdebug: [0mclone_var_type fallback: class_name=(null) array_size=0 array_depth=0
[1;36mdebug: [0mclone_var_type fallback: class_name=(null) array_size=0 array_depth=0
[1;36mdebug: [0mclone_var_type fallback: class_name=(null) array_size=1 array_depth=0
[1;36mdebug: [0mclone_var_type fallback: class_name=(null) array_size=0 array_depth=0
[1;36mdebug: [0mclone_var_type fallback: class_name=(null) array_size=0 array_depth=0
[1;36mdebug: [0mclone_var_type fallback: class_name=(null) array_size=0 array_depth=0
[1;36mdebug: [0mclone_var_type fallback: class_name=(null) array_size=0 array_depth=0
[1;36mdebug: [0mclone_var_type fallback: class_name=(null) array_size=0 array_depth=0
[1;36mdebug: [0mclone_var_type fallback: class_name=(null) array_size=0 array_depth=0
[1;36mdebug: [0mclone_var_type fallback: class_name=(null) array_size=0 array_depth=0
[1;36mdebug: [0mclone_var_type fallback: class_name=(null) array_size=0 array_depth=0
[1;36mdebug: [0mclone_var_type fallback: class_name=(null) array_size=0 array_depth=0
[1;36mdebug: [0mclone_var_type fallback: class_name=(null) array_size=0 array_depth=0
[1;36mdebug: [0mclone_var_type fallback: class_name=(null) array_size=0 array_depth=0
[1;36mdebug: [0mclone_var_type fallback: class_name=(null) array_size=0 array_depth=0
[1;36mdebug: [0mclone_var_type fallback: class_name=(null) array_size=0 array_depth=0
[1;36mdebug: [0mclone_var_type fallback: class_name=(null) array_size=0 array_depth=0
[1;36mdebug: [0mclone_var_type fallback: class_name=(null) array_size=0 array_depth=0
[1;36mdebug: [0mclone_var_type fallback: class_name=(null) array_size=0 array_depth=0
[1;36mdebug: [0mclone_var_type fallback: class_name=(null) array_size=0 array_depth=0
[1;36mdebug: [0mclone_var_type fallback: class_name=(null) array_size=0 array_depth=0
[1;36mdebug: [0mclone_var_type fallback: class_name=(null) array_size=0 array_depth=0
[1;36mdebug: [0mclone_var_type fallback: class_name=(null) array_size=0 array_depth=0
[1;36mdebug: [0mclone_var_type fallback: class_name=(null) array_size=0 array_depth=0
[1;36mdebug: [0mclone_var_type fallback: class_name=(null) array_size=0 array_depth=0
[1;36mdebug: [0mclone_var_type fallback: class_name=(null) array_size=0 array_depth=0
[1;36mdebug: [0mclone_var_type fallback: class_name=(null) array_size=0 array_depth=0
[1;36mdebug: [0mclone_var_type fallback: class_name=(null) array_size=0 array_depth=0
[1;36mdebug: [0mclone_var_type fallback: class_name=(null) array_size=0 array_depth=0
[1;36mdebug: [0mclone_var_type fallback: class_name=(null) array_size=0 array_depth=0
[1;36mdebug: [0mclone_var_type fallback: class_name=(null) array_size=0 array_depth=0
[1;36mdebug: [0mclone_var_type fallback: class_name=(null) array_size=0 array_depth=0
[1;36mdebug: [0mclone_var_type fallback: class_name=(null) array_size=0 array_depth=0
[1;36mdebug: [0mclone_var_type fallback: class_name=(null) array_size=1 array_depth=0
[1;36mdebug: [0mclone_var_type fallback: class_name=(null) array_size=0 array_depth=0
[1;36mdebug: [0mclone_var_type fallback: class_name=(null) array_size=0 array_depth=0
[1;36mdebug: [0mclone_var_type fallback: class_name=(null) array_size=0 array_depth=0
[1;36mdebug: [0mclone_var_type fallback: class_name=(null) array_size=1 array_depth=0
[1;36mdebug: [0mclone_var_type fallback: class_name=(null) array_size=0 array_depth=0
[1;36mdebug: [0mclone_var_type fallback: class_name=(null) array_size=0 array_depth=0
[1;36mdebug: [0mclone_var_type fallback: class_name=(null) array_size=0 array_depth=0
[1;36mdebug: [0mclone_var_type fallback: class_name=(null) array_size=1 array_depth=0
[1;36mdebug: [0mclone_var_type fallback: class_name=(null) array_size=0 array_depth=0
[1;36mdebug: [0mclone_var_type fallback: class_name=(null) array_size=0 array_depth=0
[1;36mdebug: [0mclone_var_type fallback: class_name=(null) array_size=0 array_depth=0
[1;36mdebug: [0mclone_var_type fallback: class_name=(null) array_size=1 array_depth=0
[1;36mdebug: [0mclone_var_type fallback: class_name=(null) array_size=0 array_depth=0
[1;36mdebug: [0mclone_var_type fallback: class_name=(null) array_size=0 array_depth=0
[1;36mdebug: [0mclone_var_type fallback: class_name=(null) array_size=0 array_depth=0
[1;36mdebug: [0mclone_var_type fallback: class_name=(null) array_size=1 array_depth=0
[1;36mdebug: [0mclone_var_type fallback: class_name=(null) array_size=0 array_depth=0
[1;36mdebug: [0mclone_var_type fallback: class_name=(null) array_size=0 array_depth=0
[1;36mdebug: [0mclone_var_type fallback: class_name=(null) array_size=0 array_depth=0
[1;36mdebug: [0mclone_var_type fallback: class_name=(null) array_size=1 array_depth=0
[1;36mdebug: [0mclone_var_type fallback: class_name=(null) array_size=0 array_depth=0
[1;36mdebug: [0mclone_var_type fallback: class_name=(null) array_size=0 array_depth=0
[1;36mdebug: [0mclone_var_type fallback: class_name=(null) array_size=0 array_depth=0
[1;36mdebug: [0mclone_var_type fallback: class_name=(null) array_size=0 array_depth=0
[1;36mdebug: [0mclone_var_type fallback: class_name=(null) array_size=0 array_depth=0
[1;36mdebug: [0msem_check_expr: type=14 line=83 col=25 node=0x5598e4d6fce0
[1;36mdebug: [0msem_check_expr: type=29 line=83 col=13 node=0x5598e4d6fd88
[1;36mdebug: [0msem_check_expr: type=29 line=83 col=28 node=0x5598e4d6feb0
[1;36mdebug: [0msem_check_expr: type=14 line=85 col=32 node=0x5598e4d70220
[1;36mdebug: [0msem_check_expr: type=29 line=85 col=20 node=0x5598e4d702c8
[1;36mdebug: [0msem_check_expr: type=29 line=85 col=35 node=0x5598e4d703f0
[1;36mdebug: [0msem_check_expr: type=14 line=87 col=32 node=0x5598e4d70760
[1;36mdebug: [0msem_check_expr: type=29 line=87 col=20 node=0x5598e4d70808
[1;36mdebug: [0msem_check_expr: type=29 line=87 col=35 node=0x5598e4d70930
[1;36mdebug: [0msem_check_expr: type=14 line=89 col=32 node=0x5598e4d70ca0
[1;36mdebug: [0msem_check_expr: type=29 line=89 col=20 node=0x5598e4d70d48
[1;36mdebug: [0msem_check_expr: type=29 line=89 col=35 node=0x5598e4d70e70
[1;36mdebug: [0msem_check_expr: type=14 line=91 col=32 node=0x5598e4d711e0
[1;36mdebug: [0msem_check_expr: type=29 line=91 col=20 node=0x5598e4d71288
[1;36mdebug: [0msem_check_expr: type=29 line=91 col=35 node=0x5598e4d713b0
[1;36mdebug: [0msem_check_expr: type=14 line=93 col=32 node=0x5598e4d71720
[1;36mdebug: [0msem_check_expr: type=29 line=93 col=20 node=0x5598e4d717c8
[1;36mdebug: [0msem_check_expr: type=29 line=93 col=35 node=0x5598e4d718f0
[1;36mdebug: [0msem_check_expr: type=14 line=95 col=32 node=0x5598e4d71c60
[1;36mdebug: [0msem_check_expr: type=29 line=95 col=20 node=0x5598e4d71d08
[1;36mdebug: [0msem_check_expr: type=29 line=95 col=35 node=0x5598e4d71e30
[1;36mdebug: [0msem_check_expr: type=14 line=101 col=32 node=0x5598e4d726e0
[1;36mdebug: [0msem_check_expr: type=29 line=101 col=20 node=0x5598e4d72788
[1;36mdebug: [0msem_check_expr: type=29 line=101 col=35 node=0x5598e4d728b0
[1;36mdebug: [0msem_check_expr: type=14 line=103 col=32 node=0x5598e4d72df0
[1;36mdebug: [0msem_check_expr: type=29 line=103 col=20 node=0x5598e4d72e98
[1;36mdebug: [0msem_check_expr: type=29 line=103 col=35 node=0x5598e4d72fc0
[1;36mdebug: [0msem_check_expr: type=14 line=105 col=32 node=0x5598e4d73510
[1;36mdebug: [0msem_check_expr: type=29 line=105 col=20 node=0x5598e4d735b8
[1;36mdebug: [0msem_check_expr: type=29 line=105 col=35 node=0x5598e4d736e0
[1;36mdebug: [0msem_check_expr: type=14 line=107 col=32 node=0x5598e4d73c30
[1;36mdebug: [0msem_check_expr: type=29 line=107 col=20 node=0x5598e4d73cd8
[1;36mdebug: [0msem_check_expr: type=29 line=107 col=35 node=0x5598e4d73e00
[1;36mdebug: [0msem_check_expr: type=14 line=109 col=32 node=0x5598e4d74350
[1;36mdebug: [0msem_check_expr: type=29 line=109 col=20 node=0x5598e4d743f8
[1;36mdebug: [0msem_check_expr: type=29 line=109 col=35 node=0x5598e4d74520
[1;36mdebug: [0msem_check_expr: type=14 line=111 col=32 node=0x5598e4d74a70
[1;36mdebug: [0msem_check_expr: type=29 line=111 col=20 node=0x5598e4d74b18
[1;36mdebug: [0msem_check_expr: type=29 line=111 col=35 node=0x5598e4d74c40
[1;36mdebug: [0msem_check_expr: type=14 line=113 col=32 node=0x5598e4d75190
[1;36mdebug: [0msem_check_expr: type=29 line=113 col=20 node=0x5598e4d75238
[1;36mdebug: [0msem_check_expr: type=29 line=113 col=35 node=0x5598e4d75360
[1;36mdebug: [0mtypeof string='int[]'
[1;36mdebug: [0mfunc=main op=35 dest_kind=5 dest_type_base=1 op1_kind=7 op1_type_base=1
[1;36mdebug: [0mtypeof string='int'
[1;36mdebug: [0mfunc=main op=35 dest_kind=5 dest_type_base=1 op1_kind=7 op1_type_base=1
[1;36mdebug: [0mfunc=main op=27 dest_kind=5 dest_type_base=10 op1_kind=5 op1_type_base=1
[1;36mdebug: [0mfunc=main op=30 dest_kind=0 dest_type_base=0 op1_kind=5 op1_type_base=10
[1;36mdebug: [0mfunc=main op=0 dest_kind=5 dest_type_base=1 op1_kind=0 op1_type_base=0
[1;36mdebug: [0mfunc=main op=31 dest_kind=5 dest_type_base=1 op1_kind=4 op1_type_base=0
[1;36mdebug: [0mfunc=main op=31 dest_kind=5 dest_type_base=0 op1_kind=4 op1_type_base=0
[1;36mdebug: [0mfunc=main op=29 dest_kind=0 dest_type_base=0 op1_kind=6 op1_type_base=0
[1;36mdebug: [0mtypeof string='int[]'
[1;36mdebug: [0mfunc=main op=35 dest_kind=5 dest_type_base=1 op1_kind=7 op1_type_base=1
[1;36mdebug: [0mtypeof string='unsigned int'
[1;36mdebug: [0mfunc=main op=35 dest_kind=5 dest_type_base=1 op1_kind=7 op1_type_base=1
[1;36mdebug: [0mfunc=main op=27 dest_kind=5 dest_type_base=10 op1_kind=5 op1_type_base=1
[1;36mdebug: [0mfunc=main op=30 dest_kind=0 dest_type_base=0 op1_kind=5 op1_type_base=10
[1;36mdebug: [0mfunc=main op=0 dest_kind=5 dest_type_base=1 op1_kind=0 op1_type_base=0
[1;36mdebug: [0mfunc=main op=31 dest_kind=5 dest_type_base=1 op1_kind=4 op1_type_base=0
[1;36mdebug: [0mfunc=main op=31 dest_kind=5 dest_type_base=0 op1_kind=4 op1_type_base=0
[1;36mdebug: [0mfunc=main op=29 dest_kind=0 dest_type_base=0 op1_kind=6 op1_type_base=0
[1;36mdebug: [0mtypeof string='int[]'
[1;36mdebug: [0mfunc=main op=35 dest_kind=5 dest_type_base=1 op1_kind=7 op1_type_base=1
[1;36mdebug: [0mtypeof string='long'
[1;36mdebug: [0mfunc=main op=35 dest_kind=5 dest_type_base=1 op1_kind=7 op1_type_base=1
[1;36mdebug: [0mfunc=main op=27 dest_kind=5 dest_type_base=10 op1_kind=5 op1_type_base=1
[1;36mdebug: [0mfunc=main op=30 dest_kind=0 dest_type_base=0 op1_kind=5 op1_type_base=10
[1;36mdebug: [0mfunc=main op=0 dest_kind=5 dest_type_base=1 op1_kind=0 op1_type_base=0
[1;36mdebug: [0mfunc=main op=31 dest_kind=5 dest_type_base=1 op1_kind=4 op1_type_base=0
[1;36mdebug: [0mfunc=main op=31 dest_kind=5 dest_type_base=0 op1_kind=4 op1_type_base=0
[1;36mdebug: [0mfunc=main op=29 dest_kind=0 dest_type_base=0 op1_kind=6 op1_type_base=0
[1;36mdebug: [0mtypeof string='int[]'
[1;36mdebug: [0mfunc=main op=35 dest_kind=5 dest_type_base=1 op1_kind=7 op1_type_base=1
[1;36mdebug: [0mtypeof string='unsigned long'
[1;36mdebug: [0mfunc=main op=35 dest_kind=5 dest_type_base=1 op1_kind=7 op1_type_base=1
[1;36mdebug: [0mfunc=main op=27 dest_kind=5 dest_type_base=10 op1_kind=5 op1_type_base=1
[1;36mdebug: [0mfunc=main op=30 dest_kind=0 dest_type_base=0 op1_kind=5 op1_type_base=10
[1;36mdebug: [0mfunc=main op=0 dest_kind=5 dest_type_base=1 op1_kind=0 op1_type_base=0
[1;36mdebug: [0mfunc=main op=31 dest_kind=5 dest_type_base=1 op1_kind=4 op1_type_base=0
[1;36mdebug: [0mfunc=main op=31 dest_kind=5 dest_type_base=0 op1_kind=4 op1_type_base=0
[1;36mdebug: [0mfunc=main op=29 dest_kind=0 dest_type_base=0 op1_kind=6 op1_type_base=0
[1;36mdebug: [0mtypeof string='int[]'
[1;36mdebug: [0mfunc=main op=35 dest_kind=5 dest_type_base=1 op1_kind=7 op1_type_base=1
[1;36mdebug: [0mtypeof string='single'
[1;36mdebug: [0mfunc=main op=35 dest_kind=5 dest_type_base=1 op1_kind=7 op1_type_base=1
[1;36mdebug: [0mfunc=main op=27 dest_kind=5 dest_type_base=10 op1_kind=5 op1_type_base=1
[1;36mdebug: [0mfunc=main op=30 dest_kind=0 dest_type_base=0 op1_kind=5 op1_type_base=10
[1;36mdebug: [0mfunc=main op=0 dest_kind=5 dest_type_base=1 op1_kind=0 op1_type_base=0
[1;36mdebug: [0mfunc=main op=31 dest_kind=5 dest_type_base=1 op1_kind=4 op1_type_base=0
[1;36mdebug: [0mfunc=main op=31 dest_kind=5 dest_type_base=0 op1_kind=4 op1_type_base=0
[1;36mdebug: [0mfunc=main op=29 dest_kind=0 dest_type_base=0 op1_kind=6 op1_type_base=0
[1;36mdebug: [0mtypeof string='int[]'
[1;36mdebug: [0mfunc=main op=35 dest_kind=5 dest_type_base=1 op1_kind=7 op1_type_base=1
[1;36mdebug: [0mtypeof string='double'
[1;36mdebug: [0mfunc=main op=35 dest_kind=5 dest_type_base=1 op1_kind=7 op1_type_base=1
[1;36mdebug: [0mfunc=main op=27 dest_kind=5 dest_type_base=10 op1_kind=5 op1_type_base=1
[1;36mdebug: [0mfunc=main op=30 dest_kind=0 dest_type_base=0 op1_kind=5 op1_type_base=10
[1;36mdebug: [0mfunc=main op=0 dest_kind=5 dest_type_base=1 op1_kind=0 op1_type_base=0
[1;36mdebug: [0mfunc=main op=31 dest_kind=5 dest_type_base=1 op1_kind=4 op1_type_base=0
[1;36mdebug: [0mfunc=main op=31 dest_kind=5 dest_type_base=0 op1_kind=4 op1_type_base=0
[1;36mdebug: [0mfunc=main op=29 dest_kind=0 dest_type_base=0 op1_kind=6 op1_type_base=0
[1;36mdebug: [0mtypeof string='int[]'
[1;36mdebug: [0mfunc=main op=35 dest_kind=5 dest_type_base=1 op1_kind=7 op1_type_base=1
[1;36mdebug: [0mtypeof string='char'
[1;36mdebug: [0mfunc=main op=35 dest_kind=5 dest_type_base=1 op1_kind=7 op1_type_base=1
[1;36mdebug: [0mfunc=main op=27 dest_kind=5 dest_type_base=10 op1_kind=5 op1_type_base=1
[1;36mdebug: [0mfunc=main op=30 dest_kind=0 dest_type_base=0 op1_kind=5 op1_type_base=10
[1;36mdebug: [0mfunc=main op=36 dest_kind=5 dest_type_base=7 op1_kind=8 op1_type_base=1
[1;36mdebug: [0mfunc=main op=27 dest_kind=5 dest_type_base=10 op1_kind=5 op1_type_base=7
[1;36mdebug: [0mfunc=main op=30 dest_kind=0 dest_type_base=0 op1_kind=5 op1_type_base=10
[1;36mdebug: [0mfunc=main op=0 dest_kind=5 dest_type_base=1 op1_kind=0 op1_type_base=0
[1;36mdebug: [0mfunc=main op=31 dest_kind=5 dest_type_base=1 op1_kind=4 op1_type_base=0
[1;36mdebug: [0mfunc=main op=31 dest_kind=5 dest_type_base=0 op1_kind=4 op1_type_base=0
[1;36mdebug: [0mfunc=main op=29 dest_kind=0 dest_type_base=0 op1_kind=6 op1_type_base=0
[1;36mdebug: [0mfunc=main op=0 dest_kind=5 dest_type_base=1 op1_kind=0 op1_type_base=0
[1;36mdebug: [0mfunc=main op=31 dest_kind=5 dest_type_base=1 op1_kind=4 op1_type_base=0
[1;36mdebug: [0mfunc=main op=31 dest_kind=5 dest_type_base=0 op1_kind=4 op1_type_base=0
[1;36mdebug: [0mfunc=main op=29 dest_kind=0 dest_type_base=0 op1_kind=6 op1_type_base=0
[1;36mdebug: [0mfunc=main op=29 dest_kind=0 dest_type_base=0 op1_kind=6 op1_type_base=0
[1;36mdebug: [0mtypeof string='int[]'
[1;36mdebug: [0mfunc=main op=35 dest_kind=5 dest_type_base=1 op1_kind=7 op1_type_base=1
[1;36mdebug: [0mtypeof string='int[]'
[1;36mdebug: [0mfunc=main op=35 dest_kind=5 dest_type_base=1 op1_kind=7 op1_type_base=1
[1;36mdebug: [0mfunc=main op=27 dest_kind=5 dest_type_base=10 op1_kind=5 op1_type_base=1
[1;36mdebug: [0mfunc=main op=30 dest_kind=0 dest_type_base=0 op1_kind=5 op1_type_base=10
[1;36mdebug: [0mGLOBAL VAR ADDR: print_int_array
[1;36mdebug: [0mfunc=main op=31 dest_kind=5 dest_type_base=1 op1_kind=4 op1_type_base=0
[1;36mdebug: [0mfunc=main op=36 dest_kind=5 dest_type_base=7 op1_kind=8 op1_type_base=1
[1;36mdebug: [0mfunc=main op=20 dest_kind=5 dest_type_base=1 op1_kind=5 op1_type_base=7
[1;36mdebug: [0mfunc=main op=31 dest_kind=5 dest_type_base=0 op1_kind=9 op1_type_base=0
[1;36mdebug: [0mfunc=main op=29 dest_kind=0 dest_type_base=0 op1_kind=6 op1_type_base=0
[1;36mdebug: [0mtypeof string='int[]'
[1;36mdebug: [0mfunc=main op=35 dest_kind=5 dest_type_base=1 op1_kind=7 op1_type_base=1
[1;36mdebug: [0mtypeof string='unsigned int[]'
[1;36mdebug: [0mfunc=main op=35 dest_kind=5 dest_type_base=1 op1_kind=7 op1_type_base=1
[1;36mdebug: [0mfunc=main op=27 dest_kind=5 dest_type_base=10 op1_kind=5 op1_type_base=1
[1;36mdebug: [0mfunc=main op=30 dest_kind=0 dest_type_base=0 op1_kind=5 op1_type_base=10
[1;36mdebug: [0mGLOBAL VAR ADDR: print_uint_array
[1;36mdebug: [0mfunc=main op=31 dest_kind=5 dest_type_base=1 op1_kind=4 op1_type_base=0
[1;36mdebug: [0mfunc=main op=36 dest_kind=5 dest_type_base=7 op1_kind=8 op1_type_base=1
[1;36mdebug: [0mfunc=main op=20 dest_kind=5 dest_type_base=1 op1_kind=5 op1_type_base=7
[1;36mdebug: [0mfunc=main op=31 dest_kind=5 dest_type_base=0 op1_kind=9 op1_type_base=0
[1;36mdebug: [0mfunc=main op=29 dest_kind=0 dest_type_base=0 op1_kind=6 op1_type_base=0
[1;36mdebug: [0mtypeof string='int[]'
[1;36mdebug: [0mfunc=main op=35 dest_kind=5 dest_type_base=1 op1_kind=7 op1_type_base=1
[1;36mdebug: [0mtypeof string='long[]'
[1;36mdebug: [0mfunc=main op=35 dest_kind=5 dest_type_base=1 op1_kind=7 op1_type_base=1
[1;36mdebug: [0mfunc=main op=27 dest_kind=5 dest_type_base=10 op1_kind=5 op1_type_base=1
[1;36mdebug: [0mfunc=main op=30 dest_kind=0 dest_type_base=0 op1_kind=5 op1_type_base=10
[1;36mdebug: [0mGLOBAL VAR ADDR: print_long_array
[1;36mdebug: [0mfunc=main op=31 dest_kind=5 dest_type_base=1 op1_kind=4 op1_type_base=0
[1;36mdebug: [0mfunc=main op=36 dest_kind=5 dest_type_base=7 op1_kind=8 op1_type_base=1
[1;36mdebug: [0mfunc=main op=20 dest_kind=5 dest_type_base=1 op1_kind=5 op1_type_base=7
[1;36mdebug: [0mfunc=main op=31 dest_kind=5 dest_type_base=0 op1_kind=9 op1_type_base=0
[1;36mdebug: [0mfunc=main op=29 dest_kind=0 dest_type_base=0 op1_kind=6 op1_type_base=0
[1;36mdebug: [0mtypeof string='int[]'
[1;36mdebug: [0mfunc=main op=35 dest_kind=5 dest_type_base=1 op1_kind=7 op1_type_base=1
[1;36mdebug: [0mtypeof string='unsigned long[]'
[1;36mdebug: [0mfunc=main op=35 dest_kind=5 dest_type_base=1 op1_kind=7 op1_type_base=1
[1;36mdebug: [0mfunc=main op=27 dest_kind=5 dest_type_base=10 op1_kind=5 op1_type_base=1
[1;36mdebug: [0mfunc=main op=30 dest_kind=0 dest_type_base=0 op1_kind=5 op1_type_base=10
[1;36mdebug: [0mGLOBAL VAR ADDR: print_ulong_array
[1;36mdebug: [0mfunc=main op=31 dest_kind=5 dest_type_base=1 op1_kind=4 op1_type_base=0
[1;36mdebug: [0mfunc=main op=36 dest_kind=5 dest_type_base=7 op1_kind=8 op1_type_base=1
[1;36mdebug: [0mfunc=main op=20 dest_kind=5 dest_type_base=1 op1_kind=5 op1_type_base=7
[1;36mdebug: [0mfunc=main op=31 dest_kind=5 dest_type_base=0 op1_kind=9 op1_type_base=0
[1;36mdebug: [0mfunc=main op=29 dest_kind=0 dest_type_base=0 op1_kind=6 op1_type_base=0
[1;36mdebug: [0mtypeof string='int[]'
[1;36mdebug: [0mfunc=main op=35 dest_kind=5 dest_type_base=1 op1_kind=7 op1_type_base=1
[1;36mdebug: [0mtypeof string='single[]'
[1;36mdebug: [0mfunc=main op=35 dest_kind=5 dest_type_base=1 op1_kind=7 op1_type_base=1
[1;36mdebug: [0mfunc=main op=27 dest_kind=5 dest_type_base=10 op1_kind=5 op1_type_base=1
[1;36mdebug: [0mfunc=main op=30 dest_kind=0 dest_type_base=0 op1_kind=5 op1_type_base=10
[1;36mdebug: [0mGLOBAL VAR ADDR: print_single_array
[1;36mdebug: [0mfunc=main op=31 dest_kind=5 dest_type_base=1 op1_kind=4 op1_type_base=0
[1;36mdebug: [0mfunc=main op=36 dest_kind=5 dest_type_base=7 op1_kind=8 op1_type_base=1
[1;36mdebug: [0mfunc=main op=20 dest_kind=5 dest_type_base=1 op1_kind=5 op1_type_base=7
[1;36mdebug: [0mfunc=main op=31 dest_kind=5 dest_type_base=0 op1_kind=9 op1_type_base=0
[1;36mdebug: [0mfunc=main op=29 dest_kind=0 dest_type_base=0 op1_kind=6 op1_type_base=0
[1;36mdebug: [0mtypeof string='int[]'
[1;36mdebug: [0mfunc=main op=35 dest_kind=5 dest_type_base=1 op1_kind=7 op1_type_base=1
[1;36mdebug: [0mtypeof string='double[]'
[1;36mdebug: [0mfunc=main op=35 dest_kind=5 dest_type_base=1 op1_kind=7 op1_type_base=1
[1;36mdebug: [0mfunc=main op=27 dest_kind=5 dest_type_base=10 op1_kind=5 op1_type_base=1
[1;36mdebug: [0mfunc=main op=30 dest_kind=0 dest_type_base=0 op1_kind=5 op1_type_base=10
[1;36mdebug: [0mGLOBAL VAR ADDR: print_double_array
[1;36mdebug: [0mfunc=main op=31 dest_kind=5 dest_type_base=1 op1_kind=4 op1_type_base=0
[1;36mdebug: [0mfunc=main op=36 dest_kind=5 dest_type_base=7 op1_kind=8 op1_type_base=1
[1;36mdebug: [0mfunc=main op=20 dest_kind=5 dest_type_base=1 op1_kind=5 op1_type_base=7
[1;36mdebug: [0mfunc=main op=31 dest_kind=5 dest_type_base=0 op1_kind=9 op1_type_base=0
[1;36mdebug: [0mfunc=main op=29 dest_kind=0 dest_type_base=0 op1_kind=6 op1_type_base=0
[1;36mdebug: [0mtypeof string='int[]'
[1;36mdebug: [0mfunc=main op=35 dest_kind=5 dest_type_base=1 op1_kind=7 op1_type_base=1
[1;36mdebug: [0mtypeof string='char*'
[1;36mdebug: [0mfunc=main op=35 dest_kind=5 dest_type_base=1 op1_kind=7 op1_type_base=1
[1;36mdebug: [0mfunc=main op=27 dest_kind=5 dest_type_base=10 op1_kind=5 op1_type_base=1
[1;36mdebug: [0mfunc=main op=30 dest_kind=0 dest_type_base=0 op1_kind=5 op1_type_base=10
[1;36mdebug: [0mfunc=main op=0 dest_kind=5 dest_type_base=1 op1_kind=0 op1_type_base=0
[1;36mdebug: [0mfunc=main op=31 dest_kind=5 dest_type_base=1 op1_kind=4 op1_type_base=0
[1;36mdebug: [0mfunc=main op=31 dest_kind=5 dest_type_base=0 op1_kind=4 op1_type_base=0
[1;36mdebug: [0mfunc=main op=29 dest_kind=0 dest_type_base=0 op1_kind=6 op1_type_base=0
[1;36mdebug: [0mfunc=main op=29 dest_kind=0 dest_type_base=0 op1_kind=6 op1_type_base=0
[1;36mdebug: [0mfunc=main op=29 dest_kind=0 dest_type_base=0 op1_kind=6 op1_type_base=0
[1;36mdebug: [0mfunc=main op=29 dest_kind=0 dest_type_base=0 op1_kind=6 op1_type_base=0
[1;36mdebug: [0mfunc=main op=29 dest_kind=0 dest_type_base=0 op1_kind=6 op1_type_base=0
[1;36mdebug: [0mfunc=main op=29 dest_kind=0 dest_type_base=0 op1_kind=6 op1_type_base=0
[1;36mdebug: [0mfunc=main op=29 dest_kind=0 dest_type_base=0 op1_kind=6 op1_type_base=0
[1;36mdebug: [0mfunc=main op=29 dest_kind=0 dest_type_base=0 op1_kind=6 op1_type_base=0
[1;36mdebug: [0mfunc=main op=29 dest_kind=0 dest_type_base=0 op1_kind=6 op1_type_base=0
[1;36mdebug: [0mfunc=main op=29 dest_kind=0 dest_type_base=0 op1_kind=6 op1_type_base=0
[1;36mdebug: [0mfunc=main op=29 dest_kind=0 dest_type_base=0 op1_kind=6 op1_type_base=0
[1;36mdebug: [0mfunc=main op=29 dest_kind=0 dest_type_base=0 op1_kind=6 op1_type_base=0
[1;36mdebug: [0mfunc=main op=29 dest_kind=0 dest_type_base=0 op1_kind=6 op1_type_base=0
[1;36mdebug: [0mfunc=main op=29 dest_kind=0 dest_type_base=0 op1_kind=6 op1_type_base=0
[1;36mdebug: [0mfunc=main op=32 dest_kind=0 dest_type_base=0 op1_kind=7 op1_type_base=1
[1;36mdebug: [0malir_gen_function_def fn->name=set class_name=Vector_single fn->mangled_name=main_Vector_single_set_f32_f32 -> func_name=main_Vector_single_set_f32_f32
[1;36mdebug: [0malir_gen_function_def fn->name=get class_name=Vector_single fn->mangled_name=main_Vector_single_get -> func_name=main_Vector_single_get
[1;36mdebug: [0malir_gen_function_def fn->name=set class_name=Vector_int fn->mangled_name=main_Vector_int_set_i32_i32 -> func_name=main_Vector_int_set_i32_i32
[1;36mdebug: [0malir_gen_function_def fn->name=get class_name=Vector_int fn->mangled_name=main_Vector_int_get -> func_name=main_Vector_int_get
[1;36mstep: [0mFinished alir. Start alir check and analysis.
[1;36mstep: [0mFinished alir check and analysis. Start alir optimization.
[1;36mstep: [0mFinished alir optimization. Start code generation using LLVM codegen
